# recompute_seeds3_numeric.py -- record audit 2026-09-30 (Fable 5.1, numeric); raw/ckpt/logs/manifest/git only; git HEAD 6b1de688 | run 2026-09-30 23:42:14 KST
  commits: 73a93547 2026-09-30 07:00:08 KST | dbe0bdb3 2026-09-30 09:39:20 KST | 6b1de688 2026-09-30 15:09:57 KST
  conf/code worktree: (clean)

## 0. §5 checkpoints (sha256[:16] of _best.pt, stored epoch/best_epoch/best_val; last .pt epoch/best_epoch/stopped_by) + §0 a1 best val
  d2sx_S2c_N160000_a2_best.pt: sha 4e9a6ca2c3197004 epoch=386 best_epoch=386 best_val=0.3548574447631836 attempt=2 rung=D2SXS2c160000 | last d2sx_S2c_N160000_a2.pt: epoch=406 best_epoch=386 stopped_by=patience
    vs §5: sha OK epoch OK best_epoch OK last.epoch OK last.best_epoch==best.epoch OK best_val OK stopped_by=patience OK
    log: # done        : 406 epochs, stopped_by=patience, aborted=False, best val 3.548574e-01 @ epoch 386, wall 3899.8 s, 10.427 s/epoch
  d2sx_S2c_N160000_a3_best.pt: sha 3e4e36945a9314c3 epoch=449 best_epoch=449 best_val=0.3555413484573364 attempt=3 rung=D2SXS2c160000 | last d2sx_S2c_N160000_a3.pt: epoch=469 best_epoch=449 stopped_by=patience
    vs §5: sha OK epoch OK best_epoch OK last.epoch OK last.best_epoch==best.epoch OK best_val OK stopped_by=patience OK
    log: # done        : 469 epochs, stopped_by=patience, aborted=False, best val 3.555413e-01 @ epoch 449, wall 5272.6 s, 11.462 s/epoch
  a1 S2c: best_val=0.3534156 @494 vs §0 (0.3534156, 494) -> OK
  d2sx_SV8e_N160000_a2_best.pt: sha b05d92632e611494 epoch=236 best_epoch=236 best_val=0.7134526968002319 attempt=2 rung=D2SXSV8e160000 | last d2sx_SV8e_N160000_a2.pt: epoch=256 best_epoch=236 stopped_by=patience
    vs §5: sha OK epoch OK best_epoch OK last.epoch OK last.best_epoch==best.epoch OK best_val OK stopped_by=patience OK
    log: # done        : 256 epochs, stopped_by=patience, aborted=False, best val 7.134527e-01 @ epoch 236, wall 2672.4 s, 10.647 s/epoch
  d2sx_SV8e_N160000_a3_best.pt: sha 5e1ff49f455f110a epoch=299 best_epoch=299 best_val=0.7135599255561829 attempt=3 rung=D2SXSV8e160000 | last d2sx_SV8e_N160000_a3.pt: epoch=319 best_epoch=299 stopped_by=patience
    vs §5: sha OK epoch OK best_epoch OK last.epoch OK last.best_epoch==best.epoch OK best_val OK stopped_by=patience OK
    log: # done        : 319 epochs, stopped_by=patience, aborted=False, best val 7.135599e-01 @ epoch 299, wall 3234.2 s, 10.400 s/epoch
  a1 SV8e: best_val=0.7134662 @240 vs §0 (0.7134662, 240) -> OK
  d2sx_MIX3_N160000_a2_best.pt: sha d7a6b1a199c51637 epoch=433 best_epoch=433 best_val=0.4829578399658203 attempt=2 rung=D2SXMIX3160000 | last d2sx_MIX3_N160000_a2.pt: epoch=453 best_epoch=433 stopped_by=patience
    vs §5: sha OK epoch OK best_epoch OK last.epoch OK last.best_epoch==best.epoch OK best_val OK stopped_by=patience OK
    log: # done        : 453 epochs, stopped_by=patience, aborted=False, best val 4.829578e-01 @ epoch 433, wall 4846.6 s, 10.699 s/epoch
  d2sx_MIX3_N160000_a3_best.pt: sha 128b8090036332bc epoch=351 best_epoch=351 best_val=0.48177969455718994 attempt=3 rung=D2SXMIX3160000 | last d2sx_MIX3_N160000_a3.pt: epoch=371 best_epoch=351 stopped_by=patience
    vs §5: sha OK epoch OK best_epoch OK last.epoch OK last.best_epoch==best.epoch OK best_val OK stopped_by=patience OK
    log: # done        : 371 epochs, stopped_by=patience, aborted=False, best val 4.817797e-01 @ epoch 351, wall 3957.1 s, 10.666 s/epoch
  a1 MIX3: best_val=0.4814744 @464 vs §0 (0.4814744, 464) -> OK

## 1. run log / chain log / stage-1 log / manifests / acceptance files
  [seeds3 09-30 04:11 CDT] start (git 6b1de688)
  [seeds3 09-30 04:53 CDT] D3B16e4s2 rc=0 ([seeds16e4 D3B16e4s2 09-30 04:49 CDT] acceptance rc=0 (ACCEPT: OK -- D3B16e4s2))
  [seeds3 09-30 05:35 CDT] D3B16e4s3 rc=0 ([seeds16e4 D3B16e4s3 09-30 05:31 CDT] acceptance rc=0 (ACCEPT: OK -- D3B16e4s3))
  [seeds3 09-30 06:04 CDT] SVB16e4s2 rc=0 ([seeds16e4 SVB16e4s2 09-30 06:00 CDT] acceptance rc=0 (ACCEPT: OK -- SVB16e4s2))
  [seeds3 09-30 06:34 CDT] SVB16e4s3 rc=0 ([seeds16e4 SVB16e4s3 09-30 06:30 CDT] acceptance rc=0 (ACCEPT: OK -- SVB16e4s3))
  [seeds3 09-30 07:18 CDT] MXB16e4s2 rc=0 ([seeds16e4 MXB16e4s2 09-30 07:15 CDT] acceptance rc=0 (ACCEPT: OK -- MXB16e4s2))
  [seeds3 09-30 08:03 CDT] MXB16e4s3 rc=0 ([seeds16e4 MXB16e4s3 09-30 07:59 CDT] acceptance rc=0 (ACCEPT: OK -- MXB16e4s3))
  [seeds3 09-30 08:03 CDT] SEEDS3_EVAL_DONE ok=6 fail=0
  cpu_chain.log: [chain 09-29 22:57 CDT] waiting for stage 1 || [chain 09-30 04:11 CDT] stage 1 done -> SEEDS3 BLER || [chain 09-30 08:03 CDT] SEEDS3 exit 0
  stage1.log: [stage1 09-30 04:09 CDT] STAGE1_C6_DONE
  D3B16e4s2: manifest git 6b1de688 written 2026-09-30 18:49:10 KST n_raw 448 ckpt sha256[:16]=4e9a6ca2c3197004 epoch=386 best_epoch=386 role=best 8x4 | accept: ACCEPT: OK -- D3B16e4s2 OK | refarms differing (union, 7 points): ['M-ours-dscore-C-V0', 'M-ours-dscore-C-V1', 'M-ours-dscore-C-V4', 'M-ours-dscore-C-V4b'] OK
  D3B16e4s3: manifest git 6b1de688 written 2026-09-30 19:31:05 KST n_raw 448 ckpt sha256[:16]=3e4e36945a9314c3 epoch=449 best_epoch=449 role=best 8x4 | accept: ACCEPT: OK -- D3B16e4s3 OK | refarms differing (union, 7 points): ['M-ours-dscore-C-V0', 'M-ours-dscore-C-V1', 'M-ours-dscore-C-V4', 'M-ours-dscore-C-V4b'] OK
  SVB16e4s2: manifest git 6b1de688 written 2026-09-30 20:00:24 KST n_raw 448 ckpt sha256[:16]=b05d92632e611494 epoch=236 best_epoch=236 role=best 8x4 | accept: ACCEPT: OK -- SVB16e4s2 OK | refarms differing (union, 7 points): ['M-ours-dscore-C-V0', 'M-ours-dscore-C-V1', 'M-ours-dscore-C-V4', 'M-ours-dscore-C-V4b'] OK
  SVB16e4s3: manifest git 6b1de688 written 2026-09-30 20:30:08 KST n_raw 448 ckpt sha256[:16]=5e1ff49f455f110a epoch=299 best_epoch=299 role=best 8x4 | accept: ACCEPT: OK -- SVB16e4s3 OK | refarms differing (union, 7 points): ['M-ours-dscore-C-V0', 'M-ours-dscore-C-V1', 'M-ours-dscore-C-V4', 'M-ours-dscore-C-V4b'] OK
  MXB16e4s2: manifest git 6b1de688 written 2026-09-30 21:14:49 KST n_raw 448 ckpt sha256[:16]=d7a6b1a199c51637 epoch=433 best_epoch=433 role=best 8x4 | accept: ACCEPT: OK -- MXB16e4s2 OK | refarms differing (union, 7 points): ['M-ours-dscore-C-V0', 'M-ours-dscore-C-V1', 'M-ours-dscore-C-V4', 'M-ours-dscore-C-V4b'] OK
  MXB16e4s3: manifest git 6b1de688 written 2026-09-30 21:59:22 KST n_raw 448 ckpt sha256[:16]=128b8090036332bc epoch=351 best_epoch=351 role=best 8x4 | accept: ACCEPT: OK -- MXB16e4s3 OK | refarms differing (union, 7 points): ['M-ours-dscore-C-V0', 'M-ours-dscore-C-V1', 'M-ours-dscore-C-V4', 'M-ours-dscore-C-V4b'] OK

## 2. per-dataset re-derivation (a1 cited from §0 + seeds a2, a3)

### D3 (prior S2c; a1 raw_D3B16e4; seeds ('D3B16e4s2', 'D3B16e4s3'))
  -- a1 raw_D3B16e4: meta 448 files: ntrain=160000.0 bstar=kron K=4096 ll_val=0.08879931165293979 ckpt='sha256[:16]=7ebf4e6647d4413f epoch=494 best_epoch=494 role=b' iters=16 em_sec=15862.749816656113
     points [-3.0, 0.0, 3.0, 6.0, 9.0, 12.0, 15.0] n per arm [2560] arms 15
     table B b*->V1: decision ['+0', '+3', '+6'] a:b 221:39 (p 4.9e-32) · 116:19 (p 3.6e-18) · 56:9 (p 2e-09) pooled 393:67 (p 3.6e-57) POWERED=True wy=3 wx=0 -> (i) second fewer
     vs §6.1: decision OK a:b OK pooled OK label OK (wy=3/3, POWERED=True)
     gap b*-V1: +1.41 [+1.19, +1.67] censored 0% | 4dp +1.4086 [+1.1890, +1.6727] censored 0% -> OK
     V1 -3 dB: 1000/2560 = 0.3906 -> 0.391 (95% Wilson 0.372, 0.410) -> fails OK
       a1 Wilson vs §0/§6.1/§3 (0.372, 0.41): OK; b* -3 dB 0.507 OK genie 0.189 OK
     R(-3 dB): b*/V1/genie 1298/1000/485 R=0.367 [90% 0.335, 0.399] undefined 0 -> OK | R(decision pts [0.0, 3.0, 6.0]): b*/V1/genie 923/597/231 R=0.471 [90% 0.433, 0.508] undefined 0
     -3 dB: b* 1298 (0.507) V1 1000 (0.391) V0 1496 (0.584) genie 485 (0.189)
     fails -3..+15 V1: 1000 404 129 64 27 22 5 | b*: 1298 586 226 111 53 36 12 | genie: 485 149 47 35 10 14 3
     V0 guard fire rate -3 dB: 0.233
  -- a2 raw_D3B16e4s2: meta 448 files: ntrain=160000.0 bstar=kron K=4096 ll_val=0.08879931165293979 ckpt='sha256[:16]=4e9a6ca2c3197004 epoch=386 best_epoch=386 role=b' iters=16 em_sec=15862.749816656113
     points [-3.0, 0.0, 3.0, 6.0, 9.0, 12.0, 15.0] n per arm [2560] arms 15
     arms differing from a1 (7 KEYS_RAW x 7 points): ['M-ours-dscore-C-V0', 'M-ours-dscore-C-V1', 'M-ours-dscore-C-V4', 'M-ours-dscore-C-V4b'] -> OK
     genie all keys == a1: True; b* all keys == a1: True -> OK
     table B b*->V1: decision ['+0', '+3', '+6'] a:b 223:31 (p 5.1e-37) · 117:23 (p 2.3e-16) · 57:12 (p 3.7e-08) pooled 397:66 (p 1.2e-58) POWERED=True wy=3 wx=0 -> (i) second fewer
     vs §6.1: decision OK a:b OK pooled OK label OK (wy=3/3, POWERED=True)
     gap b*-V1: +1.42 [+1.20, +1.69] censored 0% | 4dp +1.4247 [+1.1974, +1.6924] censored 0% -> OK
     V1 -3 dB: 1024/2560 = 0.4000 -> 0.400 (95% Wilson 0.381, 0.419) -> fails OK
     R(-3 dB): b*/V1/genie 1298/1024/485 R=0.337 [90% 0.306, 0.370] undefined 0 -> OK | R(decision pts [0.0, 3.0, 6.0]): b*/V1/genie 923/592/231 R=0.478 [90% 0.440, 0.515] undefined 0
     -3 dB: b* 1298 (0.507) V1 1024 (0.400) V0 1489 (0.582) genie 485 (0.189)
     fails -3..+15 V1: 1024 394 132 66 23 22 4 | b*: 1298 586 226 111 53 36 12 | genie: 485 149 47 35 10 14 3
     V0 guard fire rate -3 dB: 0.216
  -- a3 raw_D3B16e4s3: meta 448 files: ntrain=160000.0 bstar=kron K=4096 ll_val=0.08879931165293979 ckpt='sha256[:16]=3e4e36945a9314c3 epoch=449 best_epoch=449 role=b' iters=16 em_sec=15862.749816656113
     points [-3.0, 0.0, 3.0, 6.0, 9.0, 12.0, 15.0] n per arm [2560] arms 15
     arms differing from a1 (7 KEYS_RAW x 7 points): ['M-ours-dscore-C-V0', 'M-ours-dscore-C-V1', 'M-ours-dscore-C-V4', 'M-ours-dscore-C-V4b'] -> OK
     genie all keys == a1: True; b* all keys == a1: True -> OK
     table B b*->V1: decision ['+0', '+3', '+6'] a:b 224:34 (p 1.7e-35) · 118:18 (p 3.3e-19) · 59:10 (p 1.4e-09) pooled 401:62 (p 8.1e-62) POWERED=True wy=3 wx=0 -> (i) second fewer
     vs §6.1: decision OK a:b OK pooled OK label OK (wy=3/3, POWERED=True)
     gap b*-V1: +1.46 [+1.24, +1.74] censored 0% | 4dp +1.4647 [+1.2387, +1.7363] censored 0% -> OK
     V1 -3 dB: 1019/2560 = 0.3980 -> 0.398 (95% Wilson 0.379, 0.417) -> fails OK
     R(-3 dB): b*/V1/genie 1298/1019/485 R=0.343 [90% 0.312, 0.375] undefined 0 -> OK | R(decision pts [0.0, 3.0, 6.0]): b*/V1/genie 923/584/231 R=0.490 [90% 0.453, 0.526] undefined 0
     -3 dB: b* 1298 (0.507) V1 1019 (0.398) V0 1601 (0.625) genie 485 (0.189)
     fails -3..+15 V1: 1019 396 126 62 22 18 2 | b*: 1298 586 226 111 53 36 12 | genie: 485 149 47 35 10 14 3
     V0 guard fire rate -3 dB: 0.304
  b*/genie -3 dB fails across seeds: {'a1': 1298, 'a2': 1298, 'a3': 1298} / {'a1': 485, 'a2': 485, 'a3': 485} -> equal True OK; vs §6.1 (1298, 485): OK
  seed labels a1/a2/a3 = ['(i)', '(i)', '(i)'] -> aggregate "시드 강건 (3/3 (i))" -> OK
  spread V1 -3 dB (3 seeds): 0.391-0.400 -> OK

### SV8e (prior SV8e; a1 raw_SVB16e4; seeds ('SVB16e4s2', 'SVB16e4s3'))
  -- a1 raw_SVB16e4: meta 448 files: ntrain=160000.0 bstar=gmm256 K=2048 ll_val=-47.80545576704972 ckpt='sha256[:16]=d2d78962c2846364 epoch=240 best_epoch=240 role=b' iters=16 em_sec=10589.87728881836
     points [-3.0, 0.0, 3.0, 6.0, 9.0, 12.0, 15.0] n per arm [2560] arms 15
     table B b*->V1: decision ['-3', '+0'] a:b 124:62 (p 6.4e-06) · 24:10 (p 0.024) pooled 148:72 (p 3.3e-07) POWERED=False wy=2 wx=0 -> (iv) UNDECIDED
     vs §6.1: decision OK a:b OK pooled OK label OK (wy=2/2, POWERED=False)
     gap b*-V1: +0.25 [+0.16, +0.33] censored 0% | 4dp +0.2477 [+0.1605, +0.3327] censored 0% -> OK
     V1 -3 dB: 402/2560 = 0.1570 -> 0.157 (95% Wilson 0.143, 0.172) -> fails OK
       a1 Wilson vs §0/§6.1/§3 (0.143, 0.172): OK; b* -3 dB 0.181 OK genie 0.012 OK
     R(-3 dB): b*/V1/genie 464/402/31 R=0.143 [90% 0.095, 0.188] undefined 0 -> OK | R(decision pts [-3.0, 0.0]): b*/V1/genie 524/448/34 R=0.155 [90% 0.109, 0.199] undefined 0
     -3 dB: b* 464 (0.181) V1 402 (0.157) V0 423 (0.165) genie 31 (0.012)
     fails -3..+15 V1: 402 46 5 0 0 0 0 | b*: 464 60 7 0 0 0 0 | genie: 31 3 0 1 0 0 0
     V0 guard fire rate -3 dB: 0.009
  -- a2 raw_SVB16e4s2: meta 448 files: ntrain=160000.0 bstar=gmm256 K=2048 ll_val=-47.80545576704972 ckpt='sha256[:16]=b05d92632e611494 epoch=236 best_epoch=236 role=b' iters=16 em_sec=10589.87728881836
     points [-3.0, 0.0, 3.0, 6.0, 9.0, 12.0, 15.0] n per arm [2560] arms 15
     arms differing from a1 (7 KEYS_RAW x 7 points): ['M-ours-dscore-C-V0', 'M-ours-dscore-C-V1', 'M-ours-dscore-C-V4', 'M-ours-dscore-C-V4b'] -> OK
     genie all keys == a1: True; b* all keys == a1: True -> OK
     table B b*->V1: decision ['-3', '+0'] a:b 120:65 (p 6.4e-05) · 27:12 (p 0.024) pooled 147:77 (p 3.4e-06) POWERED=False wy=2 wx=0 -> (iv) UNDECIDED
     vs §6.1: decision OK a:b OK pooled OK label OK (wy=2/2, POWERED=False)
     gap b*-V1: +0.24 [+0.15, +0.32] censored 0% | 4dp +0.2353 [+0.1486, +0.3203] censored 0% -> OK
     V1 -3 dB: 409/2560 = 0.1598 -> 0.160 (95% Wilson 0.146, 0.174) -> fails OK
     R(-3 dB): b*/V1/genie 464/409/31 R=0.127 [90% 0.079, 0.175] undefined 0 -> OK | R(decision pts [-3.0, 0.0]): b*/V1/genie 524/454/34 R=0.143 [90% 0.096, 0.189] undefined 0
     -3 dB: b* 464 (0.181) V1 409 (0.160) V0 412 (0.161) genie 31 (0.012)
     fails -3..+15 V1: 409 45 4 0 0 0 0 | b*: 464 60 7 0 0 0 0 | genie: 31 3 0 1 0 0 0
     V0 guard fire rate -3 dB: 0.003
  -- a3 raw_SVB16e4s3: meta 448 files: ntrain=160000.0 bstar=gmm256 K=2048 ll_val=-47.80545576704972 ckpt='sha256[:16]=5e1ff49f455f110a epoch=299 best_epoch=299 role=b' iters=16 em_sec=10589.87728881836
     points [-3.0, 0.0, 3.0, 6.0, 9.0, 12.0, 15.0] n per arm [2560] arms 15
     arms differing from a1 (7 KEYS_RAW x 7 points): ['M-ours-dscore-C-V0', 'M-ours-dscore-C-V1', 'M-ours-dscore-C-V4', 'M-ours-dscore-C-V4b'] -> OK
     genie all keys == a1: True; b* all keys == a1: True -> OK
     table B b*->V1: decision ['-3', '+0'] a:b 126:62 (p 3.5e-06) · 28:6 (p 0.0002) pooled 154:68 (p 7.6e-09) POWERED=False wy=2 wx=0 -> (iv) UNDECIDED
     vs §6.1: decision OK a:b OK pooled OK label OK (wy=2/2, POWERED=False)
     gap b*-V1: +0.30 [+0.22, +0.39] censored 0% | 4dp +0.3034 [+0.2195, +0.3889] censored 0% -> OK
     V1 -3 dB: 400/2560 = 0.1562 -> 0.156 (95% Wilson 0.143, 0.171) -> fails OK
     R(-3 dB): b*/V1/genie 464/400/31 R=0.148 [90% 0.098, 0.192] undefined 0 -> OK | R(decision pts [-3.0, 0.0]): b*/V1/genie 524/438/34 R=0.176 [90% 0.129, 0.218] undefined 0
     -3 dB: b* 464 (0.181) V1 400 (0.156) V0 431 (0.168) genie 31 (0.012)
     fails -3..+15 V1: 400 38 4 0 0 0 0 | b*: 464 60 7 0 0 0 0 | genie: 31 3 0 1 0 0 0
     V0 guard fire rate -3 dB: 0.008
  b*/genie -3 dB fails across seeds: {'a1': 464, 'a2': 464, 'a3': 464} / {'a1': 31, 'a2': 31, 'a3': 31} -> equal True OK; vs §6.1 (464, 31): OK
  seed labels a1/a2/a3 = ['(iv)', '(iv)', '(iv)'] -> aggregate "판정하지 못함 (0/3 (i), 3 판정 못함)" -> OK
  spread V1 -3 dB (3 seeds): 0.156-0.160 -> OK

### MIX3 (prior MIX3; a1 raw_MXB16e4; seeds ('MXB16e4s2', 'MXB16e4s3'))
  -- a1 raw_MXB16e4: meta 448 files: ntrain=160000.0 bstar=kron K=4096 ll_val=33.7604873920761 ckpt='sha256[:16]=b591ae24ae3c5f31 epoch=464 best_epoch=464 role=b' iters=16 em_sec=6242.08159995079
     points [-3.0, 0.0, 3.0, 6.0, 9.0, 12.0, 15.0] n per arm [2560] arms 15
     table B b*->V1: decision ['+3', '+6', '+9'] a:b 85:39 (p 4.4e-05) · 71:21 (p 1.6e-07) · 42:11 (p 2.2e-05) pooled 198:71 (p 4.8e-15) POWERED=True wy=3 wx=0 -> (i) second fewer
     vs §6.1: decision OK a:b OK pooled OK label OK (wy=3/3, POWERED=True)
     gap b*-V1: +0.98 [+0.68, +1.31] censored 0% | 4dp +0.9761 [+0.6798, +1.3118] censored 0% -> OK
     V1 -3 dB: 1354/2560 = 0.5289 -> 0.529 (95% Wilson 0.510, 0.548) -> fails OK
       a1 Wilson vs §0/§6.1/§3 (0.51, 0.548): OK; b* -3 dB 0.555 OK genie 0.265 OK
     R(-3 dB): b*/V1/genie 1421/1354/679 R=0.090 [90% 0.062, 0.117] undefined 0 -> OK | R(decision pts [3.0, 6.0, 9.0]): b*/V1/genie 803/676/246 R=0.228 [90% 0.183, 0.271] undefined 0
     -3 dB: b* 1421 (0.555) V1 1354 (0.529) V0 2025 (0.791) genie 679 (0.265)
     fails -3..+15 V1: 1354 789 379 193 104 41 17 | b*: 1421 844 425 243 135 58 16 | genie: 679 358 143 68 35 13 2
     V0 guard fire rate -3 dB: 0.536
  -- a2 raw_MXB16e4s2: meta 448 files: ntrain=160000.0 bstar=kron K=4096 ll_val=33.7604873920761 ckpt='sha256[:16]=d7a6b1a199c51637 epoch=433 best_epoch=433 role=b' iters=16 em_sec=6242.08159995079
     points [-3.0, 0.0, 3.0, 6.0, 9.0, 12.0, 15.0] n per arm [2560] arms 15
     arms differing from a1 (7 KEYS_RAW x 7 points): ['M-ours-dscore-C-V0', 'M-ours-dscore-C-V1', 'M-ours-dscore-C-V4', 'M-ours-dscore-C-V4b'] -> OK
     genie all keys == a1: True; b* all keys == a1: True -> OK
     table B b*->V1: decision ['+3', '+6', '+9'] a:b 79:38 (p 0.00019) · 62:28 (p 0.00044) · 41:15 (p 0.00069) pooled 182:81 (p 4.3e-10) POWERED=True wy=3 wx=0 -> (i) second fewer
     vs §6.1: decision OK a:b OK pooled OK label OK (wy=3/3, POWERED=True)
     gap b*-V1: +0.72 [+0.44, +1.03] censored 0% | 4dp +0.7207 [+0.4365, +1.0273] censored 0% -> OK
     V1 -3 dB: 1363/2560 = 0.5324 -> 0.532 (95% Wilson 0.513, 0.552) -> fails OK
     R(-3 dB): b*/V1/genie 1421/1363/679 R=0.078 [90% 0.052, 0.106] undefined 0 -> OK | R(decision pts [3.0, 6.0, 9.0]): b*/V1/genie 803/702/246 R=0.181 [90% 0.136, 0.222] undefined 0
     -3 dB: b* 1421 (0.555) V1 1363 (0.532) V0 1986 (0.776) genie 679 (0.265)
     fails -3..+15 V1: 1363 777 384 209 109 40 12 | b*: 1421 844 425 243 135 58 16 | genie: 679 358 143 68 35 13 2
     V0 guard fire rate -3 dB: 0.516
  -- a3 raw_MXB16e4s3: meta 448 files: ntrain=160000.0 bstar=kron K=4096 ll_val=33.7604873920761 ckpt='sha256[:16]=128b8090036332bc epoch=351 best_epoch=351 role=b' iters=16 em_sec=6242.08159995079
     points [-3.0, 0.0, 3.0, 6.0, 9.0, 12.0, 15.0] n per arm [2560] arms 15
     arms differing from a1 (7 KEYS_RAW x 7 points): ['M-ours-dscore-C-V0', 'M-ours-dscore-C-V1', 'M-ours-dscore-C-V4', 'M-ours-dscore-C-V4b'] -> OK
     genie all keys == a1: True; b* all keys == a1: True -> OK
     table B b*->V1: decision ['+3', '+6', '+9'] a:b 79:40 (p 0.00045) · 66:24 (p 1.1e-05) · 41:12 (p 8.2e-05) pooled 186:76 (p 8.2e-12) POWERED=True wy=3 wx=0 -> (i) second fewer
     vs §6.1: decision OK a:b OK pooled OK label OK (wy=3/3, POWERED=True)
     gap b*-V1: +0.83 [+0.54, +1.15] censored 0% | 4dp +0.8323 [+0.5414, +1.1539] censored 0% -> OK
     V1 -3 dB: 1358/2560 = 0.5305 -> 0.530 (95% Wilson 0.511, 0.550) -> fails OK
     R(-3 dB): b*/V1/genie 1421/1358/679 R=0.085 [90% 0.058, 0.112] undefined 0 -> OK | R(decision pts [3.0, 6.0, 9.0]): b*/V1/genie 803/693/246 R=0.197 [90% 0.154, 0.240] undefined 0
     -3 dB: b* 1421 (0.555) V1 1358 (0.530) V0 2041 (0.797) genie 679 (0.265)
     fails -3..+15 V1: 1358 781 386 201 106 44 14 | b*: 1421 844 425 243 135 58 16 | genie: 679 358 143 68 35 13 2
     V0 guard fire rate -3 dB: 0.576
  b*/genie -3 dB fails across seeds: {'a1': 1421, 'a2': 1421, 'a3': 1421} / {'a1': 679, 'a2': 679, 'a3': 679} -> equal True OK; vs §6.1 (1421, 679): OK
  seed labels a1/a2/a3 = ['(i)', '(i)', '(i)'] -> aggregate "시드 강건 (3/3 (i))" -> OK
  spread V1 -3 dB (3 seeds): 0.529-0.532 -> OK

## 3. §3 prediction scoring (recomputed values; closed intervals; 3-digit BLER; CI overlap = non-empty intersection incl. endpoints)
  pred 1: ✓
  pred 2: ✓
  pred 3: ✓
  pred 4: ✓
  pred 5: ✓
  pred 6: ✓
  pred 7: ✓
  pred 8: ✓
  total hits 8/8 -> OK
    D3 a2: V1 -3 0.400 Wilson (0.381, 0.419), gap CI (doc (1.2, 1.69), recomputed (1.2, 1.69))
    D3 a3: V1 -3 0.398 Wilson (0.379, 0.417), gap CI (doc (1.24, 1.74), recomputed (1.24, 1.74))
    SV8e a2: V1 -3 0.160 Wilson (0.146, 0.174), gap CI (doc (0.15, 0.32), recomputed (0.15, 0.32))
    SV8e a3: V1 -3 0.156 Wilson (0.143, 0.171), gap CI (doc (0.22, 0.39), recomputed (0.22, 0.39))
    MIX3 a2: V1 -3 0.532 Wilson (0.513, 0.552), gap CI (doc (0.44, 1.03), recomputed (0.44, 1.03))
    MIX3 a3: V1 -3 0.530 Wilson (0.511, 0.55), gap CI (doc (0.54, 1.15), recomputed (0.54, 1.15))

## 4. summary
  mismatches: 0
