
# ===== 2026-09-21 03:59:53 KST  HPO attempt 5  testbed D1 prior S  Nr=8 Nt=4
# DEVICE      : cuda | cuda_available=True | NVIDIA RTX PRO 6000 Blackwell Server Edition | torch 2.14.0+cu130 | train dtype float32 (01_RULES §9.5)
# data        : n_train=9000 n_val=1000 split_hash=98d6225d67f9c15a E||H||_F^2/(NrNt)=1.000268 (04_SPEC §2)
# sigma grid  : MEASURED, 20 points, log-uniform draw over [3.2936e-02, 7.9084e-01]
# hp          : {'arch': 'adm', 'param': 'vp', 'domain': 'pixel', 'lr': 0.0008523313674600912, 'ema': 0.9999, 'batch': 256, 'emb': 128, 'width': 48, 'depth': 5, 'heads': 2, 'attn_at': 8}  params=2834738
# stopping    : patience 15 on val loss, never before 0 epochs, max 600 (01_RULES §5)
epoch    1 | train 8.394623e-01 | val 9.900072e-01 |   1.593 s | best 9.900072e-01 @1 *
epoch    2 | train 7.787289e-01 | val 9.888999e-01 |   1.488 s | best 9.888999e-01 @2 *
epoch    3 | train 7.646114e-01 | val 9.877142e-01 |   1.476 s | best 9.877142e-01 @3 *
epoch    4 | train 7.557734e-01 | val 9.864796e-01 |   1.479 s | best 9.864796e-01 @4 *
epoch    5 | train 7.547096e-01 | val 9.852203e-01 |   1.488 s | best 9.852203e-01 @5 *
epoch    6 | train 7.510948e-01 | val 9.839386e-01 |   1.481 s | best 9.839386e-01 @6 *
epoch    7 | train 7.466759e-01 | val 9.826306e-01 |   1.461 s | best 9.826306e-01 @7 *
epoch    8 | train 7.483261e-01 | val 9.813012e-01 |   1.466 s | best 9.813012e-01 @8 *
epoch    9 | train 7.401822e-01 | val 9.799558e-01 |   1.457 s | best 9.799558e-01 @9 *
epoch   10 | train 7.538576e-01 | val 9.785933e-01 |   1.461 s | best 9.785933e-01 @10 *
epoch   11 | train 7.459962e-01 | val 9.772139e-01 |   1.474 s | best 9.772139e-01 @11 *
epoch   12 | train 7.475803e-01 | val 9.758195e-01 |   1.474 s | best 9.758195e-01 @12 *
epoch   13 | train 7.475694e-01 | val 9.744118e-01 |   1.476 s | best 9.744118e-01 @13 *
epoch   14 | train 7.458315e-01 | val 9.729900e-01 |   1.468 s | best 9.729900e-01 @14 *
epoch   15 | train 7.560715e-01 | val 9.715545e-01 |   1.459 s | best 9.715545e-01 @15 *
epoch   16 | train 7.444956e-01 | val 9.701093e-01 |   1.474 s | best 9.701093e-01 @16 *
epoch   17 | train 7.456785e-01 | val 9.686535e-01 |   1.473 s | best 9.686535e-01 @17 *
epoch   18 | train 7.452931e-01 | val 9.671850e-01 |   1.463 s | best 9.671850e-01 @18 *
epoch   19 | train 7.525201e-01 | val 9.657012e-01 |   1.470 s | best 9.657012e-01 @19 *
epoch   20 | train 7.443594e-01 | val 9.642042e-01 |   1.465 s | best 9.642042e-01 @20 *
epoch   21 | train 7.433625e-01 | val 9.626979e-01 |   1.464 s | best 9.626979e-01 @21 *
epoch   22 | train 7.469023e-01 | val 9.611827e-01 |   1.463 s | best 9.611827e-01 @22 *
epoch   23 | train 7.432750e-01 | val 9.596571e-01 |   1.578 s | best 9.596571e-01 @23 *
epoch   24 | train 7.424943e-01 | val 9.581289e-01 |   1.587 s | best 9.581289e-01 @24 *
epoch   25 | train 7.436281e-01 | val 9.565994e-01 |   1.577 s | best 9.565994e-01 @25 *
epoch   26 | train 7.440148e-01 | val 9.550574e-01 |   1.576 s | best 9.550574e-01 @26 *
epoch   27 | train 7.460174e-01 | val 9.535106e-01 |   1.590 s | best 9.535106e-01 @27 *
epoch   28 | train 7.497453e-01 | val 9.519594e-01 |   1.561 s | best 9.519594e-01 @28 *
epoch   29 | train 7.448801e-01 | val 9.504027e-01 |   1.534 s | best 9.504027e-01 @29 *
epoch   30 | train 7.455012e-01 | val 9.488505e-01 |   1.517 s | best 9.488505e-01 @30 *
epoch   31 | train 7.399441e-01 | val 9.472982e-01 |   1.513 s | best 9.472982e-01 @31 *
epoch   32 | train 7.415042e-01 | val 9.457472e-01 |   1.503 s | best 9.457472e-01 @32 *
epoch   33 | train 7.455525e-01 | val 9.441935e-01 |   1.509 s | best 9.441935e-01 @33 *
epoch   34 | train 7.407035e-01 | val 9.426335e-01 |   1.510 s | best 9.426335e-01 @34 *
epoch   35 | train 7.445132e-01 | val 9.410810e-01 |   1.572 s | best 9.410810e-01 @35 *
epoch   36 | train 7.390216e-01 | val 9.395286e-01 |   1.598 s | best 9.395286e-01 @36 *
epoch   37 | train 7.413031e-01 | val 9.379796e-01 |   1.571 s | best 9.379796e-01 @37 *
epoch   38 | train 7.431831e-01 | val 9.364308e-01 |   1.587 s | best 9.364308e-01 @38 *
epoch   39 | train 7.423536e-01 | val 9.348867e-01 |   1.578 s | best 9.348867e-01 @39 *
epoch   40 | train 7.384991e-01 | val 9.333491e-01 |   1.553 s | best 9.333491e-01 @40 *
epoch   41 | train 7.430088e-01 | val 9.318243e-01 |   1.605 s | best 9.318243e-01 @41 *
epoch   42 | train 7.443747e-01 | val 9.303041e-01 |   1.554 s | best 9.303041e-01 @42 *
epoch   43 | train 7.424035e-01 | val 9.287774e-01 |   1.566 s | best 9.287774e-01 @43 *
epoch   44 | train 7.367676e-01 | val 9.272569e-01 |   1.597 s | best 9.272569e-01 @44 *
epoch   45 | train 7.465326e-01 | val 9.257436e-01 |   1.642 s | best 9.257436e-01 @45 *
epoch   46 | train 7.377093e-01 | val 9.242404e-01 |   1.566 s | best 9.242404e-01 @46 *
epoch   47 | train 7.440139e-01 | val 9.227430e-01 |   1.522 s | best 9.227430e-01 @47 *
epoch   48 | train 7.372560e-01 | val 9.212549e-01 |   1.521 s | best 9.212549e-01 @48 *
epoch   49 | train 7.423723e-01 | val 9.197708e-01 |   1.504 s | best 9.197708e-01 @49 *
epoch   50 | train 7.388094e-01 | val 9.182994e-01 |   1.511 s | best 9.182994e-01 @50 *
epoch   51 | train 7.419961e-01 | val 9.168380e-01 |   1.526 s | best 9.168380e-01 @51 *
epoch   52 | train 7.446399e-01 | val 9.153847e-01 |   1.525 s | best 9.153847e-01 @52 *
epoch   53 | train 7.432439e-01 | val 9.139328e-01 |   1.521 s | best 9.139328e-01 @53 *
epoch   54 | train 7.361582e-01 | val 9.124805e-01 |   1.515 s | best 9.124805e-01 @54 *
epoch   55 | train 7.410197e-01 | val 9.110302e-01 |   1.521 s | best 9.110302e-01 @55 *
epoch   56 | train 7.479863e-01 | val 9.095936e-01 |   1.508 s | best 9.095936e-01 @56 *
epoch   57 | train 7.385945e-01 | val 9.081724e-01 |   1.523 s | best 9.081724e-01 @57 *
epoch   58 | train 7.443329e-01 | val 9.067535e-01 |   1.518 s | best 9.067535e-01 @58 *
epoch   59 | train 7.396876e-01 | val 9.053441e-01 |   1.516 s | best 9.053441e-01 @59 *
epoch   60 | train 7.405349e-01 | val 9.039451e-01 |   1.511 s | best 9.039451e-01 @60 *
epoch   61 | train 7.383473e-01 | val 9.025567e-01 |   1.520 s | best 9.025567e-01 @61 *
epoch   62 | train 7.445612e-01 | val 9.011731e-01 |   1.509 s | best 9.011731e-01 @62 *
epoch   63 | train 7.441164e-01 | val 8.997998e-01 |   1.520 s | best 8.997998e-01 @63 *
epoch   64 | train 7.443240e-01 | val 8.984399e-01 |   1.519 s | best 8.984399e-01 @64 *
epoch   65 | train 7.354341e-01 | val 8.970871e-01 |   1.504 s | best 8.970871e-01 @65 *
epoch   66 | train 7.394983e-01 | val 8.957351e-01 |   1.508 s | best 8.957351e-01 @66 *
epoch   67 | train 7.435013e-01 | val 8.944046e-01 |   1.504 s | best 8.944046e-01 @67 *
epoch   68 | train 7.418702e-01 | val 8.930868e-01 |   1.510 s | best 8.930868e-01 @68 *
epoch   69 | train 7.392737e-01 | val 8.917801e-01 |   1.516 s | best 8.917801e-01 @69 *
epoch   70 | train 7.410375e-01 | val 8.904602e-01 |   1.496 s | best 8.904602e-01 @70 *
epoch   71 | train 7.404234e-01 | val 8.891556e-01 |   1.507 s | best 8.891556e-01 @71 *
epoch   72 | train 7.409097e-01 | val 8.878565e-01 |   1.519 s | best 8.878565e-01 @72 *
epoch   73 | train 7.416385e-01 | val 8.865632e-01 |   1.513 s | best 8.865632e-01 @73 *
epoch   74 | train 7.388041e-01 | val 8.852853e-01 |   1.524 s | best 8.852853e-01 @74 *
epoch   75 | train 7.410350e-01 | val 8.840142e-01 |   1.518 s | best 8.840142e-01 @75 *
epoch   76 | train 7.372771e-01 | val 8.827715e-01 |   1.511 s | best 8.827715e-01 @76 *
epoch   77 | train 7.425546e-01 | val 8.815317e-01 |   1.506 s | best 8.815317e-01 @77 *
epoch   78 | train 7.383795e-01 | val 8.803045e-01 |   1.506 s | best 8.803045e-01 @78 *
epoch   79 | train 7.337206e-01 | val 8.790659e-01 |   1.521 s | best 8.790659e-01 @79 *
epoch   80 | train 7.403733e-01 | val 8.778421e-01 |   1.526 s | best 8.778421e-01 @80 *
epoch   81 | train 7.348076e-01 | val 8.766314e-01 |   1.517 s | best 8.766314e-01 @81 *
epoch   82 | train 7.387477e-01 | val 8.754231e-01 |   1.530 s | best 8.754231e-01 @82 *
epoch   83 | train 7.373351e-01 | val 8.742227e-01 |   1.524 s | best 8.742227e-01 @83 *
epoch   84 | train 7.372974e-01 | val 8.730507e-01 |   1.531 s | best 8.730507e-01 @84 *
epoch   85 | train 7.363634e-01 | val 8.718920e-01 |   1.525 s | best 8.718920e-01 @85 *
epoch   86 | train 7.421283e-01 | val 8.707545e-01 |   1.525 s | best 8.707545e-01 @86 *
epoch   87 | train 7.413484e-01 | val 8.696157e-01 |   1.504 s | best 8.696157e-01 @87 *
epoch   88 | train 7.394557e-01 | val 8.684738e-01 |   1.509 s | best 8.684738e-01 @88 *
epoch   89 | train 7.359626e-01 | val 8.673432e-01 |   1.506 s | best 8.673432e-01 @89 *
epoch   90 | train 7.322155e-01 | val 8.662331e-01 |   1.502 s | best 8.662331e-01 @90 *
epoch   91 | train 7.434109e-01 | val 8.651226e-01 |   1.527 s | best 8.651226e-01 @91 *
epoch   92 | train 7.395745e-01 | val 8.640246e-01 |   1.522 s | best 8.640246e-01 @92 *
epoch   93 | train 7.324373e-01 | val 8.629301e-01 |   1.516 s | best 8.629301e-01 @93 *
epoch   94 | train 7.359874e-01 | val 8.618445e-01 |   1.503 s | best 8.618445e-01 @94 *
epoch   95 | train 7.366362e-01 | val 8.607646e-01 |   1.505 s | best 8.607646e-01 @95 *
epoch   96 | train 7.367224e-01 | val 8.596857e-01 |   1.507 s | best 8.596857e-01 @96 *
epoch   97 | train 7.365793e-01 | val 8.586069e-01 |   1.517 s | best 8.586069e-01 @97 *
epoch   98 | train 7.328347e-01 | val 8.575313e-01 |   1.517 s | best 8.575313e-01 @98 *
epoch   99 | train 7.335225e-01 | val 8.564537e-01 |   1.523 s | best 8.564537e-01 @99 *
epoch  100 | train 7.344213e-01 | val 8.553786e-01 |   1.517 s | best 8.553786e-01 @100 *
epoch  101 | train 7.334007e-01 | val 8.543297e-01 |   1.507 s | best 8.543297e-01 @101 *
epoch  102 | train 7.317039e-01 | val 8.532923e-01 |   1.503 s | best 8.532923e-01 @102 *
epoch  103 | train 7.310719e-01 | val 8.522567e-01 |   1.509 s | best 8.522567e-01 @103 *
epoch  104 | train 7.315905e-01 | val 8.512183e-01 |   1.517 s | best 8.512183e-01 @104 *
epoch  105 | train 7.342902e-01 | val 8.501840e-01 |   1.517 s | best 8.501840e-01 @105 *
epoch  106 | train 7.273536e-01 | val 8.491552e-01 |   1.523 s | best 8.491552e-01 @106 *
epoch  107 | train 7.328453e-01 | val 8.481402e-01 |   1.523 s | best 8.481402e-01 @107 *
epoch  108 | train 7.319471e-01 | val 8.471407e-01 |   1.509 s | best 8.471407e-01 @108 *
epoch  109 | train 7.333447e-01 | val 8.461429e-01 |   1.507 s | best 8.461429e-01 @109 *
epoch  110 | train 7.294841e-01 | val 8.451556e-01 |   1.508 s | best 8.451556e-01 @110 *
epoch  111 | train 7.363639e-01 | val 8.441641e-01 |   1.508 s | best 8.441641e-01 @111 *
epoch  112 | train 7.282679e-01 | val 8.431985e-01 |   1.518 s | best 8.431985e-01 @112 *
epoch  113 | train 7.351487e-01 | val 8.422269e-01 |   1.529 s | best 8.422269e-01 @113 *
epoch  114 | train 7.342268e-01 | val 8.412558e-01 |   1.518 s | best 8.412558e-01 @114 *
epoch  115 | train 7.341857e-01 | val 8.403019e-01 |   1.515 s | best 8.403019e-01 @115 *
epoch  116 | train 7.313683e-01 | val 8.393484e-01 |   1.518 s | best 8.393484e-01 @116 *
epoch  117 | train 7.323497e-01 | val 8.383966e-01 |   1.513 s | best 8.383966e-01 @117 *
epoch  118 | train 7.294599e-01 | val 8.374505e-01 |   1.512 s | best 8.374505e-01 @118 *
epoch  119 | train 7.311814e-01 | val 8.365083e-01 |   1.523 s | best 8.365083e-01 @119 *
epoch  120 | train 7.240445e-01 | val 8.355797e-01 |   1.602 s | best 8.355797e-01 @120 *
epoch  121 | train 7.327264e-01 | val 8.346497e-01 |   1.571 s | best 8.346497e-01 @121 *
epoch  122 | train 7.270646e-01 | val 8.337184e-01 |   1.514 s | best 8.337184e-01 @122 *
epoch  123 | train 7.263875e-01 | val 8.328056e-01 |   1.517 s | best 8.328056e-01 @123 *
epoch  124 | train 7.305788e-01 | val 8.318933e-01 |   1.521 s | best 8.318933e-01 @124 *
epoch  125 | train 7.321808e-01 | val 8.310031e-01 |   1.524 s | best 8.310031e-01 @125 *
epoch  126 | train 7.303039e-01 | val 8.301147e-01 |   1.524 s | best 8.301147e-01 @126 *
epoch  127 | train 7.277338e-01 | val 8.292332e-01 |   1.562 s | best 8.292332e-01 @127 *
epoch  128 | train 7.285939e-01 | val 8.283540e-01 |   1.579 s | best 8.283540e-01 @128 *
epoch  129 | train 7.268370e-01 | val 8.274876e-01 |   1.574 s | best 8.274876e-01 @129 *
epoch  130 | train 7.301809e-01 | val 8.266262e-01 |   1.594 s | best 8.266262e-01 @130 *
epoch  131 | train 7.287269e-01 | val 8.257709e-01 |   1.580 s | best 8.257709e-01 @131 *
epoch  132 | train 7.250557e-01 | val 8.249345e-01 |   1.582 s | best 8.249345e-01 @132 *
epoch  133 | train 7.271783e-01 | val 8.240991e-01 |   1.568 s | best 8.240991e-01 @133 *
epoch  134 | train 7.242850e-01 | val 8.232619e-01 |   1.558 s | best 8.232619e-01 @134 *
epoch  135 | train 7.259145e-01 | val 8.224286e-01 |   1.569 s | best 8.224286e-01 @135 *
epoch  136 | train 7.262726e-01 | val 8.215988e-01 |   1.592 s | best 8.215988e-01 @136 *
epoch  137 | train 7.216739e-01 | val 8.207777e-01 |   1.571 s | best 8.207777e-01 @137 *
epoch  138 | train 7.191667e-01 | val 8.199644e-01 |   1.558 s | best 8.199644e-01 @138 *
epoch  139 | train 7.253988e-01 | val 8.191513e-01 |   1.556 s | best 8.191513e-01 @139 *
epoch  140 | train 7.180855e-01 | val 8.183528e-01 |   1.553 s | best 8.183528e-01 @140 *
epoch  141 | train 7.242658e-01 | val 8.175554e-01 |   1.567 s | best 8.175554e-01 @141 *
epoch  142 | train 7.267135e-01 | val 8.167592e-01 |   1.584 s | best 8.167592e-01 @142 *
epoch  143 | train 7.211422e-01 | val 8.159701e-01 |   1.588 s | best 8.159701e-01 @143 *
epoch  144 | train 7.172124e-01 | val 8.151798e-01 |   1.550 s | best 8.151798e-01 @144 *
epoch  145 | train 7.229802e-01 | val 8.144035e-01 |   1.506 s | best 8.144035e-01 @145 *
epoch  146 | train 7.238718e-01 | val 8.136196e-01 |   1.520 s | best 8.136196e-01 @146 *
epoch  147 | train 7.217272e-01 | val 8.128460e-01 |   1.518 s | best 8.128460e-01 @147 *
epoch  148 | train 7.223799e-01 | val 8.120677e-01 |   1.517 s | best 8.120677e-01 @148 *
epoch  149 | train 7.193557e-01 | val 8.113059e-01 |   1.511 s | best 8.113059e-01 @149 *
epoch  150 | train 7.180958e-01 | val 8.105714e-01 |   1.522 s | best 8.105714e-01 @150 *
epoch  151 | train 7.186530e-01 | val 8.098427e-01 |   1.511 s | best 8.098427e-01 @151 *
epoch  152 | train 7.179943e-01 | val 8.091144e-01 |   1.509 s | best 8.091144e-01 @152 *
epoch  153 | train 7.201509e-01 | val 8.083952e-01 |   1.504 s | best 8.083952e-01 @153 *
epoch  154 | train 7.137247e-01 | val 8.076862e-01 |   1.504 s | best 8.076862e-01 @154 *
epoch  155 | train 7.155793e-01 | val 8.069748e-01 |   1.515 s | best 8.069748e-01 @155 *
epoch  156 | train 7.192099e-01 | val 8.062661e-01 |   1.512 s | best 8.062661e-01 @156 *
epoch  157 | train 7.164129e-01 | val 8.055499e-01 |   1.514 s | best 8.055499e-01 @157 *
epoch  158 | train 7.200184e-01 | val 8.048362e-01 |   1.501 s | best 8.048362e-01 @158 *
epoch  159 | train 7.138656e-01 | val 8.041276e-01 |   1.515 s | best 8.041276e-01 @159 *
epoch  160 | train 7.155810e-01 | val 8.034386e-01 |   1.517 s | best 8.034386e-01 @160 *
epoch  161 | train 7.146089e-01 | val 8.027509e-01 |   1.516 s | best 8.027509e-01 @161 *
epoch  162 | train 7.142730e-01 | val 8.020629e-01 |   1.509 s | best 8.020629e-01 @162 *
epoch  163 | train 7.115315e-01 | val 8.013951e-01 |   1.514 s | best 8.013951e-01 @163 *
epoch  164 | train 7.105662e-01 | val 8.007171e-01 |   1.510 s | best 8.007171e-01 @164 *
epoch  165 | train 7.113606e-01 | val 8.000426e-01 |   1.514 s | best 8.000426e-01 @165 *
epoch  166 | train 7.108618e-01 | val 7.993849e-01 |   1.514 s | best 7.993849e-01 @166 *
epoch  167 | train 7.066034e-01 | val 7.987314e-01 |   1.530 s | best 7.987314e-01 @167 *
epoch  168 | train 7.101721e-01 | val 7.980661e-01 |   1.512 s | best 7.980661e-01 @168 *
epoch  169 | train 7.111494e-01 | val 7.974055e-01 |   1.509 s | best 7.974055e-01 @169 *
epoch  170 | train 7.101674e-01 | val 7.967438e-01 |   1.505 s | best 7.967438e-01 @170 *
epoch  171 | train 7.080715e-01 | val 7.960951e-01 |   1.514 s | best 7.960951e-01 @171 *
epoch  172 | train 7.050594e-01 | val 7.954584e-01 |   1.519 s | best 7.954584e-01 @172 *
epoch  173 | train 7.071706e-01 | val 7.948290e-01 |   1.511 s | best 7.948290e-01 @173 *
epoch  174 | train 7.128669e-01 | val 7.942002e-01 |   1.517 s | best 7.942002e-01 @174 *
epoch  175 | train 7.065477e-01 | val 7.935794e-01 |   1.508 s | best 7.935794e-01 @175 *
epoch  176 | train 7.039269e-01 | val 7.929556e-01 |   1.506 s | best 7.929556e-01 @176 *
epoch  177 | train 7.092740e-01 | val 7.923430e-01 |   1.520 s | best 7.923430e-01 @177 *
epoch  178 | train 7.056156e-01 | val 7.917292e-01 |   1.512 s | best 7.917292e-01 @178 *
epoch  179 | train 7.060775e-01 | val 7.911147e-01 |   1.515 s | best 7.911147e-01 @179 *
epoch  180 | train 7.039014e-01 | val 7.905087e-01 |   1.516 s | best 7.905087e-01 @180 *
epoch  181 | train 7.013667e-01 | val 7.898980e-01 |   1.505 s | best 7.898980e-01 @181 *
epoch  182 | train 7.008185e-01 | val 7.893038e-01 |   1.503 s | best 7.893038e-01 @182 *
epoch  183 | train 7.007884e-01 | val 7.887126e-01 |   1.506 s | best 7.887126e-01 @183 *
epoch  184 | train 7.034790e-01 | val 7.881424e-01 |   1.510 s | best 7.881424e-01 @184 *
epoch  185 | train 7.116434e-01 | val 7.875645e-01 |   1.511 s | best 7.875645e-01 @185 *
epoch  186 | train 6.978166e-01 | val 7.870044e-01 |   1.506 s | best 7.870044e-01 @186 *
epoch  187 | train 6.988325e-01 | val 7.864440e-01 |   1.514 s | best 7.864440e-01 @187 *
epoch  188 | train 6.962411e-01 | val 7.858813e-01 |   1.512 s | best 7.858813e-01 @188 *
epoch  189 | train 7.011451e-01 | val 7.853350e-01 |   1.520 s | best 7.853350e-01 @189 *
epoch  190 | train 6.969922e-01 | val 7.847857e-01 |   1.511 s | best 7.847857e-01 @190 *
epoch  191 | train 6.990869e-01 | val 7.842354e-01 |   1.519 s | best 7.842354e-01 @191 *
epoch  192 | train 6.995099e-01 | val 7.836872e-01 |   1.511 s | best 7.836872e-01 @192 *
epoch  193 | train 6.960638e-01 | val 7.831414e-01 |   1.507 s | best 7.831414e-01 @193 *
epoch  194 | train 6.969005e-01 | val 7.826093e-01 |   1.516 s | best 7.826093e-01 @194 *
epoch  195 | train 6.977659e-01 | val 7.820855e-01 |   1.516 s | best 7.820855e-01 @195 *
epoch  196 | train 6.963876e-01 | val 7.815635e-01 |   1.516 s | best 7.815635e-01 @196 *
epoch  197 | train 6.902651e-01 | val 7.810395e-01 |   1.509 s | best 7.810395e-01 @197 *
epoch  198 | train 6.901911e-01 | val 7.805304e-01 |   1.515 s | best 7.805304e-01 @198 *
epoch  199 | train 6.921831e-01 | val 7.800189e-01 |   1.509 s | best 7.800189e-01 @199 *
epoch  200 | train 6.930566e-01 | val 7.795125e-01 |   1.510 s | best 7.795125e-01 @200 *
epoch  201 | train 6.932409e-01 | val 7.790177e-01 |   1.505 s | best 7.790177e-01 @201 *
epoch  202 | train 6.973188e-01 | val 7.785293e-01 |   1.508 s | best 7.785293e-01 @202 *
epoch  203 | train 6.980249e-01 | val 7.780401e-01 |   1.520 s | best 7.780401e-01 @203 *
epoch  204 | train 6.927157e-01 | val 7.775613e-01 |   1.473 s | best 7.775613e-01 @204 *
epoch  205 | train 6.906482e-01 | val 7.770830e-01 |   1.444 s | best 7.770830e-01 @205 *
epoch  206 | train 6.924880e-01 | val 7.766107e-01 |   1.460 s | best 7.766107e-01 @206 *
epoch  207 | train 6.916386e-01 | val 7.761524e-01 |   1.477 s | best 7.761524e-01 @207 *
epoch  208 | train 6.873347e-01 | val 7.756948e-01 |   1.472 s | best 7.756948e-01 @208 *
epoch  209 | train 6.943086e-01 | val 7.752324e-01 |   1.464 s | best 7.752324e-01 @209 *
epoch  210 | train 6.935587e-01 | val 7.747737e-01 |   1.451 s | best 7.747737e-01 @210 *
epoch  211 | train 6.898945e-01 | val 7.743249e-01 |   1.477 s | best 7.743249e-01 @211 *
epoch  212 | train 6.891933e-01 | val 7.738826e-01 |   1.479 s | best 7.738826e-01 @212 *
epoch  213 | train 6.843588e-01 | val 7.734461e-01 |   1.478 s | best 7.734461e-01 @213 *
epoch  214 | train 6.863719e-01 | val 7.730150e-01 |   1.457 s | best 7.730150e-01 @214 *
epoch  215 | train 6.890412e-01 | val 7.725875e-01 |   1.449 s | best 7.725875e-01 @215 *
epoch  216 | train 6.870684e-01 | val 7.721609e-01 |   1.483 s | best 7.721609e-01 @216 *
epoch  217 | train 6.869552e-01 | val 7.717395e-01 |   1.483 s | best 7.717395e-01 @217 *
epoch  218 | train 6.840232e-01 | val 7.713273e-01 |   1.480 s | best 7.713273e-01 @218 *
epoch  219 | train 6.872040e-01 | val 7.709205e-01 |   1.468 s | best 7.709205e-01 @219 *
epoch  220 | train 6.843298e-01 | val 7.705170e-01 |   1.450 s | best 7.705170e-01 @220 *
epoch  221 | train 6.868161e-01 | val 7.701167e-01 |   1.472 s | best 7.701167e-01 @221 *
epoch  222 | train 6.836232e-01 | val 7.697286e-01 |   1.479 s | best 7.697286e-01 @222 *
epoch  223 | train 6.847736e-01 | val 7.693524e-01 |   1.477 s | best 7.693524e-01 @223 *
epoch  224 | train 6.847939e-01 | val 7.689889e-01 |   1.455 s | best 7.689889e-01 @224 *
epoch  225 | train 6.857394e-01 | val 7.686199e-01 |   1.450 s | best 7.686199e-01 @225 *
epoch  226 | train 6.741512e-01 | val 7.682571e-01 |   1.489 s | best 7.682571e-01 @226 *
epoch  227 | train 6.854169e-01 | val 7.679104e-01 |   1.482 s | best 7.679104e-01 @227 *
epoch  228 | train 6.837137e-01 | val 7.675658e-01 |   1.483 s | best 7.675658e-01 @228 *
epoch  229 | train 6.825819e-01 | val 7.672259e-01 |   1.532 s | best 7.672259e-01 @229 *
epoch  230 | train 6.816684e-01 | val 7.668986e-01 |   1.498 s | best 7.668986e-01 @230 *
epoch  231 | train 6.796443e-01 | val 7.665743e-01 |   1.486 s | best 7.665743e-01 @231 *
epoch  232 | train 6.741206e-01 | val 7.662490e-01 |   1.485 s | best 7.662490e-01 @232 *
epoch  233 | train 6.794485e-01 | val 7.659241e-01 |   1.495 s | best 7.659241e-01 @233 *
epoch  234 | train 6.758797e-01 | val 7.656115e-01 |   1.499 s | best 7.656115e-01 @234 *
epoch  235 | train 6.773130e-01 | val 7.652974e-01 |   1.484 s | best 7.652974e-01 @235 *
epoch  236 | train 6.800523e-01 | val 7.650012e-01 |   1.493 s | best 7.650012e-01 @236 *
epoch  237 | train 6.751127e-01 | val 7.647156e-01 |   1.572 s | best 7.647156e-01 @237 *
epoch  238 | train 6.784249e-01 | val 7.644366e-01 |   1.557 s | best 7.644366e-01 @238 *
epoch  239 | train 6.749315e-01 | val 7.641654e-01 |   1.557 s | best 7.641654e-01 @239 *
epoch  240 | train 6.722020e-01 | val 7.638908e-01 |   1.392 s | best 7.638908e-01 @240 *
epoch  241 | train 6.766545e-01 | val 7.636315e-01 |   1.553 s | best 7.636315e-01 @241 *
epoch  242 | train 6.788037e-01 | val 7.633734e-01 |   1.581 s | best 7.633734e-01 @242 *
epoch  243 | train 6.752726e-01 | val 7.631254e-01 |   1.549 s | best 7.631254e-01 @243 *
epoch  244 | train 6.689309e-01 | val 7.628866e-01 |   1.548 s | best 7.628866e-01 @244 *
epoch  245 | train 6.735965e-01 | val 7.626531e-01 |   1.552 s | best 7.626531e-01 @245 *
epoch  246 | train 6.740486e-01 | val 7.624305e-01 |   1.551 s | best 7.624305e-01 @246 *
epoch  247 | train 6.749854e-01 | val 7.622147e-01 |   1.623 s | best 7.622147e-01 @247 *
epoch  248 | train 6.744901e-01 | val 7.620022e-01 |   1.506 s | best 7.620022e-01 @248 *
epoch  249 | train 6.737479e-01 | val 7.618026e-01 |   1.528 s | best 7.618026e-01 @249 *
epoch  250 | train 6.724282e-01 | val 7.616023e-01 |   1.518 s | best 7.616023e-01 @250 *
epoch  251 | train 6.716460e-01 | val 7.614101e-01 |   1.524 s | best 7.614101e-01 @251 *
epoch  252 | train 6.740101e-01 | val 7.612233e-01 |   1.506 s | best 7.612233e-01 @252 *
epoch  253 | train 6.733670e-01 | val 7.610477e-01 |   1.507 s | best 7.610477e-01 @253 *
epoch  254 | train 6.686864e-01 | val 7.608685e-01 |   1.193 s | best 7.608685e-01 @254 *
epoch  255 | train 6.676832e-01 | val 7.607043e-01 |   1.469 s | best 7.607043e-01 @255 *
epoch  256 | train 6.722673e-01 | val 7.605396e-01 |   1.468 s | best 7.605396e-01 @256 *
epoch  257 | train 6.680032e-01 | val 7.603885e-01 |   1.465 s | best 7.603885e-01 @257 *
epoch  258 | train 6.644246e-01 | val 7.602375e-01 |   1.468 s | best 7.602375e-01 @258 *
epoch  259 | train 6.700827e-01 | val 7.600952e-01 |   1.492 s | best 7.600952e-01 @259 *
epoch  260 | train 6.685776e-01 | val 7.599596e-01 |   1.507 s | best 7.599596e-01 @260 *
epoch  261 | train 6.671913e-01 | val 7.598332e-01 |   1.499 s | best 7.598332e-01 @261 *
epoch  262 | train 6.694463e-01 | val 7.597079e-01 |   1.466 s | best 7.597079e-01 @262 *
epoch  263 | train 6.703542e-01 | val 7.595949e-01 |   1.473 s | best 7.595949e-01 @263 *
epoch  264 | train 6.701722e-01 | val 7.594812e-01 |   1.471 s | best 7.594812e-01 @264 *
epoch  265 | train 6.616436e-01 | val 7.593796e-01 |   1.481 s | best 7.593796e-01 @265 *
epoch  266 | train 6.651505e-01 | val 7.592787e-01 |   1.480 s | best 7.592787e-01 @266 *
epoch  267 | train 6.684667e-01 | val 7.591863e-01 |   1.477 s | best 7.591863e-01 @267 *
epoch  268 | train 6.694502e-01 | val 7.590935e-01 |   1.482 s | best 7.590935e-01 @268 *
epoch  269 | train 6.622582e-01 | val 7.590082e-01 |   1.470 s | best 7.590082e-01 @269 *
epoch  270 | train 6.643174e-01 | val 7.589297e-01 |   1.468 s | best 7.589297e-01 @270 *
epoch  271 | train 6.670886e-01 | val 7.588636e-01 |   1.467 s | best 7.588636e-01 @271 *
epoch  272 | train 6.616659e-01 | val 7.587989e-01 |   1.480 s | best 7.587989e-01 @272 *
epoch  273 | train 6.619923e-01 | val 7.587475e-01 |   1.475 s | best 7.587475e-01 @273 *
epoch  274 | train 6.628903e-01 | val 7.586976e-01 |   1.477 s | best 7.586976e-01 @274 *
epoch  275 | train 6.671935e-01 | val 7.586587e-01 |   1.470 s | best 7.586587e-01 @275 *
epoch  276 | train 6.623354e-01 | val 7.586247e-01 |   1.476 s | best 7.586247e-01 @276 *
epoch  277 | train 6.601969e-01 | val 7.585946e-01 |   1.524 s | best 7.585946e-01 @277 *
epoch  278 | train 6.601532e-01 | val 7.585746e-01 |   1.501 s | best 7.585746e-01 @278 *
epoch  279 | train 6.618221e-01 | val 7.585585e-01 |   1.500 s | best 7.585585e-01 @279 *
epoch  280 | train 6.565575e-01 | val 7.585454e-01 |   1.503 s | best 7.585454e-01 @280 *
epoch  281 | train 6.594335e-01 | val 7.585370e-01 |   1.508 s | best 7.585370e-01 @281 *
epoch  282 | train 6.627985e-01 | val 7.585386e-01 |   1.495 s | best 7.585370e-01 @281
epoch  283 | train 6.587573e-01 | val 7.585429e-01 |   1.494 s | best 7.585370e-01 @281
epoch  284 | train 6.584617e-01 | val 7.585564e-01 |   1.492 s | best 7.585370e-01 @281
epoch  285 | train 6.613817e-01 | val 7.585748e-01 |   1.489 s | best 7.585370e-01 @281
epoch  286 | train 6.600713e-01 | val 7.586002e-01 |   1.501 s | best 7.585370e-01 @281
epoch  287 | train 6.576917e-01 | val 7.586340e-01 |   1.505 s | best 7.585370e-01 @281
epoch  288 | train 6.543526e-01 | val 7.586666e-01 |   1.502 s | best 7.585370e-01 @281
epoch  289 | train 6.604393e-01 | val 7.587100e-01 |   1.502 s | best 7.585370e-01 @281
epoch  290 | train 6.575579e-01 | val 7.587571e-01 |   1.500 s | best 7.585370e-01 @281
epoch  291 | train 6.551958e-01 | val 7.588149e-01 |   1.484 s | best 7.585370e-01 @281
epoch  292 | train 6.586166e-01 | val 7.588771e-01 |   1.281 s | best 7.585370e-01 @281
epoch  293 | train 6.576544e-01 | val 7.589408e-01 |   1.467 s | best 7.585370e-01 @281
epoch  294 | train 6.513790e-01 | val 7.590204e-01 |   1.491 s | best 7.585370e-01 @281
epoch  295 | train 6.548844e-01 | val 7.591032e-01 |   1.472 s | best 7.585370e-01 @281
epoch  296 | train 6.539439e-01 | val 7.591941e-01 |   1.470 s | best 7.585370e-01 @281
# done        : 296 epochs, stopped_by=patience, aborted=False, best val 7.585370e-01 @ epoch 281, wall 486.7 s, 1.644 s/epoch
