
# ===== 2026-09-21 04:50:39 KST  HPO attempt 12  testbed D1 prior S  Nr=8 Nt=4
# DEVICE      : cuda | cuda_available=True | NVIDIA RTX PRO 6000 Blackwell Server Edition | torch 2.14.0+cu130 | train dtype float32 (01_RULES §9.5)
# data        : n_train=9000 n_val=1000 split_hash=98d6225d67f9c15a E||H||_F^2/(NrNt)=1.000268 (04_SPEC §2)
# sigma grid  : MEASURED, 20 points, log-uniform draw over [3.2936e-02, 7.9084e-01]
# hp          : {'arch': 'adm', 'param': 'edm', 'domain': 'pixel', 'lr': 9.070354655368709e-05, 'ema': 0.9995, 'batch': 256, 'emb': 256, 'width': 48, 'depth': 8, 'heads': 4, 'attn_at': 8}  params=3386930
# stopping    : patience 15 on val loss, never before 0 epochs, max 600 (01_RULES §5)
epoch    1 | train 9.746070e-01 | val 9.902916e-01 |   1.798 s | best 9.902916e-01 @1 *
epoch    2 | train 9.223459e-01 | val 9.892907e-01 |   1.922 s | best 9.892907e-01 @2 *
epoch    3 | train 8.977077e-01 | val 9.878358e-01 |   1.942 s | best 9.878358e-01 @3 *
epoch    4 | train 8.846294e-01 | val 9.860696e-01 |   1.920 s | best 9.860696e-01 @4 *
epoch    5 | train 8.794971e-01 | val 9.840949e-01 |   1.946 s | best 9.840949e-01 @5 *
epoch    6 | train 8.700539e-01 | val 9.819566e-01 |   1.925 s | best 9.819566e-01 @6 *
epoch    7 | train 8.667594e-01 | val 9.796786e-01 |   1.943 s | best 9.796786e-01 @7 *
epoch    8 | train 8.582679e-01 | val 9.772781e-01 |   1.921 s | best 9.772781e-01 @8 *
epoch    9 | train 8.520450e-01 | val 9.747810e-01 |   1.928 s | best 9.747810e-01 @9 *
epoch   10 | train 8.478133e-01 | val 9.722045e-01 |   1.915 s | best 9.722045e-01 @10 *
epoch   11 | train 8.525915e-01 | val 9.695759e-01 |   1.938 s | best 9.695759e-01 @11 *
epoch   12 | train 8.460035e-01 | val 9.669215e-01 |   1.932 s | best 9.669215e-01 @12 *
epoch   13 | train 8.435130e-01 | val 9.642399e-01 |   1.939 s | best 9.642399e-01 @13 *
epoch   14 | train 8.417515e-01 | val 9.615463e-01 |   1.939 s | best 9.615463e-01 @14 *
epoch   15 | train 8.451460e-01 | val 9.588516e-01 |   1.920 s | best 9.588516e-01 @15 *
epoch   16 | train 8.414053e-01 | val 9.561515e-01 |   1.933 s | best 9.561515e-01 @16 *
epoch   17 | train 8.406004e-01 | val 9.534504e-01 |   1.938 s | best 9.534504e-01 @17 *
epoch   18 | train 8.409370e-01 | val 9.507583e-01 |   1.917 s | best 9.507583e-01 @18 *
epoch   19 | train 8.409367e-01 | val 9.480680e-01 |   1.944 s | best 9.480680e-01 @19 *
epoch   20 | train 8.405484e-01 | val 9.453872e-01 |   1.900 s | best 9.453872e-01 @20 *
epoch   21 | train 8.385574e-01 | val 9.427168e-01 |   1.906 s | best 9.427168e-01 @21 *
epoch   22 | train 8.370931e-01 | val 9.400557e-01 |   1.927 s | best 9.400557e-01 @22 *
epoch   23 | train 8.375022e-01 | val 9.374077e-01 |   1.911 s | best 9.374077e-01 @23 *
epoch   24 | train 8.344720e-01 | val 9.347628e-01 |   1.930 s | best 9.347628e-01 @24 *
epoch   25 | train 8.378999e-01 | val 9.321218e-01 |   1.906 s | best 9.321218e-01 @25 *
epoch   26 | train 8.344972e-01 | val 9.294964e-01 |   1.920 s | best 9.294964e-01 @26 *
epoch   27 | train 8.354146e-01 | val 9.268811e-01 |   1.926 s | best 9.268811e-01 @27 *
epoch   28 | train 8.383490e-01 | val 9.242718e-01 |   1.919 s | best 9.242718e-01 @28 *
epoch   29 | train 8.309959e-01 | val 9.216753e-01 |   1.914 s | best 9.216753e-01 @29 *
epoch   30 | train 8.324171e-01 | val 9.190868e-01 |   1.988 s | best 9.190868e-01 @30 *
epoch   31 | train 8.374441e-01 | val 9.165134e-01 |   1.993 s | best 9.165134e-01 @31 *
epoch   32 | train 8.303068e-01 | val 9.139582e-01 |   1.961 s | best 9.139582e-01 @32 *
epoch   33 | train 8.335972e-01 | val 9.114168e-01 |   2.030 s | best 9.114168e-01 @33 *
epoch   34 | train 8.350607e-01 | val 9.088991e-01 |   1.774 s | best 9.088991e-01 @34 *
epoch   35 | train 8.332570e-01 | val 9.064036e-01 |   1.950 s | best 9.064036e-01 @35 *
epoch   36 | train 8.324424e-01 | val 9.039350e-01 |   1.967 s | best 9.039350e-01 @36 *
epoch   37 | train 8.307717e-01 | val 9.014879e-01 |   1.960 s | best 9.014879e-01 @37 *
epoch   38 | train 8.312194e-01 | val 8.990840e-01 |   1.931 s | best 8.990840e-01 @38 *
epoch   39 | train 8.353651e-01 | val 8.967189e-01 |   1.946 s | best 8.967189e-01 @39 *
epoch   40 | train 8.283699e-01 | val 8.944007e-01 |   1.949 s | best 8.944007e-01 @40 *
epoch   41 | train 8.293607e-01 | val 8.921279e-01 |   1.952 s | best 8.921279e-01 @41 *
epoch   42 | train 8.317608e-01 | val 8.898991e-01 |   1.941 s | best 8.898991e-01 @42 *
epoch   43 | train 8.314756e-01 | val 8.877164e-01 |   1.974 s | best 8.877164e-01 @43 *
epoch   44 | train 8.286820e-01 | val 8.855705e-01 |   1.952 s | best 8.855705e-01 @44 *
epoch   45 | train 8.254763e-01 | val 8.834826e-01 |   1.967 s | best 8.834826e-01 @45 *
epoch   46 | train 8.268528e-01 | val 8.814526e-01 |   2.001 s | best 8.814526e-01 @46 *
epoch   47 | train 8.282984e-01 | val 8.794651e-01 |   1.966 s | best 8.794651e-01 @47 *
epoch   48 | train 8.299953e-01 | val 8.775286e-01 |   1.951 s | best 8.775286e-01 @48 *
epoch   49 | train 8.284040e-01 | val 8.756465e-01 |   2.004 s | best 8.756465e-01 @49 *
epoch   50 | train 8.276470e-01 | val 8.738106e-01 |   1.959 s | best 8.738106e-01 @50 *
epoch   51 | train 8.277241e-01 | val 8.720308e-01 |   1.957 s | best 8.720308e-01 @51 *
epoch   52 | train 8.233869e-01 | val 8.702948e-01 |   1.973 s | best 8.702948e-01 @52 *
epoch   53 | train 8.261282e-01 | val 8.686038e-01 |   1.967 s | best 8.686038e-01 @53 *
epoch   54 | train 8.279848e-01 | val 8.669702e-01 |   1.963 s | best 8.669702e-01 @54 *
epoch   55 | train 8.258449e-01 | val 8.653854e-01 |   1.983 s | best 8.653854e-01 @55 *
epoch   56 | train 8.239068e-01 | val 8.638635e-01 |   1.963 s | best 8.638635e-01 @56 *
epoch   57 | train 8.307074e-01 | val 8.623766e-01 |   1.924 s | best 8.623766e-01 @57 *
epoch   58 | train 8.258586e-01 | val 8.609409e-01 |   1.846 s | best 8.609409e-01 @58 *
epoch   59 | train 8.228098e-01 | val 8.595425e-01 |   0.529 s | best 8.595425e-01 @59 *
epoch   60 | train 8.258143e-01 | val 8.581923e-01 |   0.529 s | best 8.581923e-01 @60 *
epoch   61 | train 8.233287e-01 | val 8.568820e-01 |   0.579 s | best 8.568820e-01 @61 *
epoch   62 | train 8.247754e-01 | val 8.556210e-01 |   0.529 s | best 8.556210e-01 @62 *
epoch   63 | train 8.194588e-01 | val 8.544050e-01 |   0.528 s | best 8.544050e-01 @63 *
epoch   64 | train 8.221621e-01 | val 8.532124e-01 |   0.603 s | best 8.532124e-01 @64 *
epoch   65 | train 8.234744e-01 | val 8.520603e-01 |   0.531 s | best 8.520603e-01 @65 *
epoch   66 | train 8.187243e-01 | val 8.509437e-01 |   0.530 s | best 8.509437e-01 @66 *
epoch   67 | train 8.216493e-01 | val 8.498785e-01 |   0.595 s | best 8.498785e-01 @67 *
epoch   68 | train 8.212932e-01 | val 8.488545e-01 |   0.528 s | best 8.488545e-01 @68 *
epoch   69 | train 8.223540e-01 | val 8.478673e-01 |   0.525 s | best 8.478673e-01 @69 *
epoch   70 | train 8.166993e-01 | val 8.468999e-01 |   0.578 s | best 8.468999e-01 @70 *
epoch   71 | train 8.198549e-01 | val 8.459670e-01 |   0.531 s | best 8.459670e-01 @71 *
epoch   72 | train 8.188981e-01 | val 8.450755e-01 |   0.526 s | best 8.450755e-01 @72 *
epoch   73 | train 8.179372e-01 | val 8.442122e-01 |   0.557 s | best 8.442122e-01 @73 *
epoch   74 | train 8.164645e-01 | val 8.433760e-01 |   0.535 s | best 8.433760e-01 @74 *
epoch   75 | train 8.151319e-01 | val 8.425769e-01 |   0.530 s | best 8.425769e-01 @75 *
epoch   76 | train 8.164980e-01 | val 8.418005e-01 |   0.531 s | best 8.418005e-01 @76 *
epoch   77 | train 8.155896e-01 | val 8.410562e-01 |   0.568 s | best 8.410562e-01 @77 *
epoch   78 | train 8.148075e-01 | val 8.403301e-01 |   0.528 s | best 8.403301e-01 @78 *
epoch   79 | train 8.124181e-01 | val 8.396363e-01 |   0.528 s | best 8.396363e-01 @79 *
epoch   80 | train 8.143184e-01 | val 8.389720e-01 |   0.596 s | best 8.389720e-01 @80 *
epoch   81 | train 8.142840e-01 | val 8.383393e-01 |   0.537 s | best 8.383393e-01 @81 *
epoch   82 | train 8.125951e-01 | val 8.377441e-01 |   0.539 s | best 8.377441e-01 @82 *
epoch   83 | train 8.116622e-01 | val 8.371673e-01 |   0.542 s | best 8.371673e-01 @83 *
epoch   84 | train 8.145007e-01 | val 8.366047e-01 |   0.541 s | best 8.366047e-01 @84 *
epoch   85 | train 8.124433e-01 | val 8.360782e-01 |   0.539 s | best 8.360782e-01 @85 *
epoch   86 | train 8.113179e-01 | val 8.355771e-01 |   0.539 s | best 8.355771e-01 @86 *
epoch   87 | train 8.076785e-01 | val 8.350943e-01 |   0.540 s | best 8.350943e-01 @87 *
epoch   88 | train 8.072580e-01 | val 8.346247e-01 |   0.541 s | best 8.346247e-01 @88 *
epoch   89 | train 8.082842e-01 | val 8.341877e-01 |   0.539 s | best 8.341877e-01 @89 *
epoch   90 | train 8.063162e-01 | val 8.337638e-01 |   0.539 s | best 8.337638e-01 @90 *
epoch   91 | train 8.085646e-01 | val 8.333597e-01 |   0.544 s | best 8.333597e-01 @91 *
epoch   92 | train 8.079713e-01 | val 8.329793e-01 |   0.539 s | best 8.329793e-01 @92 *
epoch   93 | train 8.085937e-01 | val 8.326169e-01 |   0.540 s | best 8.326169e-01 @93 *
epoch   94 | train 8.047064e-01 | val 8.322684e-01 |   0.545 s | best 8.322684e-01 @94 *
epoch   95 | train 8.006356e-01 | val 8.319446e-01 |   0.536 s | best 8.319446e-01 @95 *
epoch   96 | train 8.057991e-01 | val 8.316393e-01 |   0.535 s | best 8.316393e-01 @96 *
epoch   97 | train 8.003299e-01 | val 8.313611e-01 |   0.542 s | best 8.313611e-01 @97 *
epoch   98 | train 8.023487e-01 | val 8.311085e-01 |   0.537 s | best 8.311085e-01 @98 *
epoch   99 | train 8.021493e-01 | val 8.308786e-01 |   0.536 s | best 8.308786e-01 @99 *
epoch  100 | train 7.968779e-01 | val 8.306552e-01 |   0.540 s | best 8.306552e-01 @100 *
epoch  101 | train 7.974126e-01 | val 8.304612e-01 |   0.536 s | best 8.304612e-01 @101 *
epoch  102 | train 7.991459e-01 | val 8.302911e-01 |   0.535 s | best 8.302911e-01 @102 *
epoch  103 | train 7.993195e-01 | val 8.301321e-01 |   0.543 s | best 8.301321e-01 @103 *
epoch  104 | train 7.987900e-01 | val 8.299860e-01 |   0.537 s | best 8.299860e-01 @104 *
epoch  105 | train 7.956364e-01 | val 8.298643e-01 |   0.535 s | best 8.298643e-01 @105 *
epoch  106 | train 7.979013e-01 | val 8.297578e-01 |   0.550 s | best 8.297578e-01 @106 *
epoch  107 | train 7.953618e-01 | val 8.296682e-01 |   0.545 s | best 8.296682e-01 @107 *
epoch  108 | train 7.935889e-01 | val 8.296027e-01 |   0.570 s | best 8.296027e-01 @108 *
epoch  109 | train 7.947570e-01 | val 8.295430e-01 |   1.733 s | best 8.295430e-01 @109 *
epoch  110 | train 7.950442e-01 | val 8.295130e-01 |   0.850 s | best 8.295130e-01 @110 *
epoch  111 | train 7.923036e-01 | val 8.295054e-01 |   1.890 s | best 8.295054e-01 @111 *
epoch  112 | train 7.925174e-01 | val 8.295139e-01 |   1.900 s | best 8.295054e-01 @111
epoch  113 | train 7.918499e-01 | val 8.295324e-01 |   1.899 s | best 8.295054e-01 @111
epoch  114 | train 7.902454e-01 | val 8.295813e-01 |   1.895 s | best 8.295054e-01 @111
epoch  115 | train 7.874461e-01 | val 8.296453e-01 |   1.920 s | best 8.295054e-01 @111
epoch  116 | train 7.898127e-01 | val 8.297265e-01 |   1.919 s | best 8.295054e-01 @111
epoch  117 | train 7.835129e-01 | val 8.298196e-01 |   1.915 s | best 8.295054e-01 @111
epoch  118 | train 7.849875e-01 | val 8.299252e-01 |   1.938 s | best 8.295054e-01 @111
epoch  119 | train 7.871744e-01 | val 8.300582e-01 |   1.888 s | best 8.295054e-01 @111
epoch  120 | train 7.854440e-01 | val 8.302095e-01 |   1.781 s | best 8.295054e-01 @111
epoch  121 | train 7.843499e-01 | val 8.303782e-01 |   1.918 s | best 8.295054e-01 @111
epoch  122 | train 7.844232e-01 | val 8.305655e-01 |   1.919 s | best 8.295054e-01 @111
epoch  123 | train 7.829275e-01 | val 8.307586e-01 |   1.924 s | best 8.295054e-01 @111
epoch  124 | train 7.791263e-01 | val 8.309771e-01 |   1.901 s | best 8.295054e-01 @111
epoch  125 | train 7.795509e-01 | val 8.312127e-01 |   1.900 s | best 8.295054e-01 @111
epoch  126 | train 7.805905e-01 | val 8.314614e-01 |   1.906 s | best 8.295054e-01 @111
# done        : 126 epochs, stopped_by=patience, aborted=False, best val 8.295054e-01 @ epoch 111, wall 189.6 s, 1.504 s/epoch
