
# ===== 2026-09-21 04:31:33 KST  HPO attempt 9  testbed D1 prior S  Nr=8 Nt=4
# DEVICE      : cuda | cuda_available=True | NVIDIA RTX PRO 6000 Blackwell Server Edition | torch 2.14.0+cu130 | train dtype float32 (01_RULES §9.5)
# data        : n_train=9000 n_val=1000 split_hash=98d6225d67f9c15a E||H||_F^2/(NrNt)=1.000268 (04_SPEC §2)
# sigma grid  : MEASURED, 20 points, log-uniform draw over [3.2936e-02, 7.9084e-01]
# hp          : {'arch': 'adm', 'param': 've', 'domain': 'angle', 'lr': 7.273091421782246e-05, 'ema': 0.999, 'batch': 512, 'emb': 256, 'width': 32, 'depth': 2, 'heads': 4, 'attn_at': 8}  params=1284130
# stopping    : patience 15 on val loss, never before 0 epochs, max 600 (01_RULES §5)
epoch    1 | train 9.871201e-01 | val 9.905193e-01 |   0.952 s | best 9.905193e-01 @1 *
epoch    2 | train 9.675264e-01 | val 9.900193e-01 |   1.114 s | best 9.900193e-01 @2 *
epoch    3 | train 9.500261e-01 | val 9.892128e-01 |   1.113 s | best 9.892128e-01 @3 *
epoch    4 | train 9.296652e-01 | val 9.881268e-01 |   1.117 s | best 9.881268e-01 @4 *
epoch    5 | train 9.051926e-01 | val 9.867886e-01 |   1.112 s | best 9.867886e-01 @5 *
epoch    6 | train 8.855002e-01 | val 9.852206e-01 |   1.118 s | best 9.852206e-01 @6 *
epoch    7 | train 8.626356e-01 | val 9.834411e-01 |   1.113 s | best 9.834411e-01 @7 *
epoch    8 | train 8.480423e-01 | val 9.814732e-01 |   1.117 s | best 9.814732e-01 @8 *
epoch    9 | train 8.300118e-01 | val 9.793328e-01 |   1.113 s | best 9.793328e-01 @9 *
epoch   10 | train 8.146172e-01 | val 9.770349e-01 |   1.117 s | best 9.770349e-01 @10 *
epoch   11 | train 8.039060e-01 | val 9.745938e-01 |   1.113 s | best 9.745938e-01 @11 *
epoch   12 | train 7.911199e-01 | val 9.720268e-01 |   1.123 s | best 9.720268e-01 @12 *
epoch   13 | train 7.798933e-01 | val 9.693462e-01 |   1.124 s | best 9.693462e-01 @13 *
epoch   14 | train 7.808545e-01 | val 9.665673e-01 |   1.135 s | best 9.665673e-01 @14 *
epoch   15 | train 7.749781e-01 | val 9.637065e-01 |   1.165 s | best 9.637065e-01 @15 *
epoch   16 | train 7.718746e-01 | val 9.607754e-01 |   1.158 s | best 9.607754e-01 @16 *
epoch   17 | train 7.666667e-01 | val 9.577821e-01 |   1.180 s | best 9.577821e-01 @17 *
epoch   18 | train 7.656275e-01 | val 9.547411e-01 |   1.168 s | best 9.547411e-01 @18 *
epoch   19 | train 7.631689e-01 | val 9.516575e-01 |   1.178 s | best 9.516575e-01 @19 *
epoch   20 | train 7.642985e-01 | val 9.485399e-01 |   1.160 s | best 9.485399e-01 @20 *
epoch   21 | train 7.625181e-01 | val 9.453923e-01 |   1.141 s | best 9.453923e-01 @21 *
epoch   22 | train 7.618625e-01 | val 9.422209e-01 |   1.147 s | best 9.422209e-01 @22 *
epoch   23 | train 7.543335e-01 | val 9.390274e-01 |   1.167 s | best 9.390274e-01 @23 *
epoch   24 | train 7.540270e-01 | val 9.358191e-01 |   1.148 s | best 9.358191e-01 @24 *
epoch   25 | train 7.550358e-01 | val 9.325932e-01 |   1.144 s | best 9.325932e-01 @25 *
epoch   26 | train 7.575828e-01 | val 9.293514e-01 |   1.149 s | best 9.293514e-01 @26 *
epoch   27 | train 7.510889e-01 | val 9.260970e-01 |   1.147 s | best 9.260970e-01 @27 *
epoch   28 | train 7.541556e-01 | val 9.228331e-01 |   1.171 s | best 9.228331e-01 @28 *
epoch   29 | train 7.512643e-01 | val 9.195521e-01 |   1.134 s | best 9.195521e-01 @29 *
epoch   30 | train 7.561973e-01 | val 9.162582e-01 |   1.134 s | best 9.162582e-01 @30 *
epoch   31 | train 7.529893e-01 | val 9.129459e-01 |   1.119 s | best 9.129459e-01 @31 *
epoch   32 | train 7.493340e-01 | val 9.096200e-01 |   1.122 s | best 9.096200e-01 @32 *
epoch   33 | train 7.530524e-01 | val 9.062803e-01 |   1.118 s | best 9.062803e-01 @33 *
epoch   34 | train 7.487864e-01 | val 9.029210e-01 |   1.123 s | best 9.029210e-01 @34 *
epoch   35 | train 7.508167e-01 | val 8.995482e-01 |   1.121 s | best 8.995482e-01 @35 *
epoch   36 | train 7.485034e-01 | val 8.961679e-01 |   1.124 s | best 8.961679e-01 @36 *
epoch   37 | train 7.487663e-01 | val 8.927703e-01 |   1.116 s | best 8.927703e-01 @37 *
epoch   38 | train 7.516030e-01 | val 8.893514e-01 |   1.126 s | best 8.893514e-01 @38 *
epoch   39 | train 7.474050e-01 | val 8.859274e-01 |   1.118 s | best 8.859274e-01 @39 *
epoch   40 | train 7.503605e-01 | val 8.824799e-01 |   1.120 s | best 8.824799e-01 @40 *
epoch   41 | train 7.547187e-01 | val 8.790271e-01 |   1.118 s | best 8.790271e-01 @41 *
epoch   42 | train 7.527465e-01 | val 8.755808e-01 |   1.116 s | best 8.755808e-01 @42 *
epoch   43 | train 7.467731e-01 | val 8.721312e-01 |   1.120 s | best 8.721312e-01 @43 *
epoch   44 | train 7.455908e-01 | val 8.686725e-01 |   1.112 s | best 8.686725e-01 @44 *
epoch   45 | train 7.457226e-01 | val 8.652208e-01 |   1.124 s | best 8.652208e-01 @45 *
epoch   46 | train 7.505515e-01 | val 8.617746e-01 |   1.116 s | best 8.617746e-01 @46 *
epoch   47 | train 7.475779e-01 | val 8.583455e-01 |   1.121 s | best 8.583455e-01 @47 *
epoch   48 | train 7.521194e-01 | val 8.549370e-01 |   1.119 s | best 8.549370e-01 @48 *
epoch   49 | train 7.544451e-01 | val 8.515539e-01 |   1.124 s | best 8.515539e-01 @49 *
epoch   50 | train 7.472960e-01 | val 8.482024e-01 |   1.115 s | best 8.482024e-01 @50 *
epoch   51 | train 7.437391e-01 | val 8.448834e-01 |   1.121 s | best 8.448834e-01 @51 *
epoch   52 | train 7.460257e-01 | val 8.416010e-01 |   1.117 s | best 8.416010e-01 @52 *
epoch   53 | train 7.472047e-01 | val 8.383467e-01 |   1.121 s | best 8.383467e-01 @53 *
epoch   54 | train 7.472286e-01 | val 8.351471e-01 |   1.117 s | best 8.351471e-01 @54 *
epoch   55 | train 7.429213e-01 | val 8.319896e-01 |   1.122 s | best 8.319896e-01 @55 *
epoch   56 | train 7.455950e-01 | val 8.288653e-01 |   1.114 s | best 8.288653e-01 @56 *
epoch   57 | train 7.421258e-01 | val 8.258014e-01 |   1.121 s | best 8.258014e-01 @57 *
epoch   58 | train 7.401466e-01 | val 8.228038e-01 |   1.119 s | best 8.228038e-01 @58 *
epoch   59 | train 7.396289e-01 | val 8.198694e-01 |   1.116 s | best 8.198694e-01 @59 *
epoch   60 | train 7.502121e-01 | val 8.169919e-01 |   1.119 s | best 8.169919e-01 @60 *
epoch   61 | train 7.454238e-01 | val 8.141715e-01 |   1.115 s | best 8.141715e-01 @61 *
epoch   62 | train 7.480895e-01 | val 8.114100e-01 |   1.120 s | best 8.114100e-01 @62 *
epoch   63 | train 7.406210e-01 | val 8.087130e-01 |   1.113 s | best 8.087130e-01 @63 *
epoch   64 | train 7.424004e-01 | val 8.060876e-01 |   1.123 s | best 8.060876e-01 @64 *
epoch   65 | train 7.423186e-01 | val 8.035263e-01 |   1.115 s | best 8.035263e-01 @65 *
epoch   66 | train 7.429552e-01 | val 8.010190e-01 |   1.120 s | best 8.010190e-01 @66 *
epoch   67 | train 7.472660e-01 | val 7.985833e-01 |   1.119 s | best 7.985833e-01 @67 *
epoch   68 | train 7.446354e-01 | val 7.962215e-01 |   1.121 s | best 7.962215e-01 @68 *
epoch   69 | train 7.387942e-01 | val 7.939249e-01 |   1.118 s | best 7.939249e-01 @69 *
epoch   70 | train 7.430718e-01 | val 7.916813e-01 |   1.122 s | best 7.916813e-01 @70 *
epoch   71 | train 7.435539e-01 | val 7.895071e-01 |   1.114 s | best 7.895071e-01 @71 *
epoch   72 | train 7.439213e-01 | val 7.874041e-01 |   1.124 s | best 7.874041e-01 @72 *
epoch   73 | train 7.454714e-01 | val 7.853711e-01 |   1.115 s | best 7.853711e-01 @73 *
epoch   74 | train 7.382971e-01 | val 7.834004e-01 |   1.119 s | best 7.834004e-01 @74 *
epoch   75 | train 7.443789e-01 | val 7.814988e-01 |   1.121 s | best 7.814988e-01 @75 *
epoch   76 | train 7.462434e-01 | val 7.796600e-01 |   1.116 s | best 7.796600e-01 @76 *
epoch   77 | train 7.434643e-01 | val 7.778738e-01 |   1.124 s | best 7.778738e-01 @77 *
epoch   78 | train 7.448426e-01 | val 7.761524e-01 |   1.119 s | best 7.761524e-01 @78 *
epoch   79 | train 7.446678e-01 | val 7.744918e-01 |   1.119 s | best 7.744918e-01 @79 *
epoch   80 | train 7.411801e-01 | val 7.728862e-01 |   1.116 s | best 7.728862e-01 @80 *
epoch   81 | train 7.430467e-01 | val 7.713311e-01 |   1.118 s | best 7.713311e-01 @81 *
epoch   82 | train 7.467447e-01 | val 7.698339e-01 |   1.120 s | best 7.698339e-01 @82 *
epoch   83 | train 7.422013e-01 | val 7.683960e-01 |   1.121 s | best 7.683960e-01 @83 *
epoch   84 | train 7.438360e-01 | val 7.670015e-01 |   1.115 s | best 7.670015e-01 @84 *
epoch   85 | train 7.467543e-01 | val 7.656575e-01 |   1.122 s | best 7.656575e-01 @85 *
epoch   86 | train 7.375301e-01 | val 7.643594e-01 |   1.118 s | best 7.643594e-01 @86 *
epoch   87 | train 7.364944e-01 | val 7.631145e-01 |   1.122 s | best 7.631145e-01 @87 *
epoch   88 | train 7.412586e-01 | val 7.619187e-01 |   1.121 s | best 7.619187e-01 @88 *
epoch   89 | train 7.442906e-01 | val 7.607673e-01 |   1.120 s | best 7.607673e-01 @89 *
epoch   90 | train 7.376674e-01 | val 7.596517e-01 |   1.115 s | best 7.596517e-01 @90 *
epoch   91 | train 7.408201e-01 | val 7.585900e-01 |   1.120 s | best 7.585900e-01 @91 *
epoch   92 | train 7.398458e-01 | val 7.575699e-01 |   1.113 s | best 7.575699e-01 @92 *
epoch   93 | train 7.468795e-01 | val 7.565764e-01 |   1.120 s | best 7.565764e-01 @93 *
epoch   94 | train 7.411056e-01 | val 7.556297e-01 |   1.116 s | best 7.556297e-01 @94 *
epoch   95 | train 7.448765e-01 | val 7.547271e-01 |   1.119 s | best 7.547271e-01 @95 *
epoch   96 | train 7.393413e-01 | val 7.538430e-01 |   1.116 s | best 7.538430e-01 @96 *
epoch   97 | train 7.412872e-01 | val 7.530036e-01 |   1.120 s | best 7.530036e-01 @97 *
epoch   98 | train 7.427502e-01 | val 7.521949e-01 |   1.123 s | best 7.521949e-01 @98 *
epoch   99 | train 7.437012e-01 | val 7.514128e-01 |   1.116 s | best 7.514128e-01 @99 *
epoch  100 | train 7.403086e-01 | val 7.506694e-01 |   1.121 s | best 7.506694e-01 @100 *
epoch  101 | train 7.420218e-01 | val 7.499607e-01 |   1.115 s | best 7.499607e-01 @101 *
epoch  102 | train 7.432327e-01 | val 7.492816e-01 |   1.121 s | best 7.492816e-01 @102 *
epoch  103 | train 7.440232e-01 | val 7.486336e-01 |   1.113 s | best 7.486336e-01 @103 *
epoch  104 | train 7.419465e-01 | val 7.480014e-01 |   1.119 s | best 7.480014e-01 @104 *
epoch  105 | train 7.431504e-01 | val 7.473903e-01 |   1.117 s | best 7.473903e-01 @105 *
epoch  106 | train 7.398567e-01 | val 7.467986e-01 |   1.119 s | best 7.467986e-01 @106 *
epoch  107 | train 7.439150e-01 | val 7.462482e-01 |   1.114 s | best 7.462482e-01 @107 *
epoch  108 | train 7.408314e-01 | val 7.457235e-01 |   1.120 s | best 7.457235e-01 @108 *
epoch  109 | train 7.392187e-01 | val 7.452223e-01 |   1.113 s | best 7.452223e-01 @109 *
epoch  110 | train 7.447349e-01 | val 7.447389e-01 |   1.119 s | best 7.447389e-01 @110 *
epoch  111 | train 7.379724e-01 | val 7.442737e-01 |   1.115 s | best 7.442737e-01 @111 *
epoch  112 | train 7.407396e-01 | val 7.438222e-01 |   1.125 s | best 7.438222e-01 @112 *
epoch  113 | train 7.405476e-01 | val 7.433878e-01 |   1.116 s | best 7.433878e-01 @113 *
epoch  114 | train 7.370142e-01 | val 7.429736e-01 |   1.121 s | best 7.429736e-01 @114 *
epoch  115 | train 7.400704e-01 | val 7.425768e-01 |   1.119 s | best 7.425768e-01 @115 *
epoch  116 | train 7.387543e-01 | val 7.422016e-01 |   1.115 s | best 7.422016e-01 @116 *
epoch  117 | train 7.429987e-01 | val 7.418421e-01 |   1.123 s | best 7.418421e-01 @117 *
epoch  118 | train 7.371726e-01 | val 7.415054e-01 |   1.114 s | best 7.415054e-01 @118 *
epoch  119 | train 7.402327e-01 | val 7.411804e-01 |   1.119 s | best 7.411804e-01 @119 *
epoch  120 | train 7.378095e-01 | val 7.408665e-01 |   1.101 s | best 7.408665e-01 @120 *
epoch  121 | train 7.408808e-01 | val 7.405640e-01 |   0.894 s | best 7.405640e-01 @121 *
epoch  122 | train 7.409715e-01 | val 7.402757e-01 |   1.118 s | best 7.402757e-01 @122 *
epoch  123 | train 7.392457e-01 | val 7.399957e-01 |   1.120 s | best 7.399957e-01 @123 *
epoch  124 | train 7.361967e-01 | val 7.397366e-01 |   1.119 s | best 7.397366e-01 @124 *
epoch  125 | train 7.407187e-01 | val 7.394872e-01 |   1.118 s | best 7.394872e-01 @125 *
epoch  126 | train 7.388553e-01 | val 7.392511e-01 |   1.121 s | best 7.392511e-01 @126 *
epoch  127 | train 7.331529e-01 | val 7.390290e-01 |   1.118 s | best 7.390290e-01 @127 *
epoch  128 | train 7.383127e-01 | val 7.388144e-01 |   1.122 s | best 7.388144e-01 @128 *
epoch  129 | train 7.399284e-01 | val 7.386122e-01 |   1.116 s | best 7.386122e-01 @129 *
epoch  130 | train 7.366419e-01 | val 7.384180e-01 |   1.119 s | best 7.384180e-01 @130 *
epoch  131 | train 7.355962e-01 | val 7.382404e-01 |   1.117 s | best 7.382404e-01 @131 *
epoch  132 | train 7.354557e-01 | val 7.380605e-01 |   1.117 s | best 7.380605e-01 @132 *
epoch  133 | train 7.384065e-01 | val 7.378909e-01 |   1.116 s | best 7.378909e-01 @133 *
epoch  134 | train 7.349791e-01 | val 7.377263e-01 |   1.123 s | best 7.377263e-01 @134 *
epoch  135 | train 7.404675e-01 | val 7.375787e-01 |   1.117 s | best 7.375787e-01 @135 *
epoch  136 | train 7.386159e-01 | val 7.374361e-01 |   1.119 s | best 7.374361e-01 @136 *
epoch  137 | train 7.389591e-01 | val 7.372961e-01 |   1.118 s | best 7.372961e-01 @137 *
epoch  138 | train 7.327128e-01 | val 7.371656e-01 |   1.118 s | best 7.371656e-01 @138 *
epoch  139 | train 7.337984e-01 | val 7.370415e-01 |   1.117 s | best 7.370415e-01 @139 *
epoch  140 | train 7.346775e-01 | val 7.369232e-01 |   1.124 s | best 7.369232e-01 @140 *
epoch  141 | train 7.387013e-01 | val 7.368146e-01 |   1.120 s | best 7.368146e-01 @141 *
epoch  142 | train 7.379053e-01 | val 7.367057e-01 |   1.121 s | best 7.367057e-01 @142 *
epoch  143 | train 7.375265e-01 | val 7.366065e-01 |   1.119 s | best 7.366065e-01 @143 *
epoch  144 | train 7.376308e-01 | val 7.365154e-01 |   1.119 s | best 7.365154e-01 @144 *
epoch  145 | train 7.355321e-01 | val 7.364354e-01 |   1.118 s | best 7.364354e-01 @145 *
epoch  146 | train 7.367859e-01 | val 7.363542e-01 |   1.119 s | best 7.363542e-01 @146 *
epoch  147 | train 7.364786e-01 | val 7.362764e-01 |   1.119 s | best 7.362764e-01 @147 *
epoch  148 | train 7.392356e-01 | val 7.362112e-01 |   1.119 s | best 7.362112e-01 @148 *
epoch  149 | train 7.356777e-01 | val 7.361405e-01 |   1.118 s | best 7.361405e-01 @149 *
epoch  150 | train 7.347295e-01 | val 7.360700e-01 |   1.125 s | best 7.360700e-01 @150 *
epoch  151 | train 7.387177e-01 | val 7.360097e-01 |   1.118 s | best 7.360097e-01 @151 *
epoch  152 | train 7.343055e-01 | val 7.359572e-01 |   1.117 s | best 7.359572e-01 @152 *
epoch  153 | train 7.330766e-01 | val 7.358998e-01 |   1.120 s | best 7.358998e-01 @153 *
epoch  154 | train 7.335051e-01 | val 7.358504e-01 |   1.118 s | best 7.358504e-01 @154 *
epoch  155 | train 7.380877e-01 | val 7.357985e-01 |   1.118 s | best 7.357985e-01 @155 *
epoch  156 | train 7.374104e-01 | val 7.357501e-01 |   1.119 s | best 7.357501e-01 @156 *
epoch  157 | train 7.339874e-01 | val 7.357084e-01 |   1.118 s | best 7.357084e-01 @157 *
epoch  158 | train 7.357818e-01 | val 7.356617e-01 |   1.119 s | best 7.356617e-01 @158 *
epoch  159 | train 7.360285e-01 | val 7.356251e-01 |   1.118 s | best 7.356251e-01 @159 *
epoch  160 | train 7.347531e-01 | val 7.355883e-01 |   1.098 s | best 7.355883e-01 @160 *
epoch  161 | train 7.392648e-01 | val 7.355582e-01 |   1.126 s | best 7.355582e-01 @161 *
epoch  162 | train 7.338465e-01 | val 7.355390e-01 |   1.118 s | best 7.355390e-01 @162 *
epoch  163 | train 7.344477e-01 | val 7.355113e-01 |   1.121 s | best 7.355113e-01 @163 *
epoch  164 | train 7.309999e-01 | val 7.354929e-01 |   1.118 s | best 7.354929e-01 @164 *
epoch  165 | train 7.351970e-01 | val 7.354788e-01 |   1.118 s | best 7.354788e-01 @165 *
epoch  166 | train 7.327657e-01 | val 7.354631e-01 |   1.119 s | best 7.354631e-01 @166 *
epoch  167 | train 7.371656e-01 | val 7.354569e-01 |   1.119 s | best 7.354569e-01 @167 *
epoch  168 | train 7.329719e-01 | val 7.354473e-01 |   1.118 s | best 7.354473e-01 @168 *
epoch  169 | train 7.340133e-01 | val 7.354438e-01 |   1.120 s | best 7.354438e-01 @169 *
epoch  170 | train 7.316752e-01 | val 7.354467e-01 |   1.122 s | best 7.354438e-01 @169
epoch  171 | train 7.353855e-01 | val 7.354500e-01 |   1.122 s | best 7.354438e-01 @169
epoch  172 | train 7.374773e-01 | val 7.354588e-01 |   1.119 s | best 7.354438e-01 @169
epoch  173 | train 7.329556e-01 | val 7.354741e-01 |   1.120 s | best 7.354438e-01 @169
epoch  174 | train 7.292520e-01 | val 7.354901e-01 |   1.119 s | best 7.354438e-01 @169
epoch  175 | train 7.320209e-01 | val 7.355037e-01 |   1.120 s | best 7.354438e-01 @169
epoch  176 | train 7.332169e-01 | val 7.355244e-01 |   1.117 s | best 7.354438e-01 @169
epoch  177 | train 7.337590e-01 | val 7.355385e-01 |   1.121 s | best 7.354438e-01 @169
epoch  178 | train 7.318851e-01 | val 7.355450e-01 |   1.118 s | best 7.354438e-01 @169
epoch  179 | train 7.315408e-01 | val 7.355606e-01 |   1.117 s | best 7.354438e-01 @169
epoch  180 | train 7.294992e-01 | val 7.355729e-01 |   1.118 s | best 7.354438e-01 @169
epoch  181 | train 7.280552e-01 | val 7.355987e-01 |   1.117 s | best 7.354438e-01 @169
epoch  182 | train 7.339983e-01 | val 7.356241e-01 |   1.119 s | best 7.354438e-01 @169
epoch  183 | train 7.336483e-01 | val 7.356606e-01 |   1.123 s | best 7.354438e-01 @169
epoch  184 | train 7.374231e-01 | val 7.356925e-01 |   1.119 s | best 7.354438e-01 @169
# done        : 184 epochs, stopped_by=patience, aborted=False, best val 7.354438e-01 @ epoch 169, wall 223.1 s, 1.212 s/epoch
