
# ===== 2026-09-21 04:40:23 KST  HPO attempt 27  testbed D1 prior S  Nr=8 Nt=4
# DEVICE      : cuda | cuda_available=True | NVIDIA RTX PRO 6000 Blackwell Server Edition | torch 2.14.0+cu130 | train dtype float32 (01_RULES §9.5)
# data        : n_train=9000 n_val=1000 split_hash=98d6225d67f9c15a E||H||_F^2/(NrNt)=1.000268 (04_SPEC §2)
# sigma grid  : MEASURED, 20 points, log-uniform draw over [3.2936e-02, 7.9084e-01]
# hp          : {'arch': 'conv', 'param': 've', 'domain': 'angle', 'lr': 0.002280936396719005, 'ema': 0.9995, 'batch': 512, 'emb': 128, 'width': 16, 'depth': 5}  params=26130
# stopping    : patience 15 on val loss, never before 0 epochs, max 600 (01_RULES §5)
epoch    1 | train 9.288359e-01 | val 9.896162e-01 |   0.145 s | best 9.896162e-01 @1 *
epoch    2 | train 8.919062e-01 | val 9.883321e-01 |   0.132 s | best 9.883321e-01 @2 *
epoch    3 | train 8.677085e-01 | val 9.872523e-01 |   0.149 s | best 9.872523e-01 @3 *
epoch    4 | train 8.566455e-01 | val 9.864078e-01 |   0.141 s | best 9.864078e-01 @4 *
epoch    5 | train 8.333759e-01 | val 9.856778e-01 |   0.141 s | best 9.856778e-01 @5 *
epoch    6 | train 8.150396e-01 | val 9.850590e-01 |   0.139 s | best 9.850590e-01 @6 *
epoch    7 | train 8.163991e-01 | val 9.844843e-01 |   0.141 s | best 9.844843e-01 @7 *
epoch    8 | train 8.023415e-01 | val 9.839115e-01 |   0.141 s | best 9.839115e-01 @8 *
epoch    9 | train 7.992604e-01 | val 9.833457e-01 |   0.136 s | best 9.833457e-01 @9 *
epoch   10 | train 7.870280e-01 | val 9.827293e-01 |   0.137 s | best 9.827293e-01 @10 *
epoch   11 | train 7.753193e-01 | val 9.820431e-01 |   0.140 s | best 9.820431e-01 @11 *
epoch   12 | train 7.704658e-01 | val 9.812933e-01 |   0.125 s | best 9.812933e-01 @12 *
epoch   13 | train 7.683954e-01 | val 9.805025e-01 |   0.124 s | best 9.805025e-01 @13 *
epoch   14 | train 7.684380e-01 | val 9.796808e-01 |   0.123 s | best 9.796808e-01 @14 *
epoch   15 | train 7.655098e-01 | val 9.788417e-01 |   0.120 s | best 9.788417e-01 @15 *
epoch   16 | train 7.601131e-01 | val 9.779842e-01 |   0.121 s | best 9.779842e-01 @16 *
epoch   17 | train 7.609267e-01 | val 9.771075e-01 |   0.121 s | best 9.771075e-01 @17 *
epoch   18 | train 7.663677e-01 | val 9.762264e-01 |   0.121 s | best 9.762264e-01 @18 *
epoch   19 | train 7.607409e-01 | val 9.753251e-01 |   0.120 s | best 9.753251e-01 @19 *
epoch   20 | train 7.604686e-01 | val 9.744093e-01 |   0.121 s | best 9.744093e-01 @20 *
epoch   21 | train 7.558733e-01 | val 9.734936e-01 |   0.121 s | best 9.734936e-01 @21 *
epoch   22 | train 7.596902e-01 | val 9.725696e-01 |   0.120 s | best 9.725696e-01 @22 *
epoch   23 | train 7.613789e-01 | val 9.716393e-01 |   0.122 s | best 9.716393e-01 @23 *
epoch   24 | train 7.570620e-01 | val 9.706964e-01 |   0.121 s | best 9.706964e-01 @24 *
epoch   25 | train 7.516968e-01 | val 9.697316e-01 |   0.136 s | best 9.697316e-01 @25 *
epoch   26 | train 7.542390e-01 | val 9.687577e-01 |   0.164 s | best 9.687577e-01 @26 *
epoch   27 | train 7.562704e-01 | val 9.677814e-01 |   0.143 s | best 9.677814e-01 @27 *
epoch   28 | train 7.549075e-01 | val 9.667979e-01 |   0.136 s | best 9.667979e-01 @28 *
epoch   29 | train 7.541989e-01 | val 9.658116e-01 |   0.141 s | best 9.658116e-01 @29 *
epoch   30 | train 7.584801e-01 | val 9.648130e-01 |   0.140 s | best 9.648130e-01 @30 *
epoch   31 | train 7.527347e-01 | val 9.638039e-01 |   0.140 s | best 9.638039e-01 @31 *
epoch   32 | train 7.564150e-01 | val 9.627815e-01 |   0.141 s | best 9.627815e-01 @32 *
epoch   33 | train 7.553308e-01 | val 9.617509e-01 |   0.141 s | best 9.617509e-01 @33 *
epoch   34 | train 7.565099e-01 | val 9.607088e-01 |   0.129 s | best 9.607088e-01 @34 *
epoch   35 | train 7.542566e-01 | val 9.596505e-01 |   0.123 s | best 9.596505e-01 @35 *
epoch   36 | train 7.513463e-01 | val 9.585876e-01 |   0.124 s | best 9.585876e-01 @36 *
epoch   37 | train 7.488928e-01 | val 9.575239e-01 |   0.123 s | best 9.575239e-01 @37 *
epoch   38 | train 7.545771e-01 | val 9.564552e-01 |   0.122 s | best 9.564552e-01 @38 *
epoch   39 | train 7.506141e-01 | val 9.553596e-01 |   0.121 s | best 9.553596e-01 @39 *
epoch   40 | train 7.504823e-01 | val 9.542568e-01 |   0.121 s | best 9.542568e-01 @40 *
epoch   41 | train 7.491396e-01 | val 9.531476e-01 |   0.121 s | best 9.531476e-01 @41 *
epoch   42 | train 7.497436e-01 | val 9.520389e-01 |   0.122 s | best 9.520389e-01 @42 *
epoch   43 | train 7.527055e-01 | val 9.509141e-01 |   0.122 s | best 9.509141e-01 @43 *
epoch   44 | train 7.517678e-01 | val 9.497903e-01 |   0.120 s | best 9.497903e-01 @44 *
epoch   45 | train 7.522997e-01 | val 9.486600e-01 |   0.122 s | best 9.486600e-01 @45 *
epoch   46 | train 7.519967e-01 | val 9.475241e-01 |   0.122 s | best 9.475241e-01 @46 *
epoch   47 | train 7.506193e-01 | val 9.463788e-01 |   0.120 s | best 9.463788e-01 @47 *
epoch   48 | train 7.497797e-01 | val 9.452204e-01 |   0.121 s | best 9.452204e-01 @48 *
epoch   49 | train 7.523436e-01 | val 9.440498e-01 |   0.162 s | best 9.440498e-01 @49 *
epoch   50 | train 7.487158e-01 | val 9.428775e-01 |   0.147 s | best 9.428775e-01 @50 *
epoch   51 | train 7.496154e-01 | val 9.417183e-01 |   0.141 s | best 9.417183e-01 @51 *
epoch   52 | train 7.470056e-01 | val 9.405444e-01 |   0.141 s | best 9.405444e-01 @52 *
epoch   53 | train 7.475298e-01 | val 9.393584e-01 |   0.138 s | best 9.393584e-01 @53 *
epoch   54 | train 7.542729e-01 | val 9.381704e-01 |   0.141 s | best 9.381704e-01 @54 *
epoch   55 | train 7.518737e-01 | val 9.369764e-01 |   0.142 s | best 9.369764e-01 @55 *
epoch   56 | train 7.524138e-01 | val 9.357690e-01 |   0.136 s | best 9.357690e-01 @56 *
epoch   57 | train 7.490165e-01 | val 9.345555e-01 |   0.141 s | best 9.345555e-01 @57 *
epoch   58 | train 7.490116e-01 | val 9.333544e-01 |   0.136 s | best 9.333544e-01 @58 *
epoch   59 | train 7.483897e-01 | val 9.321390e-01 |   0.122 s | best 9.321390e-01 @59 *
epoch   60 | train 7.501732e-01 | val 9.309260e-01 |   0.121 s | best 9.309260e-01 @60 *
epoch   61 | train 7.528455e-01 | val 9.297135e-01 |   0.130 s | best 9.297135e-01 @61 *
epoch   62 | train 7.474490e-01 | val 9.285087e-01 |   0.120 s | best 9.285087e-01 @62 *
epoch   63 | train 7.487451e-01 | val 9.272854e-01 |   0.122 s | best 9.272854e-01 @63 *
epoch   64 | train 7.504235e-01 | val 9.260643e-01 |   0.122 s | best 9.260643e-01 @64 *
epoch   65 | train 7.519925e-01 | val 9.248317e-01 |   0.121 s | best 9.248317e-01 @65 *
epoch   66 | train 7.515416e-01 | val 9.235995e-01 |   0.121 s | best 9.235995e-01 @66 *
epoch   67 | train 7.522118e-01 | val 9.223631e-01 |   0.122 s | best 9.223631e-01 @67 *
epoch   68 | train 7.516909e-01 | val 9.211240e-01 |   0.119 s | best 9.211240e-01 @68 *
epoch   69 | train 7.547619e-01 | val 9.198848e-01 |   0.118 s | best 9.198848e-01 @69 *
epoch   70 | train 7.522591e-01 | val 9.186508e-01 |   0.122 s | best 9.186508e-01 @70 *
epoch   71 | train 7.505990e-01 | val 9.174120e-01 |   0.122 s | best 9.174120e-01 @71 *
epoch   72 | train 7.472341e-01 | val 9.161630e-01 |   0.121 s | best 9.161630e-01 @72 *
epoch   73 | train 7.548132e-01 | val 9.149203e-01 |   0.122 s | best 9.149203e-01 @73 *
epoch   74 | train 7.505722e-01 | val 9.136792e-01 |   0.162 s | best 9.136792e-01 @74 *
epoch   75 | train 7.492429e-01 | val 9.124212e-01 |   0.149 s | best 9.124212e-01 @75 *
epoch   76 | train 7.466923e-01 | val 9.111592e-01 |   0.141 s | best 9.111592e-01 @76 *
epoch   77 | train 7.470757e-01 | val 9.099002e-01 |   0.141 s | best 9.099002e-01 @77 *
epoch   78 | train 7.491824e-01 | val 9.086416e-01 |   0.136 s | best 9.086416e-01 @78 *
epoch   79 | train 7.455406e-01 | val 9.073859e-01 |   0.140 s | best 9.073859e-01 @79 *
epoch   80 | train 7.466783e-01 | val 9.061267e-01 |   0.140 s | best 9.061267e-01 @80 *
epoch   81 | train 7.475029e-01 | val 9.048746e-01 |   0.138 s | best 9.048746e-01 @81 *
epoch   82 | train 7.537575e-01 | val 9.036233e-01 |   0.141 s | best 9.036233e-01 @82 *
epoch   83 | train 7.514285e-01 | val 9.023665e-01 |   0.136 s | best 9.023665e-01 @83 *
epoch   84 | train 7.502283e-01 | val 9.011287e-01 |   0.124 s | best 9.011287e-01 @84 *
epoch   85 | train 7.502370e-01 | val 8.998887e-01 |   0.121 s | best 8.998887e-01 @85 *
epoch   86 | train 7.556496e-01 | val 8.986434e-01 |   0.122 s | best 8.986434e-01 @86 *
epoch   87 | train 7.508187e-01 | val 8.973820e-01 |   0.122 s | best 8.973820e-01 @87 *
epoch   88 | train 7.489378e-01 | val 8.961250e-01 |   0.122 s | best 8.961250e-01 @88 *
epoch   89 | train 7.555885e-01 | val 8.948774e-01 |   0.122 s | best 8.948774e-01 @89 *
epoch   90 | train 7.500572e-01 | val 8.936362e-01 |   0.122 s | best 8.936362e-01 @90 *
epoch   91 | train 7.453271e-01 | val 8.923966e-01 |   0.121 s | best 8.923966e-01 @91 *
epoch   92 | train 7.482635e-01 | val 8.911445e-01 |   0.122 s | best 8.911445e-01 @92 *
epoch   93 | train 7.476941e-01 | val 8.898885e-01 |   0.123 s | best 8.898885e-01 @93 *
epoch   94 | train 7.465513e-01 | val 8.886501e-01 |   0.121 s | best 8.886501e-01 @94 *
epoch   95 | train 7.510812e-01 | val 8.874258e-01 |   0.123 s | best 8.874258e-01 @95 *
epoch   96 | train 7.439363e-01 | val 8.861843e-01 |   0.122 s | best 8.861843e-01 @96 *
epoch   97 | train 7.446857e-01 | val 8.849550e-01 |   0.142 s | best 8.849550e-01 @97 *
epoch   98 | train 7.444186e-01 | val 8.837337e-01 |   0.163 s | best 8.837337e-01 @98 *
epoch   99 | train 7.479800e-01 | val 8.825082e-01 |   0.140 s | best 8.825082e-01 @99 *
epoch  100 | train 7.486283e-01 | val 8.812873e-01 |   0.135 s | best 8.812873e-01 @100 *
epoch  101 | train 7.474070e-01 | val 8.800539e-01 |   0.136 s | best 8.800539e-01 @101 *
epoch  102 | train 7.476483e-01 | val 8.788383e-01 |   0.125 s | best 8.788383e-01 @102 *
epoch  103 | train 7.483884e-01 | val 8.776103e-01 |   0.136 s | best 8.776103e-01 @103 *
epoch  104 | train 7.419849e-01 | val 8.763907e-01 |   0.141 s | best 8.763907e-01 @104 *
epoch  105 | train 7.481128e-01 | val 8.751917e-01 |   0.141 s | best 8.751917e-01 @105 *
epoch  106 | train 7.460783e-01 | val 8.739845e-01 |   0.134 s | best 8.739845e-01 @106 *
epoch  107 | train 7.454841e-01 | val 8.727772e-01 |   0.132 s | best 8.727772e-01 @107 *
epoch  108 | train 7.513669e-01 | val 8.715709e-01 |   0.122 s | best 8.715709e-01 @108 *
epoch  109 | train 7.498637e-01 | val 8.703692e-01 |   0.121 s | best 8.703692e-01 @109 *
epoch  110 | train 7.489986e-01 | val 8.691598e-01 |   0.122 s | best 8.691598e-01 @110 *
epoch  111 | train 7.470512e-01 | val 8.679585e-01 |   0.122 s | best 8.679585e-01 @111 *
epoch  112 | train 7.509957e-01 | val 8.667679e-01 |   0.121 s | best 8.667679e-01 @112 *
epoch  113 | train 7.451666e-01 | val 8.655859e-01 |   0.123 s | best 8.655859e-01 @113 *
epoch  114 | train 7.462532e-01 | val 8.643914e-01 |   0.122 s | best 8.643914e-01 @114 *
epoch  115 | train 7.496906e-01 | val 8.632172e-01 |   0.123 s | best 8.632172e-01 @115 *
epoch  116 | train 7.488680e-01 | val 8.620247e-01 |   0.121 s | best 8.620247e-01 @116 *
epoch  117 | train 7.449084e-01 | val 8.608463e-01 |   0.122 s | best 8.608463e-01 @117 *
epoch  118 | train 7.444918e-01 | val 8.596655e-01 |   0.122 s | best 8.596655e-01 @118 *
epoch  119 | train 7.450703e-01 | val 8.584953e-01 |   0.122 s | best 8.584953e-01 @119 *
epoch  120 | train 7.487638e-01 | val 8.573319e-01 |   0.135 s | best 8.573319e-01 @120 *
epoch  121 | train 7.486870e-01 | val 8.561671e-01 |   0.164 s | best 8.561671e-01 @121 *
epoch  122 | train 7.476433e-01 | val 8.550190e-01 |   0.143 s | best 8.550190e-01 @122 *
epoch  123 | train 7.439204e-01 | val 8.538594e-01 |   0.141 s | best 8.538594e-01 @123 *
epoch  124 | train 7.485250e-01 | val 8.527111e-01 |   0.141 s | best 8.527111e-01 @124 *
epoch  125 | train 7.486395e-01 | val 8.515731e-01 |   0.136 s | best 8.515731e-01 @125 *
epoch  126 | train 7.447182e-01 | val 8.504268e-01 |   0.141 s | best 8.504268e-01 @126 *
epoch  127 | train 7.465125e-01 | val 8.493178e-01 |   0.141 s | best 8.493178e-01 @127 *
epoch  128 | train 7.479115e-01 | val 8.481954e-01 |   0.136 s | best 8.481954e-01 @128 *
epoch  129 | train 7.465174e-01 | val 8.470739e-01 |   0.138 s | best 8.470739e-01 @129 *
epoch  130 | train 7.477238e-01 | val 8.459573e-01 |   0.131 s | best 8.459573e-01 @130 *
epoch  131 | train 7.463839e-01 | val 8.448309e-01 |   0.121 s | best 8.448309e-01 @131 *
epoch  132 | train 7.427734e-01 | val 8.437191e-01 |   0.123 s | best 8.437191e-01 @132 *
epoch  133 | train 7.430691e-01 | val 8.426220e-01 |   0.127 s | best 8.426220e-01 @133 *
epoch  134 | train 7.477395e-01 | val 8.415289e-01 |   0.121 s | best 8.415289e-01 @134 *
epoch  135 | train 7.513151e-01 | val 8.404186e-01 |   0.119 s | best 8.404186e-01 @135 *
epoch  136 | train 7.487938e-01 | val 8.393446e-01 |   0.120 s | best 8.393446e-01 @136 *
epoch  137 | train 7.478616e-01 | val 8.382584e-01 |   0.121 s | best 8.382584e-01 @137 *
epoch  138 | train 7.423780e-01 | val 8.371814e-01 |   0.122 s | best 8.371814e-01 @138 *
epoch  139 | train 7.429433e-01 | val 8.361360e-01 |   0.122 s | best 8.361360e-01 @139 *
epoch  140 | train 7.484054e-01 | val 8.350690e-01 |   0.122 s | best 8.350690e-01 @140 *
epoch  141 | train 7.479851e-01 | val 8.340113e-01 |   0.121 s | best 8.340113e-01 @141 *
epoch  142 | train 7.462865e-01 | val 8.329547e-01 |   0.123 s | best 8.329547e-01 @142 *
epoch  143 | train 7.475452e-01 | val 8.319048e-01 |   0.123 s | best 8.319048e-01 @143 *
epoch  144 | train 7.484662e-01 | val 8.308572e-01 |   0.153 s | best 8.308572e-01 @144 *
epoch  145 | train 7.468459e-01 | val 8.298159e-01 |   0.154 s | best 8.298159e-01 @145 *
epoch  146 | train 7.477273e-01 | val 8.287852e-01 |   0.139 s | best 8.287852e-01 @146 *
epoch  147 | train 7.432823e-01 | val 8.277652e-01 |   0.140 s | best 8.277652e-01 @147 *
epoch  148 | train 7.438804e-01 | val 8.267568e-01 |   0.141 s | best 8.267568e-01 @148 *
epoch  149 | train 7.516357e-01 | val 8.257757e-01 |   0.138 s | best 8.257757e-01 @149 *
epoch  150 | train 7.472831e-01 | val 8.247986e-01 |   0.141 s | best 8.247986e-01 @150 *
epoch  151 | train 7.471822e-01 | val 8.238276e-01 |   0.141 s | best 8.238276e-01 @151 *
epoch  152 | train 7.452041e-01 | val 8.228464e-01 |   0.135 s | best 8.228464e-01 @152 *
epoch  153 | train 7.495539e-01 | val 8.218895e-01 |   0.137 s | best 8.218895e-01 @153 *
epoch  154 | train 7.467902e-01 | val 8.209190e-01 |   0.129 s | best 8.209190e-01 @154 *
epoch  155 | train 7.484523e-01 | val 8.199680e-01 |   0.123 s | best 8.199680e-01 @155 *
epoch  156 | train 7.475639e-01 | val 8.190175e-01 |   0.124 s | best 8.190175e-01 @156 *
epoch  157 | train 7.505685e-01 | val 8.180652e-01 |   0.123 s | best 8.180652e-01 @157 *
epoch  158 | train 7.494325e-01 | val 8.171194e-01 |   0.122 s | best 8.171194e-01 @158 *
epoch  159 | train 7.488335e-01 | val 8.161803e-01 |   0.120 s | best 8.161803e-01 @159 *
epoch  160 | train 7.461666e-01 | val 8.152583e-01 |   0.122 s | best 8.152583e-01 @160 *
epoch  161 | train 7.464833e-01 | val 8.143227e-01 |   0.122 s | best 8.143227e-01 @161 *
epoch  162 | train 7.440427e-01 | val 8.134116e-01 |   0.121 s | best 8.134116e-01 @162 *
epoch  163 | train 7.437357e-01 | val 8.125038e-01 |   0.122 s | best 8.125038e-01 @163 *
epoch  164 | train 7.419681e-01 | val 8.116307e-01 |   0.122 s | best 8.116307e-01 @164 *
epoch  165 | train 7.470985e-01 | val 8.107383e-01 |   0.121 s | best 8.107383e-01 @165 *
epoch  166 | train 7.472420e-01 | val 8.098698e-01 |   0.122 s | best 8.098698e-01 @166 *
epoch  167 | train 7.478671e-01 | val 8.090004e-01 |   0.152 s | best 8.090004e-01 @167 *
epoch  168 | train 7.448041e-01 | val 8.081491e-01 |   0.145 s | best 8.081491e-01 @168 *
epoch  169 | train 7.501558e-01 | val 8.072773e-01 |   0.128 s | best 8.072773e-01 @169 *
epoch  170 | train 7.486630e-01 | val 8.064199e-01 |   0.140 s | best 8.064199e-01 @170 *
epoch  171 | train 7.476557e-01 | val 8.055755e-01 |   0.140 s | best 8.055755e-01 @171 *
epoch  172 | train 7.434475e-01 | val 8.047331e-01 |   0.141 s | best 8.047331e-01 @172 *
epoch  173 | train 7.423228e-01 | val 8.038976e-01 |   0.141 s | best 8.038976e-01 @173 *
epoch  174 | train 7.440952e-01 | val 8.030480e-01 |   0.139 s | best 8.030480e-01 @174 *
epoch  175 | train 7.435372e-01 | val 8.022175e-01 |   0.141 s | best 8.022175e-01 @175 *
epoch  176 | train 7.513706e-01 | val 8.014132e-01 |   0.138 s | best 8.014132e-01 @176 *
epoch  177 | train 7.509922e-01 | val 8.005934e-01 |   0.129 s | best 8.005934e-01 @177 *
epoch  178 | train 7.502677e-01 | val 7.998123e-01 |   0.124 s | best 7.998123e-01 @178 *
epoch  179 | train 7.462710e-01 | val 7.990241e-01 |   0.125 s | best 7.990241e-01 @179 *
epoch  180 | train 7.479754e-01 | val 7.982381e-01 |   0.121 s | best 7.982381e-01 @180 *
epoch  181 | train 7.443615e-01 | val 7.974424e-01 |   0.121 s | best 7.974424e-01 @181 *
epoch  182 | train 7.465324e-01 | val 7.966783e-01 |   0.123 s | best 7.966783e-01 @182 *
epoch  183 | train 7.431780e-01 | val 7.959170e-01 |   0.121 s | best 7.959170e-01 @183 *
epoch  184 | train 7.463087e-01 | val 7.951493e-01 |   0.121 s | best 7.951493e-01 @184 *
epoch  185 | train 7.453356e-01 | val 7.944062e-01 |   0.122 s | best 7.944062e-01 @185 *
epoch  186 | train 7.469270e-01 | val 7.936535e-01 |   0.122 s | best 7.936535e-01 @186 *
epoch  187 | train 7.432511e-01 | val 7.929139e-01 |   0.120 s | best 7.929139e-01 @187 *
epoch  188 | train 7.517581e-01 | val 7.921870e-01 |   0.122 s | best 7.921870e-01 @188 *
epoch  189 | train 7.457338e-01 | val 7.914638e-01 |   0.123 s | best 7.914638e-01 @189 *
epoch  190 | train 7.440306e-01 | val 7.907256e-01 |   0.129 s | best 7.907256e-01 @190 *
epoch  191 | train 7.501322e-01 | val 7.900110e-01 |   0.164 s | best 7.900110e-01 @191 *
epoch  192 | train 7.462430e-01 | val 7.893167e-01 |   0.147 s | best 7.893167e-01 @192 *
epoch  193 | train 7.467673e-01 | val 7.886381e-01 |   0.137 s | best 7.886381e-01 @193 *
epoch  194 | train 7.448766e-01 | val 7.879564e-01 |   0.141 s | best 7.879564e-01 @194 *
epoch  195 | train 7.402218e-01 | val 7.872757e-01 |   0.141 s | best 7.872757e-01 @195 *
epoch  196 | train 7.446849e-01 | val 7.866031e-01 |   0.138 s | best 7.866031e-01 @196 *
epoch  197 | train 7.508831e-01 | val 7.859305e-01 |   0.141 s | best 7.859305e-01 @197 *
epoch  198 | train 7.454730e-01 | val 7.852557e-01 |   0.141 s | best 7.852557e-01 @198 *
epoch  199 | train 7.461600e-01 | val 7.845904e-01 |   0.136 s | best 7.845904e-01 @199 *
epoch  200 | train 7.453381e-01 | val 7.839384e-01 |   0.136 s | best 7.839384e-01 @200 *
epoch  201 | train 7.454122e-01 | val 7.832792e-01 |   0.122 s | best 7.832792e-01 @201 *
epoch  202 | train 7.478457e-01 | val 7.826132e-01 |   0.120 s | best 7.826132e-01 @202 *
epoch  203 | train 7.471736e-01 | val 7.819793e-01 |   0.124 s | best 7.819793e-01 @203 *
epoch  204 | train 7.451477e-01 | val 7.813483e-01 |   0.124 s | best 7.813483e-01 @204 *
epoch  205 | train 7.551037e-01 | val 7.807275e-01 |   0.122 s | best 7.807275e-01 @205 *
epoch  206 | train 7.479377e-01 | val 7.801090e-01 |   0.124 s | best 7.801090e-01 @206 *
epoch  207 | train 7.415856e-01 | val 7.794998e-01 |   0.124 s | best 7.794998e-01 @207 *
epoch  208 | train 7.457643e-01 | val 7.788889e-01 |   0.123 s | best 7.788889e-01 @208 *
epoch  209 | train 7.496501e-01 | val 7.782907e-01 |   0.123 s | best 7.782907e-01 @209 *
epoch  210 | train 7.478151e-01 | val 7.776917e-01 |   0.124 s | best 7.776917e-01 @210 *
epoch  211 | train 7.481148e-01 | val 7.770978e-01 |   0.123 s | best 7.770978e-01 @211 *
epoch  212 | train 7.474209e-01 | val 7.765092e-01 |   0.120 s | best 7.765092e-01 @212 *
epoch  213 | train 7.490935e-01 | val 7.759110e-01 |   0.126 s | best 7.759110e-01 @213 *
epoch  214 | train 7.489776e-01 | val 7.753476e-01 |   0.164 s | best 7.753476e-01 @214 *
epoch  215 | train 7.452466e-01 | val 7.747729e-01 |   0.158 s | best 7.747729e-01 @215 *
epoch  216 | train 7.428524e-01 | val 7.741996e-01 |   0.163 s | best 7.741996e-01 @216 *
epoch  217 | train 7.462157e-01 | val 7.736560e-01 |   0.159 s | best 7.736560e-01 @217 *
epoch  218 | train 7.478109e-01 | val 7.730998e-01 |   0.163 s | best 7.730998e-01 @218 *
epoch  219 | train 7.456067e-01 | val 7.725490e-01 |   0.162 s | best 7.725490e-01 @219 *
epoch  220 | train 7.448078e-01 | val 7.720042e-01 |   0.155 s | best 7.720042e-01 @220 *
epoch  221 | train 7.432503e-01 | val 7.714656e-01 |   0.163 s | best 7.714656e-01 @221 *
epoch  222 | train 7.482340e-01 | val 7.709237e-01 |   0.130 s | best 7.709237e-01 @222 *
epoch  223 | train 7.452558e-01 | val 7.704073e-01 |   0.127 s | best 7.704073e-01 @223 *
epoch  224 | train 7.452420e-01 | val 7.698765e-01 |   0.123 s | best 7.698765e-01 @224 *
epoch  225 | train 7.386113e-01 | val 7.693630e-01 |   0.121 s | best 7.693630e-01 @225 *
epoch  226 | train 7.439319e-01 | val 7.688488e-01 |   0.121 s | best 7.688488e-01 @226 *
epoch  227 | train 7.472486e-01 | val 7.683374e-01 |   0.132 s | best 7.683374e-01 @227 *
epoch  228 | train 7.463934e-01 | val 7.678348e-01 |   0.135 s | best 7.678348e-01 @228 *
epoch  229 | train 7.496738e-01 | val 7.673400e-01 |   0.123 s | best 7.673400e-01 @229 *
epoch  230 | train 7.427739e-01 | val 7.668561e-01 |   0.122 s | best 7.668561e-01 @230 *
epoch  231 | train 7.443276e-01 | val 7.663761e-01 |   0.121 s | best 7.663761e-01 @231 *
epoch  232 | train 7.463020e-01 | val 7.659073e-01 |   0.119 s | best 7.659073e-01 @232 *
epoch  233 | train 7.462926e-01 | val 7.654380e-01 |   0.118 s | best 7.654380e-01 @233 *
epoch  234 | train 7.457121e-01 | val 7.649649e-01 |   0.118 s | best 7.649649e-01 @234 *
epoch  235 | train 7.442155e-01 | val 7.645116e-01 |   0.119 s | best 7.645116e-01 @235 *
epoch  236 | train 7.460925e-01 | val 7.640603e-01 |   0.120 s | best 7.640603e-01 @236 *
epoch  237 | train 7.410320e-01 | val 7.636076e-01 |   0.121 s | best 7.636076e-01 @237 *
epoch  238 | train 7.444415e-01 | val 7.631522e-01 |   0.139 s | best 7.631522e-01 @238 *
epoch  239 | train 7.477550e-01 | val 7.627212e-01 |   0.163 s | best 7.627212e-01 @239 *
epoch  240 | train 7.492067e-01 | val 7.622914e-01 |   0.163 s | best 7.622914e-01 @240 *
epoch  241 | train 7.401513e-01 | val 7.618632e-01 |   0.153 s | best 7.618632e-01 @241 *
epoch  242 | train 7.469373e-01 | val 7.614396e-01 |   0.163 s | best 7.614396e-01 @242 *
epoch  243 | train 7.497052e-01 | val 7.610224e-01 |   0.153 s | best 7.610224e-01 @243 *
epoch  244 | train 7.413802e-01 | val 7.606128e-01 |   0.163 s | best 7.606128e-01 @244 *
epoch  245 | train 7.431044e-01 | val 7.602044e-01 |   0.163 s | best 7.602044e-01 @245 *
epoch  246 | train 7.444855e-01 | val 7.597936e-01 |   0.142 s | best 7.597936e-01 @246 *
epoch  247 | train 7.464963e-01 | val 7.593907e-01 |   0.129 s | best 7.593907e-01 @247 *
epoch  248 | train 7.474807e-01 | val 7.589915e-01 |   0.123 s | best 7.589915e-01 @248 *
epoch  249 | train 7.484119e-01 | val 7.585855e-01 |   0.121 s | best 7.585855e-01 @249 *
epoch  250 | train 7.471676e-01 | val 7.581958e-01 |   0.123 s | best 7.581958e-01 @250 *
epoch  251 | train 7.474297e-01 | val 7.578118e-01 |   0.121 s | best 7.578118e-01 @251 *
epoch  252 | train 7.462941e-01 | val 7.574338e-01 |   0.119 s | best 7.574338e-01 @252 *
epoch  253 | train 7.466679e-01 | val 7.570603e-01 |   0.121 s | best 7.570603e-01 @253 *
epoch  254 | train 7.521693e-01 | val 7.566864e-01 |   0.119 s | best 7.566864e-01 @254 *
epoch  255 | train 7.422450e-01 | val 7.563101e-01 |   0.121 s | best 7.563101e-01 @255 *
epoch  256 | train 7.463480e-01 | val 7.559536e-01 |   0.121 s | best 7.559536e-01 @256 *
epoch  257 | train 7.410742e-01 | val 7.555869e-01 |   0.119 s | best 7.555869e-01 @257 *
epoch  258 | train 7.451985e-01 | val 7.552343e-01 |   0.121 s | best 7.552343e-01 @258 *
epoch  259 | train 7.408278e-01 | val 7.548819e-01 |   0.122 s | best 7.548819e-01 @259 *
epoch  260 | train 7.475927e-01 | val 7.545235e-01 |   0.120 s | best 7.545235e-01 @260 *
epoch  261 | train 7.439784e-01 | val 7.541795e-01 |   0.121 s | best 7.541795e-01 @261 *
epoch  262 | train 7.499545e-01 | val 7.538396e-01 |   0.120 s | best 7.538396e-01 @262 *
epoch  263 | train 7.445791e-01 | val 7.535023e-01 |   0.138 s | best 7.535023e-01 @263 *
epoch  264 | train 7.419996e-01 | val 7.531750e-01 |   0.163 s | best 7.531750e-01 @264 *
epoch  265 | train 7.471750e-01 | val 7.528422e-01 |   0.124 s | best 7.528422e-01 @265 *
epoch  266 | train 7.443689e-01 | val 7.525243e-01 |   0.155 s | best 7.525243e-01 @266 *
epoch  267 | train 7.446087e-01 | val 7.522005e-01 |   0.163 s | best 7.522005e-01 @267 *
epoch  268 | train 7.495667e-01 | val 7.518939e-01 |   0.150 s | best 7.518939e-01 @268 *
epoch  269 | train 7.460817e-01 | val 7.515923e-01 |   0.163 s | best 7.515923e-01 @269 *
epoch  270 | train 7.457748e-01 | val 7.512826e-01 |   0.163 s | best 7.512826e-01 @270 *
epoch  271 | train 7.417003e-01 | val 7.509781e-01 |   0.145 s | best 7.509781e-01 @271 *
epoch  272 | train 7.432532e-01 | val 7.506735e-01 |   0.133 s | best 7.506735e-01 @272 *
epoch  273 | train 7.462987e-01 | val 7.503878e-01 |   0.123 s | best 7.503878e-01 @273 *
epoch  274 | train 7.432609e-01 | val 7.500995e-01 |   0.120 s | best 7.500995e-01 @274 *
epoch  275 | train 7.436289e-01 | val 7.498119e-01 |   0.122 s | best 7.498119e-01 @275 *
epoch  276 | train 7.477993e-01 | val 7.495290e-01 |   0.121 s | best 7.495290e-01 @276 *
epoch  277 | train 7.485649e-01 | val 7.492508e-01 |   0.119 s | best 7.492508e-01 @277 *
epoch  278 | train 7.419896e-01 | val 7.489836e-01 |   0.120 s | best 7.489836e-01 @278 *
epoch  279 | train 7.463995e-01 | val 7.487051e-01 |   0.121 s | best 7.487051e-01 @279 *
epoch  280 | train 7.468816e-01 | val 7.484434e-01 |   0.120 s | best 7.484434e-01 @280 *
epoch  281 | train 7.445592e-01 | val 7.481822e-01 |   0.120 s | best 7.481822e-01 @281 *
epoch  282 | train 7.480385e-01 | val 7.479227e-01 |   0.121 s | best 7.479227e-01 @282 *
epoch  283 | train 7.513105e-01 | val 7.476540e-01 |   0.121 s | best 7.476540e-01 @283 *
epoch  284 | train 7.450126e-01 | val 7.474069e-01 |   0.119 s | best 7.474069e-01 @284 *
epoch  285 | train 7.453335e-01 | val 7.471501e-01 |   0.121 s | best 7.471501e-01 @285 *
epoch  286 | train 7.448070e-01 | val 7.469028e-01 |   0.123 s | best 7.469028e-01 @286 *
epoch  287 | train 7.470121e-01 | val 7.466598e-01 |   0.164 s | best 7.466598e-01 @287 *
epoch  288 | train 7.427503e-01 | val 7.464163e-01 |   0.163 s | best 7.464163e-01 @288 *
epoch  289 | train 7.422039e-01 | val 7.461731e-01 |   0.155 s | best 7.461731e-01 @289 *
epoch  290 | train 7.441493e-01 | val 7.459361e-01 |   0.163 s | best 7.459361e-01 @290 *
epoch  291 | train 7.414747e-01 | val 7.456970e-01 |   0.163 s | best 7.456970e-01 @291 *
epoch  292 | train 7.439170e-01 | val 7.454652e-01 |   0.154 s | best 7.454652e-01 @292 *
epoch  293 | train 7.477151e-01 | val 7.452444e-01 |   0.164 s | best 7.452444e-01 @293 *
epoch  294 | train 7.420651e-01 | val 7.450140e-01 |   0.152 s | best 7.450140e-01 @294 *
epoch  295 | train 7.434293e-01 | val 7.447938e-01 |   0.129 s | best 7.447938e-01 @295 *
epoch  296 | train 7.459406e-01 | val 7.445822e-01 |   0.118 s | best 7.445822e-01 @296 *
epoch  297 | train 7.420982e-01 | val 7.443682e-01 |   0.121 s | best 7.443682e-01 @297 *
epoch  298 | train 7.405163e-01 | val 7.441505e-01 |   0.121 s | best 7.441505e-01 @298 *
epoch  299 | train 7.475753e-01 | val 7.439505e-01 |   0.122 s | best 7.439505e-01 @299 *
epoch  300 | train 7.416055e-01 | val 7.437403e-01 |   0.122 s | best 7.437403e-01 @300 *
epoch  301 | train 7.432607e-01 | val 7.435338e-01 |   0.119 s | best 7.435338e-01 @301 *
epoch  302 | train 7.493223e-01 | val 7.433282e-01 |   0.120 s | best 7.433282e-01 @302 *
epoch  303 | train 7.445805e-01 | val 7.431430e-01 |   0.121 s | best 7.431430e-01 @303 *
epoch  304 | train 7.426386e-01 | val 7.429489e-01 |   0.119 s | best 7.429489e-01 @304 *
epoch  305 | train 7.443677e-01 | val 7.427575e-01 |   0.120 s | best 7.427575e-01 @305 *
epoch  306 | train 7.486450e-01 | val 7.425585e-01 |   0.120 s | best 7.425585e-01 @306 *
epoch  307 | train 7.424545e-01 | val 7.423632e-01 |   0.119 s | best 7.423632e-01 @307 *
epoch  308 | train 7.431187e-01 | val 7.421805e-01 |   0.121 s | best 7.421805e-01 @308 *
epoch  309 | train 7.454962e-01 | val 7.419942e-01 |   0.162 s | best 7.419942e-01 @309 *
epoch  310 | train 7.427544e-01 | val 7.418169e-01 |   0.156 s | best 7.418169e-01 @310 *
epoch  311 | train 7.474282e-01 | val 7.416375e-01 |   0.163 s | best 7.416375e-01 @311 *
epoch  312 | train 7.412164e-01 | val 7.414618e-01 |   0.158 s | best 7.414618e-01 @312 *
epoch  313 | train 7.505764e-01 | val 7.412841e-01 |   0.163 s | best 7.412841e-01 @313 *
epoch  314 | train 7.469719e-01 | val 7.411091e-01 |   0.151 s | best 7.411091e-01 @314 *
epoch  315 | train 7.410844e-01 | val 7.409430e-01 |   0.153 s | best 7.409430e-01 @315 *
epoch  316 | train 7.394176e-01 | val 7.407842e-01 |   0.163 s | best 7.407842e-01 @316 *
epoch  317 | train 7.481193e-01 | val 7.406147e-01 |   0.140 s | best 7.406147e-01 @317 *
epoch  318 | train 7.441067e-01 | val 7.404544e-01 |   0.123 s | best 7.404544e-01 @318 *
epoch  319 | train 7.421639e-01 | val 7.402869e-01 |   0.121 s | best 7.402869e-01 @319 *
epoch  320 | train 7.502337e-01 | val 7.401366e-01 |   0.121 s | best 7.401366e-01 @320 *
epoch  321 | train 7.479375e-01 | val 7.399785e-01 |   0.119 s | best 7.399785e-01 @321 *
epoch  322 | train 7.504130e-01 | val 7.398255e-01 |   0.120 s | best 7.398255e-01 @322 *
epoch  323 | train 7.459477e-01 | val 7.396784e-01 |   0.120 s | best 7.396784e-01 @323 *
epoch  324 | train 7.443244e-01 | val 7.395290e-01 |   0.119 s | best 7.395290e-01 @324 *
epoch  325 | train 7.454218e-01 | val 7.393779e-01 |   0.121 s | best 7.393779e-01 @325 *
epoch  326 | train 7.408623e-01 | val 7.392468e-01 |   0.121 s | best 7.392468e-01 @326 *
epoch  327 | train 7.420085e-01 | val 7.391074e-01 |   0.120 s | best 7.391074e-01 @327 *
epoch  328 | train 7.502679e-01 | val 7.389667e-01 |   0.119 s | best 7.389667e-01 @328 *
epoch  329 | train 7.469178e-01 | val 7.388266e-01 |   0.375 s | best 7.388266e-01 @329 *
epoch  330 | train 7.494335e-01 | val 7.386847e-01 |   0.462 s | best 7.386847e-01 @330 *
epoch  331 | train 7.426161e-01 | val 7.385615e-01 |   0.462 s | best 7.385615e-01 @331 *
epoch  332 | train 7.411841e-01 | val 7.384335e-01 |   0.449 s | best 7.384335e-01 @332 *
epoch  333 | train 7.433467e-01 | val 7.383025e-01 |   0.422 s | best 7.383025e-01 @333 *
epoch  334 | train 7.447874e-01 | val 7.381763e-01 |   0.421 s | best 7.381763e-01 @334 *
epoch  335 | train 7.457714e-01 | val 7.380537e-01 |   0.421 s | best 7.380537e-01 @335 *
epoch  336 | train 7.445692e-01 | val 7.379311e-01 |   0.440 s | best 7.379311e-01 @336 *
epoch  337 | train 7.475454e-01 | val 7.378161e-01 |   0.463 s | best 7.378161e-01 @337 *
epoch  338 | train 7.439950e-01 | val 7.376978e-01 |   0.451 s | best 7.376978e-01 @338 *
epoch  339 | train 7.466606e-01 | val 7.375807e-01 |   0.443 s | best 7.375807e-01 @339 *
epoch  340 | train 7.498605e-01 | val 7.374676e-01 |   0.421 s | best 7.374676e-01 @340 *
epoch  341 | train 7.456819e-01 | val 7.373550e-01 |   0.421 s | best 7.373550e-01 @341 *
epoch  342 | train 7.437044e-01 | val 7.372413e-01 |   0.421 s | best 7.372413e-01 @342 *
epoch  343 | train 7.428364e-01 | val 7.371256e-01 |   0.446 s | best 7.371256e-01 @343 *
epoch  344 | train 7.481293e-01 | val 7.370200e-01 |   0.461 s | best 7.370200e-01 @344 *
epoch  345 | train 7.414169e-01 | val 7.369099e-01 |   0.462 s | best 7.369099e-01 @345 *
epoch  346 | train 7.443447e-01 | val 7.367980e-01 |   0.434 s | best 7.367980e-01 @346 *
epoch  347 | train 7.465780e-01 | val 7.366930e-01 |   0.421 s | best 7.366930e-01 @347 *
epoch  348 | train 7.391649e-01 | val 7.365901e-01 |   0.420 s | best 7.365901e-01 @348 *
epoch  349 | train 7.436056e-01 | val 7.364867e-01 |   0.421 s | best 7.364867e-01 @349 *
epoch  350 | train 7.410024e-01 | val 7.363837e-01 |   0.455 s | best 7.363837e-01 @350 *
epoch  351 | train 7.456006e-01 | val 7.362850e-01 |   0.462 s | best 7.362850e-01 @351 *
epoch  352 | train 7.480980e-01 | val 7.361875e-01 |   0.461 s | best 7.361875e-01 @352 *
epoch  353 | train 7.454214e-01 | val 7.360904e-01 |   0.425 s | best 7.360904e-01 @353 *
epoch  354 | train 7.468266e-01 | val 7.359936e-01 |   0.460 s | best 7.359936e-01 @354 *
epoch  355 | train 7.425046e-01 | val 7.359092e-01 |   0.460 s | best 7.359092e-01 @355 *
epoch  356 | train 7.429314e-01 | val 7.358099e-01 |   0.459 s | best 7.358099e-01 @356 *
epoch  357 | train 7.445688e-01 | val 7.357128e-01 |   0.452 s | best 7.357128e-01 @357 *
epoch  358 | train 7.470767e-01 | val 7.356231e-01 |   0.461 s | best 7.356231e-01 @358 *
epoch  359 | train 7.414682e-01 | val 7.355392e-01 |   0.459 s | best 7.355392e-01 @359 *
epoch  360 | train 7.435096e-01 | val 7.354438e-01 |   0.459 s | best 7.354438e-01 @360 *
epoch  361 | train 7.427539e-01 | val 7.353543e-01 |   0.462 s | best 7.353543e-01 @361 *
epoch  362 | train 7.462556e-01 | val 7.352720e-01 |   0.462 s | best 7.352720e-01 @362 *
epoch  363 | train 7.429299e-01 | val 7.351843e-01 |   0.460 s | best 7.351843e-01 @363 *
epoch  364 | train 7.475064e-01 | val 7.350987e-01 |   0.457 s | best 7.350987e-01 @364 *
epoch  365 | train 7.421214e-01 | val 7.350155e-01 |   0.462 s | best 7.350155e-01 @365 *
epoch  366 | train 7.458384e-01 | val 7.349306e-01 |   0.450 s | best 7.349306e-01 @366 *
epoch  367 | train 7.425193e-01 | val 7.348561e-01 |   0.462 s | best 7.348561e-01 @367 *
epoch  368 | train 7.421693e-01 | val 7.347749e-01 |   0.458 s | best 7.347749e-01 @368 *
epoch  369 | train 7.451844e-01 | val 7.346983e-01 |   0.459 s | best 7.346983e-01 @369 *
epoch  370 | train 7.483089e-01 | val 7.346265e-01 |   0.468 s | best 7.346265e-01 @370 *
epoch  371 | train 7.483344e-01 | val 7.345507e-01 |   0.465 s | best 7.345507e-01 @371 *
epoch  372 | train 7.415780e-01 | val 7.344757e-01 |   0.465 s | best 7.344757e-01 @372 *
epoch  373 | train 7.461444e-01 | val 7.344045e-01 |   0.460 s | best 7.344045e-01 @373 *
epoch  374 | train 7.465327e-01 | val 7.343354e-01 |   0.464 s | best 7.343354e-01 @374 *
epoch  375 | train 7.473561e-01 | val 7.342612e-01 |   0.454 s | best 7.342612e-01 @375 *
epoch  376 | train 7.459083e-01 | val 7.341907e-01 |   0.465 s | best 7.341907e-01 @376 *
epoch  377 | train 7.435136e-01 | val 7.341166e-01 |   0.462 s | best 7.341166e-01 @377 *
epoch  378 | train 7.456940e-01 | val 7.340567e-01 |   0.457 s | best 7.340567e-01 @378 *
epoch  379 | train 7.467171e-01 | val 7.339888e-01 |   0.466 s | best 7.339888e-01 @379 *
epoch  380 | train 7.442308e-01 | val 7.339293e-01 |   0.465 s | best 7.339293e-01 @380 *
epoch  381 | train 7.455376e-01 | val 7.338660e-01 |   0.465 s | best 7.338660e-01 @381 *
epoch  382 | train 7.411458e-01 | val 7.337977e-01 |   0.456 s | best 7.337977e-01 @382 *
epoch  383 | train 7.442020e-01 | val 7.337436e-01 |   0.465 s | best 7.337436e-01 @383 *
epoch  384 | train 7.436310e-01 | val 7.336840e-01 |   0.459 s | best 7.336840e-01 @384 *
epoch  385 | train 7.447991e-01 | val 7.336259e-01 |   0.461 s | best 7.336259e-01 @385 *
epoch  386 | train 7.415095e-01 | val 7.335711e-01 |   0.461 s | best 7.335711e-01 @386 *
epoch  387 | train 7.460884e-01 | val 7.335137e-01 |   0.461 s | best 7.335137e-01 @387 *
epoch  388 | train 7.447476e-01 | val 7.334562e-01 |   0.466 s | best 7.334562e-01 @388 *
epoch  389 | train 7.425175e-01 | val 7.333978e-01 |   0.465 s | best 7.333978e-01 @389 *
epoch  390 | train 7.470799e-01 | val 7.333433e-01 |   0.466 s | best 7.333433e-01 @390 *
epoch  391 | train 7.464108e-01 | val 7.332926e-01 |   0.460 s | best 7.332926e-01 @391 *
epoch  392 | train 7.429120e-01 | val 7.332320e-01 |   0.464 s | best 7.332320e-01 @392 *
epoch  393 | train 7.461422e-01 | val 7.331827e-01 |   0.466 s | best 7.331827e-01 @393 *
epoch  394 | train 7.502628e-01 | val 7.331247e-01 |   0.454 s | best 7.331247e-01 @394 *
epoch  395 | train 7.451231e-01 | val 7.330784e-01 |   0.462 s | best 7.330784e-01 @395 *
epoch  396 | train 7.464711e-01 | val 7.330319e-01 |   0.459 s | best 7.330319e-01 @396 *
epoch  397 | train 7.439155e-01 | val 7.329797e-01 |   0.466 s | best 7.329797e-01 @397 *
epoch  398 | train 7.438832e-01 | val 7.329276e-01 |   0.469 s | best 7.329276e-01 @398 *
epoch  399 | train 7.484448e-01 | val 7.328808e-01 |   0.466 s | best 7.328808e-01 @399 *
epoch  400 | train 7.406494e-01 | val 7.328322e-01 |   0.458 s | best 7.328322e-01 @400 *
epoch  401 | train 7.474417e-01 | val 7.327862e-01 |   0.465 s | best 7.327862e-01 @401 *
epoch  402 | train 7.456684e-01 | val 7.327429e-01 |   0.465 s | best 7.327429e-01 @402 *
epoch  403 | train 7.400554e-01 | val 7.327001e-01 |   0.453 s | best 7.327001e-01 @403 *
epoch  404 | train 7.408080e-01 | val 7.326574e-01 |   0.463 s | best 7.326574e-01 @404 *
epoch  405 | train 7.435613e-01 | val 7.326066e-01 |   0.458 s | best 7.326066e-01 @405 *
epoch  406 | train 7.407599e-01 | val 7.325643e-01 |   0.466 s | best 7.325643e-01 @406 *
epoch  407 | train 7.483727e-01 | val 7.325233e-01 |   0.466 s | best 7.325233e-01 @407 *
epoch  408 | train 7.473450e-01 | val 7.324765e-01 |   0.465 s | best 7.324765e-01 @408 *
epoch  409 | train 7.476828e-01 | val 7.324377e-01 |   0.459 s | best 7.324377e-01 @409 *
epoch  410 | train 7.478929e-01 | val 7.323919e-01 |   0.462 s | best 7.323919e-01 @410 *
epoch  411 | train 7.468696e-01 | val 7.323502e-01 |   0.466 s | best 7.323502e-01 @411 *
epoch  412 | train 7.477086e-01 | val 7.323025e-01 |   0.453 s | best 7.323025e-01 @412 *
epoch  413 | train 7.423747e-01 | val 7.322674e-01 |   0.462 s | best 7.322674e-01 @413 *
epoch  414 | train 7.466357e-01 | val 7.322254e-01 |   0.461 s | best 7.322254e-01 @414 *
epoch  415 | train 7.420090e-01 | val 7.321870e-01 |   0.462 s | best 7.321870e-01 @415 *
epoch  416 | train 7.494046e-01 | val 7.321528e-01 |   0.465 s | best 7.321528e-01 @416 *
epoch  417 | train 7.395470e-01 | val 7.321087e-01 |   0.462 s | best 7.321087e-01 @417 *
epoch  418 | train 7.422001e-01 | val 7.320711e-01 |   0.441 s | best 7.320711e-01 @418 *
epoch  419 | train 7.453659e-01 | val 7.320339e-01 |   0.454 s | best 7.320339e-01 @419 *
epoch  420 | train 7.409128e-01 | val 7.319939e-01 |   0.439 s | best 7.319939e-01 @420 *
epoch  421 | train 7.405539e-01 | val 7.319646e-01 |   0.438 s | best 7.319646e-01 @421 *
epoch  422 | train 7.481042e-01 | val 7.319317e-01 |   0.437 s | best 7.319317e-01 @422 *
epoch  423 | train 7.438385e-01 | val 7.318930e-01 |   0.435 s | best 7.318930e-01 @423 *
epoch  424 | train 7.421465e-01 | val 7.318580e-01 |   0.439 s | best 7.318580e-01 @424 *
epoch  425 | train 7.417532e-01 | val 7.318222e-01 |   0.439 s | best 7.318222e-01 @425 *
epoch  426 | train 7.472211e-01 | val 7.317880e-01 |   0.440 s | best 7.317880e-01 @426 *
epoch  427 | train 7.413264e-01 | val 7.317543e-01 |   0.434 s | best 7.317543e-01 @427 *
epoch  428 | train 7.501199e-01 | val 7.317206e-01 |   0.438 s | best 7.317206e-01 @428 *
epoch  429 | train 7.427314e-01 | val 7.316875e-01 |   0.440 s | best 7.316875e-01 @429 *
epoch  430 | train 7.529606e-01 | val 7.316583e-01 |   0.439 s | best 7.316583e-01 @430 *
epoch  431 | train 7.487947e-01 | val 7.316266e-01 |   0.432 s | best 7.316266e-01 @431 *
epoch  432 | train 7.434405e-01 | val 7.315943e-01 |   0.437 s | best 7.315943e-01 @432 *
epoch  433 | train 7.422997e-01 | val 7.315605e-01 |   0.439 s | best 7.315605e-01 @433 *
epoch  434 | train 7.447650e-01 | val 7.315282e-01 |   0.441 s | best 7.315282e-01 @434 *
epoch  435 | train 7.430695e-01 | val 7.315015e-01 |   0.439 s | best 7.315015e-01 @435 *
epoch  436 | train 7.460858e-01 | val 7.314737e-01 |   0.434 s | best 7.314737e-01 @436 *
epoch  437 | train 7.439909e-01 | val 7.314409e-01 |   0.441 s | best 7.314409e-01 @437 *
epoch  438 | train 7.437622e-01 | val 7.314118e-01 |   0.439 s | best 7.314118e-01 @438 *
epoch  439 | train 7.420195e-01 | val 7.313894e-01 |   0.440 s | best 7.313894e-01 @439 *
epoch  440 | train 7.444165e-01 | val 7.313585e-01 |   0.435 s | best 7.313585e-01 @440 *
epoch  441 | train 7.411096e-01 | val 7.313277e-01 |   0.430 s | best 7.313277e-01 @441 *
epoch  442 | train 7.458264e-01 | val 7.313019e-01 |   0.439 s | best 7.313019e-01 @442 *
epoch  443 | train 7.402717e-01 | val 7.312719e-01 |   0.438 s | best 7.312719e-01 @443 *
epoch  444 | train 7.457212e-01 | val 7.312478e-01 |   0.439 s | best 7.312478e-01 @444 *
epoch  445 | train 7.453099e-01 | val 7.312247e-01 |   0.433 s | best 7.312247e-01 @445 *
epoch  446 | train 7.466042e-01 | val 7.311968e-01 |   0.439 s | best 7.311968e-01 @446 *
epoch  447 | train 7.469051e-01 | val 7.311695e-01 |   0.444 s | best 7.311695e-01 @447 *
epoch  448 | train 7.464720e-01 | val 7.311420e-01 |   0.439 s | best 7.311420e-01 @448 *
epoch  449 | train 7.411458e-01 | val 7.311155e-01 |   0.437 s | best 7.311155e-01 @449 *
epoch  450 | train 7.440973e-01 | val 7.310939e-01 |   0.437 s | best 7.310939e-01 @450 *
epoch  451 | train 7.410165e-01 | val 7.310666e-01 |   0.434 s | best 7.310666e-01 @451 *
epoch  452 | train 7.428572e-01 | val 7.310395e-01 |   0.440 s | best 7.310395e-01 @452 *
epoch  453 | train 7.440979e-01 | val 7.310184e-01 |   0.439 s | best 7.310184e-01 @453 *
epoch  454 | train 7.435102e-01 | val 7.309977e-01 |   0.434 s | best 7.309977e-01 @454 *
epoch  455 | train 7.439609e-01 | val 7.309700e-01 |   0.440 s | best 7.309700e-01 @455 *
epoch  456 | train 7.463931e-01 | val 7.309504e-01 |   0.440 s | best 7.309504e-01 @456 *
epoch  457 | train 7.433299e-01 | val 7.309248e-01 |   0.439 s | best 7.309248e-01 @457 *
epoch  458 | train 7.386977e-01 | val 7.309064e-01 |   0.436 s | best 7.309064e-01 @458 *
epoch  459 | train 7.470108e-01 | val 7.308853e-01 |   0.438 s | best 7.308853e-01 @459 *
epoch  460 | train 7.446257e-01 | val 7.308677e-01 |   0.440 s | best 7.308677e-01 @460 *
epoch  461 | train 7.448316e-01 | val 7.308503e-01 |   0.435 s | best 7.308503e-01 @461 *
epoch  462 | train 7.427529e-01 | val 7.308319e-01 |   0.439 s | best 7.308319e-01 @462 *
epoch  463 | train 7.415140e-01 | val 7.308097e-01 |   0.434 s | best 7.308097e-01 @463 *
epoch  464 | train 7.455012e-01 | val 7.307921e-01 |   0.441 s | best 7.307921e-01 @464 *
epoch  465 | train 7.463650e-01 | val 7.307723e-01 |   0.440 s | best 7.307723e-01 @465 *
epoch  466 | train 7.498715e-01 | val 7.307541e-01 |   0.441 s | best 7.307541e-01 @466 *
epoch  467 | train 7.441394e-01 | val 7.307317e-01 |   0.436 s | best 7.307317e-01 @467 *
epoch  468 | train 7.429755e-01 | val 7.307089e-01 |   0.437 s | best 7.307089e-01 @468 *
epoch  469 | train 7.451988e-01 | val 7.306927e-01 |   0.439 s | best 7.306927e-01 @469 *
epoch  470 | train 7.469983e-01 | val 7.306759e-01 |   0.438 s | best 7.306759e-01 @470 *
epoch  471 | train 7.394410e-01 | val 7.306584e-01 |   0.435 s | best 7.306584e-01 @471 *
epoch  472 | train 7.361676e-01 | val 7.306405e-01 |   0.435 s | best 7.306405e-01 @472 *
epoch  473 | train 7.456525e-01 | val 7.306242e-01 |   0.439 s | best 7.306242e-01 @473 *
epoch  474 | train 7.416936e-01 | val 7.306060e-01 |   0.443 s | best 7.306060e-01 @474 *
epoch  475 | train 7.439355e-01 | val 7.305930e-01 |   0.440 s | best 7.305930e-01 @475 *
epoch  476 | train 7.414687e-01 | val 7.305735e-01 |   0.437 s | best 7.305735e-01 @476 *
epoch  477 | train 7.468029e-01 | val 7.305552e-01 |   0.435 s | best 7.305552e-01 @477 *
epoch  478 | train 7.454237e-01 | val 7.305362e-01 |   0.440 s | best 7.305362e-01 @478 *
epoch  479 | train 7.451905e-01 | val 7.305165e-01 |   0.439 s | best 7.305165e-01 @479 *
epoch  480 | train 7.411287e-01 | val 7.304996e-01 |   0.434 s | best 7.304996e-01 @480 *
epoch  481 | train 7.456531e-01 | val 7.304857e-01 |   0.435 s | best 7.304857e-01 @481 *
epoch  482 | train 7.481536e-01 | val 7.304681e-01 |   0.439 s | best 7.304681e-01 @482 *
epoch  483 | train 7.467994e-01 | val 7.304581e-01 |   0.440 s | best 7.304581e-01 @483 *
epoch  484 | train 7.451940e-01 | val 7.304463e-01 |   0.440 s | best 7.304463e-01 @484 *
epoch  485 | train 7.440567e-01 | val 7.304317e-01 |   0.437 s | best 7.304317e-01 @485 *
epoch  486 | train 7.418195e-01 | val 7.304141e-01 |   0.438 s | best 7.304141e-01 @486 *
epoch  487 | train 7.466284e-01 | val 7.303988e-01 |   0.440 s | best 7.303988e-01 @487 *
epoch  488 | train 7.430484e-01 | val 7.303827e-01 |   0.440 s | best 7.303827e-01 @488 *
epoch  489 | train 7.428340e-01 | val 7.303721e-01 |   0.439 s | best 7.303721e-01 @489 *
epoch  490 | train 7.489407e-01 | val 7.303602e-01 |   0.430 s | best 7.303602e-01 @490 *
epoch  491 | train 7.469766e-01 | val 7.303479e-01 |   0.441 s | best 7.303479e-01 @491 *
epoch  492 | train 7.434472e-01 | val 7.303343e-01 |   0.440 s | best 7.303343e-01 @492 *
epoch  493 | train 7.459151e-01 | val 7.303200e-01 |   0.439 s | best 7.303200e-01 @493 *
epoch  494 | train 7.444499e-01 | val 7.303047e-01 |   0.437 s | best 7.303047e-01 @494 *
epoch  495 | train 7.455701e-01 | val 7.302919e-01 |   0.436 s | best 7.302919e-01 @495 *
epoch  496 | train 7.429580e-01 | val 7.302819e-01 |   0.438 s | best 7.302819e-01 @496 *
epoch  497 | train 7.495269e-01 | val 7.302701e-01 |   0.440 s | best 7.302701e-01 @497 *
epoch  498 | train 7.461418e-01 | val 7.302560e-01 |   0.439 s | best 7.302560e-01 @498 *
epoch  499 | train 7.401121e-01 | val 7.302427e-01 |   0.434 s | best 7.302427e-01 @499 *
epoch  500 | train 7.420055e-01 | val 7.302299e-01 |   0.434 s | best 7.302299e-01 @500 *
epoch  501 | train 7.485581e-01 | val 7.302147e-01 |   0.440 s | best 7.302147e-01 @501 *
epoch  502 | train 7.430265e-01 | val 7.302019e-01 |   0.440 s | best 7.302019e-01 @502 *
epoch  503 | train 7.478098e-01 | val 7.301866e-01 |   0.436 s | best 7.301866e-01 @503 *
epoch  504 | train 7.426882e-01 | val 7.301789e-01 |   0.440 s | best 7.301789e-01 @504 *
epoch  505 | train 7.409491e-01 | val 7.301666e-01 |   0.439 s | best 7.301666e-01 @505 *
epoch  506 | train 7.461372e-01 | val 7.301554e-01 |   0.441 s | best 7.301554e-01 @506 *
epoch  507 | train 7.445389e-01 | val 7.301446e-01 |   0.439 s | best 7.301446e-01 @507 *
epoch  508 | train 7.439177e-01 | val 7.301349e-01 |   0.435 s | best 7.301349e-01 @508 *
epoch  509 | train 7.436793e-01 | val 7.301247e-01 |   0.442 s | best 7.301247e-01 @509 *
epoch  510 | train 7.457125e-01 | val 7.301160e-01 |   0.435 s | best 7.301160e-01 @510 *
epoch  511 | train 7.463351e-01 | val 7.301048e-01 |   0.441 s | best 7.301048e-01 @511 *
epoch  512 | train 7.403829e-01 | val 7.300974e-01 |   0.438 s | best 7.300974e-01 @512 *
epoch  513 | train 7.449486e-01 | val 7.300890e-01 |   0.440 s | best 7.300890e-01 @513 *
epoch  514 | train 7.425549e-01 | val 7.300810e-01 |   0.443 s | best 7.300810e-01 @514 *
epoch  515 | train 7.437881e-01 | val 7.300727e-01 |   0.440 s | best 7.300727e-01 @515 *
epoch  516 | train 7.426218e-01 | val 7.300662e-01 |   0.441 s | best 7.300662e-01 @516 *
epoch  517 | train 7.437260e-01 | val 7.300572e-01 |   0.436 s | best 7.300572e-01 @517 *
epoch  518 | train 7.467598e-01 | val 7.300466e-01 |   0.441 s | best 7.300466e-01 @518 *
epoch  519 | train 7.489161e-01 | val 7.300355e-01 |   0.443 s | best 7.300355e-01 @519 *
epoch  520 | train 7.462206e-01 | val 7.300292e-01 |   0.443 s | best 7.300292e-01 @520 *
epoch  521 | train 7.451048e-01 | val 7.300217e-01 |   0.445 s | best 7.300217e-01 @521 *
epoch  522 | train 7.428531e-01 | val 7.300164e-01 |   0.450 s | best 7.300164e-01 @522 *
epoch  523 | train 7.489787e-01 | val 7.300061e-01 |   0.441 s | best 7.300061e-01 @523 *
epoch  524 | train 7.466118e-01 | val 7.299964e-01 |   0.465 s | best 7.299964e-01 @524 *
epoch  525 | train 7.431774e-01 | val 7.299902e-01 |   0.447 s | best 7.299902e-01 @525 *
epoch  526 | train 7.435405e-01 | val 7.299782e-01 |   0.450 s | best 7.299782e-01 @526 *
epoch  527 | train 7.450794e-01 | val 7.299699e-01 |   0.447 s | best 7.299699e-01 @527 *
epoch  528 | train 7.415983e-01 | val 7.299576e-01 |   0.472 s | best 7.299576e-01 @528 *
epoch  529 | train 7.424225e-01 | val 7.299508e-01 |   0.461 s | best 7.299508e-01 @529 *
epoch  530 | train 7.445177e-01 | val 7.299412e-01 |   0.448 s | best 7.299412e-01 @530 *
epoch  531 | train 7.429946e-01 | val 7.299333e-01 |   0.453 s | best 7.299333e-01 @531 *
epoch  532 | train 7.407834e-01 | val 7.299251e-01 |   0.470 s | best 7.299251e-01 @532 *
epoch  533 | train 7.422053e-01 | val 7.299159e-01 |   0.460 s | best 7.299159e-01 @533 *
epoch  534 | train 7.483838e-01 | val 7.299060e-01 |   0.469 s | best 7.299060e-01 @534 *
epoch  535 | train 7.440097e-01 | val 7.298949e-01 |   0.442 s | best 7.298949e-01 @535 *
epoch  536 | train 7.405696e-01 | val 7.298857e-01 |   0.454 s | best 7.298857e-01 @536 *
epoch  537 | train 7.420416e-01 | val 7.298735e-01 |   0.467 s | best 7.298735e-01 @537 *
epoch  538 | train 7.460734e-01 | val 7.298679e-01 |   0.474 s | best 7.298679e-01 @538 *
epoch  539 | train 7.467160e-01 | val 7.298594e-01 |   0.455 s | best 7.298594e-01 @539 *
epoch  540 | train 7.464469e-01 | val 7.298498e-01 |   0.454 s | best 7.298498e-01 @540 *
epoch  541 | train 7.448043e-01 | val 7.298460e-01 |   0.457 s | best 7.298460e-01 @541 *
epoch  542 | train 7.482465e-01 | val 7.298388e-01 |   0.461 s | best 7.298388e-01 @542 *
epoch  543 | train 7.440484e-01 | val 7.298320e-01 |   0.452 s | best 7.298320e-01 @543 *
epoch  544 | train 7.449236e-01 | val 7.298230e-01 |   0.448 s | best 7.298230e-01 @544 *
epoch  545 | train 7.418750e-01 | val 7.298114e-01 |   0.448 s | best 7.298114e-01 @545 *
epoch  546 | train 7.453957e-01 | val 7.298079e-01 |   0.454 s | best 7.298079e-01 @546 *
epoch  547 | train 7.416722e-01 | val 7.297991e-01 |   0.458 s | best 7.297991e-01 @547 *
epoch  548 | train 7.438271e-01 | val 7.297914e-01 |   0.459 s | best 7.297914e-01 @548 *
epoch  549 | train 7.494574e-01 | val 7.297903e-01 |   0.313 s | best 7.297903e-01 @549 *
epoch  550 | train 7.430033e-01 | val 7.297882e-01 |   0.301 s | best 7.297882e-01 @550 *
epoch  551 | train 7.419055e-01 | val 7.297841e-01 |   0.453 s | best 7.297841e-01 @551 *
epoch  552 | train 7.439570e-01 | val 7.297797e-01 |   0.483 s | best 7.297797e-01 @552 *
epoch  553 | train 7.464935e-01 | val 7.297745e-01 |   0.452 s | best 7.297745e-01 @553 *
epoch  554 | train 7.470999e-01 | val 7.297730e-01 |   0.461 s | best 7.297730e-01 @554 *
epoch  555 | train 7.447660e-01 | val 7.297683e-01 |   0.453 s | best 7.297683e-01 @555 *
epoch  556 | train 7.403190e-01 | val 7.297627e-01 |   0.238 s | best 7.297627e-01 @556 *
epoch  557 | train 7.438161e-01 | val 7.297578e-01 |   0.160 s | best 7.297578e-01 @557 *
epoch  558 | train 7.463543e-01 | val 7.297544e-01 |   0.158 s | best 7.297544e-01 @558 *
epoch  559 | train 7.440163e-01 | val 7.297483e-01 |   0.137 s | best 7.297483e-01 @559 *
epoch  560 | train 7.430928e-01 | val 7.297401e-01 |   0.144 s | best 7.297401e-01 @560 *
epoch  561 | train 7.459947e-01 | val 7.297343e-01 |   0.154 s | best 7.297343e-01 @561 *
epoch  562 | train 7.422063e-01 | val 7.297320e-01 |   0.160 s | best 7.297320e-01 @562 *
epoch  563 | train 7.432372e-01 | val 7.297233e-01 |   0.159 s | best 7.297233e-01 @563 *
epoch  564 | train 7.460327e-01 | val 7.297188e-01 |   0.134 s | best 7.297188e-01 @564 *
epoch  565 | train 7.427584e-01 | val 7.297148e-01 |   0.130 s | best 7.297148e-01 @565 *
epoch  566 | train 7.421543e-01 | val 7.297137e-01 |   0.129 s | best 7.297137e-01 @566 *
epoch  567 | train 7.441391e-01 | val 7.297066e-01 |   0.133 s | best 7.297066e-01 @567 *
epoch  568 | train 7.361320e-01 | val 7.297016e-01 |   0.121 s | best 7.297016e-01 @568 *
epoch  569 | train 7.467754e-01 | val 7.296937e-01 |   0.158 s | best 7.296937e-01 @569 *
epoch  570 | train 7.457403e-01 | val 7.296935e-01 |   0.160 s | best 7.296935e-01 @570 *
epoch  571 | train 7.419405e-01 | val 7.296854e-01 |   0.151 s | best 7.296854e-01 @571 *
epoch  572 | train 7.469184e-01 | val 7.296832e-01 |   0.137 s | best 7.296832e-01 @572 *
epoch  573 | train 7.406230e-01 | val 7.296813e-01 |   0.135 s | best 7.296813e-01 @573 *
epoch  574 | train 7.440502e-01 | val 7.296767e-01 |   0.136 s | best 7.296767e-01 @574 *
epoch  575 | train 7.430814e-01 | val 7.296768e-01 |   0.135 s | best 7.296767e-01 @574
epoch  576 | train 7.459801e-01 | val 7.296716e-01 |   0.135 s | best 7.296716e-01 @576 *
epoch  577 | train 7.432686e-01 | val 7.296693e-01 |   0.135 s | best 7.296693e-01 @577 *
epoch  578 | train 7.477952e-01 | val 7.296667e-01 |   0.136 s | best 7.296667e-01 @578 *
epoch  579 | train 7.418162e-01 | val 7.296634e-01 |   0.137 s | best 7.296634e-01 @579 *
epoch  580 | train 7.447819e-01 | val 7.296629e-01 |   0.131 s | best 7.296629e-01 @580 *
epoch  581 | train 7.468290e-01 | val 7.296619e-01 |   0.131 s | best 7.296619e-01 @581 *
epoch  582 | train 7.433462e-01 | val 7.296605e-01 |   0.130 s | best 7.296605e-01 @582 *
epoch  583 | train 7.411009e-01 | val 7.296559e-01 |   0.131 s | best 7.296559e-01 @583 *
epoch  584 | train 7.468016e-01 | val 7.296565e-01 |   0.133 s | best 7.296559e-01 @583
epoch  585 | train 7.448127e-01 | val 7.296519e-01 |   0.137 s | best 7.296519e-01 @585 *
epoch  586 | train 7.454130e-01 | val 7.296485e-01 |   0.134 s | best 7.296485e-01 @586 *
epoch  587 | train 7.424863e-01 | val 7.296420e-01 |   0.136 s | best 7.296420e-01 @587 *
epoch  588 | train 7.421709e-01 | val 7.296345e-01 |   0.135 s | best 7.296345e-01 @588 *
epoch  589 | train 7.450023e-01 | val 7.296270e-01 |   0.136 s | best 7.296270e-01 @589 *
epoch  590 | train 7.439676e-01 | val 7.296262e-01 |   0.138 s | best 7.296262e-01 @590 *
epoch  591 | train 7.419319e-01 | val 7.296237e-01 |   0.138 s | best 7.296237e-01 @591 *
epoch  592 | train 7.421267e-01 | val 7.296204e-01 |   0.136 s | best 7.296204e-01 @592 *
epoch  593 | train 7.435451e-01 | val 7.296171e-01 |   0.136 s | best 7.296171e-01 @593 *
epoch  594 | train 7.416770e-01 | val 7.296139e-01 |   0.136 s | best 7.296139e-01 @594 *
epoch  595 | train 7.426874e-01 | val 7.296134e-01 |   0.136 s | best 7.296134e-01 @595 *
epoch  596 | train 7.415807e-01 | val 7.296061e-01 |   0.132 s | best 7.296061e-01 @596 *
epoch  597 | train 7.438982e-01 | val 7.296034e-01 |   0.130 s | best 7.296034e-01 @597 *
epoch  598 | train 7.425183e-01 | val 7.295988e-01 |   0.130 s | best 7.295988e-01 @598 *
epoch  599 | train 7.435793e-01 | val 7.295967e-01 |   0.126 s | best 7.295967e-01 @599 *
epoch  600 | train 7.495163e-01 | val 7.295924e-01 |   0.124 s | best 7.295924e-01 @600 *
# done        : 600 epochs, stopped_by=max_epochs, aborted=False, best val 7.295924e-01 @ epoch 600, wall 158.0 s, 0.263 s/epoch
