
# ===== 2026-09-21 04:21:33 KST  HPO attempt 20  testbed D1 prior S  Nr=8 Nt=4
# DEVICE      : cuda | cuda_available=True | NVIDIA RTX PRO 6000 Blackwell Server Edition | torch 2.14.0+cu130 | train dtype float32 (01_RULES §9.5)
# data        : n_train=9000 n_val=1000 split_hash=98d6225d67f9c15a E||H||_F^2/(NrNt)=1.000268 (04_SPEC §2)
# sigma grid  : MEASURED, 20 points, log-uniform draw over [3.2936e-02, 7.9084e-01]
# hp          : {'arch': 'conv', 'param': 'edm', 'domain': 'pixel', 'lr': 5.168187573973288e-05, 'ema': 0.999, 'batch': 512, 'emb': 128, 'width': 48, 'depth': 6}  params=259730
# stopping    : patience 15 on val loss, never before 0 epochs, max 600 (01_RULES §5)
epoch    1 | train 9.899498e-01 | val 9.905295e-01 |   0.139 s | best 9.905295e-01 @1 *
epoch    2 | train 9.778969e-01 | val 9.901130e-01 |   0.171 s | best 9.901130e-01 @2 *
epoch    3 | train 9.618193e-01 | val 9.894866e-01 |   0.200 s | best 9.894866e-01 @3 *
epoch    4 | train 9.525773e-01 | val 9.887268e-01 |   0.217 s | best 9.887268e-01 @4 *
epoch    5 | train 9.379118e-01 | val 9.878358e-01 |   0.252 s | best 9.878358e-01 @5 *
epoch    6 | train 9.249291e-01 | val 9.868249e-01 |   0.240 s | best 9.868249e-01 @6 *
epoch    7 | train 9.109366e-01 | val 9.857368e-01 |   0.234 s | best 9.857368e-01 @7 *
epoch    8 | train 9.044427e-01 | val 9.846050e-01 |   0.242 s | best 9.846050e-01 @8 *
epoch    9 | train 9.047786e-01 | val 9.834409e-01 |   0.218 s | best 9.834409e-01 @9 *
epoch   10 | train 9.045757e-01 | val 9.822613e-01 |   0.225 s | best 9.822613e-01 @10 *
epoch   11 | train 9.027733e-01 | val 9.810719e-01 |   0.253 s | best 9.810719e-01 @11 *
epoch   12 | train 8.970250e-01 | val 9.798792e-01 |   0.276 s | best 9.798792e-01 @12 *
epoch   13 | train 8.968043e-01 | val 9.786876e-01 |   0.245 s | best 9.786876e-01 @13 *
epoch   14 | train 8.954068e-01 | val 9.775063e-01 |   0.230 s | best 9.775063e-01 @14 *
epoch   15 | train 8.938988e-01 | val 9.763367e-01 |   0.229 s | best 9.763367e-01 @15 *
epoch   16 | train 8.935580e-01 | val 9.751729e-01 |   0.252 s | best 9.751729e-01 @16 *
epoch   17 | train 8.874840e-01 | val 9.740140e-01 |   0.240 s | best 9.740140e-01 @17 *
epoch   18 | train 8.852399e-01 | val 9.728426e-01 |   0.239 s | best 9.728426e-01 @18 *
epoch   19 | train 8.833835e-01 | val 9.716592e-01 |   0.232 s | best 9.716592e-01 @19 *
epoch   20 | train 8.838814e-01 | val 9.704642e-01 |   0.226 s | best 9.704642e-01 @20 *
epoch   21 | train 8.865918e-01 | val 9.692592e-01 |   0.237 s | best 9.692592e-01 @21 *
epoch   22 | train 8.817019e-01 | val 9.680469e-01 |   0.233 s | best 9.680469e-01 @22 *
epoch   23 | train 8.844090e-01 | val 9.668329e-01 |   0.241 s | best 9.668329e-01 @23 *
epoch   24 | train 8.845059e-01 | val 9.656125e-01 |   0.229 s | best 9.656125e-01 @24 *
epoch   25 | train 8.821412e-01 | val 9.643903e-01 |   0.222 s | best 9.643903e-01 @25 *
epoch   26 | train 8.839903e-01 | val 9.631689e-01 |   0.236 s | best 9.631689e-01 @26 *
epoch   27 | train 8.821606e-01 | val 9.619479e-01 |   0.237 s | best 9.619479e-01 @27 *
epoch   28 | train 8.838724e-01 | val 9.607205e-01 |   0.224 s | best 9.607205e-01 @28 *
epoch   29 | train 8.821418e-01 | val 9.594993e-01 |   0.236 s | best 9.594993e-01 @29 *
epoch   30 | train 8.763587e-01 | val 9.582764e-01 |   0.219 s | best 9.582764e-01 @30 *
epoch   31 | train 8.784950e-01 | val 9.570543e-01 |   0.221 s | best 9.570543e-01 @31 *
epoch   32 | train 8.796909e-01 | val 9.558350e-01 |   0.236 s | best 9.558350e-01 @32 *
epoch   33 | train 8.811881e-01 | val 9.546174e-01 |   0.234 s | best 9.546174e-01 @33 *
epoch   34 | train 8.843164e-01 | val 9.533979e-01 |   0.238 s | best 9.533979e-01 @34 *
epoch   35 | train 8.811733e-01 | val 9.521788e-01 |   0.235 s | best 9.521788e-01 @35 *
epoch   36 | train 8.814420e-01 | val 9.509632e-01 |   0.224 s | best 9.509632e-01 @36 *
epoch   37 | train 8.789372e-01 | val 9.497511e-01 |   0.229 s | best 9.497511e-01 @37 *
epoch   38 | train 8.836167e-01 | val 9.485403e-01 |   0.266 s | best 9.485403e-01 @38 *
epoch   39 | train 8.831181e-01 | val 9.473291e-01 |   0.241 s | best 9.473291e-01 @39 *
epoch   40 | train 8.785915e-01 | val 9.461202e-01 |   0.266 s | best 9.461202e-01 @40 *
epoch   41 | train 8.810408e-01 | val 9.449119e-01 |   0.228 s | best 9.449119e-01 @41 *
epoch   42 | train 8.797955e-01 | val 9.437061e-01 |   0.250 s | best 9.437061e-01 @42 *
epoch   43 | train 8.799359e-01 | val 9.425074e-01 |   0.258 s | best 9.425074e-01 @43 *
epoch   44 | train 8.807864e-01 | val 9.413101e-01 |   0.266 s | best 9.413101e-01 @44 *
epoch   45 | train 8.799122e-01 | val 9.401197e-01 |   0.244 s | best 9.401197e-01 @45 *
epoch   46 | train 8.812028e-01 | val 9.389353e-01 |   0.249 s | best 9.389353e-01 @46 *
epoch   47 | train 8.754220e-01 | val 9.377449e-01 |   0.264 s | best 9.377449e-01 @47 *
epoch   48 | train 8.801450e-01 | val 9.365698e-01 |   0.245 s | best 9.365698e-01 @48 *
epoch   49 | train 8.808034e-01 | val 9.353957e-01 |   0.238 s | best 9.353957e-01 @49 *
epoch   50 | train 8.790844e-01 | val 9.342320e-01 |   0.248 s | best 9.342320e-01 @50 *
epoch   51 | train 8.812337e-01 | val 9.330686e-01 |   0.241 s | best 9.330686e-01 @51 *
epoch   52 | train 8.789315e-01 | val 9.319116e-01 |   0.241 s | best 9.319116e-01 @52 *
epoch   53 | train 8.794966e-01 | val 9.307610e-01 |   0.291 s | best 9.307610e-01 @53 *
epoch   54 | train 8.763958e-01 | val 9.296098e-01 |   0.255 s | best 9.296098e-01 @54 *
epoch   55 | train 8.751986e-01 | val 9.284648e-01 |   0.238 s | best 9.284648e-01 @55 *
epoch   56 | train 8.789296e-01 | val 9.273249e-01 |   0.223 s | best 9.273249e-01 @56 *
epoch   57 | train 8.763841e-01 | val 9.261966e-01 |   0.232 s | best 9.261966e-01 @57 *
epoch   58 | train 8.796728e-01 | val 9.250718e-01 |   0.245 s | best 9.250718e-01 @58 *
epoch   59 | train 8.796128e-01 | val 9.239543e-01 |   0.282 s | best 9.239543e-01 @59 *
epoch   60 | train 8.752500e-01 | val 9.228471e-01 |   0.272 s | best 9.228471e-01 @60 *
epoch   61 | train 8.774960e-01 | val 9.217510e-01 |   0.232 s | best 9.217510e-01 @61 *
epoch   62 | train 8.779351e-01 | val 9.206579e-01 |   0.229 s | best 9.206579e-01 @62 *
epoch   63 | train 8.802834e-01 | val 9.195747e-01 |   0.260 s | best 9.195747e-01 @63 *
epoch   64 | train 8.805148e-01 | val 9.185015e-01 |   0.256 s | best 9.185015e-01 @64 *
epoch   65 | train 8.775763e-01 | val 9.174424e-01 |   0.239 s | best 9.174424e-01 @65 *
epoch   66 | train 8.740197e-01 | val 9.163907e-01 |   0.230 s | best 9.163907e-01 @66 *
epoch   67 | train 8.823412e-01 | val 9.153457e-01 |   0.227 s | best 9.153457e-01 @67 *
epoch   68 | train 8.777604e-01 | val 9.143133e-01 |   0.241 s | best 9.143133e-01 @68 *
epoch   69 | train 8.807326e-01 | val 9.132912e-01 |   0.240 s | best 9.132912e-01 @69 *
epoch   70 | train 8.808643e-01 | val 9.122829e-01 |   0.241 s | best 9.122829e-01 @70 *
epoch   71 | train 8.758331e-01 | val 9.112754e-01 |   0.236 s | best 9.112754e-01 @71 *
epoch   72 | train 8.768163e-01 | val 9.102973e-01 |   0.231 s | best 9.102973e-01 @72 *
epoch   73 | train 8.746939e-01 | val 9.093277e-01 |   0.237 s | best 9.093277e-01 @73 *
epoch   74 | train 8.737583e-01 | val 9.083633e-01 |   0.244 s | best 9.083633e-01 @74 *
epoch   75 | train 8.779302e-01 | val 9.074133e-01 |   0.242 s | best 9.074133e-01 @75 *
epoch   76 | train 8.770001e-01 | val 9.064733e-01 |   0.240 s | best 9.064733e-01 @76 *
epoch   77 | train 8.779310e-01 | val 9.055434e-01 |   0.232 s | best 9.055434e-01 @77 *
epoch   78 | train 8.771411e-01 | val 9.046322e-01 |   0.238 s | best 9.046322e-01 @78 *
epoch   79 | train 8.760893e-01 | val 9.037237e-01 |   0.245 s | best 9.037237e-01 @79 *
epoch   80 | train 8.793776e-01 | val 9.028350e-01 |   0.245 s | best 9.028350e-01 @80 *
epoch   81 | train 8.705097e-01 | val 9.019678e-01 |   0.241 s | best 9.019678e-01 @81 *
epoch   82 | train 8.776857e-01 | val 9.011132e-01 |   0.231 s | best 9.011132e-01 @82 *
epoch   83 | train 8.747813e-01 | val 9.002661e-01 |   0.228 s | best 9.002661e-01 @83 *
epoch   84 | train 8.752574e-01 | val 8.994386e-01 |   0.239 s | best 8.994386e-01 @84 *
epoch   85 | train 8.781351e-01 | val 8.986239e-01 |   0.241 s | best 8.986239e-01 @85 *
epoch   86 | train 8.781951e-01 | val 8.978192e-01 |   0.242 s | best 8.978192e-01 @86 *
epoch   87 | train 8.757973e-01 | val 8.970297e-01 |   0.238 s | best 8.970297e-01 @87 *
epoch   88 | train 8.768108e-01 | val 8.962554e-01 |   0.229 s | best 8.962554e-01 @88 *
epoch   89 | train 8.772723e-01 | val 8.954910e-01 |   0.239 s | best 8.954910e-01 @89 *
epoch   90 | train 8.752470e-01 | val 8.947471e-01 |   0.242 s | best 8.947471e-01 @90 *
epoch   91 | train 8.756408e-01 | val 8.940209e-01 |   0.238 s | best 8.940209e-01 @91 *
epoch   92 | train 8.744265e-01 | val 8.933017e-01 |   0.242 s | best 8.933017e-01 @92 *
epoch   93 | train 8.772186e-01 | val 8.926083e-01 |   0.229 s | best 8.926083e-01 @93 *
epoch   94 | train 8.742879e-01 | val 8.919221e-01 |   0.230 s | best 8.919221e-01 @94 *
epoch   95 | train 8.757607e-01 | val 8.912520e-01 |   0.241 s | best 8.912520e-01 @95 *
epoch   96 | train 8.761888e-01 | val 8.905920e-01 |   0.240 s | best 8.905920e-01 @96 *
epoch   97 | train 8.734240e-01 | val 8.899449e-01 |   0.243 s | best 8.899449e-01 @97 *
epoch   98 | train 8.777210e-01 | val 8.893068e-01 |   0.230 s | best 8.893068e-01 @98 *
epoch   99 | train 8.767717e-01 | val 8.886840e-01 |   0.231 s | best 8.886840e-01 @99 *
epoch  100 | train 8.756887e-01 | val 8.880708e-01 |   0.239 s | best 8.880708e-01 @100 *
epoch  101 | train 8.768407e-01 | val 8.874741e-01 |   0.243 s | best 8.874741e-01 @101 *
epoch  102 | train 8.788728e-01 | val 8.868942e-01 |   0.241 s | best 8.868942e-01 @102 *
epoch  103 | train 8.784165e-01 | val 8.863300e-01 |   0.238 s | best 8.863300e-01 @103 *
epoch  104 | train 8.739026e-01 | val 8.857771e-01 |   0.230 s | best 8.857771e-01 @104 *
epoch  105 | train 8.796101e-01 | val 8.852397e-01 |   0.234 s | best 8.852397e-01 @105 *
epoch  106 | train 8.773949e-01 | val 8.847097e-01 |   0.243 s | best 8.847097e-01 @106 *
epoch  107 | train 8.776720e-01 | val 8.841939e-01 |   0.244 s | best 8.841939e-01 @107 *
epoch  108 | train 8.757503e-01 | val 8.836877e-01 |   0.244 s | best 8.836877e-01 @108 *
epoch  109 | train 8.743275e-01 | val 8.831887e-01 |   0.232 s | best 8.831887e-01 @109 *
epoch  110 | train 8.728730e-01 | val 8.827039e-01 |   0.234 s | best 8.827039e-01 @110 *
epoch  111 | train 8.758922e-01 | val 8.822309e-01 |   0.240 s | best 8.822309e-01 @111 *
epoch  112 | train 8.743731e-01 | val 8.817705e-01 |   0.237 s | best 8.817705e-01 @112 *
epoch  113 | train 8.742403e-01 | val 8.813180e-01 |   0.242 s | best 8.813180e-01 @113 *
epoch  114 | train 8.778939e-01 | val 8.808763e-01 |   0.240 s | best 8.808763e-01 @114 *
epoch  115 | train 8.735237e-01 | val 8.804485e-01 |   0.230 s | best 8.804485e-01 @115 *
epoch  116 | train 8.767401e-01 | val 8.800347e-01 |   0.238 s | best 8.800347e-01 @116 *
epoch  117 | train 8.728859e-01 | val 8.796274e-01 |   0.242 s | best 8.796274e-01 @117 *
epoch  118 | train 8.736599e-01 | val 8.792310e-01 |   0.245 s | best 8.792310e-01 @118 *
epoch  119 | train 8.736976e-01 | val 8.788405e-01 |   0.242 s | best 8.788405e-01 @119 *
epoch  120 | train 8.727972e-01 | val 8.784589e-01 |   0.230 s | best 8.784589e-01 @120 *
epoch  121 | train 8.773161e-01 | val 8.780888e-01 |   0.238 s | best 8.780888e-01 @121 *
epoch  122 | train 8.734056e-01 | val 8.777242e-01 |   0.245 s | best 8.777242e-01 @122 *
epoch  123 | train 8.748500e-01 | val 8.773651e-01 |   0.239 s | best 8.773651e-01 @123 *
epoch  124 | train 8.743595e-01 | val 8.770231e-01 |   0.241 s | best 8.770231e-01 @124 *
epoch  125 | train 8.714831e-01 | val 8.766912e-01 |   0.230 s | best 8.766912e-01 @125 *
epoch  126 | train 8.719360e-01 | val 8.763584e-01 |   0.229 s | best 8.763584e-01 @126 *
epoch  127 | train 8.739725e-01 | val 8.760402e-01 |   0.242 s | best 8.760402e-01 @127 *
epoch  128 | train 8.699414e-01 | val 8.757234e-01 |   0.243 s | best 8.757234e-01 @128 *
epoch  129 | train 8.762052e-01 | val 8.754200e-01 |   0.241 s | best 8.754200e-01 @129 *
epoch  130 | train 8.726087e-01 | val 8.751168e-01 |   0.240 s | best 8.751168e-01 @130 *
epoch  131 | train 8.735224e-01 | val 8.748246e-01 |   0.229 s | best 8.748246e-01 @131 *
epoch  132 | train 8.692934e-01 | val 8.745360e-01 |   0.236 s | best 8.745360e-01 @132 *
epoch  133 | train 8.711933e-01 | val 8.742507e-01 |   0.239 s | best 8.742507e-01 @133 *
epoch  134 | train 8.703713e-01 | val 8.739754e-01 |   0.243 s | best 8.739754e-01 @134 *
epoch  135 | train 8.729836e-01 | val 8.737015e-01 |   0.242 s | best 8.737015e-01 @135 *
epoch  136 | train 8.701692e-01 | val 8.734363e-01 |   0.228 s | best 8.734363e-01 @136 *
epoch  137 | train 8.709362e-01 | val 8.731749e-01 |   0.227 s | best 8.731749e-01 @137 *
epoch  138 | train 8.717721e-01 | val 8.729140e-01 |   0.236 s | best 8.729140e-01 @138 *
epoch  139 | train 8.703628e-01 | val 8.726617e-01 |   0.240 s | best 8.726617e-01 @139 *
epoch  140 | train 8.665142e-01 | val 8.724140e-01 |   0.243 s | best 8.724140e-01 @140 *
epoch  141 | train 8.650360e-01 | val 8.721706e-01 |   0.239 s | best 8.721706e-01 @141 *
epoch  142 | train 8.651126e-01 | val 8.719285e-01 |   0.230 s | best 8.719285e-01 @142 *
epoch  143 | train 8.684649e-01 | val 8.716881e-01 |   0.235 s | best 8.716881e-01 @143 *
epoch  144 | train 8.663134e-01 | val 8.714525e-01 |   0.238 s | best 8.714525e-01 @144 *
epoch  145 | train 8.699654e-01 | val 8.712211e-01 |   0.243 s | best 8.712211e-01 @145 *
epoch  146 | train 8.659529e-01 | val 8.709915e-01 |   0.241 s | best 8.709915e-01 @146 *
epoch  147 | train 8.672332e-01 | val 8.707715e-01 |   0.233 s | best 8.707715e-01 @147 *
epoch  148 | train 8.630011e-01 | val 8.705487e-01 |   0.232 s | best 8.705487e-01 @148 *
epoch  149 | train 8.643481e-01 | val 8.703266e-01 |   0.241 s | best 8.703266e-01 @149 *
epoch  150 | train 8.642600e-01 | val 8.701053e-01 |   0.241 s | best 8.701053e-01 @150 *
epoch  151 | train 8.693043e-01 | val 8.698871e-01 |   0.243 s | best 8.698871e-01 @151 *
epoch  152 | train 8.627478e-01 | val 8.696744e-01 |   0.240 s | best 8.696744e-01 @152 *
epoch  153 | train 8.658126e-01 | val 8.694556e-01 |   0.229 s | best 8.694556e-01 @153 *
epoch  154 | train 8.635553e-01 | val 8.692408e-01 |   0.232 s | best 8.692408e-01 @154 *
epoch  155 | train 8.621995e-01 | val 8.690239e-01 |   0.243 s | best 8.690239e-01 @155 *
epoch  156 | train 8.609081e-01 | val 8.688087e-01 |   0.242 s | best 8.688087e-01 @156 *
epoch  157 | train 8.609335e-01 | val 8.685948e-01 |   0.241 s | best 8.685948e-01 @157 *
epoch  158 | train 8.601212e-01 | val 8.683767e-01 |   0.228 s | best 8.683767e-01 @158 *
epoch  159 | train 8.625413e-01 | val 8.681561e-01 |   0.233 s | best 8.681561e-01 @159 *
epoch  160 | train 8.578719e-01 | val 8.679384e-01 |   0.239 s | best 8.679384e-01 @160 *
epoch  161 | train 8.604108e-01 | val 8.677157e-01 |   0.242 s | best 8.677157e-01 @161 *
epoch  162 | train 8.606798e-01 | val 8.674960e-01 |   0.244 s | best 8.674960e-01 @162 *
epoch  163 | train 8.636583e-01 | val 8.672779e-01 |   0.233 s | best 8.672779e-01 @163 *
epoch  164 | train 8.599844e-01 | val 8.670567e-01 |   0.230 s | best 8.670567e-01 @164 *
epoch  165 | train 8.586820e-01 | val 8.668347e-01 |   0.233 s | best 8.668347e-01 @165 *
epoch  166 | train 8.564863e-01 | val 8.666084e-01 |   0.242 s | best 8.666084e-01 @166 *
epoch  167 | train 8.579190e-01 | val 8.663828e-01 |   0.243 s | best 8.663828e-01 @167 *
epoch  168 | train 8.597743e-01 | val 8.661509e-01 |   0.241 s | best 8.661509e-01 @168 *
epoch  169 | train 8.600588e-01 | val 8.659185e-01 |   0.226 s | best 8.659185e-01 @169 *
epoch  170 | train 8.560819e-01 | val 8.656842e-01 |   0.237 s | best 8.656842e-01 @170 *
epoch  171 | train 8.572685e-01 | val 8.654473e-01 |   0.251 s | best 8.654473e-01 @171 *
epoch  172 | train 8.541117e-01 | val 8.652139e-01 |   0.247 s | best 8.652139e-01 @172 *
epoch  173 | train 8.580437e-01 | val 8.649761e-01 |   0.246 s | best 8.649761e-01 @173 *
epoch  174 | train 8.607213e-01 | val 8.647387e-01 |   0.234 s | best 8.647387e-01 @174 *
epoch  175 | train 8.553774e-01 | val 8.645003e-01 |   0.231 s | best 8.645003e-01 @175 *
epoch  176 | train 8.547119e-01 | val 8.642564e-01 |   0.242 s | best 8.642564e-01 @176 *
epoch  177 | train 8.539895e-01 | val 8.640103e-01 |   0.250 s | best 8.640103e-01 @177 *
epoch  178 | train 8.584910e-01 | val 8.637615e-01 |   0.246 s | best 8.637615e-01 @178 *
epoch  179 | train 8.564297e-01 | val 8.635085e-01 |   0.240 s | best 8.635085e-01 @179 *
epoch  180 | train 8.509399e-01 | val 8.632571e-01 |   0.231 s | best 8.632571e-01 @180 *
epoch  181 | train 8.551569e-01 | val 8.630013e-01 |   0.235 s | best 8.630013e-01 @181 *
epoch  182 | train 8.541228e-01 | val 8.627411e-01 |   0.243 s | best 8.627411e-01 @182 *
epoch  183 | train 8.525786e-01 | val 8.624808e-01 |   0.244 s | best 8.624808e-01 @183 *
epoch  184 | train 8.527114e-01 | val 8.622148e-01 |   0.242 s | best 8.622148e-01 @184 *
epoch  185 | train 8.504324e-01 | val 8.619493e-01 |   0.228 s | best 8.619493e-01 @185 *
epoch  186 | train 8.540256e-01 | val 8.616810e-01 |   0.229 s | best 8.616810e-01 @186 *
epoch  187 | train 8.522554e-01 | val 8.614118e-01 |   0.240 s | best 8.614118e-01 @187 *
epoch  188 | train 8.498365e-01 | val 8.611368e-01 |   0.243 s | best 8.611368e-01 @188 *
epoch  189 | train 8.547904e-01 | val 8.608594e-01 |   0.245 s | best 8.608594e-01 @189 *
epoch  190 | train 8.522891e-01 | val 8.605824e-01 |   0.238 s | best 8.605824e-01 @190 *
epoch  191 | train 8.514007e-01 | val 8.603026e-01 |   0.230 s | best 8.603026e-01 @191 *
epoch  192 | train 8.461323e-01 | val 8.600199e-01 |   0.234 s | best 8.600199e-01 @192 *
epoch  193 | train 8.527992e-01 | val 8.597360e-01 |   0.247 s | best 8.597360e-01 @193 *
epoch  194 | train 8.500232e-01 | val 8.594543e-01 |   0.243 s | best 8.594543e-01 @194 *
epoch  195 | train 8.502274e-01 | val 8.591648e-01 |   0.244 s | best 8.591648e-01 @195 *
epoch  196 | train 8.480364e-01 | val 8.588815e-01 |   0.231 s | best 8.588815e-01 @196 *
epoch  197 | train 8.461748e-01 | val 8.585877e-01 |   0.229 s | best 8.585877e-01 @197 *
epoch  198 | train 8.525146e-01 | val 8.583016e-01 |   0.241 s | best 8.583016e-01 @198 *
epoch  199 | train 8.524082e-01 | val 8.580071e-01 |   0.242 s | best 8.580071e-01 @199 *
epoch  200 | train 8.511648e-01 | val 8.577140e-01 |   0.247 s | best 8.577140e-01 @200 *
epoch  201 | train 8.492574e-01 | val 8.574176e-01 |   0.239 s | best 8.574176e-01 @201 *
epoch  202 | train 8.471739e-01 | val 8.571202e-01 |   0.233 s | best 8.571202e-01 @202 *
epoch  203 | train 8.537069e-01 | val 8.568218e-01 |   0.237 s | best 8.568218e-01 @203 *
epoch  204 | train 8.441941e-01 | val 8.565221e-01 |   0.247 s | best 8.565221e-01 @204 *
epoch  205 | train 8.537442e-01 | val 8.562227e-01 |   0.243 s | best 8.562227e-01 @205 *
epoch  206 | train 8.452569e-01 | val 8.559195e-01 |   0.243 s | best 8.559195e-01 @206 *
epoch  207 | train 8.492091e-01 | val 8.556179e-01 |   0.232 s | best 8.556179e-01 @207 *
epoch  208 | train 8.477588e-01 | val 8.553116e-01 |   0.237 s | best 8.553116e-01 @208 *
epoch  209 | train 8.473917e-01 | val 8.550084e-01 |   0.243 s | best 8.550084e-01 @209 *
epoch  210 | train 8.474005e-01 | val 8.547040e-01 |   0.246 s | best 8.547040e-01 @210 *
epoch  211 | train 8.460643e-01 | val 8.543983e-01 |   0.246 s | best 8.543983e-01 @211 *
epoch  212 | train 8.445856e-01 | val 8.540861e-01 |   0.230 s | best 8.540861e-01 @212 *
epoch  213 | train 8.465457e-01 | val 8.537716e-01 |   0.229 s | best 8.537716e-01 @213 *
epoch  214 | train 8.451355e-01 | val 8.534676e-01 |   0.243 s | best 8.534676e-01 @214 *
epoch  215 | train 8.474870e-01 | val 8.531586e-01 |   0.245 s | best 8.531586e-01 @215 *
epoch  216 | train 8.446860e-01 | val 8.528524e-01 |   0.253 s | best 8.528524e-01 @216 *
epoch  217 | train 8.468659e-01 | val 8.525420e-01 |   0.254 s | best 8.525420e-01 @217 *
epoch  218 | train 8.470897e-01 | val 8.522317e-01 |   0.232 s | best 8.522317e-01 @218 *
epoch  219 | train 8.487080e-01 | val 8.519222e-01 |   0.238 s | best 8.519222e-01 @219 *
epoch  220 | train 8.459498e-01 | val 8.516141e-01 |   0.246 s | best 8.516141e-01 @220 *
epoch  221 | train 8.475944e-01 | val 8.513104e-01 |   0.243 s | best 8.513104e-01 @221 *
epoch  222 | train 8.462412e-01 | val 8.510012e-01 |   0.245 s | best 8.510012e-01 @222 *
epoch  223 | train 8.433968e-01 | val 8.506927e-01 |   0.232 s | best 8.506927e-01 @223 *
epoch  224 | train 8.450172e-01 | val 8.503867e-01 |   0.231 s | best 8.503867e-01 @224 *
epoch  225 | train 8.463683e-01 | val 8.500827e-01 |   0.248 s | best 8.500827e-01 @225 *
epoch  226 | train 8.426938e-01 | val 8.497792e-01 |   0.245 s | best 8.497792e-01 @226 *
epoch  227 | train 8.441638e-01 | val 8.494794e-01 |   0.245 s | best 8.494794e-01 @227 *
epoch  228 | train 8.504359e-01 | val 8.491786e-01 |   0.228 s | best 8.491786e-01 @228 *
epoch  229 | train 8.453353e-01 | val 8.488754e-01 |   0.232 s | best 8.488754e-01 @229 *
epoch  230 | train 8.456774e-01 | val 8.485793e-01 |   0.243 s | best 8.485793e-01 @230 *
epoch  231 | train 8.452872e-01 | val 8.482733e-01 |   0.242 s | best 8.482733e-01 @231 *
epoch  232 | train 8.415011e-01 | val 8.479753e-01 |   0.242 s | best 8.479753e-01 @232 *
epoch  233 | train 8.453785e-01 | val 8.476816e-01 |   0.239 s | best 8.476816e-01 @233 *
epoch  234 | train 8.449841e-01 | val 8.473847e-01 |   0.232 s | best 8.473847e-01 @234 *
epoch  235 | train 8.469392e-01 | val 8.470884e-01 |   0.239 s | best 8.470884e-01 @235 *
epoch  236 | train 8.445539e-01 | val 8.467991e-01 |   0.244 s | best 8.467991e-01 @236 *
epoch  237 | train 8.479828e-01 | val 8.465151e-01 |   0.244 s | best 8.465151e-01 @237 *
epoch  238 | train 8.446465e-01 | val 8.462260e-01 |   0.240 s | best 8.462260e-01 @238 *
epoch  239 | train 8.406194e-01 | val 8.459428e-01 |   0.228 s | best 8.459428e-01 @239 *
epoch  240 | train 8.423610e-01 | val 8.456625e-01 |   0.226 s | best 8.456625e-01 @240 *
epoch  241 | train 8.402322e-01 | val 8.453786e-01 |   0.238 s | best 8.453786e-01 @241 *
epoch  242 | train 8.402153e-01 | val 8.450974e-01 |   0.241 s | best 8.450974e-01 @242 *
epoch  243 | train 8.443304e-01 | val 8.448247e-01 |   0.240 s | best 8.448247e-01 @243 *
epoch  244 | train 8.454688e-01 | val 8.445574e-01 |   0.237 s | best 8.445574e-01 @244 *
epoch  245 | train 8.440576e-01 | val 8.442913e-01 |   0.229 s | best 8.442913e-01 @245 *
epoch  246 | train 8.421824e-01 | val 8.440244e-01 |   0.234 s | best 8.440244e-01 @246 *
epoch  247 | train 8.418578e-01 | val 8.437600e-01 |   0.245 s | best 8.437600e-01 @247 *
epoch  248 | train 8.443617e-01 | val 8.434960e-01 |   0.246 s | best 8.434960e-01 @248 *
epoch  249 | train 8.460063e-01 | val 8.432398e-01 |   0.242 s | best 8.432398e-01 @249 *
epoch  250 | train 8.443094e-01 | val 8.429848e-01 |   0.232 s | best 8.429848e-01 @250 *
epoch  251 | train 8.438435e-01 | val 8.427337e-01 |   0.233 s | best 8.427337e-01 @251 *
epoch  252 | train 8.428638e-01 | val 8.424824e-01 |   0.239 s | best 8.424824e-01 @252 *
epoch  253 | train 8.434311e-01 | val 8.422431e-01 |   0.242 s | best 8.422431e-01 @253 *
epoch  254 | train 8.449145e-01 | val 8.420022e-01 |   0.246 s | best 8.420022e-01 @254 *
epoch  255 | train 8.432994e-01 | val 8.417609e-01 |   0.235 s | best 8.417609e-01 @255 *
epoch  256 | train 8.398253e-01 | val 8.415216e-01 |   0.228 s | best 8.415216e-01 @256 *
epoch  257 | train 8.437431e-01 | val 8.412881e-01 |   0.235 s | best 8.412881e-01 @257 *
epoch  258 | train 8.413560e-01 | val 8.410569e-01 |   0.243 s | best 8.410569e-01 @258 *
epoch  259 | train 8.423568e-01 | val 8.408262e-01 |   0.242 s | best 8.408262e-01 @259 *
epoch  260 | train 8.370979e-01 | val 8.405998e-01 |   0.244 s | best 8.405998e-01 @260 *
epoch  261 | train 8.422948e-01 | val 8.403817e-01 |   0.230 s | best 8.403817e-01 @261 *
epoch  262 | train 8.413242e-01 | val 8.401635e-01 |   0.230 s | best 8.401635e-01 @262 *
epoch  263 | train 8.457519e-01 | val 8.399468e-01 |   0.240 s | best 8.399468e-01 @263 *
epoch  264 | train 8.408218e-01 | val 8.397375e-01 |   0.243 s | best 8.397375e-01 @264 *
epoch  265 | train 8.445579e-01 | val 8.395317e-01 |   0.243 s | best 8.395317e-01 @265 *
epoch  266 | train 8.466971e-01 | val 8.393285e-01 |   0.234 s | best 8.393285e-01 @266 *
epoch  267 | train 8.409438e-01 | val 8.391271e-01 |   0.229 s | best 8.391271e-01 @267 *
epoch  268 | train 8.413139e-01 | val 8.389271e-01 |   0.240 s | best 8.389271e-01 @268 *
epoch  269 | train 8.419619e-01 | val 8.387365e-01 |   0.242 s | best 8.387365e-01 @269 *
epoch  270 | train 8.413673e-01 | val 8.385464e-01 |   0.237 s | best 8.385464e-01 @270 *
epoch  271 | train 8.439086e-01 | val 8.383518e-01 |   0.243 s | best 8.383518e-01 @271 *
epoch  272 | train 8.438564e-01 | val 8.381627e-01 |   0.231 s | best 8.381627e-01 @272 *
epoch  273 | train 8.424854e-01 | val 8.379779e-01 |   0.236 s | best 8.379779e-01 @273 *
epoch  274 | train 8.425828e-01 | val 8.377948e-01 |   0.243 s | best 8.377948e-01 @274 *
epoch  275 | train 8.404853e-01 | val 8.376100e-01 |   0.243 s | best 8.376100e-01 @275 *
epoch  276 | train 8.421163e-01 | val 8.374366e-01 |   0.242 s | best 8.374366e-01 @276 *
epoch  277 | train 8.406682e-01 | val 8.372619e-01 |   0.232 s | best 8.372619e-01 @277 *
epoch  278 | train 8.395045e-01 | val 8.370872e-01 |   0.228 s | best 8.370872e-01 @278 *
epoch  279 | train 8.441683e-01 | val 8.369197e-01 |   0.242 s | best 8.369197e-01 @279 *
epoch  280 | train 8.453839e-01 | val 8.367541e-01 |   0.241 s | best 8.367541e-01 @280 *
epoch  281 | train 8.421808e-01 | val 8.365906e-01 |   0.244 s | best 8.365906e-01 @281 *
epoch  282 | train 8.414017e-01 | val 8.364303e-01 |   0.238 s | best 8.364303e-01 @282 *
epoch  283 | train 8.432832e-01 | val 8.362730e-01 |   0.230 s | best 8.362730e-01 @283 *
epoch  284 | train 8.430866e-01 | val 8.361183e-01 |   0.237 s | best 8.361183e-01 @284 *
epoch  285 | train 8.443539e-01 | val 8.359700e-01 |   0.246 s | best 8.359700e-01 @285 *
epoch  286 | train 8.420509e-01 | val 8.358188e-01 |   0.243 s | best 8.358188e-01 @286 *
epoch  287 | train 8.412296e-01 | val 8.356730e-01 |   0.245 s | best 8.356730e-01 @287 *
epoch  288 | train 8.424534e-01 | val 8.355294e-01 |   0.231 s | best 8.355294e-01 @288 *
epoch  289 | train 8.409120e-01 | val 8.353877e-01 |   0.232 s | best 8.353877e-01 @289 *
epoch  290 | train 8.427009e-01 | val 8.352504e-01 |   0.244 s | best 8.352504e-01 @290 *
epoch  291 | train 8.443569e-01 | val 8.351046e-01 |   0.241 s | best 8.351046e-01 @291 *
epoch  292 | train 8.405706e-01 | val 8.349700e-01 |   0.247 s | best 8.349700e-01 @292 *
epoch  293 | train 8.378786e-01 | val 8.348377e-01 |   0.233 s | best 8.348377e-01 @293 *
epoch  294 | train 8.447698e-01 | val 8.347092e-01 |   0.231 s | best 8.347092e-01 @294 *
epoch  295 | train 8.408042e-01 | val 8.345806e-01 |   0.240 s | best 8.345806e-01 @295 *
epoch  296 | train 8.366335e-01 | val 8.344530e-01 |   0.245 s | best 8.344530e-01 @296 *
epoch  297 | train 8.433740e-01 | val 8.343304e-01 |   0.246 s | best 8.343304e-01 @297 *
epoch  298 | train 8.446874e-01 | val 8.342116e-01 |   0.239 s | best 8.342116e-01 @298 *
epoch  299 | train 8.428523e-01 | val 8.340929e-01 |   0.230 s | best 8.340929e-01 @299 *
epoch  300 | train 8.453574e-01 | val 8.339734e-01 |   0.233 s | best 8.339734e-01 @300 *
epoch  301 | train 8.388298e-01 | val 8.338540e-01 |   0.238 s | best 8.338540e-01 @301 *
epoch  302 | train 8.452284e-01 | val 8.337425e-01 |   0.245 s | best 8.337425e-01 @302 *
epoch  303 | train 8.423801e-01 | val 8.336259e-01 |   0.244 s | best 8.336259e-01 @303 *
epoch  304 | train 8.411377e-01 | val 8.335177e-01 |   0.233 s | best 8.335177e-01 @304 *
epoch  305 | train 8.425673e-01 | val 8.334148e-01 |   0.231 s | best 8.334148e-01 @305 *
epoch  306 | train 8.412953e-01 | val 8.333116e-01 |   0.245 s | best 8.333116e-01 @306 *
epoch  307 | train 8.421662e-01 | val 8.332101e-01 |   0.244 s | best 8.332101e-01 @307 *
epoch  308 | train 8.387830e-01 | val 8.331110e-01 |   0.245 s | best 8.331110e-01 @308 *
epoch  309 | train 8.404617e-01 | val 8.330102e-01 |   0.240 s | best 8.330102e-01 @309 *
epoch  310 | train 8.414536e-01 | val 8.329124e-01 |   0.230 s | best 8.329124e-01 @310 *
epoch  311 | train 8.393647e-01 | val 8.328148e-01 |   0.232 s | best 8.328148e-01 @311 *
epoch  312 | train 8.418358e-01 | val 8.327195e-01 |   0.238 s | best 8.327195e-01 @312 *
epoch  313 | train 8.407539e-01 | val 8.326284e-01 |   0.244 s | best 8.326284e-01 @313 *
epoch  314 | train 8.414691e-01 | val 8.325378e-01 |   0.244 s | best 8.325378e-01 @314 *
epoch  315 | train 8.439709e-01 | val 8.324528e-01 |   0.228 s | best 8.324528e-01 @315 *
epoch  316 | train 8.406511e-01 | val 8.323622e-01 |   0.230 s | best 8.323622e-01 @316 *
epoch  317 | train 8.397215e-01 | val 8.322716e-01 |   0.241 s | best 8.322716e-01 @317 *
epoch  318 | train 8.426685e-01 | val 8.321830e-01 |   0.243 s | best 8.321830e-01 @318 *
epoch  319 | train 8.385783e-01 | val 8.321013e-01 |   0.240 s | best 8.321013e-01 @319 *
epoch  320 | train 8.387596e-01 | val 8.320119e-01 |   0.236 s | best 8.320119e-01 @320 *
epoch  321 | train 8.406406e-01 | val 8.319287e-01 |   0.231 s | best 8.319287e-01 @321 *
epoch  322 | train 8.398788e-01 | val 8.318477e-01 |   0.233 s | best 8.318477e-01 @322 *
epoch  323 | train 8.392021e-01 | val 8.317677e-01 |   0.244 s | best 8.317677e-01 @323 *
epoch  324 | train 8.380771e-01 | val 8.316924e-01 |   0.242 s | best 8.316924e-01 @324 *
epoch  325 | train 8.381782e-01 | val 8.316192e-01 |   0.243 s | best 8.316192e-01 @325 *
epoch  326 | train 8.381834e-01 | val 8.315456e-01 |   0.230 s | best 8.315456e-01 @326 *
epoch  327 | train 8.381923e-01 | val 8.314708e-01 |   0.231 s | best 8.314708e-01 @327 *
epoch  328 | train 8.407926e-01 | val 8.314000e-01 |   0.241 s | best 8.314000e-01 @328 *
epoch  329 | train 8.394311e-01 | val 8.313318e-01 |   0.245 s | best 8.313318e-01 @329 *
epoch  330 | train 8.361125e-01 | val 8.312605e-01 |   0.246 s | best 8.312605e-01 @330 *
epoch  331 | train 8.425283e-01 | val 8.311896e-01 |   0.237 s | best 8.311896e-01 @331 *
epoch  332 | train 8.379858e-01 | val 8.311203e-01 |   0.227 s | best 8.311203e-01 @332 *
epoch  333 | train 8.391892e-01 | val 8.310534e-01 |   0.237 s | best 8.310534e-01 @333 *
epoch  334 | train 8.383995e-01 | val 8.309872e-01 |   0.244 s | best 8.309872e-01 @334 *
epoch  335 | train 8.389684e-01 | val 8.309236e-01 |   0.243 s | best 8.309236e-01 @335 *
epoch  336 | train 8.369452e-01 | val 8.308582e-01 |   0.242 s | best 8.308582e-01 @336 *
epoch  337 | train 8.403088e-01 | val 8.307915e-01 |   0.229 s | best 8.307915e-01 @337 *
epoch  338 | train 8.419786e-01 | val 8.307288e-01 |   0.230 s | best 8.307288e-01 @338 *
epoch  339 | train 8.385215e-01 | val 8.306685e-01 |   0.239 s | best 8.306685e-01 @339 *
epoch  340 | train 8.428509e-01 | val 8.306040e-01 |   0.243 s | best 8.306040e-01 @340 *
epoch  341 | train 8.376771e-01 | val 8.305430e-01 |   0.248 s | best 8.305430e-01 @341 *
epoch  342 | train 8.376367e-01 | val 8.304802e-01 |   0.232 s | best 8.304802e-01 @342 *
epoch  343 | train 8.394162e-01 | val 8.304173e-01 |   0.224 s | best 8.304173e-01 @343 *
epoch  344 | train 8.395097e-01 | val 8.303619e-01 |   0.236 s | best 8.303619e-01 @344 *
epoch  345 | train 8.390780e-01 | val 8.303064e-01 |   0.241 s | best 8.303064e-01 @345 *
epoch  346 | train 8.399403e-01 | val 8.302544e-01 |   0.240 s | best 8.302544e-01 @346 *
epoch  347 | train 8.409331e-01 | val 8.301958e-01 |   0.241 s | best 8.301958e-01 @347 *
epoch  348 | train 8.384817e-01 | val 8.301380e-01 |   0.228 s | best 8.301380e-01 @348 *
epoch  349 | train 8.428130e-01 | val 8.300821e-01 |   0.230 s | best 8.300821e-01 @349 *
epoch  350 | train 8.387997e-01 | val 8.300352e-01 |   0.241 s | best 8.300352e-01 @350 *
epoch  351 | train 8.414282e-01 | val 8.299795e-01 |   0.244 s | best 8.299795e-01 @351 *
epoch  352 | train 8.436249e-01 | val 8.299282e-01 |   0.244 s | best 8.299282e-01 @352 *
epoch  353 | train 8.398602e-01 | val 8.298801e-01 |   0.234 s | best 8.298801e-01 @353 *
epoch  354 | train 8.385078e-01 | val 8.298298e-01 |   0.228 s | best 8.298298e-01 @354 *
epoch  355 | train 8.394428e-01 | val 8.297809e-01 |   0.235 s | best 8.297809e-01 @355 *
epoch  356 | train 8.409836e-01 | val 8.297323e-01 |   0.241 s | best 8.297323e-01 @356 *
epoch  357 | train 8.401940e-01 | val 8.296825e-01 |   0.239 s | best 8.296825e-01 @357 *
epoch  358 | train 8.420733e-01 | val 8.296340e-01 |   0.238 s | best 8.296340e-01 @358 *
epoch  359 | train 8.406516e-01 | val 8.295829e-01 |   0.228 s | best 8.295829e-01 @359 *
epoch  360 | train 8.393059e-01 | val 8.295356e-01 |   0.235 s | best 8.295356e-01 @360 *
epoch  361 | train 8.373909e-01 | val 8.294929e-01 |   0.245 s | best 8.294929e-01 @361 *
epoch  362 | train 8.400233e-01 | val 8.294451e-01 |   0.244 s | best 8.294451e-01 @362 *
epoch  363 | train 8.377889e-01 | val 8.294016e-01 |   0.241 s | best 8.294016e-01 @363 *
epoch  364 | train 8.382297e-01 | val 8.293560e-01 |   0.227 s | best 8.293560e-01 @364 *
epoch  365 | train 8.402259e-01 | val 8.293164e-01 |   0.226 s | best 8.293164e-01 @365 *
epoch  366 | train 8.434093e-01 | val 8.292766e-01 |   0.240 s | best 8.292766e-01 @366 *
epoch  367 | train 8.371462e-01 | val 8.292337e-01 |   0.244 s | best 8.292337e-01 @367 *
epoch  368 | train 8.367861e-01 | val 8.291884e-01 |   0.242 s | best 8.291884e-01 @368 *
epoch  369 | train 8.371230e-01 | val 8.291525e-01 |   0.242 s | best 8.291525e-01 @369 *
epoch  370 | train 8.372165e-01 | val 8.291095e-01 |   0.234 s | best 8.291095e-01 @370 *
epoch  371 | train 8.374153e-01 | val 8.290701e-01 |   0.236 s | best 8.290701e-01 @371 *
epoch  372 | train 8.399810e-01 | val 8.290352e-01 |   0.244 s | best 8.290352e-01 @372 *
epoch  373 | train 8.368122e-01 | val 8.289958e-01 |   0.242 s | best 8.289958e-01 @373 *
epoch  374 | train 8.421734e-01 | val 8.289516e-01 |   0.242 s | best 8.289516e-01 @374 *
epoch  375 | train 8.381295e-01 | val 8.289120e-01 |   0.235 s | best 8.289120e-01 @375 *
epoch  376 | train 8.387916e-01 | val 8.288739e-01 |   0.227 s | best 8.288739e-01 @376 *
epoch  377 | train 8.381607e-01 | val 8.288320e-01 |   0.234 s | best 8.288320e-01 @377 *
epoch  378 | train 8.388289e-01 | val 8.287948e-01 |   0.244 s | best 8.287948e-01 @378 *
epoch  379 | train 8.397658e-01 | val 8.287590e-01 |   0.245 s | best 8.287590e-01 @379 *
epoch  380 | train 8.403690e-01 | val 8.287225e-01 |   0.245 s | best 8.287225e-01 @380 *
epoch  381 | train 8.408046e-01 | val 8.286893e-01 |   0.229 s | best 8.286893e-01 @381 *
epoch  382 | train 8.378981e-01 | val 8.286634e-01 |   0.230 s | best 8.286634e-01 @382 *
epoch  383 | train 8.430425e-01 | val 8.286240e-01 |   0.243 s | best 8.286240e-01 @383 *
epoch  384 | train 8.401913e-01 | val 8.285877e-01 |   0.246 s | best 8.285877e-01 @384 *
epoch  385 | train 8.346866e-01 | val 8.285543e-01 |   0.242 s | best 8.285543e-01 @385 *
epoch  386 | train 8.378628e-01 | val 8.285135e-01 |   0.234 s | best 8.285135e-01 @386 *
epoch  387 | train 8.371551e-01 | val 8.284789e-01 |   0.229 s | best 8.284789e-01 @387 *
epoch  388 | train 8.399861e-01 | val 8.284441e-01 |   0.237 s | best 8.284441e-01 @388 *
epoch  389 | train 8.381680e-01 | val 8.284068e-01 |   0.244 s | best 8.284068e-01 @389 *
epoch  390 | train 8.399233e-01 | val 8.283711e-01 |   0.244 s | best 8.283711e-01 @390 *
epoch  391 | train 8.370210e-01 | val 8.283411e-01 |   0.241 s | best 8.283411e-01 @391 *
epoch  392 | train 8.362225e-01 | val 8.283062e-01 |   0.230 s | best 8.283062e-01 @392 *
epoch  393 | train 8.395550e-01 | val 8.282741e-01 |   0.232 s | best 8.282741e-01 @393 *
epoch  394 | train 8.398647e-01 | val 8.282447e-01 |   0.243 s | best 8.282447e-01 @394 *
epoch  395 | train 8.355192e-01 | val 8.282154e-01 |   0.241 s | best 8.282154e-01 @395 *
epoch  396 | train 8.356387e-01 | val 8.281874e-01 |   0.239 s | best 8.281874e-01 @396 *
epoch  397 | train 8.356165e-01 | val 8.281631e-01 |   0.231 s | best 8.281631e-01 @397 *
epoch  398 | train 8.392517e-01 | val 8.281335e-01 |   0.230 s | best 8.281335e-01 @398 *
epoch  399 | train 8.401408e-01 | val 8.281026e-01 |   0.240 s | best 8.281026e-01 @399 *
epoch  400 | train 8.436102e-01 | val 8.280737e-01 |   0.244 s | best 8.280737e-01 @400 *
epoch  401 | train 8.412423e-01 | val 8.280444e-01 |   0.244 s | best 8.280444e-01 @401 *
epoch  402 | train 8.410991e-01 | val 8.280151e-01 |   0.241 s | best 8.280151e-01 @402 *
epoch  403 | train 8.390259e-01 | val 8.279832e-01 |   0.227 s | best 8.279832e-01 @403 *
epoch  404 | train 8.370077e-01 | val 8.279530e-01 |   0.235 s | best 8.279530e-01 @404 *
epoch  405 | train 8.319785e-01 | val 8.279303e-01 |   0.242 s | best 8.279303e-01 @405 *
epoch  406 | train 8.344098e-01 | val 8.279018e-01 |   0.241 s | best 8.279018e-01 @406 *
epoch  407 | train 8.376683e-01 | val 8.278763e-01 |   0.242 s | best 8.278763e-01 @407 *
epoch  408 | train 8.348288e-01 | val 8.278481e-01 |   0.236 s | best 8.278481e-01 @408 *
epoch  409 | train 8.413824e-01 | val 8.278205e-01 |   0.230 s | best 8.278205e-01 @409 *
epoch  410 | train 8.399607e-01 | val 8.277925e-01 |   0.240 s | best 8.277925e-01 @410 *
epoch  411 | train 8.382107e-01 | val 8.277662e-01 |   0.241 s | best 8.277662e-01 @411 *
epoch  412 | train 8.391592e-01 | val 8.277396e-01 |   0.240 s | best 8.277396e-01 @412 *
epoch  413 | train 8.358605e-01 | val 8.277134e-01 |   0.235 s | best 8.277134e-01 @413 *
epoch  414 | train 8.386333e-01 | val 8.276845e-01 |   0.231 s | best 8.276845e-01 @414 *
epoch  415 | train 8.379955e-01 | val 8.276575e-01 |   0.240 s | best 8.276575e-01 @415 *
epoch  416 | train 8.384963e-01 | val 8.276320e-01 |   0.244 s | best 8.276320e-01 @416 *
epoch  417 | train 8.355414e-01 | val 8.276007e-01 |   0.237 s | best 8.276007e-01 @417 *
epoch  418 | train 8.388416e-01 | val 8.275752e-01 |   0.244 s | best 8.275752e-01 @418 *
epoch  419 | train 8.383687e-01 | val 8.275421e-01 |   0.230 s | best 8.275421e-01 @419 *
epoch  420 | train 8.367948e-01 | val 8.275204e-01 |   0.231 s | best 8.275204e-01 @420 *
epoch  421 | train 8.351173e-01 | val 8.274907e-01 |   0.241 s | best 8.274907e-01 @421 *
epoch  422 | train 8.347419e-01 | val 8.274601e-01 |   0.241 s | best 8.274601e-01 @422 *
epoch  423 | train 8.389198e-01 | val 8.274351e-01 |   0.243 s | best 8.274351e-01 @423 *
epoch  424 | train 8.338911e-01 | val 8.274139e-01 |   0.236 s | best 8.274139e-01 @424 *
epoch  425 | train 8.375196e-01 | val 8.273869e-01 |   0.228 s | best 8.273869e-01 @425 *
epoch  426 | train 8.346894e-01 | val 8.273607e-01 |   0.237 s | best 8.273607e-01 @426 *
epoch  427 | train 8.375868e-01 | val 8.273356e-01 |   0.235 s | best 8.273356e-01 @427 *
epoch  428 | train 8.385803e-01 | val 8.273061e-01 |   0.240 s | best 8.273061e-01 @428 *
epoch  429 | train 8.405578e-01 | val 8.272777e-01 |   0.241 s | best 8.272777e-01 @429 *
epoch  430 | train 8.386709e-01 | val 8.272490e-01 |   0.228 s | best 8.272490e-01 @430 *
epoch  431 | train 8.392139e-01 | val 8.272231e-01 |   0.232 s | best 8.272231e-01 @431 *
epoch  432 | train 8.373834e-01 | val 8.271944e-01 |   0.243 s | best 8.271944e-01 @432 *
epoch  433 | train 8.382343e-01 | val 8.271772e-01 |   0.245 s | best 8.271772e-01 @433 *
epoch  434 | train 8.394360e-01 | val 8.271617e-01 |   0.245 s | best 8.271617e-01 @434 *
epoch  435 | train 8.360567e-01 | val 8.271406e-01 |   0.232 s | best 8.271406e-01 @435 *
epoch  436 | train 8.379665e-01 | val 8.271131e-01 |   0.228 s | best 8.271131e-01 @436 *
epoch  437 | train 8.387720e-01 | val 8.270834e-01 |   0.240 s | best 8.270834e-01 @437 *
epoch  438 | train 8.376341e-01 | val 8.270624e-01 |   0.238 s | best 8.270624e-01 @438 *
epoch  439 | train 8.366375e-01 | val 8.270395e-01 |   0.243 s | best 8.270395e-01 @439 *
epoch  440 | train 8.355525e-01 | val 8.270137e-01 |   0.236 s | best 8.270137e-01 @440 *
epoch  441 | train 8.375976e-01 | val 8.269905e-01 |   0.231 s | best 8.269905e-01 @441 *
epoch  442 | train 8.355521e-01 | val 8.269674e-01 |   0.239 s | best 8.269674e-01 @442 *
epoch  443 | train 8.393743e-01 | val 8.269444e-01 |   0.246 s | best 8.269444e-01 @443 *
epoch  444 | train 8.391810e-01 | val 8.269253e-01 |   0.242 s | best 8.269253e-01 @444 *
epoch  445 | train 8.337587e-01 | val 8.269100e-01 |   0.242 s | best 8.269100e-01 @445 *
epoch  446 | train 8.386565e-01 | val 8.268846e-01 |   0.227 s | best 8.268846e-01 @446 *
epoch  447 | train 8.387225e-01 | val 8.268628e-01 |   0.231 s | best 8.268628e-01 @447 *
epoch  448 | train 8.423604e-01 | val 8.268362e-01 |   0.235 s | best 8.268362e-01 @448 *
epoch  449 | train 8.346388e-01 | val 8.268144e-01 |   0.242 s | best 8.268144e-01 @449 *
epoch  450 | train 8.368388e-01 | val 8.267950e-01 |   0.241 s | best 8.267950e-01 @450 *
epoch  451 | train 8.320771e-01 | val 8.267782e-01 |   0.233 s | best 8.267782e-01 @451 *
epoch  452 | train 8.399275e-01 | val 8.267633e-01 |   0.230 s | best 8.267633e-01 @452 *
epoch  453 | train 8.360083e-01 | val 8.267467e-01 |   0.236 s | best 8.267467e-01 @453 *
epoch  454 | train 8.386589e-01 | val 8.267323e-01 |   0.244 s | best 8.267323e-01 @454 *
epoch  455 | train 8.401251e-01 | val 8.267150e-01 |   0.243 s | best 8.267150e-01 @455 *
epoch  456 | train 8.362525e-01 | val 8.267002e-01 |   0.238 s | best 8.267002e-01 @456 *
epoch  457 | train 8.345830e-01 | val 8.266850e-01 |   0.228 s | best 8.266850e-01 @457 *
epoch  458 | train 8.362343e-01 | val 8.266636e-01 |   0.233 s | best 8.266636e-01 @458 *
epoch  459 | train 8.352446e-01 | val 8.266453e-01 |   0.237 s | best 8.266453e-01 @459 *
epoch  460 | train 8.367684e-01 | val 8.266295e-01 |   0.243 s | best 8.266295e-01 @460 *
epoch  461 | train 8.370720e-01 | val 8.266068e-01 |   0.244 s | best 8.266068e-01 @461 *
epoch  462 | train 8.380879e-01 | val 8.265880e-01 |   0.232 s | best 8.265880e-01 @462 *
epoch  463 | train 8.354093e-01 | val 8.265687e-01 |   0.228 s | best 8.265687e-01 @463 *
epoch  464 | train 8.369120e-01 | val 8.265427e-01 |   0.240 s | best 8.265427e-01 @464 *
epoch  465 | train 8.388776e-01 | val 8.265225e-01 |   0.245 s | best 8.265225e-01 @465 *
epoch  466 | train 8.367557e-01 | val 8.265094e-01 |   0.243 s | best 8.265094e-01 @466 *
epoch  467 | train 8.367918e-01 | val 8.264865e-01 |   0.240 s | best 8.264865e-01 @467 *
epoch  468 | train 8.375459e-01 | val 8.264688e-01 |   0.232 s | best 8.264688e-01 @468 *
epoch  469 | train 8.392753e-01 | val 8.264530e-01 |   0.235 s | best 8.264530e-01 @469 *
epoch  470 | train 8.321717e-01 | val 8.264347e-01 |   0.243 s | best 8.264347e-01 @470 *
epoch  471 | train 8.397270e-01 | val 8.264149e-01 |   0.243 s | best 8.264149e-01 @471 *
epoch  472 | train 8.387388e-01 | val 8.263903e-01 |   0.242 s | best 8.263903e-01 @472 *
epoch  473 | train 8.384370e-01 | val 8.263788e-01 |   0.229 s | best 8.263788e-01 @473 *
epoch  474 | train 8.371483e-01 | val 8.263632e-01 |   0.229 s | best 8.263632e-01 @474 *
epoch  475 | train 8.342110e-01 | val 8.263503e-01 |   0.239 s | best 8.263503e-01 @475 *
epoch  476 | train 8.334726e-01 | val 8.263376e-01 |   0.235 s | best 8.263376e-01 @476 *
epoch  477 | train 8.372818e-01 | val 8.263197e-01 |   0.220 s | best 8.263197e-01 @477 *
epoch  478 | train 8.364375e-01 | val 8.263012e-01 |   0.258 s | best 8.263012e-01 @478 *
epoch  479 | train 8.382333e-01 | val 8.262857e-01 |   0.241 s | best 8.262857e-01 @479 *
epoch  480 | train 8.358268e-01 | val 8.262676e-01 |   0.236 s | best 8.262676e-01 @480 *
epoch  481 | train 8.336663e-01 | val 8.262520e-01 |   0.254 s | best 8.262520e-01 @481 *
epoch  482 | train 8.430129e-01 | val 8.262353e-01 |   0.251 s | best 8.262353e-01 @482 *
epoch  483 | train 8.385152e-01 | val 8.262194e-01 |   0.245 s | best 8.262194e-01 @483 *
epoch  484 | train 8.328680e-01 | val 8.262004e-01 |   0.240 s | best 8.262004e-01 @484 *
epoch  485 | train 8.392773e-01 | val 8.261864e-01 |   0.235 s | best 8.261864e-01 @485 *
epoch  486 | train 8.382747e-01 | val 8.261654e-01 |   0.239 s | best 8.261654e-01 @486 *
epoch  487 | train 8.358770e-01 | val 8.261445e-01 |   0.240 s | best 8.261445e-01 @487 *
epoch  488 | train 8.378244e-01 | val 8.261311e-01 |   0.237 s | best 8.261311e-01 @488 *
epoch  489 | train 8.401979e-01 | val 8.261119e-01 |   0.239 s | best 8.261119e-01 @489 *
epoch  490 | train 8.395489e-01 | val 8.260941e-01 |   0.233 s | best 8.260941e-01 @490 *
epoch  491 | train 8.374844e-01 | val 8.260714e-01 |   0.235 s | best 8.260714e-01 @491 *
epoch  492 | train 8.347466e-01 | val 8.260570e-01 |   0.235 s | best 8.260570e-01 @492 *
epoch  493 | train 8.389323e-01 | val 8.260391e-01 |   0.235 s | best 8.260391e-01 @493 *
epoch  494 | train 8.373309e-01 | val 8.260212e-01 |   0.240 s | best 8.260212e-01 @494 *
epoch  495 | train 8.386201e-01 | val 8.260003e-01 |   0.236 s | best 8.260003e-01 @495 *
epoch  496 | train 8.361735e-01 | val 8.259829e-01 |   0.242 s | best 8.259829e-01 @496 *
epoch  497 | train 8.387805e-01 | val 8.259659e-01 |   0.262 s | best 8.259659e-01 @497 *
epoch  498 | train 8.378503e-01 | val 8.259535e-01 |   0.243 s | best 8.259535e-01 @498 *
epoch  499 | train 8.368629e-01 | val 8.259394e-01 |   0.241 s | best 8.259394e-01 @499 *
epoch  500 | train 8.334924e-01 | val 8.259201e-01 |   0.239 s | best 8.259201e-01 @500 *
epoch  501 | train 8.381886e-01 | val 8.259033e-01 |   0.236 s | best 8.259033e-01 @501 *
epoch  502 | train 8.372681e-01 | val 8.258906e-01 |   0.236 s | best 8.258906e-01 @502 *
epoch  503 | train 8.372006e-01 | val 8.258736e-01 |   0.236 s | best 8.258736e-01 @503 *
epoch  504 | train 8.388351e-01 | val 8.258593e-01 |   0.236 s | best 8.258593e-01 @504 *
epoch  505 | train 8.376600e-01 | val 8.258494e-01 |   0.239 s | best 8.258494e-01 @505 *
epoch  506 | train 8.362703e-01 | val 8.258329e-01 |   0.237 s | best 8.258329e-01 @506 *
epoch  507 | train 8.328919e-01 | val 8.258190e-01 |   0.236 s | best 8.258190e-01 @507 *
epoch  508 | train 8.384957e-01 | val 8.257976e-01 |   0.239 s | best 8.257976e-01 @508 *
epoch  509 | train 8.385164e-01 | val 8.257869e-01 |   0.238 s | best 8.257869e-01 @509 *
epoch  510 | train 8.391051e-01 | val 8.257734e-01 |   0.237 s | best 8.257734e-01 @510 *
epoch  511 | train 8.364029e-01 | val 8.257602e-01 |   0.233 s | best 8.257602e-01 @511 *
epoch  512 | train 8.384693e-01 | val 8.257488e-01 |   0.237 s | best 8.257488e-01 @512 *
epoch  513 | train 8.334978e-01 | val 8.257334e-01 |   0.238 s | best 8.257334e-01 @513 *
epoch  514 | train 8.324772e-01 | val 8.257170e-01 |   0.238 s | best 8.257170e-01 @514 *
epoch  515 | train 8.373393e-01 | val 8.257025e-01 |   0.238 s | best 8.257025e-01 @515 *
epoch  516 | train 8.374624e-01 | val 8.256834e-01 |   0.238 s | best 8.256834e-01 @516 *
epoch  517 | train 8.363598e-01 | val 8.256696e-01 |   0.236 s | best 8.256696e-01 @517 *
epoch  518 | train 8.356788e-01 | val 8.256567e-01 |   0.239 s | best 8.256567e-01 @518 *
epoch  519 | train 8.374085e-01 | val 8.256446e-01 |   0.243 s | best 8.256446e-01 @519 *
epoch  520 | train 8.346880e-01 | val 8.256232e-01 |   0.243 s | best 8.256232e-01 @520 *
epoch  521 | train 8.395605e-01 | val 8.256100e-01 |   0.242 s | best 8.256100e-01 @521 *
epoch  522 | train 8.348839e-01 | val 8.255976e-01 |   0.238 s | best 8.255976e-01 @522 *
epoch  523 | train 8.368493e-01 | val 8.255774e-01 |   0.242 s | best 8.255774e-01 @523 *
epoch  524 | train 8.376963e-01 | val 8.255674e-01 |   0.241 s | best 8.255674e-01 @524 *
epoch  525 | train 8.345517e-01 | val 8.255509e-01 |   0.241 s | best 8.255509e-01 @525 *
epoch  526 | train 8.369483e-01 | val 8.255383e-01 |   0.242 s | best 8.255383e-01 @526 *
epoch  527 | train 8.354330e-01 | val 8.255214e-01 |   0.244 s | best 8.255214e-01 @527 *
epoch  528 | train 8.290609e-01 | val 8.255151e-01 |   0.244 s | best 8.255151e-01 @528 *
epoch  529 | train 8.351747e-01 | val 8.255028e-01 |   0.248 s | best 8.255028e-01 @529 *
epoch  530 | train 8.367938e-01 | val 8.254793e-01 |   0.243 s | best 8.254793e-01 @530 *
epoch  531 | train 8.347343e-01 | val 8.254635e-01 |   0.242 s | best 8.254635e-01 @531 *
epoch  532 | train 8.357531e-01 | val 8.254523e-01 |   0.238 s | best 8.254523e-01 @532 *
epoch  533 | train 8.321692e-01 | val 8.254398e-01 |   0.241 s | best 8.254398e-01 @533 *
epoch  534 | train 8.366571e-01 | val 8.254277e-01 |   0.244 s | best 8.254277e-01 @534 *
epoch  535 | train 8.377501e-01 | val 8.254125e-01 |   0.245 s | best 8.254125e-01 @535 *
epoch  536 | train 8.350947e-01 | val 8.253990e-01 |   0.243 s | best 8.253990e-01 @536 *
epoch  537 | train 8.382183e-01 | val 8.253843e-01 |   0.244 s | best 8.253843e-01 @537 *
epoch  538 | train 8.384961e-01 | val 8.253699e-01 |   0.245 s | best 8.253699e-01 @538 *
epoch  539 | train 8.372617e-01 | val 8.253571e-01 |   0.243 s | best 8.253571e-01 @539 *
epoch  540 | train 8.356937e-01 | val 8.253421e-01 |   0.245 s | best 8.253421e-01 @540 *
epoch  541 | train 8.361714e-01 | val 8.253233e-01 |   0.244 s | best 8.253233e-01 @541 *
epoch  542 | train 8.352663e-01 | val 8.253119e-01 |   0.241 s | best 8.253119e-01 @542 *
epoch  543 | train 8.349614e-01 | val 8.252945e-01 |   0.249 s | best 8.252945e-01 @543 *
epoch  544 | train 8.348782e-01 | val 8.252832e-01 |   0.243 s | best 8.252832e-01 @544 *
epoch  545 | train 8.388377e-01 | val 8.252682e-01 |   0.242 s | best 8.252682e-01 @545 *
epoch  546 | train 8.344840e-01 | val 8.252540e-01 |   0.242 s | best 8.252540e-01 @546 *
epoch  547 | train 8.364973e-01 | val 8.252385e-01 |   0.244 s | best 8.252385e-01 @547 *
epoch  548 | train 8.367867e-01 | val 8.252262e-01 |   0.242 s | best 8.252262e-01 @548 *
epoch  549 | train 8.326158e-01 | val 8.252153e-01 |   0.240 s | best 8.252153e-01 @549 *
epoch  550 | train 8.349571e-01 | val 8.251978e-01 |   0.243 s | best 8.251978e-01 @550 *
epoch  551 | train 8.361011e-01 | val 8.251864e-01 |   0.243 s | best 8.251864e-01 @551 *
epoch  552 | train 8.319008e-01 | val 8.251734e-01 |   0.244 s | best 8.251734e-01 @552 *
epoch  553 | train 8.367883e-01 | val 8.251618e-01 |   0.238 s | best 8.251618e-01 @553 *
epoch  554 | train 8.341474e-01 | val 8.251449e-01 |   0.244 s | best 8.251449e-01 @554 *
epoch  555 | train 8.352828e-01 | val 8.251378e-01 |   0.245 s | best 8.251378e-01 @555 *
epoch  556 | train 8.343557e-01 | val 8.251254e-01 |   0.244 s | best 8.251254e-01 @556 *
epoch  557 | train 8.371808e-01 | val 8.251137e-01 |   0.243 s | best 8.251137e-01 @557 *
epoch  558 | train 8.383599e-01 | val 8.250991e-01 |   0.242 s | best 8.250991e-01 @558 *
epoch  559 | train 8.348113e-01 | val 8.250920e-01 |   0.244 s | best 8.250920e-01 @559 *
epoch  560 | train 8.344550e-01 | val 8.250808e-01 |   0.245 s | best 8.250808e-01 @560 *
epoch  561 | train 8.349832e-01 | val 8.250646e-01 |   0.244 s | best 8.250646e-01 @561 *
epoch  562 | train 8.349150e-01 | val 8.250503e-01 |   0.244 s | best 8.250503e-01 @562 *
epoch  563 | train 8.387835e-01 | val 8.250389e-01 |   0.237 s | best 8.250389e-01 @563 *
epoch  564 | train 8.337223e-01 | val 8.250287e-01 |   0.242 s | best 8.250287e-01 @564 *
epoch  565 | train 8.344592e-01 | val 8.250163e-01 |   0.243 s | best 8.250163e-01 @565 *
epoch  566 | train 8.361144e-01 | val 8.250065e-01 |   0.245 s | best 8.250065e-01 @566 *
epoch  567 | train 8.383368e-01 | val 8.249959e-01 |   0.243 s | best 8.249959e-01 @567 *
epoch  568 | train 8.354359e-01 | val 8.249925e-01 |   0.243 s | best 8.249925e-01 @568 *
epoch  569 | train 8.334497e-01 | val 8.249782e-01 |   0.242 s | best 8.249782e-01 @569 *
epoch  570 | train 8.367233e-01 | val 8.249688e-01 |   0.245 s | best 8.249688e-01 @570 *
epoch  571 | train 8.344029e-01 | val 8.249571e-01 |   0.244 s | best 8.249571e-01 @571 *
epoch  572 | train 8.353665e-01 | val 8.249465e-01 |   0.244 s | best 8.249465e-01 @572 *
epoch  573 | train 8.334011e-01 | val 8.249353e-01 |   0.240 s | best 8.249353e-01 @573 *
epoch  574 | train 8.318792e-01 | val 8.249238e-01 |   0.244 s | best 8.249238e-01 @574 *
epoch  575 | train 8.358983e-01 | val 8.249176e-01 |   0.242 s | best 8.249176e-01 @575 *
epoch  576 | train 8.345492e-01 | val 8.249086e-01 |   0.242 s | best 8.249086e-01 @576 *
epoch  577 | train 8.357243e-01 | val 8.249035e-01 |   0.246 s | best 8.249035e-01 @577 *
epoch  578 | train 8.343526e-01 | val 8.248906e-01 |   0.244 s | best 8.248906e-01 @578 *
epoch  579 | train 8.353094e-01 | val 8.248815e-01 |   0.242 s | best 8.248815e-01 @579 *
epoch  580 | train 8.339308e-01 | val 8.248662e-01 |   0.244 s | best 8.248662e-01 @580 *
epoch  581 | train 8.395842e-01 | val 8.248577e-01 |   0.242 s | best 8.248577e-01 @581 *
epoch  582 | train 8.340046e-01 | val 8.248453e-01 |   0.242 s | best 8.248453e-01 @582 *
epoch  583 | train 8.350900e-01 | val 8.248407e-01 |   0.243 s | best 8.248407e-01 @583 *
epoch  584 | train 8.360207e-01 | val 8.248255e-01 |   0.239 s | best 8.248255e-01 @584 *
epoch  585 | train 8.357853e-01 | val 8.248166e-01 |   0.244 s | best 8.248166e-01 @585 *
epoch  586 | train 8.363950e-01 | val 8.248056e-01 |   0.245 s | best 8.248056e-01 @586 *
epoch  587 | train 8.305777e-01 | val 8.247954e-01 |   0.246 s | best 8.247954e-01 @587 *
epoch  588 | train 8.339560e-01 | val 8.247848e-01 |   0.244 s | best 8.247848e-01 @588 *
epoch  589 | train 8.331056e-01 | val 8.247674e-01 |   0.244 s | best 8.247674e-01 @589 *
epoch  590 | train 8.341455e-01 | val 8.247592e-01 |   0.243 s | best 8.247592e-01 @590 *
epoch  591 | train 8.340954e-01 | val 8.247472e-01 |   0.244 s | best 8.247472e-01 @591 *
epoch  592 | train 8.328596e-01 | val 8.247374e-01 |   0.244 s | best 8.247374e-01 @592 *
epoch  593 | train 8.369607e-01 | val 8.247348e-01 |   0.256 s | best 8.247348e-01 @593 *
epoch  594 | train 8.318319e-01 | val 8.247243e-01 |   0.249 s | best 8.247243e-01 @594 *
epoch  595 | train 8.348972e-01 | val 8.247114e-01 |   0.245 s | best 8.247114e-01 @595 *
epoch  596 | train 8.365242e-01 | val 8.247063e-01 |   0.245 s | best 8.247063e-01 @596 *
epoch  597 | train 8.359827e-01 | val 8.246986e-01 |   0.244 s | best 8.246986e-01 @597 *
epoch  598 | train 8.341145e-01 | val 8.246919e-01 |   0.245 s | best 8.246919e-01 @598 *
epoch  599 | train 8.335157e-01 | val 8.246794e-01 |   0.246 s | best 8.246794e-01 @599 *
epoch  600 | train 8.345916e-01 | val 8.246741e-01 |   0.245 s | best 8.246741e-01 @600 *
# done        : 600 epochs, stopped_by=max_epochs, aborted=False, best val 8.246741e-01 @ epoch 600, wall 159.4 s, 0.266 s/epoch
