
# ===== 2026-09-21 03:51:44 KST  HPO attempt 10  testbed D1 prior S  Nr=8 Nt=4
# DEVICE      : cuda | cuda_available=True | NVIDIA RTX PRO 6000 Blackwell Server Edition | torch 2.14.0+cu130 | train dtype float32 (01_RULES §9.5)
# data        : n_train=9000 n_val=1000 split_hash=98d6225d67f9c15a E||H||_F^2/(NrNt)=1.000268 (04_SPEC §2)
# sigma grid  : MEASURED, 20 points, log-uniform draw over [3.2936e-02, 7.9084e-01]
# hp          : {'arch': 'dit', 'param': 've', 'domain': 'pixel', 'lr': 0.001616106044439535, 'ema': 0.9995, 'batch': 512, 'emb': 128, 'width': 256, 'depth': 6, 'heads': 4, 'patch': 1}  params=7340802
# stopping    : patience 15 on val loss, never before 0 epochs, max 600 (01_RULES §5)
epoch    1 | train 8.984977e-01 | val 9.880861e-01 |   0.628 s | best 9.880861e-01 @1 *
epoch    2 | train 8.709870e-01 | val 9.845083e-01 |   0.629 s | best 9.845083e-01 @2 *
epoch    3 | train 8.622306e-01 | val 9.807691e-01 |   0.687 s | best 9.807691e-01 @3 *
epoch    4 | train 8.650754e-01 | val 9.770002e-01 |   0.631 s | best 9.770002e-01 @4 *
epoch    5 | train 8.632001e-01 | val 9.732149e-01 |   0.625 s | best 9.732149e-01 @5 *
epoch    6 | train 8.663252e-01 | val 9.694776e-01 |   0.628 s | best 9.694776e-01 @6 *
epoch    7 | train 8.583564e-01 | val 9.658042e-01 |   0.629 s | best 9.658042e-01 @7 *
epoch    8 | train 8.574285e-01 | val 9.622314e-01 |   0.628 s | best 9.622314e-01 @8 *
epoch    9 | train 8.611887e-01 | val 9.587226e-01 |   0.625 s | best 9.587226e-01 @9 *
epoch   10 | train 8.557414e-01 | val 9.552892e-01 |   0.685 s | best 9.552892e-01 @10 *
epoch   11 | train 8.616954e-01 | val 9.519919e-01 |   0.637 s | best 9.519919e-01 @11 *
epoch   12 | train 8.598627e-01 | val 9.488508e-01 |   0.630 s | best 9.488508e-01 @12 *
epoch   13 | train 8.624613e-01 | val 9.458056e-01 |   0.629 s | best 9.458056e-01 @13 *
epoch   14 | train 8.568460e-01 | val 9.428573e-01 |   0.633 s | best 9.428573e-01 @14 *
epoch   15 | train 8.586560e-01 | val 9.398913e-01 |   0.629 s | best 9.398913e-01 @15 *
epoch   16 | train 8.543532e-01 | val 9.369473e-01 |   0.684 s | best 9.369473e-01 @16 *
epoch   17 | train 8.478735e-01 | val 9.341156e-01 |   0.634 s | best 9.341156e-01 @17 *
epoch   18 | train 8.494450e-01 | val 9.313771e-01 |   0.635 s | best 9.313771e-01 @18 *
epoch   19 | train 8.442402e-01 | val 9.287021e-01 |   0.634 s | best 9.287021e-01 @19 *
epoch   20 | train 8.386224e-01 | val 9.260779e-01 |   0.634 s | best 9.260779e-01 @20 *
epoch   21 | train 8.418520e-01 | val 9.235104e-01 |   0.630 s | best 9.235104e-01 @21 *
epoch   22 | train 8.338823e-01 | val 9.209629e-01 |   0.629 s | best 9.209629e-01 @22 *
epoch   23 | train 8.121085e-01 | val 9.183972e-01 |   0.635 s | best 9.183972e-01 @23 *
epoch   24 | train 7.992023e-01 | val 9.158053e-01 |   0.627 s | best 9.158053e-01 @24 *
epoch   25 | train 7.982660e-01 | val 9.132626e-01 |   0.633 s | best 9.132626e-01 @25 *
epoch   26 | train 7.942817e-01 | val 9.108121e-01 |   0.633 s | best 9.108121e-01 @26 *
epoch   27 | train 7.825285e-01 | val 9.084887e-01 |   0.628 s | best 9.084887e-01 @27 *
epoch   28 | train 7.794266e-01 | val 9.063205e-01 |   0.678 s | best 9.063205e-01 @28 *
epoch   29 | train 7.736114e-01 | val 9.043268e-01 |   0.619 s | best 9.043268e-01 @29 *
epoch   30 | train 7.736722e-01 | val 9.025039e-01 |   0.619 s | best 9.025039e-01 @30 *
epoch   31 | train 7.688349e-01 | val 9.008743e-01 |   0.638 s | best 9.008743e-01 @31 *
epoch   32 | train 7.718951e-01 | val 8.994352e-01 |   0.617 s | best 8.994352e-01 @32 *
epoch   33 | train 7.731614e-01 | val 8.981798e-01 |   0.674 s | best 8.981798e-01 @33 *
epoch   34 | train 7.710030e-01 | val 8.971110e-01 |   0.633 s | best 8.971110e-01 @34 *
epoch   35 | train 7.697165e-01 | val 8.962424e-01 |   0.620 s | best 8.962424e-01 @35 *
epoch   36 | train 7.655925e-01 | val 8.955712e-01 |   0.625 s | best 8.955712e-01 @36 *
epoch   37 | train 7.709527e-01 | val 8.950691e-01 |   0.622 s | best 8.950691e-01 @37 *
epoch   38 | train 7.617824e-01 | val 8.947377e-01 |   0.620 s | best 8.947377e-01 @38 *
epoch   39 | train 7.670394e-01 | val 8.945826e-01 |   0.631 s | best 8.945826e-01 @39 *
epoch   40 | train 7.661826e-01 | val 8.945911e-01 |   0.619 s | best 8.945826e-01 @39
epoch   41 | train 7.659403e-01 | val 8.947586e-01 |   0.624 s | best 8.945826e-01 @39
epoch   42 | train 7.651263e-01 | val 8.950811e-01 |   0.631 s | best 8.945826e-01 @39
epoch   43 | train 7.606127e-01 | val 8.955615e-01 |   0.623 s | best 8.945826e-01 @39
epoch   44 | train 7.573262e-01 | val 8.961914e-01 |   0.676 s | best 8.945826e-01 @39
epoch   45 | train 7.594334e-01 | val 8.969557e-01 |   0.620 s | best 8.945826e-01 @39
epoch   46 | train 7.589565e-01 | val 8.978598e-01 |   0.665 s | best 8.945826e-01 @39
epoch   47 | train 7.582105e-01 | val 8.988984e-01 |   0.635 s | best 8.945826e-01 @39
epoch   48 | train 7.629322e-01 | val 9.000808e-01 |   0.672 s | best 8.945826e-01 @39
epoch   49 | train 7.554215e-01 | val 9.013970e-01 |   0.624 s | best 8.945826e-01 @39
epoch   50 | train 7.568025e-01 | val 9.027998e-01 |   0.688 s | best 8.945826e-01 @39
epoch   51 | train 7.556002e-01 | val 9.043118e-01 |   0.620 s | best 8.945826e-01 @39
epoch   52 | train 7.569063e-01 | val 9.059367e-01 |   0.676 s | best 8.945826e-01 @39
epoch   53 | train 7.516520e-01 | val 9.076619e-01 |   0.619 s | best 8.945826e-01 @39
epoch   54 | train 7.544577e-01 | val 9.094884e-01 |   0.675 s | best 8.945826e-01 @39
# done        : 54 epochs, stopped_by=patience, aborted=False, best val 8.945826e-01 @ epoch 39, wall 46.1 s, 0.853 s/epoch
