
# ===== 2026-09-21 07:11:24 KST  HPOFINAL attempt 386  testbed D1 prior S  Nr=8 Nt=4
# DEVICE      : cuda | cuda_available=True | NVIDIA RTX PRO 6000 Blackwell Server Edition | torch 2.14.0+cu130 | train dtype float32 (01_RULES §9.5)
# data        : n_train=9000 n_val=1000 split_hash=98d6225d67f9c15a E||H||_F^2/(NrNt)=1.000268 (04_SPEC §2)
# sigma grid  : MEASURED, 20 points, log-uniform draw over [3.2936e-02, 7.9084e-01]
# hp          : {'arch': 'dit', 'param': 'vp', 'domain': 'angle', 'lr': 0.002238046051591068, 'ema': 0.999, 'batch': 256, 'emb': 256, 'width': 64, 'depth': 6, 'heads': 8, 'patch': 1}  params=479426
# stopping    : patience 20 on val loss, never before 200 epochs, max 3000 (01_RULES §5)
epoch    1 | train 8.496365e-01 | val 9.822609e-01 |   1.835 s | best 9.822609e-01 @1 *
epoch    2 | train 8.188653e-01 | val 9.748725e-01 |   1.372 s | best 9.748725e-01 @2 *
epoch    3 | train 7.995280e-01 | val 9.689636e-01 |   1.429 s | best 9.689636e-01 @3 *
epoch    4 | train 8.002565e-01 | val 9.639954e-01 |   1.470 s | best 9.639954e-01 @4 *
epoch    5 | train 7.949336e-01 | val 9.593350e-01 |   1.477 s | best 9.593350e-01 @5 *
epoch    6 | train 7.950289e-01 | val 9.546938e-01 |   1.480 s | best 9.546938e-01 @6 *
epoch    7 | train 7.943124e-01 | val 9.500005e-01 |   1.478 s | best 9.500005e-01 @7 *
epoch    8 | train 7.935690e-01 | val 9.453883e-01 |   1.475 s | best 9.453883e-01 @8 *
epoch    9 | train 7.911784e-01 | val 9.406874e-01 |   1.483 s | best 9.406874e-01 @9 *
epoch   10 | train 7.915674e-01 | val 9.359478e-01 |   1.477 s | best 9.359478e-01 @10 *
epoch   11 | train 7.924243e-01 | val 9.311981e-01 |   1.481 s | best 9.311981e-01 @11 *
epoch   12 | train 7.953894e-01 | val 9.262763e-01 |   1.483 s | best 9.262763e-01 @12 *
epoch   13 | train 7.934024e-01 | val 9.212567e-01 |   1.471 s | best 9.212567e-01 @13 *
epoch   14 | train 7.942037e-01 | val 9.162765e-01 |   1.481 s | best 9.162765e-01 @14 *
epoch   15 | train 7.921297e-01 | val 9.111924e-01 |   1.479 s | best 9.111924e-01 @15 *
epoch   16 | train 7.928320e-01 | val 9.059532e-01 |   1.476 s | best 9.059532e-01 @16 *
epoch   17 | train 7.903128e-01 | val 9.006197e-01 |   1.481 s | best 9.006197e-01 @17 *
epoch   18 | train 7.866460e-01 | val 8.950574e-01 |   1.486 s | best 8.950574e-01 @18 *
epoch   19 | train 7.831930e-01 | val 8.895217e-01 |   1.479 s | best 8.895217e-01 @19 *
epoch   20 | train 7.833432e-01 | val 8.838999e-01 |   1.474 s | best 8.838999e-01 @20 *
epoch   21 | train 7.793373e-01 | val 8.783173e-01 |   1.474 s | best 8.783173e-01 @21 *
epoch   22 | train 7.781794e-01 | val 8.726762e-01 |   1.475 s | best 8.726762e-01 @22 *
epoch   23 | train 7.745924e-01 | val 8.670352e-01 |   1.436 s | best 8.670352e-01 @23 *
epoch   24 | train 7.708527e-01 | val 8.615114e-01 |   1.378 s | best 8.615114e-01 @24 *
epoch   25 | train 7.692789e-01 | val 8.560226e-01 |   1.378 s | best 8.560226e-01 @25 *
epoch   26 | train 7.710321e-01 | val 8.507627e-01 |   1.395 s | best 8.507627e-01 @26 *
epoch   27 | train 7.703996e-01 | val 8.453765e-01 |   1.394 s | best 8.453765e-01 @27 *
epoch   28 | train 7.660269e-01 | val 8.402025e-01 |   1.382 s | best 8.402025e-01 @28 *
epoch   29 | train 7.609269e-01 | val 8.351968e-01 |   1.383 s | best 8.351968e-01 @29 *
epoch   30 | train 7.619075e-01 | val 8.303446e-01 |   1.390 s | best 8.303446e-01 @30 *
epoch   31 | train 7.587503e-01 | val 8.256935e-01 |   1.387 s | best 8.256935e-01 @31 *
epoch   32 | train 7.616552e-01 | val 8.211203e-01 |   1.386 s | best 8.211203e-01 @32 *
epoch   33 | train 7.618275e-01 | val 8.167595e-01 |   1.383 s | best 8.167595e-01 @33 *
epoch   34 | train 7.591009e-01 | val 8.126830e-01 |   1.390 s | best 8.126830e-01 @34 *
epoch   35 | train 7.566752e-01 | val 8.087178e-01 |   1.386 s | best 8.087178e-01 @35 *
epoch   36 | train 7.572750e-01 | val 8.050308e-01 |   1.380 s | best 8.050308e-01 @36 *
epoch   37 | train 7.584528e-01 | val 8.014914e-01 |   1.383 s | best 8.014914e-01 @37 *
epoch   38 | train 7.531740e-01 | val 7.981523e-01 |   1.381 s | best 7.981523e-01 @38 *
epoch   39 | train 7.595185e-01 | val 7.950882e-01 |   1.387 s | best 7.950882e-01 @39 *
epoch   40 | train 7.525306e-01 | val 7.922499e-01 |   1.086 s | best 7.922499e-01 @40 *
epoch   41 | train 7.538278e-01 | val 7.895947e-01 |   1.344 s | best 7.895947e-01 @41 *
epoch   42 | train 7.553785e-01 | val 7.871878e-01 |   1.390 s | best 7.871878e-01 @42 *
epoch   43 | train 7.554456e-01 | val 7.849469e-01 |   1.395 s | best 7.849469e-01 @43 *
epoch   44 | train 7.509458e-01 | val 7.828402e-01 |   1.388 s | best 7.828402e-01 @44 *
epoch   45 | train 7.589562e-01 | val 7.809086e-01 |   1.381 s | best 7.809086e-01 @45 *
epoch   46 | train 7.540880e-01 | val 7.791139e-01 |   1.381 s | best 7.791139e-01 @46 *
epoch   47 | train 7.492114e-01 | val 7.774535e-01 |   1.379 s | best 7.774535e-01 @47 *
epoch   48 | train 7.587056e-01 | val 7.758739e-01 |   1.379 s | best 7.758739e-01 @48 *
epoch   49 | train 7.480782e-01 | val 7.743990e-01 |   1.378 s | best 7.743990e-01 @49 *
epoch   50 | train 7.475172e-01 | val 7.729990e-01 |   1.376 s | best 7.729990e-01 @50 *
epoch   51 | train 7.512061e-01 | val 7.717156e-01 |   1.373 s | best 7.717156e-01 @51 *
epoch   52 | train 7.510454e-01 | val 7.704817e-01 |   1.379 s | best 7.704817e-01 @52 *
epoch   53 | train 7.502853e-01 | val 7.692780e-01 |   1.374 s | best 7.692780e-01 @53 *
epoch   54 | train 7.514328e-01 | val 7.681286e-01 |   0.891 s | best 7.681286e-01 @54 *
epoch   55 | train 7.474453e-01 | val 7.669883e-01 |   1.366 s | best 7.669883e-01 @55 *
epoch   56 | train 7.499101e-01 | val 7.658610e-01 |   1.374 s | best 7.658610e-01 @56 *
epoch   57 | train 7.484562e-01 | val 7.647159e-01 |   1.375 s | best 7.647159e-01 @57 *
epoch   58 | train 7.489668e-01 | val 7.636213e-01 |   1.368 s | best 7.636213e-01 @58 *
epoch   59 | train 7.487862e-01 | val 7.624862e-01 |   1.367 s | best 7.624862e-01 @59 *
epoch   60 | train 7.495471e-01 | val 7.613884e-01 |   1.379 s | best 7.613884e-01 @60 *
epoch   61 | train 7.486052e-01 | val 7.602426e-01 |   1.373 s | best 7.602426e-01 @61 *
epoch   62 | train 7.443336e-01 | val 7.591395e-01 |   1.373 s | best 7.591395e-01 @62 *
epoch   63 | train 7.485411e-01 | val 7.580653e-01 |   1.370 s | best 7.580653e-01 @63 *
epoch   64 | train 7.431394e-01 | val 7.570009e-01 |   1.375 s | best 7.570009e-01 @64 *
epoch   65 | train 7.471834e-01 | val 7.559018e-01 |   1.373 s | best 7.559018e-01 @65 *
epoch   66 | train 7.442720e-01 | val 7.548392e-01 |   1.372 s | best 7.548392e-01 @66 *
epoch   67 | train 7.460877e-01 | val 7.537965e-01 |   1.375 s | best 7.537965e-01 @67 *
epoch   68 | train 7.474510e-01 | val 7.527676e-01 |   1.370 s | best 7.527676e-01 @68 *
epoch   69 | train 7.457164e-01 | val 7.517322e-01 |   1.369 s | best 7.517322e-01 @69 *
epoch   70 | train 7.461123e-01 | val 7.507343e-01 |   1.376 s | best 7.507343e-01 @70 *
epoch   71 | train 7.462638e-01 | val 7.497365e-01 |   1.371 s | best 7.497365e-01 @71 *
epoch   72 | train 7.400349e-01 | val 7.487499e-01 |   1.369 s | best 7.487499e-01 @72 *
epoch   73 | train 7.443267e-01 | val 7.478031e-01 |   1.374 s | best 7.478031e-01 @73 *
epoch   74 | train 7.453854e-01 | val 7.469101e-01 |   1.372 s | best 7.469101e-01 @74 *
epoch   75 | train 7.425984e-01 | val 7.460293e-01 |   1.367 s | best 7.460293e-01 @75 *
epoch   76 | train 7.455841e-01 | val 7.451677e-01 |   1.373 s | best 7.451677e-01 @76 *
epoch   77 | train 7.460327e-01 | val 7.443395e-01 |   1.369 s | best 7.443395e-01 @77 *
epoch   78 | train 7.439843e-01 | val 7.435169e-01 |   1.369 s | best 7.435169e-01 @78 *
epoch   79 | train 7.451998e-01 | val 7.427598e-01 |   1.378 s | best 7.427598e-01 @79 *
epoch   80 | train 7.385675e-01 | val 7.420164e-01 |   1.373 s | best 7.420164e-01 @80 *
epoch   81 | train 7.413954e-01 | val 7.413031e-01 |   1.371 s | best 7.413031e-01 @81 *
epoch   82 | train 7.396767e-01 | val 7.406119e-01 |   1.370 s | best 7.406119e-01 @82 *
epoch   83 | train 7.439287e-01 | val 7.399355e-01 |   1.372 s | best 7.399355e-01 @83 *
epoch   84 | train 7.444935e-01 | val 7.392635e-01 |   1.369 s | best 7.392635e-01 @84 *
epoch   85 | train 7.398551e-01 | val 7.386787e-01 |   1.371 s | best 7.386787e-01 @85 *
epoch   86 | train 7.426586e-01 | val 7.381052e-01 |   1.369 s | best 7.381052e-01 @86 *
epoch   87 | train 7.399302e-01 | val 7.375348e-01 |   1.368 s | best 7.375348e-01 @87 *
epoch   88 | train 7.378375e-01 | val 7.369856e-01 |   1.371 s | best 7.369856e-01 @88 *
epoch   89 | train 7.452849e-01 | val 7.364772e-01 |   1.371 s | best 7.364772e-01 @89 *
epoch   90 | train 7.424658e-01 | val 7.360033e-01 |   1.372 s | best 7.360033e-01 @90 *
epoch   91 | train 7.421188e-01 | val 7.355274e-01 |   1.374 s | best 7.355274e-01 @91 *
epoch   92 | train 7.432105e-01 | val 7.350836e-01 |   1.371 s | best 7.350836e-01 @92 *
epoch   93 | train 7.395731e-01 | val 7.346442e-01 |   1.368 s | best 7.346442e-01 @93 *
epoch   94 | train 7.434644e-01 | val 7.342181e-01 |   1.373 s | best 7.342181e-01 @94 *
epoch   95 | train 7.471302e-01 | val 7.338327e-01 |   1.367 s | best 7.338327e-01 @95 *
epoch   96 | train 7.461191e-01 | val 7.334664e-01 |   1.369 s | best 7.334664e-01 @96 *
epoch   97 | train 7.457574e-01 | val 7.331204e-01 |   1.370 s | best 7.331204e-01 @97 *
epoch   98 | train 7.436894e-01 | val 7.327925e-01 |   1.376 s | best 7.327925e-01 @98 *
epoch   99 | train 7.365634e-01 | val 7.324799e-01 |   1.373 s | best 7.324799e-01 @99 *
epoch  100 | train 7.413259e-01 | val 7.321866e-01 |   1.370 s | best 7.321866e-01 @100 *
epoch  101 | train 7.435462e-01 | val 7.319141e-01 |   1.368 s | best 7.319141e-01 @101 *
epoch  102 | train 7.461832e-01 | val 7.316445e-01 |   1.369 s | best 7.316445e-01 @102 *
epoch  103 | train 7.393970e-01 | val 7.314085e-01 |   1.371 s | best 7.314085e-01 @103 *
epoch  104 | train 7.434799e-01 | val 7.311903e-01 |   1.375 s | best 7.311903e-01 @104 *
epoch  105 | train 7.451472e-01 | val 7.309829e-01 |   1.367 s | best 7.309829e-01 @105 *
epoch  106 | train 7.464227e-01 | val 7.307904e-01 |   1.369 s | best 7.307904e-01 @106 *
epoch  107 | train 7.377362e-01 | val 7.305821e-01 |   1.370 s | best 7.305821e-01 @107 *
epoch  108 | train 7.448858e-01 | val 7.303857e-01 |   1.370 s | best 7.303857e-01 @108 *
epoch  109 | train 7.454664e-01 | val 7.302117e-01 |   1.370 s | best 7.302117e-01 @109 *
epoch  110 | train 7.402271e-01 | val 7.300418e-01 |   1.372 s | best 7.300418e-01 @110 *
epoch  111 | train 7.430831e-01 | val 7.298867e-01 |   1.367 s | best 7.298867e-01 @111 *
epoch  112 | train 7.428128e-01 | val 7.297485e-01 |   1.368 s | best 7.297485e-01 @112 *
epoch  113 | train 7.406624e-01 | val 7.296212e-01 |   1.367 s | best 7.296212e-01 @113 *
epoch  114 | train 7.370934e-01 | val 7.295158e-01 |   1.366 s | best 7.295158e-01 @114 *
epoch  115 | train 7.343057e-01 | val 7.294059e-01 |   1.375 s | best 7.294059e-01 @115 *
epoch  116 | train 7.428045e-01 | val 7.292979e-01 |   1.373 s | best 7.292979e-01 @116 *
epoch  117 | train 7.357889e-01 | val 7.291992e-01 |   1.370 s | best 7.291992e-01 @117 *
epoch  118 | train 7.355616e-01 | val 7.290941e-01 |   1.367 s | best 7.290941e-01 @118 *
epoch  119 | train 7.422168e-01 | val 7.289985e-01 |   1.371 s | best 7.289985e-01 @119 *
epoch  120 | train 7.453767e-01 | val 7.289032e-01 |   1.369 s | best 7.289032e-01 @120 *
epoch  121 | train 7.428512e-01 | val 7.288293e-01 |   1.367 s | best 7.288293e-01 @121 *
epoch  122 | train 7.381616e-01 | val 7.287557e-01 |   1.371 s | best 7.287557e-01 @122 *
epoch  123 | train 7.391376e-01 | val 7.286842e-01 |   1.369 s | best 7.286842e-01 @123 *
epoch  124 | train 7.420293e-01 | val 7.286259e-01 |   1.366 s | best 7.286259e-01 @124 *
epoch  125 | train 7.444346e-01 | val 7.285627e-01 |   1.368 s | best 7.285627e-01 @125 *
epoch  126 | train 7.409197e-01 | val 7.284974e-01 |   1.368 s | best 7.284974e-01 @126 *
epoch  127 | train 7.450673e-01 | val 7.284397e-01 |   1.367 s | best 7.284397e-01 @127 *
epoch  128 | train 7.432401e-01 | val 7.283775e-01 |   1.371 s | best 7.283775e-01 @128 *
epoch  129 | train 7.420337e-01 | val 7.283358e-01 |   1.374 s | best 7.283358e-01 @129 *
epoch  130 | train 7.394175e-01 | val 7.282909e-01 |   1.368 s | best 7.282909e-01 @130 *
epoch  131 | train 7.399321e-01 | val 7.282507e-01 |   1.369 s | best 7.282507e-01 @131 *
epoch  132 | train 7.395499e-01 | val 7.282099e-01 |   1.368 s | best 7.282099e-01 @132 *
epoch  133 | train 7.439798e-01 | val 7.281777e-01 |   1.368 s | best 7.281777e-01 @133 *
epoch  134 | train 7.413571e-01 | val 7.281315e-01 |   1.373 s | best 7.281315e-01 @134 *
epoch  135 | train 7.384451e-01 | val 7.280894e-01 |   1.368 s | best 7.280894e-01 @135 *
epoch  136 | train 7.442270e-01 | val 7.280576e-01 |   1.373 s | best 7.280576e-01 @136 *
epoch  137 | train 7.441196e-01 | val 7.280253e-01 |   1.366 s | best 7.280253e-01 @137 *
epoch  138 | train 7.396973e-01 | val 7.280065e-01 |   1.371 s | best 7.280065e-01 @138 *
epoch  139 | train 7.409802e-01 | val 7.279844e-01 |   1.368 s | best 7.279844e-01 @139 *
epoch  140 | train 7.412866e-01 | val 7.279616e-01 |   1.369 s | best 7.279616e-01 @140 *
epoch  141 | train 7.442426e-01 | val 7.279325e-01 |   1.369 s | best 7.279325e-01 @141 *
epoch  142 | train 7.425637e-01 | val 7.279081e-01 |   1.368 s | best 7.279081e-01 @142 *
epoch  143 | train 7.422225e-01 | val 7.278976e-01 |   1.368 s | best 7.278976e-01 @143 *
epoch  144 | train 7.426264e-01 | val 7.278887e-01 |   1.367 s | best 7.278887e-01 @144 *
epoch  145 | train 7.394636e-01 | val 7.278693e-01 |   1.369 s | best 7.278693e-01 @145 *
epoch  146 | train 7.403752e-01 | val 7.278565e-01 |   1.377 s | best 7.278565e-01 @146 *
epoch  147 | train 7.416761e-01 | val 7.278324e-01 |   1.369 s | best 7.278324e-01 @147 *
epoch  148 | train 7.397605e-01 | val 7.278011e-01 |   1.371 s | best 7.278011e-01 @148 *
epoch  149 | train 7.354266e-01 | val 7.277711e-01 |   1.371 s | best 7.277711e-01 @149 *
epoch  150 | train 7.361241e-01 | val 7.277457e-01 |   1.368 s | best 7.277457e-01 @150 *
epoch  151 | train 7.375418e-01 | val 7.277232e-01 |   1.370 s | best 7.277232e-01 @151 *
epoch  152 | train 7.402964e-01 | val 7.277132e-01 |   1.371 s | best 7.277132e-01 @152 *
epoch  153 | train 7.402042e-01 | val 7.277134e-01 |   1.367 s | best 7.277132e-01 @152
epoch  154 | train 7.406573e-01 | val 7.277101e-01 |   1.371 s | best 7.277101e-01 @154 *
epoch  155 | train 7.372804e-01 | val 7.277046e-01 |   1.367 s | best 7.277046e-01 @155 *
epoch  156 | train 7.405090e-01 | val 7.277013e-01 |   1.368 s | best 7.277013e-01 @156 *
epoch  157 | train 7.351584e-01 | val 7.276828e-01 |   1.368 s | best 7.276828e-01 @157 *
epoch  158 | train 7.381777e-01 | val 7.276699e-01 |   1.370 s | best 7.276699e-01 @158 *
epoch  159 | train 7.392353e-01 | val 7.276623e-01 |   1.369 s | best 7.276623e-01 @159 *
epoch  160 | train 7.421608e-01 | val 7.276620e-01 |   1.367 s | best 7.276620e-01 @160 *
epoch  161 | train 7.395367e-01 | val 7.276669e-01 |   1.367 s | best 7.276620e-01 @160
epoch  162 | train 7.376177e-01 | val 7.276530e-01 |   1.368 s | best 7.276530e-01 @162 *
epoch  163 | train 7.374414e-01 | val 7.276308e-01 |   1.366 s | best 7.276308e-01 @163 *
epoch  164 | train 7.416272e-01 | val 7.276164e-01 |   1.369 s | best 7.276164e-01 @164 *
epoch  165 | train 7.367531e-01 | val 7.276216e-01 |   1.369 s | best 7.276164e-01 @164
epoch  166 | train 7.404421e-01 | val 7.276357e-01 |   1.373 s | best 7.276164e-01 @164
epoch  167 | train 7.385776e-01 | val 7.276556e-01 |   1.370 s | best 7.276164e-01 @164
epoch  168 | train 7.317457e-01 | val 7.276495e-01 |   1.370 s | best 7.276164e-01 @164
epoch  169 | train 7.386228e-01 | val 7.276634e-01 |   1.371 s | best 7.276164e-01 @164
epoch  170 | train 7.372615e-01 | val 7.276603e-01 |   1.369 s | best 7.276164e-01 @164
epoch  171 | train 7.387126e-01 | val 7.276549e-01 |   1.370 s | best 7.276164e-01 @164
epoch  172 | train 7.425507e-01 | val 7.276482e-01 |   1.371 s | best 7.276164e-01 @164
epoch  173 | train 7.385527e-01 | val 7.276582e-01 |   1.368 s | best 7.276164e-01 @164
epoch  174 | train 7.404879e-01 | val 7.276710e-01 |   1.369 s | best 7.276164e-01 @164
epoch  175 | train 7.389944e-01 | val 7.276780e-01 |   1.371 s | best 7.276164e-01 @164
epoch  176 | train 7.370503e-01 | val 7.276834e-01 |   1.367 s | best 7.276164e-01 @164
epoch  177 | train 7.436556e-01 | val 7.276965e-01 |   1.371 s | best 7.276164e-01 @164
epoch  178 | train 7.375309e-01 | val 7.276983e-01 |   1.371 s | best 7.276164e-01 @164
epoch  179 | train 7.337378e-01 | val 7.277107e-01 |   1.367 s | best 7.276164e-01 @164
epoch  180 | train 7.395635e-01 | val 7.277152e-01 |   1.369 s | best 7.276164e-01 @164
epoch  181 | train 7.419878e-01 | val 7.277148e-01 |   1.369 s | best 7.276164e-01 @164
epoch  182 | train 7.367090e-01 | val 7.277238e-01 |   1.369 s | best 7.276164e-01 @164
epoch  183 | train 7.400808e-01 | val 7.277265e-01 |   1.370 s | best 7.276164e-01 @164
epoch  184 | train 7.396642e-01 | val 7.277287e-01 |   1.369 s | best 7.276164e-01 @164
epoch  185 | train 7.395083e-01 | val 7.277310e-01 |   1.376 s | best 7.276164e-01 @164
epoch  186 | train 7.383912e-01 | val 7.277203e-01 |   1.337 s | best 7.276164e-01 @164
epoch  187 | train 7.360122e-01 | val 7.277195e-01 |   1.328 s | best 7.276164e-01 @164
epoch  188 | train 7.399044e-01 | val 7.277281e-01 |   1.363 s | best 7.276164e-01 @164
epoch  189 | train 7.346266e-01 | val 7.277356e-01 |   1.340 s | best 7.276164e-01 @164
epoch  190 | train 7.388526e-01 | val 7.277471e-01 |   1.330 s | best 7.276164e-01 @164
epoch  191 | train 7.363699e-01 | val 7.277530e-01 |   1.352 s | best 7.276164e-01 @164
epoch  192 | train 7.356744e-01 | val 7.277531e-01 |   1.353 s | best 7.276164e-01 @164
epoch  193 | train 7.357019e-01 | val 7.277629e-01 |   1.330 s | best 7.276164e-01 @164
epoch  194 | train 7.330264e-01 | val 7.277600e-01 |   1.332 s | best 7.276164e-01 @164
epoch  195 | train 7.366452e-01 | val 7.277721e-01 |   1.354 s | best 7.276164e-01 @164
epoch  196 | train 7.403815e-01 | val 7.277871e-01 |   1.349 s | best 7.276164e-01 @164
epoch  197 | train 7.389858e-01 | val 7.277924e-01 |   1.327 s | best 7.276164e-01 @164
epoch  198 | train 7.398299e-01 | val 7.277988e-01 |   1.286 s | best 7.276164e-01 @164
epoch  199 | train 7.395853e-01 | val 7.278004e-01 |   1.348 s | best 7.276164e-01 @164
epoch  200 | train 7.350056e-01 | val 7.278039e-01 |   1.337 s | best 7.276164e-01 @164
# done        : 200 epochs, stopped_by=patience, aborted=False, best val 7.276164e-01 @ epoch 164, wall 290.3 s, 1.452 s/epoch
