
# ===== 2026-09-21 05:07:44 KST  HPO attempt 14  testbed D1 prior S  Nr=8 Nt=4
# DEVICE      : cuda | cuda_available=True | NVIDIA RTX PRO 6000 Blackwell Server Edition | torch 2.14.0+cu130 | train dtype float32 (01_RULES §9.5)
# data        : n_train=9000 n_val=1000 split_hash=98d6225d67f9c15a E||H||_F^2/(NrNt)=1.000268 (04_SPEC §2)
# sigma grid  : MEASURED, 20 points, log-uniform draw over [3.2936e-02, 7.9084e-01]
# hp          : {'arch': 'mlp', 'param': 'edm', 'domain': 'angle', 'lr': 0.0006232421378722613, 'ema': 0.9999, 'batch': 128, 'emb': 64, 'width': 128, 'depth': 8}  params=305600
# stopping    : patience 15 on val loss, never before 0 epochs, max 600 (01_RULES §5)
epoch    1 | train 9.765487e-01 | val 9.904916e-01 |   0.795 s | best 9.904916e-01 @1 *
epoch    2 | train 9.383892e-01 | val 9.901395e-01 |   0.911 s | best 9.901395e-01 @2 *
epoch    3 | train 9.199707e-01 | val 9.897280e-01 |   0.919 s | best 9.897280e-01 @3 *
epoch    4 | train 9.106424e-01 | val 9.892765e-01 |   0.973 s | best 9.892765e-01 @4 *
epoch    5 | train 8.992013e-01 | val 9.887941e-01 |   0.957 s | best 9.887941e-01 @5 *
epoch    6 | train 8.980848e-01 | val 9.882888e-01 |   0.964 s | best 9.882888e-01 @6 *
epoch    7 | train 8.966857e-01 | val 9.877650e-01 |   0.951 s | best 9.877650e-01 @7 *
epoch    8 | train 8.937257e-01 | val 9.872243e-01 |   0.957 s | best 9.872243e-01 @8 *
epoch    9 | train 8.961221e-01 | val 9.866717e-01 |   0.923 s | best 9.866717e-01 @9 *
epoch   10 | train 8.883138e-01 | val 9.861022e-01 |   0.921 s | best 9.861022e-01 @10 *
epoch   11 | train 8.882624e-01 | val 9.855193e-01 |   0.902 s | best 9.855193e-01 @11 *
epoch   12 | train 8.897400e-01 | val 9.849235e-01 |   0.911 s | best 9.849235e-01 @12 *
epoch   13 | train 8.897203e-01 | val 9.843242e-01 |   0.905 s | best 9.843242e-01 @13 *
epoch   14 | train 8.894546e-01 | val 9.837193e-01 |   0.936 s | best 9.837193e-01 @14 *
epoch   15 | train 8.884846e-01 | val 9.831077e-01 |   0.995 s | best 9.831077e-01 @15 *
epoch   16 | train 8.869942e-01 | val 9.824859e-01 |   0.944 s | best 9.824859e-01 @16 *
epoch   17 | train 8.868371e-01 | val 9.818542e-01 |   0.956 s | best 9.818542e-01 @17 *
epoch   18 | train 8.884860e-01 | val 9.812156e-01 |   0.999 s | best 9.812156e-01 @18 *
epoch   19 | train 8.887718e-01 | val 9.805741e-01 |   0.998 s | best 9.805741e-01 @19 *
epoch   20 | train 8.851078e-01 | val 9.799260e-01 |   0.993 s | best 9.799260e-01 @20 *
epoch   21 | train 8.899056e-01 | val 9.792700e-01 |   0.982 s | best 9.792700e-01 @21 *
epoch   22 | train 8.841846e-01 | val 9.786101e-01 |   0.992 s | best 9.786101e-01 @22 *
epoch   23 | train 8.859555e-01 | val 9.779447e-01 |   0.989 s | best 9.779447e-01 @23 *
epoch   24 | train 8.890924e-01 | val 9.772773e-01 |   0.993 s | best 9.772773e-01 @24 *
epoch   25 | train 8.838194e-01 | val 9.766044e-01 |   0.979 s | best 9.766044e-01 @25 *
epoch   26 | train 8.875558e-01 | val 9.759347e-01 |   0.982 s | best 9.759347e-01 @26 *
epoch   27 | train 8.856516e-01 | val 9.752605e-01 |   0.992 s | best 9.752605e-01 @27 *
epoch   28 | train 8.863472e-01 | val 9.745854e-01 |   0.987 s | best 9.745854e-01 @28 *
epoch   29 | train 8.856794e-01 | val 9.739071e-01 |   0.983 s | best 9.739071e-01 @29 *
epoch   30 | train 8.847004e-01 | val 9.732226e-01 |   0.989 s | best 9.732226e-01 @30 *
epoch   31 | train 8.843963e-01 | val 9.725357e-01 |   0.993 s | best 9.725357e-01 @31 *
epoch   32 | train 8.842349e-01 | val 9.718459e-01 |   0.996 s | best 9.718459e-01 @32 *
epoch   33 | train 8.840516e-01 | val 9.711574e-01 |   0.987 s | best 9.711574e-01 @33 *
epoch   34 | train 8.862889e-01 | val 9.704672e-01 |   0.943 s | best 9.704672e-01 @34 *
epoch   35 | train 8.840089e-01 | val 9.697760e-01 |   0.954 s | best 9.697760e-01 @35 *
epoch   36 | train 8.850995e-01 | val 9.690861e-01 |   0.952 s | best 9.690861e-01 @36 *
epoch   37 | train 8.877054e-01 | val 9.683904e-01 |   0.954 s | best 9.683904e-01 @37 *
epoch   38 | train 8.886759e-01 | val 9.676935e-01 |   0.945 s | best 9.676935e-01 @38 *
epoch   39 | train 8.873477e-01 | val 9.669967e-01 |   0.950 s | best 9.669967e-01 @39 *
epoch   40 | train 8.821543e-01 | val 9.663004e-01 |   0.947 s | best 9.663004e-01 @40 *
epoch   41 | train 8.864881e-01 | val 9.656042e-01 |   0.950 s | best 9.656042e-01 @41 *
epoch   42 | train 8.843848e-01 | val 9.649066e-01 |   0.950 s | best 9.649066e-01 @42 *
epoch   43 | train 8.830931e-01 | val 9.642104e-01 |   0.946 s | best 9.642104e-01 @43 *
epoch   44 | train 8.850705e-01 | val 9.635148e-01 |   0.951 s | best 9.635148e-01 @44 *
epoch   45 | train 8.835124e-01 | val 9.628221e-01 |   0.952 s | best 9.628221e-01 @45 *
epoch   46 | train 8.842338e-01 | val 9.621292e-01 |   0.951 s | best 9.621292e-01 @46 *
epoch   47 | train 8.818901e-01 | val 9.614374e-01 |   0.950 s | best 9.614374e-01 @47 *
epoch   48 | train 8.838859e-01 | val 9.607478e-01 |   0.946 s | best 9.607478e-01 @48 *
epoch   49 | train 8.846343e-01 | val 9.600543e-01 |   0.951 s | best 9.600543e-01 @49 *
epoch   50 | train 8.810801e-01 | val 9.593595e-01 |   0.953 s | best 9.593595e-01 @50 *
epoch   51 | train 8.827988e-01 | val 9.586641e-01 |   0.949 s | best 9.586641e-01 @51 *
epoch   52 | train 8.861302e-01 | val 9.579739e-01 |   0.942 s | best 9.579739e-01 @52 *
epoch   53 | train 8.817061e-01 | val 9.572837e-01 |   0.947 s | best 9.572837e-01 @53 *
epoch   54 | train 8.847356e-01 | val 9.565966e-01 |   0.950 s | best 9.565966e-01 @54 *
epoch   55 | train 8.822475e-01 | val 9.559097e-01 |   0.952 s | best 9.559097e-01 @55 *
epoch   56 | train 8.810671e-01 | val 9.552288e-01 |   0.996 s | best 9.552288e-01 @56 *
epoch   57 | train 8.834334e-01 | val 9.545467e-01 |   0.980 s | best 9.545467e-01 @57 *
epoch   58 | train 8.818688e-01 | val 9.538656e-01 |   0.987 s | best 9.538656e-01 @58 *
epoch   59 | train 8.845239e-01 | val 9.531846e-01 |   0.992 s | best 9.531846e-01 @59 *
epoch   60 | train 8.820265e-01 | val 9.525042e-01 |   0.990 s | best 9.525042e-01 @60 *
epoch   61 | train 8.838839e-01 | val 9.518272e-01 |   0.980 s | best 9.518272e-01 @61 *
epoch   62 | train 8.845273e-01 | val 9.511551e-01 |   0.982 s | best 9.511551e-01 @62 *
epoch   63 | train 8.850968e-01 | val 9.504888e-01 |   0.992 s | best 9.504888e-01 @63 *
epoch   64 | train 8.831095e-01 | val 9.498249e-01 |   0.991 s | best 9.498249e-01 @64 *
epoch   65 | train 8.823345e-01 | val 9.491594e-01 |   0.978 s | best 9.491594e-01 @65 *
epoch   66 | train 8.869823e-01 | val 9.484959e-01 |   0.989 s | best 9.484959e-01 @66 *
epoch   67 | train 8.809126e-01 | val 9.478363e-01 |   0.990 s | best 9.478363e-01 @67 *
epoch   68 | train 8.883005e-01 | val 9.471769e-01 |   0.991 s | best 9.471769e-01 @68 *
epoch   69 | train 8.836777e-01 | val 9.465219e-01 |   0.988 s | best 9.465219e-01 @69 *
epoch   70 | train 8.829174e-01 | val 9.458696e-01 |   0.941 s | best 9.458696e-01 @70 *
epoch   71 | train 8.828281e-01 | val 9.452167e-01 |   0.942 s | best 9.452167e-01 @71 *
epoch   72 | train 8.795421e-01 | val 9.445682e-01 |   0.955 s | best 9.445682e-01 @72 *
epoch   73 | train 8.829973e-01 | val 9.439222e-01 |   0.979 s | best 9.439222e-01 @73 *
epoch   74 | train 8.853889e-01 | val 9.432775e-01 |   0.995 s | best 9.432775e-01 @74 *
epoch   75 | train 8.858460e-01 | val 9.426360e-01 |   1.012 s | best 9.426360e-01 @75 *
epoch   76 | train 8.835490e-01 | val 9.419978e-01 |   0.978 s | best 9.419978e-01 @76 *
epoch   77 | train 8.834537e-01 | val 9.413652e-01 |   0.982 s | best 9.413652e-01 @77 *
epoch   78 | train 8.828893e-01 | val 9.407358e-01 |   0.971 s | best 9.407358e-01 @78 *
epoch   79 | train 8.801467e-01 | val 9.401100e-01 |   0.953 s | best 9.401100e-01 @79 *
epoch   80 | train 8.813199e-01 | val 9.394881e-01 |   0.973 s | best 9.394881e-01 @80 *
epoch   81 | train 8.854122e-01 | val 9.388621e-01 |   0.990 s | best 9.388621e-01 @81 *
epoch   82 | train 8.810013e-01 | val 9.382434e-01 |   0.996 s | best 9.382434e-01 @82 *
epoch   83 | train 8.788858e-01 | val 9.376302e-01 |   1.043 s | best 9.376302e-01 @83 *
epoch   84 | train 8.837350e-01 | val 9.370188e-01 |   0.993 s | best 9.370188e-01 @84 *
epoch   85 | train 8.821355e-01 | val 9.364142e-01 |   0.949 s | best 9.364142e-01 @85 *
epoch   86 | train 8.837741e-01 | val 9.358136e-01 |   0.961 s | best 9.358136e-01 @86 *
epoch   87 | train 8.841321e-01 | val 9.352180e-01 |   0.957 s | best 9.352180e-01 @87 *
epoch   88 | train 8.791919e-01 | val 9.346241e-01 |   0.951 s | best 9.346241e-01 @88 *
epoch   89 | train 8.820401e-01 | val 9.340374e-01 |   0.995 s | best 9.340374e-01 @89 *
epoch   90 | train 8.822303e-01 | val 9.334562e-01 |   1.020 s | best 9.334562e-01 @90 *
epoch   91 | train 8.806186e-01 | val 9.328727e-01 |   0.859 s | best 9.328727e-01 @91 *
epoch   92 | train 8.833429e-01 | val 9.322922e-01 |   0.933 s | best 9.322922e-01 @92 *
epoch   93 | train 8.827020e-01 | val 9.317185e-01 |   0.934 s | best 9.317185e-01 @93 *
epoch   94 | train 8.771251e-01 | val 9.311503e-01 |   0.940 s | best 9.311503e-01 @94 *
epoch   95 | train 8.808404e-01 | val 9.305815e-01 |   0.934 s | best 9.305815e-01 @95 *
epoch   96 | train 8.817259e-01 | val 9.300174e-01 |   0.934 s | best 9.300174e-01 @96 *
epoch   97 | train 8.793259e-01 | val 9.294564e-01 |   0.938 s | best 9.294564e-01 @97 *
epoch   98 | train 8.825188e-01 | val 9.288980e-01 |   0.936 s | best 9.288980e-01 @98 *
epoch   99 | train 8.755310e-01 | val 9.283432e-01 |   0.943 s | best 9.283432e-01 @99 *
epoch  100 | train 8.823875e-01 | val 9.277944e-01 |   0.933 s | best 9.277944e-01 @100 *
epoch  101 | train 8.795477e-01 | val 9.272503e-01 |   0.945 s | best 9.272503e-01 @101 *
epoch  102 | train 8.802162e-01 | val 9.267094e-01 |   0.933 s | best 9.267094e-01 @102 *
epoch  103 | train 8.814865e-01 | val 9.261719e-01 |   0.934 s | best 9.261719e-01 @103 *
epoch  104 | train 8.811932e-01 | val 9.256378e-01 |   0.936 s | best 9.256378e-01 @104 *
epoch  105 | train 8.780443e-01 | val 9.251055e-01 |   0.932 s | best 9.251055e-01 @105 *
epoch  106 | train 8.810426e-01 | val 9.245813e-01 |   0.939 s | best 9.245813e-01 @106 *
epoch  107 | train 8.828220e-01 | val 9.240612e-01 |   0.934 s | best 9.240612e-01 @107 *
epoch  108 | train 8.774890e-01 | val 9.235495e-01 |   0.934 s | best 9.235495e-01 @108 *
epoch  109 | train 8.818745e-01 | val 9.230423e-01 |   0.940 s | best 9.230423e-01 @109 *
epoch  110 | train 8.768744e-01 | val 9.225336e-01 |   0.931 s | best 9.225336e-01 @110 *
epoch  111 | train 8.787490e-01 | val 9.220302e-01 |   0.935 s | best 9.220302e-01 @111 *
epoch  112 | train 8.780670e-01 | val 9.215316e-01 |   0.935 s | best 9.215316e-01 @112 *
epoch  113 | train 8.750527e-01 | val 9.210370e-01 |   0.935 s | best 9.210370e-01 @113 *
epoch  114 | train 8.784548e-01 | val 9.205499e-01 |   0.933 s | best 9.205499e-01 @114 *
epoch  115 | train 8.786050e-01 | val 9.200627e-01 |   0.938 s | best 9.200627e-01 @115 *
epoch  116 | train 8.761865e-01 | val 9.195812e-01 |   0.937 s | best 9.195812e-01 @116 *
epoch  117 | train 8.794683e-01 | val 9.191066e-01 |   0.932 s | best 9.191066e-01 @117 *
epoch  118 | train 8.790478e-01 | val 9.186376e-01 |   0.936 s | best 9.186376e-01 @118 *
epoch  119 | train 8.760019e-01 | val 9.181724e-01 |   0.931 s | best 9.181724e-01 @119 *
epoch  120 | train 8.759216e-01 | val 9.177123e-01 |   0.939 s | best 9.177123e-01 @120 *
epoch  121 | train 8.761202e-01 | val 9.172582e-01 |   0.934 s | best 9.172582e-01 @121 *
epoch  122 | train 8.735176e-01 | val 9.168105e-01 |   0.937 s | best 9.168105e-01 @122 *
epoch  123 | train 8.760953e-01 | val 9.163713e-01 |   0.931 s | best 9.163713e-01 @123 *
epoch  124 | train 8.742175e-01 | val 9.159303e-01 |   0.940 s | best 9.159303e-01 @124 *
epoch  125 | train 8.717357e-01 | val 9.154958e-01 |   0.929 s | best 9.154958e-01 @125 *
epoch  126 | train 8.720330e-01 | val 9.150615e-01 |   0.938 s | best 9.150615e-01 @126 *
epoch  127 | train 8.732435e-01 | val 9.146339e-01 |   0.558 s | best 9.146339e-01 @127 *
epoch  128 | train 8.723477e-01 | val 9.142105e-01 |   0.812 s | best 9.142105e-01 @128 *
epoch  129 | train 8.703957e-01 | val 9.137899e-01 |   0.929 s | best 9.137899e-01 @129 *
epoch  130 | train 8.671264e-01 | val 9.133741e-01 |   0.937 s | best 9.133741e-01 @130 *
epoch  131 | train 8.684561e-01 | val 9.129601e-01 |   0.939 s | best 9.129601e-01 @131 *
epoch  132 | train 8.710679e-01 | val 9.125530e-01 |   0.934 s | best 9.125530e-01 @132 *
epoch  133 | train 8.720112e-01 | val 9.121480e-01 |   0.934 s | best 9.121480e-01 @133 *
epoch  134 | train 8.727473e-01 | val 9.117435e-01 |   0.935 s | best 9.117435e-01 @134 *
epoch  135 | train 8.703653e-01 | val 9.113386e-01 |   0.935 s | best 9.113386e-01 @135 *
epoch  136 | train 8.712393e-01 | val 9.109355e-01 |   0.931 s | best 9.109355e-01 @136 *
epoch  137 | train 8.682486e-01 | val 9.105364e-01 |   0.934 s | best 9.105364e-01 @137 *
epoch  138 | train 8.655526e-01 | val 9.101416e-01 |   0.924 s | best 9.101416e-01 @138 *
epoch  139 | train 8.682990e-01 | val 9.097489e-01 |   0.934 s | best 9.097489e-01 @139 *
epoch  140 | train 8.688021e-01 | val 9.093598e-01 |   0.932 s | best 9.093598e-01 @140 *
epoch  141 | train 8.676296e-01 | val 9.089738e-01 |   0.934 s | best 9.089738e-01 @141 *
epoch  142 | train 8.694116e-01 | val 9.085909e-01 |   0.929 s | best 9.085909e-01 @142 *
epoch  143 | train 8.668740e-01 | val 9.082115e-01 |   0.935 s | best 9.082115e-01 @143 *
epoch  144 | train 8.640590e-01 | val 9.078382e-01 |   0.938 s | best 9.078382e-01 @144 *
epoch  145 | train 8.671468e-01 | val 9.074702e-01 |   0.938 s | best 9.074702e-01 @145 *
epoch  146 | train 8.634127e-01 | val 9.071024e-01 |   0.939 s | best 9.071024e-01 @146 *
epoch  147 | train 8.605302e-01 | val 9.067374e-01 |   0.933 s | best 9.067374e-01 @147 *
epoch  148 | train 8.666591e-01 | val 9.063751e-01 |   0.936 s | best 9.063751e-01 @148 *
epoch  149 | train 8.630021e-01 | val 9.060175e-01 |   0.931 s | best 9.060175e-01 @149 *
epoch  150 | train 8.627949e-01 | val 9.056613e-01 |   0.929 s | best 9.056613e-01 @150 *
epoch  151 | train 8.586872e-01 | val 9.053079e-01 |   0.938 s | best 9.053079e-01 @151 *
epoch  152 | train 8.617790e-01 | val 9.049577e-01 |   0.916 s | best 9.049577e-01 @152 *
epoch  153 | train 8.625806e-01 | val 9.046104e-01 |   0.935 s | best 9.046104e-01 @153 *
epoch  154 | train 8.626272e-01 | val 9.042671e-01 |   0.931 s | best 9.042671e-01 @154 *
epoch  155 | train 8.595501e-01 | val 9.039242e-01 |   0.927 s | best 9.039242e-01 @155 *
epoch  156 | train 8.591197e-01 | val 9.035877e-01 |   0.928 s | best 9.035877e-01 @156 *
epoch  157 | train 8.587785e-01 | val 9.032522e-01 |   0.933 s | best 9.032522e-01 @157 *
epoch  158 | train 8.608134e-01 | val 9.029175e-01 |   0.935 s | best 9.029175e-01 @158 *
epoch  159 | train 8.561754e-01 | val 9.025857e-01 |   0.938 s | best 9.025857e-01 @159 *
epoch  160 | train 8.582921e-01 | val 9.022575e-01 |   0.931 s | best 9.022575e-01 @160 *
epoch  161 | train 8.600034e-01 | val 9.019312e-01 |   0.931 s | best 9.019312e-01 @161 *
epoch  162 | train 8.546557e-01 | val 9.016077e-01 |   0.931 s | best 9.016077e-01 @162 *
epoch  163 | train 8.565220e-01 | val 9.012857e-01 |   0.932 s | best 9.012857e-01 @163 *
epoch  164 | train 8.588474e-01 | val 9.009672e-01 |   0.917 s | best 9.009672e-01 @164 *
epoch  165 | train 8.536741e-01 | val 9.006532e-01 |   0.934 s | best 9.006532e-01 @165 *
epoch  166 | train 8.546741e-01 | val 9.003407e-01 |   0.931 s | best 9.003407e-01 @166 *
epoch  167 | train 8.553324e-01 | val 9.000303e-01 |   0.935 s | best 9.000303e-01 @167 *
epoch  168 | train 8.552930e-01 | val 8.997239e-01 |   0.984 s | best 8.997239e-01 @168 *
epoch  169 | train 8.564514e-01 | val 8.994198e-01 |   0.939 s | best 8.994198e-01 @169 *
epoch  170 | train 8.579476e-01 | val 8.991156e-01 |   0.939 s | best 8.991156e-01 @170 *
epoch  171 | train 8.556115e-01 | val 8.988090e-01 |   0.966 s | best 8.988090e-01 @171 *
epoch  172 | train 8.540049e-01 | val 8.985077e-01 |   0.953 s | best 8.985077e-01 @172 *
epoch  173 | train 8.526821e-01 | val 8.982109e-01 |   0.970 s | best 8.982109e-01 @173 *
epoch  174 | train 8.534644e-01 | val 8.979179e-01 |   0.966 s | best 8.979179e-01 @174 *
epoch  175 | train 8.518303e-01 | val 8.976235e-01 |   0.939 s | best 8.976235e-01 @175 *
epoch  176 | train 8.531902e-01 | val 8.973325e-01 |   0.945 s | best 8.973325e-01 @176 *
epoch  177 | train 8.502664e-01 | val 8.970417e-01 |   0.949 s | best 8.970417e-01 @177 *
epoch  178 | train 8.527558e-01 | val 8.967496e-01 |   0.942 s | best 8.967496e-01 @178 *
epoch  179 | train 8.553975e-01 | val 8.964612e-01 |   0.945 s | best 8.964612e-01 @179 *
epoch  180 | train 8.548540e-01 | val 8.961768e-01 |   0.942 s | best 8.961768e-01 @180 *
epoch  181 | train 8.474475e-01 | val 8.958936e-01 |   0.939 s | best 8.958936e-01 @181 *
epoch  182 | train 8.498658e-01 | val 8.956109e-01 |   0.945 s | best 8.956109e-01 @182 *
epoch  183 | train 8.486491e-01 | val 8.953331e-01 |   0.942 s | best 8.953331e-01 @183 *
epoch  184 | train 8.520686e-01 | val 8.950578e-01 |   0.939 s | best 8.950578e-01 @184 *
epoch  185 | train 8.495889e-01 | val 8.947822e-01 |   0.940 s | best 8.947822e-01 @185 *
epoch  186 | train 8.492374e-01 | val 8.945087e-01 |   0.757 s | best 8.945087e-01 @186 *
epoch  187 | train 8.490655e-01 | val 8.942371e-01 |   0.536 s | best 8.942371e-01 @187 *
epoch  188 | train 8.490642e-01 | val 8.939644e-01 |   0.550 s | best 8.939644e-01 @188 *
epoch  189 | train 8.493026e-01 | val 8.936931e-01 |   0.789 s | best 8.936931e-01 @189 *
epoch  190 | train 8.515247e-01 | val 8.934244e-01 |   0.938 s | best 8.934244e-01 @190 *
epoch  191 | train 8.456561e-01 | val 8.931558e-01 |   0.942 s | best 8.931558e-01 @191 *
epoch  192 | train 8.458942e-01 | val 8.928886e-01 |   0.943 s | best 8.928886e-01 @192 *
epoch  193 | train 8.467874e-01 | val 8.926194e-01 |   0.942 s | best 8.926194e-01 @193 *
epoch  194 | train 8.495328e-01 | val 8.923555e-01 |   0.944 s | best 8.923555e-01 @194 *
epoch  195 | train 8.487591e-01 | val 8.920889e-01 |   0.977 s | best 8.920889e-01 @195 *
epoch  196 | train 8.474104e-01 | val 8.918223e-01 |   0.974 s | best 8.918223e-01 @196 *
epoch  197 | train 8.467654e-01 | val 8.915538e-01 |   0.954 s | best 8.915538e-01 @197 *
epoch  198 | train 8.463319e-01 | val 8.912881e-01 |   0.945 s | best 8.912881e-01 @198 *
epoch  199 | train 8.470736e-01 | val 8.910264e-01 |   0.568 s | best 8.910264e-01 @199 *
epoch  200 | train 8.487857e-01 | val 8.907665e-01 |   0.890 s | best 8.907665e-01 @200 *
epoch  201 | train 8.465873e-01 | val 8.905048e-01 |   0.953 s | best 8.905048e-01 @201 *
epoch  202 | train 8.456881e-01 | val 8.902410e-01 |   0.958 s | best 8.902410e-01 @202 *
epoch  203 | train 8.431765e-01 | val 8.899809e-01 |   0.957 s | best 8.899809e-01 @203 *
epoch  204 | train 8.463450e-01 | val 8.897189e-01 |   1.002 s | best 8.897189e-01 @204 *
epoch  205 | train 8.448245e-01 | val 8.894605e-01 |   0.975 s | best 8.894605e-01 @205 *
epoch  206 | train 8.461393e-01 | val 8.891996e-01 |   0.995 s | best 8.891996e-01 @206 *
epoch  207 | train 8.435044e-01 | val 8.889426e-01 |   0.997 s | best 8.889426e-01 @207 *
epoch  208 | train 8.491998e-01 | val 8.886868e-01 |   0.990 s | best 8.886868e-01 @208 *
epoch  209 | train 8.458030e-01 | val 8.884302e-01 |   0.954 s | best 8.884302e-01 @209 *
epoch  210 | train 8.500013e-01 | val 8.881734e-01 |   0.956 s | best 8.881734e-01 @210 *
epoch  211 | train 8.478092e-01 | val 8.879158e-01 |   0.955 s | best 8.879158e-01 @211 *
epoch  212 | train 8.437391e-01 | val 8.876570e-01 |   0.987 s | best 8.876570e-01 @212 *
epoch  213 | train 8.454505e-01 | val 8.873974e-01 |   0.925 s | best 8.873974e-01 @213 *
epoch  214 | train 8.456265e-01 | val 8.871384e-01 |   0.950 s | best 8.871384e-01 @214 *
epoch  215 | train 8.417707e-01 | val 8.868816e-01 |   0.956 s | best 8.868816e-01 @215 *
epoch  216 | train 8.436844e-01 | val 8.866249e-01 |   0.960 s | best 8.866249e-01 @216 *
epoch  217 | train 8.431701e-01 | val 8.863687e-01 |   0.973 s | best 8.863687e-01 @217 *
epoch  218 | train 8.469381e-01 | val 8.861125e-01 |   0.953 s | best 8.861125e-01 @218 *
epoch  219 | train 8.430000e-01 | val 8.858566e-01 |   0.955 s | best 8.858566e-01 @219 *
epoch  220 | train 8.448260e-01 | val 8.855962e-01 |   0.958 s | best 8.855962e-01 @220 *
epoch  221 | train 8.472928e-01 | val 8.853377e-01 |   0.959 s | best 8.853377e-01 @221 *
epoch  222 | train 8.447724e-01 | val 8.850796e-01 |   0.948 s | best 8.850796e-01 @222 *
epoch  223 | train 8.426041e-01 | val 8.848211e-01 |   0.950 s | best 8.848211e-01 @223 *
epoch  224 | train 8.459774e-01 | val 8.845616e-01 |   0.955 s | best 8.845616e-01 @224 *
epoch  225 | train 8.459401e-01 | val 8.843047e-01 |   0.950 s | best 8.843047e-01 @225 *
epoch  226 | train 8.461430e-01 | val 8.840453e-01 |   0.960 s | best 8.840453e-01 @226 *
epoch  227 | train 8.439036e-01 | val 8.837870e-01 |   0.954 s | best 8.837870e-01 @227 *
epoch  228 | train 8.412712e-01 | val 8.835318e-01 |   0.958 s | best 8.835318e-01 @228 *
epoch  229 | train 8.453043e-01 | val 8.832724e-01 |   0.958 s | best 8.832724e-01 @229 *
epoch  230 | train 8.445513e-01 | val 8.830148e-01 |   0.953 s | best 8.830148e-01 @230 *
epoch  231 | train 8.460636e-01 | val 8.827556e-01 |   0.960 s | best 8.827556e-01 @231 *
epoch  232 | train 8.455641e-01 | val 8.824978e-01 |   0.952 s | best 8.824978e-01 @232 *
epoch  233 | train 8.400929e-01 | val 8.822381e-01 |   0.957 s | best 8.822381e-01 @233 *
epoch  234 | train 8.446317e-01 | val 8.819788e-01 |   0.954 s | best 8.819788e-01 @234 *
epoch  235 | train 8.418954e-01 | val 8.817228e-01 |   0.964 s | best 8.817228e-01 @235 *
epoch  236 | train 8.417184e-01 | val 8.814656e-01 |   0.952 s | best 8.814656e-01 @236 *
epoch  237 | train 8.385107e-01 | val 8.812082e-01 |   0.959 s | best 8.812082e-01 @237 *
epoch  238 | train 8.390870e-01 | val 8.809496e-01 |   0.954 s | best 8.809496e-01 @238 *
epoch  239 | train 8.432207e-01 | val 8.806910e-01 |   0.955 s | best 8.806910e-01 @239 *
epoch  240 | train 8.408816e-01 | val 8.804269e-01 |   0.953 s | best 8.804269e-01 @240 *
epoch  241 | train 8.405872e-01 | val 8.801671e-01 |   0.948 s | best 8.801671e-01 @241 *
epoch  242 | train 8.402884e-01 | val 8.799106e-01 |   0.956 s | best 8.799106e-01 @242 *
epoch  243 | train 8.379964e-01 | val 8.796517e-01 |   0.962 s | best 8.796517e-01 @243 *
epoch  244 | train 8.397607e-01 | val 8.793926e-01 |   0.958 s | best 8.793926e-01 @244 *
epoch  245 | train 8.362409e-01 | val 8.791333e-01 |   0.954 s | best 8.791333e-01 @245 *
epoch  246 | train 8.402022e-01 | val 8.788718e-01 |   0.962 s | best 8.788718e-01 @246 *
epoch  247 | train 8.416125e-01 | val 8.786113e-01 |   0.955 s | best 8.786113e-01 @247 *
epoch  248 | train 8.441114e-01 | val 8.783510e-01 |   0.960 s | best 8.783510e-01 @248 *
epoch  249 | train 8.448978e-01 | val 8.780915e-01 |   0.960 s | best 8.780915e-01 @249 *
epoch  250 | train 8.411288e-01 | val 8.778340e-01 |   0.947 s | best 8.778340e-01 @250 *
epoch  251 | train 8.365986e-01 | val 8.775744e-01 |   0.955 s | best 8.775744e-01 @251 *
epoch  252 | train 8.401786e-01 | val 8.773116e-01 |   0.954 s | best 8.773116e-01 @252 *
epoch  253 | train 8.382985e-01 | val 8.770494e-01 |   0.964 s | best 8.770494e-01 @253 *
epoch  254 | train 8.357832e-01 | val 8.767862e-01 |   0.960 s | best 8.767862e-01 @254 *
epoch  255 | train 8.403197e-01 | val 8.765243e-01 |   0.951 s | best 8.765243e-01 @255 *
epoch  256 | train 8.352616e-01 | val 8.762602e-01 |   0.960 s | best 8.762602e-01 @256 *
epoch  257 | train 8.408511e-01 | val 8.759971e-01 |   0.954 s | best 8.759971e-01 @257 *
epoch  258 | train 8.386200e-01 | val 8.757321e-01 |   0.959 s | best 8.757321e-01 @258 *
epoch  259 | train 8.351413e-01 | val 8.754662e-01 |   0.948 s | best 8.754662e-01 @259 *
epoch  260 | train 8.400324e-01 | val 8.752007e-01 |   0.962 s | best 8.752007e-01 @260 *
epoch  261 | train 8.394242e-01 | val 8.749393e-01 |   0.959 s | best 8.749393e-01 @261 *
epoch  262 | train 8.346562e-01 | val 8.746713e-01 |   0.956 s | best 8.746713e-01 @262 *
epoch  263 | train 8.375339e-01 | val 8.744032e-01 |   0.953 s | best 8.744032e-01 @263 *
epoch  264 | train 8.381621e-01 | val 8.741369e-01 |   0.956 s | best 8.741369e-01 @264 *
epoch  265 | train 8.360295e-01 | val 8.738707e-01 |   0.943 s | best 8.738707e-01 @265 *
epoch  266 | train 8.349895e-01 | val 8.736042e-01 |   0.954 s | best 8.736042e-01 @266 *
epoch  267 | train 8.387923e-01 | val 8.733431e-01 |   0.957 s | best 8.733431e-01 @267 *
epoch  268 | train 8.388224e-01 | val 8.730754e-01 |   0.956 s | best 8.730754e-01 @268 *
epoch  269 | train 8.362744e-01 | val 8.728090e-01 |   0.964 s | best 8.728090e-01 @269 *
epoch  270 | train 8.395628e-01 | val 8.725433e-01 |   0.963 s | best 8.725433e-01 @270 *
epoch  271 | train 8.392660e-01 | val 8.722781e-01 |   0.963 s | best 8.722781e-01 @271 *
epoch  272 | train 8.356788e-01 | val 8.720126e-01 |   0.964 s | best 8.720126e-01 @272 *
epoch  273 | train 8.360071e-01 | val 8.717458e-01 |   0.960 s | best 8.717458e-01 @273 *
epoch  274 | train 8.393018e-01 | val 8.714840e-01 |   0.958 s | best 8.714840e-01 @274 *
epoch  275 | train 8.386936e-01 | val 8.712206e-01 |   0.960 s | best 8.712206e-01 @275 *
epoch  276 | train 8.375561e-01 | val 8.709561e-01 |   0.961 s | best 8.709561e-01 @276 *
epoch  277 | train 8.403557e-01 | val 8.706883e-01 |   0.953 s | best 8.706883e-01 @277 *
epoch  278 | train 8.381946e-01 | val 8.704244e-01 |   0.962 s | best 8.704244e-01 @278 *
epoch  279 | train 8.378722e-01 | val 8.701577e-01 |   0.959 s | best 8.701577e-01 @279 *
epoch  280 | train 8.371337e-01 | val 8.698884e-01 |   0.962 s | best 8.698884e-01 @280 *
epoch  281 | train 8.365256e-01 | val 8.696212e-01 |   0.967 s | best 8.696212e-01 @281 *
epoch  282 | train 8.385795e-01 | val 8.693521e-01 |   0.957 s | best 8.693521e-01 @282 *
epoch  283 | train 8.390167e-01 | val 8.690903e-01 |   0.950 s | best 8.690903e-01 @283 *
epoch  284 | train 8.331656e-01 | val 8.688282e-01 |   0.955 s | best 8.688282e-01 @284 *
epoch  285 | train 8.370146e-01 | val 8.685662e-01 |   0.962 s | best 8.685662e-01 @285 *
epoch  286 | train 8.396952e-01 | val 8.683051e-01 |   0.957 s | best 8.683051e-01 @286 *
epoch  287 | train 8.366151e-01 | val 8.680413e-01 |   0.964 s | best 8.680413e-01 @287 *
epoch  288 | train 8.357614e-01 | val 8.677803e-01 |   0.963 s | best 8.677803e-01 @288 *
epoch  289 | train 8.365987e-01 | val 8.675138e-01 |   0.965 s | best 8.675138e-01 @289 *
epoch  290 | train 8.347504e-01 | val 8.672462e-01 |   0.964 s | best 8.672462e-01 @290 *
epoch  291 | train 8.341677e-01 | val 8.669805e-01 |   0.958 s | best 8.669805e-01 @291 *
epoch  292 | train 8.379666e-01 | val 8.667176e-01 |   0.958 s | best 8.667176e-01 @292 *
epoch  293 | train 8.356562e-01 | val 8.664517e-01 |   0.964 s | best 8.664517e-01 @293 *
epoch  294 | train 8.336406e-01 | val 8.661878e-01 |   0.999 s | best 8.661878e-01 @294 *
epoch  295 | train 8.330459e-01 | val 8.659257e-01 |   0.958 s | best 8.659257e-01 @295 *
epoch  296 | train 8.383945e-01 | val 8.656668e-01 |   0.964 s | best 8.656668e-01 @296 *
epoch  297 | train 8.347069e-01 | val 8.654084e-01 |   0.960 s | best 8.654084e-01 @297 *
epoch  298 | train 8.361238e-01 | val 8.651519e-01 |   0.961 s | best 8.651519e-01 @298 *
epoch  299 | train 8.342921e-01 | val 8.648986e-01 |   0.953 s | best 8.648986e-01 @299 *
epoch  300 | train 8.323865e-01 | val 8.646452e-01 |   0.954 s | best 8.646452e-01 @300 *
epoch  301 | train 8.348768e-01 | val 8.643932e-01 |   0.954 s | best 8.643932e-01 @301 *
epoch  302 | train 8.338679e-01 | val 8.641353e-01 |   0.961 s | best 8.641353e-01 @302 *
epoch  303 | train 8.349345e-01 | val 8.638794e-01 |   0.962 s | best 8.638794e-01 @303 *
epoch  304 | train 8.345428e-01 | val 8.636282e-01 |   0.960 s | best 8.636282e-01 @304 *
epoch  305 | train 8.326167e-01 | val 8.633742e-01 |   0.949 s | best 8.633742e-01 @305 *
epoch  306 | train 8.351048e-01 | val 8.631260e-01 |   0.961 s | best 8.631260e-01 @306 *
epoch  307 | train 8.375303e-01 | val 8.628778e-01 |   0.961 s | best 8.628778e-01 @307 *
epoch  308 | train 8.315716e-01 | val 8.626335e-01 |   0.957 s | best 8.626335e-01 @308 *
epoch  309 | train 8.357544e-01 | val 8.623925e-01 |   0.944 s | best 8.623925e-01 @309 *
epoch  310 | train 8.321971e-01 | val 8.621490e-01 |   0.963 s | best 8.621490e-01 @310 *
epoch  311 | train 8.329213e-01 | val 8.619009e-01 |   0.960 s | best 8.619009e-01 @311 *
epoch  312 | train 8.362862e-01 | val 8.616555e-01 |   0.963 s | best 8.616555e-01 @312 *
epoch  313 | train 8.392861e-01 | val 8.614076e-01 |   0.960 s | best 8.614076e-01 @313 *
epoch  314 | train 8.316787e-01 | val 8.611621e-01 |   0.955 s | best 8.611621e-01 @314 *
epoch  315 | train 8.340191e-01 | val 8.609200e-01 |   0.960 s | best 8.609200e-01 @315 *
epoch  316 | train 8.307221e-01 | val 8.606779e-01 |   0.959 s | best 8.606779e-01 @316 *
epoch  317 | train 8.371676e-01 | val 8.604361e-01 |   0.947 s | best 8.604361e-01 @317 *
epoch  318 | train 8.300856e-01 | val 8.601900e-01 |   0.958 s | best 8.601900e-01 @318 *
epoch  319 | train 8.313859e-01 | val 8.599446e-01 |   0.959 s | best 8.599446e-01 @319 *
epoch  320 | train 8.349384e-01 | val 8.597060e-01 |   0.959 s | best 8.597060e-01 @320 *
epoch  321 | train 8.301290e-01 | val 8.594673e-01 |   0.957 s | best 8.594673e-01 @321 *
epoch  322 | train 8.319073e-01 | val 8.592337e-01 |   0.959 s | best 8.592337e-01 @322 *
epoch  323 | train 8.303562e-01 | val 8.589977e-01 |   0.958 s | best 8.589977e-01 @323 *
epoch  324 | train 8.307790e-01 | val 8.587648e-01 |   0.958 s | best 8.587648e-01 @324 *
epoch  325 | train 8.311844e-01 | val 8.585329e-01 |   0.960 s | best 8.585329e-01 @325 *
epoch  326 | train 8.334429e-01 | val 8.583033e-01 |   0.962 s | best 8.583033e-01 @326 *
epoch  327 | train 8.328810e-01 | val 8.580719e-01 |   0.958 s | best 8.580719e-01 @327 *
epoch  328 | train 8.330143e-01 | val 8.578441e-01 |   0.959 s | best 8.578441e-01 @328 *
epoch  329 | train 8.305881e-01 | val 8.576185e-01 |   0.958 s | best 8.576185e-01 @329 *
epoch  330 | train 8.325080e-01 | val 8.573947e-01 |   0.958 s | best 8.573947e-01 @330 *
epoch  331 | train 8.337456e-01 | val 8.571666e-01 |   0.961 s | best 8.571666e-01 @331 *
epoch  332 | train 8.303830e-01 | val 8.569432e-01 |   0.952 s | best 8.569432e-01 @332 *
epoch  333 | train 8.299149e-01 | val 8.567199e-01 |   0.955 s | best 8.567199e-01 @333 *
epoch  334 | train 8.324803e-01 | val 8.564999e-01 |   0.962 s | best 8.564999e-01 @334 *
epoch  335 | train 8.337608e-01 | val 8.562787e-01 |   0.961 s | best 8.562787e-01 @335 *
epoch  336 | train 8.347166e-01 | val 8.560612e-01 |   0.958 s | best 8.560612e-01 @336 *
epoch  337 | train 8.326188e-01 | val 8.558439e-01 |   0.961 s | best 8.558439e-01 @337 *
epoch  338 | train 8.300167e-01 | val 8.556256e-01 |   0.931 s | best 8.556256e-01 @338 *
epoch  339 | train 8.313190e-01 | val 8.554114e-01 |   0.955 s | best 8.554114e-01 @339 *
epoch  340 | train 8.314434e-01 | val 8.551968e-01 |   0.957 s | best 8.551968e-01 @340 *
epoch  341 | train 8.299044e-01 | val 8.549859e-01 |   0.956 s | best 8.549859e-01 @341 *
epoch  342 | train 8.325899e-01 | val 8.547761e-01 |   0.959 s | best 8.547761e-01 @342 *
epoch  343 | train 8.296337e-01 | val 8.545638e-01 |   0.956 s | best 8.545638e-01 @343 *
epoch  344 | train 8.318795e-01 | val 8.543568e-01 |   0.962 s | best 8.543568e-01 @344 *
epoch  345 | train 8.300532e-01 | val 8.541502e-01 |   0.961 s | best 8.541502e-01 @345 *
epoch  346 | train 8.303601e-01 | val 8.539507e-01 |   0.954 s | best 8.539507e-01 @346 *
epoch  347 | train 8.312616e-01 | val 8.537543e-01 |   0.949 s | best 8.537543e-01 @347 *
epoch  348 | train 8.330320e-01 | val 8.535535e-01 |   0.959 s | best 8.535535e-01 @348 *
epoch  349 | train 8.299897e-01 | val 8.533515e-01 |   0.963 s | best 8.533515e-01 @349 *
epoch  350 | train 8.314418e-01 | val 8.531530e-01 |   0.953 s | best 8.531530e-01 @350 *
epoch  351 | train 8.310040e-01 | val 8.529549e-01 |   0.958 s | best 8.529549e-01 @351 *
epoch  352 | train 8.316000e-01 | val 8.527568e-01 |   0.963 s | best 8.527568e-01 @352 *
epoch  353 | train 8.306984e-01 | val 8.525597e-01 |   0.963 s | best 8.525597e-01 @353 *
epoch  354 | train 8.321517e-01 | val 8.523671e-01 |   0.962 s | best 8.523671e-01 @354 *
epoch  355 | train 8.324966e-01 | val 8.521693e-01 |   0.951 s | best 8.521693e-01 @355 *
epoch  356 | train 8.294677e-01 | val 8.519769e-01 |   0.952 s | best 8.519769e-01 @356 *
epoch  357 | train 8.318162e-01 | val 8.517907e-01 |   0.965 s | best 8.517907e-01 @357 *
epoch  358 | train 8.344168e-01 | val 8.516010e-01 |   0.962 s | best 8.516010e-01 @358 *
epoch  359 | train 8.344553e-01 | val 8.514203e-01 |   0.953 s | best 8.514203e-01 @359 *
epoch  360 | train 8.273199e-01 | val 8.512343e-01 |   0.960 s | best 8.512343e-01 @360 *
epoch  361 | train 8.325892e-01 | val 8.510487e-01 |   0.961 s | best 8.510487e-01 @361 *
epoch  362 | train 8.299349e-01 | val 8.508653e-01 |   0.960 s | best 8.508653e-01 @362 *
epoch  363 | train 8.290774e-01 | val 8.506846e-01 |   0.982 s | best 8.506846e-01 @363 *
epoch  364 | train 8.292055e-01 | val 8.505086e-01 |   0.961 s | best 8.505086e-01 @364 *
epoch  365 | train 8.294197e-01 | val 8.503271e-01 |   0.956 s | best 8.503271e-01 @365 *
epoch  366 | train 8.310623e-01 | val 8.501469e-01 |   0.962 s | best 8.501469e-01 @366 *
epoch  367 | train 8.315961e-01 | val 8.499696e-01 |   0.956 s | best 8.499696e-01 @367 *
epoch  368 | train 8.289636e-01 | val 8.497920e-01 |   0.956 s | best 8.497920e-01 @368 *
epoch  369 | train 8.312018e-01 | val 8.496181e-01 |   0.961 s | best 8.496181e-01 @369 *
epoch  370 | train 8.323284e-01 | val 8.494433e-01 |   0.966 s | best 8.494433e-01 @370 *
epoch  371 | train 8.311324e-01 | val 8.492708e-01 |   0.963 s | best 8.492708e-01 @371 *
epoch  372 | train 8.285501e-01 | val 8.490984e-01 |   0.964 s | best 8.490984e-01 @372 *
epoch  373 | train 8.272874e-01 | val 8.489314e-01 |   0.960 s | best 8.489314e-01 @373 *
epoch  374 | train 8.282185e-01 | val 8.487738e-01 |   0.963 s | best 8.487738e-01 @374 *
epoch  375 | train 8.303120e-01 | val 8.486151e-01 |   0.961 s | best 8.486151e-01 @375 *
epoch  376 | train 8.257580e-01 | val 8.484539e-01 |   0.961 s | best 8.484539e-01 @376 *
epoch  377 | train 8.280672e-01 | val 8.482951e-01 |   0.960 s | best 8.482951e-01 @377 *
epoch  378 | train 8.301514e-01 | val 8.481324e-01 |   0.965 s | best 8.481324e-01 @378 *
epoch  379 | train 8.248440e-01 | val 8.479728e-01 |   0.965 s | best 8.479728e-01 @379 *
epoch  380 | train 8.288333e-01 | val 8.478174e-01 |   0.962 s | best 8.478174e-01 @380 *
epoch  381 | train 8.294536e-01 | val 8.476659e-01 |   0.955 s | best 8.476659e-01 @381 *
epoch  382 | train 8.302983e-01 | val 8.475191e-01 |   0.960 s | best 8.475191e-01 @382 *
epoch  383 | train 8.265154e-01 | val 8.473755e-01 |   0.963 s | best 8.473755e-01 @383 *
epoch  384 | train 8.304882e-01 | val 8.472293e-01 |   0.967 s | best 8.472293e-01 @384 *
epoch  385 | train 8.222678e-01 | val 8.470802e-01 |   0.965 s | best 8.470802e-01 @385 *
epoch  386 | train 8.313363e-01 | val 8.469344e-01 |   0.955 s | best 8.469344e-01 @386 *
epoch  387 | train 8.277935e-01 | val 8.467926e-01 |   0.963 s | best 8.467926e-01 @387 *
epoch  388 | train 8.289537e-01 | val 8.466502e-01 |   0.964 s | best 8.466502e-01 @388 *
epoch  389 | train 8.280979e-01 | val 8.465117e-01 |   0.950 s | best 8.465117e-01 @389 *
epoch  390 | train 8.292183e-01 | val 8.463676e-01 |   0.960 s | best 8.463676e-01 @390 *
epoch  391 | train 8.232762e-01 | val 8.462303e-01 |   0.958 s | best 8.462303e-01 @391 *
epoch  392 | train 8.260157e-01 | val 8.460971e-01 |   0.958 s | best 8.460971e-01 @392 *
epoch  393 | train 8.245880e-01 | val 8.459658e-01 |   0.961 s | best 8.459658e-01 @393 *
epoch  394 | train 8.301671e-01 | val 8.458306e-01 |   0.962 s | best 8.458306e-01 @394 *
epoch  395 | train 8.246550e-01 | val 8.457005e-01 |   0.962 s | best 8.457005e-01 @395 *
epoch  396 | train 8.271429e-01 | val 8.455728e-01 |   0.960 s | best 8.455728e-01 @396 *
epoch  397 | train 8.246612e-01 | val 8.454487e-01 |   0.958 s | best 8.454487e-01 @397 *
epoch  398 | train 8.279800e-01 | val 8.453229e-01 |   0.960 s | best 8.453229e-01 @398 *
epoch  399 | train 8.289306e-01 | val 8.451984e-01 |   0.958 s | best 8.451984e-01 @399 *
epoch  400 | train 8.226859e-01 | val 8.450707e-01 |   0.967 s | best 8.450707e-01 @400 *
epoch  401 | train 8.264986e-01 | val 8.449433e-01 |   0.961 s | best 8.449433e-01 @401 *
epoch  402 | train 8.254678e-01 | val 8.448198e-01 |   0.966 s | best 8.448198e-01 @402 *
epoch  403 | train 8.252835e-01 | val 8.447057e-01 |   0.958 s | best 8.447057e-01 @403 *
epoch  404 | train 8.265486e-01 | val 8.445905e-01 |   0.962 s | best 8.445905e-01 @404 *
epoch  405 | train 8.278656e-01 | val 8.444749e-01 |   0.964 s | best 8.444749e-01 @405 *
epoch  406 | train 8.267697e-01 | val 8.443645e-01 |   0.960 s | best 8.443645e-01 @406 *
epoch  407 | train 8.300615e-01 | val 8.442541e-01 |   0.933 s | best 8.442541e-01 @407 *
epoch  408 | train 8.268801e-01 | val 8.441411e-01 |   0.945 s | best 8.441411e-01 @408 *
epoch  409 | train 8.238946e-01 | val 8.440288e-01 |   0.925 s | best 8.440288e-01 @409 *
epoch  410 | train 8.266764e-01 | val 8.439193e-01 |   0.944 s | best 8.439193e-01 @410 *
epoch  411 | train 8.288342e-01 | val 8.438095e-01 |   0.924 s | best 8.438095e-01 @411 *
epoch  412 | train 8.277234e-01 | val 8.437009e-01 |   0.944 s | best 8.437009e-01 @412 *
epoch  413 | train 8.241283e-01 | val 8.435940e-01 |   0.920 s | best 8.435940e-01 @413 *
epoch  414 | train 8.265753e-01 | val 8.434909e-01 |   0.949 s | best 8.434909e-01 @414 *
epoch  415 | train 8.258702e-01 | val 8.433882e-01 |   0.922 s | best 8.433882e-01 @415 *
epoch  416 | train 8.269362e-01 | val 8.432881e-01 |   0.941 s | best 8.432881e-01 @416 *
epoch  417 | train 8.277201e-01 | val 8.431934e-01 |   0.923 s | best 8.431934e-01 @417 *
epoch  418 | train 8.241088e-01 | val 8.430950e-01 |   0.952 s | best 8.430950e-01 @418 *
epoch  419 | train 8.250386e-01 | val 8.429967e-01 |   0.926 s | best 8.429967e-01 @419 *
epoch  420 | train 8.287304e-01 | val 8.429063e-01 |   0.948 s | best 8.429063e-01 @420 *
epoch  421 | train 8.290377e-01 | val 8.428168e-01 |   0.929 s | best 8.428168e-01 @421 *
epoch  422 | train 8.231013e-01 | val 8.427321e-01 |   0.966 s | best 8.427321e-01 @422 *
epoch  423 | train 8.244178e-01 | val 8.426430e-01 |   0.929 s | best 8.426430e-01 @423 *
epoch  424 | train 8.273950e-01 | val 8.425580e-01 |   0.977 s | best 8.425580e-01 @424 *
epoch  425 | train 8.275460e-01 | val 8.424742e-01 |   0.936 s | best 8.424742e-01 @425 *
epoch  426 | train 8.247378e-01 | val 8.423910e-01 |   0.994 s | best 8.423910e-01 @426 *
epoch  427 | train 8.244472e-01 | val 8.423116e-01 |   0.951 s | best 8.423116e-01 @427 *
epoch  428 | train 8.233847e-01 | val 8.422292e-01 |   0.975 s | best 8.422292e-01 @428 *
epoch  429 | train 8.240371e-01 | val 8.421535e-01 |   0.939 s | best 8.421535e-01 @429 *
epoch  430 | train 8.271831e-01 | val 8.420774e-01 |   0.958 s | best 8.420774e-01 @430 *
epoch  431 | train 8.255550e-01 | val 8.420051e-01 |   0.928 s | best 8.420051e-01 @431 *
epoch  432 | train 8.205994e-01 | val 8.419356e-01 |   0.949 s | best 8.419356e-01 @432 *
epoch  433 | train 8.253476e-01 | val 8.418654e-01 |   0.945 s | best 8.418654e-01 @433 *
epoch  434 | train 8.224325e-01 | val 8.417910e-01 |   0.945 s | best 8.417910e-01 @434 *
epoch  435 | train 8.270773e-01 | val 8.417146e-01 |   0.926 s | best 8.417146e-01 @435 *
epoch  436 | train 8.245581e-01 | val 8.416462e-01 |   0.937 s | best 8.416462e-01 @436 *
epoch  437 | train 8.234501e-01 | val 8.415759e-01 |   0.915 s | best 8.415759e-01 @437 *
epoch  438 | train 8.265894e-01 | val 8.415019e-01 |   0.920 s | best 8.415019e-01 @438 *
epoch  439 | train 8.244939e-01 | val 8.414280e-01 |   0.918 s | best 8.414280e-01 @439 *
epoch  440 | train 8.240980e-01 | val 8.413647e-01 |   0.932 s | best 8.413647e-01 @440 *
epoch  441 | train 8.254387e-01 | val 8.413063e-01 |   0.907 s | best 8.413063e-01 @441 *
epoch  442 | train 8.241098e-01 | val 8.412443e-01 |   0.940 s | best 8.412443e-01 @442 *
epoch  443 | train 8.249790e-01 | val 8.411838e-01 |   0.906 s | best 8.411838e-01 @443 *
epoch  444 | train 8.229593e-01 | val 8.411260e-01 |   0.936 s | best 8.411260e-01 @444 *
epoch  445 | train 8.231336e-01 | val 8.410696e-01 |   0.908 s | best 8.410696e-01 @445 *
epoch  446 | train 8.262729e-01 | val 8.410156e-01 |   0.913 s | best 8.410156e-01 @446 *
epoch  447 | train 8.261629e-01 | val 8.409679e-01 |   0.922 s | best 8.409679e-01 @447 *
epoch  448 | train 8.240015e-01 | val 8.409186e-01 |   0.917 s | best 8.409186e-01 @448 *
epoch  449 | train 8.206599e-01 | val 8.408716e-01 |   0.924 s | best 8.408716e-01 @449 *
epoch  450 | train 8.233498e-01 | val 8.408228e-01 |   0.914 s | best 8.408228e-01 @450 *
epoch  451 | train 8.213891e-01 | val 8.407809e-01 |   0.920 s | best 8.407809e-01 @451 *
epoch  452 | train 8.239484e-01 | val 8.407358e-01 |   0.913 s | best 8.407358e-01 @452 *
epoch  453 | train 8.226159e-01 | val 8.406933e-01 |   0.922 s | best 8.406933e-01 @453 *
epoch  454 | train 8.242863e-01 | val 8.406466e-01 |   0.907 s | best 8.406466e-01 @454 *
epoch  455 | train 8.243115e-01 | val 8.406045e-01 |   0.908 s | best 8.406045e-01 @455 *
epoch  456 | train 8.227681e-01 | val 8.405654e-01 |   0.913 s | best 8.405654e-01 @456 *
epoch  457 | train 8.250445e-01 | val 8.405268e-01 |   0.910 s | best 8.405268e-01 @457 *
epoch  458 | train 8.255030e-01 | val 8.404893e-01 |   0.918 s | best 8.404893e-01 @458 *
epoch  459 | train 8.256826e-01 | val 8.404544e-01 |   0.910 s | best 8.404544e-01 @459 *
epoch  460 | train 8.241050e-01 | val 8.404201e-01 |   0.919 s | best 8.404201e-01 @460 *
epoch  461 | train 8.228124e-01 | val 8.403834e-01 |   0.909 s | best 8.403834e-01 @461 *
epoch  462 | train 8.241252e-01 | val 8.403489e-01 |   0.920 s | best 8.403489e-01 @462 *
epoch  463 | train 8.251808e-01 | val 8.403163e-01 |   0.908 s | best 8.403163e-01 @463 *
epoch  464 | train 8.223285e-01 | val 8.402777e-01 |   0.919 s | best 8.402777e-01 @464 *
epoch  465 | train 8.244425e-01 | val 8.402408e-01 |   0.906 s | best 8.402408e-01 @465 *
epoch  466 | train 8.199155e-01 | val 8.402033e-01 |   0.916 s | best 8.402033e-01 @466 *
epoch  467 | train 8.203752e-01 | val 8.401724e-01 |   0.914 s | best 8.401724e-01 @467 *
epoch  468 | train 8.202940e-01 | val 8.401408e-01 |   0.913 s | best 8.401408e-01 @468 *
epoch  469 | train 8.234273e-01 | val 8.401112e-01 |   0.920 s | best 8.401112e-01 @469 *
epoch  470 | train 8.205466e-01 | val 8.400807e-01 |   0.915 s | best 8.400807e-01 @470 *
epoch  471 | train 8.232710e-01 | val 8.400533e-01 |   0.914 s | best 8.400533e-01 @471 *
epoch  472 | train 8.199530e-01 | val 8.400311e-01 |   0.911 s | best 8.400311e-01 @472 *
epoch  473 | train 8.253505e-01 | val 8.400083e-01 |   0.917 s | best 8.400083e-01 @473 *
epoch  474 | train 8.226306e-01 | val 8.399847e-01 |   0.911 s | best 8.399847e-01 @474 *
epoch  475 | train 8.184733e-01 | val 8.399579e-01 |   0.923 s | best 8.399579e-01 @475 *
epoch  476 | train 8.241790e-01 | val 8.399356e-01 |   0.920 s | best 8.399356e-01 @476 *
epoch  477 | train 8.223011e-01 | val 8.399118e-01 |   0.923 s | best 8.399118e-01 @477 *
epoch  478 | train 8.188212e-01 | val 8.398929e-01 |   0.932 s | best 8.398929e-01 @478 *
epoch  479 | train 8.194159e-01 | val 8.398709e-01 |   0.932 s | best 8.398709e-01 @479 *
epoch  480 | train 8.202706e-01 | val 8.398514e-01 |   0.924 s | best 8.398514e-01 @480 *
epoch  481 | train 8.256541e-01 | val 8.398339e-01 |   0.925 s | best 8.398339e-01 @481 *
epoch  482 | train 8.221516e-01 | val 8.398225e-01 |   0.932 s | best 8.398225e-01 @482 *
epoch  483 | train 8.232937e-01 | val 8.398090e-01 |   0.957 s | best 8.398090e-01 @483 *
epoch  484 | train 8.201330e-01 | val 8.397973e-01 |   0.959 s | best 8.397973e-01 @484 *
epoch  485 | train 8.173169e-01 | val 8.397857e-01 |   0.930 s | best 8.397857e-01 @485 *
epoch  486 | train 8.223768e-01 | val 8.397707e-01 |   0.936 s | best 8.397707e-01 @486 *
epoch  487 | train 8.219288e-01 | val 8.397605e-01 |   0.929 s | best 8.397605e-01 @487 *
epoch  488 | train 8.201102e-01 | val 8.397497e-01 |   0.931 s | best 8.397497e-01 @488 *
epoch  489 | train 8.200570e-01 | val 8.397379e-01 |   0.933 s | best 8.397379e-01 @489 *
epoch  490 | train 8.171130e-01 | val 8.397251e-01 |   0.932 s | best 8.397251e-01 @490 *
epoch  491 | train 8.237078e-01 | val 8.397145e-01 |   0.936 s | best 8.397145e-01 @491 *
epoch  492 | train 8.193985e-01 | val 8.397071e-01 |   0.929 s | best 8.397071e-01 @492 *
epoch  493 | train 8.200659e-01 | val 8.397050e-01 |   0.936 s | best 8.397050e-01 @493 *
epoch  494 | train 8.230574e-01 | val 8.397025e-01 |   0.931 s | best 8.397025e-01 @494 *
epoch  495 | train 8.249855e-01 | val 8.396994e-01 |   0.948 s | best 8.396994e-01 @495 *
epoch  496 | train 8.190361e-01 | val 8.396955e-01 |   0.946 s | best 8.396955e-01 @496 *
epoch  497 | train 8.200510e-01 | val 8.396993e-01 |   0.948 s | best 8.396955e-01 @496
epoch  498 | train 8.235067e-01 | val 8.397048e-01 |   0.943 s | best 8.396955e-01 @496
epoch  499 | train 8.177885e-01 | val 8.397099e-01 |   0.937 s | best 8.396955e-01 @496
epoch  500 | train 8.242209e-01 | val 8.397158e-01 |   0.946 s | best 8.396955e-01 @496
epoch  501 | train 8.175032e-01 | val 8.397230e-01 |   0.946 s | best 8.396955e-01 @496
epoch  502 | train 8.211555e-01 | val 8.397301e-01 |   0.946 s | best 8.396955e-01 @496
epoch  503 | train 8.201888e-01 | val 8.397353e-01 |   0.930 s | best 8.396955e-01 @496
epoch  504 | train 8.250924e-01 | val 8.397492e-01 |   0.948 s | best 8.396955e-01 @496
epoch  505 | train 8.186919e-01 | val 8.397578e-01 |   0.943 s | best 8.396955e-01 @496
epoch  506 | train 8.183557e-01 | val 8.397661e-01 |   0.946 s | best 8.396955e-01 @496
epoch  507 | train 8.190806e-01 | val 8.397727e-01 |   0.947 s | best 8.396955e-01 @496
epoch  508 | train 8.229907e-01 | val 8.397812e-01 |   0.946 s | best 8.396955e-01 @496
epoch  509 | train 8.224442e-01 | val 8.397968e-01 |   0.944 s | best 8.396955e-01 @496
epoch  510 | train 8.186897e-01 | val 8.398084e-01 |   0.951 s | best 8.396955e-01 @496
epoch  511 | train 8.192140e-01 | val 8.398221e-01 |   0.930 s | best 8.396955e-01 @496
# done        : 511 epochs, stopped_by=patience, aborted=False, best val 8.396955e-01 @ epoch 496, wall 500.0 s, 0.978 s/epoch
