
# ===== 2026-09-21 04:37:36 KST  HPO attempt 0  testbed D1 prior S  Nr=8 Nt=4
# DEVICE      : cuda | cuda_available=True | NVIDIA RTX PRO 6000 Blackwell Server Edition | torch 2.14.0+cu130 | train dtype float32 (01_RULES §9.5)
# data        : n_train=9000 n_val=1000 split_hash=98d6225d67f9c15a E||H||_F^2/(NrNt)=1.000268 (04_SPEC §2)
# sigma grid  : MEASURED, 20 points, log-uniform draw over [3.2936e-02, 7.9084e-01]
# hp          : {'arch': 'mlp', 'param': 'edm', 'domain': 'pixel', 'lr': 0.0015904948035800374, 'ema': 0.9999, 'batch': 512, 'emb': 128, 'width': 384, 'depth': 3}  params=1134016
# stopping    : patience 15 on val loss, never before 0 epochs, max 600 (01_RULES §5)
epoch    1 | train 9.611761e-01 | val 9.905397e-01 |   0.482 s | best 9.905397e-01 @1 *
epoch    2 | train 9.180317e-01 | val 9.903015e-01 |   0.104 s | best 9.903015e-01 @2 *
epoch    3 | train 9.111270e-01 | val 9.900323e-01 |   0.103 s | best 9.900323e-01 @3 *
epoch    4 | train 9.100423e-01 | val 9.897510e-01 |   0.109 s | best 9.897510e-01 @4 *
epoch    5 | train 9.071470e-01 | val 9.894552e-01 |   0.111 s | best 9.894552e-01 @5 *
epoch    6 | train 9.035179e-01 | val 9.891360e-01 |   0.111 s | best 9.891360e-01 @6 *
epoch    7 | train 9.019372e-01 | val 9.887978e-01 |   0.112 s | best 9.887978e-01 @7 *
epoch    8 | train 9.000258e-01 | val 9.884462e-01 |   0.113 s | best 9.884462e-01 @8 *
epoch    9 | train 8.953197e-01 | val 9.880899e-01 |   0.113 s | best 9.880899e-01 @9 *
epoch   10 | train 8.977976e-01 | val 9.877316e-01 |   0.114 s | best 9.877316e-01 @10 *
epoch   11 | train 8.973384e-01 | val 9.873686e-01 |   0.111 s | best 9.873686e-01 @11 *
epoch   12 | train 8.928033e-01 | val 9.870009e-01 |   0.111 s | best 9.870009e-01 @12 *
epoch   13 | train 8.980767e-01 | val 9.866322e-01 |   0.114 s | best 9.866322e-01 @13 *
epoch   14 | train 8.955843e-01 | val 9.862640e-01 |   0.114 s | best 9.862640e-01 @14 *
epoch   15 | train 8.922531e-01 | val 9.858956e-01 |   0.114 s | best 9.858956e-01 @15 *
epoch   16 | train 8.919611e-01 | val 9.855229e-01 |   0.114 s | best 9.855229e-01 @16 *
epoch   17 | train 8.899044e-01 | val 9.851515e-01 |   0.115 s | best 9.851515e-01 @17 *
epoch   18 | train 8.951653e-01 | val 9.847823e-01 |   0.113 s | best 9.847823e-01 @18 *
epoch   19 | train 8.918938e-01 | val 9.844127e-01 |   0.114 s | best 9.844127e-01 @19 *
epoch   20 | train 8.939044e-01 | val 9.840423e-01 |   0.114 s | best 9.840423e-01 @20 *
epoch   21 | train 8.899015e-01 | val 9.836718e-01 |   0.114 s | best 9.836718e-01 @21 *
epoch   22 | train 8.943521e-01 | val 9.833010e-01 |   0.114 s | best 9.833010e-01 @22 *
epoch   23 | train 8.907512e-01 | val 9.829306e-01 |   0.113 s | best 9.829306e-01 @23 *
epoch   24 | train 8.926095e-01 | val 9.825600e-01 |   0.114 s | best 9.825600e-01 @24 *
epoch   25 | train 8.907868e-01 | val 9.821910e-01 |   0.114 s | best 9.821910e-01 @25 *
epoch   26 | train 8.885107e-01 | val 9.818234e-01 |   0.112 s | best 9.818234e-01 @26 *
epoch   27 | train 8.836246e-01 | val 9.814559e-01 |   0.114 s | best 9.814559e-01 @27 *
epoch   28 | train 8.871315e-01 | val 9.810920e-01 |   0.117 s | best 9.810920e-01 @28 *
epoch   29 | train 8.873476e-01 | val 9.807295e-01 |   0.113 s | best 9.807295e-01 @29 *
epoch   30 | train 8.889968e-01 | val 9.803655e-01 |   0.115 s | best 9.803655e-01 @30 *
epoch   31 | train 8.942693e-01 | val 9.800030e-01 |   0.114 s | best 9.800030e-01 @31 *
epoch   32 | train 8.885687e-01 | val 9.796429e-01 |   0.114 s | best 9.796429e-01 @32 *
epoch   33 | train 8.919273e-01 | val 9.792851e-01 |   0.111 s | best 9.792851e-01 @33 *
epoch   34 | train 8.869817e-01 | val 9.789280e-01 |   0.114 s | best 9.789280e-01 @34 *
epoch   35 | train 8.888057e-01 | val 9.785729e-01 |   0.116 s | best 9.785729e-01 @35 *
epoch   36 | train 8.916265e-01 | val 9.782200e-01 |   0.114 s | best 9.782200e-01 @36 *
epoch   37 | train 8.865689e-01 | val 9.778666e-01 |   0.114 s | best 9.778666e-01 @37 *
epoch   38 | train 8.903161e-01 | val 9.775148e-01 |   0.114 s | best 9.775148e-01 @38 *
epoch   39 | train 8.880586e-01 | val 9.771674e-01 |   0.114 s | best 9.771674e-01 @39 *
epoch   40 | train 8.861490e-01 | val 9.768199e-01 |   0.115 s | best 9.768199e-01 @40 *
epoch   41 | train 8.859111e-01 | val 9.764736e-01 |   0.111 s | best 9.764736e-01 @41 *
epoch   42 | train 8.870908e-01 | val 9.761294e-01 |   0.117 s | best 9.761294e-01 @42 *
epoch   43 | train 8.857756e-01 | val 9.757879e-01 |   0.113 s | best 9.757879e-01 @43 *
epoch   44 | train 8.855311e-01 | val 9.754458e-01 |   0.115 s | best 9.754458e-01 @44 *
epoch   45 | train 8.905217e-01 | val 9.751037e-01 |   0.118 s | best 9.751037e-01 @45 *
epoch   46 | train 8.877262e-01 | val 9.747635e-01 |   0.113 s | best 9.747635e-01 @46 *
epoch   47 | train 8.865967e-01 | val 9.744269e-01 |   0.114 s | best 9.744269e-01 @47 *
epoch   48 | train 8.854552e-01 | val 9.740921e-01 |   0.110 s | best 9.740921e-01 @48 *
epoch   49 | train 8.885828e-01 | val 9.737580e-01 |   0.116 s | best 9.737580e-01 @49 *
epoch   50 | train 8.852864e-01 | val 9.734244e-01 |   0.113 s | best 9.734244e-01 @50 *
epoch   51 | train 8.840094e-01 | val 9.730911e-01 |   0.114 s | best 9.730911e-01 @51 *
epoch   52 | train 8.843876e-01 | val 9.727589e-01 |   0.113 s | best 9.727589e-01 @52 *
epoch   53 | train 8.862241e-01 | val 9.724296e-01 |   0.114 s | best 9.724296e-01 @53 *
epoch   54 | train 8.858159e-01 | val 9.721031e-01 |   0.114 s | best 9.721031e-01 @54 *
epoch   55 | train 8.872423e-01 | val 9.717771e-01 |   0.114 s | best 9.717771e-01 @55 *
epoch   56 | train 8.854765e-01 | val 9.714520e-01 |   0.112 s | best 9.714520e-01 @56 *
epoch   57 | train 8.868682e-01 | val 9.711289e-01 |   0.114 s | best 9.711289e-01 @57 *
epoch   58 | train 8.832405e-01 | val 9.708065e-01 |   0.115 s | best 9.708065e-01 @58 *
epoch   59 | train 8.844344e-01 | val 9.704831e-01 |   0.114 s | best 9.704831e-01 @59 *
epoch   60 | train 8.809530e-01 | val 9.701596e-01 |   0.114 s | best 9.701596e-01 @60 *
epoch   61 | train 8.846894e-01 | val 9.698359e-01 |   0.113 s | best 9.698359e-01 @61 *
epoch   62 | train 8.828161e-01 | val 9.695139e-01 |   0.114 s | best 9.695139e-01 @62 *
epoch   63 | train 8.874492e-01 | val 9.691939e-01 |   0.112 s | best 9.691939e-01 @63 *
epoch   64 | train 8.871717e-01 | val 9.688739e-01 |   0.112 s | best 9.688739e-01 @64 *
epoch   65 | train 8.822822e-01 | val 9.685552e-01 |   0.115 s | best 9.685552e-01 @65 *
epoch   66 | train 8.818493e-01 | val 9.682376e-01 |   0.114 s | best 9.682376e-01 @66 *
epoch   67 | train 8.843151e-01 | val 9.679210e-01 |   0.114 s | best 9.679210e-01 @67 *
epoch   68 | train 8.812618e-01 | val 9.676057e-01 |   0.114 s | best 9.676057e-01 @68 *
epoch   69 | train 8.858452e-01 | val 9.672914e-01 |   0.114 s | best 9.672914e-01 @69 *
epoch   70 | train 8.851012e-01 | val 9.669801e-01 |   0.114 s | best 9.669801e-01 @70 *
epoch   71 | train 8.831457e-01 | val 9.666700e-01 |   0.112 s | best 9.666700e-01 @71 *
epoch   72 | train 8.829109e-01 | val 9.663609e-01 |   0.114 s | best 9.663609e-01 @72 *
epoch   73 | train 8.805504e-01 | val 9.660520e-01 |   0.114 s | best 9.660520e-01 @73 *
epoch   74 | train 8.848947e-01 | val 9.657429e-01 |   0.114 s | best 9.657429e-01 @74 *
epoch   75 | train 8.804822e-01 | val 9.654337e-01 |   0.114 s | best 9.654337e-01 @75 *
epoch   76 | train 8.834787e-01 | val 9.651269e-01 |   0.113 s | best 9.651269e-01 @76 *
epoch   77 | train 8.813157e-01 | val 9.648212e-01 |   0.114 s | best 9.648212e-01 @77 *
epoch   78 | train 8.794209e-01 | val 9.645182e-01 |   0.111 s | best 9.645182e-01 @78 *
epoch   79 | train 8.792520e-01 | val 9.642141e-01 |   0.117 s | best 9.642141e-01 @79 *
epoch   80 | train 8.785289e-01 | val 9.639100e-01 |   0.115 s | best 9.639100e-01 @80 *
epoch   81 | train 8.820785e-01 | val 9.636064e-01 |   0.112 s | best 9.636064e-01 @81 *
epoch   82 | train 8.819956e-01 | val 9.633026e-01 |   0.114 s | best 9.633026e-01 @82 *
epoch   83 | train 8.801293e-01 | val 9.629998e-01 |   0.114 s | best 9.629998e-01 @83 *
epoch   84 | train 8.780291e-01 | val 9.627006e-01 |   0.114 s | best 9.627006e-01 @84 *
epoch   85 | train 8.802727e-01 | val 9.624030e-01 |   0.114 s | best 9.624030e-01 @85 *
epoch   86 | train 8.795228e-01 | val 9.621084e-01 |   0.111 s | best 9.621084e-01 @86 *
epoch   87 | train 8.789554e-01 | val 9.618135e-01 |   0.114 s | best 9.618135e-01 @87 *
epoch   88 | train 8.744164e-01 | val 9.615188e-01 |   0.114 s | best 9.615188e-01 @88 *
epoch   89 | train 8.752572e-01 | val 9.612245e-01 |   0.114 s | best 9.612245e-01 @89 *
epoch   90 | train 8.750028e-01 | val 9.609320e-01 |   0.114 s | best 9.609320e-01 @90 *
epoch   91 | train 8.749072e-01 | val 9.606411e-01 |   0.114 s | best 9.606411e-01 @91 *
epoch   92 | train 8.730094e-01 | val 9.603524e-01 |   0.115 s | best 9.603524e-01 @92 *
epoch   93 | train 8.720330e-01 | val 9.600651e-01 |   0.111 s | best 9.600651e-01 @93 *
epoch   94 | train 8.742521e-01 | val 9.597792e-01 |   0.113 s | best 9.597792e-01 @94 *
epoch   95 | train 8.703036e-01 | val 9.594943e-01 |   0.114 s | best 9.594943e-01 @95 *
epoch   96 | train 8.689221e-01 | val 9.592120e-01 |   0.114 s | best 9.592120e-01 @96 *
epoch   97 | train 8.667027e-01 | val 9.589325e-01 |   0.114 s | best 9.589325e-01 @97 *
epoch   98 | train 8.690136e-01 | val 9.586546e-01 |   0.112 s | best 9.586546e-01 @98 *
epoch   99 | train 8.683180e-01 | val 9.583781e-01 |   0.113 s | best 9.583781e-01 @99 *
epoch  100 | train 8.712122e-01 | val 9.581040e-01 |   0.114 s | best 9.581040e-01 @100 *
epoch  101 | train 8.643661e-01 | val 9.578312e-01 |   0.112 s | best 9.578312e-01 @101 *
epoch  102 | train 8.635750e-01 | val 9.575592e-01 |   0.115 s | best 9.575592e-01 @102 *
epoch  103 | train 8.598612e-01 | val 9.572884e-01 |   0.114 s | best 9.572884e-01 @103 *
epoch  104 | train 8.627050e-01 | val 9.570203e-01 |   0.114 s | best 9.570203e-01 @104 *
epoch  105 | train 8.620972e-01 | val 9.567537e-01 |   0.114 s | best 9.567537e-01 @105 *
epoch  106 | train 8.624268e-01 | val 9.564903e-01 |   0.115 s | best 9.564903e-01 @106 *
epoch  107 | train 8.621347e-01 | val 9.562293e-01 |   0.114 s | best 9.562293e-01 @107 *
epoch  108 | train 8.596882e-01 | val 9.559681e-01 |   0.111 s | best 9.559681e-01 @108 *
epoch  109 | train 8.567118e-01 | val 9.557068e-01 |   0.113 s | best 9.557068e-01 @109 *
epoch  110 | train 8.577756e-01 | val 9.554453e-01 |   0.114 s | best 9.554453e-01 @110 *
epoch  111 | train 8.607910e-01 | val 9.551865e-01 |   0.113 s | best 9.551865e-01 @111 *
epoch  112 | train 8.572104e-01 | val 9.549299e-01 |   0.113 s | best 9.549299e-01 @112 *
epoch  113 | train 8.583501e-01 | val 9.546736e-01 |   0.114 s | best 9.546736e-01 @113 *
epoch  114 | train 8.555986e-01 | val 9.544190e-01 |   0.114 s | best 9.544190e-01 @114 *
epoch  115 | train 8.562146e-01 | val 9.541656e-01 |   0.114 s | best 9.541656e-01 @115 *
epoch  116 | train 8.531741e-01 | val 9.539139e-01 |   0.110 s | best 9.539139e-01 @116 *
epoch  117 | train 8.574164e-01 | val 9.536651e-01 |   0.113 s | best 9.536651e-01 @117 *
epoch  118 | train 8.532802e-01 | val 9.534186e-01 |   0.114 s | best 9.534186e-01 @118 *
epoch  119 | train 8.526803e-01 | val 9.531718e-01 |   0.114 s | best 9.531718e-01 @119 *
epoch  120 | train 8.547613e-01 | val 9.529251e-01 |   0.114 s | best 9.529251e-01 @120 *
epoch  121 | train 8.546331e-01 | val 9.526794e-01 |   0.114 s | best 9.526794e-01 @121 *
epoch  122 | train 8.529105e-01 | val 9.524353e-01 |   0.117 s | best 9.524353e-01 @122 *
epoch  123 | train 8.528997e-01 | val 9.521909e-01 |   0.113 s | best 9.521909e-01 @123 *
epoch  124 | train 8.492214e-01 | val 9.519490e-01 |   0.115 s | best 9.519490e-01 @124 *
epoch  125 | train 8.510976e-01 | val 9.517081e-01 |   0.115 s | best 9.517081e-01 @125 *
epoch  126 | train 8.496904e-01 | val 9.514682e-01 |   0.115 s | best 9.514682e-01 @126 *
epoch  127 | train 8.543328e-01 | val 9.512305e-01 |   0.114 s | best 9.512305e-01 @127 *
epoch  128 | train 8.516879e-01 | val 9.509948e-01 |   0.115 s | best 9.509948e-01 @128 *
epoch  129 | train 8.493606e-01 | val 9.507594e-01 |   0.114 s | best 9.507594e-01 @129 *
epoch  130 | train 8.489042e-01 | val 9.505242e-01 |   0.113 s | best 9.505242e-01 @130 *
epoch  131 | train 8.485326e-01 | val 9.502910e-01 |   0.112 s | best 9.502910e-01 @131 *
epoch  132 | train 8.514240e-01 | val 9.500607e-01 |   0.114 s | best 9.500607e-01 @132 *
epoch  133 | train 8.438452e-01 | val 9.498315e-01 |   0.114 s | best 9.498315e-01 @133 *
epoch  134 | train 8.472831e-01 | val 9.496015e-01 |   0.114 s | best 9.496015e-01 @134 *
epoch  135 | train 8.502070e-01 | val 9.493732e-01 |   0.113 s | best 9.493732e-01 @135 *
epoch  136 | train 8.523269e-01 | val 9.491470e-01 |   0.114 s | best 9.491470e-01 @136 *
epoch  137 | train 8.481607e-01 | val 9.489216e-01 |   0.114 s | best 9.489216e-01 @137 *
epoch  138 | train 8.464132e-01 | val 9.486946e-01 |   0.112 s | best 9.486946e-01 @138 *
epoch  139 | train 8.459077e-01 | val 9.484697e-01 |   0.115 s | best 9.484697e-01 @139 *
epoch  140 | train 8.459159e-01 | val 9.482435e-01 |   0.114 s | best 9.482435e-01 @140 *
epoch  141 | train 8.493631e-01 | val 9.480207e-01 |   0.114 s | best 9.480207e-01 @141 *
epoch  142 | train 8.434011e-01 | val 9.477981e-01 |   0.114 s | best 9.477981e-01 @142 *
epoch  143 | train 8.447458e-01 | val 9.475759e-01 |   0.114 s | best 9.475759e-01 @143 *
epoch  144 | train 8.490069e-01 | val 9.473545e-01 |   0.114 s | best 9.473545e-01 @144 *
epoch  145 | train 8.447530e-01 | val 9.471358e-01 |   0.114 s | best 9.471358e-01 @145 *
epoch  146 | train 8.469096e-01 | val 9.469179e-01 |   0.112 s | best 9.469179e-01 @146 *
epoch  147 | train 8.409650e-01 | val 9.466995e-01 |   0.114 s | best 9.466995e-01 @147 *
epoch  148 | train 8.448962e-01 | val 9.464822e-01 |   0.114 s | best 9.464822e-01 @148 *
epoch  149 | train 8.450169e-01 | val 9.462646e-01 |   0.114 s | best 9.462646e-01 @149 *
epoch  150 | train 8.469949e-01 | val 9.460496e-01 |   0.114 s | best 9.460496e-01 @150 *
epoch  151 | train 8.413485e-01 | val 9.458359e-01 |   0.114 s | best 9.458359e-01 @151 *
epoch  152 | train 8.450826e-01 | val 9.456235e-01 |   0.114 s | best 9.456235e-01 @152 *
epoch  153 | train 8.437473e-01 | val 9.454118e-01 |   0.111 s | best 9.454118e-01 @153 *
epoch  154 | train 8.438278e-01 | val 9.452004e-01 |   0.114 s | best 9.452004e-01 @154 *
epoch  155 | train 8.421699e-01 | val 9.449884e-01 |   0.114 s | best 9.449884e-01 @155 *
epoch  156 | train 8.437919e-01 | val 9.447780e-01 |   0.114 s | best 9.447780e-01 @156 *
epoch  157 | train 8.414599e-01 | val 9.445689e-01 |   0.114 s | best 9.445689e-01 @157 *
epoch  158 | train 8.447618e-01 | val 9.443623e-01 |   0.114 s | best 9.443623e-01 @158 *
epoch  159 | train 8.459565e-01 | val 9.441567e-01 |   0.112 s | best 9.441567e-01 @159 *
epoch  160 | train 8.399297e-01 | val 9.439496e-01 |   0.114 s | best 9.439496e-01 @160 *
epoch  161 | train 8.402714e-01 | val 9.437435e-01 |   0.112 s | best 9.437435e-01 @161 *
epoch  162 | train 8.424045e-01 | val 9.435397e-01 |   0.114 s | best 9.435397e-01 @162 *
epoch  163 | train 8.460162e-01 | val 9.433366e-01 |   0.113 s | best 9.433366e-01 @163 *
epoch  164 | train 8.450875e-01 | val 9.431343e-01 |   0.115 s | best 9.431343e-01 @164 *
epoch  165 | train 8.382467e-01 | val 9.429315e-01 |   0.113 s | best 9.429315e-01 @165 *
epoch  166 | train 8.427386e-01 | val 9.427276e-01 |   0.114 s | best 9.427276e-01 @166 *
epoch  167 | train 8.440192e-01 | val 9.425254e-01 |   0.114 s | best 9.425254e-01 @167 *
epoch  168 | train 8.372281e-01 | val 9.423243e-01 |   0.112 s | best 9.423243e-01 @168 *
epoch  169 | train 8.410552e-01 | val 9.421243e-01 |   0.113 s | best 9.421243e-01 @169 *
epoch  170 | train 8.409702e-01 | val 9.419263e-01 |   0.115 s | best 9.419263e-01 @170 *
epoch  171 | train 8.394947e-01 | val 9.417299e-01 |   0.114 s | best 9.417299e-01 @171 *
epoch  172 | train 8.368744e-01 | val 9.415342e-01 |   0.113 s | best 9.415342e-01 @172 *
epoch  173 | train 8.408920e-01 | val 9.413396e-01 |   0.114 s | best 9.413396e-01 @173 *
epoch  174 | train 8.396727e-01 | val 9.411447e-01 |   0.114 s | best 9.411447e-01 @174 *
epoch  175 | train 8.375515e-01 | val 9.409505e-01 |   0.113 s | best 9.409505e-01 @175 *
epoch  176 | train 8.406537e-01 | val 9.407561e-01 |   0.111 s | best 9.407561e-01 @176 *
epoch  177 | train 8.397909e-01 | val 9.405630e-01 |   0.114 s | best 9.405630e-01 @177 *
epoch  178 | train 8.367521e-01 | val 9.403710e-01 |   0.114 s | best 9.403710e-01 @178 *
epoch  179 | train 8.390552e-01 | val 9.401790e-01 |   0.114 s | best 9.401790e-01 @179 *
epoch  180 | train 8.385513e-01 | val 9.399869e-01 |   0.114 s | best 9.399869e-01 @180 *
epoch  181 | train 8.398575e-01 | val 9.397967e-01 |   0.113 s | best 9.397967e-01 @181 *
epoch  182 | train 8.333492e-01 | val 9.396074e-01 |   0.114 s | best 9.396074e-01 @182 *
epoch  183 | train 8.341232e-01 | val 9.394196e-01 |   0.110 s | best 9.394196e-01 @183 *
epoch  184 | train 8.360414e-01 | val 9.392321e-01 |   0.114 s | best 9.392321e-01 @184 *
epoch  185 | train 8.323443e-01 | val 9.390450e-01 |   0.114 s | best 9.390450e-01 @185 *
epoch  186 | train 8.373616e-01 | val 9.388580e-01 |   0.113 s | best 9.388580e-01 @186 *
epoch  187 | train 8.371595e-01 | val 9.386707e-01 |   0.112 s | best 9.386707e-01 @187 *
epoch  188 | train 8.376234e-01 | val 9.384821e-01 |   0.113 s | best 9.384821e-01 @188 *
epoch  189 | train 8.385083e-01 | val 9.382956e-01 |   0.115 s | best 9.382956e-01 @189 *
epoch  190 | train 8.365670e-01 | val 9.381106e-01 |   0.113 s | best 9.381106e-01 @190 *
epoch  191 | train 8.375552e-01 | val 9.379269e-01 |   0.110 s | best 9.379269e-01 @191 *
epoch  192 | train 8.372335e-01 | val 9.377441e-01 |   0.113 s | best 9.377441e-01 @192 *
epoch  193 | train 8.339191e-01 | val 9.375626e-01 |   0.114 s | best 9.375626e-01 @193 *
epoch  194 | train 8.394919e-01 | val 9.373797e-01 |   0.114 s | best 9.373797e-01 @194 *
epoch  195 | train 8.359268e-01 | val 9.371973e-01 |   0.113 s | best 9.371973e-01 @195 *
epoch  196 | train 8.372264e-01 | val 9.370173e-01 |   0.114 s | best 9.370173e-01 @196 *
epoch  197 | train 8.335363e-01 | val 9.368379e-01 |   0.114 s | best 9.368379e-01 @197 *
epoch  198 | train 8.333805e-01 | val 9.366581e-01 |   0.111 s | best 9.366581e-01 @198 *
epoch  199 | train 8.330661e-01 | val 9.364788e-01 |   0.114 s | best 9.364788e-01 @199 *
epoch  200 | train 8.371889e-01 | val 9.362995e-01 |   0.114 s | best 9.362995e-01 @200 *
epoch  201 | train 8.379727e-01 | val 9.361203e-01 |   0.116 s | best 9.361203e-01 @201 *
epoch  202 | train 8.343969e-01 | val 9.359432e-01 |   0.114 s | best 9.359432e-01 @202 *
epoch  203 | train 8.347123e-01 | val 9.357661e-01 |   0.114 s | best 9.357661e-01 @203 *
epoch  204 | train 8.326755e-01 | val 9.355899e-01 |   0.112 s | best 9.355899e-01 @204 *
epoch  205 | train 8.360737e-01 | val 9.354147e-01 |   0.113 s | best 9.354147e-01 @205 *
epoch  206 | train 8.342031e-01 | val 9.352397e-01 |   0.111 s | best 9.352397e-01 @206 *
epoch  207 | train 8.365696e-01 | val 9.350650e-01 |   0.113 s | best 9.350650e-01 @207 *
epoch  208 | train 8.318503e-01 | val 9.348913e-01 |   0.114 s | best 9.348913e-01 @208 *
epoch  209 | train 8.340988e-01 | val 9.347171e-01 |   0.114 s | best 9.347171e-01 @209 *
epoch  210 | train 8.365664e-01 | val 9.345439e-01 |   0.146 s | best 9.345439e-01 @210 *
epoch  211 | train 8.364196e-01 | val 9.343722e-01 |   0.149 s | best 9.343722e-01 @211 *
epoch  212 | train 8.341887e-01 | val 9.342022e-01 |   0.124 s | best 9.342022e-01 @212 *
epoch  213 | train 8.326349e-01 | val 9.340319e-01 |   0.117 s | best 9.340319e-01 @213 *
epoch  214 | train 8.333912e-01 | val 9.338615e-01 |   0.116 s | best 9.338615e-01 @214 *
epoch  215 | train 8.330314e-01 | val 9.336914e-01 |   0.114 s | best 9.336914e-01 @215 *
epoch  216 | train 8.339817e-01 | val 9.335214e-01 |   0.114 s | best 9.335214e-01 @216 *
epoch  217 | train 8.339082e-01 | val 9.333531e-01 |   0.113 s | best 9.333531e-01 @217 *
epoch  218 | train 8.315037e-01 | val 9.331855e-01 |   0.113 s | best 9.331855e-01 @218 *
epoch  219 | train 8.332118e-01 | val 9.330183e-01 |   0.110 s | best 9.330183e-01 @219 *
epoch  220 | train 8.325263e-01 | val 9.328518e-01 |   0.112 s | best 9.328518e-01 @220 *
epoch  221 | train 8.257238e-01 | val 9.326864e-01 |   0.113 s | best 9.326864e-01 @221 *
epoch  222 | train 8.322627e-01 | val 9.325196e-01 |   0.113 s | best 9.325196e-01 @222 *
epoch  223 | train 8.304097e-01 | val 9.323540e-01 |   0.113 s | best 9.323540e-01 @223 *
epoch  224 | train 8.292612e-01 | val 9.321882e-01 |   0.113 s | best 9.321882e-01 @224 *
epoch  225 | train 8.310500e-01 | val 9.320217e-01 |   0.115 s | best 9.320217e-01 @225 *
epoch  226 | train 8.340106e-01 | val 9.318550e-01 |   0.112 s | best 9.318550e-01 @226 *
epoch  227 | train 8.327778e-01 | val 9.316900e-01 |   0.112 s | best 9.316900e-01 @227 *
epoch  228 | train 8.280757e-01 | val 9.315253e-01 |   0.114 s | best 9.315253e-01 @228 *
epoch  229 | train 8.322587e-01 | val 9.313613e-01 |   0.113 s | best 9.313613e-01 @229 *
epoch  230 | train 8.276433e-01 | val 9.311973e-01 |   0.113 s | best 9.311973e-01 @230 *
epoch  231 | train 8.273811e-01 | val 9.310344e-01 |   0.113 s | best 9.310344e-01 @231 *
epoch  232 | train 8.289566e-01 | val 9.308726e-01 |   0.113 s | best 9.308726e-01 @232 *
epoch  233 | train 8.303521e-01 | val 9.307097e-01 |   0.113 s | best 9.307097e-01 @233 *
epoch  234 | train 8.259475e-01 | val 9.305474e-01 |   0.111 s | best 9.305474e-01 @234 *
epoch  235 | train 8.297079e-01 | val 9.303860e-01 |   0.113 s | best 9.303860e-01 @235 *
epoch  236 | train 8.261548e-01 | val 9.302260e-01 |   0.113 s | best 9.302260e-01 @236 *
epoch  237 | train 8.270152e-01 | val 9.300674e-01 |   0.114 s | best 9.300674e-01 @237 *
epoch  238 | train 8.322518e-01 | val 9.299075e-01 |   0.112 s | best 9.299075e-01 @238 *
epoch  239 | train 8.287939e-01 | val 9.297484e-01 |   0.115 s | best 9.297484e-01 @239 *
epoch  240 | train 8.295985e-01 | val 9.295866e-01 |   0.114 s | best 9.295866e-01 @240 *
epoch  241 | train 8.259307e-01 | val 9.294249e-01 |   0.113 s | best 9.294249e-01 @241 *
epoch  242 | train 8.289135e-01 | val 9.292653e-01 |   0.115 s | best 9.292653e-01 @242 *
epoch  243 | train 8.295701e-01 | val 9.291071e-01 |   0.114 s | best 9.291071e-01 @243 *
epoch  244 | train 8.296962e-01 | val 9.289492e-01 |   0.119 s | best 9.289492e-01 @244 *
epoch  245 | train 8.261808e-01 | val 9.287913e-01 |   0.115 s | best 9.287913e-01 @245 *
epoch  246 | train 8.268467e-01 | val 9.286325e-01 |   0.115 s | best 9.286325e-01 @246 *
epoch  247 | train 8.298388e-01 | val 9.284746e-01 |   0.114 s | best 9.284746e-01 @247 *
epoch  248 | train 8.320454e-01 | val 9.283180e-01 |   0.114 s | best 9.283180e-01 @248 *
epoch  249 | train 8.216009e-01 | val 9.281604e-01 |   0.111 s | best 9.281604e-01 @249 *
epoch  250 | train 8.274064e-01 | val 9.280050e-01 |   0.113 s | best 9.280050e-01 @250 *
epoch  251 | train 8.270398e-01 | val 9.278498e-01 |   0.114 s | best 9.278498e-01 @251 *
epoch  252 | train 8.261636e-01 | val 9.276946e-01 |   0.114 s | best 9.276946e-01 @252 *
epoch  253 | train 8.256821e-01 | val 9.275392e-01 |   0.114 s | best 9.275392e-01 @253 *
epoch  254 | train 8.233843e-01 | val 9.273837e-01 |   0.113 s | best 9.273837e-01 @254 *
epoch  255 | train 8.214871e-01 | val 9.272293e-01 |   0.113 s | best 9.272293e-01 @255 *
epoch  256 | train 8.241373e-01 | val 9.270736e-01 |   0.111 s | best 9.270736e-01 @256 *
epoch  257 | train 8.237263e-01 | val 9.269184e-01 |   0.114 s | best 9.269184e-01 @257 *
epoch  258 | train 8.240921e-01 | val 9.267634e-01 |   0.114 s | best 9.267634e-01 @258 *
epoch  259 | train 8.222900e-01 | val 9.266096e-01 |   0.114 s | best 9.266096e-01 @259 *
epoch  260 | train 8.193470e-01 | val 9.264567e-01 |   0.113 s | best 9.264567e-01 @260 *
epoch  261 | train 8.260440e-01 | val 9.263037e-01 |   0.113 s | best 9.263037e-01 @261 *
epoch  262 | train 8.266270e-01 | val 9.261513e-01 |   0.113 s | best 9.261513e-01 @262 *
epoch  263 | train 8.259002e-01 | val 9.259992e-01 |   0.113 s | best 9.259992e-01 @263 *
epoch  264 | train 8.246967e-01 | val 9.258472e-01 |   0.110 s | best 9.258472e-01 @264 *
epoch  265 | train 8.238347e-01 | val 9.256948e-01 |   0.113 s | best 9.256948e-01 @265 *
epoch  266 | train 8.219927e-01 | val 9.255435e-01 |   0.113 s | best 9.255435e-01 @266 *
epoch  267 | train 8.250916e-01 | val 9.253927e-01 |   0.114 s | best 9.253927e-01 @267 *
epoch  268 | train 8.236428e-01 | val 9.252411e-01 |   0.114 s | best 9.252411e-01 @268 *
epoch  269 | train 8.213500e-01 | val 9.250889e-01 |   0.114 s | best 9.250889e-01 @269 *
epoch  270 | train 8.232061e-01 | val 9.249379e-01 |   0.113 s | best 9.249379e-01 @270 *
epoch  271 | train 8.194487e-01 | val 9.247859e-01 |   0.111 s | best 9.247859e-01 @271 *
epoch  272 | train 8.245035e-01 | val 9.246347e-01 |   0.114 s | best 9.246347e-01 @272 *
epoch  273 | train 8.212787e-01 | val 9.244847e-01 |   0.114 s | best 9.244847e-01 @273 *
epoch  274 | train 8.254648e-01 | val 9.243332e-01 |   0.114 s | best 9.243332e-01 @274 *
epoch  275 | train 8.184105e-01 | val 9.241828e-01 |   0.114 s | best 9.241828e-01 @275 *
epoch  276 | train 8.220278e-01 | val 9.240335e-01 |   0.114 s | best 9.240335e-01 @276 *
epoch  277 | train 8.157229e-01 | val 9.238845e-01 |   0.114 s | best 9.238845e-01 @277 *
epoch  278 | train 8.227382e-01 | val 9.237350e-01 |   0.114 s | best 9.237350e-01 @278 *
epoch  279 | train 8.208073e-01 | val 9.235867e-01 |   0.112 s | best 9.235867e-01 @279 *
epoch  280 | train 8.219138e-01 | val 9.234391e-01 |   0.114 s | best 9.234391e-01 @280 *
epoch  281 | train 8.191962e-01 | val 9.232913e-01 |   0.114 s | best 9.232913e-01 @281 *
epoch  282 | train 8.205008e-01 | val 9.231441e-01 |   0.112 s | best 9.231441e-01 @282 *
epoch  283 | train 8.205280e-01 | val 9.229968e-01 |   0.113 s | best 9.229968e-01 @283 *
epoch  284 | train 8.168186e-01 | val 9.228503e-01 |   0.114 s | best 9.228503e-01 @284 *
epoch  285 | train 8.201043e-01 | val 9.227042e-01 |   0.113 s | best 9.227042e-01 @285 *
epoch  286 | train 8.158276e-01 | val 9.225579e-01 |   0.110 s | best 9.225579e-01 @286 *
epoch  287 | train 8.200100e-01 | val 9.224113e-01 |   0.114 s | best 9.224113e-01 @287 *
epoch  288 | train 8.178977e-01 | val 9.222645e-01 |   0.112 s | best 9.222645e-01 @288 *
epoch  289 | train 8.153502e-01 | val 9.221187e-01 |   0.113 s | best 9.221187e-01 @289 *
epoch  290 | train 8.184294e-01 | val 9.219725e-01 |   0.112 s | best 9.219725e-01 @290 *
epoch  291 | train 8.191340e-01 | val 9.218259e-01 |   0.113 s | best 9.218259e-01 @291 *
epoch  292 | train 8.177570e-01 | val 9.216806e-01 |   0.113 s | best 9.216806e-01 @292 *
epoch  293 | train 8.185358e-01 | val 9.215352e-01 |   0.113 s | best 9.215352e-01 @293 *
epoch  294 | train 8.180744e-01 | val 9.213907e-01 |   0.111 s | best 9.213907e-01 @294 *
epoch  295 | train 8.153190e-01 | val 9.212469e-01 |   0.114 s | best 9.212469e-01 @295 *
epoch  296 | train 8.175054e-01 | val 9.211037e-01 |   0.113 s | best 9.211037e-01 @296 *
epoch  297 | train 8.185476e-01 | val 9.209606e-01 |   0.114 s | best 9.209606e-01 @297 *
epoch  298 | train 8.132524e-01 | val 9.208173e-01 |   0.114 s | best 9.208173e-01 @298 *
epoch  299 | train 8.172051e-01 | val 9.206729e-01 |   0.118 s | best 9.206729e-01 @299 *
epoch  300 | train 8.135351e-01 | val 9.205288e-01 |   0.121 s | best 9.205288e-01 @300 *
epoch  301 | train 8.119979e-01 | val 9.203852e-01 |   0.115 s | best 9.203852e-01 @301 *
epoch  302 | train 8.162045e-01 | val 9.202424e-01 |   0.121 s | best 9.202424e-01 @302 *
epoch  303 | train 8.141559e-01 | val 9.200997e-01 |   0.112 s | best 9.200997e-01 @303 *
epoch  304 | train 8.178290e-01 | val 9.199576e-01 |   0.113 s | best 9.199576e-01 @304 *
epoch  305 | train 8.156528e-01 | val 9.198152e-01 |   0.113 s | best 9.198152e-01 @305 *
epoch  306 | train 8.120544e-01 | val 9.196733e-01 |   0.114 s | best 9.196733e-01 @306 *
epoch  307 | train 8.181624e-01 | val 9.195319e-01 |   0.114 s | best 9.195319e-01 @307 *
epoch  308 | train 8.159069e-01 | val 9.193914e-01 |   0.112 s | best 9.193914e-01 @308 *
epoch  309 | train 8.138288e-01 | val 9.192502e-01 |   0.114 s | best 9.192502e-01 @309 *
epoch  310 | train 8.122083e-01 | val 9.191073e-01 |   0.114 s | best 9.191073e-01 @310 *
epoch  311 | train 8.116814e-01 | val 9.189659e-01 |   0.113 s | best 9.189659e-01 @311 *
epoch  312 | train 8.123856e-01 | val 9.188241e-01 |   0.114 s | best 9.188241e-01 @312 *
epoch  313 | train 8.153667e-01 | val 9.186825e-01 |   0.115 s | best 9.186825e-01 @313 *
epoch  314 | train 8.132580e-01 | val 9.185407e-01 |   0.114 s | best 9.185407e-01 @314 *
epoch  315 | train 8.143951e-01 | val 9.183987e-01 |   0.113 s | best 9.183987e-01 @315 *
epoch  316 | train 8.145181e-01 | val 9.182578e-01 |   0.109 s | best 9.182578e-01 @316 *
epoch  317 | train 8.178125e-01 | val 9.181166e-01 |   0.113 s | best 9.181166e-01 @317 *
epoch  318 | train 8.141750e-01 | val 9.179764e-01 |   0.094 s | best 9.179764e-01 @318 *
epoch  319 | train 8.076383e-01 | val 9.178369e-01 |   0.082 s | best 9.178369e-01 @319 *
epoch  320 | train 8.128947e-01 | val 9.176970e-01 |   0.071 s | best 9.176970e-01 @320 *
epoch  321 | train 8.099666e-01 | val 9.175563e-01 |   0.096 s | best 9.175563e-01 @321 *
epoch  322 | train 8.114474e-01 | val 9.174166e-01 |   0.112 s | best 9.174166e-01 @322 *
epoch  323 | train 8.095769e-01 | val 9.172772e-01 |   0.109 s | best 9.172772e-01 @323 *
epoch  324 | train 8.130593e-01 | val 9.171379e-01 |   0.109 s | best 9.171379e-01 @324 *
epoch  325 | train 8.093546e-01 | val 9.169987e-01 |   0.112 s | best 9.169987e-01 @325 *
epoch  326 | train 8.135251e-01 | val 9.168603e-01 |   0.112 s | best 9.168603e-01 @326 *
epoch  327 | train 8.067406e-01 | val 9.167205e-01 |   0.113 s | best 9.167205e-01 @327 *
epoch  328 | train 8.115370e-01 | val 9.165814e-01 |   0.113 s | best 9.165814e-01 @328 *
epoch  329 | train 8.058113e-01 | val 9.164427e-01 |   0.110 s | best 9.164427e-01 @329 *
epoch  330 | train 8.084240e-01 | val 9.163035e-01 |   0.113 s | best 9.163035e-01 @330 *
epoch  331 | train 8.071025e-01 | val 9.161641e-01 |   0.113 s | best 9.161641e-01 @331 *
epoch  332 | train 8.097478e-01 | val 9.160256e-01 |   0.112 s | best 9.160256e-01 @332 *
epoch  333 | train 8.120017e-01 | val 9.158870e-01 |   0.114 s | best 9.158870e-01 @333 *
epoch  334 | train 8.076298e-01 | val 9.157486e-01 |   0.113 s | best 9.157486e-01 @334 *
epoch  335 | train 8.083232e-01 | val 9.156122e-01 |   0.110 s | best 9.156122e-01 @335 *
epoch  336 | train 8.074181e-01 | val 9.154751e-01 |   0.112 s | best 9.154751e-01 @336 *
epoch  337 | train 8.092186e-01 | val 9.153391e-01 |   0.113 s | best 9.153391e-01 @337 *
epoch  338 | train 8.091107e-01 | val 9.152021e-01 |   0.108 s | best 9.152021e-01 @338 *
epoch  339 | train 8.087688e-01 | val 9.150648e-01 |   0.112 s | best 9.150648e-01 @339 *
epoch  340 | train 8.083452e-01 | val 9.149271e-01 |   0.112 s | best 9.149271e-01 @340 *
epoch  341 | train 8.106701e-01 | val 9.147906e-01 |   0.113 s | best 9.147906e-01 @341 *
epoch  342 | train 8.107644e-01 | val 9.146543e-01 |   0.113 s | best 9.146543e-01 @342 *
epoch  343 | train 8.090820e-01 | val 9.145182e-01 |   0.113 s | best 9.145182e-01 @343 *
epoch  344 | train 8.064769e-01 | val 9.143814e-01 |   0.112 s | best 9.143814e-01 @344 *
epoch  345 | train 8.064843e-01 | val 9.142456e-01 |   0.113 s | best 9.142456e-01 @345 *
epoch  346 | train 8.063398e-01 | val 9.141110e-01 |   0.114 s | best 9.141110e-01 @346 *
epoch  347 | train 8.077362e-01 | val 9.139752e-01 |   0.114 s | best 9.139752e-01 @347 *
epoch  348 | train 8.027000e-01 | val 9.138403e-01 |   0.113 s | best 9.138403e-01 @348 *
epoch  349 | train 8.076816e-01 | val 9.137060e-01 |   0.113 s | best 9.137060e-01 @349 *
epoch  350 | train 8.054998e-01 | val 9.135703e-01 |   0.114 s | best 9.135703e-01 @350 *
epoch  351 | train 8.074730e-01 | val 9.134332e-01 |   0.113 s | best 9.134332e-01 @351 *
epoch  352 | train 8.018546e-01 | val 9.132970e-01 |   0.114 s | best 9.132970e-01 @352 *
epoch  353 | train 8.056590e-01 | val 9.131621e-01 |   0.109 s | best 9.131621e-01 @353 *
epoch  354 | train 8.071584e-01 | val 9.130259e-01 |   0.114 s | best 9.130259e-01 @354 *
epoch  355 | train 8.066891e-01 | val 9.128901e-01 |   0.114 s | best 9.128901e-01 @355 *
epoch  356 | train 8.074119e-01 | val 9.127544e-01 |   0.113 s | best 9.127544e-01 @356 *
epoch  357 | train 8.025811e-01 | val 9.126186e-01 |   0.114 s | best 9.126186e-01 @357 *
epoch  358 | train 8.054276e-01 | val 9.124836e-01 |   0.114 s | best 9.124836e-01 @358 *
epoch  359 | train 8.019774e-01 | val 9.123478e-01 |   0.114 s | best 9.123478e-01 @359 *
epoch  360 | train 8.044400e-01 | val 9.122139e-01 |   0.113 s | best 9.122139e-01 @360 *
epoch  361 | train 8.005955e-01 | val 9.120799e-01 |   0.114 s | best 9.120799e-01 @361 *
epoch  362 | train 8.023870e-01 | val 9.119457e-01 |   0.114 s | best 9.119457e-01 @362 *
epoch  363 | train 8.025670e-01 | val 9.118114e-01 |   0.113 s | best 9.118114e-01 @363 *
epoch  364 | train 8.017357e-01 | val 9.116781e-01 |   0.113 s | best 9.116781e-01 @364 *
epoch  365 | train 8.022481e-01 | val 9.115440e-01 |   0.113 s | best 9.115440e-01 @365 *
epoch  366 | train 7.999721e-01 | val 9.114084e-01 |   0.113 s | best 9.114084e-01 @366 *
epoch  367 | train 8.038155e-01 | val 9.112738e-01 |   0.114 s | best 9.112738e-01 @367 *
epoch  368 | train 8.054109e-01 | val 9.111392e-01 |   0.113 s | best 9.111392e-01 @368 *
epoch  369 | train 8.013238e-01 | val 9.110042e-01 |   0.112 s | best 9.110042e-01 @369 *
epoch  370 | train 8.019710e-01 | val 9.108697e-01 |   0.111 s | best 9.108697e-01 @370 *
epoch  371 | train 7.999613e-01 | val 9.107357e-01 |   0.113 s | best 9.107357e-01 @371 *
epoch  372 | train 8.000140e-01 | val 9.106013e-01 |   0.112 s | best 9.106013e-01 @372 *
epoch  373 | train 8.034645e-01 | val 9.104691e-01 |   0.112 s | best 9.104691e-01 @373 *
epoch  374 | train 7.990985e-01 | val 9.103367e-01 |   0.113 s | best 9.103367e-01 @374 *
epoch  375 | train 8.010177e-01 | val 9.102048e-01 |   0.112 s | best 9.102048e-01 @375 *
epoch  376 | train 7.998154e-01 | val 9.100730e-01 |   0.113 s | best 9.100730e-01 @376 *
epoch  377 | train 8.006283e-01 | val 9.099419e-01 |   0.113 s | best 9.099419e-01 @377 *
epoch  378 | train 7.980148e-01 | val 9.098113e-01 |   0.113 s | best 9.098113e-01 @378 *
epoch  379 | train 8.029671e-01 | val 9.096813e-01 |   0.113 s | best 9.096813e-01 @379 *
epoch  380 | train 7.947812e-01 | val 9.095507e-01 |   0.113 s | best 9.095507e-01 @380 *
epoch  381 | train 7.983712e-01 | val 9.094188e-01 |   0.113 s | best 9.094188e-01 @381 *
epoch  382 | train 8.005959e-01 | val 9.092881e-01 |   0.113 s | best 9.092881e-01 @382 *
epoch  383 | train 7.966885e-01 | val 9.091590e-01 |   0.110 s | best 9.091590e-01 @383 *
epoch  384 | train 7.998048e-01 | val 9.090282e-01 |   0.113 s | best 9.090282e-01 @384 *
epoch  385 | train 7.964038e-01 | val 9.088973e-01 |   0.113 s | best 9.088973e-01 @385 *
epoch  386 | train 7.963700e-01 | val 9.087658e-01 |   0.115 s | best 9.087658e-01 @386 *
epoch  387 | train 7.983011e-01 | val 9.086345e-01 |   0.113 s | best 9.086345e-01 @387 *
epoch  388 | train 8.003353e-01 | val 9.085047e-01 |   0.113 s | best 9.085047e-01 @388 *
epoch  389 | train 7.974616e-01 | val 9.083748e-01 |   0.112 s | best 9.083748e-01 @389 *
epoch  390 | train 7.958547e-01 | val 9.082443e-01 |   0.113 s | best 9.082443e-01 @390 *
epoch  391 | train 7.962702e-01 | val 9.081129e-01 |   0.113 s | best 9.081129e-01 @391 *
epoch  392 | train 7.989363e-01 | val 9.079827e-01 |   0.114 s | best 9.079827e-01 @392 *
epoch  393 | train 7.969926e-01 | val 9.078534e-01 |   0.113 s | best 9.078534e-01 @393 *
epoch  394 | train 7.984441e-01 | val 9.077234e-01 |   0.113 s | best 9.077234e-01 @394 *
epoch  395 | train 7.973993e-01 | val 9.075934e-01 |   0.113 s | best 9.075934e-01 @395 *
epoch  396 | train 7.926494e-01 | val 9.074644e-01 |   0.113 s | best 9.074644e-01 @396 *
epoch  397 | train 7.993516e-01 | val 9.073361e-01 |   0.113 s | best 9.073361e-01 @397 *
epoch  398 | train 7.982998e-01 | val 9.072070e-01 |   0.111 s | best 9.072070e-01 @398 *
epoch  399 | train 7.964992e-01 | val 9.070774e-01 |   0.113 s | best 9.070774e-01 @399 *
epoch  400 | train 7.988919e-01 | val 9.069473e-01 |   0.113 s | best 9.069473e-01 @400 *
epoch  401 | train 7.965008e-01 | val 9.068177e-01 |   0.113 s | best 9.068177e-01 @401 *
epoch  402 | train 7.957911e-01 | val 9.066887e-01 |   0.113 s | best 9.066887e-01 @402 *
epoch  403 | train 7.949193e-01 | val 9.065593e-01 |   0.112 s | best 9.065593e-01 @403 *
epoch  404 | train 7.952116e-01 | val 9.064303e-01 |   0.114 s | best 9.064303e-01 @404 *
epoch  405 | train 7.922589e-01 | val 9.063016e-01 |   0.112 s | best 9.063016e-01 @405 *
epoch  406 | train 7.989645e-01 | val 9.061729e-01 |   0.123 s | best 9.061729e-01 @406 *
epoch  407 | train 7.891857e-01 | val 9.060452e-01 |   0.121 s | best 9.060452e-01 @407 *
epoch  408 | train 7.932164e-01 | val 9.059163e-01 |   0.118 s | best 9.059163e-01 @408 *
epoch  409 | train 7.923102e-01 | val 9.057875e-01 |   0.117 s | best 9.057875e-01 @409 *
epoch  410 | train 7.935647e-01 | val 9.056593e-01 |   0.110 s | best 9.056593e-01 @410 *
epoch  411 | train 7.922711e-01 | val 9.055318e-01 |   0.111 s | best 9.055318e-01 @411 *
epoch  412 | train 7.912461e-01 | val 9.054036e-01 |   0.112 s | best 9.054036e-01 @412 *
epoch  413 | train 7.928252e-01 | val 9.052750e-01 |   0.109 s | best 9.052750e-01 @413 *
epoch  414 | train 7.940671e-01 | val 9.051470e-01 |   0.110 s | best 9.051470e-01 @414 *
epoch  415 | train 7.913309e-01 | val 9.050187e-01 |   0.111 s | best 9.050187e-01 @415 *
epoch  416 | train 7.905828e-01 | val 9.048909e-01 |   0.114 s | best 9.048909e-01 @416 *
epoch  417 | train 7.898089e-01 | val 9.047632e-01 |   0.113 s | best 9.047632e-01 @417 *
epoch  418 | train 7.937408e-01 | val 9.046362e-01 |   0.114 s | best 9.046362e-01 @418 *
epoch  419 | train 7.943810e-01 | val 9.045093e-01 |   0.075 s | best 9.045093e-01 @419 *
epoch  420 | train 7.936851e-01 | val 9.043825e-01 |   0.080 s | best 9.043825e-01 @420 *
epoch  421 | train 7.927952e-01 | val 9.042560e-01 |   0.086 s | best 9.042560e-01 @421 *
epoch  422 | train 7.920512e-01 | val 9.041309e-01 |   0.112 s | best 9.041309e-01 @422 *
epoch  423 | train 7.929485e-01 | val 9.040048e-01 |   0.115 s | best 9.040048e-01 @423 *
epoch  424 | train 7.892640e-01 | val 9.038776e-01 |   0.112 s | best 9.038776e-01 @424 *
epoch  425 | train 7.896959e-01 | val 9.037530e-01 |   0.110 s | best 9.037530e-01 @425 *
epoch  426 | train 7.922611e-01 | val 9.036287e-01 |   0.112 s | best 9.036287e-01 @426 *
epoch  427 | train 7.847955e-01 | val 9.035031e-01 |   0.112 s | best 9.035031e-01 @427 *
epoch  428 | train 7.925180e-01 | val 9.033775e-01 |   0.113 s | best 9.033775e-01 @428 *
epoch  429 | train 7.916066e-01 | val 9.032516e-01 |   0.113 s | best 9.032516e-01 @429 *
epoch  430 | train 7.916190e-01 | val 9.031264e-01 |   0.114 s | best 9.031264e-01 @430 *
epoch  431 | train 7.904171e-01 | val 9.030014e-01 |   0.114 s | best 9.030014e-01 @431 *
epoch  432 | train 7.863119e-01 | val 9.028759e-01 |   0.113 s | best 9.028759e-01 @432 *
epoch  433 | train 7.890100e-01 | val 9.027508e-01 |   0.113 s | best 9.027508e-01 @433 *
epoch  434 | train 7.888665e-01 | val 9.026262e-01 |   0.113 s | best 9.026262e-01 @434 *
epoch  435 | train 7.900331e-01 | val 9.025016e-01 |   0.110 s | best 9.025016e-01 @435 *
epoch  436 | train 7.865245e-01 | val 9.023760e-01 |   0.113 s | best 9.023760e-01 @436 *
epoch  437 | train 7.893115e-01 | val 9.022502e-01 |   0.112 s | best 9.022502e-01 @437 *
epoch  438 | train 7.842226e-01 | val 9.021254e-01 |   0.113 s | best 9.021254e-01 @438 *
epoch  439 | train 7.900283e-01 | val 9.020006e-01 |   0.113 s | best 9.020006e-01 @439 *
epoch  440 | train 7.872366e-01 | val 9.018765e-01 |   0.112 s | best 9.018765e-01 @440 *
epoch  441 | train 7.878177e-01 | val 9.017525e-01 |   0.113 s | best 9.017525e-01 @441 *
epoch  442 | train 7.872295e-01 | val 9.016304e-01 |   0.112 s | best 9.016304e-01 @442 *
epoch  443 | train 7.873318e-01 | val 9.015073e-01 |   0.110 s | best 9.015073e-01 @443 *
epoch  444 | train 7.882559e-01 | val 9.013843e-01 |   0.114 s | best 9.013843e-01 @444 *
epoch  445 | train 7.875917e-01 | val 9.012600e-01 |   0.113 s | best 9.012600e-01 @445 *
epoch  446 | train 7.875992e-01 | val 9.011367e-01 |   0.113 s | best 9.011367e-01 @446 *
epoch  447 | train 7.884148e-01 | val 9.010130e-01 |   0.113 s | best 9.010130e-01 @447 *
epoch  448 | train 7.826122e-01 | val 9.008903e-01 |   0.113 s | best 9.008903e-01 @448 *
epoch  449 | train 7.858096e-01 | val 9.007679e-01 |   0.114 s | best 9.007679e-01 @449 *
epoch  450 | train 7.863366e-01 | val 9.006458e-01 |   0.110 s | best 9.006458e-01 @450 *
epoch  451 | train 7.867032e-01 | val 9.005236e-01 |   0.113 s | best 9.005236e-01 @451 *
epoch  452 | train 7.860934e-01 | val 9.004017e-01 |   0.122 s | best 9.004017e-01 @452 *
epoch  453 | train 7.860094e-01 | val 9.002790e-01 |   0.111 s | best 9.002790e-01 @453 *
epoch  454 | train 7.829882e-01 | val 9.001575e-01 |   0.112 s | best 9.001575e-01 @454 *
epoch  455 | train 7.854331e-01 | val 9.000360e-01 |   0.112 s | best 9.000360e-01 @455 *
epoch  456 | train 7.833562e-01 | val 8.999140e-01 |   0.114 s | best 8.999140e-01 @456 *
epoch  457 | train 7.879872e-01 | val 8.997927e-01 |   0.113 s | best 8.997927e-01 @457 *
epoch  458 | train 7.857777e-01 | val 8.996732e-01 |   0.117 s | best 8.996732e-01 @458 *
epoch  459 | train 7.872749e-01 | val 8.995529e-01 |   0.115 s | best 8.995529e-01 @459 *
epoch  460 | train 7.871585e-01 | val 8.994323e-01 |   0.113 s | best 8.994323e-01 @460 *
epoch  461 | train 7.880095e-01 | val 8.993116e-01 |   0.112 s | best 8.993116e-01 @461 *
epoch  462 | train 7.854676e-01 | val 8.991908e-01 |   0.114 s | best 8.991908e-01 @462 *
epoch  463 | train 7.801969e-01 | val 8.990688e-01 |   0.113 s | best 8.990688e-01 @463 *
epoch  464 | train 7.838790e-01 | val 8.989486e-01 |   0.114 s | best 8.989486e-01 @464 *
epoch  465 | train 7.851471e-01 | val 8.988283e-01 |   0.111 s | best 8.988283e-01 @465 *
epoch  466 | train 7.858317e-01 | val 8.987086e-01 |   0.113 s | best 8.987086e-01 @466 *
epoch  467 | train 7.849459e-01 | val 8.985889e-01 |   0.113 s | best 8.985889e-01 @467 *
epoch  468 | train 7.830111e-01 | val 8.984702e-01 |   0.113 s | best 8.984702e-01 @468 *
epoch  469 | train 7.804019e-01 | val 8.983505e-01 |   0.113 s | best 8.983505e-01 @469 *
epoch  470 | train 7.861495e-01 | val 8.982303e-01 |   0.113 s | best 8.982303e-01 @470 *
epoch  471 | train 7.859710e-01 | val 8.981115e-01 |   0.112 s | best 8.981115e-01 @471 *
epoch  472 | train 7.870479e-01 | val 8.979928e-01 |   0.112 s | best 8.979928e-01 @472 *
epoch  473 | train 7.845754e-01 | val 8.978739e-01 |   0.113 s | best 8.978739e-01 @473 *
epoch  474 | train 7.830196e-01 | val 8.977558e-01 |   0.112 s | best 8.977558e-01 @474 *
epoch  475 | train 7.831331e-01 | val 8.976402e-01 |   0.114 s | best 8.976402e-01 @475 *
epoch  476 | train 7.883460e-01 | val 8.975237e-01 |   0.113 s | best 8.975237e-01 @476 *
epoch  477 | train 7.800885e-01 | val 8.974076e-01 |   0.113 s | best 8.974076e-01 @477 *
epoch  478 | train 7.845295e-01 | val 8.972920e-01 |   0.113 s | best 8.972920e-01 @478 *
epoch  479 | train 7.830566e-01 | val 8.971756e-01 |   0.114 s | best 8.971756e-01 @479 *
epoch  480 | train 7.809734e-01 | val 8.970591e-01 |   0.111 s | best 8.970591e-01 @480 *
epoch  481 | train 7.812233e-01 | val 8.969420e-01 |   0.114 s | best 8.969420e-01 @481 *
epoch  482 | train 7.798257e-01 | val 8.968244e-01 |   0.114 s | best 8.968244e-01 @482 *
epoch  483 | train 7.781005e-01 | val 8.967075e-01 |   0.114 s | best 8.967075e-01 @483 *
epoch  484 | train 7.784463e-01 | val 8.965901e-01 |   0.115 s | best 8.965901e-01 @484 *
epoch  485 | train 7.787428e-01 | val 8.964738e-01 |   0.115 s | best 8.964738e-01 @485 *
epoch  486 | train 7.795914e-01 | val 8.963578e-01 |   0.115 s | best 8.963578e-01 @486 *
epoch  487 | train 7.804480e-01 | val 8.962412e-01 |   0.112 s | best 8.962412e-01 @487 *
epoch  488 | train 7.822774e-01 | val 8.961255e-01 |   0.115 s | best 8.961255e-01 @488 *
epoch  489 | train 7.787792e-01 | val 8.960097e-01 |   0.114 s | best 8.960097e-01 @489 *
epoch  490 | train 7.815044e-01 | val 8.958938e-01 |   0.114 s | best 8.958938e-01 @490 *
epoch  491 | train 7.809003e-01 | val 8.957779e-01 |   0.115 s | best 8.957779e-01 @491 *
epoch  492 | train 7.780275e-01 | val 8.956633e-01 |   0.114 s | best 8.956633e-01 @492 *
epoch  493 | train 7.794532e-01 | val 8.955497e-01 |   0.114 s | best 8.955497e-01 @493 *
epoch  494 | train 7.793417e-01 | val 8.954357e-01 |   0.114 s | best 8.954357e-01 @494 *
epoch  495 | train 7.792808e-01 | val 8.953212e-01 |   0.111 s | best 8.953212e-01 @495 *
epoch  496 | train 7.768279e-01 | val 8.952072e-01 |   0.114 s | best 8.952072e-01 @496 *
epoch  497 | train 7.773896e-01 | val 8.950930e-01 |   0.114 s | best 8.950930e-01 @497 *
epoch  498 | train 7.798688e-01 | val 8.949778e-01 |   0.112 s | best 8.949778e-01 @498 *
epoch  499 | train 7.800653e-01 | val 8.948641e-01 |   0.114 s | best 8.948641e-01 @499 *
epoch  500 | train 7.780571e-01 | val 8.947508e-01 |   0.114 s | best 8.947508e-01 @500 *
epoch  501 | train 7.765680e-01 | val 8.946380e-01 |   0.114 s | best 8.946380e-01 @501 *
epoch  502 | train 7.821024e-01 | val 8.945252e-01 |   0.111 s | best 8.945252e-01 @502 *
epoch  503 | train 7.779641e-01 | val 8.944117e-01 |   0.114 s | best 8.944117e-01 @503 *
epoch  504 | train 7.767947e-01 | val 8.942980e-01 |   0.115 s | best 8.942980e-01 @504 *
epoch  505 | train 7.791589e-01 | val 8.941839e-01 |   0.114 s | best 8.941839e-01 @505 *
epoch  506 | train 7.781454e-01 | val 8.940709e-01 |   0.114 s | best 8.940709e-01 @506 *
epoch  507 | train 7.775103e-01 | val 8.939587e-01 |   0.114 s | best 8.939587e-01 @507 *
epoch  508 | train 7.764316e-01 | val 8.938462e-01 |   0.114 s | best 8.938462e-01 @508 *
epoch  509 | train 7.797982e-01 | val 8.937346e-01 |   0.112 s | best 8.937346e-01 @509 *
epoch  510 | train 7.774461e-01 | val 8.936226e-01 |   0.117 s | best 8.936226e-01 @510 *
epoch  511 | train 7.813183e-01 | val 8.935113e-01 |   0.122 s | best 8.935113e-01 @511 *
epoch  512 | train 7.793755e-01 | val 8.933992e-01 |   0.121 s | best 8.933992e-01 @512 *
epoch  513 | train 7.768128e-01 | val 8.932877e-01 |   0.121 s | best 8.932877e-01 @513 *
epoch  514 | train 7.737018e-01 | val 8.931769e-01 |   0.121 s | best 8.931769e-01 @514 *
epoch  515 | train 7.746596e-01 | val 8.930655e-01 |   0.121 s | best 8.930655e-01 @515 *
epoch  516 | train 7.739209e-01 | val 8.929542e-01 |   0.119 s | best 8.929542e-01 @516 *
epoch  517 | train 7.766426e-01 | val 8.928425e-01 |   0.114 s | best 8.928425e-01 @517 *
epoch  518 | train 7.742181e-01 | val 8.927329e-01 |   0.121 s | best 8.927329e-01 @518 *
epoch  519 | train 7.771977e-01 | val 8.926206e-01 |   0.120 s | best 8.926206e-01 @519 *
epoch  520 | train 7.779061e-01 | val 8.925113e-01 |   0.120 s | best 8.925113e-01 @520 *
epoch  521 | train 7.773833e-01 | val 8.924012e-01 |   0.120 s | best 8.924012e-01 @521 *
epoch  522 | train 7.774007e-01 | val 8.922920e-01 |   0.120 s | best 8.922920e-01 @522 *
epoch  523 | train 7.733502e-01 | val 8.921832e-01 |   0.121 s | best 8.921832e-01 @523 *
epoch  524 | train 7.752123e-01 | val 8.920742e-01 |   0.120 s | best 8.920742e-01 @524 *
epoch  525 | train 7.776462e-01 | val 8.919649e-01 |   0.120 s | best 8.919649e-01 @525 *
epoch  526 | train 7.733061e-01 | val 8.918550e-01 |   0.121 s | best 8.918550e-01 @526 *
epoch  527 | train 7.740419e-01 | val 8.917477e-01 |   0.119 s | best 8.917477e-01 @527 *
epoch  528 | train 7.737262e-01 | val 8.916401e-01 |   0.118 s | best 8.916401e-01 @528 *
epoch  529 | train 7.768716e-01 | val 8.915306e-01 |   0.120 s | best 8.915306e-01 @529 *
epoch  530 | train 7.720680e-01 | val 8.914205e-01 |   0.120 s | best 8.914205e-01 @530 *
epoch  531 | train 7.743808e-01 | val 8.913115e-01 |   0.120 s | best 8.913115e-01 @531 *
epoch  532 | train 7.714867e-01 | val 8.912041e-01 |   0.114 s | best 8.912041e-01 @532 *
epoch  533 | train 7.741109e-01 | val 8.910982e-01 |   0.121 s | best 8.910982e-01 @533 *
epoch  534 | train 7.727624e-01 | val 8.909892e-01 |   0.121 s | best 8.909892e-01 @534 *
epoch  535 | train 7.725174e-01 | val 8.908820e-01 |   0.122 s | best 8.908820e-01 @535 *
epoch  536 | train 7.755606e-01 | val 8.907771e-01 |   0.121 s | best 8.907771e-01 @536 *
epoch  537 | train 7.730786e-01 | val 8.906707e-01 |   0.121 s | best 8.906707e-01 @537 *
epoch  538 | train 7.747630e-01 | val 8.905647e-01 |   0.120 s | best 8.905647e-01 @538 *
epoch  539 | train 7.707498e-01 | val 8.904589e-01 |   0.110 s | best 8.904589e-01 @539 *
epoch  540 | train 7.733494e-01 | val 8.903542e-01 |   0.120 s | best 8.903542e-01 @540 *
epoch  541 | train 7.698360e-01 | val 8.902496e-01 |   0.120 s | best 8.902496e-01 @541 *
epoch  542 | train 7.750810e-01 | val 8.901460e-01 |   0.119 s | best 8.901460e-01 @542 *
epoch  543 | train 7.734079e-01 | val 8.900427e-01 |   0.119 s | best 8.900427e-01 @543 *
epoch  544 | train 7.727344e-01 | val 8.899377e-01 |   0.120 s | best 8.899377e-01 @544 *
epoch  545 | train 7.727385e-01 | val 8.898336e-01 |   0.119 s | best 8.898336e-01 @545 *
epoch  546 | train 7.726050e-01 | val 8.897299e-01 |   0.118 s | best 8.897299e-01 @546 *
epoch  547 | train 7.738795e-01 | val 8.896256e-01 |   0.125 s | best 8.896256e-01 @547 *
epoch  548 | train 7.744068e-01 | val 8.895215e-01 |   0.121 s | best 8.895215e-01 @548 *
epoch  549 | train 7.722098e-01 | val 8.894184e-01 |   0.122 s | best 8.894184e-01 @549 *
epoch  550 | train 7.732614e-01 | val 8.893168e-01 |   0.117 s | best 8.893168e-01 @550 *
epoch  551 | train 7.685798e-01 | val 8.892141e-01 |   0.120 s | best 8.892141e-01 @551 *
epoch  552 | train 7.707424e-01 | val 8.891112e-01 |   0.120 s | best 8.891112e-01 @552 *
epoch  553 | train 7.695887e-01 | val 8.890085e-01 |   0.121 s | best 8.890085e-01 @553 *
epoch  554 | train 7.731497e-01 | val 8.889054e-01 |   0.114 s | best 8.889054e-01 @554 *
epoch  555 | train 7.726013e-01 | val 8.888031e-01 |   0.121 s | best 8.888031e-01 @555 *
epoch  556 | train 7.708544e-01 | val 8.887025e-01 |   0.120 s | best 8.887025e-01 @556 *
epoch  557 | train 7.685018e-01 | val 8.886013e-01 |   0.120 s | best 8.886013e-01 @557 *
epoch  558 | train 7.675259e-01 | val 8.884984e-01 |   0.118 s | best 8.884984e-01 @558 *
epoch  559 | train 7.688882e-01 | val 8.883946e-01 |   0.121 s | best 8.883946e-01 @559 *
epoch  560 | train 7.676006e-01 | val 8.882924e-01 |   0.120 s | best 8.882924e-01 @560 *
epoch  561 | train 7.663073e-01 | val 8.881902e-01 |   0.111 s | best 8.881902e-01 @561 *
epoch  562 | train 7.688421e-01 | val 8.880895e-01 |   0.121 s | best 8.880895e-01 @562 *
epoch  563 | train 7.658740e-01 | val 8.879899e-01 |   0.120 s | best 8.879899e-01 @563 *
epoch  564 | train 7.684690e-01 | val 8.878902e-01 |   0.120 s | best 8.878902e-01 @564 *
epoch  565 | train 7.698863e-01 | val 8.877898e-01 |   0.120 s | best 8.877898e-01 @565 *
epoch  566 | train 7.684341e-01 | val 8.876897e-01 |   0.119 s | best 8.876897e-01 @566 *
epoch  567 | train 7.688150e-01 | val 8.875893e-01 |   0.120 s | best 8.875893e-01 @567 *
epoch  568 | train 7.682215e-01 | val 8.874901e-01 |   0.118 s | best 8.874901e-01 @568 *
epoch  569 | train 7.676837e-01 | val 8.873926e-01 |   0.120 s | best 8.873926e-01 @569 *
epoch  570 | train 7.697099e-01 | val 8.872944e-01 |   0.120 s | best 8.872944e-01 @570 *
epoch  571 | train 7.654572e-01 | val 8.871958e-01 |   0.117 s | best 8.871958e-01 @571 *
epoch  572 | train 7.675945e-01 | val 8.870980e-01 |   0.116 s | best 8.870980e-01 @572 *
epoch  573 | train 7.656310e-01 | val 8.870020e-01 |   0.119 s | best 8.870020e-01 @573 *
epoch  574 | train 7.695997e-01 | val 8.869052e-01 |   0.120 s | best 8.869052e-01 @574 *
epoch  575 | train 7.686706e-01 | val 8.868075e-01 |   0.120 s | best 8.868075e-01 @575 *
epoch  576 | train 7.659269e-01 | val 8.867124e-01 |   0.114 s | best 8.867124e-01 @576 *
epoch  577 | train 7.666838e-01 | val 8.866170e-01 |   0.119 s | best 8.866170e-01 @577 *
epoch  578 | train 7.699584e-01 | val 8.865212e-01 |   0.120 s | best 8.865212e-01 @578 *
epoch  579 | train 7.676833e-01 | val 8.864254e-01 |   0.120 s | best 8.864254e-01 @579 *
epoch  580 | train 7.701759e-01 | val 8.863298e-01 |   0.121 s | best 8.863298e-01 @580 *
epoch  581 | train 7.649756e-01 | val 8.862344e-01 |   0.119 s | best 8.862344e-01 @581 *
epoch  582 | train 7.681621e-01 | val 8.861405e-01 |   0.120 s | best 8.861405e-01 @582 *
epoch  583 | train 7.651821e-01 | val 8.860477e-01 |   0.113 s | best 8.860477e-01 @583 *
epoch  584 | train 7.680736e-01 | val 8.859546e-01 |   0.122 s | best 8.859546e-01 @584 *
epoch  585 | train 7.672121e-01 | val 8.858614e-01 |   0.121 s | best 8.858614e-01 @585 *
epoch  586 | train 7.681588e-01 | val 8.857684e-01 |   0.120 s | best 8.857684e-01 @586 *
epoch  587 | train 7.648240e-01 | val 8.856764e-01 |   0.121 s | best 8.856764e-01 @587 *
epoch  588 | train 7.656052e-01 | val 8.855844e-01 |   0.121 s | best 8.855844e-01 @588 *
epoch  589 | train 7.648373e-01 | val 8.854923e-01 |   0.117 s | best 8.854923e-01 @589 *
epoch  590 | train 7.665573e-01 | val 8.854009e-01 |   0.119 s | best 8.854009e-01 @590 *
epoch  591 | train 7.659669e-01 | val 8.853092e-01 |   0.113 s | best 8.853092e-01 @591 *
epoch  592 | train 7.677079e-01 | val 8.852160e-01 |   0.120 s | best 8.852160e-01 @592 *
epoch  593 | train 7.666030e-01 | val 8.851244e-01 |   0.120 s | best 8.851244e-01 @593 *
epoch  594 | train 7.655156e-01 | val 8.850337e-01 |   0.117 s | best 8.850337e-01 @594 *
epoch  595 | train 7.627326e-01 | val 8.849433e-01 |   0.120 s | best 8.849433e-01 @595 *
epoch  596 | train 7.637902e-01 | val 8.848530e-01 |   0.111 s | best 8.848530e-01 @596 *
epoch  597 | train 7.645246e-01 | val 8.847630e-01 |   0.112 s | best 8.847630e-01 @597 *
epoch  598 | train 7.665038e-01 | val 8.846719e-01 |   0.109 s | best 8.846719e-01 @598 *
epoch  599 | train 7.650773e-01 | val 8.845807e-01 |   0.113 s | best 8.845807e-01 @599 *
epoch  600 | train 7.646734e-01 | val 8.844909e-01 |   0.113 s | best 8.844909e-01 @600 *
# done        : 600 epochs, stopped_by=max_epochs, aborted=False, best val 8.844909e-01 @ epoch 600, wall 91.9 s, 0.153 s/epoch
