
# ===== 2026-09-20 16:10:55 KST  HPO attempt 76  testbed D1 prior S  Nr=8 Nt=4
# DEVICE      : cuda | cuda_available=True | NVIDIA RTX PRO 6000 Blackwell Server Edition | torch 2.14.0+cu130 | train dtype float32 (01_RULES §9.5)
# data        : n_train=9000 n_val=1000 split_hash=98d6225d67f9c15a E||H||_F^2/(NrNt)=1.000268 (04_SPEC §2)
# sigma grid  : MEASURED, 20 points, log-uniform draw over [3.2936e-02, 7.9084e-01]
# hp          : {'arch': 'adm', 'param': 've', 'domain': 'pixel', 'lr': 0.0008973110689013834, 'ema': 0.99, 'batch': 256, 'emb': 256, 'width': 64, 'depth': 4, 'heads': 2, 'attn_at': 8}  params=5056578
# stopping    : patience 15 on val loss, never before 0 epochs, max 600 (01_RULES §5)
epoch    1 | train 8.323534e-01 | val 9.091718e-01 |   1.259 s | best 9.091718e-01 @1 *
epoch    2 | train 7.789028e-01 | val 8.355393e-01 |   1.433 s | best 8.355393e-01 @2 *
epoch    3 | train 7.635504e-01 | val 7.935711e-01 |   1.439 s | best 7.935711e-01 @3 *
epoch    4 | train 7.648393e-01 | val 7.679550e-01 |   1.435 s | best 7.679550e-01 @4 *
epoch    5 | train 7.525262e-01 | val 7.523639e-01 |   1.456 s | best 7.523639e-01 @5 *
epoch    6 | train 7.551477e-01 | val 7.437424e-01 |   1.436 s | best 7.437424e-01 @6 *
epoch    7 | train 7.494508e-01 | val 7.391717e-01 |   1.165 s | best 7.391717e-01 @7 *
epoch    8 | train 7.510906e-01 | val 7.365422e-01 |   1.437 s | best 7.365422e-01 @8 *
epoch    9 | train 7.459650e-01 | val 7.348520e-01 |   1.423 s | best 7.348520e-01 @9 *
epoch   10 | train 7.468322e-01 | val 7.337261e-01 |   1.406 s | best 7.337261e-01 @10 *
epoch   11 | train 7.497324e-01 | val 7.329705e-01 |   1.403 s | best 7.329705e-01 @11 *
epoch   12 | train 7.439064e-01 | val 7.323234e-01 |   1.395 s | best 7.323234e-01 @12 *
epoch   13 | train 7.514682e-01 | val 7.318014e-01 |   1.420 s | best 7.318014e-01 @13 *
epoch   14 | train 7.445635e-01 | val 7.314588e-01 |   1.467 s | best 7.314588e-01 @14 *
epoch   15 | train 7.515167e-01 | val 7.310405e-01 |   1.428 s | best 7.310405e-01 @15 *
epoch   16 | train 7.527967e-01 | val 7.306442e-01 |   1.466 s | best 7.306442e-01 @16 *
epoch   17 | train 7.458427e-01 | val 7.304927e-01 |   1.453 s | best 7.304927e-01 @17 *
epoch   18 | train 7.500243e-01 | val 7.305251e-01 |   1.434 s | best 7.304927e-01 @17
epoch   19 | train 7.458454e-01 | val 7.304538e-01 |   1.454 s | best 7.304538e-01 @19 *
epoch   20 | train 7.478625e-01 | val 7.301993e-01 |   1.451 s | best 7.301993e-01 @20 *
epoch   21 | train 7.475500e-01 | val 7.301055e-01 |   1.428 s | best 7.301055e-01 @21 *
epoch   22 | train 7.391362e-01 | val 7.298417e-01 |   1.471 s | best 7.298417e-01 @22 *
epoch   23 | train 7.503381e-01 | val 7.296476e-01 |   1.423 s | best 7.296476e-01 @23 *
epoch   24 | train 7.425165e-01 | val 7.295619e-01 |   1.440 s | best 7.295619e-01 @24 *
epoch   25 | train 7.439890e-01 | val 7.295696e-01 |   1.449 s | best 7.295619e-01 @24
epoch   26 | train 7.451976e-01 | val 7.297038e-01 |   1.437 s | best 7.295619e-01 @24
epoch   27 | train 7.466771e-01 | val 7.296875e-01 |   1.415 s | best 7.295619e-01 @24
epoch   28 | train 7.421781e-01 | val 7.296333e-01 |   1.463 s | best 7.295619e-01 @24
epoch   29 | train 7.410084e-01 | val 7.295773e-01 |   1.427 s | best 7.295619e-01 @24
epoch   30 | train 7.452512e-01 | val 7.293262e-01 |   1.434 s | best 7.293262e-01 @30 *
epoch   31 | train 7.461478e-01 | val 7.292390e-01 |   1.460 s | best 7.292390e-01 @31 *
epoch   32 | train 7.440610e-01 | val 7.291523e-01 |   1.352 s | best 7.291523e-01 @32 *
epoch   33 | train 7.461491e-01 | val 7.290843e-01 |   1.397 s | best 7.290843e-01 @33 *
epoch   34 | train 7.476992e-01 | val 7.290950e-01 |   1.415 s | best 7.290843e-01 @33
epoch   35 | train 7.451359e-01 | val 7.291042e-01 |   1.409 s | best 7.290843e-01 @33
epoch   36 | train 7.432876e-01 | val 7.291319e-01 |   1.396 s | best 7.290843e-01 @33
epoch   37 | train 7.465206e-01 | val 7.290999e-01 |   1.418 s | best 7.290843e-01 @33
epoch   38 | train 7.435830e-01 | val 7.291681e-01 |   1.400 s | best 7.290843e-01 @33
epoch   39 | train 7.401728e-01 | val 7.290367e-01 |   1.410 s | best 7.290367e-01 @39 *
epoch   40 | train 7.457760e-01 | val 7.290336e-01 |   1.432 s | best 7.290336e-01 @40 *
epoch   41 | train 7.432915e-01 | val 7.291175e-01 |   1.404 s | best 7.290336e-01 @40
epoch   42 | train 7.385005e-01 | val 7.291841e-01 |   1.406 s | best 7.290336e-01 @40
epoch   43 | train 7.428645e-01 | val 7.291460e-01 |   1.413 s | best 7.290336e-01 @40
epoch   44 | train 7.389881e-01 | val 7.290098e-01 |   1.403 s | best 7.290098e-01 @44 *
epoch   45 | train 7.438889e-01 | val 7.290857e-01 |   1.413 s | best 7.290098e-01 @44
epoch   46 | train 7.444384e-01 | val 7.291393e-01 |   1.400 s | best 7.290098e-01 @44
epoch   47 | train 7.412470e-01 | val 7.291695e-01 |   1.407 s | best 7.290098e-01 @44
epoch   48 | train 7.400564e-01 | val 7.292684e-01 |   1.411 s | best 7.290098e-01 @44
epoch   49 | train 7.458414e-01 | val 7.293823e-01 |   1.401 s | best 7.290098e-01 @44
epoch   50 | train 7.423440e-01 | val 7.293992e-01 |   1.403 s | best 7.290098e-01 @44
epoch   51 | train 7.377221e-01 | val 7.292004e-01 |   1.416 s | best 7.290098e-01 @44
epoch   52 | train 7.351899e-01 | val 7.291941e-01 |   1.404 s | best 7.290098e-01 @44
epoch   53 | train 7.394462e-01 | val 7.292485e-01 |   1.394 s | best 7.290098e-01 @44
epoch   54 | train 7.405457e-01 | val 7.292116e-01 |   1.409 s | best 7.290098e-01 @44
epoch   55 | train 7.388842e-01 | val 7.291150e-01 |   1.402 s | best 7.290098e-01 @44
epoch   56 | train 7.389890e-01 | val 7.289103e-01 |   1.410 s | best 7.289103e-01 @56 *
epoch   57 | train 7.417967e-01 | val 7.290719e-01 |   1.427 s | best 7.289103e-01 @56
epoch   58 | train 7.374013e-01 | val 7.291023e-01 |   1.400 s | best 7.289103e-01 @56
epoch   59 | train 7.403056e-01 | val 7.291872e-01 |   1.402 s | best 7.289103e-01 @56
epoch   60 | train 7.442557e-01 | val 7.291362e-01 |   1.421 s | best 7.289103e-01 @56
epoch   61 | train 7.399667e-01 | val 7.290450e-01 |   1.404 s | best 7.289103e-01 @56
epoch   62 | train 7.435910e-01 | val 7.289988e-01 |   1.416 s | best 7.289103e-01 @56
epoch   63 | train 7.417756e-01 | val 7.290237e-01 |   1.416 s | best 7.289103e-01 @56
epoch   64 | train 7.391870e-01 | val 7.292205e-01 |   1.403 s | best 7.289103e-01 @56
epoch   65 | train 7.437655e-01 | val 7.292082e-01 |   1.405 s | best 7.289103e-01 @56
epoch   66 | train 7.375455e-01 | val 7.292753e-01 |   1.415 s | best 7.289103e-01 @56
epoch   67 | train 7.380555e-01 | val 7.292553e-01 |   1.395 s | best 7.289103e-01 @56
epoch   68 | train 7.403934e-01 | val 7.291871e-01 |   1.420 s | best 7.289103e-01 @56
epoch   69 | train 7.401608e-01 | val 7.291993e-01 |   1.400 s | best 7.289103e-01 @56
epoch   70 | train 7.429517e-01 | val 7.292629e-01 |   1.403 s | best 7.289103e-01 @56
epoch   71 | train 7.421088e-01 | val 7.293626e-01 |   1.409 s | best 7.289103e-01 @56
# done        : 71 epochs, stopped_by=patience, aborted=False, best val 7.289103e-01 @ epoch 56, wall 114.1 s, 1.607 s/epoch
