
# ===== 2026-09-20 15:31:35 KST  HPO attempt 34  testbed D1 prior S  Nr=8 Nt=4
# DEVICE      : cuda | cuda_available=True | NVIDIA RTX PRO 6000 Blackwell Server Edition | torch 2.14.0+cu130 | train dtype float32 (01_RULES §9.5)
# data        : n_train=9000 n_val=1000 split_hash=98d6225d67f9c15a E||H||_F^2/(NrNt)=1.000268 (04_SPEC §2)
# sigma grid  : MEASURED, 20 points, log-uniform draw over [3.2936e-02, 7.9084e-01]
# hp          : {'arch': 'uvit', 'param': 'edm', 'domain': 'angle', 'lr': 7.958142369089214e-05, 'ema': 0.99, 'batch': 256, 'emb': 64, 'width': 192, 'depth': 7, 'heads': 4, 'patch': 2}  params=3390766
# stopping    : patience 15 on val loss, never before 0 epochs, max 600 (01_RULES §5)
epoch    1 | train 9.986066e-01 | val 9.905460e-01 |   1.168 s | best 9.905460e-01 @1 *
epoch    2 | train 9.943517e-01 | val 9.890840e-01 |   1.399 s | best 9.890840e-01 @2 *
epoch    3 | train 9.849094e-01 | val 9.850736e-01 |   1.401 s | best 9.850736e-01 @3 *
epoch    4 | train 9.755680e-01 | val 9.789542e-01 |   1.391 s | best 9.789542e-01 @4 *
epoch    5 | train 9.723572e-01 | val 9.719179e-01 |   1.403 s | best 9.719179e-01 @5 *
epoch    6 | train 9.621824e-01 | val 9.649597e-01 |   1.388 s | best 9.649597e-01 @6 *
epoch    7 | train 9.542214e-01 | val 9.586370e-01 |   1.396 s | best 9.586370e-01 @7 *
epoch    8 | train 9.520865e-01 | val 9.530268e-01 |   1.390 s | best 9.530268e-01 @8 *
epoch    9 | train 9.499404e-01 | val 9.480558e-01 |   1.386 s | best 9.480558e-01 @9 *
epoch   10 | train 9.461664e-01 | val 9.435369e-01 |   1.433 s | best 9.435369e-01 @10 *
epoch   11 | train 9.352352e-01 | val 9.392268e-01 |   1.414 s | best 9.392268e-01 @11 *
epoch   12 | train 9.325192e-01 | val 9.347709e-01 |   1.409 s | best 9.347709e-01 @12 *
epoch   13 | train 9.332148e-01 | val 9.299685e-01 |   1.385 s | best 9.299685e-01 @13 *
epoch   14 | train 9.280852e-01 | val 9.253766e-01 |   1.384 s | best 9.253766e-01 @14 *
epoch   15 | train 9.253069e-01 | val 9.213955e-01 |   1.386 s | best 9.213955e-01 @15 *
epoch   16 | train 9.197062e-01 | val 9.179412e-01 |   1.386 s | best 9.179412e-01 @16 *
epoch   17 | train 9.255410e-01 | val 9.150935e-01 |   1.388 s | best 9.150935e-01 @17 *
epoch   18 | train 9.170319e-01 | val 9.123558e-01 |   1.389 s | best 9.123558e-01 @18 *
epoch   19 | train 9.140029e-01 | val 9.095777e-01 |   1.414 s | best 9.095777e-01 @19 *
epoch   20 | train 9.128937e-01 | val 9.068808e-01 |   1.395 s | best 9.068808e-01 @20 *
epoch   21 | train 9.119115e-01 | val 9.041328e-01 |   1.436 s | best 9.041328e-01 @21 *
epoch   22 | train 9.105592e-01 | val 9.015234e-01 |   1.389 s | best 9.015234e-01 @22 *
epoch   23 | train 9.032173e-01 | val 8.986392e-01 |   1.388 s | best 8.986392e-01 @23 *
epoch   24 | train 9.002528e-01 | val 8.954900e-01 |   1.385 s | best 8.954900e-01 @24 *
epoch   25 | train 8.969741e-01 | val 8.923780e-01 |   1.397 s | best 8.923780e-01 @25 *
epoch   26 | train 8.939007e-01 | val 8.887886e-01 |   1.435 s | best 8.887886e-01 @26 *
epoch   27 | train 8.915017e-01 | val 8.850914e-01 |   1.460 s | best 8.850914e-01 @27 *
epoch   28 | train 8.871997e-01 | val 8.814893e-01 |   1.452 s | best 8.814893e-01 @28 *
epoch   29 | train 8.834817e-01 | val 8.779726e-01 |   1.437 s | best 8.779726e-01 @29 *
epoch   30 | train 8.852345e-01 | val 8.747094e-01 |   1.468 s | best 8.747094e-01 @30 *
epoch   31 | train 8.775123e-01 | val 8.715401e-01 |   1.434 s | best 8.715401e-01 @31 *
epoch   32 | train 8.792669e-01 | val 8.686295e-01 |   1.447 s | best 8.686295e-01 @32 *
epoch   33 | train 8.756743e-01 | val 8.660145e-01 |   1.432 s | best 8.660145e-01 @33 *
epoch   34 | train 8.744193e-01 | val 8.636817e-01 |   1.423 s | best 8.636817e-01 @34 *
epoch   35 | train 8.778915e-01 | val 8.614106e-01 |   1.454 s | best 8.614106e-01 @35 *
epoch   36 | train 8.712636e-01 | val 8.596292e-01 |   1.438 s | best 8.596292e-01 @36 *
epoch   37 | train 8.751982e-01 | val 8.579693e-01 |   1.423 s | best 8.579693e-01 @37 *
epoch   38 | train 8.706492e-01 | val 8.562108e-01 |   1.395 s | best 8.562108e-01 @38 *
epoch   39 | train 8.638797e-01 | val 8.545024e-01 |   1.388 s | best 8.545024e-01 @39 *
epoch   40 | train 8.641516e-01 | val 8.530387e-01 |   1.388 s | best 8.530387e-01 @40 *
epoch   41 | train 8.634053e-01 | val 8.516386e-01 |   1.389 s | best 8.516386e-01 @41 *
epoch   42 | train 8.611545e-01 | val 8.504557e-01 |   1.385 s | best 8.504557e-01 @42 *
epoch   43 | train 8.606976e-01 | val 8.491248e-01 |   1.396 s | best 8.491248e-01 @43 *
epoch   44 | train 8.623355e-01 | val 8.478482e-01 |   1.399 s | best 8.478482e-01 @44 *
epoch   45 | train 8.583662e-01 | val 8.467480e-01 |   1.394 s | best 8.467480e-01 @45 *
epoch   46 | train 8.572169e-01 | val 8.456193e-01 |   1.392 s | best 8.456193e-01 @46 *
epoch   47 | train 8.568929e-01 | val 8.444759e-01 |   1.391 s | best 8.444759e-01 @47 *
epoch   48 | train 8.561924e-01 | val 8.434455e-01 |   1.397 s | best 8.434455e-01 @48 *
epoch   49 | train 8.519359e-01 | val 8.424689e-01 |   1.440 s | best 8.424689e-01 @49 *
epoch   50 | train 8.533159e-01 | val 8.414970e-01 |   1.442 s | best 8.414970e-01 @50 *
epoch   51 | train 8.542259e-01 | val 8.406689e-01 |   1.391 s | best 8.406689e-01 @51 *
epoch   52 | train 8.531459e-01 | val 8.398830e-01 |   1.391 s | best 8.398830e-01 @52 *
epoch   53 | train 8.500314e-01 | val 8.389872e-01 |   1.394 s | best 8.389872e-01 @53 *
epoch   54 | train 8.500157e-01 | val 8.381082e-01 |   1.394 s | best 8.381082e-01 @54 *
epoch   55 | train 8.477174e-01 | val 8.375399e-01 |   1.393 s | best 8.375399e-01 @55 *
epoch   56 | train 8.497687e-01 | val 8.368930e-01 |   1.398 s | best 8.368930e-01 @56 *
epoch   57 | train 8.495915e-01 | val 8.363367e-01 |   1.394 s | best 8.363367e-01 @57 *
epoch   58 | train 8.451860e-01 | val 8.356885e-01 |   1.399 s | best 8.356885e-01 @58 *
epoch   59 | train 8.488702e-01 | val 8.352130e-01 |   1.398 s | best 8.352130e-01 @59 *
epoch   60 | train 8.492355e-01 | val 8.346730e-01 |   1.449 s | best 8.346730e-01 @60 *
epoch   61 | train 8.448217e-01 | val 8.342856e-01 |   1.380 s | best 8.342856e-01 @61 *
epoch   62 | train 8.486774e-01 | val 8.336703e-01 |   1.377 s | best 8.336703e-01 @62 *
epoch   63 | train 8.466934e-01 | val 8.333524e-01 |   1.390 s | best 8.333524e-01 @63 *
epoch   64 | train 8.458783e-01 | val 8.329802e-01 |   1.381 s | best 8.329802e-01 @64 *
epoch   65 | train 8.431739e-01 | val 8.326535e-01 |   1.382 s | best 8.326535e-01 @65 *
epoch   66 | train 8.465428e-01 | val 8.325323e-01 |   1.427 s | best 8.325323e-01 @66 *
epoch   67 | train 8.458765e-01 | val 8.323436e-01 |   1.384 s | best 8.323436e-01 @67 *
epoch   68 | train 8.428395e-01 | val 8.321760e-01 |   1.383 s | best 8.321760e-01 @68 *
epoch   69 | train 8.455106e-01 | val 8.318476e-01 |   1.381 s | best 8.318476e-01 @69 *
epoch   70 | train 8.442866e-01 | val 8.317151e-01 |   1.385 s | best 8.317151e-01 @70 *
epoch   71 | train 8.410613e-01 | val 8.314846e-01 |   1.383 s | best 8.314846e-01 @71 *
epoch   72 | train 8.489948e-01 | val 8.313584e-01 |   1.405 s | best 8.313584e-01 @72 *
epoch   73 | train 8.439184e-01 | val 8.312415e-01 |   1.387 s | best 8.312415e-01 @73 *
epoch   74 | train 8.412732e-01 | val 8.309016e-01 |   1.380 s | best 8.309016e-01 @74 *
epoch   75 | train 8.436180e-01 | val 8.307489e-01 |   1.429 s | best 8.307489e-01 @75 *
epoch   76 | train 8.413758e-01 | val 8.305619e-01 |   1.381 s | best 8.305619e-01 @76 *
epoch   77 | train 8.422452e-01 | val 8.301917e-01 |   1.380 s | best 8.301917e-01 @77 *
epoch   78 | train 8.399373e-01 | val 8.300141e-01 |   1.378 s | best 8.300141e-01 @78 *
epoch   79 | train 8.423565e-01 | val 8.298835e-01 |   1.381 s | best 8.298835e-01 @79 *
epoch   80 | train 8.409207e-01 | val 8.297069e-01 |   1.384 s | best 8.297069e-01 @80 *
epoch   81 | train 8.420041e-01 | val 8.294851e-01 |   1.382 s | best 8.294851e-01 @81 *
epoch   82 | train 8.429147e-01 | val 8.290561e-01 |   1.388 s | best 8.290561e-01 @82 *
epoch   83 | train 8.387355e-01 | val 8.289202e-01 |   1.413 s | best 8.289202e-01 @83 *
epoch   84 | train 8.396413e-01 | val 8.288832e-01 |   1.391 s | best 8.288832e-01 @84 *
epoch   85 | train 8.419249e-01 | val 8.287021e-01 |   1.389 s | best 8.287021e-01 @85 *
epoch   86 | train 8.402716e-01 | val 8.283817e-01 |   1.395 s | best 8.283817e-01 @86 *
epoch   87 | train 8.375353e-01 | val 8.281872e-01 |   1.392 s | best 8.281872e-01 @87 *
epoch   88 | train 8.399974e-01 | val 8.280589e-01 |   1.390 s | best 8.280589e-01 @88 *
epoch   89 | train 8.398596e-01 | val 8.280345e-01 |   1.393 s | best 8.280345e-01 @89 *
epoch   90 | train 8.394699e-01 | val 8.280779e-01 |   1.388 s | best 8.280345e-01 @89
epoch   91 | train 8.362000e-01 | val 8.279309e-01 |   1.390 s | best 8.279309e-01 @91 *
epoch   92 | train 8.343563e-01 | val 8.277960e-01 |   1.434 s | best 8.277960e-01 @92 *
epoch   93 | train 8.412414e-01 | val 8.276324e-01 |   1.396 s | best 8.276324e-01 @93 *
epoch   94 | train 8.385397e-01 | val 8.275800e-01 |   1.388 s | best 8.275800e-01 @94 *
epoch   95 | train 8.378927e-01 | val 8.274972e-01 |   1.392 s | best 8.274972e-01 @95 *
epoch   96 | train 8.354712e-01 | val 8.273979e-01 |   1.393 s | best 8.273979e-01 @96 *
epoch   97 | train 8.380220e-01 | val 8.273131e-01 |   1.436 s | best 8.273131e-01 @97 *
epoch   98 | train 8.357027e-01 | val 8.273779e-01 |   1.388 s | best 8.273131e-01 @97
epoch   99 | train 8.359687e-01 | val 8.273306e-01 |   1.391 s | best 8.273131e-01 @97
epoch  100 | train 8.392702e-01 | val 8.272390e-01 |   1.395 s | best 8.272390e-01 @100 *
epoch  101 | train 8.382164e-01 | val 8.269967e-01 |   1.390 s | best 8.269967e-01 @101 *
epoch  102 | train 8.371754e-01 | val 8.268593e-01 |   1.429 s | best 8.268593e-01 @102 *
epoch  103 | train 8.372028e-01 | val 8.268501e-01 |   1.393 s | best 8.268501e-01 @103 *
epoch  104 | train 8.368869e-01 | val 8.266349e-01 |   1.387 s | best 8.266349e-01 @104 *
epoch  105 | train 8.361423e-01 | val 8.264739e-01 |   1.435 s | best 8.264739e-01 @105 *
epoch  106 | train 8.354348e-01 | val 8.263497e-01 |   1.386 s | best 8.263497e-01 @106 *
epoch  107 | train 8.382112e-01 | val 8.261395e-01 |   1.389 s | best 8.261395e-01 @107 *
epoch  108 | train 8.387457e-01 | val 8.259873e-01 |   1.388 s | best 8.259873e-01 @108 *
epoch  109 | train 8.357425e-01 | val 8.259521e-01 |   1.387 s | best 8.259521e-01 @109 *
epoch  110 | train 8.376970e-01 | val 8.258911e-01 |   1.386 s | best 8.258911e-01 @110 *
epoch  111 | train 8.351356e-01 | val 8.260231e-01 |   1.392 s | best 8.258911e-01 @110
epoch  112 | train 8.373297e-01 | val 8.262165e-01 |   1.437 s | best 8.258911e-01 @110
epoch  113 | train 8.338580e-01 | val 8.263454e-01 |   1.390 s | best 8.258911e-01 @110
epoch  114 | train 8.362230e-01 | val 8.262839e-01 |   1.395 s | best 8.258911e-01 @110
epoch  115 | train 8.368936e-01 | val 8.262594e-01 |   1.396 s | best 8.258911e-01 @110
epoch  116 | train 8.327353e-01 | val 8.259966e-01 |   1.397 s | best 8.258911e-01 @110
epoch  117 | train 8.356614e-01 | val 8.258219e-01 |   1.389 s | best 8.258219e-01 @117 *
epoch  118 | train 8.308485e-01 | val 8.257104e-01 |   1.391 s | best 8.257104e-01 @118 *
epoch  119 | train 8.364809e-01 | val 8.257645e-01 |   1.387 s | best 8.257104e-01 @118
epoch  120 | train 8.337211e-01 | val 8.257021e-01 |   1.391 s | best 8.257021e-01 @120 *
epoch  121 | train 8.333546e-01 | val 8.256686e-01 |   1.388 s | best 8.256686e-01 @121 *
epoch  122 | train 8.375817e-01 | val 8.256364e-01 |   1.388 s | best 8.256364e-01 @122 *
epoch  123 | train 8.381756e-01 | val 8.255954e-01 |   1.390 s | best 8.255954e-01 @123 *
epoch  124 | train 8.346410e-01 | val 8.255810e-01 |   1.394 s | best 8.255810e-01 @124 *
epoch  125 | train 8.356041e-01 | val 8.255567e-01 |   1.435 s | best 8.255567e-01 @125 *
epoch  126 | train 8.323755e-01 | val 8.255379e-01 |   1.435 s | best 8.255379e-01 @126 *
epoch  127 | train 8.345289e-01 | val 8.254833e-01 |   1.385 s | best 8.254833e-01 @127 *
epoch  128 | train 8.352857e-01 | val 8.254640e-01 |   1.385 s | best 8.254640e-01 @128 *
epoch  129 | train 8.324359e-01 | val 8.255430e-01 |   1.433 s | best 8.254640e-01 @128
epoch  130 | train 8.349016e-01 | val 8.254218e-01 |   1.381 s | best 8.254218e-01 @130 *
epoch  131 | train 8.312554e-01 | val 8.254861e-01 |   1.409 s | best 8.254218e-01 @130
epoch  132 | train 8.328442e-01 | val 8.255319e-01 |   1.423 s | best 8.254218e-01 @130
epoch  133 | train 8.330645e-01 | val 8.254347e-01 |   1.426 s | best 8.254218e-01 @130
epoch  134 | train 8.320332e-01 | val 8.253195e-01 |   1.421 s | best 8.253195e-01 @134 *
epoch  135 | train 8.344355e-01 | val 8.252062e-01 |   1.426 s | best 8.252062e-01 @135 *
epoch  136 | train 8.323782e-01 | val 8.251883e-01 |   1.434 s | best 8.251883e-01 @136 *
epoch  137 | train 8.316143e-01 | val 8.251242e-01 |   1.420 s | best 8.251242e-01 @137 *
epoch  138 | train 8.320586e-01 | val 8.251116e-01 |   1.420 s | best 8.251116e-01 @138 *
epoch  139 | train 8.337094e-01 | val 8.250726e-01 |   1.436 s | best 8.250726e-01 @139 *
epoch  140 | train 8.362826e-01 | val 8.250906e-01 |   1.410 s | best 8.250726e-01 @139
epoch  141 | train 8.327038e-01 | val 8.252921e-01 |   1.357 s | best 8.250726e-01 @139
epoch  142 | train 8.332475e-01 | val 8.252516e-01 |   1.349 s | best 8.250726e-01 @139
epoch  143 | train 8.321601e-01 | val 8.250850e-01 |   1.351 s | best 8.250726e-01 @139
epoch  144 | train 8.356621e-01 | val 8.249790e-01 |   1.339 s | best 8.249790e-01 @144 *
epoch  145 | train 8.340095e-01 | val 8.250765e-01 |   1.351 s | best 8.249790e-01 @144
epoch  146 | train 8.298746e-01 | val 8.250796e-01 |   1.349 s | best 8.249790e-01 @144
epoch  147 | train 8.326152e-01 | val 8.251552e-01 |   1.396 s | best 8.249790e-01 @144
epoch  148 | train 8.279225e-01 | val 8.252751e-01 |   1.346 s | best 8.249790e-01 @144
epoch  149 | train 8.322355e-01 | val 8.252054e-01 |   1.356 s | best 8.249790e-01 @144
epoch  150 | train 8.314533e-01 | val 8.252317e-01 |   1.349 s | best 8.249790e-01 @144
epoch  151 | train 8.341173e-01 | val 8.253204e-01 |   1.353 s | best 8.249790e-01 @144
epoch  152 | train 8.321307e-01 | val 8.252248e-01 |   1.351 s | best 8.249790e-01 @144
epoch  153 | train 8.281707e-01 | val 8.251550e-01 |   1.344 s | best 8.249790e-01 @144
epoch  154 | train 8.313670e-01 | val 8.250039e-01 |   1.349 s | best 8.249790e-01 @144
epoch  155 | train 8.293289e-01 | val 8.248577e-01 |   1.354 s | best 8.248577e-01 @155 *
epoch  156 | train 8.298631e-01 | val 8.249521e-01 |   1.357 s | best 8.248577e-01 @155
epoch  157 | train 8.282370e-01 | val 8.249481e-01 |   1.348 s | best 8.248577e-01 @155
epoch  158 | train 8.309378e-01 | val 8.249812e-01 |   1.358 s | best 8.248577e-01 @155
epoch  159 | train 8.342153e-01 | val 8.250704e-01 |   1.354 s | best 8.248577e-01 @155
epoch  160 | train 8.309181e-01 | val 8.249516e-01 |   1.347 s | best 8.248577e-01 @155
epoch  161 | train 8.318450e-01 | val 8.249077e-01 |   1.359 s | best 8.248577e-01 @155
epoch  162 | train 8.310935e-01 | val 8.249916e-01 |   1.364 s | best 8.248577e-01 @155
epoch  163 | train 8.291415e-01 | val 8.251432e-01 |   1.461 s | best 8.248577e-01 @155
epoch  164 | train 8.277752e-01 | val 8.252900e-01 |   1.396 s | best 8.248577e-01 @155
epoch  165 | train 8.335425e-01 | val 8.251341e-01 |   1.388 s | best 8.248577e-01 @155
epoch  166 | train 8.311099e-01 | val 8.251199e-01 |   1.387 s | best 8.248577e-01 @155
epoch  167 | train 8.292011e-01 | val 8.250191e-01 |   1.395 s | best 8.248577e-01 @155
epoch  168 | train 8.298600e-01 | val 8.249988e-01 |   1.392 s | best 8.248577e-01 @155
epoch  169 | train 8.323365e-01 | val 8.252439e-01 |   1.395 s | best 8.248577e-01 @155
epoch  170 | train 8.302084e-01 | val 8.253621e-01 |   1.395 s | best 8.248577e-01 @155
# done        : 170 epochs, stopped_by=patience, aborted=False, best val 8.248577e-01 @ epoch 155, wall 262.0 s, 1.541 s/epoch
