
# ===== 2026-09-20 15:58:53 KST  HPO attempt 62  testbed D1 prior S  Nr=8 Nt=4
# DEVICE      : cuda | cuda_available=True | NVIDIA RTX PRO 6000 Blackwell Server Edition | torch 2.14.0+cu130 | train dtype float32 (01_RULES §9.5)
# data        : n_train=9000 n_val=1000 split_hash=98d6225d67f9c15a E||H||_F^2/(NrNt)=1.000268 (04_SPEC §2)
# sigma grid  : MEASURED, 20 points, log-uniform draw over [3.2936e-02, 7.9084e-01]
# hp          : {'arch': 'adm', 'param': 've', 'domain': 'pixel', 'lr': 0.001672728168908958, 'ema': 0.9999, 'batch': 128, 'emb': 256, 'width': 64, 'depth': 2, 'heads': 2, 'attn_at': 8}  params=5056578
# stopping    : patience 15 on val loss, never before 0 epochs, max 600 (01_RULES §5)
epoch    1 | train 8.116634e-01 | val 9.879488e-01 |   2.853 s | best 9.879488e-01 @1 *
epoch    2 | train 7.721692e-01 | val 9.847892e-01 |   2.865 s | best 9.847892e-01 @2 *
epoch    3 | train 7.652302e-01 | val 9.815513e-01 |   2.851 s | best 9.815513e-01 @3 *
epoch    4 | train 7.571406e-01 | val 9.782118e-01 |   2.831 s | best 9.782118e-01 @4 *
epoch    5 | train 7.536142e-01 | val 9.747493e-01 |   2.852 s | best 9.747493e-01 @5 *
epoch    6 | train 7.537971e-01 | val 9.711854e-01 |   2.847 s | best 9.711854e-01 @6 *
epoch    7 | train 7.547011e-01 | val 9.675082e-01 |   2.868 s | best 9.675082e-01 @7 *
epoch    8 | train 7.508592e-01 | val 9.637300e-01 |   2.904 s | best 9.637300e-01 @8 *
epoch    9 | train 7.462411e-01 | val 9.598622e-01 |   2.850 s | best 9.598622e-01 @9 *
epoch   10 | train 7.475287e-01 | val 9.558727e-01 |   2.850 s | best 9.558727e-01 @10 *
epoch   11 | train 7.515807e-01 | val 9.517905e-01 |   2.848 s | best 9.517905e-01 @11 *
epoch   12 | train 7.472122e-01 | val 9.476259e-01 |   2.883 s | best 9.476259e-01 @12 *
epoch   13 | train 7.468602e-01 | val 9.433801e-01 |   2.908 s | best 9.433801e-01 @13 *
epoch   14 | train 7.473473e-01 | val 9.391450e-01 |   2.910 s | best 9.391450e-01 @14 *
epoch   15 | train 7.444069e-01 | val 9.349226e-01 |   2.864 s | best 9.349226e-01 @15 *
epoch   16 | train 7.499572e-01 | val 9.307765e-01 |   2.908 s | best 9.307765e-01 @16 *
epoch   17 | train 7.434396e-01 | val 9.267311e-01 |   2.846 s | best 9.267311e-01 @17 *
epoch   18 | train 7.523639e-01 | val 9.228390e-01 |   2.851 s | best 9.228390e-01 @18 *
epoch   19 | train 7.458898e-01 | val 9.191928e-01 |   2.760 s | best 9.191928e-01 @19 *
epoch   20 | train 7.456273e-01 | val 9.157677e-01 |   2.776 s | best 9.157677e-01 @20 *
epoch   21 | train 7.502229e-01 | val 9.126040e-01 |   2.766 s | best 9.126040e-01 @21 *
epoch   22 | train 7.439484e-01 | val 9.096536e-01 |   2.759 s | best 9.096536e-01 @22 *
epoch   23 | train 7.502995e-01 | val 9.068842e-01 |   2.766 s | best 9.068842e-01 @23 *
epoch   24 | train 7.448315e-01 | val 9.042841e-01 |   2.783 s | best 9.042841e-01 @24 *
epoch   25 | train 7.427990e-01 | val 9.018209e-01 |   2.759 s | best 9.018209e-01 @25 *
epoch   26 | train 7.481192e-01 | val 8.995380e-01 |   2.776 s | best 8.995380e-01 @26 *
epoch   27 | train 7.455792e-01 | val 8.973660e-01 |   2.781 s | best 8.973660e-01 @27 *
epoch   28 | train 7.460568e-01 | val 8.953677e-01 |   2.774 s | best 8.953677e-01 @28 *
epoch   29 | train 7.498458e-01 | val 8.933763e-01 |   2.770 s | best 8.933763e-01 @29 *
epoch   30 | train 7.449028e-01 | val 8.914229e-01 |   2.772 s | best 8.914229e-01 @30 *
epoch   31 | train 7.524457e-01 | val 8.895707e-01 |   2.775 s | best 8.895707e-01 @31 *
epoch   32 | train 7.436985e-01 | val 8.877705e-01 |   2.781 s | best 8.877705e-01 @32 *
epoch   33 | train 7.418074e-01 | val 8.860496e-01 |   2.800 s | best 8.860496e-01 @33 *
epoch   34 | train 7.449423e-01 | val 8.843982e-01 |   2.775 s | best 8.843982e-01 @34 *
epoch   35 | train 7.462354e-01 | val 8.827655e-01 |   2.774 s | best 8.827655e-01 @35 *
epoch   36 | train 7.456442e-01 | val 8.810987e-01 |   2.778 s | best 8.810987e-01 @36 *
epoch   37 | train 7.457735e-01 | val 8.794113e-01 |   2.847 s | best 8.794113e-01 @37 *
epoch   38 | train 7.508584e-01 | val 8.778138e-01 |   2.892 s | best 8.778138e-01 @38 *
epoch   39 | train 7.463637e-01 | val 8.762017e-01 |   2.699 s | best 8.762017e-01 @39 *
epoch   40 | train 7.430396e-01 | val 8.745601e-01 |   2.896 s | best 8.745601e-01 @40 *
epoch   41 | train 7.437420e-01 | val 8.729517e-01 |   2.902 s | best 8.729517e-01 @41 *
epoch   42 | train 7.442198e-01 | val 8.714085e-01 |   2.892 s | best 8.714085e-01 @42 *
epoch   43 | train 7.458263e-01 | val 8.697659e-01 |   2.895 s | best 8.697659e-01 @43 *
epoch   44 | train 7.404991e-01 | val 8.680511e-01 |   2.878 s | best 8.680511e-01 @44 *
epoch   45 | train 7.442544e-01 | val 8.662999e-01 |   2.900 s | best 8.662999e-01 @45 *
epoch   46 | train 7.473427e-01 | val 8.644307e-01 |   2.895 s | best 8.644307e-01 @46 *
epoch   47 | train 7.466647e-01 | val 8.625343e-01 |   2.889 s | best 8.625343e-01 @47 *
epoch   48 | train 7.465431e-01 | val 8.606434e-01 |   2.413 s | best 8.606434e-01 @48 *
epoch   49 | train 7.517846e-01 | val 8.588231e-01 |   2.979 s | best 8.588231e-01 @49 *
epoch   50 | train 7.500658e-01 | val 8.571048e-01 |   2.928 s | best 8.571048e-01 @50 *
epoch   51 | train 7.418971e-01 | val 8.553039e-01 |   2.934 s | best 8.553039e-01 @51 *
epoch   52 | train 7.460252e-01 | val 8.534069e-01 |   2.902 s | best 8.534069e-01 @52 *
epoch   53 | train 7.457984e-01 | val 8.516167e-01 |   2.906 s | best 8.516167e-01 @53 *
epoch   54 | train 7.459043e-01 | val 8.498403e-01 |   2.951 s | best 8.498403e-01 @54 *
epoch   55 | train 7.503205e-01 | val 8.481607e-01 |   2.886 s | best 8.481607e-01 @55 *
epoch   56 | train 7.476226e-01 | val 8.463668e-01 |   2.907 s | best 8.463668e-01 @56 *
epoch   57 | train 7.462752e-01 | val 8.446485e-01 |   2.872 s | best 8.446485e-01 @57 *
epoch   58 | train 7.518136e-01 | val 8.429015e-01 |   2.957 s | best 8.429015e-01 @58 *
epoch   59 | train 7.460037e-01 | val 8.412293e-01 |   2.938 s | best 8.412293e-01 @59 *
epoch   60 | train 7.442986e-01 | val 8.395735e-01 |   2.895 s | best 8.395735e-01 @60 *
epoch   61 | train 7.486039e-01 | val 8.381482e-01 |   2.949 s | best 8.381482e-01 @61 *
epoch   62 | train 7.435300e-01 | val 8.368167e-01 |   2.964 s | best 8.368167e-01 @62 *
epoch   63 | train 7.469786e-01 | val 8.354611e-01 |   2.899 s | best 8.354611e-01 @63 *
epoch   64 | train 7.465411e-01 | val 8.341043e-01 |   2.879 s | best 8.341043e-01 @64 *
epoch   65 | train 7.474973e-01 | val 8.327872e-01 |   2.797 s | best 8.327872e-01 @65 *
epoch   66 | train 7.545509e-01 | val 8.316382e-01 |   2.830 s | best 8.316382e-01 @66 *
epoch   67 | train 7.481513e-01 | val 8.305460e-01 |   2.897 s | best 8.305460e-01 @67 *
epoch   68 | train 7.474779e-01 | val 8.295724e-01 |   2.831 s | best 8.295724e-01 @68 *
epoch   69 | train 7.521821e-01 | val 8.287797e-01 |   2.816 s | best 8.287797e-01 @69 *
epoch   70 | train 7.497750e-01 | val 8.279432e-01 |   2.870 s | best 8.279432e-01 @70 *
epoch   71 | train 7.571903e-01 | val 8.267648e-01 |   2.880 s | best 8.267648e-01 @71 *
epoch   72 | train 7.599555e-01 | val 8.256154e-01 |   2.887 s | best 8.256154e-01 @72 *
epoch   73 | train 7.515083e-01 | val 8.245759e-01 |   2.810 s | best 8.245759e-01 @73 *
epoch   74 | train 7.545315e-01 | val 8.236071e-01 |   2.880 s | best 8.236071e-01 @74 *
epoch   75 | train 7.496034e-01 | val 8.231965e-01 |   2.816 s | best 8.231965e-01 @75 *
epoch   76 | train 7.448867e-01 | val 8.230514e-01 |   2.838 s | best 8.230514e-01 @76 *
epoch   77 | train 7.596251e-01 | val 8.225851e-01 |   2.817 s | best 8.225851e-01 @77 *
epoch   78 | train 7.494433e-01 | val 8.217858e-01 |   2.889 s | best 8.217858e-01 @78 *
epoch   79 | train 7.491365e-01 | val 8.210278e-01 |   2.872 s | best 8.210278e-01 @79 *
epoch   80 | train 7.470212e-01 | val 8.202938e-01 |   2.886 s | best 8.202938e-01 @80 *
epoch   81 | train 7.468090e-01 | val 8.195110e-01 |   2.886 s | best 8.195110e-01 @81 *
epoch   82 | train 7.471274e-01 | val 8.187463e-01 |   2.865 s | best 8.187463e-01 @82 *
epoch   83 | train 7.418273e-01 | val 8.179829e-01 |   2.787 s | best 8.179829e-01 @83 *
epoch   84 | train 7.458549e-01 | val 8.171830e-01 |   2.846 s | best 8.171830e-01 @84 *
epoch   85 | train 7.476675e-01 | val 8.163733e-01 |   2.794 s | best 8.163733e-01 @85 *
epoch   86 | train 7.445650e-01 | val 8.154538e-01 |   2.821 s | best 8.154538e-01 @86 *
epoch   87 | train 7.418293e-01 | val 8.145537e-01 |   2.857 s | best 8.145537e-01 @87 *
epoch   88 | train 7.457373e-01 | val 8.136405e-01 |   2.794 s | best 8.136405e-01 @88 *
epoch   89 | train 7.450660e-01 | val 8.127348e-01 |   2.859 s | best 8.127348e-01 @89 *
epoch   90 | train 7.451549e-01 | val 8.118225e-01 |   2.824 s | best 8.118225e-01 @90 *
epoch   91 | train 7.441363e-01 | val 8.108927e-01 |   2.871 s | best 8.108927e-01 @91 *
epoch   92 | train 7.388215e-01 | val 8.099584e-01 |   2.790 s | best 8.099584e-01 @92 *
epoch   93 | train 7.458387e-01 | val 8.090404e-01 |   2.781 s | best 8.090404e-01 @93 *
epoch   94 | train 7.445902e-01 | val 8.080367e-01 |   2.817 s | best 8.080367e-01 @94 *
epoch   95 | train 7.467204e-01 | val 8.070518e-01 |   2.842 s | best 8.070518e-01 @95 *
epoch   96 | train 7.432040e-01 | val 8.060667e-01 |   2.842 s | best 8.060667e-01 @96 *
epoch   97 | train 7.448135e-01 | val 8.050570e-01 |   2.846 s | best 8.050570e-01 @97 *
epoch   98 | train 7.417641e-01 | val 8.040771e-01 |   2.942 s | best 8.040771e-01 @98 *
epoch   99 | train 7.384738e-01 | val 8.031404e-01 |   2.913 s | best 8.031404e-01 @99 *
epoch  100 | train 7.426910e-01 | val 8.021975e-01 |   3.018 s | best 8.021975e-01 @100 *
epoch  101 | train 7.444322e-01 | val 8.012142e-01 |   2.856 s | best 8.012142e-01 @101 *
epoch  102 | train 7.435287e-01 | val 8.002417e-01 |   2.896 s | best 8.002417e-01 @102 *
epoch  103 | train 7.472953e-01 | val 7.992665e-01 |   2.889 s | best 7.992665e-01 @103 *
epoch  104 | train 7.450017e-01 | val 7.982489e-01 |   2.836 s | best 7.982489e-01 @104 *
epoch  105 | train 7.431131e-01 | val 7.972492e-01 |   2.833 s | best 7.972492e-01 @105 *
epoch  106 | train 7.423148e-01 | val 7.962603e-01 |   2.847 s | best 7.962603e-01 @106 *
epoch  107 | train 7.418309e-01 | val 7.952513e-01 |   2.833 s | best 7.952513e-01 @107 *
epoch  108 | train 7.464260e-01 | val 7.941979e-01 |   2.829 s | best 7.941979e-01 @108 *
epoch  109 | train 7.483601e-01 | val 7.931232e-01 |   2.833 s | best 7.931232e-01 @109 *
epoch  110 | train 7.415296e-01 | val 7.920632e-01 |   2.836 s | best 7.920632e-01 @110 *
epoch  111 | train 7.411849e-01 | val 7.910054e-01 |   2.836 s | best 7.910054e-01 @111 *
epoch  112 | train 7.451284e-01 | val 7.899509e-01 |   2.907 s | best 7.899509e-01 @112 *
epoch  113 | train 7.482700e-01 | val 7.889390e-01 |   2.842 s | best 7.889390e-01 @113 *
epoch  114 | train 7.442153e-01 | val 7.879542e-01 |   2.891 s | best 7.879542e-01 @114 *
epoch  115 | train 7.412496e-01 | val 7.869783e-01 |   2.835 s | best 7.869783e-01 @115 *
epoch  116 | train 7.510296e-01 | val 7.859118e-01 |   2.843 s | best 7.859118e-01 @116 *
epoch  117 | train 7.473584e-01 | val 7.847852e-01 |   2.833 s | best 7.847852e-01 @117 *
epoch  118 | train 7.473497e-01 | val 7.837072e-01 |   2.846 s | best 7.837072e-01 @118 *
epoch  119 | train 7.426082e-01 | val 7.826730e-01 |   2.841 s | best 7.826730e-01 @119 *
epoch  120 | train 7.415560e-01 | val 7.816358e-01 |   2.840 s | best 7.816358e-01 @120 *
epoch  121 | train 7.422194e-01 | val 7.806106e-01 |   2.831 s | best 7.806106e-01 @121 *
epoch  122 | train 7.493984e-01 | val 7.797491e-01 |   2.833 s | best 7.797491e-01 @122 *
epoch  123 | train 7.432346e-01 | val 7.788844e-01 |   2.914 s | best 7.788844e-01 @123 *
epoch  124 | train 7.412882e-01 | val 7.780066e-01 |   2.832 s | best 7.780066e-01 @124 *
epoch  125 | train 7.436570e-01 | val 7.771125e-01 |   2.903 s | best 7.771125e-01 @125 *
epoch  126 | train 7.494993e-01 | val 7.761877e-01 |   2.841 s | best 7.761877e-01 @126 *
epoch  127 | train 7.463988e-01 | val 7.753062e-01 |   2.816 s | best 7.753062e-01 @127 *
epoch  128 | train 7.471326e-01 | val 7.744539e-01 |   2.842 s | best 7.744539e-01 @128 *
epoch  129 | train 7.447500e-01 | val 7.736196e-01 |   2.881 s | best 7.736196e-01 @129 *
epoch  130 | train 7.403531e-01 | val 7.727683e-01 |   2.821 s | best 7.727683e-01 @130 *
epoch  131 | train 7.416007e-01 | val 7.718854e-01 |   2.811 s | best 7.718854e-01 @131 *
epoch  132 | train 7.425267e-01 | val 7.710186e-01 |   2.816 s | best 7.710186e-01 @132 *
epoch  133 | train 7.444037e-01 | val 7.701553e-01 |   2.805 s | best 7.701553e-01 @133 *
epoch  134 | train 7.461659e-01 | val 7.692943e-01 |   2.861 s | best 7.692943e-01 @134 *
epoch  135 | train 7.439704e-01 | val 7.684520e-01 |   2.809 s | best 7.684520e-01 @135 *
epoch  136 | train 7.439957e-01 | val 7.676301e-01 |   2.805 s | best 7.676301e-01 @136 *
epoch  137 | train 7.461205e-01 | val 7.668267e-01 |   2.819 s | best 7.668267e-01 @137 *
epoch  138 | train 7.415797e-01 | val 7.660402e-01 |   2.815 s | best 7.660402e-01 @138 *
epoch  139 | train 7.447613e-01 | val 7.652871e-01 |   2.804 s | best 7.652871e-01 @139 *
epoch  140 | train 7.429119e-01 | val 7.645611e-01 |   2.805 s | best 7.645611e-01 @140 *
epoch  141 | train 7.471565e-01 | val 7.638199e-01 |   2.801 s | best 7.638199e-01 @141 *
epoch  142 | train 7.451347e-01 | val 7.630911e-01 |   2.825 s | best 7.630911e-01 @142 *
epoch  143 | train 7.469216e-01 | val 7.623792e-01 |   2.809 s | best 7.623792e-01 @143 *
epoch  144 | train 7.353639e-01 | val 7.616925e-01 |   2.886 s | best 7.616925e-01 @144 *
epoch  145 | train 7.409056e-01 | val 7.610195e-01 |   2.914 s | best 7.610195e-01 @145 *
epoch  146 | train 7.423987e-01 | val 7.603567e-01 |   3.008 s | best 7.603567e-01 @146 *
epoch  147 | train 7.408532e-01 | val 7.597212e-01 |   2.947 s | best 7.597212e-01 @147 *
epoch  148 | train 7.416739e-01 | val 7.590606e-01 |   2.863 s | best 7.590606e-01 @148 *
epoch  149 | train 7.416082e-01 | val 7.584015e-01 |   2.817 s | best 7.584015e-01 @149 *
epoch  150 | train 7.487220e-01 | val 7.577354e-01 |   2.667 s | best 7.577354e-01 @150 *
epoch  151 | train 7.458195e-01 | val 7.571156e-01 |   2.521 s | best 7.571156e-01 @151 *
epoch  152 | train 7.422831e-01 | val 7.564918e-01 |   2.825 s | best 7.564918e-01 @152 *
epoch  153 | train 7.415626e-01 | val 7.558916e-01 |   2.705 s | best 7.558916e-01 @153 *
epoch  154 | train 7.446963e-01 | val 7.552701e-01 |   2.801 s | best 7.552701e-01 @154 *
epoch  155 | train 7.461966e-01 | val 7.546393e-01 |   2.879 s | best 7.546393e-01 @155 *
epoch  156 | train 7.447299e-01 | val 7.540548e-01 |   2.672 s | best 7.540548e-01 @156 *
epoch  157 | train 7.391294e-01 | val 7.534940e-01 |   2.801 s | best 7.534940e-01 @157 *
epoch  158 | train 7.416683e-01 | val 7.529730e-01 |   2.798 s | best 7.529730e-01 @158 *
epoch  159 | train 7.486753e-01 | val 7.524651e-01 |   2.814 s | best 7.524651e-01 @159 *
epoch  160 | train 7.420662e-01 | val 7.519600e-01 |   2.806 s | best 7.519600e-01 @160 *
epoch  161 | train 7.425776e-01 | val 7.514521e-01 |   2.885 s | best 7.514521e-01 @161 *
epoch  162 | train 7.401501e-01 | val 7.509544e-01 |   2.829 s | best 7.509544e-01 @162 *
epoch  163 | train 7.441685e-01 | val 7.504717e-01 |   2.888 s | best 7.504717e-01 @163 *
epoch  164 | train 7.482928e-01 | val 7.499710e-01 |   2.650 s | best 7.499710e-01 @164 *
epoch  165 | train 7.441219e-01 | val 7.494904e-01 |   2.846 s | best 7.494904e-01 @165 *
epoch  166 | train 7.475264e-01 | val 7.490395e-01 |   2.909 s | best 7.490395e-01 @166 *
epoch  167 | train 7.395777e-01 | val 7.485837e-01 |   2.854 s | best 7.485837e-01 @167 *
epoch  168 | train 7.489404e-01 | val 7.481341e-01 |   2.856 s | best 7.481341e-01 @168 *
epoch  169 | train 7.429219e-01 | val 7.476941e-01 |   2.912 s | best 7.476941e-01 @169 *
epoch  170 | train 7.444232e-01 | val 7.472718e-01 |   2.850 s | best 7.472718e-01 @170 *
epoch  171 | train 7.462756e-01 | val 7.468601e-01 |   2.850 s | best 7.468601e-01 @171 *
epoch  172 | train 7.422108e-01 | val 7.464751e-01 |   2.849 s | best 7.464751e-01 @172 *
epoch  173 | train 7.441467e-01 | val 7.460746e-01 |   2.924 s | best 7.460746e-01 @173 *
epoch  174 | train 7.406242e-01 | val 7.456658e-01 |   2.854 s | best 7.456658e-01 @174 *
epoch  175 | train 7.395014e-01 | val 7.452816e-01 |   2.862 s | best 7.452816e-01 @175 *
epoch  176 | train 7.439900e-01 | val 7.449103e-01 |   2.857 s | best 7.449103e-01 @176 *
epoch  177 | train 7.440729e-01 | val 7.445509e-01 |   2.914 s | best 7.445509e-01 @177 *
epoch  178 | train 7.471888e-01 | val 7.441648e-01 |   2.925 s | best 7.441648e-01 @178 *
epoch  179 | train 7.420033e-01 | val 7.437776e-01 |   2.862 s | best 7.437776e-01 @179 *
epoch  180 | train 7.413893e-01 | val 7.434033e-01 |   2.873 s | best 7.434033e-01 @180 *
epoch  181 | train 7.426348e-01 | val 7.430500e-01 |   2.853 s | best 7.430500e-01 @181 *
epoch  182 | train 7.503693e-01 | val 7.427230e-01 |   2.723 s | best 7.427230e-01 @182 *
epoch  183 | train 7.465773e-01 | val 7.424240e-01 |   2.881 s | best 7.424240e-01 @183 *
epoch  184 | train 7.441391e-01 | val 7.421171e-01 |   2.837 s | best 7.421171e-01 @184 *
epoch  185 | train 7.416629e-01 | val 7.418092e-01 |   2.772 s | best 7.418092e-01 @185 *
epoch  186 | train 7.475559e-01 | val 7.414937e-01 |   2.775 s | best 7.414937e-01 @186 *
epoch  187 | train 7.429931e-01 | val 7.411923e-01 |   2.765 s | best 7.411923e-01 @187 *
epoch  188 | train 7.424752e-01 | val 7.408965e-01 |   2.813 s | best 7.408965e-01 @188 *
epoch  189 | train 7.473269e-01 | val 7.406006e-01 |   2.761 s | best 7.406006e-01 @189 *
epoch  190 | train 7.401193e-01 | val 7.403344e-01 |   2.760 s | best 7.403344e-01 @190 *
epoch  191 | train 7.442972e-01 | val 7.400649e-01 |   2.754 s | best 7.400649e-01 @191 *
epoch  192 | train 7.398041e-01 | val 7.398199e-01 |   2.825 s | best 7.398199e-01 @192 *
epoch  193 | train 7.405172e-01 | val 7.395735e-01 |   2.767 s | best 7.395735e-01 @193 *
epoch  194 | train 7.397752e-01 | val 7.393183e-01 |   2.772 s | best 7.393183e-01 @194 *
epoch  195 | train 7.381437e-01 | val 7.390776e-01 |   2.836 s | best 7.390776e-01 @195 *
epoch  196 | train 7.404983e-01 | val 7.388500e-01 |   2.871 s | best 7.388500e-01 @196 *
epoch  197 | train 7.513777e-01 | val 7.386088e-01 |   2.917 s | best 7.386088e-01 @197 *
epoch  198 | train 7.487533e-01 | val 7.383485e-01 |   2.880 s | best 7.383485e-01 @198 *
epoch  199 | train 7.414268e-01 | val 7.381122e-01 |   2.862 s | best 7.381122e-01 @199 *
epoch  200 | train 7.431002e-01 | val 7.378892e-01 |   2.926 s | best 7.378892e-01 @200 *
epoch  201 | train 7.399863e-01 | val 7.376633e-01 |   2.727 s | best 7.376633e-01 @201 *
epoch  202 | train 7.404944e-01 | val 7.374479e-01 |   2.965 s | best 7.374479e-01 @202 *
epoch  203 | train 7.432001e-01 | val 7.372363e-01 |   2.880 s | best 7.372363e-01 @203 *
epoch  204 | train 7.456452e-01 | val 7.370254e-01 |   2.614 s | best 7.370254e-01 @204 *
epoch  205 | train 7.409941e-01 | val 7.368454e-01 |   2.883 s | best 7.368454e-01 @205 *
epoch  206 | train 7.419586e-01 | val 7.366650e-01 |   2.906 s | best 7.366650e-01 @206 *
epoch  207 | train 7.381627e-01 | val 7.364731e-01 |   2.848 s | best 7.364731e-01 @207 *
epoch  208 | train 7.428416e-01 | val 7.362854e-01 |   2.833 s | best 7.362854e-01 @208 *
epoch  209 | train 7.431274e-01 | val 7.360926e-01 |   2.819 s | best 7.360926e-01 @209 *
epoch  210 | train 7.432556e-01 | val 7.359231e-01 |   2.823 s | best 7.359231e-01 @210 *
epoch  211 | train 7.444099e-01 | val 7.357494e-01 |   2.816 s | best 7.357494e-01 @211 *
epoch  212 | train 7.446884e-01 | val 7.355658e-01 |   2.836 s | best 7.355658e-01 @212 *
epoch  213 | train 7.440719e-01 | val 7.353880e-01 |   2.874 s | best 7.353880e-01 @213 *
epoch  214 | train 7.435105e-01 | val 7.352121e-01 |   2.867 s | best 7.352121e-01 @214 *
epoch  215 | train 7.459593e-01 | val 7.350701e-01 |   2.804 s | best 7.350701e-01 @215 *
epoch  216 | train 7.455693e-01 | val 7.349095e-01 |   2.808 s | best 7.349095e-01 @216 *
epoch  217 | train 7.644368e-01 | val 7.347018e-01 |   2.790 s | best 7.347018e-01 @217 *
epoch  218 | train 7.564735e-01 | val 7.344950e-01 |   2.869 s | best 7.344950e-01 @218 *
epoch  219 | train 7.505758e-01 | val 7.343050e-01 |   2.917 s | best 7.343050e-01 @219 *
epoch  220 | train 7.498361e-01 | val 7.341360e-01 |   2.861 s | best 7.341360e-01 @220 *
epoch  221 | train 7.492039e-01 | val 7.339903e-01 |   2.840 s | best 7.339903e-01 @221 *
epoch  222 | train 7.459753e-01 | val 7.338475e-01 |   2.851 s | best 7.338475e-01 @222 *
epoch  223 | train 7.387734e-01 | val 7.337177e-01 |   2.850 s | best 7.337177e-01 @223 *
epoch  224 | train 7.430165e-01 | val 7.335984e-01 |   2.849 s | best 7.335984e-01 @224 *
epoch  225 | train 7.470392e-01 | val 7.334846e-01 |   2.845 s | best 7.334846e-01 @225 *
epoch  226 | train 7.498451e-01 | val 7.333877e-01 |   2.833 s | best 7.333877e-01 @226 *
epoch  227 | train 7.465265e-01 | val 7.332860e-01 |   2.600 s | best 7.332860e-01 @227 *
epoch  228 | train 7.487400e-01 | val 7.332057e-01 |   2.807 s | best 7.332057e-01 @228 *
epoch  229 | train 7.443467e-01 | val 7.331074e-01 |   2.813 s | best 7.331074e-01 @229 *
epoch  230 | train 7.450855e-01 | val 7.330209e-01 |   2.804 s | best 7.330209e-01 @230 *
epoch  231 | train 7.462376e-01 | val 7.329543e-01 |   2.816 s | best 7.329543e-01 @231 *
epoch  232 | train 7.493029e-01 | val 7.329007e-01 |   2.853 s | best 7.329007e-01 @232 *
epoch  233 | train 7.491817e-01 | val 7.328488e-01 |   2.804 s | best 7.328488e-01 @233 *
epoch  234 | train 7.418565e-01 | val 7.327960e-01 |   2.798 s | best 7.327960e-01 @234 *
epoch  235 | train 7.404630e-01 | val 7.327480e-01 |   2.803 s | best 7.327480e-01 @235 *
epoch  236 | train 7.419982e-01 | val 7.327157e-01 |   2.793 s | best 7.327157e-01 @236 *
epoch  237 | train 7.421697e-01 | val 7.326837e-01 |   2.805 s | best 7.326837e-01 @237 *
epoch  238 | train 7.405926e-01 | val 7.326434e-01 |   2.865 s | best 7.326434e-01 @238 *
epoch  239 | train 7.417068e-01 | val 7.326002e-01 |   2.876 s | best 7.326002e-01 @239 *
epoch  240 | train 7.438010e-01 | val 7.325619e-01 |   2.949 s | best 7.325619e-01 @240 *
epoch  241 | train 7.414865e-01 | val 7.325109e-01 |   2.926 s | best 7.325109e-01 @241 *
epoch  242 | train 7.426309e-01 | val 7.324750e-01 |   2.975 s | best 7.324750e-01 @242 *
epoch  243 | train 7.487806e-01 | val 7.324379e-01 |   2.713 s | best 7.324379e-01 @243 *
epoch  244 | train 7.381726e-01 | val 7.324044e-01 |   2.863 s | best 7.324044e-01 @244 *
epoch  245 | train 7.402809e-01 | val 7.323714e-01 |   2.883 s | best 7.323714e-01 @245 *
epoch  246 | train 7.367576e-01 | val 7.323374e-01 |   2.938 s | best 7.323374e-01 @246 *
epoch  247 | train 7.432574e-01 | val 7.322984e-01 |   2.959 s | best 7.322984e-01 @247 *
epoch  248 | train 7.409355e-01 | val 7.322471e-01 |   2.959 s | best 7.322471e-01 @248 *
epoch  249 | train 7.448196e-01 | val 7.321997e-01 |   2.960 s | best 7.321997e-01 @249 *
epoch  250 | train 7.458521e-01 | val 7.321565e-01 |   2.969 s | best 7.321565e-01 @250 *
epoch  251 | train 7.426902e-01 | val 7.321184e-01 |   2.937 s | best 7.321184e-01 @251 *
epoch  252 | train 7.457434e-01 | val 7.320688e-01 |   2.948 s | best 7.320688e-01 @252 *
epoch  253 | train 7.467528e-01 | val 7.320260e-01 |   2.937 s | best 7.320260e-01 @253 *
epoch  254 | train 7.366855e-01 | val 7.319934e-01 |   2.937 s | best 7.319934e-01 @254 *
epoch  255 | train 7.454427e-01 | val 7.319606e-01 |   2.911 s | best 7.319606e-01 @255 *
epoch  256 | train 7.459105e-01 | val 7.319295e-01 |   2.826 s | best 7.319295e-01 @256 *
epoch  257 | train 7.425419e-01 | val 7.318933e-01 |   2.898 s | best 7.318933e-01 @257 *
epoch  258 | train 7.430474e-01 | val 7.318634e-01 |   2.840 s | best 7.318634e-01 @258 *
epoch  259 | train 7.421918e-01 | val 7.318268e-01 |   2.885 s | best 7.318268e-01 @259 *
epoch  260 | train 7.413552e-01 | val 7.317979e-01 |   2.832 s | best 7.317979e-01 @260 *
epoch  261 | train 7.345226e-01 | val 7.317756e-01 |   2.831 s | best 7.317756e-01 @261 *
epoch  262 | train 7.388441e-01 | val 7.317364e-01 |   2.891 s | best 7.317364e-01 @262 *
epoch  263 | train 7.391985e-01 | val 7.317072e-01 |   2.858 s | best 7.317072e-01 @263 *
epoch  264 | train 7.426562e-01 | val 7.316762e-01 |   2.854 s | best 7.316762e-01 @264 *
epoch  265 | train 7.422729e-01 | val 7.316564e-01 |   2.851 s | best 7.316564e-01 @265 *
epoch  266 | train 7.438757e-01 | val 7.316294e-01 |   2.852 s | best 7.316294e-01 @266 *
epoch  267 | train 7.399332e-01 | val 7.316074e-01 |   2.866 s | best 7.316074e-01 @267 *
epoch  268 | train 7.455888e-01 | val 7.315829e-01 |   2.860 s | best 7.315829e-01 @268 *
epoch  269 | train 7.438123e-01 | val 7.315643e-01 |   2.856 s | best 7.315643e-01 @269 *
epoch  270 | train 7.449736e-01 | val 7.315466e-01 |   2.903 s | best 7.315466e-01 @270 *
epoch  271 | train 7.413856e-01 | val 7.315207e-01 |   2.853 s | best 7.315207e-01 @271 *
epoch  272 | train 7.420912e-01 | val 7.315028e-01 |   2.915 s | best 7.315028e-01 @272 *
epoch  273 | train 7.417684e-01 | val 7.314845e-01 |   2.861 s | best 7.314845e-01 @273 *
epoch  274 | train 7.421347e-01 | val 7.314668e-01 |   2.856 s | best 7.314668e-01 @274 *
epoch  275 | train 7.480100e-01 | val 7.314405e-01 |   2.855 s | best 7.314405e-01 @275 *
epoch  276 | train 7.443281e-01 | val 7.314103e-01 |   2.843 s | best 7.314103e-01 @276 *
epoch  277 | train 7.433351e-01 | val 7.313866e-01 |   2.825 s | best 7.313866e-01 @277 *
epoch  278 | train 7.415695e-01 | val 7.313679e-01 |   2.832 s | best 7.313679e-01 @278 *
epoch  279 | train 7.466340e-01 | val 7.313384e-01 |   2.834 s | best 7.313384e-01 @279 *
epoch  280 | train 7.437296e-01 | val 7.313056e-01 |   2.825 s | best 7.313056e-01 @280 *
epoch  281 | train 7.467384e-01 | val 7.312832e-01 |   2.839 s | best 7.312832e-01 @281 *
epoch  282 | train 7.463434e-01 | val 7.312552e-01 |   2.837 s | best 7.312552e-01 @282 *
epoch  283 | train 7.447720e-01 | val 7.312303e-01 |   2.817 s | best 7.312303e-01 @283 *
epoch  284 | train 7.374776e-01 | val 7.312078e-01 |   2.819 s | best 7.312078e-01 @284 *
epoch  285 | train 7.360148e-01 | val 7.311847e-01 |   2.873 s | best 7.311847e-01 @285 *
epoch  286 | train 7.403874e-01 | val 7.311579e-01 |   2.894 s | best 7.311579e-01 @286 *
epoch  287 | train 7.427587e-01 | val 7.311303e-01 |   2.819 s | best 7.311303e-01 @287 *
epoch  288 | train 7.373210e-01 | val 7.311103e-01 |   2.820 s | best 7.311103e-01 @288 *
epoch  289 | train 7.469900e-01 | val 7.311001e-01 |   2.856 s | best 7.311001e-01 @289 *
epoch  290 | train 7.476195e-01 | val 7.310883e-01 |   2.831 s | best 7.310883e-01 @290 *
epoch  291 | train 7.422422e-01 | val 7.310755e-01 |   2.880 s | best 7.310755e-01 @291 *
epoch  292 | train 7.426787e-01 | val 7.310649e-01 |   2.881 s | best 7.310649e-01 @292 *
epoch  293 | train 7.399778e-01 | val 7.310567e-01 |   2.878 s | best 7.310567e-01 @293 *
epoch  294 | train 7.447005e-01 | val 7.310460e-01 |   2.905 s | best 7.310460e-01 @294 *
epoch  295 | train 7.380685e-01 | val 7.310359e-01 |   2.829 s | best 7.310359e-01 @295 *
epoch  296 | train 7.452611e-01 | val 7.310240e-01 |   2.840 s | best 7.310240e-01 @296 *
epoch  297 | train 7.387901e-01 | val 7.310110e-01 |   2.831 s | best 7.310110e-01 @297 *
epoch  298 | train 7.467696e-01 | val 7.310078e-01 |   2.850 s | best 7.310078e-01 @298 *
epoch  299 | train 7.427503e-01 | val 7.310013e-01 |   2.830 s | best 7.310013e-01 @299 *
epoch  300 | train 7.447727e-01 | val 7.309895e-01 |   2.854 s | best 7.309895e-01 @300 *
epoch  301 | train 7.429150e-01 | val 7.309710e-01 |   2.838 s | best 7.309710e-01 @301 *
epoch  302 | train 7.428613e-01 | val 7.309524e-01 |   2.914 s | best 7.309524e-01 @302 *
epoch  303 | train 7.425451e-01 | val 7.309356e-01 |   2.853 s | best 7.309356e-01 @303 *
epoch  304 | train 7.408731e-01 | val 7.309272e-01 |   2.858 s | best 7.309272e-01 @304 *
epoch  305 | train 7.494349e-01 | val 7.309213e-01 |   2.875 s | best 7.309213e-01 @305 *
epoch  306 | train 7.505164e-01 | val 7.309378e-01 |   2.841 s | best 7.309213e-01 @305
epoch  307 | train 7.438743e-01 | val 7.309405e-01 |   2.831 s | best 7.309213e-01 @305
epoch  308 | train 7.433813e-01 | val 7.309427e-01 |   2.870 s | best 7.309213e-01 @305
epoch  309 | train 7.362090e-01 | val 7.309446e-01 |   2.896 s | best 7.309213e-01 @305
epoch  310 | train 7.430550e-01 | val 7.309381e-01 |   2.908 s | best 7.309213e-01 @305
epoch  311 | train 7.404594e-01 | val 7.309397e-01 |   2.891 s | best 7.309213e-01 @305
epoch  312 | train 7.470664e-01 | val 7.309516e-01 |   2.945 s | best 7.309213e-01 @305
epoch  313 | train 7.445421e-01 | val 7.309633e-01 |   2.748 s | best 7.309213e-01 @305
epoch  314 | train 7.402063e-01 | val 7.309873e-01 |   2.731 s | best 7.309213e-01 @305
epoch  315 | train 7.430559e-01 | val 7.310100e-01 |   2.809 s | best 7.309213e-01 @305
epoch  316 | train 7.464879e-01 | val 7.310215e-01 |   2.823 s | best 7.309213e-01 @305
epoch  317 | train 7.358313e-01 | val 7.310289e-01 |   2.792 s | best 7.309213e-01 @305
epoch  318 | train 7.394371e-01 | val 7.310390e-01 |   2.894 s | best 7.309213e-01 @305
epoch  319 | train 7.414712e-01 | val 7.310434e-01 |   3.003 s | best 7.309213e-01 @305
epoch  320 | train 7.410070e-01 | val 7.310566e-01 |   2.968 s | best 7.309213e-01 @305
# done        : 320 epochs, stopped_by=patience, aborted=False, best val 7.309213e-01 @ epoch 305, wall 971.7 s, 3.037 s/epoch
