
# ===== 2026-09-20 15:33:42 KST  HPO attempt 36  testbed D1 prior S  Nr=8 Nt=4
# DEVICE      : cuda | cuda_available=True | NVIDIA RTX PRO 6000 Blackwell Server Edition | torch 2.14.0+cu130 | train dtype float32 (01_RULES §9.5)
# data        : n_train=9000 n_val=1000 split_hash=98d6225d67f9c15a E||H||_F^2/(NrNt)=1.000268 (04_SPEC §2)
# sigma grid  : MEASURED, 20 points, log-uniform draw over [3.2936e-02, 7.9084e-01]
# hp          : {'arch': 'dit', 'param': 've', 'domain': 'pixel', 'lr': 0.0002246190100232562, 'ema': 0.999, 'batch': 128, 'emb': 256, 'width': 192, 'depth': 6, 'heads': 8, 'patch': 1}  params=4166210
# stopping    : patience 15 on val loss, never before 0 epochs, max 600 (01_RULES §5)
epoch    1 | train 8.961690e-01 | val 9.797995e-01 |   2.656 s | best 9.797995e-01 @1 *
epoch    2 | train 8.668090e-01 | val 9.665757e-01 |   2.672 s | best 9.665757e-01 @2 *
epoch    3 | train 8.580595e-01 | val 9.543672e-01 |   1.854 s | best 9.543672e-01 @3 *
epoch    4 | train 8.619084e-01 | val 9.431043e-01 |   2.677 s | best 9.431043e-01 @4 *
epoch    5 | train 8.572571e-01 | val 9.327635e-01 |   0.907 s | best 9.327635e-01 @5 *
epoch    6 | train 8.595665e-01 | val 9.231853e-01 |   0.806 s | best 9.231853e-01 @6 *
epoch    7 | train 8.599214e-01 | val 9.143015e-01 |   0.810 s | best 9.143015e-01 @7 *
epoch    8 | train 8.576416e-01 | val 9.060669e-01 |   0.811 s | best 9.060669e-01 @8 *
epoch    9 | train 8.616854e-01 | val 8.986728e-01 |   0.801 s | best 8.986728e-01 @9 *
epoch   10 | train 8.579338e-01 | val 8.920777e-01 |   0.809 s | best 8.920777e-01 @10 *
epoch   11 | train 8.624238e-01 | val 8.863136e-01 |   0.811 s | best 8.863136e-01 @11 *
epoch   12 | train 8.583609e-01 | val 8.813200e-01 |   0.799 s | best 8.813200e-01 @12 *
epoch   13 | train 8.611632e-01 | val 8.769516e-01 |   1.671 s | best 8.769516e-01 @13 *
epoch   14 | train 8.602934e-01 | val 8.730398e-01 |   2.668 s | best 8.730398e-01 @14 *
epoch   15 | train 8.548975e-01 | val 8.696034e-01 |   2.699 s | best 8.696034e-01 @15 *
epoch   16 | train 8.573202e-01 | val 8.666075e-01 |   2.677 s | best 8.666075e-01 @16 *
epoch   17 | train 8.615643e-01 | val 8.639760e-01 |   0.902 s | best 8.639760e-01 @17 *
epoch   18 | train 8.568316e-01 | val 8.615814e-01 |   0.810 s | best 8.615814e-01 @18 *
epoch   19 | train 8.550663e-01 | val 8.594240e-01 |   2.652 s | best 8.594240e-01 @19 *
epoch   20 | train 8.598647e-01 | val 8.574730e-01 |   0.919 s | best 8.574730e-01 @20 *
epoch   21 | train 8.581909e-01 | val 8.557199e-01 |   0.807 s | best 8.557199e-01 @21 *
epoch   22 | train 8.574952e-01 | val 8.541672e-01 |   0.815 s | best 8.541672e-01 @22 *
epoch   23 | train 8.552665e-01 | val 8.527643e-01 |   0.814 s | best 8.527643e-01 @23 *
epoch   24 | train 8.506082e-01 | val 8.515080e-01 |   0.812 s | best 8.515080e-01 @24 *
epoch   25 | train 8.478735e-01 | val 8.503554e-01 |   0.819 s | best 8.503554e-01 @25 *
epoch   26 | train 8.454603e-01 | val 8.493443e-01 |   0.815 s | best 8.493443e-01 @26 *
epoch   27 | train 8.463531e-01 | val 8.484665e-01 |   0.808 s | best 8.484665e-01 @27 *
epoch   28 | train 8.392209e-01 | val 8.476937e-01 |   0.814 s | best 8.476937e-01 @28 *
epoch   29 | train 8.405059e-01 | val 8.470165e-01 |   0.813 s | best 8.470165e-01 @29 *
epoch   30 | train 8.322678e-01 | val 8.463300e-01 |   0.807 s | best 8.463300e-01 @30 *
epoch   31 | train 8.346854e-01 | val 8.456286e-01 |   0.823 s | best 8.456286e-01 @31 *
epoch   32 | train 8.381705e-01 | val 8.448261e-01 |   0.812 s | best 8.448261e-01 @32 *
epoch   33 | train 8.295910e-01 | val 8.438837e-01 |   0.816 s | best 8.438837e-01 @33 *
epoch   34 | train 8.276145e-01 | val 8.427504e-01 |   0.809 s | best 8.427504e-01 @34 *
epoch   35 | train 8.262824e-01 | val 8.414389e-01 |   0.823 s | best 8.414389e-01 @35 *
epoch   36 | train 8.152569e-01 | val 8.399297e-01 |   0.803 s | best 8.399297e-01 @36 *
epoch   37 | train 8.034173e-01 | val 8.382565e-01 |   0.819 s | best 8.382565e-01 @37 *
epoch   38 | train 8.007322e-01 | val 8.365160e-01 |   0.842 s | best 8.365160e-01 @38 *
epoch   39 | train 7.967500e-01 | val 8.348449e-01 |   2.664 s | best 8.348449e-01 @39 *
epoch   40 | train 7.907133e-01 | val 8.333575e-01 |   2.686 s | best 8.333575e-01 @40 *
epoch   41 | train 7.897599e-01 | val 8.320381e-01 |   2.679 s | best 8.320381e-01 @41 *
epoch   42 | train 7.867888e-01 | val 8.308428e-01 |   2.675 s | best 8.308428e-01 @42 *
epoch   43 | train 7.879444e-01 | val 8.296799e-01 |   2.673 s | best 8.296799e-01 @43 *
epoch   44 | train 7.885608e-01 | val 8.284036e-01 |   2.675 s | best 8.284036e-01 @44 *
epoch   45 | train 7.876963e-01 | val 8.270225e-01 |   0.899 s | best 8.270225e-01 @45 *
epoch   46 | train 7.882907e-01 | val 8.255216e-01 |   0.814 s | best 8.255216e-01 @46 *
epoch   47 | train 7.765307e-01 | val 8.240055e-01 |   0.810 s | best 8.240055e-01 @47 *
epoch   48 | train 7.815750e-01 | val 8.223250e-01 |   0.801 s | best 8.223250e-01 @48 *
epoch   49 | train 7.823796e-01 | val 8.203504e-01 |   0.801 s | best 8.203504e-01 @49 *
epoch   50 | train 7.805661e-01 | val 8.182096e-01 |   0.811 s | best 8.182096e-01 @50 *
epoch   51 | train 7.827172e-01 | val 8.158978e-01 |   0.805 s | best 8.158978e-01 @51 *
epoch   52 | train 7.781247e-01 | val 8.134734e-01 |   0.804 s | best 8.134734e-01 @52 *
epoch   53 | train 7.824853e-01 | val 8.110157e-01 |   0.836 s | best 8.110157e-01 @53 *
epoch   54 | train 7.809330e-01 | val 8.083770e-01 |   0.795 s | best 8.083770e-01 @54 *
epoch   55 | train 7.842523e-01 | val 8.055802e-01 |   0.851 s | best 8.055802e-01 @55 *
epoch   56 | train 7.810647e-01 | val 8.026648e-01 |   2.599 s | best 8.026648e-01 @56 *
epoch   57 | train 7.782121e-01 | val 7.994695e-01 |   2.676 s | best 7.994695e-01 @57 *
epoch   58 | train 7.769124e-01 | val 7.961584e-01 |   0.905 s | best 7.961584e-01 @58 *
epoch   59 | train 7.781724e-01 | val 7.928253e-01 |   0.817 s | best 7.928253e-01 @59 *
epoch   60 | train 7.751663e-01 | val 7.895190e-01 |   0.807 s | best 7.895190e-01 @60 *
epoch   61 | train 7.803182e-01 | val 7.862905e-01 |   0.848 s | best 7.862905e-01 @61 *
epoch   62 | train 7.814479e-01 | val 7.834066e-01 |   0.792 s | best 7.834066e-01 @62 *
epoch   63 | train 7.805747e-01 | val 7.807474e-01 |   2.228 s | best 7.807474e-01 @63 *
epoch   64 | train 7.755903e-01 | val 7.783080e-01 |   2.596 s | best 7.783080e-01 @64 *
epoch   65 | train 7.737066e-01 | val 7.761349e-01 |   2.627 s | best 7.761349e-01 @65 *
epoch   66 | train 7.814913e-01 | val 7.741944e-01 |   2.631 s | best 7.741944e-01 @66 *
epoch   67 | train 7.768107e-01 | val 7.725223e-01 |   2.610 s | best 7.725223e-01 @67 *
epoch   68 | train 7.760915e-01 | val 7.709771e-01 |   2.604 s | best 7.709771e-01 @68 *
epoch   69 | train 7.780659e-01 | val 7.696266e-01 |   2.617 s | best 7.696266e-01 @69 *
epoch   70 | train 7.778595e-01 | val 7.684523e-01 |   2.625 s | best 7.684523e-01 @70 *
epoch   71 | train 7.711283e-01 | val 7.673955e-01 |   2.616 s | best 7.673955e-01 @71 *
epoch   72 | train 7.807612e-01 | val 7.664486e-01 |   2.615 s | best 7.664486e-01 @72 *
epoch   73 | train 7.786705e-01 | val 7.656420e-01 |   2.617 s | best 7.656420e-01 @73 *
epoch   74 | train 7.743912e-01 | val 7.649481e-01 |   2.624 s | best 7.649481e-01 @74 *
epoch   75 | train 7.731248e-01 | val 7.642959e-01 |   2.719 s | best 7.642959e-01 @75 *
epoch   76 | train 7.755908e-01 | val 7.637212e-01 |   2.710 s | best 7.637212e-01 @76 *
epoch   77 | train 7.727141e-01 | val 7.631739e-01 |   2.671 s | best 7.631739e-01 @77 *
epoch   78 | train 7.763436e-01 | val 7.626951e-01 |   2.666 s | best 7.626951e-01 @78 *
epoch   79 | train 7.749054e-01 | val 7.622531e-01 |   2.670 s | best 7.622531e-01 @79 *
epoch   80 | train 7.728256e-01 | val 7.618519e-01 |   2.720 s | best 7.618519e-01 @80 *
epoch   81 | train 7.762202e-01 | val 7.614537e-01 |   2.785 s | best 7.614537e-01 @81 *
epoch   82 | train 7.726417e-01 | val 7.610884e-01 |   2.741 s | best 7.610884e-01 @82 *
epoch   83 | train 7.733381e-01 | val 7.607509e-01 |   2.738 s | best 7.607509e-01 @83 *
epoch   84 | train 7.679910e-01 | val 7.604234e-01 |   2.742 s | best 7.604234e-01 @84 *
epoch   85 | train 7.711350e-01 | val 7.601222e-01 |   2.778 s | best 7.601222e-01 @85 *
epoch   86 | train 7.700596e-01 | val 7.598332e-01 |   2.732 s | best 7.598332e-01 @86 *
epoch   87 | train 7.731713e-01 | val 7.595573e-01 |   2.736 s | best 7.595573e-01 @87 *
epoch   88 | train 7.667943e-01 | val 7.592900e-01 |   2.732 s | best 7.592900e-01 @88 *
epoch   89 | train 7.656713e-01 | val 7.589781e-01 |   2.662 s | best 7.589781e-01 @89 *
epoch   90 | train 7.675577e-01 | val 7.586939e-01 |   2.655 s | best 7.586939e-01 @90 *
epoch   91 | train 7.657578e-01 | val 7.583782e-01 |   2.662 s | best 7.583782e-01 @91 *
epoch   92 | train 7.669586e-01 | val 7.580579e-01 |   2.734 s | best 7.580579e-01 @92 *
epoch   93 | train 7.675043e-01 | val 7.577217e-01 |   2.715 s | best 7.577217e-01 @93 *
epoch   94 | train 7.618584e-01 | val 7.573653e-01 |   2.670 s | best 7.573653e-01 @94 *
epoch   95 | train 7.648738e-01 | val 7.570024e-01 |   2.739 s | best 7.570024e-01 @95 *
epoch   96 | train 7.660302e-01 | val 7.566151e-01 |   2.712 s | best 7.566151e-01 @96 *
epoch   97 | train 7.671337e-01 | val 7.562115e-01 |   2.676 s | best 7.562115e-01 @97 *
epoch   98 | train 7.631032e-01 | val 7.557922e-01 |   2.680 s | best 7.557922e-01 @98 *
epoch   99 | train 7.641853e-01 | val 7.553625e-01 |   2.713 s | best 7.553625e-01 @99 *
epoch  100 | train 7.704142e-01 | val 7.549506e-01 |   2.682 s | best 7.549506e-01 @100 *
epoch  101 | train 7.630572e-01 | val 7.545365e-01 |   2.678 s | best 7.545365e-01 @101 *
epoch  102 | train 7.667202e-01 | val 7.541197e-01 |   2.674 s | best 7.541197e-01 @102 *
epoch  103 | train 7.657860e-01 | val 7.537060e-01 |   2.675 s | best 7.537060e-01 @103 *
epoch  104 | train 7.677997e-01 | val 7.532819e-01 |   2.647 s | best 7.532819e-01 @104 *
epoch  105 | train 7.674129e-01 | val 7.528815e-01 |   2.621 s | best 7.528815e-01 @105 *
epoch  106 | train 7.655980e-01 | val 7.525284e-01 |   2.620 s | best 7.525284e-01 @106 *
epoch  107 | train 7.638716e-01 | val 7.521856e-01 |   2.627 s | best 7.521856e-01 @107 *
epoch  108 | train 7.669405e-01 | val 7.518408e-01 |   2.623 s | best 7.518408e-01 @108 *
epoch  109 | train 7.647597e-01 | val 7.515205e-01 |   2.625 s | best 7.515205e-01 @109 *
epoch  110 | train 7.667626e-01 | val 7.511996e-01 |   2.617 s | best 7.511996e-01 @110 *
epoch  111 | train 7.650445e-01 | val 7.508709e-01 |   2.624 s | best 7.508709e-01 @111 *
epoch  112 | train 7.621816e-01 | val 7.505835e-01 |   2.613 s | best 7.505835e-01 @112 *
epoch  113 | train 7.609967e-01 | val 7.502874e-01 |   2.622 s | best 7.502874e-01 @113 *
epoch  114 | train 7.609966e-01 | val 7.500027e-01 |   2.614 s | best 7.500027e-01 @114 *
epoch  115 | train 7.643765e-01 | val 7.497571e-01 |   2.634 s | best 7.497571e-01 @115 *
epoch  116 | train 7.636832e-01 | val 7.495008e-01 |   2.655 s | best 7.495008e-01 @116 *
epoch  117 | train 7.603236e-01 | val 7.492926e-01 |   2.689 s | best 7.492926e-01 @117 *
epoch  118 | train 7.618689e-01 | val 7.490801e-01 |   2.760 s | best 7.490801e-01 @118 *
epoch  119 | train 7.569948e-01 | val 7.488540e-01 |   2.839 s | best 7.488540e-01 @119 *
epoch  120 | train 7.614224e-01 | val 7.486650e-01 |   2.769 s | best 7.486650e-01 @120 *
epoch  121 | train 7.611638e-01 | val 7.484609e-01 |   2.791 s | best 7.484609e-01 @121 *
epoch  122 | train 7.578656e-01 | val 7.482660e-01 |   2.702 s | best 7.482660e-01 @122 *
epoch  123 | train 7.624877e-01 | val 7.480731e-01 |   2.683 s | best 7.480731e-01 @123 *
epoch  124 | train 7.629764e-01 | val 7.479163e-01 |   2.685 s | best 7.479163e-01 @124 *
epoch  125 | train 7.617560e-01 | val 7.477518e-01 |   2.687 s | best 7.477518e-01 @125 *
epoch  126 | train 7.635242e-01 | val 7.475920e-01 |   2.693 s | best 7.475920e-01 @126 *
epoch  127 | train 7.665705e-01 | val 7.474340e-01 |   2.683 s | best 7.474340e-01 @127 *
epoch  128 | train 7.594645e-01 | val 7.472906e-01 |   2.634 s | best 7.472906e-01 @128 *
epoch  129 | train 7.608055e-01 | val 7.471685e-01 |   2.634 s | best 7.471685e-01 @129 *
epoch  130 | train 7.621183e-01 | val 7.470148e-01 |   2.639 s | best 7.470148e-01 @130 *
epoch  131 | train 7.579413e-01 | val 7.468876e-01 |   2.644 s | best 7.468876e-01 @131 *
epoch  132 | train 7.620639e-01 | val 7.467766e-01 |   2.694 s | best 7.467766e-01 @132 *
epoch  133 | train 7.593156e-01 | val 7.466819e-01 |   2.644 s | best 7.466819e-01 @133 *
epoch  134 | train 7.585179e-01 | val 7.465589e-01 |   2.628 s | best 7.465589e-01 @134 *
epoch  135 | train 7.563158e-01 | val 7.464300e-01 |   2.640 s | best 7.464300e-01 @135 *
epoch  136 | train 7.575195e-01 | val 7.463187e-01 |   2.626 s | best 7.463187e-01 @136 *
epoch  137 | train 7.591655e-01 | val 7.462180e-01 |   2.615 s | best 7.462180e-01 @137 *
epoch  138 | train 7.571740e-01 | val 7.460965e-01 |   2.626 s | best 7.460965e-01 @138 *
epoch  139 | train 7.562428e-01 | val 7.459738e-01 |   2.615 s | best 7.459738e-01 @139 *
epoch  140 | train 7.528631e-01 | val 7.458732e-01 |   2.637 s | best 7.458732e-01 @140 *
epoch  141 | train 7.579450e-01 | val 7.457916e-01 |   2.702 s | best 7.457916e-01 @141 *
epoch  142 | train 7.613232e-01 | val 7.456913e-01 |   2.677 s | best 7.456913e-01 @142 *
epoch  143 | train 7.576466e-01 | val 7.455812e-01 |   2.650 s | best 7.455812e-01 @143 *
epoch  144 | train 7.583736e-01 | val 7.454662e-01 |   2.668 s | best 7.454662e-01 @144 *
epoch  145 | train 7.594123e-01 | val 7.453423e-01 |   2.671 s | best 7.453423e-01 @145 *
epoch  146 | train 7.560574e-01 | val 7.452575e-01 |   2.668 s | best 7.452575e-01 @146 *
epoch  147 | train 7.596946e-01 | val 7.451988e-01 |   2.678 s | best 7.451988e-01 @147 *
epoch  148 | train 7.568450e-01 | val 7.451269e-01 |   2.675 s | best 7.451269e-01 @148 *
epoch  149 | train 7.534692e-01 | val 7.450388e-01 |   2.675 s | best 7.450388e-01 @149 *
epoch  150 | train 7.574194e-01 | val 7.449760e-01 |   2.641 s | best 7.449760e-01 @150 *
epoch  151 | train 7.575920e-01 | val 7.448688e-01 |   2.619 s | best 7.448688e-01 @151 *
epoch  152 | train 7.561819e-01 | val 7.448028e-01 |   2.622 s | best 7.448028e-01 @152 *
epoch  153 | train 7.579690e-01 | val 7.447089e-01 |   2.637 s | best 7.447089e-01 @153 *
epoch  154 | train 7.599229e-01 | val 7.446283e-01 |   2.624 s | best 7.446283e-01 @154 *
epoch  155 | train 7.564277e-01 | val 7.445646e-01 |   2.644 s | best 7.445646e-01 @155 *
epoch  156 | train 7.567848e-01 | val 7.444876e-01 |   2.623 s | best 7.444876e-01 @156 *
epoch  157 | train 7.576683e-01 | val 7.444112e-01 |   2.643 s | best 7.444112e-01 @157 *
epoch  158 | train 7.546461e-01 | val 7.443572e-01 |   2.619 s | best 7.443572e-01 @158 *
epoch  159 | train 7.567394e-01 | val 7.442907e-01 |   2.623 s | best 7.442907e-01 @159 *
epoch  160 | train 7.597289e-01 | val 7.442182e-01 |   2.612 s | best 7.442182e-01 @160 *
epoch  161 | train 7.583426e-01 | val 7.441317e-01 |   2.630 s | best 7.441317e-01 @161 *
epoch  162 | train 7.543430e-01 | val 7.440634e-01 |   2.636 s | best 7.440634e-01 @162 *
epoch  163 | train 7.524786e-01 | val 7.439826e-01 |   2.701 s | best 7.439826e-01 @163 *
epoch  164 | train 7.534998e-01 | val 7.439033e-01 |   2.691 s | best 7.439033e-01 @164 *
epoch  165 | train 7.580502e-01 | val 7.438484e-01 |   2.673 s | best 7.438484e-01 @165 *
epoch  166 | train 7.548296e-01 | val 7.438142e-01 |   2.678 s | best 7.438142e-01 @166 *
epoch  167 | train 7.617931e-01 | val 7.437676e-01 |   2.678 s | best 7.437676e-01 @167 *
epoch  168 | train 7.540948e-01 | val 7.437103e-01 |   2.679 s | best 7.437103e-01 @168 *
epoch  169 | train 7.546043e-01 | val 7.436848e-01 |   2.680 s | best 7.436848e-01 @169 *
epoch  170 | train 7.531426e-01 | val 7.436341e-01 |   2.677 s | best 7.436341e-01 @170 *
epoch  171 | train 7.542745e-01 | val 7.435789e-01 |   2.673 s | best 7.435789e-01 @171 *
epoch  172 | train 7.501968e-01 | val 7.435533e-01 |   2.670 s | best 7.435533e-01 @172 *
epoch  173 | train 7.544490e-01 | val 7.435102e-01 |   2.675 s | best 7.435102e-01 @173 *
epoch  174 | train 7.546027e-01 | val 7.434846e-01 |   2.674 s | best 7.434846e-01 @174 *
epoch  175 | train 7.501976e-01 | val 7.434103e-01 |   2.674 s | best 7.434103e-01 @175 *
epoch  176 | train 7.518605e-01 | val 7.433469e-01 |   2.695 s | best 7.433469e-01 @176 *
epoch  177 | train 7.594349e-01 | val 7.432823e-01 |   2.677 s | best 7.432823e-01 @177 *
epoch  178 | train 7.551235e-01 | val 7.432028e-01 |   2.718 s | best 7.432028e-01 @178 *
epoch  179 | train 7.539892e-01 | val 7.431381e-01 |   2.719 s | best 7.431381e-01 @179 *
epoch  180 | train 7.552639e-01 | val 7.430503e-01 |   2.741 s | best 7.430503e-01 @180 *
epoch  181 | train 7.551249e-01 | val 7.429969e-01 |   2.746 s | best 7.429969e-01 @181 *
epoch  182 | train 7.515976e-01 | val 7.429597e-01 |   2.751 s | best 7.429597e-01 @182 *
epoch  183 | train 7.507428e-01 | val 7.429162e-01 |   2.755 s | best 7.429162e-01 @183 *
epoch  184 | train 7.539786e-01 | val 7.428430e-01 |   2.746 s | best 7.428430e-01 @184 *
epoch  185 | train 7.550316e-01 | val 7.427961e-01 |   2.754 s | best 7.427961e-01 @185 *
epoch  186 | train 7.557671e-01 | val 7.427494e-01 |   2.752 s | best 7.427494e-01 @186 *
epoch  187 | train 7.593357e-01 | val 7.426869e-01 |   2.746 s | best 7.426869e-01 @187 *
epoch  188 | train 7.562605e-01 | val 7.426030e-01 |   2.749 s | best 7.426030e-01 @188 *
epoch  189 | train 7.538714e-01 | val 7.425343e-01 |   2.748 s | best 7.425343e-01 @189 *
epoch  190 | train 7.500476e-01 | val 7.424800e-01 |   2.739 s | best 7.424800e-01 @190 *
epoch  191 | train 7.510998e-01 | val 7.424241e-01 |   2.722 s | best 7.424241e-01 @191 *
epoch  192 | train 7.538794e-01 | val 7.423770e-01 |   2.661 s | best 7.423770e-01 @192 *
epoch  193 | train 7.549031e-01 | val 7.423328e-01 |   2.632 s | best 7.423328e-01 @193 *
epoch  194 | train 7.530755e-01 | val 7.423118e-01 |   2.667 s | best 7.423118e-01 @194 *
epoch  195 | train 7.479188e-01 | val 7.422400e-01 |   2.645 s | best 7.422400e-01 @195 *
epoch  196 | train 7.599662e-01 | val 7.421945e-01 |   2.629 s | best 7.421945e-01 @196 *
epoch  197 | train 7.519524e-01 | val 7.421263e-01 |   2.631 s | best 7.421263e-01 @197 *
epoch  198 | train 7.482636e-01 | val 7.420647e-01 |   2.646 s | best 7.420647e-01 @198 *
epoch  199 | train 7.560088e-01 | val 7.420241e-01 |   2.655 s | best 7.420241e-01 @199 *
epoch  200 | train 7.510433e-01 | val 7.419969e-01 |   2.637 s | best 7.419969e-01 @200 *
epoch  201 | train 7.498397e-01 | val 7.419858e-01 |   2.624 s | best 7.419858e-01 @201 *
epoch  202 | train 7.458019e-01 | val 7.419592e-01 |   2.645 s | best 7.419592e-01 @202 *
epoch  203 | train 7.498690e-01 | val 7.419170e-01 |   2.636 s | best 7.419170e-01 @203 *
epoch  204 | train 7.495524e-01 | val 7.419052e-01 |   2.684 s | best 7.419052e-01 @204 *
epoch  205 | train 7.485797e-01 | val 7.418588e-01 |   2.649 s | best 7.418588e-01 @205 *
epoch  206 | train 7.514930e-01 | val 7.417927e-01 |   2.645 s | best 7.417927e-01 @206 *
epoch  207 | train 7.526017e-01 | val 7.417341e-01 |   2.647 s | best 7.417341e-01 @207 *
epoch  208 | train 7.490655e-01 | val 7.416980e-01 |   2.660 s | best 7.416980e-01 @208 *
epoch  209 | train 7.521577e-01 | val 7.416615e-01 |   2.711 s | best 7.416615e-01 @209 *
epoch  210 | train 7.494659e-01 | val 7.416508e-01 |   2.670 s | best 7.416508e-01 @210 *
epoch  211 | train 7.503842e-01 | val 7.416062e-01 |   2.679 s | best 7.416062e-01 @211 *
epoch  212 | train 7.533208e-01 | val 7.415551e-01 |   2.675 s | best 7.415551e-01 @212 *
epoch  213 | train 7.509018e-01 | val 7.415333e-01 |   2.675 s | best 7.415333e-01 @213 *
epoch  214 | train 7.488996e-01 | val 7.415171e-01 |   2.671 s | best 7.415171e-01 @214 *
epoch  215 | train 7.468370e-01 | val 7.414830e-01 |   2.678 s | best 7.414830e-01 @215 *
epoch  216 | train 7.501365e-01 | val 7.414237e-01 |   2.671 s | best 7.414237e-01 @216 *
epoch  217 | train 7.530846e-01 | val 7.413826e-01 |   2.672 s | best 7.413826e-01 @217 *
epoch  218 | train 7.537484e-01 | val 7.413245e-01 |   2.674 s | best 7.413245e-01 @218 *
epoch  219 | train 7.536114e-01 | val 7.412706e-01 |   2.713 s | best 7.412706e-01 @219 *
epoch  220 | train 7.523354e-01 | val 7.412112e-01 |   2.675 s | best 7.412112e-01 @220 *
epoch  221 | train 7.496882e-01 | val 7.411839e-01 |   2.673 s | best 7.411839e-01 @221 *
epoch  222 | train 7.497376e-01 | val 7.411479e-01 |   2.677 s | best 7.411479e-01 @222 *
epoch  223 | train 7.536476e-01 | val 7.411118e-01 |   2.668 s | best 7.411118e-01 @223 *
epoch  224 | train 7.457824e-01 | val 7.410553e-01 |   2.664 s | best 7.410553e-01 @224 *
epoch  225 | train 7.552265e-01 | val 7.410023e-01 |   2.644 s | best 7.410023e-01 @225 *
epoch  226 | train 7.481230e-01 | val 7.409307e-01 |   2.646 s | best 7.409307e-01 @226 *
epoch  227 | train 7.481357e-01 | val 7.408648e-01 |   2.641 s | best 7.408648e-01 @227 *
epoch  228 | train 7.521703e-01 | val 7.408457e-01 |   2.641 s | best 7.408457e-01 @228 *
epoch  229 | train 7.464686e-01 | val 7.408195e-01 |   2.641 s | best 7.408195e-01 @229 *
epoch  230 | train 7.507948e-01 | val 7.407749e-01 |   2.651 s | best 7.407749e-01 @230 *
epoch  231 | train 7.499323e-01 | val 7.407268e-01 |   2.639 s | best 7.407268e-01 @231 *
epoch  232 | train 7.504507e-01 | val 7.406980e-01 |   2.645 s | best 7.406980e-01 @232 *
epoch  233 | train 7.501537e-01 | val 7.406670e-01 |   2.646 s | best 7.406670e-01 @233 *
epoch  234 | train 7.459500e-01 | val 7.406122e-01 |   2.657 s | best 7.406122e-01 @234 *
epoch  235 | train 7.515115e-01 | val 7.405752e-01 |   2.677 s | best 7.405752e-01 @235 *
epoch  236 | train 7.470918e-01 | val 7.405319e-01 |   2.728 s | best 7.405319e-01 @236 *
epoch  237 | train 7.468287e-01 | val 7.404876e-01 |   2.648 s | best 7.404876e-01 @237 *
epoch  238 | train 7.465854e-01 | val 7.404598e-01 |   2.697 s | best 7.404598e-01 @238 *
epoch  239 | train 7.530796e-01 | val 7.404509e-01 |   2.669 s | best 7.404509e-01 @239 *
epoch  240 | train 7.456426e-01 | val 7.404258e-01 |   2.594 s | best 7.404258e-01 @240 *
epoch  241 | train 7.525872e-01 | val 7.403810e-01 |   2.710 s | best 7.403810e-01 @241 *
epoch  242 | train 7.481910e-01 | val 7.403120e-01 |   2.644 s | best 7.403120e-01 @242 *
epoch  243 | train 7.486826e-01 | val 7.403122e-01 |   2.621 s | best 7.403120e-01 @242
epoch  244 | train 7.492705e-01 | val 7.402880e-01 |   2.604 s | best 7.402880e-01 @244 *
epoch  245 | train 7.511519e-01 | val 7.402931e-01 |   2.625 s | best 7.402880e-01 @244
epoch  246 | train 7.551537e-01 | val 7.402883e-01 |   2.618 s | best 7.402880e-01 @244
epoch  247 | train 7.479067e-01 | val 7.403086e-01 |   2.650 s | best 7.402880e-01 @244
epoch  248 | train 7.471520e-01 | val 7.403267e-01 |   2.619 s | best 7.402880e-01 @244
epoch  249 | train 7.492786e-01 | val 7.402910e-01 |   2.666 s | best 7.402880e-01 @244
epoch  250 | train 7.523406e-01 | val 7.402557e-01 |   2.679 s | best 7.402557e-01 @250 *
epoch  251 | train 7.504854e-01 | val 7.402363e-01 |   2.709 s | best 7.402363e-01 @251 *
epoch  252 | train 7.475091e-01 | val 7.402229e-01 |   2.674 s | best 7.402229e-01 @252 *
epoch  253 | train 7.498351e-01 | val 7.402095e-01 |   2.674 s | best 7.402095e-01 @253 *
epoch  254 | train 7.485595e-01 | val 7.401924e-01 |   2.670 s | best 7.401924e-01 @254 *
epoch  255 | train 7.466136e-01 | val 7.401609e-01 |   2.671 s | best 7.401609e-01 @255 *
epoch  256 | train 7.480553e-01 | val 7.401636e-01 |   2.648 s | best 7.401609e-01 @255
epoch  257 | train 7.527921e-01 | val 7.401134e-01 |   2.620 s | best 7.401134e-01 @257 *
epoch  258 | train 7.478262e-01 | val 7.400771e-01 |   2.614 s | best 7.400771e-01 @258 *
epoch  259 | train 7.459052e-01 | val 7.400376e-01 |   2.634 s | best 7.400376e-01 @259 *
epoch  260 | train 7.471494e-01 | val 7.399954e-01 |   2.661 s | best 7.399954e-01 @260 *
epoch  261 | train 7.524505e-01 | val 7.399753e-01 |   2.631 s | best 7.399753e-01 @261 *
epoch  262 | train 7.418863e-01 | val 7.399679e-01 |   2.619 s | best 7.399679e-01 @262 *
epoch  263 | train 7.501771e-01 | val 7.399479e-01 |   2.627 s | best 7.399479e-01 @263 *
epoch  264 | train 7.504682e-01 | val 7.399639e-01 |   2.617 s | best 7.399479e-01 @263
epoch  265 | train 7.456896e-01 | val 7.399967e-01 |   2.619 s | best 7.399479e-01 @263
epoch  266 | train 7.474592e-01 | val 7.400516e-01 |   2.655 s | best 7.399479e-01 @263
epoch  267 | train 7.455753e-01 | val 7.400830e-01 |   2.620 s | best 7.399479e-01 @263
epoch  268 | train 7.470685e-01 | val 7.401003e-01 |   2.617 s | best 7.399479e-01 @263
epoch  269 | train 7.438406e-01 | val 7.401187e-01 |   2.729 s | best 7.399479e-01 @263
epoch  270 | train 7.434260e-01 | val 7.401106e-01 |   2.666 s | best 7.399479e-01 @263
epoch  271 | train 7.495937e-01 | val 7.400948e-01 |   2.699 s | best 7.399479e-01 @263
epoch  272 | train 7.508085e-01 | val 7.400727e-01 |   2.665 s | best 7.399479e-01 @263
epoch  273 | train 7.452962e-01 | val 7.400671e-01 |   2.726 s | best 7.399479e-01 @263
epoch  274 | train 7.476551e-01 | val 7.400502e-01 |   2.670 s | best 7.399479e-01 @263
epoch  275 | train 7.445680e-01 | val 7.400435e-01 |   2.701 s | best 7.399479e-01 @263
epoch  276 | train 7.450222e-01 | val 7.400538e-01 |   2.720 s | best 7.399479e-01 @263
epoch  277 | train 7.464677e-01 | val 7.400497e-01 |   2.741 s | best 7.399479e-01 @263
epoch  278 | train 7.473851e-01 | val 7.400430e-01 |   2.703 s | best 7.399479e-01 @263
# done        : 278 epochs, stopped_by=patience, aborted=False, best val 7.399479e-01 @ epoch 263, wall 697.6 s, 2.509 s/epoch
