
# ===== 2026-09-20 16:15:34 KST  HPO attempt 82  testbed D1 prior S  Nr=8 Nt=4
# DEVICE      : cuda | cuda_available=True | NVIDIA RTX PRO 6000 Blackwell Server Edition | torch 2.14.0+cu130 | train dtype float32 (01_RULES §9.5)
# data        : n_train=9000 n_val=1000 split_hash=98d6225d67f9c15a E||H||_F^2/(NrNt)=1.000268 (04_SPEC §2)
# sigma grid  : MEASURED, 20 points, log-uniform draw over [3.2936e-02, 7.9084e-01]
# hp          : {'arch': 'dit', 'param': 've', 'domain': 'angle', 'lr': 0.001791482586449002, 'ema': 0.9995, 'batch': 128, 'emb': 128, 'width': 256, 'depth': 3, 'heads': 4, 'patch': 1}  params=3790338
# stopping    : patience 15 on val loss, never before 0 epochs, max 600 (01_RULES §5)
epoch    1 | train 8.311372e-01 | val 9.817850e-01 |   1.326 s | best 9.817850e-01 @1 *
epoch    2 | train 8.095622e-01 | val 9.739242e-01 |   1.187 s | best 9.739242e-01 @2 *
epoch    3 | train 7.983306e-01 | val 9.661225e-01 |   0.881 s | best 9.661225e-01 @3 *
epoch    4 | train 7.980368e-01 | val 9.577244e-01 |   1.102 s | best 9.577244e-01 @4 *
epoch    5 | train 7.950722e-01 | val 9.487000e-01 |   1.646 s | best 9.487000e-01 @5 *
epoch    6 | train 7.963687e-01 | val 9.398572e-01 |   1.642 s | best 9.398572e-01 @6 *
epoch    7 | train 7.959646e-01 | val 9.313345e-01 |   1.625 s | best 9.313345e-01 @7 *
epoch    8 | train 7.912899e-01 | val 9.230714e-01 |   1.634 s | best 9.230714e-01 @8 *
epoch    9 | train 7.943348e-01 | val 9.152040e-01 |   1.619 s | best 9.152040e-01 @9 *
epoch   10 | train 7.916765e-01 | val 9.070667e-01 |   1.632 s | best 9.070667e-01 @10 *
epoch   11 | train 7.988438e-01 | val 8.993080e-01 |   1.636 s | best 8.993080e-01 @11 *
epoch   12 | train 7.856276e-01 | val 8.920392e-01 |   1.621 s | best 8.920392e-01 @12 *
epoch   13 | train 7.838008e-01 | val 8.854100e-01 |   1.634 s | best 8.854100e-01 @13 *
epoch   14 | train 7.873156e-01 | val 8.791007e-01 |   1.638 s | best 8.791007e-01 @14 *
epoch   15 | train 7.760999e-01 | val 8.731935e-01 |   1.633 s | best 8.731935e-01 @15 *
epoch   16 | train 7.771915e-01 | val 8.673050e-01 |   1.631 s | best 8.673050e-01 @16 *
epoch   17 | train 7.780074e-01 | val 8.616725e-01 |   1.613 s | best 8.616725e-01 @17 *
epoch   18 | train 7.713506e-01 | val 8.563370e-01 |   1.619 s | best 8.563370e-01 @18 *
epoch   19 | train 7.648507e-01 | val 8.512948e-01 |   1.559 s | best 8.512948e-01 @19 *
epoch   20 | train 7.707215e-01 | val 8.464233e-01 |   1.574 s | best 8.464233e-01 @20 *
epoch   21 | train 7.656716e-01 | val 8.419942e-01 |   1.569 s | best 8.419942e-01 @21 *
epoch   22 | train 7.705392e-01 | val 8.377980e-01 |   1.567 s | best 8.377980e-01 @22 *
epoch   23 | train 7.638795e-01 | val 8.339578e-01 |   1.564 s | best 8.339578e-01 @23 *
epoch   24 | train 7.659616e-01 | val 8.302944e-01 |   1.571 s | best 8.302944e-01 @24 *
epoch   25 | train 7.653665e-01 | val 8.270047e-01 |   1.580 s | best 8.270047e-01 @25 *
epoch   26 | train 7.674664e-01 | val 8.240328e-01 |   1.590 s | best 8.240328e-01 @26 *
epoch   27 | train 7.641266e-01 | val 8.212218e-01 |   1.567 s | best 8.212218e-01 @27 *
epoch   28 | train 7.613913e-01 | val 8.186523e-01 |   1.570 s | best 8.186523e-01 @28 *
epoch   29 | train 7.640872e-01 | val 8.162464e-01 |   1.567 s | best 8.162464e-01 @29 *
epoch   30 | train 7.571290e-01 | val 8.139836e-01 |   1.572 s | best 8.139836e-01 @30 *
epoch   31 | train 7.641954e-01 | val 8.118117e-01 |   1.599 s | best 8.118117e-01 @31 *
epoch   32 | train 7.596799e-01 | val 8.097199e-01 |   1.570 s | best 8.097199e-01 @32 *
epoch   33 | train 7.550397e-01 | val 8.077171e-01 |   1.568 s | best 8.077171e-01 @33 *
epoch   34 | train 7.577574e-01 | val 8.057510e-01 |   1.567 s | best 8.057510e-01 @34 *
epoch   35 | train 7.584080e-01 | val 8.038507e-01 |   1.575 s | best 8.038507e-01 @35 *
epoch   36 | train 7.586809e-01 | val 8.019962e-01 |   1.594 s | best 8.019962e-01 @36 *
epoch   37 | train 7.603623e-01 | val 8.001241e-01 |   1.580 s | best 8.001241e-01 @37 *
epoch   38 | train 7.611769e-01 | val 7.983510e-01 |   1.568 s | best 7.983510e-01 @38 *
epoch   39 | train 7.532656e-01 | val 7.965162e-01 |   1.570 s | best 7.965162e-01 @39 *
epoch   40 | train 7.574401e-01 | val 7.946624e-01 |   1.568 s | best 7.946624e-01 @40 *
epoch   41 | train 7.542948e-01 | val 7.928149e-01 |   1.590 s | best 7.928149e-01 @41 *
epoch   42 | train 7.556635e-01 | val 7.908364e-01 |   1.574 s | best 7.908364e-01 @42 *
epoch   43 | train 7.615747e-01 | val 7.888911e-01 |   1.568 s | best 7.888911e-01 @43 *
epoch   44 | train 7.611740e-01 | val 7.870253e-01 |   1.560 s | best 7.870253e-01 @44 *
epoch   45 | train 7.514591e-01 | val 7.851521e-01 |   1.573 s | best 7.851521e-01 @45 *
epoch   46 | train 7.553925e-01 | val 7.833093e-01 |   1.592 s | best 7.833093e-01 @46 *
epoch   47 | train 7.591261e-01 | val 7.815318e-01 |   1.566 s | best 7.815318e-01 @47 *
epoch   48 | train 7.545532e-01 | val 7.797480e-01 |   1.570 s | best 7.797480e-01 @48 *
epoch   49 | train 7.530079e-01 | val 7.779875e-01 |   1.563 s | best 7.779875e-01 @49 *
epoch   50 | train 7.575820e-01 | val 7.762564e-01 |   1.570 s | best 7.762564e-01 @50 *
epoch   51 | train 7.552966e-01 | val 7.745472e-01 |   1.558 s | best 7.745472e-01 @51 *
epoch   52 | train 7.525248e-01 | val 7.728031e-01 |   1.567 s | best 7.728031e-01 @52 *
epoch   53 | train 7.528982e-01 | val 7.711112e-01 |   1.584 s | best 7.711112e-01 @53 *
epoch   54 | train 7.539452e-01 | val 7.694724e-01 |   1.575 s | best 7.694724e-01 @54 *
epoch   55 | train 7.551634e-01 | val 7.678813e-01 |   1.570 s | best 7.678813e-01 @55 *
epoch   56 | train 7.566852e-01 | val 7.663318e-01 |   1.539 s | best 7.663318e-01 @56 *
epoch   57 | train 7.561239e-01 | val 7.648500e-01 |   1.557 s | best 7.648500e-01 @57 *
epoch   58 | train 7.518568e-01 | val 7.634494e-01 |   1.563 s | best 7.634494e-01 @58 *
epoch   59 | train 7.475314e-01 | val 7.621064e-01 |   1.549 s | best 7.621064e-01 @59 *
epoch   60 | train 7.525898e-01 | val 7.608690e-01 |   1.578 s | best 7.608690e-01 @60 *
epoch   61 | train 7.538638e-01 | val 7.596765e-01 |   1.573 s | best 7.596765e-01 @61 *
epoch   62 | train 7.539332e-01 | val 7.584670e-01 |   1.549 s | best 7.584670e-01 @62 *
epoch   63 | train 7.557889e-01 | val 7.573185e-01 |   1.568 s | best 7.573185e-01 @63 *
epoch   64 | train 7.550083e-01 | val 7.562502e-01 |   1.567 s | best 7.562502e-01 @64 *
epoch   65 | train 7.531429e-01 | val 7.552508e-01 |   1.547 s | best 7.552508e-01 @65 *
epoch   66 | train 7.541576e-01 | val 7.543119e-01 |   1.597 s | best 7.543119e-01 @66 *
epoch   67 | train 7.518893e-01 | val 7.534165e-01 |   1.559 s | best 7.534165e-01 @67 *
epoch   68 | train 7.503051e-01 | val 7.526034e-01 |   1.561 s | best 7.526034e-01 @68 *
epoch   69 | train 7.537611e-01 | val 7.518018e-01 |   1.561 s | best 7.518018e-01 @69 *
epoch   70 | train 7.515731e-01 | val 7.510253e-01 |   1.557 s | best 7.510253e-01 @70 *
epoch   71 | train 7.521030e-01 | val 7.502691e-01 |   1.536 s | best 7.502691e-01 @71 *
epoch   72 | train 7.508700e-01 | val 7.495688e-01 |   1.571 s | best 7.495688e-01 @72 *
epoch   73 | train 7.500773e-01 | val 7.489267e-01 |   1.566 s | best 7.489267e-01 @73 *
epoch   74 | train 7.489901e-01 | val 7.482854e-01 |   1.541 s | best 7.482854e-01 @74 *
epoch   75 | train 7.570307e-01 | val 7.476556e-01 |   1.559 s | best 7.476556e-01 @75 *
epoch   76 | train 7.476878e-01 | val 7.470862e-01 |   0.912 s | best 7.470862e-01 @76 *
epoch   77 | train 7.539220e-01 | val 7.465394e-01 |   1.548 s | best 7.465394e-01 @77 *
epoch   78 | train 7.521555e-01 | val 7.460104e-01 |   1.573 s | best 7.460104e-01 @78 *
epoch   79 | train 7.443833e-01 | val 7.454659e-01 |   1.547 s | best 7.454659e-01 @79 *
epoch   80 | train 7.505605e-01 | val 7.449323e-01 |   1.536 s | best 7.449323e-01 @80 *
epoch   81 | train 7.457659e-01 | val 7.444356e-01 |   1.553 s | best 7.444356e-01 @81 *
epoch   82 | train 7.502696e-01 | val 7.439790e-01 |   1.565 s | best 7.439790e-01 @82 *
epoch   83 | train 7.491282e-01 | val 7.435398e-01 |   1.569 s | best 7.435398e-01 @83 *
epoch   84 | train 7.524213e-01 | val 7.430992e-01 |   1.582 s | best 7.430992e-01 @84 *
epoch   85 | train 7.525936e-01 | val 7.426538e-01 |   1.574 s | best 7.426538e-01 @85 *
epoch   86 | train 7.499972e-01 | val 7.422351e-01 |   1.573 s | best 7.422351e-01 @86 *
epoch   87 | train 7.482878e-01 | val 7.418485e-01 |   1.564 s | best 7.418485e-01 @87 *
epoch   88 | train 7.489873e-01 | val 7.414831e-01 |   1.569 s | best 7.414831e-01 @88 *
epoch   89 | train 7.507083e-01 | val 7.411144e-01 |   1.561 s | best 7.411144e-01 @89 *
epoch   90 | train 7.480940e-01 | val 7.407493e-01 |   1.568 s | best 7.407493e-01 @90 *
epoch   91 | train 7.458439e-01 | val 7.404065e-01 |   1.597 s | best 7.404065e-01 @91 *
epoch   92 | train 7.525961e-01 | val 7.401018e-01 |   1.563 s | best 7.401018e-01 @92 *
epoch   93 | train 7.490497e-01 | val 7.397972e-01 |   1.566 s | best 7.397972e-01 @93 *
epoch   94 | train 7.490297e-01 | val 7.395123e-01 |   1.562 s | best 7.395123e-01 @94 *
epoch   95 | train 7.452592e-01 | val 7.392166e-01 |   1.561 s | best 7.392166e-01 @95 *
epoch   96 | train 7.460680e-01 | val 7.389288e-01 |   1.573 s | best 7.389288e-01 @96 *
epoch   97 | train 7.508755e-01 | val 7.386416e-01 |   1.581 s | best 7.386416e-01 @97 *
epoch   98 | train 7.513891e-01 | val 7.383843e-01 |   1.568 s | best 7.383843e-01 @98 *
epoch   99 | train 7.456684e-01 | val 7.381277e-01 |   1.569 s | best 7.381277e-01 @99 *
epoch  100 | train 7.491210e-01 | val 7.378663e-01 |   1.566 s | best 7.378663e-01 @100 *
epoch  101 | train 7.432313e-01 | val 7.376329e-01 |   1.564 s | best 7.376329e-01 @101 *
epoch  102 | train 7.457957e-01 | val 7.374147e-01 |   1.561 s | best 7.374147e-01 @102 *
epoch  103 | train 7.471141e-01 | val 7.371792e-01 |   1.577 s | best 7.371792e-01 @103 *
epoch  104 | train 7.473799e-01 | val 7.369716e-01 |   1.570 s | best 7.369716e-01 @104 *
epoch  105 | train 7.468180e-01 | val 7.367598e-01 |   1.566 s | best 7.367598e-01 @105 *
epoch  106 | train 7.494306e-01 | val 7.365623e-01 |   1.568 s | best 7.365623e-01 @106 *
epoch  107 | train 7.480888e-01 | val 7.363699e-01 |   1.574 s | best 7.363699e-01 @107 *
epoch  108 | train 7.504438e-01 | val 7.361916e-01 |   1.570 s | best 7.361916e-01 @108 *
epoch  109 | train 7.511188e-01 | val 7.360130e-01 |   1.570 s | best 7.360130e-01 @109 *
epoch  110 | train 7.467699e-01 | val 7.358505e-01 |   1.583 s | best 7.358505e-01 @110 *
epoch  111 | train 7.433469e-01 | val 7.356656e-01 |   1.569 s | best 7.356656e-01 @111 *
epoch  112 | train 7.490726e-01 | val 7.355087e-01 |   1.566 s | best 7.355087e-01 @112 *
epoch  113 | train 7.544744e-01 | val 7.353690e-01 |   1.569 s | best 7.353690e-01 @113 *
epoch  114 | train 7.437896e-01 | val 7.352012e-01 |   1.567 s | best 7.352012e-01 @114 *
epoch  115 | train 7.472906e-01 | val 7.350569e-01 |   1.570 s | best 7.350569e-01 @115 *
epoch  116 | train 7.432946e-01 | val 7.349116e-01 |   1.569 s | best 7.349116e-01 @116 *
epoch  117 | train 7.506205e-01 | val 7.347562e-01 |   1.575 s | best 7.347562e-01 @117 *
epoch  118 | train 7.491968e-01 | val 7.346116e-01 |   1.564 s | best 7.346116e-01 @118 *
epoch  119 | train 7.471908e-01 | val 7.344654e-01 |   1.555 s | best 7.344654e-01 @119 *
epoch  120 | train 7.457708e-01 | val 7.343215e-01 |   1.565 s | best 7.343215e-01 @120 *
epoch  121 | train 7.460051e-01 | val 7.341764e-01 |   1.559 s | best 7.341764e-01 @121 *
epoch  122 | train 7.448842e-01 | val 7.340397e-01 |   1.571 s | best 7.340397e-01 @122 *
epoch  123 | train 7.498285e-01 | val 7.339081e-01 |   1.576 s | best 7.339081e-01 @123 *
epoch  124 | train 7.405534e-01 | val 7.337701e-01 |   1.569 s | best 7.337701e-01 @124 *
epoch  125 | train 7.434866e-01 | val 7.336387e-01 |   1.568 s | best 7.336387e-01 @125 *
epoch  126 | train 7.475719e-01 | val 7.335114e-01 |   1.579 s | best 7.335114e-01 @126 *
epoch  127 | train 7.482142e-01 | val 7.333918e-01 |   1.561 s | best 7.333918e-01 @127 *
epoch  128 | train 7.431228e-01 | val 7.332769e-01 |   1.565 s | best 7.332769e-01 @128 *
epoch  129 | train 7.430120e-01 | val 7.331597e-01 |   1.569 s | best 7.331597e-01 @129 *
epoch  130 | train 7.414079e-01 | val 7.330340e-01 |   1.592 s | best 7.330340e-01 @130 *
epoch  131 | train 7.427472e-01 | val 7.329111e-01 |   1.562 s | best 7.329111e-01 @131 *
epoch  132 | train 7.402502e-01 | val 7.327728e-01 |   1.570 s | best 7.327728e-01 @132 *
epoch  133 | train 7.415518e-01 | val 7.326487e-01 |   1.558 s | best 7.326487e-01 @133 *
epoch  134 | train 7.447561e-01 | val 7.325414e-01 |   1.564 s | best 7.325414e-01 @134 *
epoch  135 | train 7.387527e-01 | val 7.324123e-01 |   1.560 s | best 7.324123e-01 @135 *
epoch  136 | train 7.436613e-01 | val 7.322907e-01 |   1.571 s | best 7.322907e-01 @136 *
epoch  137 | train 7.458908e-01 | val 7.321787e-01 |   1.583 s | best 7.321787e-01 @137 *
epoch  138 | train 7.456660e-01 | val 7.320755e-01 |   1.561 s | best 7.320755e-01 @138 *
epoch  139 | train 7.418324e-01 | val 7.319732e-01 |   1.566 s | best 7.319732e-01 @139 *
epoch  140 | train 7.411391e-01 | val 7.318692e-01 |   1.560 s | best 7.318692e-01 @140 *
epoch  141 | train 7.433366e-01 | val 7.317762e-01 |   1.562 s | best 7.317762e-01 @141 *
epoch  142 | train 7.461687e-01 | val 7.316814e-01 |   1.567 s | best 7.316814e-01 @142 *
epoch  143 | train 7.389112e-01 | val 7.315876e-01 |   1.608 s | best 7.315876e-01 @143 *
epoch  144 | train 7.396079e-01 | val 7.314897e-01 |   1.610 s | best 7.314897e-01 @144 *
epoch  145 | train 7.450254e-01 | val 7.313955e-01 |   1.610 s | best 7.313955e-01 @145 *
epoch  146 | train 7.461462e-01 | val 7.313082e-01 |   1.591 s | best 7.313082e-01 @146 *
epoch  147 | train 7.423899e-01 | val 7.312189e-01 |   1.613 s | best 7.312189e-01 @147 *
epoch  148 | train 7.416456e-01 | val 7.311302e-01 |   1.582 s | best 7.311302e-01 @148 *
epoch  149 | train 7.407558e-01 | val 7.310486e-01 |   1.631 s | best 7.310486e-01 @149 *
epoch  150 | train 7.443427e-01 | val 7.309720e-01 |   1.639 s | best 7.309720e-01 @150 *
epoch  151 | train 7.448560e-01 | val 7.308998e-01 |   1.674 s | best 7.308998e-01 @151 *
epoch  152 | train 7.460205e-01 | val 7.308311e-01 |   1.653 s | best 7.308311e-01 @152 *
epoch  153 | train 7.447855e-01 | val 7.307670e-01 |   1.586 s | best 7.307670e-01 @153 *
epoch  154 | train 7.461499e-01 | val 7.307181e-01 |   1.619 s | best 7.307181e-01 @154 *
epoch  155 | train 7.444768e-01 | val 7.306721e-01 |   1.575 s | best 7.306721e-01 @155 *
epoch  156 | train 7.458072e-01 | val 7.306093e-01 |   1.546 s | best 7.306093e-01 @156 *
epoch  157 | train 7.378948e-01 | val 7.305529e-01 |   1.560 s | best 7.305529e-01 @157 *
epoch  158 | train 7.401976e-01 | val 7.305033e-01 |   1.570 s | best 7.305033e-01 @158 *
epoch  159 | train 7.448537e-01 | val 7.304523e-01 |   1.547 s | best 7.304523e-01 @159 *
epoch  160 | train 7.376288e-01 | val 7.304034e-01 |   1.551 s | best 7.304034e-01 @160 *
epoch  161 | train 7.410373e-01 | val 7.303595e-01 |   1.567 s | best 7.303595e-01 @161 *
epoch  162 | train 7.432379e-01 | val 7.303193e-01 |   1.546 s | best 7.303193e-01 @162 *
epoch  163 | train 7.433144e-01 | val 7.302783e-01 |   1.550 s | best 7.302783e-01 @163 *
epoch  164 | train 7.493341e-01 | val 7.302400e-01 |   1.564 s | best 7.302400e-01 @164 *
epoch  165 | train 7.395603e-01 | val 7.301929e-01 |   1.564 s | best 7.301929e-01 @165 *
epoch  166 | train 7.434131e-01 | val 7.301548e-01 |   1.547 s | best 7.301548e-01 @166 *
epoch  167 | train 7.468679e-01 | val 7.301186e-01 |   1.559 s | best 7.301186e-01 @167 *
epoch  168 | train 7.429001e-01 | val 7.300779e-01 |   1.551 s | best 7.300779e-01 @168 *
epoch  169 | train 7.420367e-01 | val 7.300472e-01 |   1.554 s | best 7.300472e-01 @169 *
epoch  170 | train 7.440814e-01 | val 7.300145e-01 |   1.571 s | best 7.300145e-01 @170 *
epoch  171 | train 7.447315e-01 | val 7.299798e-01 |   1.553 s | best 7.299798e-01 @171 *
epoch  172 | train 7.386254e-01 | val 7.299528e-01 |   1.552 s | best 7.299528e-01 @172 *
epoch  173 | train 7.463661e-01 | val 7.299440e-01 |   1.568 s | best 7.299440e-01 @173 *
epoch  174 | train 7.413482e-01 | val 7.299266e-01 |   1.552 s | best 7.299266e-01 @174 *
epoch  175 | train 7.413738e-01 | val 7.299025e-01 |   1.560 s | best 7.299025e-01 @175 *
epoch  176 | train 7.413976e-01 | val 7.298819e-01 |   1.573 s | best 7.298819e-01 @176 *
epoch  177 | train 7.438174e-01 | val 7.298777e-01 |   1.563 s | best 7.298777e-01 @177 *
epoch  178 | train 7.383742e-01 | val 7.298596e-01 |   1.546 s | best 7.298596e-01 @178 *
epoch  179 | train 7.421020e-01 | val 7.298374e-01 |   1.571 s | best 7.298374e-01 @179 *
epoch  180 | train 7.423944e-01 | val 7.298211e-01 |   1.562 s | best 7.298211e-01 @180 *
epoch  181 | train 7.470871e-01 | val 7.298132e-01 |   1.546 s | best 7.298132e-01 @181 *
epoch  182 | train 7.434014e-01 | val 7.298090e-01 |   1.573 s | best 7.298090e-01 @182 *
epoch  183 | train 7.438201e-01 | val 7.298051e-01 |   1.553 s | best 7.298051e-01 @183 *
epoch  184 | train 7.397936e-01 | val 7.298070e-01 |   1.543 s | best 7.298051e-01 @183
epoch  185 | train 7.412076e-01 | val 7.297992e-01 |   1.578 s | best 7.297992e-01 @185 *
epoch  186 | train 7.345734e-01 | val 7.297986e-01 |   1.629 s | best 7.297986e-01 @186 *
epoch  187 | train 7.422913e-01 | val 7.298055e-01 |   1.568 s | best 7.297986e-01 @186
epoch  188 | train 7.411553e-01 | val 7.298177e-01 |   1.563 s | best 7.297986e-01 @186
epoch  189 | train 7.400666e-01 | val 7.298336e-01 |   1.565 s | best 7.297986e-01 @186
epoch  190 | train 7.402349e-01 | val 7.298414e-01 |   1.564 s | best 7.297986e-01 @186
epoch  191 | train 7.398873e-01 | val 7.298394e-01 |   1.568 s | best 7.297986e-01 @186
epoch  192 | train 7.412696e-01 | val 7.298556e-01 |   1.592 s | best 7.297986e-01 @186
epoch  193 | train 7.395927e-01 | val 7.298478e-01 |   1.580 s | best 7.297986e-01 @186
epoch  194 | train 7.432643e-01 | val 7.298451e-01 |   1.564 s | best 7.297986e-01 @186
epoch  195 | train 7.419307e-01 | val 7.298510e-01 |   1.586 s | best 7.297986e-01 @186
epoch  196 | train 7.404170e-01 | val 7.298505e-01 |   1.559 s | best 7.297986e-01 @186
epoch  197 | train 7.394091e-01 | val 7.298538e-01 |   1.568 s | best 7.297986e-01 @186
epoch  198 | train 7.417216e-01 | val 7.298703e-01 |   1.571 s | best 7.297986e-01 @186
epoch  199 | train 7.400722e-01 | val 7.298876e-01 |   1.577 s | best 7.297986e-01 @186
epoch  200 | train 7.383498e-01 | val 7.298924e-01 |   1.605 s | best 7.297986e-01 @186
epoch  201 | train 7.411533e-01 | val 7.298921e-01 |   1.624 s | best 7.297986e-01 @186
# done        : 201 epochs, stopped_by=patience, aborted=False, best val 7.297986e-01 @ epoch 186, wall 344.6 s, 1.715 s/epoch
