
# ===== 2026-09-20 15:13:29 KST  HPO attempt 16  testbed D1 prior S  Nr=8 Nt=4
# DEVICE      : cuda | cuda_available=True | NVIDIA RTX PRO 6000 Blackwell Server Edition | torch 2.14.0+cu130 | train dtype float32 (01_RULES §9.5)
# data        : n_train=9000 n_val=1000 split_hash=98d6225d67f9c15a E||H||_F^2/(NrNt)=1.000268 (04_SPEC §2)
# sigma grid  : MEASURED, 20 points, log-uniform draw over [3.2936e-02, 7.9084e-01]
# hp          : {'arch': 'uvit', 'param': 'vp', 'domain': 'pixel', 'lr': 0.0008523313674600912, 'ema': 0.9999, 'batch': 256, 'emb': 128, 'width': 192, 'depth': 5, 'heads': 8, 'patch': 1}  params=2441704
# stopping    : patience 15 on val loss, never before 0 epochs, max 600 (01_RULES §5)
epoch    1 | train 9.406198e-01 | val 9.906807e-01 |   0.829 s | best 9.906807e-01 @1 *
epoch    2 | train 8.302060e-01 | val 9.906329e-01 |   1.057 s | best 9.906329e-01 @2 *
epoch    3 | train 7.990552e-01 | val 9.905503e-01 |   1.050 s | best 9.905503e-01 @3 *
epoch    4 | train 7.924777e-01 | val 9.904363e-01 |   1.055 s | best 9.904363e-01 @4 *
epoch    5 | train 7.925240e-01 | val 9.902906e-01 |   1.061 s | best 9.902906e-01 @5 *
epoch    6 | train 7.899236e-01 | val 9.901122e-01 |   1.052 s | best 9.901122e-01 @6 *
epoch    7 | train 7.934386e-01 | val 9.898989e-01 |   1.053 s | best 9.898989e-01 @7 *
epoch    8 | train 7.943817e-01 | val 9.896483e-01 |   1.066 s | best 9.896483e-01 @8 *
epoch    9 | train 7.938146e-01 | val 9.893598e-01 |   1.061 s | best 9.893598e-01 @9 *
epoch   10 | train 7.912625e-01 | val 9.890310e-01 |   1.067 s | best 9.890310e-01 @10 *
epoch   11 | train 7.871757e-01 | val 9.886614e-01 |   1.064 s | best 9.886614e-01 @11 *
epoch   12 | train 7.922427e-01 | val 9.882493e-01 |   1.056 s | best 9.882493e-01 @12 *
epoch   13 | train 7.911829e-01 | val 9.877929e-01 |   1.061 s | best 9.877929e-01 @13 *
epoch   14 | train 7.943192e-01 | val 9.872926e-01 |   1.060 s | best 9.872926e-01 @14 *
epoch   15 | train 7.912919e-01 | val 9.867475e-01 |   1.093 s | best 9.867475e-01 @15 *
epoch   16 | train 7.870587e-01 | val 9.861568e-01 |   1.081 s | best 9.861568e-01 @16 *
epoch   17 | train 7.854019e-01 | val 9.855205e-01 |   1.062 s | best 9.855205e-01 @17 *
epoch   18 | train 7.933240e-01 | val 9.848398e-01 |   1.060 s | best 9.848398e-01 @18 *
epoch   19 | train 7.910887e-01 | val 9.841146e-01 |   1.066 s | best 9.841146e-01 @19 *
epoch   20 | train 7.916635e-01 | val 9.833465e-01 |   1.076 s | best 9.833465e-01 @20 *
epoch   21 | train 7.929524e-01 | val 9.825384e-01 |   1.071 s | best 9.825384e-01 @21 *
epoch   22 | train 7.884390e-01 | val 9.816870e-01 |   1.070 s | best 9.816870e-01 @22 *
epoch   23 | train 7.912201e-01 | val 9.807956e-01 |   1.063 s | best 9.807956e-01 @23 *
epoch   24 | train 7.932690e-01 | val 9.798657e-01 |   1.058 s | best 9.798657e-01 @24 *
epoch   25 | train 7.936519e-01 | val 9.789027e-01 |   1.061 s | best 9.789027e-01 @25 *
epoch   26 | train 7.906260e-01 | val 9.779075e-01 |   1.070 s | best 9.779075e-01 @26 *
epoch   27 | train 7.922008e-01 | val 9.768814e-01 |   1.100 s | best 9.768814e-01 @27 *
epoch   28 | train 7.882942e-01 | val 9.758304e-01 |   1.054 s | best 9.758304e-01 @28 *
epoch   29 | train 7.910969e-01 | val 9.747580e-01 |   1.069 s | best 9.747580e-01 @29 *
epoch   30 | train 7.933627e-01 | val 9.736716e-01 |   1.069 s | best 9.736716e-01 @30 *
epoch   31 | train 7.981870e-01 | val 9.725669e-01 |   1.059 s | best 9.725669e-01 @31 *
epoch   32 | train 7.904298e-01 | val 9.714501e-01 |   1.065 s | best 9.714501e-01 @32 *
epoch   33 | train 7.929219e-01 | val 9.703255e-01 |   1.060 s | best 9.703255e-01 @33 *
epoch   34 | train 7.907173e-01 | val 9.691914e-01 |   1.074 s | best 9.691914e-01 @34 *
epoch   35 | train 7.910086e-01 | val 9.680525e-01 |   1.076 s | best 9.680525e-01 @35 *
epoch   36 | train 7.925242e-01 | val 9.669095e-01 |   1.057 s | best 9.669095e-01 @36 *
epoch   37 | train 7.894585e-01 | val 9.657702e-01 |   1.056 s | best 9.657702e-01 @37 *
epoch   38 | train 7.902465e-01 | val 9.646366e-01 |   1.067 s | best 9.646366e-01 @38 *
epoch   39 | train 7.872392e-01 | val 9.635078e-01 |   1.069 s | best 9.635078e-01 @39 *
epoch   40 | train 7.874142e-01 | val 9.623843e-01 |   1.065 s | best 9.623843e-01 @40 *
epoch   41 | train 7.854767e-01 | val 9.612654e-01 |   1.059 s | best 9.612654e-01 @41 *
epoch   42 | train 7.915613e-01 | val 9.601567e-01 |   1.065 s | best 9.601567e-01 @42 *
epoch   43 | train 7.908189e-01 | val 9.590533e-01 |   1.054 s | best 9.590533e-01 @43 *
epoch   44 | train 7.884418e-01 | val 9.579628e-01 |   1.070 s | best 9.579628e-01 @44 *
epoch   45 | train 7.926615e-01 | val 9.568784e-01 |   1.063 s | best 9.568784e-01 @45 *
epoch   46 | train 7.887364e-01 | val 9.557990e-01 |   1.071 s | best 9.557990e-01 @46 *
epoch   47 | train 7.944838e-01 | val 9.547312e-01 |   1.067 s | best 9.547312e-01 @47 *
epoch   48 | train 7.935470e-01 | val 9.536753e-01 |   1.062 s | best 9.536753e-01 @48 *
epoch   49 | train 7.879724e-01 | val 9.526316e-01 |   1.060 s | best 9.526316e-01 @49 *
epoch   50 | train 7.918831e-01 | val 9.515993e-01 |   1.058 s | best 9.515993e-01 @50 *
epoch   51 | train 7.911107e-01 | val 9.505745e-01 |   1.061 s | best 9.505745e-01 @51 *
epoch   52 | train 7.926413e-01 | val 9.495574e-01 |   1.065 s | best 9.495574e-01 @52 *
epoch   53 | train 7.915816e-01 | val 9.485511e-01 |   1.076 s | best 9.485511e-01 @53 *
epoch   54 | train 7.869594e-01 | val 9.475524e-01 |   1.066 s | best 9.475524e-01 @54 *
epoch   55 | train 7.877688e-01 | val 9.465637e-01 |   1.060 s | best 9.465637e-01 @55 *
epoch   56 | train 7.891740e-01 | val 9.455887e-01 |   1.068 s | best 9.455887e-01 @56 *
epoch   57 | train 7.917824e-01 | val 9.446111e-01 |   1.060 s | best 9.446111e-01 @57 *
epoch   58 | train 7.902837e-01 | val 9.436445e-01 |   1.065 s | best 9.436445e-01 @58 *
epoch   59 | train 7.910353e-01 | val 9.426851e-01 |   1.061 s | best 9.426851e-01 @59 *
epoch   60 | train 7.940133e-01 | val 9.417309e-01 |   1.068 s | best 9.417309e-01 @60 *
epoch   61 | train 7.907208e-01 | val 9.407846e-01 |   1.064 s | best 9.407846e-01 @61 *
epoch   62 | train 7.923561e-01 | val 9.398355e-01 |   1.056 s | best 9.398355e-01 @62 *
epoch   63 | train 7.906851e-01 | val 9.388968e-01 |   1.060 s | best 9.388968e-01 @63 *
epoch   64 | train 7.900208e-01 | val 9.379576e-01 |   1.093 s | best 9.379576e-01 @64 *
epoch   65 | train 7.913242e-01 | val 9.370162e-01 |   1.066 s | best 9.370162e-01 @65 *
epoch   66 | train 7.894546e-01 | val 9.360747e-01 |   1.070 s | best 9.360747e-01 @66 *
epoch   67 | train 7.890332e-01 | val 9.351406e-01 |   1.104 s | best 9.351406e-01 @67 *
epoch   68 | train 7.912229e-01 | val 9.342165e-01 |   1.060 s | best 9.342165e-01 @68 *
epoch   69 | train 7.926675e-01 | val 9.332945e-01 |   1.074 s | best 9.332945e-01 @69 *
epoch   70 | train 7.924699e-01 | val 9.323765e-01 |   1.052 s | best 9.323765e-01 @70 *
epoch   71 | train 7.917592e-01 | val 9.314611e-01 |   1.075 s | best 9.314611e-01 @71 *
epoch   72 | train 7.881193e-01 | val 9.305395e-01 |   1.063 s | best 9.305395e-01 @72 *
epoch   73 | train 7.924435e-01 | val 9.296212e-01 |   1.066 s | best 9.296212e-01 @73 *
epoch   74 | train 7.828691e-01 | val 9.287093e-01 |   1.103 s | best 9.287093e-01 @74 *
epoch   75 | train 7.870723e-01 | val 9.278023e-01 |   1.051 s | best 9.278023e-01 @75 *
epoch   76 | train 7.885650e-01 | val 9.268972e-01 |   1.059 s | best 9.268972e-01 @76 *
epoch   77 | train 7.884893e-01 | val 9.259844e-01 |   1.055 s | best 9.259844e-01 @77 *
epoch   78 | train 7.920742e-01 | val 9.250770e-01 |   1.055 s | best 9.250770e-01 @78 *
epoch   79 | train 7.868250e-01 | val 9.241686e-01 |   1.097 s | best 9.241686e-01 @79 *
epoch   80 | train 7.873508e-01 | val 9.232622e-01 |   1.060 s | best 9.232622e-01 @80 *
epoch   81 | train 7.941408e-01 | val 9.223624e-01 |   1.060 s | best 9.223624e-01 @81 *
epoch   82 | train 7.919371e-01 | val 9.214659e-01 |   1.053 s | best 9.214659e-01 @82 *
epoch   83 | train 7.910456e-01 | val 9.205808e-01 |   1.053 s | best 9.205808e-01 @83 *
epoch   84 | train 7.916538e-01 | val 9.196905e-01 |   1.054 s | best 9.196905e-01 @84 *
epoch   85 | train 7.926685e-01 | val 9.188010e-01 |   1.055 s | best 9.188010e-01 @85 *
epoch   86 | train 7.909682e-01 | val 9.179058e-01 |   1.060 s | best 9.179058e-01 @86 *
epoch   87 | train 7.911212e-01 | val 9.170156e-01 |   1.052 s | best 9.170156e-01 @87 *
epoch   88 | train 7.922961e-01 | val 9.161331e-01 |   1.060 s | best 9.161331e-01 @88 *
epoch   89 | train 7.860547e-01 | val 9.152504e-01 |   1.058 s | best 9.152504e-01 @89 *
epoch   90 | train 7.919234e-01 | val 9.143691e-01 |   1.059 s | best 9.143691e-01 @90 *
epoch   91 | train 7.916048e-01 | val 9.134867e-01 |   1.057 s | best 9.134867e-01 @91 *
epoch   92 | train 7.970535e-01 | val 9.126221e-01 |   1.049 s | best 9.126221e-01 @92 *
epoch   93 | train 7.851878e-01 | val 9.117606e-01 |   1.059 s | best 9.117606e-01 @93 *
epoch   94 | train 7.869625e-01 | val 9.108945e-01 |   1.095 s | best 9.108945e-01 @94 *
epoch   95 | train 7.897935e-01 | val 9.100287e-01 |   1.056 s | best 9.100287e-01 @95 *
epoch   96 | train 7.943379e-01 | val 9.091606e-01 |   1.063 s | best 9.091606e-01 @96 *
epoch   97 | train 7.932708e-01 | val 9.082951e-01 |   1.054 s | best 9.082951e-01 @97 *
epoch   98 | train 7.901579e-01 | val 9.074481e-01 |   1.058 s | best 9.074481e-01 @98 *
epoch   99 | train 7.911552e-01 | val 9.066077e-01 |   1.058 s | best 9.066077e-01 @99 *
epoch  100 | train 7.899169e-01 | val 9.057772e-01 |   1.055 s | best 9.057772e-01 @100 *
epoch  101 | train 7.868215e-01 | val 9.049528e-01 |   1.061 s | best 9.049528e-01 @101 *
epoch  102 | train 7.880360e-01 | val 9.041365e-01 |   1.053 s | best 9.041365e-01 @102 *
epoch  103 | train 7.853262e-01 | val 9.033283e-01 |   1.057 s | best 9.033283e-01 @103 *
epoch  104 | train 7.896325e-01 | val 9.025163e-01 |   1.054 s | best 9.025163e-01 @104 *
epoch  105 | train 7.852753e-01 | val 9.017080e-01 |   1.062 s | best 9.017080e-01 @105 *
epoch  106 | train 7.878838e-01 | val 9.009031e-01 |   1.052 s | best 9.009031e-01 @106 *
epoch  107 | train 7.877202e-01 | val 9.001034e-01 |   1.096 s | best 9.001034e-01 @107 *
epoch  108 | train 7.915530e-01 | val 8.993047e-01 |   1.052 s | best 8.993047e-01 @108 *
epoch  109 | train 7.886737e-01 | val 8.985053e-01 |   1.061 s | best 8.985053e-01 @109 *
epoch  110 | train 7.911408e-01 | val 8.977148e-01 |   1.038 s | best 8.977148e-01 @110 *
epoch  111 | train 7.879596e-01 | val 8.969411e-01 |   1.073 s | best 8.969411e-01 @111 *
epoch  112 | train 7.869376e-01 | val 8.961693e-01 |   1.050 s | best 8.961693e-01 @112 *
epoch  113 | train 7.920484e-01 | val 8.954134e-01 |   1.056 s | best 8.954134e-01 @113 *
epoch  114 | train 7.886107e-01 | val 8.946474e-01 |   1.065 s | best 8.946474e-01 @114 *
epoch  115 | train 7.845349e-01 | val 8.938824e-01 |   1.033 s | best 8.938824e-01 @115 *
epoch  116 | train 7.873295e-01 | val 8.931363e-01 |   1.099 s | best 8.931363e-01 @116 *
epoch  117 | train 7.844324e-01 | val 8.923767e-01 |   1.075 s | best 8.923767e-01 @117 *
epoch  118 | train 7.885585e-01 | val 8.916066e-01 |   1.113 s | best 8.916066e-01 @118 *
epoch  119 | train 7.845316e-01 | val 8.908236e-01 |   1.051 s | best 8.908236e-01 @119 *
epoch  120 | train 7.879449e-01 | val 8.900600e-01 |   1.049 s | best 8.900600e-01 @120 *
epoch  121 | train 7.883406e-01 | val 8.893145e-01 |   1.043 s | best 8.893145e-01 @121 *
epoch  122 | train 7.895597e-01 | val 8.885785e-01 |   1.047 s | best 8.885785e-01 @122 *
epoch  123 | train 7.860373e-01 | val 8.878515e-01 |   1.042 s | best 8.878515e-01 @123 *
epoch  124 | train 7.871691e-01 | val 8.871309e-01 |   1.039 s | best 8.871309e-01 @124 *
epoch  125 | train 7.924609e-01 | val 8.864278e-01 |   0.814 s | best 8.864278e-01 @125 *
epoch  126 | train 7.884473e-01 | val 8.857358e-01 |   1.032 s | best 8.857358e-01 @126 *
epoch  127 | train 7.887980e-01 | val 8.850389e-01 |   1.045 s | best 8.850389e-01 @127 *
epoch  128 | train 7.902380e-01 | val 8.843340e-01 |   1.050 s | best 8.843340e-01 @128 *
epoch  129 | train 7.891978e-01 | val 8.836393e-01 |   1.040 s | best 8.836393e-01 @129 *
epoch  130 | train 7.862589e-01 | val 8.829612e-01 |   1.070 s | best 8.829612e-01 @130 *
epoch  131 | train 7.903236e-01 | val 8.822751e-01 |   1.047 s | best 8.822751e-01 @131 *
epoch  132 | train 7.866578e-01 | val 8.815991e-01 |   1.046 s | best 8.815991e-01 @132 *
epoch  133 | train 7.840875e-01 | val 8.809491e-01 |   1.036 s | best 8.809491e-01 @133 *
epoch  134 | train 7.888926e-01 | val 8.802850e-01 |   1.042 s | best 8.802850e-01 @134 *
epoch  135 | train 7.880149e-01 | val 8.796128e-01 |   1.037 s | best 8.796128e-01 @135 *
epoch  136 | train 7.887066e-01 | val 8.789573e-01 |   1.037 s | best 8.789573e-01 @136 *
epoch  137 | train 7.831166e-01 | val 8.783096e-01 |   1.036 s | best 8.783096e-01 @137 *
epoch  138 | train 7.853039e-01 | val 8.776646e-01 |   1.033 s | best 8.776646e-01 @138 *
epoch  139 | train 7.846684e-01 | val 8.770273e-01 |   1.035 s | best 8.770273e-01 @139 *
epoch  140 | train 7.898689e-01 | val 8.763888e-01 |   1.037 s | best 8.763888e-01 @140 *
epoch  141 | train 7.842905e-01 | val 8.757541e-01 |   1.032 s | best 8.757541e-01 @141 *
epoch  142 | train 7.870755e-01 | val 8.751462e-01 |   1.070 s | best 8.751462e-01 @142 *
epoch  143 | train 7.820831e-01 | val 8.745531e-01 |   1.029 s | best 8.745531e-01 @143 *
epoch  144 | train 7.838863e-01 | val 8.739595e-01 |   1.031 s | best 8.739595e-01 @144 *
epoch  145 | train 7.799113e-01 | val 8.733627e-01 |   1.026 s | best 8.733627e-01 @145 *
epoch  146 | train 7.829401e-01 | val 8.727742e-01 |   1.040 s | best 8.727742e-01 @146 *
epoch  147 | train 7.814889e-01 | val 8.721768e-01 |   1.035 s | best 8.721768e-01 @147 *
epoch  148 | train 7.804060e-01 | val 8.716022e-01 |   1.036 s | best 8.716022e-01 @148 *
epoch  149 | train 7.848552e-01 | val 8.710288e-01 |   1.115 s | best 8.710288e-01 @149 *
epoch  150 | train 7.817446e-01 | val 8.704532e-01 |   1.066 s | best 8.704532e-01 @150 *
epoch  151 | train 7.795415e-01 | val 8.698801e-01 |   1.070 s | best 8.698801e-01 @151 *
epoch  152 | train 7.814442e-01 | val 8.693139e-01 |   1.059 s | best 8.693139e-01 @152 *
epoch  153 | train 7.783474e-01 | val 8.687457e-01 |   1.059 s | best 8.687457e-01 @153 *
epoch  154 | train 7.746837e-01 | val 8.681833e-01 |   1.063 s | best 8.681833e-01 @154 *
epoch  155 | train 7.753023e-01 | val 8.676342e-01 |   1.067 s | best 8.676342e-01 @155 *
epoch  156 | train 7.768675e-01 | val 8.670755e-01 |   1.062 s | best 8.670755e-01 @156 *
epoch  157 | train 7.750894e-01 | val 8.665277e-01 |   1.060 s | best 8.665277e-01 @157 *
epoch  158 | train 7.736037e-01 | val 8.659861e-01 |   1.076 s | best 8.659861e-01 @158 *
epoch  159 | train 7.747472e-01 | val 8.654424e-01 |   1.042 s | best 8.654424e-01 @159 *
epoch  160 | train 7.744277e-01 | val 8.649082e-01 |   1.053 s | best 8.649082e-01 @160 *
epoch  161 | train 7.728283e-01 | val 8.643766e-01 |   1.084 s | best 8.643766e-01 @161 *
epoch  162 | train 7.762838e-01 | val 8.638448e-01 |   1.123 s | best 8.638448e-01 @162 *
epoch  163 | train 7.764642e-01 | val 8.633127e-01 |   1.079 s | best 8.633127e-01 @163 *
epoch  164 | train 7.773913e-01 | val 8.627948e-01 |   1.103 s | best 8.627948e-01 @164 *
epoch  165 | train 7.782022e-01 | val 8.622630e-01 |   1.077 s | best 8.622630e-01 @165 *
epoch  166 | train 7.720837e-01 | val 8.617396e-01 |   1.080 s | best 8.617396e-01 @166 *
epoch  167 | train 7.756825e-01 | val 8.612410e-01 |   1.074 s | best 8.612410e-01 @167 *
epoch  168 | train 7.781750e-01 | val 8.607308e-01 |   1.052 s | best 8.607308e-01 @168 *
epoch  169 | train 7.725903e-01 | val 8.602215e-01 |   1.061 s | best 8.602215e-01 @169 *
epoch  170 | train 7.737077e-01 | val 8.597140e-01 |   1.071 s | best 8.597140e-01 @170 *
epoch  171 | train 7.767712e-01 | val 8.592137e-01 |   1.072 s | best 8.592137e-01 @171 *
epoch  172 | train 7.774928e-01 | val 8.587133e-01 |   1.071 s | best 8.587133e-01 @172 *
epoch  173 | train 7.740532e-01 | val 8.582115e-01 |   1.096 s | best 8.582115e-01 @173 *
epoch  174 | train 7.721144e-01 | val 8.577127e-01 |   1.078 s | best 8.577127e-01 @174 *
epoch  175 | train 7.759972e-01 | val 8.572321e-01 |   1.071 s | best 8.572321e-01 @175 *
epoch  176 | train 7.766606e-01 | val 8.567438e-01 |   1.091 s | best 8.567438e-01 @176 *
epoch  177 | train 7.765380e-01 | val 8.562635e-01 |   1.073 s | best 8.562635e-01 @177 *
epoch  178 | train 7.755621e-01 | val 8.557882e-01 |   1.053 s | best 8.557882e-01 @178 *
epoch  179 | train 7.754984e-01 | val 8.553197e-01 |   1.035 s | best 8.553197e-01 @179 *
epoch  180 | train 7.741805e-01 | val 8.548468e-01 |   1.017 s | best 8.548468e-01 @180 *
epoch  181 | train 7.747537e-01 | val 8.543671e-01 |   1.022 s | best 8.543671e-01 @181 *
epoch  182 | train 7.734943e-01 | val 8.538951e-01 |   1.047 s | best 8.538951e-01 @182 *
epoch  183 | train 7.703178e-01 | val 8.534154e-01 |   1.028 s | best 8.534154e-01 @183 *
epoch  184 | train 7.689254e-01 | val 8.529433e-01 |   1.016 s | best 8.529433e-01 @184 *
epoch  185 | train 7.700873e-01 | val 8.524786e-01 |   1.025 s | best 8.524786e-01 @185 *
epoch  186 | train 7.693134e-01 | val 8.520147e-01 |   1.027 s | best 8.520147e-01 @186 *
epoch  187 | train 7.722424e-01 | val 8.515658e-01 |   1.024 s | best 8.515658e-01 @187 *
epoch  188 | train 7.709019e-01 | val 8.511162e-01 |   1.027 s | best 8.511162e-01 @188 *
epoch  189 | train 7.712578e-01 | val 8.506694e-01 |   1.026 s | best 8.506694e-01 @189 *
epoch  190 | train 7.689513e-01 | val 8.502311e-01 |   1.030 s | best 8.502311e-01 @190 *
epoch  191 | train 7.675384e-01 | val 8.498036e-01 |   1.025 s | best 8.498036e-01 @191 *
epoch  192 | train 7.720504e-01 | val 8.493903e-01 |   1.027 s | best 8.493903e-01 @192 *
epoch  193 | train 7.676080e-01 | val 8.489631e-01 |   1.037 s | best 8.489631e-01 @193 *
epoch  194 | train 7.706105e-01 | val 8.485308e-01 |   1.024 s | best 8.485308e-01 @194 *
epoch  195 | train 7.733690e-01 | val 8.481073e-01 |   1.024 s | best 8.481073e-01 @195 *
epoch  196 | train 7.755140e-01 | val 8.476810e-01 |   1.020 s | best 8.476810e-01 @196 *
epoch  197 | train 7.707249e-01 | val 8.472658e-01 |   1.023 s | best 8.472658e-01 @197 *
epoch  198 | train 7.658729e-01 | val 8.468674e-01 |   1.022 s | best 8.468674e-01 @198 *
epoch  199 | train 7.718092e-01 | val 8.464773e-01 |   1.024 s | best 8.464773e-01 @199 *
epoch  200 | train 7.680740e-01 | val 8.460871e-01 |   1.019 s | best 8.460871e-01 @200 *
epoch  201 | train 7.681683e-01 | val 8.457054e-01 |   1.024 s | best 8.457054e-01 @201 *
epoch  202 | train 7.764608e-01 | val 8.453237e-01 |   1.023 s | best 8.453237e-01 @202 *
epoch  203 | train 7.686463e-01 | val 8.449410e-01 |   1.025 s | best 8.449410e-01 @203 *
epoch  204 | train 7.750853e-01 | val 8.445618e-01 |   1.024 s | best 8.445618e-01 @204 *
epoch  205 | train 7.649811e-01 | val 8.441800e-01 |   1.035 s | best 8.441800e-01 @205 *
epoch  206 | train 7.679426e-01 | val 8.438023e-01 |   1.020 s | best 8.438023e-01 @206 *
epoch  207 | train 7.717477e-01 | val 8.434271e-01 |   1.024 s | best 8.434271e-01 @207 *
epoch  208 | train 7.754651e-01 | val 8.430524e-01 |   1.016 s | best 8.430524e-01 @208 *
epoch  209 | train 7.686659e-01 | val 8.426741e-01 |   1.017 s | best 8.426741e-01 @209 *
epoch  210 | train 7.746609e-01 | val 8.423052e-01 |   1.023 s | best 8.423052e-01 @210 *
epoch  211 | train 7.690106e-01 | val 8.419374e-01 |   1.021 s | best 8.419374e-01 @211 *
epoch  212 | train 7.739371e-01 | val 8.415774e-01 |   1.019 s | best 8.415774e-01 @212 *
epoch  213 | train 7.693068e-01 | val 8.412162e-01 |   1.026 s | best 8.412162e-01 @213 *
epoch  214 | train 7.662384e-01 | val 8.408518e-01 |   1.027 s | best 8.408518e-01 @214 *
epoch  215 | train 7.704989e-01 | val 8.405014e-01 |   1.024 s | best 8.405014e-01 @215 *
epoch  216 | train 7.662250e-01 | val 8.401451e-01 |   1.021 s | best 8.401451e-01 @216 *
epoch  217 | train 7.726420e-01 | val 8.397884e-01 |   1.020 s | best 8.397884e-01 @217 *
epoch  218 | train 7.713920e-01 | val 8.394296e-01 |   1.016 s | best 8.394296e-01 @218 *
epoch  219 | train 7.701906e-01 | val 8.390696e-01 |   1.023 s | best 8.390696e-01 @219 *
epoch  220 | train 7.661362e-01 | val 8.387160e-01 |   1.023 s | best 8.387160e-01 @220 *
epoch  221 | train 7.695883e-01 | val 8.383669e-01 |   1.023 s | best 8.383669e-01 @221 *
epoch  222 | train 7.661437e-01 | val 8.380253e-01 |   1.023 s | best 8.380253e-01 @222 *
epoch  223 | train 7.713958e-01 | val 8.376806e-01 |   1.018 s | best 8.376806e-01 @223 *
epoch  224 | train 7.676909e-01 | val 8.373342e-01 |   1.024 s | best 8.373342e-01 @224 *
epoch  225 | train 7.670170e-01 | val 8.369871e-01 |   1.018 s | best 8.369871e-01 @225 *
epoch  226 | train 7.670122e-01 | val 8.366431e-01 |   1.020 s | best 8.366431e-01 @226 *
epoch  227 | train 7.683417e-01 | val 8.362985e-01 |   1.023 s | best 8.362985e-01 @227 *
epoch  228 | train 7.673568e-01 | val 8.359594e-01 |   1.021 s | best 8.359594e-01 @228 *
epoch  229 | train 7.670739e-01 | val 8.356138e-01 |   1.022 s | best 8.356138e-01 @229 *
epoch  230 | train 7.659547e-01 | val 8.352677e-01 |   1.023 s | best 8.352677e-01 @230 *
epoch  231 | train 7.651895e-01 | val 8.349323e-01 |   1.048 s | best 8.349323e-01 @231 *
epoch  232 | train 7.643032e-01 | val 8.345966e-01 |   1.019 s | best 8.345966e-01 @232 *
epoch  233 | train 7.641388e-01 | val 8.342540e-01 |   1.015 s | best 8.342540e-01 @233 *
epoch  234 | train 7.614255e-01 | val 8.339161e-01 |   1.021 s | best 8.339161e-01 @234 *
epoch  235 | train 7.653097e-01 | val 8.335794e-01 |   0.978 s | best 8.335794e-01 @235 *
epoch  236 | train 7.640660e-01 | val 8.332399e-01 |   1.020 s | best 8.332399e-01 @236 *
epoch  237 | train 7.660364e-01 | val 8.328972e-01 |   1.023 s | best 8.328972e-01 @237 *
epoch  238 | train 7.656944e-01 | val 8.325674e-01 |   1.032 s | best 8.325674e-01 @238 *
epoch  239 | train 7.598361e-01 | val 8.322315e-01 |   1.020 s | best 8.322315e-01 @239 *
epoch  240 | train 7.632505e-01 | val 8.319025e-01 |   1.018 s | best 8.319025e-01 @240 *
epoch  241 | train 7.624117e-01 | val 8.315722e-01 |   1.031 s | best 8.315722e-01 @241 *
epoch  242 | train 7.645983e-01 | val 8.312448e-01 |   1.020 s | best 8.312448e-01 @242 *
epoch  243 | train 7.646333e-01 | val 8.309147e-01 |   1.016 s | best 8.309147e-01 @243 *
epoch  244 | train 7.629365e-01 | val 8.305846e-01 |   1.027 s | best 8.305846e-01 @244 *
epoch  245 | train 7.589524e-01 | val 8.302530e-01 |   1.020 s | best 8.302530e-01 @245 *
epoch  246 | train 7.638507e-01 | val 8.299236e-01 |   1.025 s | best 8.299236e-01 @246 *
epoch  247 | train 7.645643e-01 | val 8.295935e-01 |   1.023 s | best 8.295935e-01 @247 *
epoch  248 | train 7.657218e-01 | val 8.292610e-01 |   1.007 s | best 8.292610e-01 @248 *
epoch  249 | train 7.594098e-01 | val 8.289336e-01 |   1.043 s | best 8.289336e-01 @249 *
epoch  250 | train 7.613074e-01 | val 8.286092e-01 |   1.043 s | best 8.286092e-01 @250 *
epoch  251 | train 7.611567e-01 | val 8.282793e-01 |   1.050 s | best 8.282793e-01 @251 *
epoch  252 | train 7.596182e-01 | val 8.279616e-01 |   1.047 s | best 8.279616e-01 @252 *
epoch  253 | train 7.657723e-01 | val 8.276435e-01 |   1.036 s | best 8.276435e-01 @253 *
epoch  254 | train 7.622983e-01 | val 8.273258e-01 |   1.044 s | best 8.273258e-01 @254 *
epoch  255 | train 7.641594e-01 | val 8.270088e-01 |   1.057 s | best 8.270088e-01 @255 *
epoch  256 | train 7.583240e-01 | val 8.266997e-01 |   1.087 s | best 8.266997e-01 @256 *
epoch  257 | train 7.622324e-01 | val 8.263788e-01 |   1.047 s | best 8.263788e-01 @257 *
epoch  258 | train 7.587104e-01 | val 8.260624e-01 |   1.059 s | best 8.260624e-01 @258 *
epoch  259 | train 7.639177e-01 | val 8.257453e-01 |   1.057 s | best 8.257453e-01 @259 *
epoch  260 | train 7.591773e-01 | val 8.254317e-01 |   1.093 s | best 8.254317e-01 @260 *
epoch  261 | train 7.601692e-01 | val 8.251206e-01 |   1.053 s | best 8.251206e-01 @261 *
epoch  262 | train 7.585209e-01 | val 8.248128e-01 |   1.053 s | best 8.248128e-01 @262 *
epoch  263 | train 7.586591e-01 | val 8.245086e-01 |   1.073 s | best 8.245086e-01 @263 *
epoch  264 | train 7.611094e-01 | val 8.241988e-01 |   1.053 s | best 8.241988e-01 @264 *
epoch  265 | train 7.572100e-01 | val 8.238963e-01 |   1.055 s | best 8.238963e-01 @265 *
epoch  266 | train 7.601106e-01 | val 8.235930e-01 |   1.056 s | best 8.235930e-01 @266 *
epoch  267 | train 7.580551e-01 | val 8.232898e-01 |   1.053 s | best 8.232898e-01 @267 *
epoch  268 | train 7.588365e-01 | val 8.229802e-01 |   1.064 s | best 8.229802e-01 @268 *
epoch  269 | train 7.620836e-01 | val 8.226820e-01 |   1.063 s | best 8.226820e-01 @269 *
epoch  270 | train 7.580353e-01 | val 8.223786e-01 |   1.050 s | best 8.223786e-01 @270 *
epoch  271 | train 7.580384e-01 | val 8.220791e-01 |   1.052 s | best 8.220791e-01 @271 *
epoch  272 | train 7.593940e-01 | val 8.217728e-01 |   1.057 s | best 8.217728e-01 @272 *
epoch  273 | train 7.581144e-01 | val 8.214673e-01 |   1.064 s | best 8.214673e-01 @273 *
epoch  274 | train 7.603174e-01 | val 8.211686e-01 |   1.053 s | best 8.211686e-01 @274 *
epoch  275 | train 7.591423e-01 | val 8.208723e-01 |   1.058 s | best 8.208723e-01 @275 *
epoch  276 | train 7.592312e-01 | val 8.205777e-01 |   1.038 s | best 8.205777e-01 @276 *
epoch  277 | train 7.600184e-01 | val 8.202836e-01 |   1.109 s | best 8.202836e-01 @277 *
epoch  278 | train 7.605745e-01 | val 8.200034e-01 |   1.047 s | best 8.200034e-01 @278 *
epoch  279 | train 7.540937e-01 | val 8.197197e-01 |   1.059 s | best 8.197197e-01 @279 *
epoch  280 | train 7.596627e-01 | val 8.194319e-01 |   1.045 s | best 8.194319e-01 @280 *
epoch  281 | train 7.562196e-01 | val 8.191463e-01 |   1.041 s | best 8.191463e-01 @281 *
epoch  282 | train 7.596838e-01 | val 8.188673e-01 |   1.082 s | best 8.188673e-01 @282 *
epoch  283 | train 7.582218e-01 | val 8.185968e-01 |   1.071 s | best 8.185968e-01 @283 *
epoch  284 | train 7.591520e-01 | val 8.183198e-01 |   1.067 s | best 8.183198e-01 @284 *
epoch  285 | train 7.554248e-01 | val 8.180475e-01 |   1.043 s | best 8.180475e-01 @285 *
epoch  286 | train 7.551151e-01 | val 8.177672e-01 |   1.024 s | best 8.177672e-01 @286 *
epoch  287 | train 7.599947e-01 | val 8.174875e-01 |   1.025 s | best 8.174875e-01 @287 *
epoch  288 | train 7.569028e-01 | val 8.172140e-01 |   1.024 s | best 8.172140e-01 @288 *
epoch  289 | train 7.539385e-01 | val 8.169371e-01 |   1.024 s | best 8.169371e-01 @289 *
epoch  290 | train 7.591044e-01 | val 8.166629e-01 |   1.030 s | best 8.166629e-01 @290 *
epoch  291 | train 7.564854e-01 | val 8.163825e-01 |   1.025 s | best 8.163825e-01 @291 *
epoch  292 | train 7.551224e-01 | val 8.161050e-01 |   1.026 s | best 8.161050e-01 @292 *
epoch  293 | train 7.573683e-01 | val 8.158299e-01 |   1.027 s | best 8.158299e-01 @293 *
epoch  294 | train 7.514118e-01 | val 8.155639e-01 |   1.023 s | best 8.155639e-01 @294 *
epoch  295 | train 7.537770e-01 | val 8.152989e-01 |   1.023 s | best 8.152989e-01 @295 *
epoch  296 | train 7.551744e-01 | val 8.150272e-01 |   1.026 s | best 8.150272e-01 @296 *
epoch  297 | train 7.508770e-01 | val 8.147654e-01 |   1.022 s | best 8.147654e-01 @297 *
epoch  298 | train 7.508367e-01 | val 8.145053e-01 |   1.063 s | best 8.145053e-01 @298 *
epoch  299 | train 7.555688e-01 | val 8.142413e-01 |   1.031 s | best 8.142413e-01 @299 *
epoch  300 | train 7.546591e-01 | val 8.139787e-01 |   1.026 s | best 8.139787e-01 @300 *
epoch  301 | train 7.570923e-01 | val 8.137197e-01 |   1.027 s | best 8.137197e-01 @301 *
epoch  302 | train 7.535663e-01 | val 8.134636e-01 |   1.021 s | best 8.134636e-01 @302 *
epoch  303 | train 7.540453e-01 | val 8.132132e-01 |   1.053 s | best 8.132132e-01 @303 *
epoch  304 | train 7.490651e-01 | val 8.129507e-01 |   1.052 s | best 8.129507e-01 @304 *
epoch  305 | train 7.533719e-01 | val 8.126855e-01 |   1.075 s | best 8.126855e-01 @305 *
epoch  306 | train 7.495192e-01 | val 8.124292e-01 |   1.039 s | best 8.124292e-01 @306 *
epoch  307 | train 7.502987e-01 | val 8.121707e-01 |   1.032 s | best 8.121707e-01 @307 *
epoch  308 | train 7.568373e-01 | val 8.119118e-01 |   1.028 s | best 8.119118e-01 @308 *
epoch  309 | train 7.567515e-01 | val 8.116589e-01 |   1.032 s | best 8.116589e-01 @309 *
epoch  310 | train 7.551777e-01 | val 8.114025e-01 |   1.029 s | best 8.114025e-01 @310 *
epoch  311 | train 7.520003e-01 | val 8.111472e-01 |   1.038 s | best 8.111472e-01 @311 *
epoch  312 | train 7.475428e-01 | val 8.109002e-01 |   1.025 s | best 8.109002e-01 @312 *
epoch  313 | train 7.553038e-01 | val 8.106516e-01 |   1.023 s | best 8.106516e-01 @313 *
epoch  314 | train 7.496631e-01 | val 8.104074e-01 |   1.020 s | best 8.104074e-01 @314 *
epoch  315 | train 7.544591e-01 | val 8.101588e-01 |   1.020 s | best 8.101588e-01 @315 *
epoch  316 | train 7.559093e-01 | val 8.099143e-01 |   1.020 s | best 8.099143e-01 @316 *
epoch  317 | train 7.562076e-01 | val 8.096672e-01 |   1.029 s | best 8.096672e-01 @317 *
epoch  318 | train 7.538365e-01 | val 8.094274e-01 |   1.029 s | best 8.094274e-01 @318 *
epoch  319 | train 7.559227e-01 | val 8.091863e-01 |   1.089 s | best 8.091863e-01 @319 *
epoch  320 | train 7.508426e-01 | val 8.089465e-01 |   1.063 s | best 8.089465e-01 @320 *
epoch  321 | train 7.532519e-01 | val 8.087114e-01 |   1.077 s | best 8.087114e-01 @321 *
epoch  322 | train 7.553137e-01 | val 8.084689e-01 |   1.069 s | best 8.084689e-01 @322 *
epoch  323 | train 7.561323e-01 | val 8.082336e-01 |   1.069 s | best 8.082336e-01 @323 *
epoch  324 | train 7.525225e-01 | val 8.079959e-01 |   1.074 s | best 8.079959e-01 @324 *
epoch  325 | train 7.467701e-01 | val 8.077576e-01 |   1.062 s | best 8.077576e-01 @325 *
epoch  326 | train 7.489904e-01 | val 8.075251e-01 |   1.073 s | best 8.075251e-01 @326 *
epoch  327 | train 7.528970e-01 | val 8.072910e-01 |   1.063 s | best 8.072910e-01 @327 *
epoch  328 | train 7.516962e-01 | val 8.070547e-01 |   1.066 s | best 8.070547e-01 @328 *
epoch  329 | train 7.498148e-01 | val 8.068181e-01 |   1.073 s | best 8.068181e-01 @329 *
epoch  330 | train 7.510023e-01 | val 8.065876e-01 |   1.066 s | best 8.065876e-01 @330 *
epoch  331 | train 7.540697e-01 | val 8.063570e-01 |   1.054 s | best 8.063570e-01 @331 *
epoch  332 | train 7.517988e-01 | val 8.061308e-01 |   1.069 s | best 8.061308e-01 @332 *
epoch  333 | train 7.536465e-01 | val 8.059080e-01 |   1.060 s | best 8.059080e-01 @333 *
epoch  334 | train 7.493913e-01 | val 8.056853e-01 |   1.056 s | best 8.056853e-01 @334 *
epoch  335 | train 7.492621e-01 | val 8.054633e-01 |   1.068 s | best 8.054633e-01 @335 *
epoch  336 | train 7.523205e-01 | val 8.052480e-01 |   1.057 s | best 8.052480e-01 @336 *
epoch  337 | train 7.449926e-01 | val 8.050272e-01 |   1.064 s | best 8.050272e-01 @337 *
epoch  338 | train 7.518478e-01 | val 8.048069e-01 |   1.062 s | best 8.048069e-01 @338 *
epoch  339 | train 7.505748e-01 | val 8.045943e-01 |   1.028 s | best 8.045943e-01 @339 *
epoch  340 | train 7.489321e-01 | val 8.043913e-01 |   1.045 s | best 8.043913e-01 @340 *
epoch  341 | train 7.516569e-01 | val 8.041822e-01 |   1.027 s | best 8.041822e-01 @341 *
epoch  342 | train 7.469896e-01 | val 8.039728e-01 |   1.047 s | best 8.039728e-01 @342 *
epoch  343 | train 7.494630e-01 | val 8.037645e-01 |   1.016 s | best 8.037645e-01 @343 *
epoch  344 | train 7.488113e-01 | val 8.035481e-01 |   1.044 s | best 8.035481e-01 @344 *
epoch  345 | train 7.476440e-01 | val 8.033311e-01 |   1.017 s | best 8.033311e-01 @345 *
epoch  346 | train 7.555438e-01 | val 8.031151e-01 |   1.046 s | best 8.031151e-01 @346 *
epoch  347 | train 7.504757e-01 | val 8.029042e-01 |   1.014 s | best 8.029042e-01 @347 *
epoch  348 | train 7.497208e-01 | val 8.026917e-01 |   1.046 s | best 8.026917e-01 @348 *
epoch  349 | train 7.499539e-01 | val 8.024826e-01 |   1.014 s | best 8.024826e-01 @349 *
epoch  350 | train 7.496041e-01 | val 8.022692e-01 |   1.042 s | best 8.022692e-01 @350 *
epoch  351 | train 7.542844e-01 | val 8.020692e-01 |   1.020 s | best 8.020692e-01 @351 *
epoch  352 | train 7.474517e-01 | val 8.018605e-01 |   1.045 s | best 8.018605e-01 @352 *
epoch  353 | train 7.500637e-01 | val 8.016546e-01 |   1.024 s | best 8.016546e-01 @353 *
epoch  354 | train 7.536368e-01 | val 8.014450e-01 |   1.034 s | best 8.014450e-01 @354 *
epoch  355 | train 7.449821e-01 | val 8.012384e-01 |   1.025 s | best 8.012384e-01 @355 *
epoch  356 | train 7.510016e-01 | val 8.010324e-01 |   1.032 s | best 8.010324e-01 @356 *
epoch  357 | train 7.472040e-01 | val 8.008291e-01 |   1.033 s | best 8.008291e-01 @357 *
epoch  358 | train 7.476494e-01 | val 8.006352e-01 |   1.023 s | best 8.006352e-01 @358 *
epoch  359 | train 7.522499e-01 | val 8.004362e-01 |   1.035 s | best 8.004362e-01 @359 *
epoch  360 | train 7.444899e-01 | val 8.002369e-01 |   1.028 s | best 8.002369e-01 @360 *
epoch  361 | train 7.523565e-01 | val 8.000436e-01 |   1.044 s | best 8.000436e-01 @361 *
epoch  362 | train 7.487747e-01 | val 7.998571e-01 |   1.018 s | best 7.998571e-01 @362 *
epoch  363 | train 7.477823e-01 | val 7.996661e-01 |   1.046 s | best 7.996661e-01 @363 *
epoch  364 | train 7.493594e-01 | val 7.994671e-01 |   1.020 s | best 7.994671e-01 @364 *
epoch  365 | train 7.457907e-01 | val 7.992713e-01 |   1.046 s | best 7.992713e-01 @365 *
epoch  366 | train 7.492505e-01 | val 7.990785e-01 |   1.018 s | best 7.990785e-01 @366 *
epoch  367 | train 7.515530e-01 | val 7.988913e-01 |   1.048 s | best 7.988913e-01 @367 *
epoch  368 | train 7.464538e-01 | val 7.987052e-01 |   1.014 s | best 7.987052e-01 @368 *
epoch  369 | train 7.485034e-01 | val 7.985168e-01 |   1.048 s | best 7.985168e-01 @369 *
epoch  370 | train 7.457710e-01 | val 7.983271e-01 |   1.014 s | best 7.983271e-01 @370 *
epoch  371 | train 7.490155e-01 | val 7.981404e-01 |   1.044 s | best 7.981404e-01 @371 *
epoch  372 | train 7.478799e-01 | val 7.979523e-01 |   1.024 s | best 7.979523e-01 @372 *
epoch  373 | train 7.476445e-01 | val 7.977679e-01 |   1.045 s | best 7.977679e-01 @373 *
epoch  374 | train 7.439448e-01 | val 7.975873e-01 |   1.016 s | best 7.975873e-01 @374 *
epoch  375 | train 7.489255e-01 | val 7.974108e-01 |   1.050 s | best 7.974108e-01 @375 *
epoch  376 | train 7.448702e-01 | val 7.972304e-01 |   1.018 s | best 7.972304e-01 @376 *
epoch  377 | train 7.522082e-01 | val 7.970507e-01 |   1.055 s | best 7.970507e-01 @377 *
epoch  378 | train 7.512166e-01 | val 7.968693e-01 |   1.078 s | best 7.968693e-01 @378 *
epoch  379 | train 7.500321e-01 | val 7.966943e-01 |   1.069 s | best 7.966943e-01 @379 *
epoch  380 | train 7.525691e-01 | val 7.965217e-01 |   1.071 s | best 7.965217e-01 @380 *
epoch  381 | train 7.519134e-01 | val 7.963403e-01 |   1.065 s | best 7.963403e-01 @381 *
epoch  382 | train 7.453940e-01 | val 7.961635e-01 |   1.039 s | best 7.961635e-01 @382 *
epoch  383 | train 7.473047e-01 | val 7.959793e-01 |   1.009 s | best 7.959793e-01 @383 *
epoch  384 | train 7.477612e-01 | val 7.958038e-01 |   1.011 s | best 7.958038e-01 @384 *
epoch  385 | train 7.458475e-01 | val 7.956327e-01 |   1.011 s | best 7.956327e-01 @385 *
epoch  386 | train 7.464716e-01 | val 7.954535e-01 |   1.008 s | best 7.954535e-01 @386 *
epoch  387 | train 7.465714e-01 | val 7.952808e-01 |   1.017 s | best 7.952808e-01 @387 *
epoch  388 | train 7.497154e-01 | val 7.951127e-01 |   1.027 s | best 7.951127e-01 @388 *
epoch  389 | train 7.500393e-01 | val 7.949436e-01 |   1.015 s | best 7.949436e-01 @389 *
epoch  390 | train 7.428377e-01 | val 7.947716e-01 |   1.019 s | best 7.947716e-01 @390 *
epoch  391 | train 7.503280e-01 | val 7.945995e-01 |   1.018 s | best 7.945995e-01 @391 *
epoch  392 | train 7.424003e-01 | val 7.944205e-01 |   1.019 s | best 7.944205e-01 @392 *
epoch  393 | train 7.433079e-01 | val 7.942472e-01 |   1.018 s | best 7.942472e-01 @393 *
epoch  394 | train 7.465810e-01 | val 7.940762e-01 |   1.019 s | best 7.940762e-01 @394 *
epoch  395 | train 7.446881e-01 | val 7.939035e-01 |   1.020 s | best 7.939035e-01 @395 *
epoch  396 | train 7.482582e-01 | val 7.937323e-01 |   1.018 s | best 7.937323e-01 @396 *
epoch  397 | train 7.491293e-01 | val 7.935600e-01 |   1.015 s | best 7.935600e-01 @397 *
epoch  398 | train 7.438599e-01 | val 7.933862e-01 |   1.020 s | best 7.933862e-01 @398 *
epoch  399 | train 7.447329e-01 | val 7.932169e-01 |   1.019 s | best 7.932169e-01 @399 *
epoch  400 | train 7.402081e-01 | val 7.930510e-01 |   1.028 s | best 7.930510e-01 @400 *
epoch  401 | train 7.468122e-01 | val 7.928867e-01 |   1.056 s | best 7.928867e-01 @401 *
epoch  402 | train 7.434404e-01 | val 7.927118e-01 |   1.027 s | best 7.927118e-01 @402 *
epoch  403 | train 7.453847e-01 | val 7.925374e-01 |   1.022 s | best 7.925374e-01 @403 *
epoch  404 | train 7.454714e-01 | val 7.923697e-01 |   1.028 s | best 7.923697e-01 @404 *
epoch  405 | train 7.447954e-01 | val 7.922015e-01 |   1.022 s | best 7.922015e-01 @405 *
epoch  406 | train 7.448670e-01 | val 7.920312e-01 |   1.022 s | best 7.920312e-01 @406 *
epoch  407 | train 7.450776e-01 | val 7.918653e-01 |   1.018 s | best 7.918653e-01 @407 *
epoch  408 | train 7.493089e-01 | val 7.917036e-01 |   1.013 s | best 7.917036e-01 @408 *
epoch  409 | train 7.466323e-01 | val 7.915338e-01 |   1.021 s | best 7.915338e-01 @409 *
epoch  410 | train 7.446393e-01 | val 7.913711e-01 |   1.054 s | best 7.913711e-01 @410 *
epoch  411 | train 7.478008e-01 | val 7.912182e-01 |   1.016 s | best 7.912182e-01 @411 *
epoch  412 | train 7.419624e-01 | val 7.910680e-01 |   1.049 s | best 7.910680e-01 @412 *
epoch  413 | train 7.402245e-01 | val 7.909217e-01 |   1.084 s | best 7.909217e-01 @413 *
epoch  414 | train 7.468090e-01 | val 7.907688e-01 |   1.053 s | best 7.907688e-01 @414 *
epoch  415 | train 7.435367e-01 | val 7.906101e-01 |   1.068 s | best 7.906101e-01 @415 *
epoch  416 | train 7.369297e-01 | val 7.904618e-01 |   1.071 s | best 7.904618e-01 @416 *
epoch  417 | train 7.424227e-01 | val 7.903109e-01 |   1.059 s | best 7.903109e-01 @417 *
epoch  418 | train 7.396081e-01 | val 7.901605e-01 |   1.057 s | best 7.901605e-01 @418 *
epoch  419 | train 7.440374e-01 | val 7.900141e-01 |   1.076 s | best 7.900141e-01 @419 *
epoch  420 | train 7.485150e-01 | val 7.898593e-01 |   1.063 s | best 7.898593e-01 @420 *
epoch  421 | train 7.453651e-01 | val 7.897087e-01 |   1.049 s | best 7.897087e-01 @421 *
epoch  422 | train 7.422308e-01 | val 7.895585e-01 |   1.100 s | best 7.895585e-01 @422 *
epoch  423 | train 7.430927e-01 | val 7.894073e-01 |   1.079 s | best 7.894073e-01 @423 *
epoch  424 | train 7.385946e-01 | val 7.892582e-01 |   1.087 s | best 7.892582e-01 @424 *
epoch  425 | train 7.469504e-01 | val 7.891049e-01 |   1.091 s | best 7.891049e-01 @425 *
epoch  426 | train 7.406924e-01 | val 7.889475e-01 |   1.076 s | best 7.889475e-01 @426 *
epoch  427 | train 7.463202e-01 | val 7.887984e-01 |   1.073 s | best 7.887984e-01 @427 *
epoch  428 | train 7.516642e-01 | val 7.886500e-01 |   1.077 s | best 7.886500e-01 @428 *
epoch  429 | train 7.424762e-01 | val 7.885075e-01 |   1.097 s | best 7.885075e-01 @429 *
epoch  430 | train 7.386548e-01 | val 7.883688e-01 |   1.075 s | best 7.883688e-01 @430 *
epoch  431 | train 7.451030e-01 | val 7.882258e-01 |   1.088 s | best 7.882258e-01 @431 *
epoch  432 | train 7.432423e-01 | val 7.880828e-01 |   1.089 s | best 7.880828e-01 @432 *
epoch  433 | train 7.428724e-01 | val 7.879348e-01 |   1.042 s | best 7.879348e-01 @433 *
epoch  434 | train 7.489473e-01 | val 7.877923e-01 |   1.094 s | best 7.877923e-01 @434 *
epoch  435 | train 7.370997e-01 | val 7.876521e-01 |   1.092 s | best 7.876521e-01 @435 *
epoch  436 | train 7.428461e-01 | val 7.875138e-01 |   1.089 s | best 7.875138e-01 @436 *
epoch  437 | train 7.433847e-01 | val 7.873803e-01 |   1.082 s | best 7.873803e-01 @437 *
epoch  438 | train 7.427472e-01 | val 7.872498e-01 |   1.086 s | best 7.872498e-01 @438 *
epoch  439 | train 7.449183e-01 | val 7.871192e-01 |   1.061 s | best 7.871192e-01 @439 *
epoch  440 | train 7.406716e-01 | val 7.869859e-01 |   1.056 s | best 7.869859e-01 @440 *
epoch  441 | train 7.405568e-01 | val 7.868612e-01 |   1.057 s | best 7.868612e-01 @441 *
epoch  442 | train 7.387189e-01 | val 7.867306e-01 |   1.053 s | best 7.867306e-01 @442 *
epoch  443 | train 7.401822e-01 | val 7.866043e-01 |   1.053 s | best 7.866043e-01 @443 *
epoch  444 | train 7.399920e-01 | val 7.864740e-01 |   1.066 s | best 7.864740e-01 @444 *
epoch  445 | train 7.421239e-01 | val 7.863456e-01 |   1.051 s | best 7.863456e-01 @445 *
epoch  446 | train 7.427443e-01 | val 7.862179e-01 |   1.052 s | best 7.862179e-01 @446 *
epoch  447 | train 7.461120e-01 | val 7.860961e-01 |   1.055 s | best 7.860961e-01 @447 *
epoch  448 | train 7.436372e-01 | val 7.859756e-01 |   1.062 s | best 7.859756e-01 @448 *
epoch  449 | train 7.419608e-01 | val 7.858590e-01 |   1.055 s | best 7.858590e-01 @449 *
epoch  450 | train 7.379704e-01 | val 7.857366e-01 |   1.056 s | best 7.857366e-01 @450 *
epoch  451 | train 7.424473e-01 | val 7.856126e-01 |   1.071 s | best 7.856126e-01 @451 *
epoch  452 | train 7.419878e-01 | val 7.854940e-01 |   1.059 s | best 7.854940e-01 @452 *
epoch  453 | train 7.426507e-01 | val 7.853770e-01 |   1.068 s | best 7.853770e-01 @453 *
epoch  454 | train 7.370477e-01 | val 7.852641e-01 |   1.051 s | best 7.852641e-01 @454 *
epoch  455 | train 7.400278e-01 | val 7.851537e-01 |   1.064 s | best 7.851537e-01 @455 *
epoch  456 | train 7.443723e-01 | val 7.850420e-01 |   1.046 s | best 7.850420e-01 @456 *
epoch  457 | train 7.384074e-01 | val 7.849292e-01 |   1.055 s | best 7.849292e-01 @457 *
epoch  458 | train 7.364108e-01 | val 7.848151e-01 |   1.060 s | best 7.848151e-01 @458 *
epoch  459 | train 7.414446e-01 | val 7.847060e-01 |   1.049 s | best 7.847060e-01 @459 *
epoch  460 | train 7.384996e-01 | val 7.846032e-01 |   1.047 s | best 7.846032e-01 @460 *
epoch  461 | train 7.427770e-01 | val 7.844923e-01 |   1.059 s | best 7.844923e-01 @461 *
epoch  462 | train 7.387276e-01 | val 7.843806e-01 |   1.050 s | best 7.843806e-01 @462 *
epoch  463 | train 7.365595e-01 | val 7.842691e-01 |   1.060 s | best 7.842691e-01 @463 *
epoch  464 | train 7.444228e-01 | val 7.841623e-01 |   1.053 s | best 7.841623e-01 @464 *
epoch  465 | train 7.402605e-01 | val 7.840532e-01 |   1.053 s | best 7.840532e-01 @465 *
epoch  466 | train 7.419865e-01 | val 7.839428e-01 |   1.054 s | best 7.839428e-01 @466 *
epoch  467 | train 7.372346e-01 | val 7.838407e-01 |   1.050 s | best 7.838407e-01 @467 *
epoch  468 | train 7.415432e-01 | val 7.837341e-01 |   1.045 s | best 7.837341e-01 @468 *
epoch  469 | train 7.449991e-01 | val 7.836229e-01 |   1.039 s | best 7.836229e-01 @469 *
epoch  470 | train 7.367574e-01 | val 7.835137e-01 |   1.059 s | best 7.835137e-01 @470 *
epoch  471 | train 7.403467e-01 | val 7.834055e-01 |   1.050 s | best 7.834055e-01 @471 *
epoch  472 | train 7.353820e-01 | val 7.833002e-01 |   1.055 s | best 7.833002e-01 @472 *
epoch  473 | train 7.443162e-01 | val 7.831955e-01 |   1.056 s | best 7.831955e-01 @473 *
epoch  474 | train 7.426146e-01 | val 7.830928e-01 |   1.048 s | best 7.830928e-01 @474 *
epoch  475 | train 7.354573e-01 | val 7.829946e-01 |   1.057 s | best 7.829946e-01 @475 *
epoch  476 | train 7.442406e-01 | val 7.828917e-01 |   1.051 s | best 7.828917e-01 @476 *
epoch  477 | train 7.373731e-01 | val 7.827897e-01 |   1.052 s | best 7.827897e-01 @477 *
epoch  478 | train 7.373461e-01 | val 7.826912e-01 |   1.056 s | best 7.826912e-01 @478 *
epoch  479 | train 7.393487e-01 | val 7.825868e-01 |   1.050 s | best 7.825868e-01 @479 *
epoch  480 | train 7.394103e-01 | val 7.824859e-01 |   1.061 s | best 7.824859e-01 @480 *
epoch  481 | train 7.347862e-01 | val 7.823865e-01 |   1.064 s | best 7.823865e-01 @481 *
epoch  482 | train 7.415736e-01 | val 7.822897e-01 |   1.052 s | best 7.822897e-01 @482 *
epoch  483 | train 7.353100e-01 | val 7.821889e-01 |   1.054 s | best 7.821889e-01 @483 *
epoch  484 | train 7.379706e-01 | val 7.820895e-01 |   1.047 s | best 7.820895e-01 @484 *
epoch  485 | train 7.404887e-01 | val 7.819970e-01 |   1.055 s | best 7.819970e-01 @485 *
epoch  486 | train 7.395385e-01 | val 7.819046e-01 |   1.057 s | best 7.819046e-01 @486 *
epoch  487 | train 7.371320e-01 | val 7.818077e-01 |   1.058 s | best 7.818077e-01 @487 *
epoch  488 | train 7.398137e-01 | val 7.817134e-01 |   1.060 s | best 7.817134e-01 @488 *
epoch  489 | train 7.375361e-01 | val 7.816133e-01 |   1.057 s | best 7.816133e-01 @489 *
epoch  490 | train 7.375507e-01 | val 7.815221e-01 |   1.052 s | best 7.815221e-01 @490 *
epoch  491 | train 7.381837e-01 | val 7.814270e-01 |   1.060 s | best 7.814270e-01 @491 *
epoch  492 | train 7.379810e-01 | val 7.813300e-01 |   1.050 s | best 7.813300e-01 @492 *
epoch  493 | train 7.417342e-01 | val 7.812356e-01 |   1.062 s | best 7.812356e-01 @493 *
epoch  494 | train 7.383274e-01 | val 7.811385e-01 |   1.047 s | best 7.811385e-01 @494 *
epoch  495 | train 7.389918e-01 | val 7.810442e-01 |   1.052 s | best 7.810442e-01 @495 *
epoch  496 | train 7.380936e-01 | val 7.809492e-01 |   1.051 s | best 7.809492e-01 @496 *
epoch  497 | train 7.323770e-01 | val 7.808532e-01 |   1.045 s | best 7.808532e-01 @497 *
epoch  498 | train 7.434388e-01 | val 7.807602e-01 |   1.057 s | best 7.807602e-01 @498 *
epoch  499 | train 7.414971e-01 | val 7.806726e-01 |   1.053 s | best 7.806726e-01 @499 *
epoch  500 | train 7.325335e-01 | val 7.805861e-01 |   1.058 s | best 7.805861e-01 @500 *
epoch  501 | train 7.364398e-01 | val 7.804914e-01 |   1.060 s | best 7.804914e-01 @501 *
epoch  502 | train 7.370662e-01 | val 7.804034e-01 |   1.053 s | best 7.804034e-01 @502 *
epoch  503 | train 7.387880e-01 | val 7.803134e-01 |   1.054 s | best 7.803134e-01 @503 *
epoch  504 | train 7.368850e-01 | val 7.802305e-01 |   1.048 s | best 7.802305e-01 @504 *
epoch  505 | train 7.351136e-01 | val 7.801390e-01 |   1.054 s | best 7.801390e-01 @505 *
epoch  506 | train 7.346444e-01 | val 7.800513e-01 |   1.057 s | best 7.800513e-01 @506 *
epoch  507 | train 7.310155e-01 | val 7.799612e-01 |   1.049 s | best 7.799612e-01 @507 *
epoch  508 | train 7.348808e-01 | val 7.798777e-01 |   1.056 s | best 7.798777e-01 @508 *
epoch  509 | train 7.404986e-01 | val 7.797919e-01 |   1.048 s | best 7.797919e-01 @509 *
epoch  510 | train 7.402244e-01 | val 7.797040e-01 |   1.050 s | best 7.797040e-01 @510 *
epoch  511 | train 7.380614e-01 | val 7.796180e-01 |   1.058 s | best 7.796180e-01 @511 *
epoch  512 | train 7.363811e-01 | val 7.795383e-01 |   1.068 s | best 7.795383e-01 @512 *
epoch  513 | train 7.341854e-01 | val 7.794524e-01 |   1.051 s | best 7.794524e-01 @513 *
epoch  514 | train 7.315415e-01 | val 7.793657e-01 |   1.067 s | best 7.793657e-01 @514 *
epoch  515 | train 7.350693e-01 | val 7.792790e-01 |   1.048 s | best 7.792790e-01 @515 *
epoch  516 | train 7.366234e-01 | val 7.791950e-01 |   1.054 s | best 7.791950e-01 @516 *
epoch  517 | train 7.318089e-01 | val 7.791169e-01 |   0.948 s | best 7.791169e-01 @517 *
epoch  518 | train 7.371054e-01 | val 7.790368e-01 |   1.048 s | best 7.790368e-01 @518 *
epoch  519 | train 7.390668e-01 | val 7.789608e-01 |   1.048 s | best 7.789608e-01 @519 *
epoch  520 | train 7.402927e-01 | val 7.788834e-01 |   1.061 s | best 7.788834e-01 @520 *
epoch  521 | train 7.291394e-01 | val 7.788094e-01 |   1.064 s | best 7.788094e-01 @521 *
epoch  522 | train 7.371098e-01 | val 7.787344e-01 |   1.093 s | best 7.787344e-01 @522 *
epoch  523 | train 7.386306e-01 | val 7.786571e-01 |   1.063 s | best 7.786571e-01 @523 *
epoch  524 | train 7.316944e-01 | val 7.785755e-01 |   1.060 s | best 7.785755e-01 @524 *
epoch  525 | train 7.368267e-01 | val 7.784951e-01 |   1.047 s | best 7.784951e-01 @525 *
epoch  526 | train 7.379933e-01 | val 7.784108e-01 |   1.056 s | best 7.784108e-01 @526 *
epoch  527 | train 7.361352e-01 | val 7.783308e-01 |   1.045 s | best 7.783308e-01 @527 *
epoch  528 | train 7.382431e-01 | val 7.782485e-01 |   1.057 s | best 7.782485e-01 @528 *
epoch  529 | train 7.299295e-01 | val 7.781679e-01 |   1.059 s | best 7.781679e-01 @529 *
epoch  530 | train 7.327730e-01 | val 7.780817e-01 |   1.058 s | best 7.780817e-01 @530 *
epoch  531 | train 7.321332e-01 | val 7.780004e-01 |   1.056 s | best 7.780004e-01 @531 *
epoch  532 | train 7.297509e-01 | val 7.779192e-01 |   1.055 s | best 7.779192e-01 @532 *
epoch  533 | train 7.329510e-01 | val 7.778403e-01 |   1.057 s | best 7.778403e-01 @533 *
epoch  534 | train 7.388764e-01 | val 7.777658e-01 |   1.064 s | best 7.777658e-01 @534 *
epoch  535 | train 7.346832e-01 | val 7.776908e-01 |   1.061 s | best 7.776908e-01 @535 *
epoch  536 | train 7.324392e-01 | val 7.776169e-01 |   1.056 s | best 7.776169e-01 @536 *
epoch  537 | train 7.371430e-01 | val 7.775404e-01 |   1.055 s | best 7.775404e-01 @537 *
epoch  538 | train 7.344820e-01 | val 7.774655e-01 |   1.054 s | best 7.774655e-01 @538 *
epoch  539 | train 7.324458e-01 | val 7.773908e-01 |   1.047 s | best 7.773908e-01 @539 *
epoch  540 | train 7.332943e-01 | val 7.773167e-01 |   1.056 s | best 7.773167e-01 @540 *
epoch  541 | train 7.336671e-01 | val 7.772453e-01 |   1.064 s | best 7.772453e-01 @541 *
epoch  542 | train 7.323830e-01 | val 7.771707e-01 |   1.050 s | best 7.771707e-01 @542 *
epoch  543 | train 7.320031e-01 | val 7.770989e-01 |   1.090 s | best 7.770989e-01 @543 *
epoch  544 | train 7.338445e-01 | val 7.770191e-01 |   1.061 s | best 7.770191e-01 @544 *
epoch  545 | train 7.348811e-01 | val 7.769378e-01 |   1.057 s | best 7.769378e-01 @545 *
epoch  546 | train 7.329582e-01 | val 7.768551e-01 |   1.051 s | best 7.768551e-01 @546 *
epoch  547 | train 7.309246e-01 | val 7.767732e-01 |   1.096 s | best 7.767732e-01 @547 *
epoch  548 | train 7.348551e-01 | val 7.766934e-01 |   1.059 s | best 7.766934e-01 @548 *
epoch  549 | train 7.314730e-01 | val 7.766105e-01 |   1.052 s | best 7.766105e-01 @549 *
epoch  550 | train 7.256492e-01 | val 7.765264e-01 |   1.046 s | best 7.765264e-01 @550 *
epoch  551 | train 7.290841e-01 | val 7.764375e-01 |   1.058 s | best 7.764375e-01 @551 *
epoch  552 | train 7.309362e-01 | val 7.763516e-01 |   1.019 s | best 7.763516e-01 @552 *
epoch  553 | train 7.312671e-01 | val 7.762675e-01 |   1.014 s | best 7.762675e-01 @553 *
epoch  554 | train 7.263589e-01 | val 7.761883e-01 |   1.013 s | best 7.761883e-01 @554 *
epoch  555 | train 7.305874e-01 | val 7.761100e-01 |   1.016 s | best 7.761100e-01 @555 *
epoch  556 | train 7.279495e-01 | val 7.760295e-01 |   1.016 s | best 7.760295e-01 @556 *
epoch  557 | train 7.277515e-01 | val 7.759436e-01 |   1.021 s | best 7.759436e-01 @557 *
epoch  558 | train 7.296101e-01 | val 7.758568e-01 |   1.023 s | best 7.758568e-01 @558 *
epoch  559 | train 7.309775e-01 | val 7.757732e-01 |   1.020 s | best 7.757732e-01 @559 *
epoch  560 | train 7.292601e-01 | val 7.756918e-01 |   1.020 s | best 7.756918e-01 @560 *
epoch  561 | train 7.309546e-01 | val 7.756096e-01 |   1.021 s | best 7.756096e-01 @561 *
epoch  562 | train 7.308040e-01 | val 7.755247e-01 |   1.021 s | best 7.755247e-01 @562 *
epoch  563 | train 7.340478e-01 | val 7.754423e-01 |   1.018 s | best 7.754423e-01 @563 *
epoch  564 | train 7.277503e-01 | val 7.753615e-01 |   1.056 s | best 7.753615e-01 @564 *
epoch  565 | train 7.343462e-01 | val 7.752761e-01 |   1.019 s | best 7.752761e-01 @565 *
epoch  566 | train 7.295067e-01 | val 7.751949e-01 |   1.018 s | best 7.751949e-01 @566 *
epoch  567 | train 7.299372e-01 | val 7.751144e-01 |   1.021 s | best 7.751144e-01 @567 *
epoch  568 | train 7.298667e-01 | val 7.750342e-01 |   1.018 s | best 7.750342e-01 @568 *
epoch  569 | train 7.290702e-01 | val 7.749559e-01 |   1.019 s | best 7.749559e-01 @569 *
epoch  570 | train 7.244731e-01 | val 7.748765e-01 |   1.016 s | best 7.748765e-01 @570 *
epoch  571 | train 7.267492e-01 | val 7.747949e-01 |   1.017 s | best 7.747949e-01 @571 *
epoch  572 | train 7.265876e-01 | val 7.747142e-01 |   1.019 s | best 7.747142e-01 @572 *
epoch  573 | train 7.276060e-01 | val 7.746363e-01 |   1.018 s | best 7.746363e-01 @573 *
epoch  574 | train 7.290023e-01 | val 7.745571e-01 |   1.012 s | best 7.745571e-01 @574 *
epoch  575 | train 7.285875e-01 | val 7.744726e-01 |   1.013 s | best 7.744726e-01 @575 *
epoch  576 | train 7.262393e-01 | val 7.743958e-01 |   1.017 s | best 7.743958e-01 @576 *
epoch  577 | train 7.268265e-01 | val 7.743126e-01 |   1.007 s | best 7.743126e-01 @577 *
epoch  578 | train 7.271421e-01 | val 7.742335e-01 |   1.014 s | best 7.742335e-01 @578 *
epoch  579 | train 7.281182e-01 | val 7.741586e-01 |   1.022 s | best 7.741586e-01 @579 *
epoch  580 | train 7.304086e-01 | val 7.740796e-01 |   1.015 s | best 7.740796e-01 @580 *
epoch  581 | train 7.251086e-01 | val 7.740027e-01 |   1.016 s | best 7.740027e-01 @581 *
epoch  582 | train 7.276297e-01 | val 7.739234e-01 |   1.017 s | best 7.739234e-01 @582 *
epoch  583 | train 7.243849e-01 | val 7.738429e-01 |   1.022 s | best 7.738429e-01 @583 *
epoch  584 | train 7.253478e-01 | val 7.737600e-01 |   1.018 s | best 7.737600e-01 @584 *
epoch  585 | train 7.285207e-01 | val 7.736796e-01 |   1.016 s | best 7.736796e-01 @585 *
epoch  586 | train 7.230778e-01 | val 7.735959e-01 |   1.027 s | best 7.735959e-01 @586 *
epoch  587 | train 7.278676e-01 | val 7.735091e-01 |   1.017 s | best 7.735091e-01 @587 *
epoch  588 | train 7.248781e-01 | val 7.734280e-01 |   1.017 s | best 7.734280e-01 @588 *
epoch  589 | train 7.288028e-01 | val 7.733478e-01 |   1.065 s | best 7.733478e-01 @589 *
epoch  590 | train 7.275093e-01 | val 7.732636e-01 |   1.017 s | best 7.732636e-01 @590 *
epoch  591 | train 7.308781e-01 | val 7.731838e-01 |   0.842 s | best 7.731838e-01 @591 *
epoch  592 | train 7.224813e-01 | val 7.731027e-01 |   0.989 s | best 7.731027e-01 @592 *
epoch  593 | train 7.280459e-01 | val 7.730221e-01 |   1.019 s | best 7.730221e-01 @593 *
epoch  594 | train 7.182825e-01 | val 7.729447e-01 |   1.010 s | best 7.729447e-01 @594 *
epoch  595 | train 7.195374e-01 | val 7.728667e-01 |   1.016 s | best 7.728667e-01 @595 *
epoch  596 | train 7.288444e-01 | val 7.727878e-01 |   1.013 s | best 7.727878e-01 @596 *
epoch  597 | train 7.230783e-01 | val 7.727070e-01 |   1.018 s | best 7.727070e-01 @597 *
epoch  598 | train 7.220875e-01 | val 7.726319e-01 |   1.008 s | best 7.726319e-01 @598 *
epoch  599 | train 7.259607e-01 | val 7.725519e-01 |   1.006 s | best 7.725519e-01 @599 *
epoch  600 | train 7.265830e-01 | val 7.724721e-01 |   1.014 s | best 7.724721e-01 @600 *
# done        : 600 epochs, stopped_by=max_epochs, aborted=False, best val 7.724721e-01 @ epoch 600, wall 695.1 s, 1.158 s/epoch
