
# ===== 2026-09-20 15:00:10 KST  HPO attempt 5  testbed D1 prior S  Nr=8 Nt=4
# DEVICE      : cuda | cuda_available=True | NVIDIA RTX PRO 6000 Blackwell Server Edition | torch 2.14.0+cu130 | train dtype float32 (01_RULES §9.5)
# data        : n_train=9000 n_val=1000 split_hash=98d6225d67f9c15a E||H||_F^2/(NrNt)=1.000268 (04_SPEC §2)
# sigma grid  : MEASURED, 20 points, log-uniform draw over [3.2936e-02, 7.9084e-01]
# hp          : {'arch': 'unet', 'param': 'vp', 'domain': 'angle', 'lr': 6.080765567061205e-05, 'ema': 0.9995, 'batch': 512, 'emb': 64, 'width': 64, 'depth': 7}  params=5014338
# stopping    : patience 15 on val loss, never before 0 epochs, max 600 (01_RULES §5)
epoch    1 | train 9.882506e-01 | val 9.906244e-01 |   1.030 s | best 9.906244e-01 @1 *
epoch    2 | train 9.571154e-01 | val 9.904172e-01 |   0.395 s | best 9.904172e-01 @2 *
epoch    3 | train 9.233395e-01 | val 9.900710e-01 |   0.378 s | best 9.900710e-01 @3 *
epoch    4 | train 8.877681e-01 | val 9.895894e-01 |   0.386 s | best 9.895894e-01 @4 *
epoch    5 | train 8.555306e-01 | val 9.889751e-01 |   0.394 s | best 9.889751e-01 @5 *
epoch    6 | train 8.312232e-01 | val 9.882353e-01 |   0.399 s | best 9.882353e-01 @6 *
epoch    7 | train 8.122546e-01 | val 9.873771e-01 |   0.383 s | best 9.873771e-01 @7 *
epoch    8 | train 7.949765e-01 | val 9.864112e-01 |   0.392 s | best 9.864112e-01 @8 *
epoch    9 | train 7.820797e-01 | val 9.853456e-01 |   0.416 s | best 9.853456e-01 @9 *
epoch   10 | train 7.789147e-01 | val 9.841867e-01 |   1.203 s | best 9.841867e-01 @10 *
epoch   11 | train 7.737259e-01 | val 9.829419e-01 |   1.176 s | best 9.829419e-01 @11 *
epoch   12 | train 7.666808e-01 | val 9.816185e-01 |   1.116 s | best 9.816185e-01 @12 *
epoch   13 | train 7.636048e-01 | val 9.802217e-01 |   0.705 s | best 9.802217e-01 @13 *
epoch   14 | train 7.555735e-01 | val 9.787552e-01 |   1.172 s | best 9.787552e-01 @14 *
epoch   15 | train 7.650974e-01 | val 9.772217e-01 |   1.167 s | best 9.772217e-01 @15 *
epoch   16 | train 7.534882e-01 | val 9.756271e-01 |   1.154 s | best 9.756271e-01 @16 *
epoch   17 | train 7.593547e-01 | val 9.739742e-01 |   1.149 s | best 9.739742e-01 @17 *
epoch   18 | train 7.540581e-01 | val 9.722657e-01 |   1.004 s | best 9.722657e-01 @18 *
epoch   19 | train 7.568493e-01 | val 9.705038e-01 |   1.177 s | best 9.705038e-01 @19 *
epoch   20 | train 7.515736e-01 | val 9.686918e-01 |   1.157 s | best 9.686918e-01 @20 *
epoch   21 | train 7.472545e-01 | val 9.668301e-01 |   1.157 s | best 9.668301e-01 @21 *
epoch   22 | train 7.551078e-01 | val 9.649213e-01 |   1.185 s | best 9.649213e-01 @22 *
epoch   23 | train 7.551478e-01 | val 9.629675e-01 |   1.161 s | best 9.629675e-01 @23 *
epoch   24 | train 7.459921e-01 | val 9.609712e-01 |   1.158 s | best 9.609712e-01 @24 *
epoch   25 | train 7.423391e-01 | val 9.589316e-01 |   1.194 s | best 9.589316e-01 @25 *
epoch   26 | train 7.509286e-01 | val 9.568526e-01 |   1.181 s | best 9.568526e-01 @26 *
epoch   27 | train 7.514003e-01 | val 9.547385e-01 |   1.150 s | best 9.547385e-01 @27 *
epoch   28 | train 7.539238e-01 | val 9.525906e-01 |   1.149 s | best 9.525906e-01 @28 *
epoch   29 | train 7.539611e-01 | val 9.504069e-01 |   1.154 s | best 9.504069e-01 @29 *
epoch   30 | train 7.472980e-01 | val 9.481921e-01 |   1.142 s | best 9.481921e-01 @30 *
epoch   31 | train 7.453034e-01 | val 9.459481e-01 |   1.143 s | best 9.459481e-01 @31 *
epoch   32 | train 7.452026e-01 | val 9.436755e-01 |   1.146 s | best 9.436755e-01 @32 *
epoch   33 | train 7.474676e-01 | val 9.413757e-01 |   1.143 s | best 9.413757e-01 @33 *
epoch   34 | train 7.428654e-01 | val 9.390500e-01 |   1.187 s | best 9.390500e-01 @34 *
epoch   35 | train 7.449893e-01 | val 9.366994e-01 |   1.144 s | best 9.366994e-01 @35 *
epoch   36 | train 7.434687e-01 | val 9.343302e-01 |   1.152 s | best 9.343302e-01 @36 *
epoch   37 | train 7.443949e-01 | val 9.319383e-01 |   1.148 s | best 9.319383e-01 @37 *
epoch   38 | train 7.484323e-01 | val 9.295291e-01 |   1.143 s | best 9.295291e-01 @38 *
epoch   39 | train 7.478748e-01 | val 9.271004e-01 |   1.152 s | best 9.271004e-01 @39 *
epoch   40 | train 7.429197e-01 | val 9.246613e-01 |   1.157 s | best 9.246613e-01 @40 *
epoch   41 | train 7.438681e-01 | val 9.222035e-01 |   1.148 s | best 9.222035e-01 @41 *
epoch   42 | train 7.430422e-01 | val 9.197316e-01 |   1.151 s | best 9.197316e-01 @42 *
epoch   43 | train 7.396098e-01 | val 9.172473e-01 |   0.819 s | best 9.172473e-01 @43 *
epoch   44 | train 7.447952e-01 | val 9.147552e-01 |   1.153 s | best 9.147552e-01 @44 *
epoch   45 | train 7.422287e-01 | val 9.122558e-01 |   1.171 s | best 9.122558e-01 @45 *
epoch   46 | train 7.352592e-01 | val 9.097471e-01 |   1.190 s | best 9.097471e-01 @46 *
epoch   47 | train 7.445035e-01 | val 9.072343e-01 |   1.189 s | best 9.072343e-01 @47 *
epoch   48 | train 7.388934e-01 | val 9.047171e-01 |   1.190 s | best 9.047171e-01 @48 *
epoch   49 | train 7.416778e-01 | val 9.022070e-01 |   1.190 s | best 9.022070e-01 @49 *
epoch   50 | train 7.357882e-01 | val 8.996903e-01 |   1.188 s | best 8.996903e-01 @50 *
epoch   51 | train 7.430057e-01 | val 8.971774e-01 |   1.186 s | best 8.971774e-01 @51 *
epoch   52 | train 7.428746e-01 | val 8.946656e-01 |   1.181 s | best 8.946656e-01 @52 *
epoch   53 | train 7.410435e-01 | val 8.921602e-01 |   1.186 s | best 8.921602e-01 @53 *
epoch   54 | train 7.348199e-01 | val 8.896558e-01 |   1.206 s | best 8.896558e-01 @54 *
epoch   55 | train 7.403104e-01 | val 8.871629e-01 |   1.203 s | best 8.871629e-01 @55 *
epoch   56 | train 7.442184e-01 | val 8.846803e-01 |   1.215 s | best 8.846803e-01 @56 *
epoch   57 | train 7.441112e-01 | val 8.822020e-01 |   1.151 s | best 8.822020e-01 @57 *
epoch   58 | train 7.411891e-01 | val 8.797338e-01 |   1.212 s | best 8.797338e-01 @58 *
epoch   59 | train 7.367993e-01 | val 8.772789e-01 |   1.197 s | best 8.772789e-01 @59 *
epoch   60 | train 7.349080e-01 | val 8.748436e-01 |   1.222 s | best 8.748436e-01 @60 *
epoch   61 | train 7.345668e-01 | val 8.724226e-01 |   1.194 s | best 8.724226e-01 @61 *
epoch   62 | train 7.427943e-01 | val 8.700188e-01 |   1.183 s | best 8.700188e-01 @62 *
epoch   63 | train 7.390972e-01 | val 8.676324e-01 |   1.188 s | best 8.676324e-01 @63 *
epoch   64 | train 7.363294e-01 | val 8.652654e-01 |   1.202 s | best 8.652654e-01 @64 *
epoch   65 | train 7.317056e-01 | val 8.629197e-01 |   1.203 s | best 8.629197e-01 @65 *
epoch   66 | train 7.354209e-01 | val 8.605915e-01 |   1.212 s | best 8.605915e-01 @66 *
epoch   67 | train 7.381633e-01 | val 8.582858e-01 |   1.152 s | best 8.582858e-01 @67 *
epoch   68 | train 7.397040e-01 | val 8.560031e-01 |   1.156 s | best 8.560031e-01 @68 *
epoch   69 | train 7.366580e-01 | val 8.537410e-01 |   1.164 s | best 8.537410e-01 @69 *
epoch   70 | train 7.349902e-01 | val 8.515110e-01 |   1.175 s | best 8.515110e-01 @70 *
epoch   71 | train 7.382265e-01 | val 8.492978e-01 |   1.192 s | best 8.492978e-01 @71 *
epoch   72 | train 7.307806e-01 | val 8.471093e-01 |   1.176 s | best 8.471093e-01 @72 *
epoch   73 | train 7.347159e-01 | val 8.449500e-01 |   1.180 s | best 8.449500e-01 @73 *
epoch   74 | train 7.331319e-01 | val 8.428177e-01 |   1.170 s | best 8.428177e-01 @74 *
epoch   75 | train 7.368460e-01 | val 8.407140e-01 |   1.172 s | best 8.407140e-01 @75 *
epoch   76 | train 7.342001e-01 | val 8.386327e-01 |   1.148 s | best 8.386327e-01 @76 *
epoch   77 | train 7.308547e-01 | val 8.365870e-01 |   1.152 s | best 8.365870e-01 @77 *
epoch   78 | train 7.343434e-01 | val 8.345644e-01 |   1.152 s | best 8.345644e-01 @78 *
epoch   79 | train 7.252303e-01 | val 8.325754e-01 |   1.211 s | best 8.325754e-01 @79 *
epoch   80 | train 7.321132e-01 | val 8.306238e-01 |   1.174 s | best 8.306238e-01 @80 *
epoch   81 | train 7.270810e-01 | val 8.286913e-01 |   1.186 s | best 8.286913e-01 @81 *
epoch   82 | train 7.308412e-01 | val 8.267945e-01 |   1.153 s | best 8.267945e-01 @82 *
epoch   83 | train 7.318879e-01 | val 8.249281e-01 |   1.151 s | best 8.249281e-01 @83 *
epoch   84 | train 7.267724e-01 | val 8.230822e-01 |   1.146 s | best 8.230822e-01 @84 *
epoch   85 | train 7.269612e-01 | val 8.212737e-01 |   1.148 s | best 8.212737e-01 @85 *
epoch   86 | train 7.282600e-01 | val 8.194971e-01 |   1.161 s | best 8.194971e-01 @86 *
epoch   87 | train 7.322075e-01 | val 8.177494e-01 |   1.151 s | best 8.177494e-01 @87 *
epoch   88 | train 7.264149e-01 | val 8.160303e-01 |   1.152 s | best 8.160303e-01 @88 *
epoch   89 | train 7.252679e-01 | val 8.143432e-01 |   1.154 s | best 8.143432e-01 @89 *
epoch   90 | train 7.260867e-01 | val 8.126864e-01 |   1.155 s | best 8.126864e-01 @90 *
epoch   91 | train 7.264097e-01 | val 8.110524e-01 |   1.157 s | best 8.110524e-01 @91 *
epoch   92 | train 7.310620e-01 | val 8.094546e-01 |   1.156 s | best 8.094546e-01 @92 *
epoch   93 | train 7.203621e-01 | val 8.078869e-01 |   1.164 s | best 8.078869e-01 @93 *
epoch   94 | train 7.273188e-01 | val 8.063501e-01 |   1.157 s | best 8.063501e-01 @94 *
epoch   95 | train 7.262903e-01 | val 8.048410e-01 |   1.168 s | best 8.048410e-01 @95 *
epoch   96 | train 7.252516e-01 | val 8.033602e-01 |   1.159 s | best 8.033602e-01 @96 *
epoch   97 | train 7.242052e-01 | val 8.019055e-01 |   1.160 s | best 8.019055e-01 @97 *
epoch   98 | train 7.212834e-01 | val 8.004807e-01 |   1.160 s | best 8.004807e-01 @98 *
epoch   99 | train 7.200859e-01 | val 7.990876e-01 |   1.158 s | best 7.990876e-01 @99 *
epoch  100 | train 7.220669e-01 | val 7.977199e-01 |   1.159 s | best 7.977199e-01 @100 *
epoch  101 | train 7.169119e-01 | val 7.963802e-01 |   1.197 s | best 7.963802e-01 @101 *
epoch  102 | train 7.183393e-01 | val 7.950654e-01 |   1.157 s | best 7.950654e-01 @102 *
epoch  103 | train 7.216877e-01 | val 7.937829e-01 |   1.153 s | best 7.937829e-01 @103 *
epoch  104 | train 7.133190e-01 | val 7.925273e-01 |   1.154 s | best 7.925273e-01 @104 *
epoch  105 | train 7.166228e-01 | val 7.912905e-01 |   1.156 s | best 7.912905e-01 @105 *
epoch  106 | train 7.120737e-01 | val 7.900859e-01 |   1.151 s | best 7.900859e-01 @106 *
epoch  107 | train 7.120287e-01 | val 7.889035e-01 |   1.156 s | best 7.889035e-01 @107 *
epoch  108 | train 7.176570e-01 | val 7.877490e-01 |   1.160 s | best 7.877490e-01 @108 *
epoch  109 | train 7.175735e-01 | val 7.866182e-01 |   1.160 s | best 7.866182e-01 @109 *
epoch  110 | train 7.118470e-01 | val 7.855085e-01 |   1.169 s | best 7.855085e-01 @110 *
epoch  111 | train 7.158510e-01 | val 7.844257e-01 |   1.159 s | best 7.844257e-01 @111 *
epoch  112 | train 7.139770e-01 | val 7.833710e-01 |   1.154 s | best 7.833710e-01 @112 *
epoch  113 | train 7.150445e-01 | val 7.823395e-01 |   1.151 s | best 7.823395e-01 @113 *
epoch  114 | train 7.180480e-01 | val 7.813268e-01 |   1.149 s | best 7.813268e-01 @114 *
epoch  115 | train 7.156791e-01 | val 7.803390e-01 |   1.159 s | best 7.803390e-01 @115 *
epoch  116 | train 7.167087e-01 | val 7.793800e-01 |   1.158 s | best 7.793800e-01 @116 *
epoch  117 | train 7.131722e-01 | val 7.784435e-01 |   1.150 s | best 7.784435e-01 @117 *
epoch  118 | train 7.054030e-01 | val 7.775275e-01 |   1.152 s | best 7.775275e-01 @118 *
epoch  119 | train 7.145484e-01 | val 7.766368e-01 |   1.157 s | best 7.766368e-01 @119 *
epoch  120 | train 7.054941e-01 | val 7.757678e-01 |   1.150 s | best 7.757678e-01 @120 *
epoch  121 | train 7.096530e-01 | val 7.749175e-01 |   1.153 s | best 7.749175e-01 @121 *
epoch  122 | train 7.043033e-01 | val 7.740875e-01 |   1.152 s | best 7.740875e-01 @122 *
epoch  123 | train 7.062957e-01 | val 7.732774e-01 |   1.152 s | best 7.732774e-01 @123 *
epoch  124 | train 7.130534e-01 | val 7.724928e-01 |   1.157 s | best 7.724928e-01 @124 *
epoch  125 | train 7.087699e-01 | val 7.717215e-01 |   1.152 s | best 7.717215e-01 @125 *
epoch  126 | train 7.105513e-01 | val 7.709711e-01 |   1.157 s | best 7.709711e-01 @126 *
epoch  127 | train 7.033896e-01 | val 7.702411e-01 |   1.155 s | best 7.702411e-01 @127 *
epoch  128 | train 7.050467e-01 | val 7.695276e-01 |   1.154 s | best 7.695276e-01 @128 *
epoch  129 | train 7.056493e-01 | val 7.688338e-01 |   1.159 s | best 7.688338e-01 @129 *
epoch  130 | train 7.062259e-01 | val 7.681620e-01 |   1.161 s | best 7.681620e-01 @130 *
epoch  131 | train 7.076075e-01 | val 7.675046e-01 |   1.152 s | best 7.675046e-01 @131 *
epoch  132 | train 7.019406e-01 | val 7.668701e-01 |   1.034 s | best 7.668701e-01 @132 *
epoch  133 | train 7.047856e-01 | val 7.662501e-01 |   1.146 s | best 7.662501e-01 @133 *
epoch  134 | train 7.033086e-01 | val 7.656550e-01 |   1.148 s | best 7.656550e-01 @134 *
epoch  135 | train 7.019566e-01 | val 7.650698e-01 |   1.129 s | best 7.650698e-01 @135 *
epoch  136 | train 6.995950e-01 | val 7.645056e-01 |   1.138 s | best 7.645056e-01 @136 *
epoch  137 | train 6.983963e-01 | val 7.639603e-01 |   1.165 s | best 7.639603e-01 @137 *
epoch  138 | train 6.941590e-01 | val 7.634311e-01 |   1.134 s | best 7.634311e-01 @138 *
epoch  139 | train 6.961968e-01 | val 7.629223e-01 |   1.130 s | best 7.629223e-01 @139 *
epoch  140 | train 6.964578e-01 | val 7.624248e-01 |   1.134 s | best 7.624248e-01 @140 *
epoch  141 | train 6.987217e-01 | val 7.619476e-01 |   0.766 s | best 7.619476e-01 @141 *
epoch  142 | train 6.967552e-01 | val 7.614861e-01 |   1.118 s | best 7.614861e-01 @142 *
epoch  143 | train 6.940056e-01 | val 7.610416e-01 |   1.121 s | best 7.610416e-01 @143 *
epoch  144 | train 6.906763e-01 | val 7.606084e-01 |   1.148 s | best 7.606084e-01 @144 *
epoch  145 | train 6.932267e-01 | val 7.601964e-01 |   1.124 s | best 7.601964e-01 @145 *
epoch  146 | train 6.952727e-01 | val 7.597943e-01 |   1.126 s | best 7.597943e-01 @146 *
epoch  147 | train 6.952961e-01 | val 7.594108e-01 |   1.128 s | best 7.594108e-01 @147 *
epoch  148 | train 6.918632e-01 | val 7.590424e-01 |   1.132 s | best 7.590424e-01 @148 *
epoch  149 | train 6.942961e-01 | val 7.586867e-01 |   1.123 s | best 7.586867e-01 @149 *
epoch  150 | train 6.879877e-01 | val 7.583494e-01 |   1.133 s | best 7.583494e-01 @150 *
epoch  151 | train 6.895324e-01 | val 7.580254e-01 |   0.768 s | best 7.580254e-01 @151 *
