
# ===== 2026-09-20 16:11:46 KST  HPO attempt 78  testbed D1 prior S  Nr=8 Nt=4
# DEVICE      : cuda | cuda_available=True | NVIDIA RTX PRO 6000 Blackwell Server Edition | torch 2.14.0+cu130 | train dtype float32 (01_RULES §9.5)
# data        : n_train=9000 n_val=1000 split_hash=98d6225d67f9c15a E||H||_F^2/(NrNt)=1.000268 (04_SPEC §2)
# sigma grid  : MEASURED, 20 points, log-uniform draw over [3.2936e-02, 7.9084e-01]
# hp          : {'arch': 'dit', 'param': 've', 'domain': 'angle', 'lr': 0.0012555466423061416, 'ema': 0.9999, 'batch': 128, 'emb': 128, 'width': 256, 'depth': 3, 'heads': 4, 'patch': 1}  params=3790338
# stopping    : patience 15 on val loss, never before 0 epochs, max 600 (01_RULES §5)
epoch    1 | train 8.346676e-01 | val 9.888204e-01 |   1.572 s | best 9.888204e-01 @1 *
epoch    2 | train 8.103481e-01 | val 9.871626e-01 |   1.594 s | best 9.871626e-01 @2 *
epoch    3 | train 7.987977e-01 | val 9.856579e-01 |   1.588 s | best 9.856579e-01 @3 *
epoch    4 | train 7.924482e-01 | val 9.841034e-01 |   1.634 s | best 9.841034e-01 @4 *
epoch    5 | train 7.937980e-01 | val 9.823447e-01 |   1.592 s | best 9.823447e-01 @5 *
epoch    6 | train 7.969910e-01 | val 9.805833e-01 |   1.587 s | best 9.805833e-01 @6 *
epoch    7 | train 7.966141e-01 | val 9.788084e-01 |   1.590 s | best 9.788084e-01 @7 *
epoch    8 | train 7.997984e-01 | val 9.769875e-01 |   1.618 s | best 9.769875e-01 @8 *
epoch    9 | train 7.954712e-01 | val 9.751853e-01 |   1.595 s | best 9.751853e-01 @9 *
epoch   10 | train 7.970520e-01 | val 9.732971e-01 |   1.587 s | best 9.732971e-01 @10 *
epoch   11 | train 7.954038e-01 | val 9.714094e-01 |   1.592 s | best 9.714094e-01 @11 *
epoch   12 | train 7.949880e-01 | val 9.695293e-01 |   1.589 s | best 9.695293e-01 @12 *
epoch   13 | train 7.954460e-01 | val 9.676595e-01 |   1.594 s | best 9.676595e-01 @13 *
epoch   14 | train 7.915466e-01 | val 9.658482e-01 |   1.592 s | best 9.658482e-01 @14 *
epoch   15 | train 7.932428e-01 | val 9.640148e-01 |   1.598 s | best 9.640148e-01 @15 *
epoch   16 | train 7.907252e-01 | val 9.621494e-01 |   1.593 s | best 9.621494e-01 @16 *
epoch   17 | train 7.872305e-01 | val 9.603557e-01 |   1.595 s | best 9.603557e-01 @17 *
epoch   18 | train 7.908235e-01 | val 9.585876e-01 |   1.592 s | best 9.585876e-01 @18 *
epoch   19 | train 7.858700e-01 | val 9.568565e-01 |   1.601 s | best 9.568565e-01 @19 *
epoch   20 | train 7.857134e-01 | val 9.551701e-01 |   1.636 s | best 9.551701e-01 @20 *
epoch   21 | train 7.768729e-01 | val 9.535247e-01 |   1.641 s | best 9.535247e-01 @21 *
epoch   22 | train 7.829413e-01 | val 9.519403e-01 |   1.595 s | best 9.519403e-01 @22 *
epoch   23 | train 7.791221e-01 | val 9.503881e-01 |   1.596 s | best 9.503881e-01 @23 *
epoch   24 | train 7.759883e-01 | val 9.488338e-01 |   1.592 s | best 9.488338e-01 @24 *
epoch   25 | train 7.713748e-01 | val 9.472350e-01 |   1.604 s | best 9.472350e-01 @25 *
epoch   26 | train 7.671601e-01 | val 9.456860e-01 |   1.591 s | best 9.456860e-01 @26 *
epoch   27 | train 7.642842e-01 | val 9.440743e-01 |   1.593 s | best 9.440743e-01 @27 *
epoch   28 | train 7.647945e-01 | val 9.425153e-01 |   1.639 s | best 9.425153e-01 @28 *
epoch   29 | train 7.650596e-01 | val 9.409505e-01 |   1.595 s | best 9.409505e-01 @29 *
epoch   30 | train 7.603010e-01 | val 9.393095e-01 |   1.593 s | best 9.393095e-01 @30 *
epoch   31 | train 7.559042e-01 | val 9.376307e-01 |   1.592 s | best 9.376307e-01 @31 *
epoch   32 | train 7.609731e-01 | val 9.359485e-01 |   1.641 s | best 9.359485e-01 @32 *
epoch   33 | train 7.608592e-01 | val 9.342558e-01 |   1.641 s | best 9.342558e-01 @33 *
epoch   34 | train 7.590677e-01 | val 9.325867e-01 |   1.597 s | best 9.325867e-01 @34 *
epoch   35 | train 7.553202e-01 | val 9.308692e-01 |   1.595 s | best 9.308692e-01 @35 *
epoch   36 | train 7.600702e-01 | val 9.291695e-01 |   1.597 s | best 9.291695e-01 @36 *
epoch   37 | train 7.583562e-01 | val 9.274942e-01 |   1.614 s | best 9.274942e-01 @37 *
epoch   38 | train 7.544548e-01 | val 9.257598e-01 |   1.637 s | best 9.257598e-01 @38 *
epoch   39 | train 7.579590e-01 | val 9.240779e-01 |   1.599 s | best 9.240779e-01 @39 *
epoch   40 | train 7.587648e-01 | val 9.223924e-01 |   1.596 s | best 9.223924e-01 @40 *
epoch   41 | train 7.560932e-01 | val 9.207270e-01 |   1.599 s | best 9.207270e-01 @41 *
epoch   42 | train 7.570879e-01 | val 9.190260e-01 |   1.605 s | best 9.190260e-01 @42 *
epoch   43 | train 7.540157e-01 | val 9.173478e-01 |   1.592 s | best 9.173478e-01 @43 *
epoch   44 | train 7.591406e-01 | val 9.156554e-01 |   1.598 s | best 9.156554e-01 @44 *
epoch   45 | train 7.545235e-01 | val 9.139334e-01 |   1.610 s | best 9.139334e-01 @45 *
epoch   46 | train 7.536137e-01 | val 9.122015e-01 |   1.593 s | best 9.122015e-01 @46 *
epoch   47 | train 7.540064e-01 | val 9.105071e-01 |   1.597 s | best 9.105071e-01 @47 *
epoch   48 | train 7.570998e-01 | val 9.087749e-01 |   1.598 s | best 9.087749e-01 @48 *
epoch   49 | train 7.537673e-01 | val 9.070785e-01 |   1.649 s | best 9.070785e-01 @49 *
epoch   50 | train 7.578415e-01 | val 9.054391e-01 |   1.595 s | best 9.054391e-01 @50 *
epoch   51 | train 7.545283e-01 | val 9.038063e-01 |   1.633 s | best 9.038063e-01 @51 *
epoch   52 | train 7.507691e-01 | val 9.021514e-01 |   1.600 s | best 9.021514e-01 @52 *
epoch   53 | train 7.563821e-01 | val 9.004937e-01 |   1.602 s | best 9.004937e-01 @53 *
epoch   54 | train 7.497711e-01 | val 8.988626e-01 |   1.677 s | best 8.988626e-01 @54 *
epoch   55 | train 7.520129e-01 | val 8.972631e-01 |   1.627 s | best 8.972631e-01 @55 *
epoch   56 | train 7.559445e-01 | val 8.956527e-01 |   1.625 s | best 8.956527e-01 @56 *
epoch   57 | train 7.520700e-01 | val 8.940912e-01 |   1.696 s | best 8.940912e-01 @57 *
epoch   58 | train 7.498455e-01 | val 8.925280e-01 |   1.586 s | best 8.925280e-01 @58 *
epoch   59 | train 7.511918e-01 | val 8.909563e-01 |   1.600 s | best 8.909563e-01 @59 *
epoch   60 | train 7.532430e-01 | val 8.893665e-01 |   1.595 s | best 8.893665e-01 @60 *
epoch   61 | train 7.535880e-01 | val 8.878188e-01 |   1.640 s | best 8.878188e-01 @61 *
epoch   62 | train 7.559335e-01 | val 8.862662e-01 |   1.633 s | best 8.862662e-01 @62 *
epoch   63 | train 7.510682e-01 | val 8.847433e-01 |   1.632 s | best 8.847433e-01 @63 *
epoch   64 | train 7.529272e-01 | val 8.832440e-01 |   1.679 s | best 8.832440e-01 @64 *
epoch   65 | train 7.514098e-01 | val 8.817402e-01 |   1.635 s | best 8.817402e-01 @65 *
epoch   66 | train 7.446726e-01 | val 8.802640e-01 |   1.597 s | best 8.802640e-01 @66 *
epoch   67 | train 7.534049e-01 | val 8.788337e-01 |   1.603 s | best 8.788337e-01 @67 *
epoch   68 | train 7.476632e-01 | val 8.774248e-01 |   1.638 s | best 8.774248e-01 @68 *
epoch   69 | train 7.480240e-01 | val 8.760853e-01 |   1.596 s | best 8.760853e-01 @69 *
epoch   70 | train 7.464402e-01 | val 8.747345e-01 |   1.587 s | best 8.747345e-01 @70 *
epoch   71 | train 7.530943e-01 | val 8.733996e-01 |   1.595 s | best 8.733996e-01 @71 *
epoch   72 | train 7.467593e-01 | val 8.720922e-01 |   1.585 s | best 8.720922e-01 @72 *
epoch   73 | train 7.459433e-01 | val 8.708022e-01 |   1.640 s | best 8.708022e-01 @73 *
epoch   74 | train 7.528311e-01 | val 8.695490e-01 |   1.586 s | best 8.695490e-01 @74 *
epoch   75 | train 7.520196e-01 | val 8.682884e-01 |   1.596 s | best 8.682884e-01 @75 *
epoch   76 | train 7.488150e-01 | val 8.670554e-01 |   1.591 s | best 8.670554e-01 @76 *
epoch   77 | train 7.474257e-01 | val 8.658681e-01 |   1.600 s | best 8.658681e-01 @77 *
epoch   78 | train 7.468170e-01 | val 8.646802e-01 |   1.601 s | best 8.646802e-01 @78 *
epoch   79 | train 7.459928e-01 | val 8.635443e-01 |   1.592 s | best 8.635443e-01 @79 *
epoch   80 | train 7.450707e-01 | val 8.624142e-01 |   1.595 s | best 8.624142e-01 @80 *
epoch   81 | train 7.478898e-01 | val 8.612894e-01 |   1.600 s | best 8.612894e-01 @81 *
epoch   82 | train 7.511550e-01 | val 8.602021e-01 |   1.598 s | best 8.602021e-01 @82 *
epoch   83 | train 7.450168e-01 | val 8.591337e-01 |   1.590 s | best 8.591337e-01 @83 *
epoch   84 | train 7.447649e-01 | val 8.580881e-01 |   1.594 s | best 8.580881e-01 @84 *
epoch   85 | train 7.455890e-01 | val 8.570499e-01 |   1.602 s | best 8.570499e-01 @85 *
epoch   86 | train 7.396738e-01 | val 8.560369e-01 |   1.634 s | best 8.560369e-01 @86 *
epoch   87 | train 7.443323e-01 | val 8.550828e-01 |   1.579 s | best 8.550828e-01 @87 *
epoch   88 | train 7.463201e-01 | val 8.541096e-01 |   1.616 s | best 8.541096e-01 @88 *
epoch   89 | train 7.409175e-01 | val 8.531818e-01 |   1.579 s | best 8.531818e-01 @89 *
epoch   90 | train 7.460581e-01 | val 8.522677e-01 |   1.571 s | best 8.522677e-01 @90 *
epoch   91 | train 7.423911e-01 | val 8.513771e-01 |   1.613 s | best 8.513771e-01 @91 *
epoch   92 | train 7.458906e-01 | val 8.504845e-01 |   1.589 s | best 8.504845e-01 @92 *
epoch   93 | train 7.466101e-01 | val 8.496065e-01 |   1.572 s | best 8.496065e-01 @93 *
epoch   94 | train 7.468517e-01 | val 8.487568e-01 |   1.578 s | best 8.487568e-01 @94 *
epoch   95 | train 7.428618e-01 | val 8.479314e-01 |   1.571 s | best 8.479314e-01 @95 *
epoch   96 | train 7.443982e-01 | val 8.471013e-01 |   1.632 s | best 8.471013e-01 @96 *
epoch   97 | train 7.434308e-01 | val 8.462829e-01 |   1.589 s | best 8.462829e-01 @97 *
epoch   98 | train 7.458305e-01 | val 8.454507e-01 |   1.597 s | best 8.454507e-01 @98 *
epoch   99 | train 7.470686e-01 | val 8.446510e-01 |   1.649 s | best 8.446510e-01 @99 *
epoch  100 | train 7.388848e-01 | val 8.438691e-01 |   1.650 s | best 8.438691e-01 @100 *
epoch  101 | train 7.440001e-01 | val 8.431244e-01 |   1.642 s | best 8.431244e-01 @101 *
epoch  102 | train 7.417688e-01 | val 8.423960e-01 |   1.641 s | best 8.423960e-01 @102 *
epoch  103 | train 7.465668e-01 | val 8.416671e-01 |   1.648 s | best 8.416671e-01 @103 *
epoch  104 | train 7.476795e-01 | val 8.409378e-01 |   1.615 s | best 8.409378e-01 @104 *
epoch  105 | train 7.412437e-01 | val 8.402442e-01 |   1.577 s | best 8.402442e-01 @105 *
epoch  106 | train 7.458255e-01 | val 8.395295e-01 |   1.628 s | best 8.395295e-01 @106 *
epoch  107 | train 7.412272e-01 | val 8.388144e-01 |   1.600 s | best 8.388144e-01 @107 *
epoch  108 | train 7.420697e-01 | val 8.381293e-01 |   1.608 s | best 8.381293e-01 @108 *
epoch  109 | train 7.498355e-01 | val 8.374395e-01 |   1.650 s | best 8.374395e-01 @109 *
epoch  110 | train 7.447900e-01 | val 8.367538e-01 |   1.611 s | best 8.367538e-01 @110 *
epoch  111 | train 7.433971e-01 | val 8.360885e-01 |   1.621 s | best 8.360885e-01 @111 *
epoch  112 | train 7.447680e-01 | val 8.354236e-01 |   1.611 s | best 8.354236e-01 @112 *
epoch  113 | train 7.408314e-01 | val 8.347644e-01 |   1.602 s | best 8.347644e-01 @113 *
epoch  114 | train 7.460439e-01 | val 8.340940e-01 |   1.563 s | best 8.340940e-01 @114 *
epoch  115 | train 7.472881e-01 | val 8.334173e-01 |   1.549 s | best 8.334173e-01 @115 *
epoch  116 | train 7.378767e-01 | val 8.327634e-01 |   1.641 s | best 8.327634e-01 @116 *
epoch  117 | train 7.437824e-01 | val 8.321011e-01 |   1.605 s | best 8.321011e-01 @117 *
epoch  118 | train 7.442683e-01 | val 8.314479e-01 |   1.587 s | best 8.314479e-01 @118 *
epoch  119 | train 7.449351e-01 | val 8.307891e-01 |   1.671 s | best 8.307891e-01 @119 *
epoch  120 | train 7.382394e-01 | val 8.301539e-01 |   1.586 s | best 8.301539e-01 @120 *
epoch  121 | train 7.425652e-01 | val 8.295196e-01 |   1.584 s | best 8.295196e-01 @121 *
epoch  122 | train 7.425719e-01 | val 8.288767e-01 |   1.630 s | best 8.288767e-01 @122 *
epoch  123 | train 7.428830e-01 | val 8.282407e-01 |   1.596 s | best 8.282407e-01 @123 *
epoch  124 | train 7.447029e-01 | val 8.276092e-01 |   1.589 s | best 8.276092e-01 @124 *
epoch  125 | train 7.435171e-01 | val 8.269786e-01 |   1.579 s | best 8.269786e-01 @125 *
epoch  126 | train 7.405184e-01 | val 8.263471e-01 |   1.577 s | best 8.263471e-01 @126 *
epoch  127 | train 7.454992e-01 | val 8.257298e-01 |   1.623 s | best 8.257298e-01 @127 *
epoch  128 | train 7.393241e-01 | val 8.250936e-01 |   1.610 s | best 8.250936e-01 @128 *
epoch  129 | train 7.411177e-01 | val 8.244729e-01 |   1.423 s | best 8.244729e-01 @129 *
epoch  130 | train 7.409277e-01 | val 8.238357e-01 |   1.593 s | best 8.238357e-01 @130 *
epoch  131 | train 7.442464e-01 | val 8.231880e-01 |   1.605 s | best 8.231880e-01 @131 *
epoch  132 | train 7.412971e-01 | val 8.225539e-01 |   1.608 s | best 8.225539e-01 @132 *
epoch  133 | train 7.416353e-01 | val 8.219147e-01 |   1.649 s | best 8.219147e-01 @133 *
epoch  134 | train 7.444195e-01 | val 8.212897e-01 |   1.655 s | best 8.212897e-01 @134 *
epoch  135 | train 7.405786e-01 | val 8.206499e-01 |   1.607 s | best 8.206499e-01 @135 *
epoch  136 | train 7.423437e-01 | val 8.200024e-01 |   1.602 s | best 8.200024e-01 @136 *
epoch  137 | train 7.391257e-01 | val 8.193614e-01 |   1.681 s | best 8.193614e-01 @137 *
epoch  138 | train 7.419062e-01 | val 8.187159e-01 |   1.599 s | best 8.187159e-01 @138 *
epoch  139 | train 7.432762e-01 | val 8.180814e-01 |   1.656 s | best 8.180814e-01 @139 *
epoch  140 | train 7.407109e-01 | val 8.174136e-01 |   1.608 s | best 8.174136e-01 @140 *
epoch  141 | train 7.440855e-01 | val 8.167551e-01 |   1.601 s | best 8.167551e-01 @141 *
epoch  142 | train 7.454167e-01 | val 8.161177e-01 |   1.611 s | best 8.161177e-01 @142 *
epoch  143 | train 7.415162e-01 | val 8.154665e-01 |   1.608 s | best 8.154665e-01 @143 *
epoch  144 | train 7.399810e-01 | val 8.148168e-01 |   1.671 s | best 8.148168e-01 @144 *
epoch  145 | train 7.398661e-01 | val 8.141702e-01 |   1.650 s | best 8.141702e-01 @145 *
epoch  146 | train 7.394523e-01 | val 8.135226e-01 |   1.610 s | best 8.135226e-01 @146 *
epoch  147 | train 7.421781e-01 | val 8.128599e-01 |   1.636 s | best 8.128599e-01 @147 *
epoch  148 | train 7.423712e-01 | val 8.122027e-01 |   1.640 s | best 8.122027e-01 @148 *
epoch  149 | train 7.441659e-01 | val 8.115622e-01 |   1.596 s | best 8.115622e-01 @149 *
epoch  150 | train 7.413465e-01 | val 8.109161e-01 |   1.593 s | best 8.109161e-01 @150 *
epoch  151 | train 7.323413e-01 | val 8.102815e-01 |   1.602 s | best 8.102815e-01 @151 *
epoch  152 | train 7.415267e-01 | val 8.096355e-01 |   1.645 s | best 8.096355e-01 @152 *
epoch  153 | train 7.375962e-01 | val 8.089944e-01 |   1.636 s | best 8.089944e-01 @153 *
epoch  154 | train 7.388151e-01 | val 8.083503e-01 |   1.642 s | best 8.083503e-01 @154 *
epoch  155 | train 7.402392e-01 | val 8.077198e-01 |   1.606 s | best 8.077198e-01 @155 *
epoch  156 | train 7.433057e-01 | val 8.071021e-01 |   1.603 s | best 8.071021e-01 @156 *
epoch  157 | train 7.350744e-01 | val 8.064891e-01 |   1.605 s | best 8.064891e-01 @157 *
epoch  158 | train 7.414608e-01 | val 8.058715e-01 |   1.595 s | best 8.058715e-01 @158 *
epoch  159 | train 7.347051e-01 | val 8.052515e-01 |   1.599 s | best 8.052515e-01 @159 *
epoch  160 | train 7.392806e-01 | val 8.046386e-01 |   1.601 s | best 8.046386e-01 @160 *
epoch  161 | train 7.428152e-01 | val 8.040259e-01 |   1.598 s | best 8.040259e-01 @161 *
epoch  162 | train 7.393074e-01 | val 8.034162e-01 |   1.605 s | best 8.034162e-01 @162 *
epoch  163 | train 7.321495e-01 | val 8.027977e-01 |   1.594 s | best 8.027977e-01 @163 *
epoch  164 | train 7.409394e-01 | val 8.021637e-01 |   1.641 s | best 8.021637e-01 @164 *
epoch  165 | train 7.394520e-01 | val 8.015484e-01 |   1.593 s | best 8.015484e-01 @165 *
epoch  166 | train 7.405231e-01 | val 8.009300e-01 |   1.596 s | best 8.009300e-01 @166 *
epoch  167 | train 7.372833e-01 | val 8.003045e-01 |   1.596 s | best 8.003045e-01 @167 *
epoch  168 | train 7.378949e-01 | val 7.996952e-01 |   1.642 s | best 7.996952e-01 @168 *
epoch  169 | train 7.395506e-01 | val 7.990919e-01 |   1.591 s | best 7.990919e-01 @169 *
epoch  170 | train 7.459874e-01 | val 7.984931e-01 |   1.599 s | best 7.984931e-01 @170 *
epoch  171 | train 7.397544e-01 | val 7.978951e-01 |   1.597 s | best 7.978951e-01 @171 *
epoch  172 | train 7.384332e-01 | val 7.973088e-01 |   1.604 s | best 7.973088e-01 @172 *
epoch  173 | train 7.386289e-01 | val 7.967177e-01 |   1.593 s | best 7.967177e-01 @173 *
epoch  174 | train 7.363382e-01 | val 7.961280e-01 |   1.595 s | best 7.961280e-01 @174 *
epoch  175 | train 7.393626e-01 | val 7.955551e-01 |   1.596 s | best 7.955551e-01 @175 *
epoch  176 | train 7.436327e-01 | val 7.949841e-01 |   1.641 s | best 7.949841e-01 @176 *
epoch  177 | train 7.430001e-01 | val 7.943904e-01 |   1.594 s | best 7.943904e-01 @177 *
epoch  178 | train 7.377504e-01 | val 7.938049e-01 |   1.603 s | best 7.938049e-01 @178 *
epoch  179 | train 7.424131e-01 | val 7.932222e-01 |   1.621 s | best 7.932222e-01 @179 *
epoch  180 | train 7.383780e-01 | val 7.926599e-01 |   1.640 s | best 7.926599e-01 @180 *
epoch  181 | train 7.427088e-01 | val 7.920933e-01 |   1.591 s | best 7.920933e-01 @181 *
epoch  182 | train 7.384773e-01 | val 7.915325e-01 |   1.661 s | best 7.915325e-01 @182 *
epoch  183 | train 7.404086e-01 | val 7.909794e-01 |   1.592 s | best 7.909794e-01 @183 *
epoch  184 | train 7.401342e-01 | val 7.904245e-01 |   1.599 s | best 7.904245e-01 @184 *
epoch  185 | train 7.357129e-01 | val 7.898683e-01 |   1.596 s | best 7.898683e-01 @185 *
epoch  186 | train 7.373472e-01 | val 7.893168e-01 |   1.593 s | best 7.893168e-01 @186 *
epoch  187 | train 7.397760e-01 | val 7.887737e-01 |   1.591 s | best 7.887737e-01 @187 *
epoch  188 | train 7.356611e-01 | val 7.882330e-01 |   1.599 s | best 7.882330e-01 @188 *
epoch  189 | train 7.449355e-01 | val 7.877032e-01 |   1.644 s | best 7.877032e-01 @189 *
epoch  190 | train 7.397173e-01 | val 7.871670e-01 |   1.597 s | best 7.871670e-01 @190 *
epoch  191 | train 7.395330e-01 | val 7.866164e-01 |   1.592 s | best 7.866164e-01 @191 *
epoch  192 | train 7.417592e-01 | val 7.860762e-01 |   1.603 s | best 7.860762e-01 @192 *
epoch  193 | train 7.377985e-01 | val 7.855393e-01 |   1.607 s | best 7.855393e-01 @193 *
epoch  194 | train 7.336024e-01 | val 7.850130e-01 |   1.592 s | best 7.850130e-01 @194 *
epoch  195 | train 7.385209e-01 | val 7.844849e-01 |   1.603 s | best 7.844849e-01 @195 *
epoch  196 | train 7.370709e-01 | val 7.839754e-01 |   1.644 s | best 7.839754e-01 @196 *
epoch  197 | train 7.324796e-01 | val 7.834522e-01 |   1.648 s | best 7.834522e-01 @197 *
epoch  198 | train 7.364334e-01 | val 7.829313e-01 |   1.599 s | best 7.829313e-01 @198 *
epoch  199 | train 7.335893e-01 | val 7.824140e-01 |   1.597 s | best 7.824140e-01 @199 *
epoch  200 | train 7.362746e-01 | val 7.819004e-01 |   1.597 s | best 7.819004e-01 @200 *
epoch  201 | train 7.394028e-01 | val 7.813981e-01 |   1.644 s | best 7.813981e-01 @201 *
epoch  202 | train 7.380055e-01 | val 7.809072e-01 |   1.639 s | best 7.809072e-01 @202 *
epoch  203 | train 7.337984e-01 | val 7.804139e-01 |   1.634 s | best 7.804139e-01 @203 *
epoch  204 | train 7.365246e-01 | val 7.799417e-01 |   1.596 s | best 7.799417e-01 @204 *
epoch  205 | train 7.345362e-01 | val 7.794576e-01 |   1.610 s | best 7.794576e-01 @205 *
epoch  206 | train 7.337402e-01 | val 7.789766e-01 |   1.595 s | best 7.789766e-01 @206 *
epoch  207 | train 7.354517e-01 | val 7.784992e-01 |   1.590 s | best 7.784992e-01 @207 *
epoch  208 | train 7.336384e-01 | val 7.780318e-01 |   1.639 s | best 7.780318e-01 @208 *
epoch  209 | train 7.301486e-01 | val 7.775626e-01 |   1.613 s | best 7.775626e-01 @209 *
epoch  210 | train 7.366540e-01 | val 7.770898e-01 |   1.695 s | best 7.770898e-01 @210 *
epoch  211 | train 7.402925e-01 | val 7.766262e-01 |   1.657 s | best 7.766262e-01 @211 *
epoch  212 | train 7.353355e-01 | val 7.761493e-01 |   1.657 s | best 7.761493e-01 @212 *
epoch  213 | train 7.336692e-01 | val 7.756868e-01 |   1.607 s | best 7.756868e-01 @213 *
epoch  214 | train 7.296642e-01 | val 7.752263e-01 |   1.610 s | best 7.752263e-01 @214 *
epoch  215 | train 7.310637e-01 | val 7.747725e-01 |   1.639 s | best 7.747725e-01 @215 *
epoch  216 | train 7.335284e-01 | val 7.743258e-01 |   1.640 s | best 7.743258e-01 @216 *
epoch  217 | train 7.357526e-01 | val 7.738653e-01 |   1.638 s | best 7.738653e-01 @217 *
epoch  218 | train 7.392847e-01 | val 7.734165e-01 |   1.644 s | best 7.734165e-01 @218 *
epoch  219 | train 7.352667e-01 | val 7.729892e-01 |   1.639 s | best 7.729892e-01 @219 *
epoch  220 | train 7.364363e-01 | val 7.725463e-01 |   1.598 s | best 7.725463e-01 @220 *
epoch  221 | train 7.302148e-01 | val 7.721317e-01 |   1.597 s | best 7.721317e-01 @221 *
epoch  222 | train 7.340842e-01 | val 7.717143e-01 |   1.605 s | best 7.717143e-01 @222 *
epoch  223 | train 7.337883e-01 | val 7.712902e-01 |   1.597 s | best 7.712902e-01 @223 *
epoch  224 | train 7.345486e-01 | val 7.708730e-01 |   1.595 s | best 7.708730e-01 @224 *
epoch  225 | train 7.280711e-01 | val 7.704645e-01 |   1.604 s | best 7.704645e-01 @225 *
epoch  226 | train 7.329841e-01 | val 7.700682e-01 |   1.606 s | best 7.700682e-01 @226 *
epoch  227 | train 7.370330e-01 | val 7.696746e-01 |   1.613 s | best 7.696746e-01 @227 *
epoch  228 | train 7.311933e-01 | val 7.692836e-01 |   1.599 s | best 7.692836e-01 @228 *
epoch  229 | train 7.329145e-01 | val 7.688964e-01 |   1.603 s | best 7.688964e-01 @229 *
epoch  230 | train 7.351012e-01 | val 7.685183e-01 |   1.643 s | best 7.685183e-01 @230 *
epoch  231 | train 7.319822e-01 | val 7.681513e-01 |   1.602 s | best 7.681513e-01 @231 *
epoch  232 | train 7.368120e-01 | val 7.677709e-01 |   1.640 s | best 7.677709e-01 @232 *
epoch  233 | train 7.389736e-01 | val 7.674028e-01 |   1.602 s | best 7.674028e-01 @233 *
epoch  234 | train 7.351741e-01 | val 7.670414e-01 |   1.608 s | best 7.670414e-01 @234 *
epoch  235 | train 7.384586e-01 | val 7.666894e-01 |   1.594 s | best 7.666894e-01 @235 *
epoch  236 | train 7.334910e-01 | val 7.663418e-01 |   1.595 s | best 7.663418e-01 @236 *
epoch  237 | train 7.341796e-01 | val 7.660055e-01 |   1.599 s | best 7.660055e-01 @237 *
epoch  238 | train 7.269256e-01 | val 7.656642e-01 |   1.642 s | best 7.656642e-01 @238 *
epoch  239 | train 7.329124e-01 | val 7.653189e-01 |   1.591 s | best 7.653189e-01 @239 *
epoch  240 | train 7.382234e-01 | val 7.649665e-01 |   1.605 s | best 7.649665e-01 @240 *
epoch  241 | train 7.339127e-01 | val 7.646150e-01 |   1.636 s | best 7.646150e-01 @241 *
epoch  242 | train 7.369089e-01 | val 7.642859e-01 |   1.625 s | best 7.642859e-01 @242 *
epoch  243 | train 7.313296e-01 | val 7.639711e-01 |   1.638 s | best 7.639711e-01 @243 *
epoch  244 | train 7.354845e-01 | val 7.636544e-01 |   1.637 s | best 7.636544e-01 @244 *
epoch  245 | train 7.301329e-01 | val 7.633229e-01 |   1.591 s | best 7.633229e-01 @245 *
epoch  246 | train 7.313308e-01 | val 7.629930e-01 |   1.635 s | best 7.629930e-01 @246 *
epoch  247 | train 7.317405e-01 | val 7.626692e-01 |   1.597 s | best 7.626692e-01 @247 *
epoch  248 | train 7.310702e-01 | val 7.623490e-01 |   1.633 s | best 7.623490e-01 @248 *
epoch  249 | train 7.311509e-01 | val 7.620249e-01 |   1.598 s | best 7.620249e-01 @249 *
epoch  250 | train 7.341047e-01 | val 7.617003e-01 |   1.608 s | best 7.617003e-01 @250 *
epoch  251 | train 7.274236e-01 | val 7.613915e-01 |   1.639 s | best 7.613915e-01 @251 *
epoch  252 | train 7.326390e-01 | val 7.610884e-01 |   1.636 s | best 7.610884e-01 @252 *
epoch  253 | train 7.294977e-01 | val 7.607942e-01 |   1.792 s | best 7.607942e-01 @253 *
epoch  254 | train 7.320261e-01 | val 7.605043e-01 |   1.663 s | best 7.605043e-01 @254 *
epoch  255 | train 7.302352e-01 | val 7.602072e-01 |   1.602 s | best 7.602072e-01 @255 *
epoch  256 | train 7.274904e-01 | val 7.599127e-01 |   1.653 s | best 7.599127e-01 @256 *
epoch  257 | train 7.336901e-01 | val 7.596260e-01 |   1.602 s | best 7.596260e-01 @257 *
epoch  258 | train 7.261980e-01 | val 7.593340e-01 |   1.610 s | best 7.593340e-01 @258 *
epoch  259 | train 7.297056e-01 | val 7.590455e-01 |   1.664 s | best 7.590455e-01 @259 *
epoch  260 | train 7.256260e-01 | val 7.587649e-01 |   1.601 s | best 7.587649e-01 @260 *
epoch  261 | train 7.250018e-01 | val 7.584791e-01 |   1.624 s | best 7.584791e-01 @261 *
epoch  262 | train 7.292990e-01 | val 7.581897e-01 |   1.617 s | best 7.581897e-01 @262 *
epoch  263 | train 7.302882e-01 | val 7.579085e-01 |   1.622 s | best 7.579085e-01 @263 *
epoch  264 | train 7.313589e-01 | val 7.576405e-01 |   1.610 s | best 7.576405e-01 @264 *
epoch  265 | train 7.277500e-01 | val 7.573589e-01 |   1.645 s | best 7.573589e-01 @265 *
epoch  266 | train 7.312454e-01 | val 7.570895e-01 |   1.680 s | best 7.570895e-01 @266 *
epoch  267 | train 7.303144e-01 | val 7.568217e-01 |   1.628 s | best 7.568217e-01 @267 *
epoch  268 | train 7.284568e-01 | val 7.565489e-01 |   1.623 s | best 7.565489e-01 @268 *
epoch  269 | train 7.312253e-01 | val 7.562951e-01 |   1.640 s | best 7.562951e-01 @269 *
epoch  270 | train 7.273583e-01 | val 7.560254e-01 |   1.718 s | best 7.560254e-01 @270 *
epoch  271 | train 7.262698e-01 | val 7.557714e-01 |   1.653 s | best 7.557714e-01 @271 *
epoch  272 | train 7.287341e-01 | val 7.555225e-01 |   1.685 s | best 7.555225e-01 @272 *
epoch  273 | train 7.283546e-01 | val 7.552615e-01 |   1.729 s | best 7.552615e-01 @273 *
epoch  274 | train 7.272965e-01 | val 7.550104e-01 |   1.681 s | best 7.550104e-01 @274 *
epoch  275 | train 7.211297e-01 | val 7.547698e-01 |   1.634 s | best 7.547698e-01 @275 *
epoch  276 | train 7.258474e-01 | val 7.545274e-01 |   1.720 s | best 7.545274e-01 @276 *
epoch  277 | train 7.272422e-01 | val 7.542841e-01 |   1.660 s | best 7.542841e-01 @277 *
epoch  278 | train 7.243523e-01 | val 7.540420e-01 |   1.718 s | best 7.540420e-01 @278 *
epoch  279 | train 7.253501e-01 | val 7.537947e-01 |   1.684 s | best 7.537947e-01 @279 *
epoch  280 | train 7.265618e-01 | val 7.535525e-01 |   1.646 s | best 7.535525e-01 @280 *
epoch  281 | train 7.235312e-01 | val 7.533125e-01 |   1.613 s | best 7.533125e-01 @281 *
epoch  282 | train 7.275910e-01 | val 7.530792e-01 |   1.637 s | best 7.530792e-01 @282 *
epoch  283 | train 7.266582e-01 | val 7.528452e-01 |   1.643 s | best 7.528452e-01 @283 *
epoch  284 | train 7.311463e-01 | val 7.526232e-01 |   1.628 s | best 7.526232e-01 @284 *
epoch  285 | train 7.290794e-01 | val 7.523994e-01 |   1.597 s | best 7.523994e-01 @285 *
epoch  286 | train 7.301537e-01 | val 7.521704e-01 |   1.599 s | best 7.521704e-01 @286 *
epoch  287 | train 7.240431e-01 | val 7.519431e-01 |   1.601 s | best 7.519431e-01 @287 *
epoch  288 | train 7.279076e-01 | val 7.517121e-01 |   1.608 s | best 7.517121e-01 @288 *
epoch  289 | train 7.305134e-01 | val 7.514738e-01 |   1.603 s | best 7.514738e-01 @289 *
epoch  290 | train 7.248207e-01 | val 7.512521e-01 |   1.610 s | best 7.512521e-01 @290 *
epoch  291 | train 7.215339e-01 | val 7.510251e-01 |   1.605 s | best 7.510251e-01 @291 *
epoch  292 | train 7.294952e-01 | val 7.507994e-01 |   1.608 s | best 7.507994e-01 @292 *
epoch  293 | train 7.212184e-01 | val 7.505810e-01 |   1.607 s | best 7.505810e-01 @293 *
epoch  294 | train 7.236656e-01 | val 7.503647e-01 |   1.599 s | best 7.503647e-01 @294 *
epoch  295 | train 7.217810e-01 | val 7.501441e-01 |   1.615 s | best 7.501441e-01 @295 *
epoch  296 | train 7.251547e-01 | val 7.499291e-01 |   1.648 s | best 7.499291e-01 @296 *
epoch  297 | train 7.241728e-01 | val 7.497106e-01 |   1.685 s | best 7.497106e-01 @297 *
epoch  298 | train 7.245836e-01 | val 7.494951e-01 |   1.668 s | best 7.494951e-01 @298 *
epoch  299 | train 7.233337e-01 | val 7.492785e-01 |   1.634 s | best 7.492785e-01 @299 *
epoch  300 | train 7.236006e-01 | val 7.490762e-01 |   1.667 s | best 7.490762e-01 @300 *
epoch  301 | train 7.250588e-01 | val 7.488790e-01 |   1.652 s | best 7.488790e-01 @301 *
epoch  302 | train 7.243115e-01 | val 7.486895e-01 |   1.643 s | best 7.486895e-01 @302 *
epoch  303 | train 7.251301e-01 | val 7.484946e-01 |   1.639 s | best 7.484946e-01 @303 *
epoch  304 | train 7.259481e-01 | val 7.483005e-01 |   1.717 s | best 7.483005e-01 @304 *
epoch  305 | train 7.255820e-01 | val 7.481058e-01 |   1.683 s | best 7.481058e-01 @305 *
epoch  306 | train 7.262217e-01 | val 7.479112e-01 |   1.650 s | best 7.479112e-01 @306 *
epoch  307 | train 7.247714e-01 | val 7.477243e-01 |   1.689 s | best 7.477243e-01 @307 *
epoch  308 | train 7.281641e-01 | val 7.475346e-01 |   1.652 s | best 7.475346e-01 @308 *
epoch  309 | train 7.242260e-01 | val 7.473419e-01 |   1.635 s | best 7.473419e-01 @309 *
epoch  310 | train 7.225419e-01 | val 7.471531e-01 |   1.628 s | best 7.471531e-01 @310 *
epoch  311 | train 7.243712e-01 | val 7.469640e-01 |   1.640 s | best 7.469640e-01 @311 *
epoch  312 | train 7.261618e-01 | val 7.467714e-01 |   1.609 s | best 7.467714e-01 @312 *
epoch  313 | train 7.236811e-01 | val 7.465847e-01 |   1.612 s | best 7.465847e-01 @313 *
epoch  314 | train 7.171617e-01 | val 7.464070e-01 |   1.607 s | best 7.464070e-01 @314 *
epoch  315 | train 7.211943e-01 | val 7.462306e-01 |   1.641 s | best 7.462306e-01 @315 *
epoch  316 | train 7.183359e-01 | val 7.460507e-01 |   1.606 s | best 7.460507e-01 @316 *
epoch  317 | train 7.241154e-01 | val 7.458742e-01 |   1.609 s | best 7.458742e-01 @317 *
epoch  318 | train 7.223721e-01 | val 7.456989e-01 |   1.602 s | best 7.456989e-01 @318 *
epoch  319 | train 7.204193e-01 | val 7.455245e-01 |   1.605 s | best 7.455245e-01 @319 *
epoch  320 | train 7.171160e-01 | val 7.453467e-01 |   1.602 s | best 7.453467e-01 @320 *
epoch  321 | train 7.191460e-01 | val 7.451738e-01 |   1.564 s | best 7.451738e-01 @321 *
epoch  322 | train 7.193475e-01 | val 7.450054e-01 |   1.559 s | best 7.450054e-01 @322 *
epoch  323 | train 7.205359e-01 | val 7.448375e-01 |   1.559 s | best 7.448375e-01 @323 *
epoch  324 | train 7.210885e-01 | val 7.446771e-01 |   1.563 s | best 7.446771e-01 @324 *
epoch  325 | train 7.221911e-01 | val 7.445108e-01 |   1.563 s | best 7.445108e-01 @325 *
epoch  326 | train 7.218328e-01 | val 7.443467e-01 |   1.566 s | best 7.443467e-01 @326 *
epoch  327 | train 7.145401e-01 | val 7.441849e-01 |   1.555 s | best 7.441849e-01 @327 *
epoch  328 | train 7.191567e-01 | val 7.440229e-01 |   1.552 s | best 7.440229e-01 @328 *
epoch  329 | train 7.208195e-01 | val 7.438617e-01 |   1.555 s | best 7.438617e-01 @329 *
epoch  330 | train 7.173995e-01 | val 7.437060e-01 |   1.593 s | best 7.437060e-01 @330 *
epoch  331 | train 7.174714e-01 | val 7.435544e-01 |   1.552 s | best 7.435544e-01 @331 *
epoch  332 | train 7.199257e-01 | val 7.434009e-01 |   1.563 s | best 7.434009e-01 @332 *
epoch  333 | train 7.157434e-01 | val 7.432525e-01 |   1.559 s | best 7.432525e-01 @333 *
epoch  334 | train 7.208745e-01 | val 7.431086e-01 |   1.552 s | best 7.431086e-01 @334 *
epoch  335 | train 7.165472e-01 | val 7.429599e-01 |   1.554 s | best 7.429599e-01 @335 *
epoch  336 | train 7.195346e-01 | val 7.428122e-01 |   1.554 s | best 7.428122e-01 @336 *
epoch  337 | train 7.197628e-01 | val 7.426671e-01 |   1.133 s | best 7.426671e-01 @337 *
epoch  338 | train 7.172777e-01 | val 7.425311e-01 |   1.556 s | best 7.425311e-01 @338 *
epoch  339 | train 7.202174e-01 | val 7.423937e-01 |   1.557 s | best 7.423937e-01 @339 *
epoch  340 | train 7.177355e-01 | val 7.422514e-01 |   1.546 s | best 7.422514e-01 @340 *
epoch  341 | train 7.194653e-01 | val 7.421114e-01 |   1.532 s | best 7.421114e-01 @341 *
epoch  342 | train 7.179879e-01 | val 7.419758e-01 |   1.562 s | best 7.419758e-01 @342 *
epoch  343 | train 7.193954e-01 | val 7.418436e-01 |   1.580 s | best 7.418436e-01 @343 *
epoch  344 | train 7.195264e-01 | val 7.417178e-01 |   1.577 s | best 7.417178e-01 @344 *
epoch  345 | train 7.163708e-01 | val 7.415895e-01 |   1.599 s | best 7.415895e-01 @345 *
epoch  346 | train 7.178211e-01 | val 7.414622e-01 |   1.573 s | best 7.414622e-01 @346 *
epoch  347 | train 7.197270e-01 | val 7.413343e-01 |   1.570 s | best 7.413343e-01 @347 *
epoch  348 | train 7.217599e-01 | val 7.412055e-01 |   1.592 s | best 7.412055e-01 @348 *
epoch  349 | train 7.223443e-01 | val 7.410791e-01 |   1.573 s | best 7.410791e-01 @349 *
epoch  350 | train 7.131216e-01 | val 7.409606e-01 |   1.576 s | best 7.409606e-01 @350 *
epoch  351 | train 7.159441e-01 | val 7.408401e-01 |   1.589 s | best 7.408401e-01 @351 *
epoch  352 | train 7.129787e-01 | val 7.407219e-01 |   1.595 s | best 7.407219e-01 @352 *
epoch  353 | train 7.197426e-01 | val 7.406074e-01 |   1.624 s | best 7.406074e-01 @353 *
epoch  354 | train 7.165334e-01 | val 7.404928e-01 |   1.581 s | best 7.404928e-01 @354 *
epoch  355 | train 7.145330e-01 | val 7.403823e-01 |   1.596 s | best 7.403823e-01 @355 *
epoch  356 | train 7.158032e-01 | val 7.402738e-01 |   1.613 s | best 7.402738e-01 @356 *
epoch  357 | train 7.119282e-01 | val 7.401685e-01 |   1.622 s | best 7.401685e-01 @357 *
epoch  358 | train 7.103064e-01 | val 7.400617e-01 |   1.592 s | best 7.400617e-01 @358 *
epoch  359 | train 7.149909e-01 | val 7.399604e-01 |   1.610 s | best 7.399604e-01 @359 *
epoch  360 | train 7.104570e-01 | val 7.398618e-01 |   1.633 s | best 7.398618e-01 @360 *
epoch  361 | train 7.156844e-01 | val 7.397674e-01 |   1.600 s | best 7.397674e-01 @361 *
epoch  362 | train 7.140299e-01 | val 7.396697e-01 |   1.601 s | best 7.396697e-01 @362 *
epoch  363 | train 7.141595e-01 | val 7.395669e-01 |   1.641 s | best 7.395669e-01 @363 *
epoch  364 | train 7.089261e-01 | val 7.394664e-01 |   1.623 s | best 7.394664e-01 @364 *
epoch  365 | train 7.153246e-01 | val 7.393725e-01 |   1.605 s | best 7.393725e-01 @365 *
epoch  366 | train 7.156709e-01 | val 7.392815e-01 |   1.597 s | best 7.392815e-01 @366 *
epoch  367 | train 7.135274e-01 | val 7.391927e-01 |   1.595 s | best 7.391927e-01 @367 *
epoch  368 | train 7.139432e-01 | val 7.391034e-01 |   1.636 s | best 7.391034e-01 @368 *
epoch  369 | train 7.086628e-01 | val 7.390159e-01 |   1.599 s | best 7.390159e-01 @369 *
epoch  370 | train 7.096003e-01 | val 7.389312e-01 |   1.655 s | best 7.389312e-01 @370 *
epoch  371 | train 7.111986e-01 | val 7.388490e-01 |   1.607 s | best 7.388490e-01 @371 *
epoch  372 | train 7.144217e-01 | val 7.387708e-01 |   1.607 s | best 7.387708e-01 @372 *
epoch  373 | train 7.163339e-01 | val 7.386897e-01 |   1.612 s | best 7.386897e-01 @373 *
epoch  374 | train 7.126765e-01 | val 7.386118e-01 |   1.644 s | best 7.386118e-01 @374 *
epoch  375 | train 7.161098e-01 | val 7.385348e-01 |   1.609 s | best 7.385348e-01 @375 *
epoch  376 | train 7.120182e-01 | val 7.384586e-01 |   1.648 s | best 7.384586e-01 @376 *
epoch  377 | train 7.119608e-01 | val 7.383873e-01 |   1.620 s | best 7.383873e-01 @377 *
epoch  378 | train 7.114704e-01 | val 7.383185e-01 |   1.619 s | best 7.383185e-01 @378 *
epoch  379 | train 7.058884e-01 | val 7.382571e-01 |   1.651 s | best 7.382571e-01 @379 *
epoch  380 | train 7.101888e-01 | val 7.381958e-01 |   1.613 s | best 7.381958e-01 @380 *
epoch  381 | train 7.099164e-01 | val 7.381369e-01 |   1.625 s | best 7.381369e-01 @381 *
epoch  382 | train 7.130192e-01 | val 7.380778e-01 |   1.612 s | best 7.380778e-01 @382 *
epoch  383 | train 7.077171e-01 | val 7.380205e-01 |   1.613 s | best 7.380205e-01 @383 *
epoch  384 | train 7.100940e-01 | val 7.379627e-01 |   1.644 s | best 7.379627e-01 @384 *
epoch  385 | train 7.043817e-01 | val 7.379127e-01 |   1.612 s | best 7.379127e-01 @385 *
epoch  386 | train 7.101642e-01 | val 7.378640e-01 |   1.614 s | best 7.378640e-01 @386 *
epoch  387 | train 7.072429e-01 | val 7.378195e-01 |   1.613 s | best 7.378195e-01 @387 *
epoch  388 | train 7.118020e-01 | val 7.377787e-01 |   1.605 s | best 7.377787e-01 @388 *
epoch  389 | train 7.080679e-01 | val 7.377426e-01 |   1.600 s | best 7.377426e-01 @389 *
epoch  390 | train 7.103984e-01 | val 7.377068e-01 |   1.603 s | best 7.377068e-01 @390 *
epoch  391 | train 7.096523e-01 | val 7.376724e-01 |   1.605 s | best 7.376724e-01 @391 *
epoch  392 | train 7.072947e-01 | val 7.376385e-01 |   1.597 s | best 7.376385e-01 @392 *
epoch  393 | train 7.104450e-01 | val 7.376065e-01 |   1.605 s | best 7.376065e-01 @393 *
epoch  394 | train 7.082956e-01 | val 7.375789e-01 |   1.621 s | best 7.375789e-01 @394 *
epoch  395 | train 7.071010e-01 | val 7.375535e-01 |   1.598 s | best 7.375535e-01 @395 *
epoch  396 | train 7.074731e-01 | val 7.375281e-01 |   1.600 s | best 7.375281e-01 @396 *
epoch  397 | train 7.108781e-01 | val 7.375064e-01 |   1.604 s | best 7.375064e-01 @397 *
epoch  398 | train 7.057545e-01 | val 7.374867e-01 |   1.592 s | best 7.374867e-01 @398 *
epoch  399 | train 7.103284e-01 | val 7.374681e-01 |   1.597 s | best 7.374681e-01 @399 *
epoch  400 | train 7.022446e-01 | val 7.374508e-01 |   1.598 s | best 7.374508e-01 @400 *
epoch  401 | train 7.092750e-01 | val 7.374347e-01 |   1.600 s | best 7.374347e-01 @401 *
epoch  402 | train 7.067048e-01 | val 7.374195e-01 |   1.591 s | best 7.374195e-01 @402 *
epoch  403 | train 7.071181e-01 | val 7.374054e-01 |   1.595 s | best 7.374054e-01 @403 *
epoch  404 | train 7.015861e-01 | val 7.373941e-01 |   1.590 s | best 7.373941e-01 @404 *
epoch  405 | train 7.054344e-01 | val 7.373846e-01 |   1.641 s | best 7.373846e-01 @405 *
epoch  406 | train 7.017400e-01 | val 7.373777e-01 |   1.633 s | best 7.373777e-01 @406 *
epoch  407 | train 7.023688e-01 | val 7.373737e-01 |   1.638 s | best 7.373737e-01 @407 *
epoch  408 | train 7.056214e-01 | val 7.373735e-01 |   1.600 s | best 7.373735e-01 @408 *
epoch  409 | train 7.075778e-01 | val 7.373708e-01 |   1.642 s | best 7.373708e-01 @409 *
epoch  410 | train 7.051221e-01 | val 7.373696e-01 |   1.596 s | best 7.373696e-01 @410 *
epoch  411 | train 7.024221e-01 | val 7.373703e-01 |   1.599 s | best 7.373696e-01 @410
epoch  412 | train 7.045908e-01 | val 7.373759e-01 |   1.598 s | best 7.373696e-01 @410
epoch  413 | train 7.013299e-01 | val 7.373809e-01 |   1.599 s | best 7.373696e-01 @410
epoch  414 | train 7.004617e-01 | val 7.373926e-01 |   1.594 s | best 7.373696e-01 @410
epoch  415 | train 7.025179e-01 | val 7.374045e-01 |   1.639 s | best 7.373696e-01 @410
epoch  416 | train 7.045192e-01 | val 7.374188e-01 |   1.598 s | best 7.373696e-01 @410
epoch  417 | train 7.046136e-01 | val 7.374384e-01 |   1.603 s | best 7.373696e-01 @410
epoch  418 | train 6.964720e-01 | val 7.374596e-01 |   1.635 s | best 7.373696e-01 @410
epoch  419 | train 7.012684e-01 | val 7.374828e-01 |   1.608 s | best 7.373696e-01 @410
epoch  420 | train 6.979239e-01 | val 7.375109e-01 |   1.608 s | best 7.373696e-01 @410
epoch  421 | train 7.017502e-01 | val 7.375395e-01 |   1.602 s | best 7.373696e-01 @410
epoch  422 | train 7.055867e-01 | val 7.375744e-01 |   1.565 s | best 7.373696e-01 @410
epoch  423 | train 7.009800e-01 | val 7.376102e-01 |   1.591 s | best 7.373696e-01 @410
epoch  424 | train 7.022148e-01 | val 7.376469e-01 |   1.627 s | best 7.373696e-01 @410
epoch  425 | train 7.035566e-01 | val 7.376854e-01 |   1.619 s | best 7.373696e-01 @410
# done        : 425 epochs, stopped_by=patience, aborted=False, best val 7.373696e-01 @ epoch 410, wall 745.0 s, 1.753 s/epoch
