
# ===== 2026-09-20 16:00:43 KST  HPO attempt 64  testbed D1 prior S  Nr=8 Nt=4
# DEVICE      : cuda | cuda_available=True | NVIDIA RTX PRO 6000 Blackwell Server Edition | torch 2.14.0+cu130 | train dtype float32 (01_RULES §9.5)
# data        : n_train=9000 n_val=1000 split_hash=98d6225d67f9c15a E||H||_F^2/(NrNt)=1.000268 (04_SPEC §2)
# sigma grid  : MEASURED, 20 points, log-uniform draw over [3.2936e-02, 7.9084e-01]
# hp          : {'arch': 'adm', 'param': 've', 'domain': 'angle', 'lr': 0.0007433424723302548, 'ema': 0.99, 'batch': 256, 'emb': 256, 'width': 64, 'depth': 3, 'heads': 2, 'attn_at': 8}  params=5056578
# stopping    : patience 15 on val loss, never before 0 epochs, max 600 (01_RULES §5)
epoch    1 | train 8.702328e-01 | val 9.260097e-01 |   2.118 s | best 9.260097e-01 @1 *
epoch    2 | train 7.906787e-01 | val 8.590635e-01 |   2.078 s | best 8.590635e-01 @2 *
epoch    3 | train 7.641312e-01 | val 8.138466e-01 |   0.963 s | best 8.138466e-01 @3 *
epoch    4 | train 7.548710e-01 | val 7.813162e-01 |   0.716 s | best 7.813162e-01 @4 *
epoch    5 | train 7.575221e-01 | val 7.597518e-01 |   0.654 s | best 7.597518e-01 @5 *
epoch    6 | train 7.543552e-01 | val 7.478004e-01 |   0.713 s | best 7.478004e-01 @6 *
epoch    7 | train 7.497051e-01 | val 7.412051e-01 |   0.681 s | best 7.412051e-01 @7 *
epoch    8 | train 7.530168e-01 | val 7.374270e-01 |   0.712 s | best 7.374270e-01 @8 *
epoch    9 | train 7.502089e-01 | val 7.353584e-01 |   0.662 s | best 7.353584e-01 @9 *
epoch   10 | train 7.520771e-01 | val 7.339310e-01 |   0.706 s | best 7.339310e-01 @10 *
epoch   11 | train 7.459678e-01 | val 7.329170e-01 |   0.686 s | best 7.329170e-01 @11 *
epoch   12 | train 7.472157e-01 | val 7.321029e-01 |   0.708 s | best 7.321029e-01 @12 *
epoch   13 | train 7.459609e-01 | val 7.316414e-01 |   0.686 s | best 7.316414e-01 @13 *
epoch   14 | train 7.481509e-01 | val 7.311540e-01 |   0.716 s | best 7.311540e-01 @14 *
epoch   15 | train 7.431005e-01 | val 7.307896e-01 |   0.688 s | best 7.307896e-01 @15 *
epoch   16 | train 7.433052e-01 | val 7.306075e-01 |   0.664 s | best 7.306075e-01 @16 *
epoch   17 | train 7.461250e-01 | val 7.304693e-01 |   2.138 s | best 7.304693e-01 @17 *
epoch   18 | train 7.473793e-01 | val 7.304294e-01 |   0.747 s | best 7.304294e-01 @18 *
epoch   19 | train 7.379735e-01 | val 7.303684e-01 |   0.684 s | best 7.303684e-01 @19 *
epoch   20 | train 7.444634e-01 | val 7.301840e-01 |   0.716 s | best 7.301840e-01 @20 *
epoch   21 | train 7.494415e-01 | val 7.299815e-01 |   0.677 s | best 7.299815e-01 @21 *
epoch   22 | train 7.458932e-01 | val 7.298378e-01 |   0.663 s | best 7.298378e-01 @22 *
epoch   23 | train 7.441913e-01 | val 7.296584e-01 |   0.684 s | best 7.296584e-01 @23 *
epoch   24 | train 7.431288e-01 | val 7.294864e-01 |   0.705 s | best 7.294864e-01 @24 *
epoch   25 | train 7.396432e-01 | val 7.294127e-01 |   0.695 s | best 7.294127e-01 @25 *
epoch   26 | train 7.429615e-01 | val 7.293729e-01 |   0.679 s | best 7.293729e-01 @26 *
epoch   27 | train 7.490934e-01 | val 7.294501e-01 |   0.697 s | best 7.293729e-01 @26
epoch   28 | train 7.447718e-01 | val 7.294067e-01 |   0.715 s | best 7.293729e-01 @26
epoch   29 | train 7.434888e-01 | val 7.295419e-01 |   0.654 s | best 7.293729e-01 @26
epoch   30 | train 7.402903e-01 | val 7.295250e-01 |   0.715 s | best 7.293729e-01 @26
epoch   31 | train 7.466242e-01 | val 7.296171e-01 |   0.695 s | best 7.293729e-01 @26
epoch   32 | train 7.425448e-01 | val 7.295413e-01 |   0.713 s | best 7.293729e-01 @26
epoch   33 | train 7.436093e-01 | val 7.294559e-01 |   0.992 s | best 7.293729e-01 @26
epoch   34 | train 7.454248e-01 | val 7.293516e-01 |   1.859 s | best 7.293516e-01 @34 *
epoch   35 | train 7.441119e-01 | val 7.291920e-01 |   2.161 s | best 7.291920e-01 @35 *
epoch   36 | train 7.461188e-01 | val 7.290881e-01 |   2.156 s | best 7.290881e-01 @36 *
epoch   37 | train 7.439538e-01 | val 7.289148e-01 |   2.172 s | best 7.289148e-01 @37 *
epoch   38 | train 7.451163e-01 | val 7.288430e-01 |   2.164 s | best 7.288430e-01 @38 *
epoch   39 | train 7.395737e-01 | val 7.288311e-01 |   2.149 s | best 7.288311e-01 @39 *
epoch   40 | train 7.375320e-01 | val 7.287866e-01 |   2.148 s | best 7.287866e-01 @40 *
epoch   41 | train 7.466522e-01 | val 7.288876e-01 |   2.135 s | best 7.287866e-01 @40
epoch   42 | train 7.438376e-01 | val 7.290529e-01 |   2.130 s | best 7.287866e-01 @40
epoch   43 | train 7.381826e-01 | val 7.290954e-01 |   2.163 s | best 7.287866e-01 @40
epoch   44 | train 7.423113e-01 | val 7.292162e-01 |   2.149 s | best 7.287866e-01 @40
epoch   45 | train 7.424638e-01 | val 7.291073e-01 |   2.124 s | best 7.287866e-01 @40
epoch   46 | train 7.436089e-01 | val 7.291117e-01 |   2.129 s | best 7.287866e-01 @40
epoch   47 | train 7.436943e-01 | val 7.291760e-01 |   2.147 s | best 7.287866e-01 @40
epoch   48 | train 7.353870e-01 | val 7.291911e-01 |   2.142 s | best 7.287866e-01 @40
epoch   49 | train 7.429866e-01 | val 7.291564e-01 |   2.141 s | best 7.287866e-01 @40
epoch   50 | train 7.442274e-01 | val 7.291513e-01 |   2.138 s | best 7.287866e-01 @40
epoch   51 | train 7.439484e-01 | val 7.292134e-01 |   2.143 s | best 7.287866e-01 @40
epoch   52 | train 7.433543e-01 | val 7.291201e-01 |   2.143 s | best 7.287866e-01 @40
epoch   53 | train 7.407770e-01 | val 7.291971e-01 |   2.168 s | best 7.287866e-01 @40
epoch   54 | train 7.399858e-01 | val 7.290395e-01 |   2.142 s | best 7.287866e-01 @40
epoch   55 | train 7.441161e-01 | val 7.290979e-01 |   2.134 s | best 7.287866e-01 @40
# done        : 55 epochs, stopped_by=patience, aborted=False, best val 7.287866e-01 @ epoch 40, wall 83.5 s, 1.518 s/epoch
