
# ===== 2026-09-20 16:17:55 KST  HPO attempt 84  testbed D1 prior S  Nr=8 Nt=4
# DEVICE      : cuda | cuda_available=True | NVIDIA RTX PRO 6000 Blackwell Server Edition | torch 2.14.0+cu130 | train dtype float32 (01_RULES §9.5)
# data        : n_train=9000 n_val=1000 split_hash=98d6225d67f9c15a E||H||_F^2/(NrNt)=1.000268 (04_SPEC §2)
# sigma grid  : MEASURED, 20 points, log-uniform draw over [3.2936e-02, 7.9084e-01]
# hp          : {'arch': 'adm', 'param': 've', 'domain': 'pixel', 'lr': 0.001707502800555462, 'ema': 0.99, 'batch': 256, 'emb': 128, 'width': 64, 'depth': 4, 'heads': 2, 'attn_at': 8}  params=5023810
# stopping    : patience 15 on val loss, never before 0 epochs, max 600 (01_RULES §5)
epoch    1 | train 8.361711e-01 | val 8.895276e-01 |   1.391 s | best 8.895276e-01 @1 *
epoch    2 | train 7.793807e-01 | val 8.277488e-01 |   1.382 s | best 8.277488e-01 @2 *
epoch    3 | train 7.718715e-01 | val 7.926220e-01 |   1.383 s | best 7.926220e-01 @3 *
epoch    4 | train 7.618359e-01 | val 7.706079e-01 |   1.391 s | best 7.706079e-01 @4 *
epoch    5 | train 7.589883e-01 | val 7.572126e-01 |   1.460 s | best 7.572126e-01 @5 *
epoch    6 | train 7.615753e-01 | val 7.494987e-01 |   1.427 s | best 7.494987e-01 @6 *
epoch    7 | train 7.546408e-01 | val 7.447624e-01 |   1.402 s | best 7.447624e-01 @7 *
epoch    8 | train 7.522665e-01 | val 7.415734e-01 |   1.394 s | best 7.415734e-01 @8 *
epoch    9 | train 7.515247e-01 | val 7.393623e-01 |   1.401 s | best 7.393623e-01 @9 *
epoch   10 | train 7.542991e-01 | val 7.378547e-01 |   1.408 s | best 7.378547e-01 @10 *
epoch   11 | train 7.552345e-01 | val 7.366598e-01 |   1.393 s | best 7.366598e-01 @11 *
epoch   12 | train 7.540768e-01 | val 7.358252e-01 |   1.395 s | best 7.358252e-01 @12 *
epoch   13 | train 7.469287e-01 | val 7.350721e-01 |   1.387 s | best 7.350721e-01 @13 *
epoch   14 | train 7.461716e-01 | val 7.346082e-01 |   1.411 s | best 7.346082e-01 @14 *
epoch   15 | train 7.536204e-01 | val 7.340625e-01 |   1.408 s | best 7.340625e-01 @15 *
epoch   16 | train 7.484995e-01 | val 7.338517e-01 |   1.392 s | best 7.338517e-01 @16 *
epoch   17 | train 7.465430e-01 | val 7.334269e-01 |   1.392 s | best 7.334269e-01 @17 *
epoch   18 | train 7.495841e-01 | val 7.329077e-01 |   1.395 s | best 7.329077e-01 @18 *
epoch   19 | train 7.543039e-01 | val 7.325684e-01 |   1.398 s | best 7.325684e-01 @19 *
epoch   20 | train 7.505094e-01 | val 7.323325e-01 |   1.394 s | best 7.323325e-01 @20 *
epoch   21 | train 7.479113e-01 | val 7.321044e-01 |   1.389 s | best 7.321044e-01 @21 *
epoch   22 | train 7.449742e-01 | val 7.318091e-01 |   1.445 s | best 7.318091e-01 @22 *
epoch   23 | train 7.503502e-01 | val 7.315819e-01 |   1.402 s | best 7.315819e-01 @23 *
epoch   24 | train 7.448423e-01 | val 7.314557e-01 |   1.391 s | best 7.314557e-01 @24 *
epoch   25 | train 7.505744e-01 | val 7.313673e-01 |   1.446 s | best 7.313673e-01 @25 *
epoch   26 | train 7.470637e-01 | val 7.313392e-01 |   1.403 s | best 7.313392e-01 @26 *
epoch   27 | train 7.461731e-01 | val 7.312818e-01 |   1.444 s | best 7.312818e-01 @27 *
epoch   28 | train 7.507364e-01 | val 7.311420e-01 |   1.412 s | best 7.311420e-01 @28 *
epoch   29 | train 7.474799e-01 | val 7.310436e-01 |   1.447 s | best 7.310436e-01 @29 *
epoch   30 | train 7.520862e-01 | val 7.308226e-01 |   1.387 s | best 7.308226e-01 @30 *
epoch   31 | train 7.443484e-01 | val 7.307486e-01 |   1.395 s | best 7.307486e-01 @31 *
epoch   32 | train 7.482015e-01 | val 7.307804e-01 |   1.399 s | best 7.307486e-01 @31
epoch   33 | train 7.482342e-01 | val 7.307299e-01 |   1.400 s | best 7.307299e-01 @33 *
epoch   34 | train 7.459467e-01 | val 7.305503e-01 |   1.444 s | best 7.305503e-01 @34 *
epoch   35 | train 7.445567e-01 | val 7.304298e-01 |   1.394 s | best 7.304298e-01 @35 *
epoch   36 | train 7.449770e-01 | val 7.302551e-01 |   1.390 s | best 7.302551e-01 @36 *
epoch   37 | train 7.482037e-01 | val 7.301679e-01 |   1.457 s | best 7.301679e-01 @37 *
epoch   38 | train 7.415537e-01 | val 7.301052e-01 |   1.454 s | best 7.301052e-01 @38 *
epoch   39 | train 7.445774e-01 | val 7.301181e-01 |   1.393 s | best 7.301052e-01 @38
epoch   40 | train 7.464467e-01 | val 7.299724e-01 |   1.388 s | best 7.299724e-01 @40 *
epoch   41 | train 7.429899e-01 | val 7.299008e-01 |   1.391 s | best 7.299008e-01 @41 *
epoch   42 | train 7.444574e-01 | val 7.298309e-01 |   1.399 s | best 7.298309e-01 @42 *
epoch   43 | train 7.457316e-01 | val 7.297326e-01 |   1.386 s | best 7.297326e-01 @43 *
epoch   44 | train 7.423593e-01 | val 7.298011e-01 |   1.385 s | best 7.297326e-01 @43
epoch   45 | train 7.473434e-01 | val 7.297815e-01 |   1.382 s | best 7.297326e-01 @43
epoch   46 | train 7.395158e-01 | val 7.298788e-01 |   1.406 s | best 7.297326e-01 @43
epoch   47 | train 7.464847e-01 | val 7.298184e-01 |   1.390 s | best 7.297326e-01 @43
epoch   48 | train 7.451690e-01 | val 7.298803e-01 |   1.392 s | best 7.297326e-01 @43
epoch   49 | train 7.441358e-01 | val 7.298316e-01 |   1.386 s | best 7.297326e-01 @43
epoch   50 | train 7.423835e-01 | val 7.298019e-01 |   1.393 s | best 7.297326e-01 @43
epoch   51 | train 7.484448e-01 | val 7.297547e-01 |   1.402 s | best 7.297326e-01 @43
epoch   52 | train 7.466080e-01 | val 7.296691e-01 |   1.385 s | best 7.296691e-01 @52 *
epoch   53 | train 7.498627e-01 | val 7.296015e-01 |   1.386 s | best 7.296015e-01 @53 *
epoch   54 | train 7.490449e-01 | val 7.296196e-01 |   1.383 s | best 7.296015e-01 @53
epoch   55 | train 7.440430e-01 | val 7.295862e-01 |   1.398 s | best 7.295862e-01 @55 *
epoch   56 | train 7.392548e-01 | val 7.296608e-01 |   1.447 s | best 7.295862e-01 @55
epoch   57 | train 7.495791e-01 | val 7.295206e-01 |   1.386 s | best 7.295206e-01 @57 *
epoch   58 | train 7.433221e-01 | val 7.295274e-01 |   1.442 s | best 7.295206e-01 @57
epoch   59 | train 7.395951e-01 | val 7.294353e-01 |   1.377 s | best 7.294353e-01 @59 *
epoch   60 | train 7.432791e-01 | val 7.294179e-01 |   1.457 s | best 7.294179e-01 @60 *
epoch   61 | train 7.413757e-01 | val 7.293422e-01 |   1.446 s | best 7.293422e-01 @61 *
epoch   62 | train 7.434581e-01 | val 7.293972e-01 |   1.441 s | best 7.293422e-01 @61
epoch   63 | train 7.459728e-01 | val 7.292693e-01 |   1.389 s | best 7.292693e-01 @63 *
epoch   64 | train 7.424902e-01 | val 7.293203e-01 |   1.389 s | best 7.292693e-01 @63
epoch   65 | train 7.392304e-01 | val 7.293632e-01 |   1.422 s | best 7.292693e-01 @63
epoch   66 | train 7.464510e-01 | val 7.294191e-01 |   1.421 s | best 7.292693e-01 @63
epoch   67 | train 7.445394e-01 | val 7.294441e-01 |   1.439 s | best 7.292693e-01 @63
epoch   68 | train 7.394799e-01 | val 7.293767e-01 |   1.503 s | best 7.292693e-01 @63
epoch   69 | train 7.440283e-01 | val 7.292972e-01 |   1.445 s | best 7.292693e-01 @63
epoch   70 | train 7.465148e-01 | val 7.293383e-01 |   1.526 s | best 7.292693e-01 @63
epoch   71 | train 7.415641e-01 | val 7.294706e-01 |   1.499 s | best 7.292693e-01 @63
epoch   72 | train 7.433127e-01 | val 7.294936e-01 |   1.448 s | best 7.292693e-01 @63
epoch   73 | train 7.422196e-01 | val 7.294919e-01 |   1.422 s | best 7.292693e-01 @63
epoch   74 | train 7.439742e-01 | val 7.296106e-01 |   1.506 s | best 7.292693e-01 @63
epoch   75 | train 7.441533e-01 | val 7.295498e-01 |   1.454 s | best 7.292693e-01 @63
epoch   76 | train 7.393490e-01 | val 7.296864e-01 |   1.424 s | best 7.292693e-01 @63
epoch   77 | train 7.421348e-01 | val 7.295117e-01 |   1.425 s | best 7.292693e-01 @63
epoch   78 | train 7.417372e-01 | val 7.293375e-01 |   1.378 s | best 7.292693e-01 @63
# done        : 78 epochs, stopped_by=patience, aborted=False, best val 7.292693e-01 @ epoch 63, wall 124.5 s, 1.597 s/epoch
