
# ===== 2026-09-20 16:28:32 KST  HPO attempt 97  testbed D1 prior S  Nr=8 Nt=4
# DEVICE      : cuda | cuda_available=True | NVIDIA RTX PRO 6000 Blackwell Server Edition | torch 2.14.0+cu130 | train dtype float32 (01_RULES §9.5)
# data        : n_train=9000 n_val=1000 split_hash=98d6225d67f9c15a E||H||_F^2/(NrNt)=1.000268 (04_SPEC §2)
# sigma grid  : MEASURED, 20 points, log-uniform draw over [3.2936e-02, 7.9084e-01]
# hp          : {'arch': 'adm', 'param': 've', 'domain': 'angle', 'lr': 0.0007509264120917657, 'ema': 0.999, 'batch': 128, 'emb': 256, 'width': 64, 'depth': 3, 'heads': 2, 'attn_at': 8}  params=5056578
# stopping    : patience 15 on val loss, never before 0 epochs, max 600 (01_RULES §5)
epoch    1 | train 8.394028e-01 | val 9.713023e-01 |   4.273 s | best 9.713023e-01 @1 *
epoch    2 | train 7.753619e-01 | val 9.465645e-01 |   4.255 s | best 9.465645e-01 @2 *
epoch    3 | train 7.626955e-01 | val 9.232720e-01 |   4.263 s | best 9.232720e-01 @3 *
epoch    4 | train 7.576395e-01 | val 9.010714e-01 |   4.238 s | best 9.010714e-01 @4 *
epoch    5 | train 7.511502e-01 | val 8.802317e-01 |   4.254 s | best 8.802317e-01 @5 *
epoch    6 | train 7.529304e-01 | val 8.613827e-01 |   4.246 s | best 8.613827e-01 @6 *
epoch    7 | train 7.514899e-01 | val 8.449113e-01 |   4.245 s | best 8.449113e-01 @7 *
epoch    8 | train 7.493012e-01 | val 8.307779e-01 |   4.263 s | best 8.307779e-01 @8 *
epoch    9 | train 7.502278e-01 | val 8.189557e-01 |   4.269 s | best 8.189557e-01 @9 *
epoch   10 | train 7.495907e-01 | val 8.089101e-01 |   4.257 s | best 8.089101e-01 @10 *
epoch   11 | train 7.485762e-01 | val 8.001871e-01 |   4.224 s | best 8.001871e-01 @11 *
epoch   12 | train 7.468708e-01 | val 7.924998e-01 |   4.227 s | best 7.924998e-01 @12 *
epoch   13 | train 7.482764e-01 | val 7.855030e-01 |   4.337 s | best 7.855030e-01 @13 *
epoch   14 | train 7.464698e-01 | val 7.791325e-01 |   4.345 s | best 7.791325e-01 @14 *
epoch   15 | train 7.457332e-01 | val 7.734717e-01 |   4.260 s | best 7.734717e-01 @15 *
epoch   16 | train 7.485784e-01 | val 7.683648e-01 |   4.242 s | best 7.683648e-01 @16 *
epoch   17 | train 7.491238e-01 | val 7.635944e-01 |   4.232 s | best 7.635944e-01 @17 *
epoch   18 | train 7.470800e-01 | val 7.594432e-01 |   4.255 s | best 7.594432e-01 @18 *
epoch   19 | train 7.419316e-01 | val 7.557814e-01 |   4.240 s | best 7.557814e-01 @19 *
epoch   20 | train 7.457152e-01 | val 7.525163e-01 |   4.265 s | best 7.525163e-01 @20 *
epoch   21 | train 7.467763e-01 | val 7.496777e-01 |   4.248 s | best 7.496777e-01 @21 *
epoch   22 | train 7.480113e-01 | val 7.472571e-01 |   4.281 s | best 7.472571e-01 @22 *
epoch   23 | train 7.459585e-01 | val 7.451147e-01 |   4.378 s | best 7.451147e-01 @23 *
epoch   24 | train 7.471326e-01 | val 7.432640e-01 |   4.318 s | best 7.432640e-01 @24 *
epoch   25 | train 7.469081e-01 | val 7.415535e-01 |   4.309 s | best 7.415535e-01 @25 *
epoch   26 | train 7.431992e-01 | val 7.400424e-01 |   4.247 s | best 7.400424e-01 @26 *
epoch   27 | train 7.448641e-01 | val 7.386674e-01 |   4.344 s | best 7.386674e-01 @27 *
epoch   28 | train 7.430056e-01 | val 7.374721e-01 |   4.364 s | best 7.374721e-01 @28 *
epoch   29 | train 7.432522e-01 | val 7.364336e-01 |   4.361 s | best 7.364336e-01 @29 *
epoch   30 | train 7.394140e-01 | val 7.355582e-01 |   4.371 s | best 7.355582e-01 @30 *
epoch   31 | train 7.462071e-01 | val 7.347612e-01 |   4.305 s | best 7.347612e-01 @31 *
epoch   32 | train 7.451757e-01 | val 7.340695e-01 |   4.210 s | best 7.340695e-01 @32 *
epoch   33 | train 7.415150e-01 | val 7.334992e-01 |   4.225 s | best 7.334992e-01 @33 *
epoch   34 | train 7.432674e-01 | val 7.329940e-01 |   4.219 s | best 7.329940e-01 @34 *
epoch   35 | train 7.484722e-01 | val 7.325186e-01 |   4.200 s | best 7.325186e-01 @35 *
epoch   36 | train 7.413512e-01 | val 7.320810e-01 |   4.230 s | best 7.320810e-01 @36 *
epoch   37 | train 7.436365e-01 | val 7.316688e-01 |   4.200 s | best 7.316688e-01 @37 *
epoch   38 | train 7.419102e-01 | val 7.313168e-01 |   4.194 s | best 7.313168e-01 @38 *
epoch   39 | train 7.444961e-01 | val 7.310159e-01 |   4.188 s | best 7.310159e-01 @39 *
epoch   40 | train 7.432044e-01 | val 7.307323e-01 |   4.183 s | best 7.307323e-01 @40 *
epoch   41 | train 7.473248e-01 | val 7.304702e-01 |   4.184 s | best 7.304702e-01 @41 *
epoch   42 | train 7.411886e-01 | val 7.302281e-01 |   4.217 s | best 7.302281e-01 @42 *
epoch   43 | train 7.413494e-01 | val 7.300141e-01 |   4.275 s | best 7.300141e-01 @43 *
epoch   44 | train 7.450721e-01 | val 7.298174e-01 |   4.227 s | best 7.298174e-01 @44 *
epoch   45 | train 7.430081e-01 | val 7.296747e-01 |   4.232 s | best 7.296747e-01 @45 *
epoch   46 | train 7.448940e-01 | val 7.295421e-01 |   4.237 s | best 7.295421e-01 @46 *
epoch   47 | train 7.422262e-01 | val 7.294334e-01 |   4.184 s | best 7.294334e-01 @47 *
epoch   48 | train 7.387166e-01 | val 7.293646e-01 |   4.225 s | best 7.293646e-01 @48 *
epoch   49 | train 7.405880e-01 | val 7.293193e-01 |   4.141 s | best 7.293193e-01 @49 *
epoch   50 | train 7.400364e-01 | val 7.292459e-01 |   4.147 s | best 7.292459e-01 @50 *
epoch   51 | train 7.479930e-01 | val 7.291937e-01 |   4.142 s | best 7.291937e-01 @51 *
epoch   52 | train 7.477628e-01 | val 7.291104e-01 |   4.135 s | best 7.291104e-01 @52 *
epoch   53 | train 7.406818e-01 | val 7.290295e-01 |   4.131 s | best 7.290295e-01 @53 *
epoch   54 | train 7.360957e-01 | val 7.289757e-01 |   4.167 s | best 7.289757e-01 @54 *
epoch   55 | train 7.414606e-01 | val 7.289259e-01 |   4.157 s | best 7.289259e-01 @55 *
epoch   56 | train 7.416657e-01 | val 7.288869e-01 |   4.159 s | best 7.288869e-01 @56 *
epoch   57 | train 7.387653e-01 | val 7.288621e-01 |   4.214 s | best 7.288621e-01 @57 *
epoch   58 | train 7.404313e-01 | val 7.288395e-01 |   4.208 s | best 7.288395e-01 @58 *
epoch   59 | train 7.363913e-01 | val 7.288283e-01 |   4.206 s | best 7.288283e-01 @59 *
epoch   60 | train 7.399005e-01 | val 7.288029e-01 |   4.191 s | best 7.288029e-01 @60 *
epoch   61 | train 7.403352e-01 | val 7.287971e-01 |   4.201 s | best 7.287971e-01 @61 *
epoch   62 | train 7.420622e-01 | val 7.288119e-01 |   4.197 s | best 7.287971e-01 @61
epoch   63 | train 7.424418e-01 | val 7.287997e-01 |   4.209 s | best 7.287971e-01 @61
epoch   64 | train 7.440019e-01 | val 7.287689e-01 |   4.193 s | best 7.287689e-01 @64 *
epoch   65 | train 7.426464e-01 | val 7.287312e-01 |   4.222 s | best 7.287312e-01 @65 *
epoch   66 | train 7.433844e-01 | val 7.287288e-01 |   4.226 s | best 7.287288e-01 @66 *
epoch   67 | train 7.413832e-01 | val 7.287181e-01 |   4.238 s | best 7.287181e-01 @67 *
epoch   68 | train 7.401500e-01 | val 7.287173e-01 |   4.204 s | best 7.287173e-01 @68 *
epoch   69 | train 7.417637e-01 | val 7.287315e-01 |   4.237 s | best 7.287173e-01 @68
epoch   70 | train 7.406468e-01 | val 7.287410e-01 |   4.274 s | best 7.287173e-01 @68
epoch   71 | train 7.442930e-01 | val 7.287576e-01 |   4.286 s | best 7.287173e-01 @68
epoch   72 | train 7.391258e-01 | val 7.287765e-01 |   4.299 s | best 7.287173e-01 @68
epoch   73 | train 7.456379e-01 | val 7.287893e-01 |   4.350 s | best 7.287173e-01 @68
epoch   74 | train 7.443060e-01 | val 7.287788e-01 |   3.246 s | best 7.287173e-01 @68
epoch   75 | train 7.449038e-01 | val 7.287961e-01 |   4.371 s | best 7.287173e-01 @68
epoch   76 | train 7.400760e-01 | val 7.287723e-01 |   4.355 s | best 7.287173e-01 @68
epoch   77 | train 7.437563e-01 | val 7.287518e-01 |   4.277 s | best 7.287173e-01 @68
epoch   78 | train 7.399085e-01 | val 7.287447e-01 |   4.375 s | best 7.287173e-01 @68
epoch   79 | train 7.382265e-01 | val 7.287638e-01 |   4.378 s | best 7.287173e-01 @68
epoch   80 | train 7.410142e-01 | val 7.287581e-01 |   4.373 s | best 7.287173e-01 @68
epoch   81 | train 7.424446e-01 | val 7.287732e-01 |   4.338 s | best 7.287173e-01 @68
epoch   82 | train 7.373953e-01 | val 7.287793e-01 |   4.373 s | best 7.287173e-01 @68
epoch   83 | train 7.427092e-01 | val 7.288160e-01 |   4.277 s | best 7.287173e-01 @68
# done        : 83 epochs, stopped_by=patience, aborted=False, best val 7.287173e-01 @ epoch 68, wall 368.2 s, 4.436 s/epoch
