
# ===== 2026-09-20 16:37:43 KST  HPO attempt 109  testbed D1 prior S  Nr=8 Nt=4
# DEVICE      : cuda | cuda_available=True | NVIDIA RTX PRO 6000 Blackwell Server Edition | torch 2.14.0+cu130 | train dtype float32 (01_RULES §9.5)
# data        : n_train=9000 n_val=1000 split_hash=98d6225d67f9c15a E||H||_F^2/(NrNt)=1.000268 (04_SPEC §2)
# sigma grid  : MEASURED, 20 points, log-uniform draw over [3.2936e-02, 7.9084e-01]
# hp          : {'arch': 'adm', 'param': 've', 'domain': 'angle', 'lr': 0.0008501396994711948, 'ema': 0.99, 'batch': 256, 'emb': 64, 'width': 64, 'depth': 3, 'heads': 4, 'attn_at': 8}  params=5007426
# stopping    : patience 15 on val loss, never before 0 epochs, max 600 (01_RULES §5)
epoch    1 | train 8.742044e-01 | val 9.204308e-01 |   1.905 s | best 9.204308e-01 @1 *
epoch    2 | train 7.977610e-01 | val 8.583593e-01 |   2.092 s | best 8.583593e-01 @2 *
epoch    3 | train 7.693757e-01 | val 8.176121e-01 |   2.101 s | best 8.176121e-01 @3 *
epoch    4 | train 7.619538e-01 | val 7.862752e-01 |   2.135 s | best 7.862752e-01 @4 *
epoch    5 | train 7.582240e-01 | val 7.635655e-01 |   2.104 s | best 7.635655e-01 @5 *
epoch    6 | train 7.572002e-01 | val 7.507652e-01 |   2.117 s | best 7.507652e-01 @6 *
epoch    7 | train 7.549516e-01 | val 7.434445e-01 |   2.099 s | best 7.434445e-01 @7 *
epoch    8 | train 7.526570e-01 | val 7.392491e-01 |   2.141 s | best 7.392491e-01 @8 *
epoch    9 | train 7.509683e-01 | val 7.366964e-01 |   2.091 s | best 7.366964e-01 @9 *
epoch   10 | train 7.497796e-01 | val 7.351006e-01 |   2.139 s | best 7.351006e-01 @10 *
epoch   11 | train 7.511327e-01 | val 7.338296e-01 |   2.100 s | best 7.338296e-01 @11 *
epoch   12 | train 7.513152e-01 | val 7.329243e-01 |   2.098 s | best 7.329243e-01 @12 *
epoch   13 | train 7.533090e-01 | val 7.322181e-01 |   2.098 s | best 7.322181e-01 @13 *
epoch   14 | train 7.476388e-01 | val 7.318212e-01 |   2.104 s | best 7.318212e-01 @14 *
epoch   15 | train 7.485310e-01 | val 7.314723e-01 |   2.106 s | best 7.314723e-01 @15 *
epoch   16 | train 7.476011e-01 | val 7.312199e-01 |   2.105 s | best 7.312199e-01 @16 *
epoch   17 | train 7.449682e-01 | val 7.309775e-01 |   2.098 s | best 7.309775e-01 @17 *
epoch   18 | train 7.452234e-01 | val 7.308193e-01 |   2.105 s | best 7.308193e-01 @18 *
epoch   19 | train 7.451296e-01 | val 7.305456e-01 |   2.098 s | best 7.305456e-01 @19 *
epoch   20 | train 7.478314e-01 | val 7.301549e-01 |   2.104 s | best 7.301549e-01 @20 *
epoch   21 | train 7.460305e-01 | val 7.300153e-01 |   2.102 s | best 7.300153e-01 @21 *
epoch   22 | train 7.468756e-01 | val 7.298954e-01 |   2.107 s | best 7.298954e-01 @22 *
epoch   23 | train 7.453491e-01 | val 7.296901e-01 |   2.132 s | best 7.296901e-01 @23 *
epoch   24 | train 7.410431e-01 | val 7.295353e-01 |   2.096 s | best 7.295353e-01 @24 *
epoch   25 | train 7.471950e-01 | val 7.293746e-01 |   2.137 s | best 7.293746e-01 @25 *
epoch   26 | train 7.439292e-01 | val 7.293726e-01 |   2.109 s | best 7.293726e-01 @26 *
epoch   27 | train 7.436461e-01 | val 7.295585e-01 |   2.097 s | best 7.293726e-01 @26
epoch   28 | train 7.439579e-01 | val 7.294889e-01 |   2.108 s | best 7.293726e-01 @26
epoch   29 | train 7.461600e-01 | val 7.295157e-01 |   2.128 s | best 7.293726e-01 @26
epoch   30 | train 7.398354e-01 | val 7.294791e-01 |   2.143 s | best 7.293726e-01 @26
epoch   31 | train 7.455503e-01 | val 7.293376e-01 |   2.100 s | best 7.293376e-01 @31 *
epoch   32 | train 7.417603e-01 | val 7.293391e-01 |   2.104 s | best 7.293376e-01 @31
epoch   33 | train 7.422065e-01 | val 7.292500e-01 |   2.103 s | best 7.292500e-01 @33 *
epoch   34 | train 7.450207e-01 | val 7.293264e-01 |   2.103 s | best 7.292500e-01 @33
epoch   35 | train 7.474867e-01 | val 7.292022e-01 |   2.105 s | best 7.292022e-01 @35 *
epoch   36 | train 7.457238e-01 | val 7.293248e-01 |   2.105 s | best 7.292022e-01 @35
epoch   37 | train 7.391479e-01 | val 7.293888e-01 |   2.106 s | best 7.292022e-01 @35
epoch   38 | train 7.395669e-01 | val 7.293851e-01 |   2.108 s | best 7.292022e-01 @35
epoch   39 | train 7.426831e-01 | val 7.291728e-01 |   2.112 s | best 7.291728e-01 @39 *
epoch   40 | train 7.388187e-01 | val 7.290527e-01 |   2.106 s | best 7.290527e-01 @40 *
epoch   41 | train 7.498521e-01 | val 7.292150e-01 |   2.113 s | best 7.290527e-01 @40
epoch   42 | train 7.400712e-01 | val 7.293622e-01 |   2.098 s | best 7.290527e-01 @40
epoch   43 | train 7.438720e-01 | val 7.292877e-01 |   2.109 s | best 7.290527e-01 @40
epoch   44 | train 7.403549e-01 | val 7.290883e-01 |   2.103 s | best 7.290527e-01 @40
epoch   45 | train 7.432280e-01 | val 7.290494e-01 |   2.110 s | best 7.290494e-01 @45 *
epoch   46 | train 7.409165e-01 | val 7.290682e-01 |   2.104 s | best 7.290494e-01 @45
epoch   47 | train 7.463885e-01 | val 7.290097e-01 |   2.103 s | best 7.290097e-01 @47 *
epoch   48 | train 7.420200e-01 | val 7.291169e-01 |   2.139 s | best 7.290097e-01 @47
epoch   49 | train 7.439584e-01 | val 7.291105e-01 |   2.165 s | best 7.290097e-01 @47
epoch   50 | train 7.422087e-01 | val 7.289330e-01 |   2.157 s | best 7.289330e-01 @50 *
epoch   51 | train 7.408483e-01 | val 7.289586e-01 |   2.168 s | best 7.289330e-01 @50
epoch   52 | train 7.411592e-01 | val 7.289639e-01 |   2.152 s | best 7.289330e-01 @50
epoch   53 | train 7.445449e-01 | val 7.290756e-01 |   2.163 s | best 7.289330e-01 @50
epoch   54 | train 7.388927e-01 | val 7.290807e-01 |   2.100 s | best 7.289330e-01 @50
epoch   55 | train 7.404079e-01 | val 7.289733e-01 |   2.106 s | best 7.289330e-01 @50
epoch   56 | train 7.417703e-01 | val 7.289806e-01 |   2.110 s | best 7.289330e-01 @50
epoch   57 | train 7.467994e-01 | val 7.290956e-01 |   2.131 s | best 7.289330e-01 @50
epoch   58 | train 7.420565e-01 | val 7.292135e-01 |   2.113 s | best 7.289330e-01 @50
epoch   59 | train 7.438282e-01 | val 7.291645e-01 |   2.153 s | best 7.289330e-01 @50
epoch   60 | train 7.376330e-01 | val 7.292308e-01 |   2.159 s | best 7.289330e-01 @50
epoch   61 | train 7.421088e-01 | val 7.291951e-01 |   2.162 s | best 7.289330e-01 @50
epoch   62 | train 7.408644e-01 | val 7.291566e-01 |   2.164 s | best 7.289330e-01 @50
epoch   63 | train 7.377846e-01 | val 7.292228e-01 |   2.172 s | best 7.289330e-01 @50
epoch   64 | train 7.456694e-01 | val 7.291327e-01 |   2.176 s | best 7.289330e-01 @50
epoch   65 | train 7.436826e-01 | val 7.289801e-01 |   2.193 s | best 7.289330e-01 @50
# done        : 65 epochs, stopped_by=patience, aborted=False, best val 7.289330e-01 @ epoch 50, wall 150.5 s, 2.315 s/epoch
