
# ===== 2026-09-20 17:49:57 KST  HPO attempt 179  testbed D1 prior S  Nr=8 Nt=4
# DEVICE      : cuda | cuda_available=True | NVIDIA RTX PRO 6000 Blackwell Server Edition | torch 2.14.0+cu130 | train dtype float32 (01_RULES §9.5)
# data        : n_train=9000 n_val=1000 split_hash=98d6225d67f9c15a E||H||_F^2/(NrNt)=1.000268 (04_SPEC §2)
# sigma grid  : MEASURED, 20 points, log-uniform draw over [3.2936e-02, 7.9084e-01]
# hp          : {'arch': 'adm', 'param': 'edm', 'domain': 'pixel', 'lr': 0.00035626900341138564, 'ema': 0.999, 'batch': 128, 'emb': 256, 'width': 64, 'depth': 3, 'heads': 4, 'attn_at': 8}  params=5056578
# stopping    : patience 15 on val loss, never before 0 epochs, max 600 (01_RULES §5)
epoch    1 | train 9.038926e-01 | val 9.824051e-01 |   2.815 s | best 9.824051e-01 @1 *
epoch    2 | train 8.709880e-01 | val 9.705403e-01 |   2.793 s | best 9.705403e-01 @2 *
epoch    3 | train 8.601787e-01 | val 9.583886e-01 |   2.789 s | best 9.583886e-01 @3 *
epoch    4 | train 8.523125e-01 | val 9.462600e-01 |   2.787 s | best 9.462600e-01 @4 *
epoch    5 | train 8.453774e-01 | val 9.343076e-01 |   2.800 s | best 9.343076e-01 @5 *
epoch    6 | train 8.448238e-01 | val 9.227779e-01 |   2.777 s | best 9.227779e-01 @6 *
epoch    7 | train 8.406845e-01 | val 9.118696e-01 |   2.769 s | best 9.118696e-01 @7 *
epoch    8 | train 8.387345e-01 | val 9.016442e-01 |   2.789 s | best 9.016442e-01 @8 *
epoch    9 | train 8.412028e-01 | val 8.922261e-01 |   2.779 s | best 8.922261e-01 @9 *
epoch   10 | train 8.388867e-01 | val 8.837488e-01 |   2.793 s | best 8.837488e-01 @10 *
epoch   11 | train 8.376033e-01 | val 8.760830e-01 |   2.772 s | best 8.760830e-01 @11 *
epoch   12 | train 8.381199e-01 | val 8.691261e-01 |   2.781 s | best 8.691261e-01 @12 *
epoch   13 | train 8.359831e-01 | val 8.629373e-01 |   2.827 s | best 8.629373e-01 @13 *
epoch   14 | train 8.386417e-01 | val 8.574815e-01 |   2.849 s | best 8.574815e-01 @14 *
epoch   15 | train 8.344455e-01 | val 8.526760e-01 |   2.842 s | best 8.526760e-01 @15 *
epoch   16 | train 8.359929e-01 | val 8.484718e-01 |   2.863 s | best 8.484718e-01 @16 *
epoch   17 | train 8.320460e-01 | val 8.447631e-01 |   2.839 s | best 8.447631e-01 @17 *
epoch   18 | train 8.346522e-01 | val 8.415709e-01 |   2.841 s | best 8.415709e-01 @18 *
epoch   19 | train 8.341678e-01 | val 8.387136e-01 |   2.922 s | best 8.387136e-01 @19 *
epoch   20 | train 8.419525e-01 | val 8.363391e-01 |   2.929 s | best 8.363391e-01 @20 *
epoch   21 | train 8.356639e-01 | val 8.343062e-01 |   2.926 s | best 8.343062e-01 @21 *
epoch   22 | train 8.309725e-01 | val 8.324848e-01 |   2.931 s | best 8.324848e-01 @22 *
epoch   23 | train 8.363091e-01 | val 8.308924e-01 |   2.919 s | best 8.308924e-01 @23 *
epoch   24 | train 8.318670e-01 | val 8.295158e-01 |   2.938 s | best 8.295158e-01 @24 *
epoch   25 | train 8.359105e-01 | val 8.282973e-01 |   2.935 s | best 8.282973e-01 @25 *
epoch   26 | train 8.303200e-01 | val 8.272285e-01 |   2.922 s | best 8.272285e-01 @26 *
epoch   27 | train 8.371649e-01 | val 8.262857e-01 |   2.884 s | best 8.262857e-01 @27 *
epoch   28 | train 8.307418e-01 | val 8.254901e-01 |   2.907 s | best 8.254901e-01 @28 *
epoch   29 | train 8.315549e-01 | val 8.248133e-01 |   2.929 s | best 8.248133e-01 @29 *
epoch   30 | train 8.343184e-01 | val 8.242033e-01 |   2.923 s | best 8.242033e-01 @30 *
epoch   31 | train 8.332914e-01 | val 8.236523e-01 |   2.918 s | best 8.236523e-01 @31 *
epoch   32 | train 8.341000e-01 | val 8.231819e-01 |   2.928 s | best 8.231819e-01 @32 *
epoch   33 | train 8.293424e-01 | val 8.227710e-01 |   2.872 s | best 8.227710e-01 @33 *
epoch   34 | train 8.343655e-01 | val 8.224298e-01 |   2.832 s | best 8.224298e-01 @34 *
epoch   35 | train 8.361194e-01 | val 8.221325e-01 |   2.835 s | best 8.221325e-01 @35 *
epoch   36 | train 8.297311e-01 | val 8.218842e-01 |   2.821 s | best 8.218842e-01 @36 *
epoch   37 | train 8.300612e-01 | val 8.216639e-01 |   2.823 s | best 8.216639e-01 @37 *
epoch   38 | train 8.319431e-01 | val 8.214518e-01 |   2.836 s | best 8.214518e-01 @38 *
epoch   39 | train 8.340106e-01 | val 8.212731e-01 |   2.832 s | best 8.212731e-01 @39 *
epoch   40 | train 8.294584e-01 | val 8.211174e-01 |   2.825 s | best 8.211174e-01 @40 *
epoch   41 | train 8.293985e-01 | val 8.209704e-01 |   2.821 s | best 8.209704e-01 @41 *
epoch   42 | train 8.284331e-01 | val 8.208338e-01 |   2.821 s | best 8.208338e-01 @42 *
epoch   43 | train 8.296748e-01 | val 8.206897e-01 |   2.826 s | best 8.206897e-01 @43 *
epoch   44 | train 8.300018e-01 | val 8.205846e-01 |   2.825 s | best 8.205846e-01 @44 *
epoch   45 | train 8.308098e-01 | val 8.205386e-01 |   2.835 s | best 8.205386e-01 @45 *
epoch   46 | train 8.333270e-01 | val 8.204811e-01 |   2.834 s | best 8.204811e-01 @46 *
epoch   47 | train 8.278211e-01 | val 8.204456e-01 |   2.831 s | best 8.204456e-01 @47 *
epoch   48 | train 8.284004e-01 | val 8.204271e-01 |   2.831 s | best 8.204271e-01 @48 *
epoch   49 | train 8.295911e-01 | val 8.204154e-01 |   2.843 s | best 8.204154e-01 @49 *
epoch   50 | train 8.282121e-01 | val 8.204031e-01 |   2.821 s | best 8.204031e-01 @50 *
epoch   51 | train 8.297895e-01 | val 8.203598e-01 |   2.833 s | best 8.203598e-01 @51 *
epoch   52 | train 8.284609e-01 | val 8.203522e-01 |   2.825 s | best 8.203522e-01 @52 *
epoch   53 | train 8.282454e-01 | val 8.203384e-01 |   2.799 s | best 8.203384e-01 @53 *
epoch   54 | train 8.313816e-01 | val 8.203214e-01 |   2.805 s | best 8.203214e-01 @54 *
epoch   55 | train 8.325141e-01 | val 8.203239e-01 |   2.800 s | best 8.203214e-01 @54
epoch   56 | train 8.298911e-01 | val 8.203267e-01 |   2.816 s | best 8.203214e-01 @54
epoch   57 | train 8.264791e-01 | val 8.203312e-01 |   2.846 s | best 8.203214e-01 @54
epoch   58 | train 8.255615e-01 | val 8.203239e-01 |   2.808 s | best 8.203214e-01 @54
epoch   59 | train 8.250936e-01 | val 8.203752e-01 |   2.813 s | best 8.203214e-01 @54
epoch   60 | train 8.229710e-01 | val 8.204292e-01 |   2.816 s | best 8.203214e-01 @54
epoch   61 | train 8.313328e-01 | val 8.204764e-01 |   2.798 s | best 8.203214e-01 @54
epoch   62 | train 8.249061e-01 | val 8.204985e-01 |   2.800 s | best 8.203214e-01 @54
epoch   63 | train 8.247050e-01 | val 8.205819e-01 |   2.813 s | best 8.203214e-01 @54
epoch   64 | train 8.258577e-01 | val 8.206822e-01 |   2.814 s | best 8.203214e-01 @54
epoch   65 | train 8.239344e-01 | val 8.207741e-01 |   2.821 s | best 8.203214e-01 @54
epoch   66 | train 8.270541e-01 | val 8.208612e-01 |   2.806 s | best 8.203214e-01 @54
epoch   67 | train 8.249049e-01 | val 8.209749e-01 |   2.828 s | best 8.203214e-01 @54
epoch   68 | train 8.253080e-01 | val 8.210208e-01 |   2.811 s | best 8.203214e-01 @54
epoch   69 | train 8.269084e-01 | val 8.210846e-01 |   2.832 s | best 8.203214e-01 @54
# done        : 69 epochs, stopped_by=patience, aborted=False, best val 8.203214e-01 @ epoch 54, wall 209.1 s, 3.031 s/epoch
