
# ===== 2026-09-20 17:32:32 KST  HPO attempt 160  testbed D1 prior S  Nr=8 Nt=4
# DEVICE      : cuda | cuda_available=True | NVIDIA RTX PRO 6000 Blackwell Server Edition | torch 2.14.0+cu130 | train dtype float32 (01_RULES §9.5)
# data        : n_train=9000 n_val=1000 split_hash=98d6225d67f9c15a E||H||_F^2/(NrNt)=1.000268 (04_SPEC §2)
# sigma grid  : MEASURED, 20 points, log-uniform draw over [3.2936e-02, 7.9084e-01]
# hp          : {'arch': 'conv', 'param': 'edm', 'domain': 'angle', 'lr': 0.000380742368237853, 'ema': 0.999, 'batch': 128, 'emb': 256, 'width': 64, 'depth': 3}  params=244546
# stopping    : patience 15 on val loss, never before 0 epochs, max 600 (01_RULES §5)
epoch    1 | train 1.001122e+00 | val 9.906911e-01 |   1.343 s | best 9.906911e-01 @1 *
epoch    2 | train 9.829907e-01 | val 9.907269e-01 |   1.444 s | best 9.906911e-01 @1
epoch    3 | train 9.113455e-01 | val 9.911010e-01 |   1.414 s | best 9.906911e-01 @1
epoch    4 | train 8.725326e-01 | val 9.918357e-01 |   1.419 s | best 9.906911e-01 @1
epoch    5 | train 8.595325e-01 | val 9.926744e-01 |   1.409 s | best 9.906911e-01 @1
epoch    6 | train 8.550406e-01 | val 9.933127e-01 |   1.436 s | best 9.906911e-01 @1
epoch    7 | train 8.510898e-01 | val 9.934920e-01 |   1.410 s | best 9.906911e-01 @1
epoch    8 | train 8.503630e-01 | val 9.929509e-01 |   1.418 s | best 9.906911e-01 @1
epoch    9 | train 8.525933e-01 | val 9.914648e-01 |   1.443 s | best 9.906911e-01 @1
epoch   10 | train 8.512094e-01 | val 9.888954e-01 |   1.400 s | best 9.888954e-01 @10 *
epoch   11 | train 8.418314e-01 | val 9.851569e-01 |   1.449 s | best 9.851569e-01 @11 *
epoch   12 | train 8.461410e-01 | val 9.802797e-01 |   1.419 s | best 9.802797e-01 @12 *
epoch   13 | train 8.458898e-01 | val 9.743871e-01 |   1.418 s | best 9.743871e-01 @13 *
epoch   14 | train 8.469381e-01 | val 9.676612e-01 |   1.441 s | best 9.676612e-01 @14 *
epoch   15 | train 8.437530e-01 | val 9.602208e-01 |   1.398 s | best 9.602208e-01 @15 *
epoch   16 | train 8.441895e-01 | val 9.522827e-01 |   1.430 s | best 9.522827e-01 @16 *
epoch   17 | train 8.430154e-01 | val 9.439971e-01 |   1.413 s | best 9.439971e-01 @17 *
epoch   18 | train 8.392365e-01 | val 9.355719e-01 |   1.399 s | best 9.355719e-01 @18 *
epoch   19 | train 8.421733e-01 | val 9.272525e-01 |   1.413 s | best 9.272525e-01 @19 *
epoch   20 | train 8.448441e-01 | val 9.191291e-01 |   1.420 s | best 9.191291e-01 @20 *
epoch   21 | train 8.396866e-01 | val 9.112849e-01 |   1.421 s | best 9.112849e-01 @21 *
epoch   22 | train 8.385751e-01 | val 9.037555e-01 |   1.423 s | best 9.037555e-01 @22 *
epoch   23 | train 8.414369e-01 | val 8.965185e-01 |   1.429 s | best 8.965185e-01 @23 *
epoch   24 | train 8.393973e-01 | val 8.897896e-01 |   1.409 s | best 8.897896e-01 @24 *
epoch   25 | train 8.386364e-01 | val 8.834468e-01 |   1.462 s | best 8.834468e-01 @25 *
epoch   26 | train 8.438184e-01 | val 8.776054e-01 |   1.404 s | best 8.776054e-01 @26 *
epoch   27 | train 8.434667e-01 | val 8.722537e-01 |   1.433 s | best 8.722537e-01 @27 *
epoch   28 | train 8.398183e-01 | val 8.672603e-01 |   1.380 s | best 8.672603e-01 @28 *
epoch   29 | train 8.387200e-01 | val 8.628209e-01 |   1.375 s | best 8.628209e-01 @29 *
epoch   30 | train 8.387911e-01 | val 8.587576e-01 |   1.378 s | best 8.587576e-01 @30 *
epoch   31 | train 8.429314e-01 | val 8.550783e-01 |   1.377 s | best 8.550783e-01 @31 *
epoch   32 | train 8.403743e-01 | val 8.517444e-01 |   1.362 s | best 8.517444e-01 @32 *
epoch   33 | train 8.376203e-01 | val 8.487342e-01 |   1.390 s | best 8.487342e-01 @33 *
epoch   34 | train 8.384321e-01 | val 8.460441e-01 |   1.404 s | best 8.460441e-01 @34 *
epoch   35 | train 8.400557e-01 | val 8.437302e-01 |   1.381 s | best 8.437302e-01 @35 *
epoch   36 | train 8.359900e-01 | val 8.416203e-01 |   1.371 s | best 8.416203e-01 @36 *
epoch   37 | train 8.375280e-01 | val 8.397525e-01 |   1.378 s | best 8.397525e-01 @37 *
epoch   38 | train 8.413839e-01 | val 8.380722e-01 |   1.381 s | best 8.380722e-01 @38 *
epoch   39 | train 8.361822e-01 | val 8.365858e-01 |   1.373 s | best 8.365858e-01 @39 *
epoch   40 | train 8.392155e-01 | val 8.352125e-01 |   1.388 s | best 8.352125e-01 @40 *
epoch   41 | train 8.389391e-01 | val 8.340534e-01 |   1.370 s | best 8.340534e-01 @41 *
epoch   42 | train 8.369961e-01 | val 8.330014e-01 |   1.372 s | best 8.330014e-01 @42 *
epoch   43 | train 8.367723e-01 | val 8.320822e-01 |   1.379 s | best 8.320822e-01 @43 *
epoch   44 | train 8.379394e-01 | val 8.312613e-01 |   1.377 s | best 8.312613e-01 @44 *
epoch   45 | train 8.391430e-01 | val 8.305278e-01 |   1.377 s | best 8.305278e-01 @45 *
epoch   46 | train 8.418150e-01 | val 8.298577e-01 |   1.375 s | best 8.298577e-01 @46 *
epoch   47 | train 8.373309e-01 | val 8.292621e-01 |   1.379 s | best 8.292621e-01 @47 *
epoch   48 | train 8.381878e-01 | val 8.287722e-01 |   1.372 s | best 8.287722e-01 @48 *
epoch   49 | train 8.388213e-01 | val 8.283181e-01 |   1.382 s | best 8.283181e-01 @49 *
epoch   50 | train 8.430263e-01 | val 8.278993e-01 |   1.378 s | best 8.278993e-01 @50 *
epoch   51 | train 8.375755e-01 | val 8.275033e-01 |   1.377 s | best 8.275033e-01 @51 *
epoch   52 | train 8.382663e-01 | val 8.271750e-01 |   1.367 s | best 8.271750e-01 @52 *
epoch   53 | train 8.388189e-01 | val 8.268821e-01 |   1.397 s | best 8.268821e-01 @53 *
epoch   54 | train 8.405811e-01 | val 8.266255e-01 |   1.346 s | best 8.266255e-01 @54 *
epoch   55 | train 8.350156e-01 | val 8.263743e-01 |   1.392 s | best 8.263743e-01 @55 *
epoch   56 | train 8.351103e-01 | val 8.261575e-01 |   1.284 s | best 8.261575e-01 @56 *
epoch   57 | train 8.375241e-01 | val 8.259513e-01 |   1.401 s | best 8.259513e-01 @57 *
epoch   58 | train 8.340306e-01 | val 8.257775e-01 |   1.400 s | best 8.257775e-01 @58 *
epoch   59 | train 8.379657e-01 | val 8.256028e-01 |   1.388 s | best 8.256028e-01 @59 *
epoch   60 | train 8.366727e-01 | val 8.254644e-01 |   1.442 s | best 8.254644e-01 @60 *
epoch   61 | train 8.378671e-01 | val 8.253566e-01 |   1.364 s | best 8.253566e-01 @61 *
epoch   62 | train 8.406673e-01 | val 8.252559e-01 |   1.411 s | best 8.252559e-01 @62 *
epoch   63 | train 8.312252e-01 | val 8.251772e-01 |   1.381 s | best 8.251772e-01 @63 *
epoch   64 | train 8.370527e-01 | val 8.251015e-01 |   1.363 s | best 8.251015e-01 @64 *
epoch   65 | train 8.385111e-01 | val 8.250211e-01 |   1.405 s | best 8.250211e-01 @65 *
epoch   66 | train 8.353736e-01 | val 8.249587e-01 |   1.347 s | best 8.249587e-01 @66 *
epoch   67 | train 8.374495e-01 | val 8.248798e-01 |   1.379 s | best 8.248798e-01 @67 *
epoch   68 | train 8.356245e-01 | val 8.248294e-01 |   1.325 s | best 8.248294e-01 @68 *
epoch   69 | train 8.339541e-01 | val 8.247827e-01 |   1.371 s | best 8.247827e-01 @69 *
epoch   70 | train 8.392472e-01 | val 8.247381e-01 |   1.354 s | best 8.247381e-01 @70 *
epoch   71 | train 8.366696e-01 | val 8.246920e-01 |   1.335 s | best 8.246920e-01 @71 *
epoch   72 | train 8.376181e-01 | val 8.246047e-01 |   1.348 s | best 8.246047e-01 @72 *
epoch   73 | train 8.363488e-01 | val 8.245596e-01 |   1.317 s | best 8.245596e-01 @73 *
epoch   74 | train 8.362696e-01 | val 8.244955e-01 |   1.334 s | best 8.244955e-01 @74 *
epoch   75 | train 8.379449e-01 | val 8.244075e-01 |   1.301 s | best 8.244075e-01 @75 *
epoch   76 | train 8.393018e-01 | val 8.243642e-01 |   1.347 s | best 8.243642e-01 @76 *
epoch   77 | train 8.381947e-01 | val 8.242971e-01 |   1.312 s | best 8.242971e-01 @77 *
epoch   78 | train 8.357872e-01 | val 8.242272e-01 |   1.327 s | best 8.242272e-01 @78 *
epoch   79 | train 8.364511e-01 | val 8.241822e-01 |   1.331 s | best 8.241822e-01 @79 *
epoch   80 | train 8.346160e-01 | val 8.241303e-01 |   1.309 s | best 8.241303e-01 @80 *
epoch   81 | train 8.346523e-01 | val 8.241096e-01 |   1.335 s | best 8.241096e-01 @81 *
epoch   82 | train 8.363447e-01 | val 8.241289e-01 |   1.303 s | best 8.241096e-01 @81
epoch   83 | train 8.362597e-01 | val 8.241414e-01 |   1.340 s | best 8.241096e-01 @81
epoch   84 | train 8.361022e-01 | val 8.241467e-01 |   1.296 s | best 8.241096e-01 @81
epoch   85 | train 8.380725e-01 | val 8.241289e-01 |   1.339 s | best 8.241096e-01 @81
epoch   86 | train 8.343325e-01 | val 8.241189e-01 |   1.314 s | best 8.241096e-01 @81
epoch   87 | train 8.349049e-01 | val 8.240803e-01 |   1.345 s | best 8.240803e-01 @87 *
epoch   88 | train 8.372536e-01 | val 8.240569e-01 |   1.375 s | best 8.240569e-01 @88 *
epoch   89 | train 8.341532e-01 | val 8.240356e-01 |   1.388 s | best 8.240356e-01 @89 *
epoch   90 | train 8.346354e-01 | val 8.240066e-01 |   1.360 s | best 8.240066e-01 @90 *
epoch   91 | train 8.387855e-01 | val 8.239737e-01 |   1.395 s | best 8.239737e-01 @91 *
epoch   92 | train 8.359958e-01 | val 8.239477e-01 |   1.375 s | best 8.239477e-01 @92 *
epoch   93 | train 8.343092e-01 | val 8.239294e-01 |   1.390 s | best 8.239294e-01 @93 *
epoch   94 | train 8.362203e-01 | val 8.239002e-01 |   1.331 s | best 8.239002e-01 @94 *
epoch   95 | train 8.380291e-01 | val 8.238820e-01 |   1.341 s | best 8.238820e-01 @95 *
epoch   96 | train 8.344477e-01 | val 8.238630e-01 |   1.337 s | best 8.238630e-01 @96 *
epoch   97 | train 8.339012e-01 | val 8.238421e-01 |   1.347 s | best 8.238421e-01 @97 *
epoch   98 | train 8.339005e-01 | val 8.238423e-01 |   1.332 s | best 8.238421e-01 @97
epoch   99 | train 8.341792e-01 | val 8.238353e-01 |   1.328 s | best 8.238353e-01 @99 *
epoch  100 | train 8.363431e-01 | val 8.238075e-01 |   1.335 s | best 8.238075e-01 @100 *
epoch  101 | train 8.317494e-01 | val 8.237693e-01 |   1.217 s | best 8.237693e-01 @101 *
epoch  102 | train 8.331077e-01 | val 8.237704e-01 |   1.278 s | best 8.237693e-01 @101
epoch  103 | train 8.358307e-01 | val 8.237658e-01 |   1.356 s | best 8.237658e-01 @103 *
epoch  104 | train 8.353289e-01 | val 8.237591e-01 |   1.357 s | best 8.237591e-01 @104 *
epoch  105 | train 8.319732e-01 | val 8.237373e-01 |   1.345 s | best 8.237373e-01 @105 *
epoch  106 | train 8.349838e-01 | val 8.237175e-01 |   0.877 s | best 8.237175e-01 @106 *
epoch  107 | train 8.324130e-01 | val 8.236841e-01 |   1.359 s | best 8.236841e-01 @107 *
epoch  108 | train 8.296252e-01 | val 8.236430e-01 |   0.855 s | best 8.236430e-01 @108 *
epoch  109 | train 8.338585e-01 | val 8.235788e-01 |   1.362 s | best 8.235788e-01 @109 *
epoch  110 | train 8.311594e-01 | val 8.235296e-01 |   1.345 s | best 8.235296e-01 @110 *
epoch  111 | train 8.361196e-01 | val 8.235056e-01 |   1.363 s | best 8.235056e-01 @111 *
epoch  112 | train 8.316211e-01 | val 8.234858e-01 |   1.359 s | best 8.234858e-01 @112 *
epoch  113 | train 8.296392e-01 | val 8.234665e-01 |   1.347 s | best 8.234665e-01 @113 *
epoch  114 | train 8.344904e-01 | val 8.234655e-01 |   1.382 s | best 8.234655e-01 @114 *
epoch  115 | train 8.337789e-01 | val 8.234635e-01 |   1.169 s | best 8.234635e-01 @115 *
epoch  116 | train 8.350060e-01 | val 8.234693e-01 |   1.409 s | best 8.234635e-01 @115
epoch  117 | train 8.334577e-01 | val 8.234410e-01 |   1.110 s | best 8.234410e-01 @117 *
epoch  118 | train 8.306277e-01 | val 8.234418e-01 |   0.738 s | best 8.234410e-01 @117
epoch  119 | train 8.372015e-01 | val 8.234642e-01 |   1.072 s | best 8.234410e-01 @117
epoch  120 | train 8.349537e-01 | val 8.234506e-01 |   1.371 s | best 8.234410e-01 @117
epoch  121 | train 8.305428e-01 | val 8.234321e-01 |   1.407 s | best 8.234321e-01 @121 *
epoch  122 | train 8.348858e-01 | val 8.233861e-01 |   1.342 s | best 8.233861e-01 @122 *
epoch  123 | train 8.358747e-01 | val 8.233479e-01 |   1.375 s | best 8.233479e-01 @123 *
epoch  124 | train 8.317125e-01 | val 8.233356e-01 |   1.341 s | best 8.233356e-01 @124 *
epoch  125 | train 8.337116e-01 | val 8.233289e-01 |   1.401 s | best 8.233289e-01 @125 *
epoch  126 | train 8.352661e-01 | val 8.233309e-01 |   1.382 s | best 8.233289e-01 @125
epoch  127 | train 8.363915e-01 | val 8.233489e-01 |   1.386 s | best 8.233289e-01 @125
epoch  128 | train 8.392234e-01 | val 8.233185e-01 |   1.380 s | best 8.233185e-01 @128 *
epoch  129 | train 8.357195e-01 | val 8.233023e-01 |   1.387 s | best 8.233023e-01 @129 *
epoch  130 | train 8.340260e-01 | val 8.232858e-01 |   1.384 s | best 8.232858e-01 @130 *
epoch  131 | train 8.321281e-01 | val 8.232822e-01 |   1.364 s | best 8.232822e-01 @131 *
epoch  132 | train 8.334914e-01 | val 8.232602e-01 |   1.391 s | best 8.232602e-01 @132 *
epoch  133 | train 8.327083e-01 | val 8.232573e-01 |   1.364 s | best 8.232573e-01 @133 *
epoch  134 | train 8.332741e-01 | val 8.232639e-01 |   1.399 s | best 8.232573e-01 @133
epoch  135 | train 8.322656e-01 | val 8.232274e-01 |   1.353 s | best 8.232274e-01 @135 *
epoch  136 | train 8.329908e-01 | val 8.232324e-01 |   1.402 s | best 8.232274e-01 @135
epoch  137 | train 8.315544e-01 | val 8.232442e-01 |   1.016 s | best 8.232274e-01 @135
epoch  138 | train 8.340805e-01 | val 8.232455e-01 |   0.804 s | best 8.232274e-01 @135
epoch  139 | train 8.333264e-01 | val 8.232451e-01 |   1.389 s | best 8.232274e-01 @135
epoch  140 | train 8.316314e-01 | val 8.232514e-01 |   1.382 s | best 8.232274e-01 @135
epoch  141 | train 8.334960e-01 | val 8.232741e-01 |   1.387 s | best 8.232274e-01 @135
epoch  142 | train 8.322111e-01 | val 8.233014e-01 |   1.386 s | best 8.232274e-01 @135
epoch  143 | train 8.326594e-01 | val 8.233191e-01 |   1.394 s | best 8.232274e-01 @135
epoch  144 | train 8.350749e-01 | val 8.233736e-01 |   1.380 s | best 8.232274e-01 @135
epoch  145 | train 8.327269e-01 | val 8.233827e-01 |   1.391 s | best 8.232274e-01 @135
epoch  146 | train 8.309652e-01 | val 8.233850e-01 |   1.400 s | best 8.232274e-01 @135
epoch  147 | train 8.343773e-01 | val 8.234038e-01 |   1.376 s | best 8.232274e-01 @135
epoch  148 | train 8.316551e-01 | val 8.234107e-01 |   1.382 s | best 8.232274e-01 @135
epoch  149 | train 8.332083e-01 | val 8.234118e-01 |   1.384 s | best 8.232274e-01 @135
epoch  150 | train 8.338039e-01 | val 8.234074e-01 |   1.371 s | best 8.232274e-01 @135
# done        : 150 epochs, stopped_by=patience, aborted=False, best val 8.232274e-01 @ epoch 135, wall 207.0 s, 1.380 s/epoch
