
# ===== 2026-09-20 17:44:30 KST  HPO attempt 173  testbed D1 prior S  Nr=8 Nt=4
# DEVICE      : cuda | cuda_available=True | NVIDIA RTX PRO 6000 Blackwell Server Edition | torch 2.14.0+cu130 | train dtype float32 (01_RULES §9.5)
# data        : n_train=9000 n_val=1000 split_hash=98d6225d67f9c15a E||H||_F^2/(NrNt)=1.000268 (04_SPEC §2)
# sigma grid  : MEASURED, 20 points, log-uniform draw over [3.2936e-02, 7.9084e-01]
# hp          : {'arch': 'adm', 'param': 've', 'domain': 'angle', 'lr': 0.0005642087098990618, 'ema': 0.999, 'batch': 128, 'emb': 256, 'width': 64, 'depth': 3, 'heads': 4, 'attn_at': 8}  params=5056578
# stopping    : patience 15 on val loss, never before 0 epochs, max 600 (01_RULES §5)
epoch    1 | train 8.377515e-01 | val 9.715768e-01 |   4.172 s | best 9.715768e-01 @1 *
epoch    2 | train 7.695312e-01 | val 9.467932e-01 |   4.180 s | best 9.467932e-01 @2 *
epoch    3 | train 7.570498e-01 | val 9.237624e-01 |   4.254 s | best 9.237624e-01 @3 *
epoch    4 | train 7.568407e-01 | val 9.021657e-01 |   4.289 s | best 9.021657e-01 @4 *
epoch    5 | train 7.505998e-01 | val 8.810168e-01 |   4.273 s | best 8.810168e-01 @5 *
epoch    6 | train 7.507292e-01 | val 8.609406e-01 |   4.279 s | best 8.609406e-01 @6 *
epoch    7 | train 7.508987e-01 | val 8.428426e-01 |   4.199 s | best 8.428426e-01 @7 *
epoch    8 | train 7.526634e-01 | val 8.271899e-01 |   4.188 s | best 8.271899e-01 @8 *
epoch    9 | train 7.451130e-01 | val 8.137077e-01 |   4.253 s | best 8.137077e-01 @9 *
epoch   10 | train 7.523625e-01 | val 8.022655e-01 |   4.301 s | best 8.022655e-01 @10 *
epoch   11 | train 7.517703e-01 | val 7.925425e-01 |   4.290 s | best 7.925425e-01 @11 *
epoch   12 | train 7.538519e-01 | val 7.840735e-01 |   4.286 s | best 7.840735e-01 @12 *
epoch   13 | train 7.462531e-01 | val 7.768033e-01 |   4.294 s | best 7.768033e-01 @13 *
epoch   14 | train 7.454777e-01 | val 7.705196e-01 |   4.297 s | best 7.705196e-01 @14 *
epoch   15 | train 7.488983e-01 | val 7.649810e-01 |   4.296 s | best 7.649810e-01 @15 *
epoch   16 | train 7.479390e-01 | val 7.601750e-01 |   4.301 s | best 7.601750e-01 @16 *
epoch   17 | train 7.465487e-01 | val 7.559845e-01 |   4.291 s | best 7.559845e-01 @17 *
epoch   18 | train 7.471322e-01 | val 7.523939e-01 |   4.291 s | best 7.523939e-01 @18 *
epoch   19 | train 7.496733e-01 | val 7.492267e-01 |   4.292 s | best 7.492267e-01 @19 *
epoch   20 | train 7.452813e-01 | val 7.466049e-01 |   4.294 s | best 7.466049e-01 @20 *
epoch   21 | train 7.503251e-01 | val 7.443572e-01 |   4.297 s | best 7.443572e-01 @21 *
epoch   22 | train 7.421979e-01 | val 7.423575e-01 |   4.295 s | best 7.423575e-01 @22 *
epoch   23 | train 7.455993e-01 | val 7.406717e-01 |   4.347 s | best 7.406717e-01 @23 *
epoch   24 | train 7.470797e-01 | val 7.392585e-01 |   4.280 s | best 7.392585e-01 @24 *
epoch   25 | train 7.472553e-01 | val 7.380239e-01 |   4.285 s | best 7.380239e-01 @25 *
epoch   26 | train 7.393262e-01 | val 7.368786e-01 |   4.325 s | best 7.368786e-01 @26 *
epoch   27 | train 7.479562e-01 | val 7.359347e-01 |   4.438 s | best 7.359347e-01 @27 *
epoch   28 | train 7.366451e-01 | val 7.350629e-01 |   4.406 s | best 7.350629e-01 @28 *
epoch   29 | train 7.449171e-01 | val 7.343431e-01 |   4.457 s | best 7.343431e-01 @29 *
epoch   30 | train 7.398959e-01 | val 7.337295e-01 |   4.422 s | best 7.337295e-01 @30 *
epoch   31 | train 7.373985e-01 | val 7.331813e-01 |   4.438 s | best 7.331813e-01 @31 *
epoch   32 | train 7.534287e-01 | val 7.327657e-01 |   4.452 s | best 7.327657e-01 @32 *
epoch   33 | train 7.443457e-01 | val 7.323845e-01 |   4.508 s | best 7.323845e-01 @33 *
epoch   34 | train 7.455399e-01 | val 7.320247e-01 |   4.448 s | best 7.320247e-01 @34 *
epoch   35 | train 7.474804e-01 | val 7.316894e-01 |   4.314 s | best 7.316894e-01 @35 *
epoch   36 | train 7.458505e-01 | val 7.313880e-01 |   4.282 s | best 7.313880e-01 @36 *
epoch   37 | train 7.425655e-01 | val 7.311601e-01 |   4.311 s | best 7.311601e-01 @37 *
epoch   38 | train 7.422231e-01 | val 7.309470e-01 |   4.290 s | best 7.309470e-01 @38 *
epoch   39 | train 7.402551e-01 | val 7.307670e-01 |   4.285 s | best 7.307670e-01 @39 *
epoch   40 | train 7.441155e-01 | val 7.306036e-01 |   4.288 s | best 7.306036e-01 @40 *
epoch   41 | train 7.422602e-01 | val 7.304327e-01 |   4.230 s | best 7.304327e-01 @41 *
epoch   42 | train 7.484264e-01 | val 7.303025e-01 |   4.208 s | best 7.303025e-01 @42 *
epoch   43 | train 7.449498e-01 | val 7.302100e-01 |   4.171 s | best 7.302100e-01 @43 *
epoch   44 | train 7.388059e-01 | val 7.300984e-01 |   4.158 s | best 7.300984e-01 @44 *
epoch   45 | train 7.408991e-01 | val 7.299894e-01 |   4.160 s | best 7.299894e-01 @45 *
epoch   46 | train 7.450421e-01 | val 7.299139e-01 |   4.191 s | best 7.299139e-01 @46 *
epoch   47 | train 7.409364e-01 | val 7.298290e-01 |   4.151 s | best 7.298290e-01 @47 *
epoch   48 | train 7.436439e-01 | val 7.297596e-01 |   4.145 s | best 7.297596e-01 @48 *
epoch   49 | train 7.392216e-01 | val 7.296873e-01 |   4.164 s | best 7.296873e-01 @49 *
epoch   50 | train 7.420587e-01 | val 7.296027e-01 |   4.299 s | best 7.296027e-01 @50 *
epoch   51 | train 7.388799e-01 | val 7.295691e-01 |   4.271 s | best 7.295691e-01 @51 *
epoch   52 | train 7.371435e-01 | val 7.295247e-01 |   4.272 s | best 7.295247e-01 @52 *
epoch   53 | train 7.414164e-01 | val 7.294803e-01 |   4.263 s | best 7.294803e-01 @53 *
epoch   54 | train 7.441494e-01 | val 7.294410e-01 |   4.270 s | best 7.294410e-01 @54 *
epoch   55 | train 7.406892e-01 | val 7.294401e-01 |   4.267 s | best 7.294401e-01 @55 *
epoch   56 | train 7.388574e-01 | val 7.294359e-01 |   4.278 s | best 7.294359e-01 @56 *
epoch   57 | train 7.458773e-01 | val 7.294252e-01 |   4.275 s | best 7.294252e-01 @57 *
epoch   58 | train 7.433860e-01 | val 7.294282e-01 |   4.276 s | best 7.294252e-01 @57
epoch   59 | train 7.386352e-01 | val 7.294431e-01 |   4.269 s | best 7.294252e-01 @57
epoch   60 | train 7.453153e-01 | val 7.294524e-01 |   4.278 s | best 7.294252e-01 @57
epoch   61 | train 7.407458e-01 | val 7.294433e-01 |   4.278 s | best 7.294252e-01 @57
epoch   62 | train 7.409727e-01 | val 7.294445e-01 |   4.282 s | best 7.294252e-01 @57
epoch   63 | train 7.406857e-01 | val 7.294399e-01 |   4.278 s | best 7.294252e-01 @57
epoch   64 | train 7.419962e-01 | val 7.294415e-01 |   4.282 s | best 7.294252e-01 @57
epoch   65 | train 7.444069e-01 | val 7.294191e-01 |   4.189 s | best 7.294191e-01 @65 *
epoch   66 | train 7.372560e-01 | val 7.294164e-01 |   4.130 s | best 7.294164e-01 @66 *
epoch   67 | train 7.452063e-01 | val 7.294207e-01 |   4.126 s | best 7.294164e-01 @66
epoch   68 | train 7.434340e-01 | val 7.294145e-01 |   4.114 s | best 7.294145e-01 @68 *
epoch   69 | train 7.357655e-01 | val 7.294220e-01 |   4.120 s | best 7.294145e-01 @68
epoch   70 | train 7.399229e-01 | val 7.294302e-01 |   4.158 s | best 7.294145e-01 @68
epoch   71 | train 7.420327e-01 | val 7.294549e-01 |   4.194 s | best 7.294145e-01 @68
epoch   72 | train 7.440205e-01 | val 7.294530e-01 |   4.188 s | best 7.294145e-01 @68
epoch   73 | train 7.420128e-01 | val 7.294452e-01 |   4.535 s | best 7.294145e-01 @68
epoch   74 | train 7.380854e-01 | val 7.294387e-01 |   4.472 s | best 7.294145e-01 @68
epoch   75 | train 7.374359e-01 | val 7.294441e-01 |   4.440 s | best 7.294145e-01 @68
epoch   76 | train 7.405709e-01 | val 7.294644e-01 |   4.423 s | best 7.294145e-01 @68
epoch   77 | train 7.369238e-01 | val 7.294942e-01 |   4.397 s | best 7.294145e-01 @68
epoch   78 | train 7.431787e-01 | val 7.294927e-01 |   4.424 s | best 7.294145e-01 @68
epoch   79 | train 7.448735e-01 | val 7.294860e-01 |   4.407 s | best 7.294145e-01 @68
epoch   80 | train 7.430922e-01 | val 7.295002e-01 |   4.460 s | best 7.294145e-01 @68
epoch   81 | train 7.373624e-01 | val 7.295031e-01 |   4.418 s | best 7.294145e-01 @68
epoch   82 | train 7.357764e-01 | val 7.294929e-01 |   4.277 s | best 7.294145e-01 @68
epoch   83 | train 7.395324e-01 | val 7.295185e-01 |   4.276 s | best 7.294145e-01 @68
# done        : 83 epochs, stopped_by=patience, aborted=False, best val 7.294145e-01 @ epoch 68, wall 373.1 s, 4.495 s/epoch
