
# ===== 2026-09-20 17:18:17 KST  HPO attempt 147  testbed D1 prior S  Nr=8 Nt=4
# DEVICE      : cuda | cuda_available=True | NVIDIA RTX PRO 6000 Blackwell Server Edition | torch 2.14.0+cu130 | train dtype float32 (01_RULES §9.5)
# data        : n_train=9000 n_val=1000 split_hash=98d6225d67f9c15a E||H||_F^2/(NrNt)=1.000268 (04_SPEC §2)
# sigma grid  : MEASURED, 20 points, log-uniform draw over [3.2936e-02, 7.9084e-01]
# hp          : {'arch': 'adm', 'param': 'edm', 'domain': 'angle', 'lr': 0.0003650971916127399, 'ema': 0.999, 'batch': 128, 'emb': 256, 'width': 64, 'depth': 3, 'heads': 4, 'attn_at': 8}  params=5056578
# stopping    : patience 15 on val loss, never before 0 epochs, max 600 (01_RULES §5)
epoch    1 | train 9.430019e-01 | val 9.903693e-01 |   3.019 s | best 9.903693e-01 @1 *
epoch    2 | train 8.649447e-01 | val 9.900048e-01 |   2.980 s | best 9.900048e-01 @2 *
epoch    3 | train 8.514534e-01 | val 9.892390e-01 |   4.289 s | best 9.892390e-01 @3 *
epoch    4 | train 8.468712e-01 | val 9.866871e-01 |   4.251 s | best 9.866871e-01 @4 *
epoch    5 | train 8.434678e-01 | val 9.808852e-01 |   4.248 s | best 9.808852e-01 @5 *
epoch    6 | train 8.420902e-01 | val 9.709290e-01 |   4.265 s | best 9.709290e-01 @6 *
epoch    7 | train 8.407133e-01 | val 9.570721e-01 |   4.277 s | best 9.570721e-01 @7 *
epoch    8 | train 8.436796e-01 | val 9.409966e-01 |   4.251 s | best 9.409966e-01 @8 *
epoch    9 | train 8.408263e-01 | val 9.245573e-01 |   4.238 s | best 9.245573e-01 @9 *
epoch   10 | train 8.416946e-01 | val 9.086646e-01 |   1.420 s | best 9.086646e-01 @10 *
epoch   11 | train 8.400000e-01 | val 8.945508e-01 |   1.261 s | best 8.945508e-01 @11 *
epoch   12 | train 8.342083e-01 | val 8.824285e-01 |   1.266 s | best 8.824285e-01 @12 *
epoch   13 | train 8.391501e-01 | val 8.722438e-01 |   2.523 s | best 8.722438e-01 @13 *
epoch   14 | train 8.406045e-01 | val 8.639110e-01 |   4.269 s | best 8.639110e-01 @14 *
epoch   15 | train 8.364669e-01 | val 8.571253e-01 |   4.271 s | best 8.571253e-01 @15 *
epoch   16 | train 8.394000e-01 | val 8.515044e-01 |   1.456 s | best 8.515044e-01 @16 *
epoch   17 | train 8.399452e-01 | val 8.467962e-01 |   1.349 s | best 8.467962e-01 @17 *
epoch   18 | train 8.364750e-01 | val 8.429117e-01 |   1.362 s | best 8.429117e-01 @18 *
epoch   19 | train 8.339143e-01 | val 8.397120e-01 |   1.327 s | best 8.397120e-01 @19 *
epoch   20 | train 8.371508e-01 | val 8.369548e-01 |   1.356 s | best 8.369548e-01 @20 *
epoch   21 | train 8.355194e-01 | val 8.346474e-01 |   1.339 s | best 8.346474e-01 @21 *
epoch   22 | train 8.384602e-01 | val 8.327337e-01 |   1.349 s | best 8.327337e-01 @22 *
epoch   23 | train 8.345737e-01 | val 8.310798e-01 |   1.322 s | best 8.310798e-01 @23 *
epoch   24 | train 8.349711e-01 | val 8.297162e-01 |   1.364 s | best 8.297162e-01 @24 *
epoch   25 | train 8.315382e-01 | val 8.285459e-01 |   1.319 s | best 8.285459e-01 @25 *
epoch   26 | train 8.348611e-01 | val 8.275435e-01 |   1.342 s | best 8.275435e-01 @26 *
epoch   27 | train 8.317591e-01 | val 8.266417e-01 |   1.352 s | best 8.266417e-01 @27 *
epoch   28 | train 8.360585e-01 | val 8.259154e-01 |   1.356 s | best 8.259154e-01 @28 *
epoch   29 | train 8.325358e-01 | val 8.253250e-01 |   1.358 s | best 8.253250e-01 @29 *
epoch   30 | train 8.366950e-01 | val 8.248302e-01 |   1.383 s | best 8.248302e-01 @30 *
epoch   31 | train 8.308472e-01 | val 8.244026e-01 |   1.331 s | best 8.244026e-01 @31 *
epoch   32 | train 8.341618e-01 | val 8.240598e-01 |   1.374 s | best 8.240598e-01 @32 *
epoch   33 | train 8.359239e-01 | val 8.236913e-01 |   1.365 s | best 8.236913e-01 @33 *
epoch   34 | train 8.376186e-01 | val 8.233833e-01 |   4.287 s | best 8.233833e-01 @34 *
epoch   35 | train 8.344965e-01 | val 8.231732e-01 |   4.317 s | best 8.231732e-01 @35 *
epoch   36 | train 8.311251e-01 | val 8.229649e-01 |   4.310 s | best 8.229649e-01 @36 *
epoch   37 | train 8.351414e-01 | val 8.227571e-01 |   4.311 s | best 8.227571e-01 @37 *
epoch   38 | train 8.319488e-01 | val 8.225017e-01 |   4.309 s | best 8.225017e-01 @38 *
epoch   39 | train 8.297144e-01 | val 8.222989e-01 |   4.315 s | best 8.222989e-01 @39 *
epoch   40 | train 8.341810e-01 | val 8.221830e-01 |   4.320 s | best 8.221830e-01 @40 *
epoch   41 | train 8.304885e-01 | val 8.220700e-01 |   4.309 s | best 8.220700e-01 @41 *
epoch   42 | train 8.352599e-01 | val 8.219798e-01 |   4.318 s | best 8.219798e-01 @42 *
epoch   43 | train 8.353854e-01 | val 8.218924e-01 |   4.290 s | best 8.218924e-01 @43 *
epoch   44 | train 8.307109e-01 | val 8.218420e-01 |   4.257 s | best 8.218420e-01 @44 *
epoch   45 | train 8.292956e-01 | val 8.217831e-01 |   4.250 s | best 8.217831e-01 @45 *
epoch   46 | train 8.349426e-01 | val 8.216687e-01 |   4.253 s | best 8.216687e-01 @46 *
epoch   47 | train 8.342767e-01 | val 8.215901e-01 |   4.249 s | best 8.215901e-01 @47 *
epoch   48 | train 8.321663e-01 | val 8.214985e-01 |   1.390 s | best 8.214985e-01 @48 *
epoch   49 | train 8.308524e-01 | val 8.214356e-01 |   1.274 s | best 8.214356e-01 @49 *
epoch   50 | train 8.269577e-01 | val 8.213941e-01 |   1.274 s | best 8.213941e-01 @50 *
epoch   51 | train 8.274241e-01 | val 8.213819e-01 |   1.262 s | best 8.213819e-01 @51 *
epoch   52 | train 8.284984e-01 | val 8.213679e-01 |   1.271 s | best 8.213679e-01 @52 *
epoch   53 | train 8.310168e-01 | val 8.213594e-01 |   1.263 s | best 8.213594e-01 @53 *
epoch   54 | train 8.305404e-01 | val 8.213327e-01 |   1.262 s | best 8.213327e-01 @54 *
epoch   55 | train 8.306918e-01 | val 8.213615e-01 |   1.265 s | best 8.213327e-01 @54
epoch   56 | train 8.305864e-01 | val 8.213583e-01 |   1.295 s | best 8.213327e-01 @54
epoch   57 | train 8.313694e-01 | val 8.213455e-01 |   1.259 s | best 8.213327e-01 @54
epoch   58 | train 8.354642e-01 | val 8.213693e-01 |   1.275 s | best 8.213327e-01 @54
epoch   59 | train 8.309058e-01 | val 8.213480e-01 |   1.328 s | best 8.213327e-01 @54
epoch   60 | train 8.298469e-01 | val 8.213041e-01 |   1.420 s | best 8.213041e-01 @60 *
epoch   61 | train 8.327915e-01 | val 8.212368e-01 |   1.371 s | best 8.212368e-01 @61 *
epoch   62 | train 8.280158e-01 | val 8.212315e-01 |   1.375 s | best 8.212315e-01 @62 *
epoch   63 | train 8.282701e-01 | val 8.212082e-01 |   1.316 s | best 8.212082e-01 @63 *
epoch   64 | train 8.310930e-01 | val 8.212082e-01 |   4.294 s | best 8.212082e-01 @63
epoch   65 | train 8.289050e-01 | val 8.212066e-01 |   4.324 s | best 8.212066e-01 @65 *
epoch   66 | train 8.300610e-01 | val 8.212059e-01 |   4.329 s | best 8.212059e-01 @66 *
epoch   67 | train 8.295347e-01 | val 8.212003e-01 |   4.316 s | best 8.212003e-01 @67 *
epoch   68 | train 8.320498e-01 | val 8.212456e-01 |   4.321 s | best 8.212003e-01 @67
epoch   69 | train 8.287916e-01 | val 8.212901e-01 |   4.313 s | best 8.212003e-01 @67
epoch   70 | train 8.328898e-01 | val 8.213024e-01 |   4.317 s | best 8.212003e-01 @67
epoch   71 | train 8.271744e-01 | val 8.212895e-01 |   1.437 s | best 8.212003e-01 @67
epoch   72 | train 8.301010e-01 | val 8.212527e-01 |   4.296 s | best 8.212003e-01 @67
epoch   73 | train 8.334971e-01 | val 8.212485e-01 |   4.319 s | best 8.212003e-01 @67
epoch   74 | train 8.266498e-01 | val 8.212864e-01 |   4.319 s | best 8.212003e-01 @67
epoch   75 | train 8.265663e-01 | val 8.213314e-01 |   4.319 s | best 8.212003e-01 @67
epoch   76 | train 8.282600e-01 | val 8.213713e-01 |   4.326 s | best 8.212003e-01 @67
epoch   77 | train 8.280050e-01 | val 8.213887e-01 |   4.336 s | best 8.212003e-01 @67
epoch   78 | train 8.283322e-01 | val 8.213968e-01 |   4.357 s | best 8.212003e-01 @67
epoch   79 | train 8.296966e-01 | val 8.213958e-01 |   4.327 s | best 8.212003e-01 @67
epoch   80 | train 8.252070e-01 | val 8.213999e-01 |   4.330 s | best 8.212003e-01 @67
epoch   81 | train 8.315594e-01 | val 8.214492e-01 |   4.324 s | best 8.212003e-01 @67
epoch   82 | train 8.290396e-01 | val 8.214762e-01 |   4.332 s | best 8.212003e-01 @67
# done        : 82 epochs, stopped_by=patience, aborted=False, best val 8.212003e-01 @ epoch 67, wall 249.7 s, 3.045 s/epoch
