
# ===== 2026-09-20 16:43:51 KST  HPO attempt 115  testbed D1 prior S  Nr=8 Nt=4
# DEVICE      : cuda | cuda_available=True | NVIDIA RTX PRO 6000 Blackwell Server Edition | torch 2.14.0+cu130 | train dtype float32 (01_RULES §9.5)
# data        : n_train=9000 n_val=1000 split_hash=98d6225d67f9c15a E||H||_F^2/(NrNt)=1.000268 (04_SPEC §2)
# sigma grid  : MEASURED, 20 points, log-uniform draw over [3.2936e-02, 7.9084e-01]
# hp          : {'arch': 'adm', 'param': 'vp', 'domain': 'angle', 'lr': 0.0006017472770863116, 'ema': 0.999, 'batch': 128, 'emb': 256, 'width': 64, 'depth': 3, 'heads': 4, 'attn_at': 8}  params=5056578
# stopping    : patience 15 on val loss, never before 0 epochs, max 600 (01_RULES §5)
epoch    1 | train 8.449140e-01 | val 9.715767e-01 |   4.157 s | best 9.715767e-01 @1 *
epoch    2 | train 7.685849e-01 | val 9.470606e-01 |   4.100 s | best 9.470606e-01 @2 *
epoch    3 | train 7.578220e-01 | val 9.242558e-01 |   4.128 s | best 9.242558e-01 @3 *
epoch    4 | train 7.578748e-01 | val 9.027375e-01 |   4.121 s | best 9.027375e-01 @4 *
epoch    5 | train 7.554568e-01 | val 8.822850e-01 |   3.809 s | best 8.822850e-01 @5 *
epoch    6 | train 7.496415e-01 | val 8.631238e-01 |   4.086 s | best 8.631238e-01 @6 *
epoch    7 | train 7.471128e-01 | val 8.459010e-01 |   4.120 s | best 8.459010e-01 @7 *
epoch    8 | train 7.493260e-01 | val 8.306099e-01 |   4.088 s | best 8.306099e-01 @8 *
epoch    9 | train 7.477431e-01 | val 8.174434e-01 |   4.118 s | best 8.174434e-01 @9 *
epoch   10 | train 7.458114e-01 | val 8.060011e-01 |   4.165 s | best 8.060011e-01 @10 *
epoch   11 | train 7.497456e-01 | val 7.961198e-01 |   4.186 s | best 7.961198e-01 @11 *
epoch   12 | train 7.486642e-01 | val 7.873068e-01 |   4.172 s | best 7.873068e-01 @12 *
epoch   13 | train 7.478506e-01 | val 7.795916e-01 |   4.163 s | best 7.795916e-01 @13 *
epoch   14 | train 7.463391e-01 | val 7.728532e-01 |   4.153 s | best 7.728532e-01 @14 *
epoch   15 | train 7.472442e-01 | val 7.671354e-01 |   4.149 s | best 7.671354e-01 @15 *
epoch   16 | train 7.454559e-01 | val 7.619377e-01 |   4.162 s | best 7.619377e-01 @16 *
epoch   17 | train 7.460505e-01 | val 7.575187e-01 |   4.159 s | best 7.575187e-01 @17 *
epoch   18 | train 7.416021e-01 | val 7.537791e-01 |   4.146 s | best 7.537791e-01 @18 *
epoch   19 | train 7.443102e-01 | val 7.504268e-01 |   4.159 s | best 7.504268e-01 @19 *
epoch   20 | train 7.458574e-01 | val 7.476366e-01 |   4.150 s | best 7.476366e-01 @20 *
epoch   21 | train 7.516162e-01 | val 7.451733e-01 |   4.082 s | best 7.451733e-01 @21 *
epoch   22 | train 7.471971e-01 | val 7.430100e-01 |   4.184 s | best 7.430100e-01 @22 *
epoch   23 | train 7.439562e-01 | val 7.412016e-01 |   4.186 s | best 7.412016e-01 @23 *
epoch   24 | train 7.475454e-01 | val 7.396178e-01 |   4.186 s | best 7.396178e-01 @24 *
epoch   25 | train 7.442205e-01 | val 7.381949e-01 |   4.188 s | best 7.381949e-01 @25 *
epoch   26 | train 7.424380e-01 | val 7.369087e-01 |   4.182 s | best 7.369087e-01 @26 *
epoch   27 | train 7.434596e-01 | val 7.358521e-01 |   4.178 s | best 7.358521e-01 @27 *
epoch   28 | train 7.444772e-01 | val 7.349486e-01 |   4.183 s | best 7.349486e-01 @28 *
epoch   29 | train 7.377305e-01 | val 7.341778e-01 |   4.179 s | best 7.341778e-01 @29 *
epoch   30 | train 7.444859e-01 | val 7.334576e-01 |   4.180 s | best 7.334576e-01 @30 *
epoch   31 | train 7.487466e-01 | val 7.328588e-01 |   4.180 s | best 7.328588e-01 @31 *
epoch   32 | train 7.471639e-01 | val 7.323650e-01 |   4.186 s | best 7.323650e-01 @32 *
epoch   33 | train 7.437153e-01 | val 7.318972e-01 |   4.184 s | best 7.318972e-01 @33 *
epoch   34 | train 7.490293e-01 | val 7.314955e-01 |   4.198 s | best 7.314955e-01 @34 *
epoch   35 | train 7.460142e-01 | val 7.311376e-01 |   4.191 s | best 7.311376e-01 @35 *
epoch   36 | train 7.411391e-01 | val 7.308218e-01 |   4.196 s | best 7.308218e-01 @36 *
epoch   37 | train 7.451842e-01 | val 7.305436e-01 |   4.343 s | best 7.305436e-01 @37 *
epoch   38 | train 7.381274e-01 | val 7.302662e-01 |   4.404 s | best 7.302662e-01 @38 *
epoch   39 | train 7.451147e-01 | val 7.300357e-01 |   4.383 s | best 7.300357e-01 @39 *
epoch   40 | train 7.377113e-01 | val 7.298547e-01 |   4.371 s | best 7.298547e-01 @40 *
epoch   41 | train 7.422693e-01 | val 7.296799e-01 |   4.184 s | best 7.296799e-01 @41 *
epoch   42 | train 7.401834e-01 | val 7.295007e-01 |   4.188 s | best 7.295007e-01 @42 *
epoch   43 | train 7.407716e-01 | val 7.293659e-01 |   4.179 s | best 7.293659e-01 @43 *
epoch   44 | train 7.429760e-01 | val 7.292655e-01 |   4.183 s | best 7.292655e-01 @44 *
epoch   45 | train 7.493855e-01 | val 7.291685e-01 |   4.183 s | best 7.291685e-01 @45 *
epoch   46 | train 7.459826e-01 | val 7.290788e-01 |   4.183 s | best 7.290788e-01 @46 *
epoch   47 | train 7.421698e-01 | val 7.289835e-01 |   4.200 s | best 7.289835e-01 @47 *
epoch   48 | train 7.398130e-01 | val 7.289145e-01 |   4.192 s | best 7.289145e-01 @48 *
epoch   49 | train 7.405563e-01 | val 7.288636e-01 |   4.188 s | best 7.288636e-01 @49 *
epoch   50 | train 7.450244e-01 | val 7.288342e-01 |   4.190 s | best 7.288342e-01 @50 *
epoch   51 | train 7.416054e-01 | val 7.288172e-01 |   4.188 s | best 7.288172e-01 @51 *
epoch   52 | train 7.429677e-01 | val 7.287894e-01 |   4.184 s | best 7.287894e-01 @52 *
epoch   53 | train 7.393659e-01 | val 7.287446e-01 |   4.181 s | best 7.287446e-01 @53 *
epoch   54 | train 7.496599e-01 | val 7.286777e-01 |   4.185 s | best 7.286777e-01 @54 *
epoch   55 | train 7.346645e-01 | val 7.286293e-01 |   4.180 s | best 7.286293e-01 @55 *
epoch   56 | train 7.412733e-01 | val 7.285756e-01 |   4.196 s | best 7.285756e-01 @56 *
epoch   57 | train 7.414041e-01 | val 7.285293e-01 |   4.187 s | best 7.285293e-01 @57 *
epoch   58 | train 7.435831e-01 | val 7.285023e-01 |   4.182 s | best 7.285023e-01 @58 *
epoch   59 | train 7.420076e-01 | val 7.284833e-01 |   4.190 s | best 7.284833e-01 @59 *
epoch   60 | train 7.395255e-01 | val 7.284695e-01 |   4.194 s | best 7.284695e-01 @60 *
epoch   61 | train 7.381697e-01 | val 7.284592e-01 |   4.190 s | best 7.284592e-01 @61 *
epoch   62 | train 7.386994e-01 | val 7.284512e-01 |   4.183 s | best 7.284512e-01 @62 *
epoch   63 | train 7.421471e-01 | val 7.284794e-01 |   4.199 s | best 7.284512e-01 @62
epoch   64 | train 7.411232e-01 | val 7.285061e-01 |   4.188 s | best 7.284512e-01 @62
epoch   65 | train 7.407392e-01 | val 7.285190e-01 |   4.309 s | best 7.284512e-01 @62
epoch   66 | train 7.404114e-01 | val 7.285657e-01 |   4.330 s | best 7.284512e-01 @62
epoch   67 | train 7.422868e-01 | val 7.285949e-01 |   4.339 s | best 7.284512e-01 @62
epoch   68 | train 7.395695e-01 | val 7.286027e-01 |   4.338 s | best 7.284512e-01 @62
epoch   69 | train 7.419305e-01 | val 7.286018e-01 |   4.222 s | best 7.284512e-01 @62
epoch   70 | train 7.452665e-01 | val 7.286184e-01 |   4.326 s | best 7.284512e-01 @62
epoch   71 | train 7.481750e-01 | val 7.286242e-01 |   4.339 s | best 7.284512e-01 @62
epoch   72 | train 7.379987e-01 | val 7.286142e-01 |   4.336 s | best 7.284512e-01 @62
epoch   73 | train 7.370868e-01 | val 7.286107e-01 |   4.326 s | best 7.284512e-01 @62
epoch   74 | train 7.381434e-01 | val 7.285745e-01 |   4.237 s | best 7.284512e-01 @62
epoch   75 | train 7.394835e-01 | val 7.285401e-01 |   4.230 s | best 7.284512e-01 @62
epoch   76 | train 7.362521e-01 | val 7.285153e-01 |   4.362 s | best 7.284512e-01 @62
epoch   77 | train 7.423132e-01 | val 7.285331e-01 |   4.257 s | best 7.284512e-01 @62
# done        : 77 epochs, stopped_by=patience, aborted=False, best val 7.284512e-01 @ epoch 62, wall 339.6 s, 4.410 s/epoch
