
# ===== 2026-09-20 17:36:42 KST  HPO attempt 166  testbed D1 prior S  Nr=8 Nt=4
# DEVICE      : cuda | cuda_available=True | NVIDIA RTX PRO 6000 Blackwell Server Edition | torch 2.14.0+cu130 | train dtype float32 (01_RULES §9.5)
# data        : n_train=9000 n_val=1000 split_hash=98d6225d67f9c15a E||H||_F^2/(NrNt)=1.000268 (04_SPEC §2)
# sigma grid  : MEASURED, 20 points, log-uniform draw over [3.2936e-02, 7.9084e-01]
# hp          : {'arch': 'adm', 'param': 'edm', 'domain': 'angle', 'lr': 0.00024937038831323823, 'ema': 0.999, 'batch': 128, 'emb': 256, 'width': 16, 'depth': 3, 'heads': 4, 'attn_at': 8}  params=331026
# stopping    : patience 15 on val loss, never before 0 epochs, max 600 (01_RULES §5)
epoch    1 | train 9.907999e-01 | val 9.906434e-01 |   4.023 s | best 9.906434e-01 @1 *
epoch    2 | train 9.453631e-01 | val 9.903952e-01 |   4.304 s | best 9.903952e-01 @2 *
epoch    3 | train 9.067658e-01 | val 9.898879e-01 |   4.299 s | best 9.898879e-01 @3 *
epoch    4 | train 8.783803e-01 | val 9.890262e-01 |   4.301 s | best 9.890262e-01 @4 *
epoch    5 | train 8.682704e-01 | val 9.876288e-01 |   4.298 s | best 9.876288e-01 @5 *
epoch    6 | train 8.664150e-01 | val 9.854268e-01 |   4.343 s | best 9.854268e-01 @6 *
epoch    7 | train 8.588745e-01 | val 9.821624e-01 |   4.361 s | best 9.821624e-01 @7 *
epoch    8 | train 8.590088e-01 | val 9.776230e-01 |   4.361 s | best 9.776230e-01 @8 *
epoch    9 | train 8.588471e-01 | val 9.717212e-01 |   4.367 s | best 9.717212e-01 @9 *
epoch   10 | train 8.559834e-01 | val 9.644703e-01 |   4.372 s | best 9.644703e-01 @10 *
epoch   11 | train 8.562832e-01 | val 9.560540e-01 |   4.373 s | best 9.560540e-01 @11 *
epoch   12 | train 8.545953e-01 | val 9.468384e-01 |   4.350 s | best 9.468384e-01 @12 *
epoch   13 | train 8.511356e-01 | val 9.369968e-01 |   4.365 s | best 9.369968e-01 @13 *
epoch   14 | train 8.537495e-01 | val 9.270369e-01 |   4.358 s | best 9.270369e-01 @14 *
epoch   15 | train 8.469010e-01 | val 9.171517e-01 |   4.360 s | best 9.171517e-01 @15 *
epoch   16 | train 8.427324e-01 | val 9.075801e-01 |   4.352 s | best 9.075801e-01 @16 *
epoch   17 | train 8.461019e-01 | val 8.986133e-01 |   4.353 s | best 8.986133e-01 @17 *
epoch   18 | train 8.450556e-01 | val 8.904687e-01 |   4.337 s | best 8.904687e-01 @18 *
epoch   19 | train 8.496552e-01 | val 8.831403e-01 |   4.338 s | best 8.831403e-01 @19 *
epoch   20 | train 8.448113e-01 | val 8.764902e-01 |   4.348 s | best 8.764902e-01 @20 *
epoch   21 | train 8.486457e-01 | val 8.706520e-01 |   4.348 s | best 8.706520e-01 @21 *
epoch   22 | train 8.465331e-01 | val 8.655959e-01 |   4.356 s | best 8.655959e-01 @22 *
epoch   23 | train 8.419858e-01 | val 8.611524e-01 |   4.342 s | best 8.611524e-01 @23 *
epoch   24 | train 8.419890e-01 | val 8.572619e-01 |   4.355 s | best 8.572619e-01 @24 *
epoch   25 | train 8.465661e-01 | val 8.538373e-01 |   4.344 s | best 8.538373e-01 @25 *
epoch   26 | train 8.445428e-01 | val 8.508787e-01 |   4.366 s | best 8.508787e-01 @26 *
epoch   27 | train 8.459756e-01 | val 8.482869e-01 |   4.332 s | best 8.482869e-01 @27 *
epoch   28 | train 8.441419e-01 | val 8.460475e-01 |   4.445 s | best 8.460475e-01 @28 *
epoch   29 | train 8.404832e-01 | val 8.440644e-01 |   4.461 s | best 8.440644e-01 @29 *
epoch   30 | train 8.421627e-01 | val 8.423724e-01 |   4.448 s | best 8.423724e-01 @30 *
epoch   31 | train 8.379083e-01 | val 8.408506e-01 |   4.394 s | best 8.408506e-01 @31 *
epoch   32 | train 8.432094e-01 | val 8.395656e-01 |   4.467 s | best 8.395656e-01 @32 *
epoch   33 | train 8.383913e-01 | val 8.384095e-01 |   4.485 s | best 8.384095e-01 @33 *
epoch   34 | train 8.426654e-01 | val 8.373936e-01 |   4.464 s | best 8.373936e-01 @34 *
epoch   35 | train 8.443879e-01 | val 8.365454e-01 |   4.487 s | best 8.365454e-01 @35 *
epoch   36 | train 8.422824e-01 | val 8.356766e-01 |   4.343 s | best 8.356766e-01 @36 *
epoch   37 | train 8.396244e-01 | val 8.349348e-01 |   4.333 s | best 8.349348e-01 @37 *
epoch   38 | train 8.412603e-01 | val 8.342351e-01 |   4.343 s | best 8.342351e-01 @38 *
epoch   39 | train 8.375580e-01 | val 8.336527e-01 |   4.360 s | best 8.336527e-01 @39 *
epoch   40 | train 8.383096e-01 | val 8.330765e-01 |   4.382 s | best 8.330765e-01 @40 *
epoch   41 | train 8.418444e-01 | val 8.326258e-01 |   4.310 s | best 8.326258e-01 @41 *
epoch   42 | train 8.406970e-01 | val 8.321817e-01 |   4.295 s | best 8.321817e-01 @42 *
epoch   43 | train 8.368228e-01 | val 8.318253e-01 |   4.285 s | best 8.318253e-01 @43 *
epoch   44 | train 8.386219e-01 | val 8.314784e-01 |   4.326 s | best 8.314784e-01 @44 *
epoch   45 | train 8.404351e-01 | val 8.311352e-01 |   4.343 s | best 8.311352e-01 @45 *
epoch   46 | train 8.367841e-01 | val 8.308499e-01 |   4.253 s | best 8.308499e-01 @46 *
epoch   47 | train 8.403258e-01 | val 8.305982e-01 |   4.315 s | best 8.305982e-01 @47 *
epoch   48 | train 8.420614e-01 | val 8.303282e-01 |   4.272 s | best 8.303282e-01 @48 *
epoch   49 | train 8.387242e-01 | val 8.300821e-01 |   4.298 s | best 8.300821e-01 @49 *
epoch   50 | train 8.369135e-01 | val 8.298386e-01 |   4.310 s | best 8.298386e-01 @50 *
epoch   51 | train 8.383956e-01 | val 8.295898e-01 |   4.304 s | best 8.295898e-01 @51 *
epoch   52 | train 8.383224e-01 | val 8.293820e-01 |   4.288 s | best 8.293820e-01 @52 *
epoch   53 | train 8.391891e-01 | val 8.291417e-01 |   4.288 s | best 8.291417e-01 @53 *
epoch   54 | train 8.371626e-01 | val 8.289300e-01 |   4.314 s | best 8.289300e-01 @54 *
epoch   55 | train 8.374136e-01 | val 8.287185e-01 |   4.318 s | best 8.287185e-01 @55 *
epoch   56 | train 8.384085e-01 | val 8.285231e-01 |   4.247 s | best 8.285231e-01 @56 *
epoch   57 | train 8.354356e-01 | val 8.283427e-01 |   4.223 s | best 8.283427e-01 @57 *
epoch   58 | train 8.357991e-01 | val 8.281489e-01 |   4.422 s | best 8.281489e-01 @58 *
epoch   59 | train 8.386313e-01 | val 8.279742e-01 |   4.344 s | best 8.279742e-01 @59 *
epoch   60 | train 8.344595e-01 | val 8.278647e-01 |   4.347 s | best 8.278647e-01 @60 *
epoch   61 | train 8.329153e-01 | val 8.277515e-01 |   4.346 s | best 8.277515e-01 @61 *
epoch   62 | train 8.353447e-01 | val 8.276325e-01 |   4.342 s | best 8.276325e-01 @62 *
epoch   63 | train 8.368747e-01 | val 8.275437e-01 |   4.348 s | best 8.275437e-01 @63 *
epoch   64 | train 8.356775e-01 | val 8.274068e-01 |   4.456 s | best 8.274068e-01 @64 *
epoch   65 | train 8.328110e-01 | val 8.272903e-01 |   4.464 s | best 8.272903e-01 @65 *
epoch   66 | train 8.365715e-01 | val 8.271427e-01 |   4.429 s | best 8.271427e-01 @66 *
epoch   67 | train 8.370388e-01 | val 8.270423e-01 |   4.487 s | best 8.270423e-01 @67 *
epoch   68 | train 8.374147e-01 | val 8.269823e-01 |   4.387 s | best 8.269823e-01 @68 *
epoch   69 | train 8.330660e-01 | val 8.268774e-01 |   4.351 s | best 8.268774e-01 @69 *
epoch   70 | train 8.385075e-01 | val 8.267602e-01 |   4.349 s | best 8.267602e-01 @70 *
epoch   71 | train 8.338680e-01 | val 8.266541e-01 |   4.349 s | best 8.266541e-01 @71 *
epoch   72 | train 8.380414e-01 | val 8.265544e-01 |   4.349 s | best 8.265544e-01 @72 *
epoch   73 | train 8.362068e-01 | val 8.264856e-01 |   4.348 s | best 8.264856e-01 @73 *
epoch   74 | train 8.353625e-01 | val 8.264627e-01 |   4.344 s | best 8.264627e-01 @74 *
epoch   75 | train 8.357179e-01 | val 8.264007e-01 |   4.343 s | best 8.264007e-01 @75 *
epoch   76 | train 8.369823e-01 | val 8.263261e-01 |   4.347 s | best 8.263261e-01 @76 *
epoch   77 | train 8.345522e-01 | val 8.262609e-01 |   4.348 s | best 8.262609e-01 @77 *
epoch   78 | train 8.367125e-01 | val 8.261649e-01 |   4.350 s | best 8.261649e-01 @78 *
epoch   79 | train 8.335207e-01 | val 8.260983e-01 |   4.366 s | best 8.260983e-01 @79 *
epoch   80 | train 8.321716e-01 | val 8.260127e-01 |   4.327 s | best 8.260127e-01 @80 *
epoch   81 | train 8.343113e-01 | val 8.259203e-01 |   4.319 s | best 8.259203e-01 @81 *
epoch   82 | train 8.354810e-01 | val 8.258235e-01 |   4.319 s | best 8.258235e-01 @82 *
epoch   83 | train 8.354614e-01 | val 8.257613e-01 |   4.311 s | best 8.257613e-01 @83 *
epoch   84 | train 8.335454e-01 | val 8.256939e-01 |   4.326 s | best 8.256939e-01 @84 *
epoch   85 | train 8.350457e-01 | val 8.256583e-01 |   4.334 s | best 8.256583e-01 @85 *
epoch   86 | train 8.358428e-01 | val 8.255961e-01 |   4.508 s | best 8.255961e-01 @86 *
epoch   87 | train 8.374570e-01 | val 8.255259e-01 |   4.437 s | best 8.255259e-01 @87 *
epoch   88 | train 8.318124e-01 | val 8.254802e-01 |   4.326 s | best 8.254802e-01 @88 *
epoch   89 | train 8.349186e-01 | val 8.254367e-01 |   4.331 s | best 8.254367e-01 @89 *
epoch   90 | train 8.329233e-01 | val 8.253902e-01 |   4.322 s | best 8.253902e-01 @90 *
epoch   91 | train 8.392841e-01 | val 8.253301e-01 |   4.325 s | best 8.253301e-01 @91 *
epoch   92 | train 8.362691e-01 | val 8.253033e-01 |   4.329 s | best 8.253033e-01 @92 *
epoch   93 | train 8.353040e-01 | val 8.252774e-01 |   4.318 s | best 8.252774e-01 @93 *
epoch   94 | train 8.377511e-01 | val 8.252435e-01 |   4.314 s | best 8.252435e-01 @94 *
epoch   95 | train 8.351958e-01 | val 8.252088e-01 |   4.315 s | best 8.252088e-01 @95 *
epoch   96 | train 8.342228e-01 | val 8.251991e-01 |   4.331 s | best 8.251991e-01 @96 *
epoch   97 | train 8.360585e-01 | val 8.251488e-01 |   4.329 s | best 8.251488e-01 @97 *
epoch   98 | train 8.348162e-01 | val 8.250911e-01 |   4.342 s | best 8.250911e-01 @98 *
epoch   99 | train 8.359306e-01 | val 8.250891e-01 |   4.229 s | best 8.250891e-01 @99 *
epoch  100 | train 8.338515e-01 | val 8.250826e-01 |   4.186 s | best 8.250826e-01 @100 *
epoch  101 | train 8.342945e-01 | val 8.250899e-01 |   4.224 s | best 8.250826e-01 @100
epoch  102 | train 8.312521e-01 | val 8.250431e-01 |   4.226 s | best 8.250431e-01 @102 *
epoch  103 | train 8.351932e-01 | val 8.250232e-01 |   4.219 s | best 8.250232e-01 @103 *
epoch  104 | train 8.321844e-01 | val 8.250247e-01 |   4.223 s | best 8.250232e-01 @103
epoch  105 | train 8.308116e-01 | val 8.250222e-01 |   4.214 s | best 8.250222e-01 @105 *
epoch  106 | train 8.308961e-01 | val 8.249819e-01 |   4.215 s | best 8.249819e-01 @106 *
epoch  107 | train 8.318738e-01 | val 8.249468e-01 |   4.272 s | best 8.249468e-01 @107 *
epoch  108 | train 8.319428e-01 | val 8.249233e-01 |   4.274 s | best 8.249233e-01 @108 *
epoch  109 | train 8.329800e-01 | val 8.248575e-01 |   4.326 s | best 8.248575e-01 @109 *
epoch  110 | train 8.352086e-01 | val 8.248162e-01 |   4.363 s | best 8.248162e-01 @110 *
epoch  111 | train 8.334432e-01 | val 8.248016e-01 |   4.365 s | best 8.248016e-01 @111 *
epoch  112 | train 8.351183e-01 | val 8.247555e-01 |   4.356 s | best 8.247555e-01 @112 *
epoch  113 | train 8.309536e-01 | val 8.247088e-01 |   4.308 s | best 8.247088e-01 @113 *
epoch  114 | train 8.351879e-01 | val 8.246645e-01 |   4.249 s | best 8.246645e-01 @114 *
epoch  115 | train 8.339661e-01 | val 8.246676e-01 |   4.243 s | best 8.246645e-01 @114
epoch  116 | train 8.321827e-01 | val 8.246413e-01 |   4.366 s | best 8.246413e-01 @116 *
epoch  117 | train 8.331569e-01 | val 8.246261e-01 |   4.331 s | best 8.246261e-01 @117 *
epoch  118 | train 8.318784e-01 | val 8.246477e-01 |   4.339 s | best 8.246261e-01 @117
epoch  119 | train 8.322318e-01 | val 8.246428e-01 |   4.334 s | best 8.246261e-01 @117
epoch  120 | train 8.342718e-01 | val 8.245864e-01 |   4.334 s | best 8.245864e-01 @120 *
epoch  121 | train 8.329668e-01 | val 8.245608e-01 |   4.330 s | best 8.245608e-01 @121 *
epoch  122 | train 8.296809e-01 | val 8.245514e-01 |   4.331 s | best 8.245514e-01 @122 *
epoch  123 | train 8.309351e-01 | val 8.245074e-01 |   4.331 s | best 8.245074e-01 @123 *
epoch  124 | train 8.319737e-01 | val 8.244941e-01 |   4.338 s | best 8.244941e-01 @124 *
epoch  125 | train 8.319681e-01 | val 8.244866e-01 |   4.351 s | best 8.244866e-01 @125 *
epoch  126 | train 8.293819e-01 | val 8.244351e-01 |   4.351 s | best 8.244351e-01 @126 *
epoch  127 | train 8.327764e-01 | val 8.244237e-01 |   4.351 s | best 8.244237e-01 @127 *
epoch  128 | train 8.323508e-01 | val 8.244222e-01 |   4.346 s | best 8.244222e-01 @128 *
epoch  129 | train 8.337135e-01 | val 8.244298e-01 |   4.346 s | best 8.244222e-01 @128
epoch  130 | train 8.350439e-01 | val 8.244228e-01 |   4.359 s | best 8.244222e-01 @128
epoch  131 | train 8.320299e-01 | val 8.243748e-01 |   4.337 s | best 8.243748e-01 @131 *
epoch  132 | train 8.319207e-01 | val 8.243305e-01 |   4.334 s | best 8.243305e-01 @132 *
epoch  133 | train 8.341367e-01 | val 8.243676e-01 |   4.381 s | best 8.243305e-01 @132
epoch  134 | train 8.339687e-01 | val 8.243666e-01 |   4.464 s | best 8.243305e-01 @132
epoch  135 | train 8.317491e-01 | val 8.243329e-01 |   4.445 s | best 8.243305e-01 @132
epoch  136 | train 8.327306e-01 | val 8.243374e-01 |   4.482 s | best 8.243305e-01 @132
epoch  137 | train 8.318674e-01 | val 8.243386e-01 |   4.495 s | best 8.243305e-01 @132
epoch  138 | train 8.331915e-01 | val 8.243362e-01 |   4.505 s | best 8.243305e-01 @132
epoch  139 | train 8.331363e-01 | val 8.243670e-01 |   4.510 s | best 8.243305e-01 @132
epoch  140 | train 8.323585e-01 | val 8.243857e-01 |   4.517 s | best 8.243305e-01 @132
epoch  141 | train 8.322840e-01 | val 8.244405e-01 |   4.511 s | best 8.243305e-01 @132
epoch  142 | train 8.298133e-01 | val 8.244553e-01 |   4.413 s | best 8.243305e-01 @132
epoch  143 | train 8.312591e-01 | val 8.244788e-01 |   4.371 s | best 8.243305e-01 @132
epoch  144 | train 8.291780e-01 | val 8.244587e-01 |   4.394 s | best 8.243305e-01 @132
epoch  145 | train 8.326370e-01 | val 8.245087e-01 |   4.387 s | best 8.243305e-01 @132
epoch  146 | train 8.282054e-01 | val 8.245208e-01 |   4.378 s | best 8.243305e-01 @132
epoch  147 | train 8.316865e-01 | val 8.245758e-01 |   4.381 s | best 8.243305e-01 @132
# done        : 147 epochs, stopped_by=patience, aborted=False, best val 8.243305e-01 @ epoch 132, wall 648.2 s, 4.410 s/epoch
