
# ===== 2026-09-20 17:02:36 KST  HPO attempt 130  testbed D1 prior S  Nr=8 Nt=4
# DEVICE      : cuda | cuda_available=True | NVIDIA RTX PRO 6000 Blackwell Server Edition | torch 2.14.0+cu130 | train dtype float32 (01_RULES §9.5)
# data        : n_train=9000 n_val=1000 split_hash=98d6225d67f9c15a E||H||_F^2/(NrNt)=1.000268 (04_SPEC §2)
# sigma grid  : MEASURED, 20 points, log-uniform draw over [3.2936e-02, 7.9084e-01]
# hp          : {'arch': 'adm', 'param': 've', 'domain': 'angle', 'lr': 0.0006083378029298267, 'ema': 0.999, 'batch': 128, 'emb': 64, 'width': 64, 'depth': 3, 'heads': 4, 'attn_at': 8}  params=5007426
# stopping    : patience 15 on val loss, never before 0 epochs, max 600 (01_RULES §5)
epoch    1 | train 8.369882e-01 | val 9.706522e-01 |   4.365 s | best 9.706522e-01 @1 *
epoch    2 | train 7.664185e-01 | val 9.453133e-01 |   4.501 s | best 9.453133e-01 @2 *
epoch    3 | train 7.625733e-01 | val 9.222228e-01 |   4.518 s | best 9.222228e-01 @3 *
epoch    4 | train 7.560063e-01 | val 9.009690e-01 |   4.379 s | best 9.009690e-01 @4 *
epoch    5 | train 7.529413e-01 | val 8.805653e-01 |   4.308 s | best 8.805653e-01 @5 *
epoch    6 | train 7.532422e-01 | val 8.612473e-01 |   4.308 s | best 8.612473e-01 @6 *
epoch    7 | train 7.495248e-01 | val 8.439615e-01 |   4.315 s | best 8.439615e-01 @7 *
epoch    8 | train 7.519824e-01 | val 8.292505e-01 |   4.313 s | best 8.292505e-01 @8 *
epoch    9 | train 7.505602e-01 | val 8.166869e-01 |   4.178 s | best 8.166869e-01 @9 *
epoch   10 | train 7.488666e-01 | val 8.057637e-01 |   4.156 s | best 8.057637e-01 @10 *
epoch   11 | train 7.509575e-01 | val 7.963825e-01 |   4.193 s | best 7.963825e-01 @11 *
epoch   12 | train 7.430013e-01 | val 7.879931e-01 |   4.206 s | best 7.879931e-01 @12 *
epoch   13 | train 7.413646e-01 | val 7.806247e-01 |   4.210 s | best 7.806247e-01 @13 *
epoch   14 | train 7.436495e-01 | val 7.739683e-01 |   4.225 s | best 7.739683e-01 @14 *
epoch   15 | train 7.502773e-01 | val 7.681726e-01 |   4.256 s | best 7.681726e-01 @15 *
epoch   16 | train 7.495668e-01 | val 7.630466e-01 |   4.209 s | best 7.630466e-01 @16 *
epoch   17 | train 7.479010e-01 | val 7.586594e-01 |   4.185 s | best 7.586594e-01 @17 *
epoch   18 | train 7.474728e-01 | val 7.547488e-01 |   4.207 s | best 7.547488e-01 @18 *
epoch   19 | train 7.455739e-01 | val 7.513958e-01 |   4.220 s | best 7.513958e-01 @19 *
epoch   20 | train 7.456266e-01 | val 7.483934e-01 |   4.236 s | best 7.483934e-01 @20 *
epoch   21 | train 7.506735e-01 | val 7.457931e-01 |   4.316 s | best 7.457931e-01 @21 *
epoch   22 | train 7.431955e-01 | val 7.435775e-01 |   4.316 s | best 7.435775e-01 @22 *
epoch   23 | train 7.459230e-01 | val 7.415691e-01 |   4.311 s | best 7.415691e-01 @23 *
epoch   24 | train 7.434567e-01 | val 7.398490e-01 |   4.311 s | best 7.398490e-01 @24 *
epoch   25 | train 7.495217e-01 | val 7.383638e-01 |   4.311 s | best 7.383638e-01 @25 *
epoch   26 | train 7.447046e-01 | val 7.370585e-01 |   4.311 s | best 7.370585e-01 @26 *
epoch   27 | train 7.463133e-01 | val 7.359441e-01 |   4.330 s | best 7.359441e-01 @27 *
epoch   28 | train 7.438614e-01 | val 7.350062e-01 |   4.246 s | best 7.350062e-01 @28 *
epoch   29 | train 7.422761e-01 | val 7.341427e-01 |   4.265 s | best 7.341427e-01 @29 *
epoch   30 | train 7.451396e-01 | val 7.334051e-01 |   4.229 s | best 7.334051e-01 @30 *
epoch   31 | train 7.477712e-01 | val 7.328054e-01 |   4.268 s | best 7.328054e-01 @31 *
epoch   32 | train 7.380901e-01 | val 7.322560e-01 |   4.271 s | best 7.322560e-01 @32 *
epoch   33 | train 7.463913e-01 | val 7.318034e-01 |   4.227 s | best 7.318034e-01 @33 *
epoch   34 | train 7.419012e-01 | val 7.313895e-01 |   4.211 s | best 7.313895e-01 @34 *
epoch   35 | train 7.446516e-01 | val 7.310383e-01 |   4.206 s | best 7.310383e-01 @35 *
epoch   36 | train 7.426536e-01 | val 7.307135e-01 |   4.237 s | best 7.307135e-01 @36 *
epoch   37 | train 7.461130e-01 | val 7.304602e-01 |   4.229 s | best 7.304602e-01 @37 *
epoch   38 | train 7.423133e-01 | val 7.302115e-01 |   4.240 s | best 7.302115e-01 @38 *
epoch   39 | train 7.473416e-01 | val 7.299783e-01 |   4.209 s | best 7.299783e-01 @39 *
epoch   40 | train 7.446744e-01 | val 7.297779e-01 |   4.295 s | best 7.297779e-01 @40 *
epoch   41 | train 7.414931e-01 | val 7.295852e-01 |   4.305 s | best 7.295852e-01 @41 *
epoch   42 | train 7.433830e-01 | val 7.294189e-01 |   4.300 s | best 7.294189e-01 @42 *
epoch   43 | train 7.463109e-01 | val 7.292533e-01 |   4.296 s | best 7.292533e-01 @43 *
epoch   44 | train 7.441073e-01 | val 7.291298e-01 |   4.313 s | best 7.291298e-01 @44 *
epoch   45 | train 7.448492e-01 | val 7.289979e-01 |   4.308 s | best 7.289979e-01 @45 *
epoch   46 | train 7.383183e-01 | val 7.288858e-01 |   4.303 s | best 7.288858e-01 @46 *
epoch   47 | train 7.430982e-01 | val 7.287937e-01 |   4.376 s | best 7.287937e-01 @47 *
epoch   48 | train 7.424486e-01 | val 7.287382e-01 |   4.300 s | best 7.287382e-01 @48 *
epoch   49 | train 7.442756e-01 | val 7.286674e-01 |   4.326 s | best 7.286674e-01 @49 *
epoch   50 | train 7.375594e-01 | val 7.285949e-01 |   4.290 s | best 7.285949e-01 @50 *
epoch   51 | train 7.439623e-01 | val 7.285600e-01 |   4.304 s | best 7.285600e-01 @51 *
epoch   52 | train 7.407487e-01 | val 7.284904e-01 |   4.358 s | best 7.284904e-01 @52 *
epoch   53 | train 7.463898e-01 | val 7.284449e-01 |   4.396 s | best 7.284449e-01 @53 *
epoch   54 | train 7.424447e-01 | val 7.284172e-01 |   4.419 s | best 7.284172e-01 @54 *
epoch   55 | train 7.440121e-01 | val 7.284302e-01 |   4.394 s | best 7.284172e-01 @54
epoch   56 | train 7.454358e-01 | val 7.284371e-01 |   4.296 s | best 7.284172e-01 @54
epoch   57 | train 7.406120e-01 | val 7.284279e-01 |   4.315 s | best 7.284172e-01 @54
epoch   58 | train 7.464450e-01 | val 7.284331e-01 |   4.329 s | best 7.284172e-01 @54
epoch   59 | train 7.433079e-01 | val 7.284301e-01 |   4.229 s | best 7.284172e-01 @54
epoch   60 | train 7.359483e-01 | val 7.284113e-01 |   4.207 s | best 7.284113e-01 @60 *
epoch   61 | train 7.428163e-01 | val 7.284074e-01 |   4.194 s | best 7.284074e-01 @61 *
epoch   62 | train 7.419104e-01 | val 7.283987e-01 |   4.226 s | best 7.283987e-01 @62 *
epoch   63 | train 7.398256e-01 | val 7.284127e-01 |   4.217 s | best 7.283987e-01 @62
epoch   64 | train 7.405168e-01 | val 7.284550e-01 |   4.221 s | best 7.283987e-01 @62
epoch   65 | train 7.403503e-01 | val 7.284988e-01 |   4.199 s | best 7.283987e-01 @62
epoch   66 | train 7.430470e-01 | val 7.284904e-01 |   4.198 s | best 7.283987e-01 @62
epoch   67 | train 7.419110e-01 | val 7.284953e-01 |   4.238 s | best 7.283987e-01 @62
epoch   68 | train 7.375038e-01 | val 7.284991e-01 |   4.295 s | best 7.283987e-01 @62
epoch   69 | train 7.402465e-01 | val 7.285417e-01 |   4.267 s | best 7.283987e-01 @62
epoch   70 | train 7.442246e-01 | val 7.285327e-01 |   4.299 s | best 7.283987e-01 @62
epoch   71 | train 7.355103e-01 | val 7.285458e-01 |   4.470 s | best 7.283987e-01 @62
epoch   72 | train 7.367468e-01 | val 7.285494e-01 |   4.348 s | best 7.283987e-01 @62
epoch   73 | train 7.428036e-01 | val 7.285590e-01 |   4.347 s | best 7.283987e-01 @62
epoch   74 | train 7.419329e-01 | val 7.285662e-01 |   4.298 s | best 7.283987e-01 @62
epoch   75 | train 7.433044e-01 | val 7.286090e-01 |   4.313 s | best 7.283987e-01 @62
epoch   76 | train 7.357330e-01 | val 7.286385e-01 |   4.342 s | best 7.283987e-01 @62
epoch   77 | train 7.356559e-01 | val 7.286640e-01 |   4.297 s | best 7.283987e-01 @62
# done        : 77 epochs, stopped_by=patience, aborted=False, best val 7.283987e-01 @ epoch 62, wall 345.4 s, 4.486 s/epoch
