
# ===== 2026-09-20 17:13:54 KST  HPO attempt 144  testbed D1 prior S  Nr=8 Nt=4
# DEVICE      : cuda | cuda_available=True | NVIDIA RTX PRO 6000 Blackwell Server Edition | torch 2.14.0+cu130 | train dtype float32 (01_RULES §9.5)
# data        : n_train=9000 n_val=1000 split_hash=98d6225d67f9c15a E||H||_F^2/(NrNt)=1.000268 (04_SPEC §2)
# sigma grid  : MEASURED, 20 points, log-uniform draw over [3.2936e-02, 7.9084e-01]
# hp          : {'arch': 'adm', 'param': 'vp', 'domain': 'angle', 'lr': 0.0007047326818793949, 'ema': 0.999, 'batch': 256, 'emb': 128, 'width': 64, 'depth': 3, 'heads': 4, 'attn_at': 8}  params=5023810
# stopping    : patience 15 on val loss, never before 0 epochs, max 600 (01_RULES §5)
epoch    1 | train 8.755062e-01 | val 9.830455e-01 |   1.748 s | best 9.830455e-01 @1 *
epoch    2 | train 7.922969e-01 | val 9.706367e-01 |   2.100 s | best 9.706367e-01 @2 *
epoch    3 | train 7.656110e-01 | val 9.580231e-01 |   2.110 s | best 9.580231e-01 @3 *
epoch    4 | train 7.662835e-01 | val 9.457332e-01 |   2.177 s | best 9.457332e-01 @4 *
epoch    5 | train 7.531586e-01 | val 9.338245e-01 |   2.148 s | best 9.338245e-01 @5 *
epoch    6 | train 7.530789e-01 | val 9.223336e-01 |   2.155 s | best 9.223336e-01 @6 *
epoch    7 | train 7.533910e-01 | val 9.112061e-01 |   2.146 s | best 9.112061e-01 @7 *
epoch    8 | train 7.587227e-01 | val 9.002784e-01 |   2.150 s | best 9.002784e-01 @8 *
epoch    9 | train 7.546013e-01 | val 8.894069e-01 |   2.147 s | best 8.894069e-01 @9 *
epoch   10 | train 7.513982e-01 | val 8.785502e-01 |   2.154 s | best 8.785502e-01 @10 *
epoch   11 | train 7.441457e-01 | val 8.678781e-01 |   2.156 s | best 8.678781e-01 @11 *
epoch   12 | train 7.528128e-01 | val 8.575515e-01 |   2.154 s | best 8.575515e-01 @12 *
epoch   13 | train 7.439687e-01 | val 8.477209e-01 |   2.149 s | best 8.477209e-01 @13 *
epoch   14 | train 7.485026e-01 | val 8.385519e-01 |   2.153 s | best 8.385519e-01 @14 *
epoch   15 | train 7.474212e-01 | val 8.301219e-01 |   2.163 s | best 8.301219e-01 @15 *
epoch   16 | train 7.477372e-01 | val 8.224010e-01 |   2.147 s | best 8.224010e-01 @16 *
epoch   17 | train 7.443781e-01 | val 8.153898e-01 |   2.158 s | best 8.153898e-01 @17 *
epoch   18 | train 7.506767e-01 | val 8.090164e-01 |   2.148 s | best 8.090164e-01 @18 *
epoch   19 | train 7.420657e-01 | val 8.032230e-01 |   2.157 s | best 8.032230e-01 @19 *
epoch   20 | train 7.437070e-01 | val 7.979544e-01 |   2.151 s | best 7.979544e-01 @20 *
epoch   21 | train 7.420590e-01 | val 7.931607e-01 |   2.157 s | best 7.931607e-01 @21 *
epoch   22 | train 7.413419e-01 | val 7.887717e-01 |   2.149 s | best 7.887717e-01 @22 *
epoch   23 | train 7.446011e-01 | val 7.847335e-01 |   2.155 s | best 7.847335e-01 @23 *
epoch   24 | train 7.419603e-01 | val 7.810566e-01 |   2.155 s | best 7.810566e-01 @24 *
epoch   25 | train 7.463696e-01 | val 7.776791e-01 |   2.157 s | best 7.776791e-01 @25 *
epoch   26 | train 7.394273e-01 | val 7.744978e-01 |   2.151 s | best 7.744978e-01 @26 *
epoch   27 | train 7.428312e-01 | val 7.715639e-01 |   2.156 s | best 7.715639e-01 @27 *
epoch   28 | train 7.454414e-01 | val 7.687444e-01 |   2.149 s | best 7.687444e-01 @28 *
epoch   29 | train 7.447922e-01 | val 7.661417e-01 |   2.153 s | best 7.661417e-01 @29 *
epoch   30 | train 7.424803e-01 | val 7.636797e-01 |   2.147 s | best 7.636797e-01 @30 *
epoch   31 | train 7.438389e-01 | val 7.613994e-01 |   2.150 s | best 7.613994e-01 @31 *
epoch   32 | train 7.442021e-01 | val 7.593514e-01 |   2.150 s | best 7.593514e-01 @32 *
epoch   33 | train 7.478035e-01 | val 7.573914e-01 |   2.157 s | best 7.573914e-01 @33 *
epoch   34 | train 7.397995e-01 | val 7.556356e-01 |   2.157 s | best 7.556356e-01 @34 *
epoch   35 | train 7.426839e-01 | val 7.539663e-01 |   2.154 s | best 7.539663e-01 @35 *
epoch   36 | train 7.398218e-01 | val 7.524039e-01 |   2.162 s | best 7.524039e-01 @36 *
epoch   37 | train 7.411091e-01 | val 7.509483e-01 |   2.158 s | best 7.509483e-01 @37 *
epoch   38 | train 7.404687e-01 | val 7.495375e-01 |   2.163 s | best 7.495375e-01 @38 *
epoch   39 | train 7.382980e-01 | val 7.482135e-01 |   2.155 s | best 7.482135e-01 @39 *
epoch   40 | train 7.468241e-01 | val 7.469817e-01 |   2.159 s | best 7.469817e-01 @40 *
epoch   41 | train 7.432790e-01 | val 7.457839e-01 |   2.153 s | best 7.457839e-01 @41 *
epoch   42 | train 7.431199e-01 | val 7.446856e-01 |   2.142 s | best 7.446856e-01 @42 *
epoch   43 | train 7.449607e-01 | val 7.436849e-01 |   2.126 s | best 7.436849e-01 @43 *
epoch   44 | train 7.451229e-01 | val 7.427151e-01 |   2.128 s | best 7.427151e-01 @44 *
epoch   45 | train 7.401369e-01 | val 7.418599e-01 |   2.114 s | best 7.418599e-01 @45 *
epoch   46 | train 7.407320e-01 | val 7.410514e-01 |   2.129 s | best 7.410514e-01 @46 *
epoch   47 | train 7.396471e-01 | val 7.402923e-01 |   2.133 s | best 7.402923e-01 @47 *
epoch   48 | train 7.451732e-01 | val 7.395899e-01 |   2.130 s | best 7.395899e-01 @48 *
epoch   49 | train 7.421139e-01 | val 7.388965e-01 |   2.129 s | best 7.388965e-01 @49 *
epoch   50 | train 7.456950e-01 | val 7.382283e-01 |   2.122 s | best 7.382283e-01 @50 *
epoch   51 | train 7.414888e-01 | val 7.376060e-01 |   2.111 s | best 7.376060e-01 @51 *
epoch   52 | train 7.420161e-01 | val 7.370365e-01 |   2.113 s | best 7.370365e-01 @52 *
epoch   53 | train 7.411630e-01 | val 7.365050e-01 |   2.128 s | best 7.365050e-01 @53 *
epoch   54 | train 7.454519e-01 | val 7.360163e-01 |   2.109 s | best 7.360163e-01 @54 *
epoch   55 | train 7.407124e-01 | val 7.355723e-01 |   2.112 s | best 7.355723e-01 @55 *
epoch   56 | train 7.421463e-01 | val 7.351739e-01 |   2.132 s | best 7.351739e-01 @56 *
epoch   57 | train 7.396834e-01 | val 7.347770e-01 |   2.118 s | best 7.347770e-01 @57 *
epoch   58 | train 7.458717e-01 | val 7.343998e-01 |   2.133 s | best 7.343998e-01 @58 *
epoch   59 | train 7.449629e-01 | val 7.340617e-01 |   2.133 s | best 7.340617e-01 @59 *
epoch   60 | train 7.435348e-01 | val 7.337432e-01 |   2.143 s | best 7.337432e-01 @60 *
epoch   61 | train 7.404183e-01 | val 7.334175e-01 |   2.135 s | best 7.334175e-01 @61 *
epoch   62 | train 7.366937e-01 | val 7.331229e-01 |   2.129 s | best 7.331229e-01 @62 *
epoch   63 | train 7.433769e-01 | val 7.328497e-01 |   2.129 s | best 7.328497e-01 @63 *
epoch   64 | train 7.400256e-01 | val 7.326097e-01 |   2.190 s | best 7.326097e-01 @64 *
epoch   65 | train 7.374161e-01 | val 7.323818e-01 |   2.167 s | best 7.323818e-01 @65 *
epoch   66 | train 7.453858e-01 | val 7.321605e-01 |   2.183 s | best 7.321605e-01 @66 *
epoch   67 | train 7.424562e-01 | val 7.319638e-01 |   2.168 s | best 7.319638e-01 @67 *
epoch   68 | train 7.432229e-01 | val 7.317835e-01 |   2.160 s | best 7.317835e-01 @68 *
epoch   69 | train 7.414021e-01 | val 7.316039e-01 |   2.166 s | best 7.316039e-01 @69 *
epoch   70 | train 7.441420e-01 | val 7.314324e-01 |   2.154 s | best 7.314324e-01 @70 *
epoch   71 | train 7.473748e-01 | val 7.312787e-01 |   2.163 s | best 7.312787e-01 @71 *
epoch   72 | train 7.511324e-01 | val 7.311413e-01 |   2.158 s | best 7.311413e-01 @72 *
epoch   73 | train 7.398443e-01 | val 7.310114e-01 |   2.163 s | best 7.310114e-01 @73 *
epoch   74 | train 7.407328e-01 | val 7.308985e-01 |   2.156 s | best 7.308985e-01 @74 *
epoch   75 | train 7.427276e-01 | val 7.307948e-01 |   2.165 s | best 7.307948e-01 @75 *
epoch   76 | train 7.404103e-01 | val 7.307009e-01 |   2.162 s | best 7.307009e-01 @76 *
epoch   77 | train 7.390912e-01 | val 7.306206e-01 |   2.163 s | best 7.306206e-01 @77 *
epoch   78 | train 7.416687e-01 | val 7.305384e-01 |   2.162 s | best 7.305384e-01 @78 *
epoch   79 | train 7.399406e-01 | val 7.304581e-01 |   2.168 s | best 7.304581e-01 @79 *
epoch   80 | train 7.352764e-01 | val 7.303717e-01 |   2.168 s | best 7.303717e-01 @80 *
epoch   81 | train 7.398608e-01 | val 7.302951e-01 |   2.158 s | best 7.302951e-01 @81 *
epoch   82 | train 7.440138e-01 | val 7.302309e-01 |   2.164 s | best 7.302309e-01 @82 *
epoch   83 | train 7.387378e-01 | val 7.301595e-01 |   2.156 s | best 7.301595e-01 @83 *
epoch   84 | train 7.357556e-01 | val 7.300990e-01 |   2.167 s | best 7.300990e-01 @84 *
epoch   85 | train 7.388558e-01 | val 7.300583e-01 |   2.157 s | best 7.300583e-01 @85 *
epoch   86 | train 7.405699e-01 | val 7.300079e-01 |   2.168 s | best 7.300079e-01 @86 *
epoch   87 | train 7.400930e-01 | val 7.299536e-01 |   2.155 s | best 7.299536e-01 @87 *
epoch   88 | train 7.353125e-01 | val 7.299123e-01 |   2.162 s | best 7.299123e-01 @88 *
epoch   89 | train 7.349519e-01 | val 7.298666e-01 |   2.158 s | best 7.298666e-01 @89 *
epoch   90 | train 7.393078e-01 | val 7.298309e-01 |   2.163 s | best 7.298309e-01 @90 *
epoch   91 | train 7.398568e-01 | val 7.297961e-01 |   2.008 s | best 7.297961e-01 @91 *
epoch   92 | train 7.413515e-01 | val 7.297674e-01 |   2.163 s | best 7.297674e-01 @92 *
epoch   93 | train 7.379438e-01 | val 7.297249e-01 |   2.221 s | best 7.297249e-01 @93 *
epoch   94 | train 7.394117e-01 | val 7.297044e-01 |   2.238 s | best 7.297044e-01 @94 *
epoch   95 | train 7.371120e-01 | val 7.296896e-01 |   2.253 s | best 7.296896e-01 @95 *
epoch   96 | train 7.377337e-01 | val 7.297016e-01 |   2.243 s | best 7.296896e-01 @95
epoch   97 | train 7.378298e-01 | val 7.297016e-01 |   2.242 s | best 7.296896e-01 @95
epoch   98 | train 7.451919e-01 | val 7.297010e-01 |   2.241 s | best 7.296896e-01 @95
epoch   99 | train 7.356003e-01 | val 7.296973e-01 |   2.234 s | best 7.296896e-01 @95
epoch  100 | train 7.411500e-01 | val 7.297116e-01 |   2.232 s | best 7.296896e-01 @95
epoch  101 | train 7.354114e-01 | val 7.297195e-01 |   2.235 s | best 7.296896e-01 @95
epoch  102 | train 7.396804e-01 | val 7.297265e-01 |   2.235 s | best 7.296896e-01 @95
epoch  103 | train 7.386277e-01 | val 7.297263e-01 |   2.236 s | best 7.296896e-01 @95
epoch  104 | train 7.375225e-01 | val 7.297299e-01 |   2.225 s | best 7.296896e-01 @95
epoch  105 | train 7.382357e-01 | val 7.297376e-01 |   2.236 s | best 7.296896e-01 @95
epoch  106 | train 7.390855e-01 | val 7.297332e-01 |   2.235 s | best 7.296896e-01 @95
epoch  107 | train 7.415331e-01 | val 7.297435e-01 |   2.231 s | best 7.296896e-01 @95
epoch  108 | train 7.374225e-01 | val 7.297338e-01 |   2.235 s | best 7.296896e-01 @95
epoch  109 | train 7.370064e-01 | val 7.297400e-01 |   2.233 s | best 7.296896e-01 @95
epoch  110 | train 7.376563e-01 | val 7.297592e-01 |   2.233 s | best 7.296896e-01 @95
# done        : 110 epochs, stopped_by=patience, aborted=False, best val 7.296896e-01 @ epoch 95, wall 261.2 s, 2.375 s/epoch
