
# ===== 2026-09-20 17:12:19 KST  HPO attempt 142  testbed D1 prior S  Nr=8 Nt=4
# DEVICE      : cuda | cuda_available=True | NVIDIA RTX PRO 6000 Blackwell Server Edition | torch 2.14.0+cu130 | train dtype float32 (01_RULES §9.5)
# data        : n_train=9000 n_val=1000 split_hash=98d6225d67f9c15a E||H||_F^2/(NrNt)=1.000268 (04_SPEC §2)
# sigma grid  : MEASURED, 20 points, log-uniform draw over [3.2936e-02, 7.9084e-01]
# hp          : {'arch': 'adm', 'param': 'vp', 'domain': 'angle', 'lr': 0.0005030239273508358, 'ema': 0.999, 'batch': 128, 'emb': 128, 'width': 64, 'depth': 3, 'heads': 4, 'attn_at': 8}  params=5023810
# stopping    : patience 15 on val loss, never before 0 epochs, max 600 (01_RULES §5)
epoch    1 | train 8.369461e-01 | val 9.724804e-01 |   4.311 s | best 9.724804e-01 @1 *
epoch    2 | train 7.628931e-01 | val 9.484897e-01 |   4.309 s | best 9.484897e-01 @2 *
epoch    3 | train 7.626139e-01 | val 9.257926e-01 |   4.312 s | best 9.257926e-01 @3 *
epoch    4 | train 7.529508e-01 | val 9.044456e-01 |   4.322 s | best 9.044456e-01 @4 *
epoch    5 | train 7.560355e-01 | val 8.838769e-01 |   4.318 s | best 8.838769e-01 @5 *
epoch    6 | train 7.558055e-01 | val 8.641884e-01 |   4.325 s | best 8.641884e-01 @6 *
epoch    7 | train 7.552469e-01 | val 8.460492e-01 |   4.324 s | best 8.460492e-01 @7 *
epoch    8 | train 7.466974e-01 | val 8.299101e-01 |   4.294 s | best 8.299101e-01 @8 *
epoch    9 | train 7.459407e-01 | val 8.160612e-01 |   4.380 s | best 8.160612e-01 @9 *
epoch   10 | train 7.468225e-01 | val 8.041438e-01 |   4.406 s | best 8.041438e-01 @10 *
epoch   11 | train 7.445962e-01 | val 7.941005e-01 |   4.389 s | best 7.941005e-01 @11 *
epoch   12 | train 7.486121e-01 | val 7.855015e-01 |   4.467 s | best 7.855015e-01 @12 *
epoch   13 | train 7.490896e-01 | val 7.781284e-01 |   4.476 s | best 7.781284e-01 @13 *
epoch   14 | train 7.479410e-01 | val 7.716773e-01 |   4.545 s | best 7.716773e-01 @14 *
epoch   15 | train 7.506938e-01 | val 7.660053e-01 |   3.977 s | best 7.660053e-01 @15 *
epoch   16 | train 7.481541e-01 | val 7.610114e-01 |   4.562 s | best 7.610114e-01 @16 *
epoch   17 | train 7.455804e-01 | val 7.566622e-01 |   4.390 s | best 7.566622e-01 @17 *
epoch   18 | train 7.452474e-01 | val 7.529264e-01 |   4.335 s | best 7.529264e-01 @18 *
epoch   19 | train 7.438668e-01 | val 7.497612e-01 |   4.399 s | best 7.497612e-01 @19 *
epoch   20 | train 7.504817e-01 | val 7.470126e-01 |   4.406 s | best 7.470126e-01 @20 *
epoch   21 | train 7.427479e-01 | val 7.445822e-01 |   4.412 s | best 7.445822e-01 @21 *
epoch   22 | train 7.454031e-01 | val 7.423655e-01 |   4.341 s | best 7.423655e-01 @22 *
epoch   23 | train 7.477137e-01 | val 7.405203e-01 |   4.334 s | best 7.405203e-01 @23 *
epoch   24 | train 7.418458e-01 | val 7.389407e-01 |   4.299 s | best 7.389407e-01 @24 *
epoch   25 | train 7.473723e-01 | val 7.375504e-01 |   4.275 s | best 7.375504e-01 @25 *
epoch   26 | train 7.441935e-01 | val 7.363786e-01 |   4.289 s | best 7.363786e-01 @26 *
epoch   27 | train 7.484281e-01 | val 7.354290e-01 |   4.292 s | best 7.354290e-01 @27 *
epoch   28 | train 7.471780e-01 | val 7.345322e-01 |   4.286 s | best 7.345322e-01 @28 *
epoch   29 | train 7.401239e-01 | val 7.337406e-01 |   4.280 s | best 7.337406e-01 @29 *
epoch   30 | train 7.454223e-01 | val 7.330215e-01 |   4.278 s | best 7.330215e-01 @30 *
epoch   31 | train 7.428885e-01 | val 7.323856e-01 |   4.276 s | best 7.323856e-01 @31 *
epoch   32 | train 7.393719e-01 | val 7.318685e-01 |   4.304 s | best 7.318685e-01 @32 *
epoch   33 | train 7.417925e-01 | val 7.314367e-01 |   4.307 s | best 7.314367e-01 @33 *
epoch   34 | train 7.401021e-01 | val 7.310562e-01 |   4.278 s | best 7.310562e-01 @34 *
epoch   35 | train 7.504327e-01 | val 7.307321e-01 |   4.273 s | best 7.307321e-01 @35 *
epoch   36 | train 7.439058e-01 | val 7.304752e-01 |   4.278 s | best 7.304752e-01 @36 *
epoch   37 | train 7.463151e-01 | val 7.302586e-01 |   4.286 s | best 7.302586e-01 @37 *
epoch   38 | train 7.457802e-01 | val 7.300283e-01 |   4.280 s | best 7.300283e-01 @38 *
epoch   39 | train 7.427554e-01 | val 7.298216e-01 |   4.294 s | best 7.298216e-01 @39 *
epoch   40 | train 7.436503e-01 | val 7.296425e-01 |   4.299 s | best 7.296425e-01 @40 *
epoch   41 | train 7.414036e-01 | val 7.294878e-01 |   4.312 s | best 7.294878e-01 @41 *
epoch   42 | train 7.449229e-01 | val 7.293463e-01 |   4.315 s | best 7.293463e-01 @42 *
epoch   43 | train 7.377783e-01 | val 7.292068e-01 |   4.324 s | best 7.292068e-01 @43 *
epoch   44 | train 7.418297e-01 | val 7.291074e-01 |   4.368 s | best 7.291074e-01 @44 *
epoch   45 | train 7.389612e-01 | val 7.290217e-01 |   4.369 s | best 7.290217e-01 @45 *
epoch   46 | train 7.402558e-01 | val 7.289442e-01 |   4.284 s | best 7.289442e-01 @46 *
epoch   47 | train 7.433654e-01 | val 7.288797e-01 |   4.281 s | best 7.288797e-01 @47 *
epoch   48 | train 7.440613e-01 | val 7.288349e-01 |   4.311 s | best 7.288349e-01 @48 *
epoch   49 | train 7.431194e-01 | val 7.287910e-01 |   4.446 s | best 7.287910e-01 @49 *
epoch   50 | train 7.440220e-01 | val 7.287598e-01 |   4.414 s | best 7.287598e-01 @50 *
epoch   51 | train 7.404203e-01 | val 7.287280e-01 |   4.407 s | best 7.287280e-01 @51 *
epoch   52 | train 7.398415e-01 | val 7.287077e-01 |   4.398 s | best 7.287077e-01 @52 *
epoch   53 | train 7.450849e-01 | val 7.286791e-01 |   4.420 s | best 7.286791e-01 @53 *
epoch   54 | train 7.406926e-01 | val 7.286575e-01 |   4.374 s | best 7.286575e-01 @54 *
epoch   55 | train 7.379914e-01 | val 7.286252e-01 |   4.292 s | best 7.286252e-01 @55 *
epoch   56 | train 7.470855e-01 | val 7.286048e-01 |   4.296 s | best 7.286048e-01 @56 *
epoch   57 | train 7.413854e-01 | val 7.286156e-01 |   4.349 s | best 7.286048e-01 @56
epoch   58 | train 7.459634e-01 | val 7.285770e-01 |   4.333 s | best 7.285770e-01 @58 *
epoch   59 | train 7.414765e-01 | val 7.285478e-01 |   4.300 s | best 7.285478e-01 @59 *
epoch   60 | train 7.409539e-01 | val 7.285222e-01 |   4.307 s | best 7.285222e-01 @60 *
epoch   61 | train 7.366517e-01 | val 7.285442e-01 |   4.358 s | best 7.285222e-01 @60
epoch   62 | train 7.401520e-01 | val 7.285365e-01 |   4.318 s | best 7.285222e-01 @60
epoch   63 | train 7.407473e-01 | val 7.285223e-01 |   4.314 s | best 7.285222e-01 @60
epoch   64 | train 7.405911e-01 | val 7.284893e-01 |   4.312 s | best 7.284893e-01 @64 *
epoch   65 | train 7.412001e-01 | val 7.284749e-01 |   4.314 s | best 7.284749e-01 @65 *
epoch   66 | train 7.406058e-01 | val 7.284827e-01 |   4.313 s | best 7.284749e-01 @65
epoch   67 | train 7.344092e-01 | val 7.284912e-01 |   4.330 s | best 7.284749e-01 @65
epoch   68 | train 7.452650e-01 | val 7.285364e-01 |   4.342 s | best 7.284749e-01 @65
epoch   69 | train 7.381777e-01 | val 7.285893e-01 |   4.238 s | best 7.284749e-01 @65
epoch   70 | train 7.359429e-01 | val 7.286249e-01 |   4.234 s | best 7.284749e-01 @65
epoch   71 | train 7.465729e-01 | val 7.286527e-01 |   4.266 s | best 7.284749e-01 @65
epoch   72 | train 7.425067e-01 | val 7.286650e-01 |   4.286 s | best 7.284749e-01 @65
epoch   73 | train 7.428536e-01 | val 7.286785e-01 |   4.278 s | best 7.284749e-01 @65
epoch   74 | train 7.364341e-01 | val 7.287211e-01 |   4.301 s | best 7.284749e-01 @65
epoch   75 | train 7.360589e-01 | val 7.287547e-01 |   4.256 s | best 7.284749e-01 @65
epoch   76 | train 7.420346e-01 | val 7.287477e-01 |   4.273 s | best 7.284749e-01 @65
epoch   77 | train 7.385391e-01 | val 7.287355e-01 |   4.275 s | best 7.284749e-01 @65
epoch   78 | train 7.337042e-01 | val 7.287389e-01 |   4.277 s | best 7.284749e-01 @65
epoch   79 | train 7.412013e-01 | val 7.287658e-01 |   4.275 s | best 7.284749e-01 @65
epoch   80 | train 7.440941e-01 | val 7.287819e-01 |   4.285 s | best 7.284749e-01 @65
# done        : 80 epochs, stopped_by=patience, aborted=False, best val 7.284749e-01 @ epoch 65, wall 361.3 s, 4.516 s/epoch
