
# ===== 2026-09-20 17:04:09 KST  HPO attempt 132  testbed D1 prior S  Nr=8 Nt=4
# DEVICE      : cuda | cuda_available=True | NVIDIA RTX PRO 6000 Blackwell Server Edition | torch 2.14.0+cu130 | train dtype float32 (01_RULES §9.5)
# data        : n_train=9000 n_val=1000 split_hash=98d6225d67f9c15a E||H||_F^2/(NrNt)=1.000268 (04_SPEC §2)
# sigma grid  : MEASURED, 20 points, log-uniform draw over [3.2936e-02, 7.9084e-01]
# hp          : {'arch': 'adm', 'param': 've', 'domain': 'angle', 'lr': 0.0009385052333740141, 'ema': 0.99, 'batch': 256, 'emb': 64, 'width': 64, 'depth': 3, 'heads': 4, 'attn_at': 8}  params=5007426
# stopping    : patience 15 on val loss, never before 0 epochs, max 600 (01_RULES §5)
epoch    1 | train 8.858348e-01 | val 9.271957e-01 |   2.169 s | best 9.271957e-01 @1 *
epoch    2 | train 8.024561e-01 | val 8.700060e-01 |   2.183 s | best 8.700060e-01 @2 *
epoch    3 | train 7.717159e-01 | val 8.264410e-01 |   2.182 s | best 8.264410e-01 @3 *
epoch    4 | train 7.636616e-01 | val 7.917918e-01 |   2.179 s | best 7.917918e-01 @4 *
epoch    5 | train 7.617268e-01 | val 7.673658e-01 |   2.182 s | best 7.673658e-01 @5 *
epoch    6 | train 7.568765e-01 | val 7.531607e-01 |   2.182 s | best 7.531607e-01 @6 *
epoch    7 | train 7.532704e-01 | val 7.450492e-01 |   2.175 s | best 7.450492e-01 @7 *
epoch    8 | train 7.498955e-01 | val 7.407233e-01 |   2.181 s | best 7.407233e-01 @8 *
epoch    9 | train 7.519869e-01 | val 7.377436e-01 |   2.194 s | best 7.377436e-01 @9 *
epoch   10 | train 7.494516e-01 | val 7.357948e-01 |   2.177 s | best 7.357948e-01 @10 *
epoch   11 | train 7.467579e-01 | val 7.345743e-01 |   2.170 s | best 7.345743e-01 @11 *
epoch   12 | train 7.496543e-01 | val 7.336765e-01 |   2.174 s | best 7.336765e-01 @12 *
epoch   13 | train 7.536855e-01 | val 7.330341e-01 |   2.138 s | best 7.330341e-01 @13 *
epoch   14 | train 7.488525e-01 | val 7.325448e-01 |   2.149 s | best 7.325448e-01 @14 *
epoch   15 | train 7.487621e-01 | val 7.321723e-01 |   2.118 s | best 7.321723e-01 @15 *
epoch   16 | train 7.520208e-01 | val 7.319592e-01 |   2.118 s | best 7.319592e-01 @16 *
epoch   17 | train 7.483610e-01 | val 7.318525e-01 |   2.123 s | best 7.318525e-01 @17 *
epoch   18 | train 7.505589e-01 | val 7.317298e-01 |   2.125 s | best 7.317298e-01 @18 *
epoch   19 | train 7.465482e-01 | val 7.313964e-01 |   2.133 s | best 7.313964e-01 @19 *
epoch   20 | train 7.485337e-01 | val 7.311947e-01 |   2.157 s | best 7.311947e-01 @20 *
epoch   21 | train 7.475798e-01 | val 7.309886e-01 |   2.136 s | best 7.309886e-01 @21 *
epoch   22 | train 7.373936e-01 | val 7.308042e-01 |   2.146 s | best 7.308042e-01 @22 *
epoch   23 | train 7.486890e-01 | val 7.307822e-01 |   2.142 s | best 7.307822e-01 @23 *
epoch   24 | train 7.491365e-01 | val 7.306560e-01 |   2.173 s | best 7.306560e-01 @24 *
epoch   25 | train 7.419983e-01 | val 7.306030e-01 |   2.143 s | best 7.306030e-01 @25 *
epoch   26 | train 7.487493e-01 | val 7.304206e-01 |   2.169 s | best 7.304206e-01 @26 *
epoch   27 | train 7.470062e-01 | val 7.302884e-01 |   2.177 s | best 7.302884e-01 @27 *
epoch   28 | train 7.450085e-01 | val 7.302085e-01 |   2.134 s | best 7.302085e-01 @28 *
epoch   29 | train 7.454848e-01 | val 7.302459e-01 |   2.138 s | best 7.302085e-01 @28
epoch   30 | train 7.439877e-01 | val 7.301617e-01 |   2.140 s | best 7.301617e-01 @30 *
epoch   31 | train 7.466103e-01 | val 7.300122e-01 |   2.177 s | best 7.300122e-01 @31 *
epoch   32 | train 7.476660e-01 | val 7.299538e-01 |   2.146 s | best 7.299538e-01 @32 *
epoch   33 | train 7.420166e-01 | val 7.299323e-01 |   2.177 s | best 7.299323e-01 @33 *
epoch   34 | train 7.442478e-01 | val 7.300103e-01 |   2.194 s | best 7.299323e-01 @33
epoch   35 | train 7.406758e-01 | val 7.299477e-01 |   2.166 s | best 7.299323e-01 @33
epoch   36 | train 7.467618e-01 | val 7.298604e-01 |   2.174 s | best 7.298604e-01 @36 *
epoch   37 | train 7.445016e-01 | val 7.296900e-01 |   2.167 s | best 7.296900e-01 @37 *
epoch   38 | train 7.431467e-01 | val 7.296866e-01 |   2.211 s | best 7.296866e-01 @38 *
epoch   39 | train 7.421163e-01 | val 7.296105e-01 |   2.167 s | best 7.296105e-01 @39 *
epoch   40 | train 7.457892e-01 | val 7.296019e-01 |   2.178 s | best 7.296019e-01 @40 *
epoch   41 | train 7.412649e-01 | val 7.296230e-01 |   2.167 s | best 7.296019e-01 @40
epoch   42 | train 7.456745e-01 | val 7.295749e-01 |   2.164 s | best 7.295749e-01 @42 *
epoch   43 | train 7.444655e-01 | val 7.295051e-01 |   2.175 s | best 7.295051e-01 @43 *
epoch   44 | train 7.400102e-01 | val 7.294861e-01 |   2.167 s | best 7.294861e-01 @44 *
epoch   45 | train 7.450887e-01 | val 7.294025e-01 |   2.184 s | best 7.294025e-01 @45 *
epoch   46 | train 7.465320e-01 | val 7.294793e-01 |   2.173 s | best 7.294025e-01 @45
epoch   47 | train 7.448960e-01 | val 7.293336e-01 |   2.174 s | best 7.293336e-01 @47 *
epoch   48 | train 7.450367e-01 | val 7.292963e-01 |   2.193 s | best 7.292963e-01 @48 *
epoch   49 | train 7.430494e-01 | val 7.292609e-01 |   2.222 s | best 7.292609e-01 @49 *
epoch   50 | train 7.390037e-01 | val 7.291951e-01 |   2.198 s | best 7.291951e-01 @50 *
epoch   51 | train 7.472050e-01 | val 7.291467e-01 |   2.171 s | best 7.291467e-01 @51 *
epoch   52 | train 7.427701e-01 | val 7.290705e-01 |   2.169 s | best 7.290705e-01 @52 *
epoch   53 | train 7.415833e-01 | val 7.289554e-01 |   2.199 s | best 7.289554e-01 @53 *
epoch   54 | train 7.433481e-01 | val 7.289094e-01 |   2.171 s | best 7.289094e-01 @54 *
epoch   55 | train 7.400769e-01 | val 7.288542e-01 |   2.172 s | best 7.288542e-01 @55 *
epoch   56 | train 7.411960e-01 | val 7.287895e-01 |   2.175 s | best 7.287895e-01 @56 *
epoch   57 | train 7.392321e-01 | val 7.288108e-01 |   2.175 s | best 7.287895e-01 @56
epoch   58 | train 7.453921e-01 | val 7.288176e-01 |   2.173 s | best 7.287895e-01 @56
epoch   59 | train 7.405376e-01 | val 7.289045e-01 |   2.209 s | best 7.287895e-01 @56
epoch   60 | train 7.444887e-01 | val 7.290055e-01 |   2.228 s | best 7.287895e-01 @56
epoch   61 | train 7.435101e-01 | val 7.290994e-01 |   2.233 s | best 7.287895e-01 @56
epoch   62 | train 7.407614e-01 | val 7.291661e-01 |   2.249 s | best 7.287895e-01 @56
epoch   63 | train 7.371586e-01 | val 7.290493e-01 |   2.224 s | best 7.287895e-01 @56
epoch   64 | train 7.459980e-01 | val 7.290635e-01 |   2.199 s | best 7.287895e-01 @56
epoch   65 | train 7.424738e-01 | val 7.291940e-01 |   2.177 s | best 7.287895e-01 @56
epoch   66 | train 7.436547e-01 | val 7.292395e-01 |   2.217 s | best 7.287895e-01 @56
epoch   67 | train 7.392023e-01 | val 7.292035e-01 |   2.174 s | best 7.287895e-01 @56
epoch   68 | train 7.389646e-01 | val 7.290965e-01 |   2.166 s | best 7.287895e-01 @56
epoch   69 | train 7.452870e-01 | val 7.291618e-01 |   2.193 s | best 7.287895e-01 @56
epoch   70 | train 7.403744e-01 | val 7.293274e-01 |   2.174 s | best 7.287895e-01 @56
epoch   71 | train 7.425369e-01 | val 7.292594e-01 |   2.201 s | best 7.287895e-01 @56
# done        : 71 epochs, stopped_by=patience, aborted=False, best val 7.287895e-01 @ epoch 56, wall 169.7 s, 2.390 s/epoch
