
# ===== 2026-09-20 17:34:35 KST  HPO attempt 162  testbed D1 prior S  Nr=8 Nt=4
# DEVICE      : cuda | cuda_available=True | NVIDIA RTX PRO 6000 Blackwell Server Edition | torch 2.14.0+cu130 | train dtype float32 (01_RULES §9.5)
# data        : n_train=9000 n_val=1000 split_hash=98d6225d67f9c15a E||H||_F^2/(NrNt)=1.000268 (04_SPEC §2)
# sigma grid  : MEASURED, 20 points, log-uniform draw over [3.2936e-02, 7.9084e-01]
# hp          : {'arch': 'adm', 'param': 've', 'domain': 'angle', 'lr': 0.000371552998570187, 'ema': 0.999, 'batch': 128, 'emb': 256, 'width': 64, 'depth': 3, 'heads': 4, 'attn_at': 8}  params=5056578
# stopping    : patience 15 on val loss, never before 0 epochs, max 600 (01_RULES §5)
epoch    1 | train 8.476500e-01 | val 9.745007e-01 |   4.421 s | best 9.745007e-01 @1 *
epoch    2 | train 7.684880e-01 | val 9.515856e-01 |   4.391 s | best 9.515856e-01 @2 *
epoch    3 | train 7.608220e-01 | val 9.300548e-01 |   4.299 s | best 9.300548e-01 @3 *
epoch    4 | train 7.586227e-01 | val 9.099471e-01 |   4.268 s | best 9.099471e-01 @4 *
epoch    5 | train 7.539060e-01 | val 8.905532e-01 |   4.260 s | best 8.905532e-01 @5 *
epoch    6 | train 7.516969e-01 | val 8.713787e-01 |   4.269 s | best 8.713787e-01 @6 *
epoch    7 | train 7.469554e-01 | val 8.527961e-01 |   4.297 s | best 8.527961e-01 @7 *
epoch    8 | train 7.511573e-01 | val 8.359511e-01 |   4.265 s | best 8.359511e-01 @8 *
epoch    9 | train 7.521880e-01 | val 8.213021e-01 |   4.253 s | best 8.213021e-01 @9 *
epoch   10 | train 7.511643e-01 | val 8.087598e-01 |   4.265 s | best 8.087598e-01 @10 *
epoch   11 | train 7.476945e-01 | val 7.978932e-01 |   4.211 s | best 7.978932e-01 @11 *
epoch   12 | train 7.494251e-01 | val 7.886044e-01 |   4.300 s | best 7.886044e-01 @12 *
epoch   13 | train 7.465112e-01 | val 7.806178e-01 |   4.269 s | best 7.806178e-01 @13 *
epoch   14 | train 7.454336e-01 | val 7.738155e-01 |   4.275 s | best 7.738155e-01 @14 *
epoch   15 | train 7.428370e-01 | val 7.677101e-01 |   4.372 s | best 7.677101e-01 @15 *
epoch   16 | train 7.523210e-01 | val 7.624151e-01 |   4.289 s | best 7.624151e-01 @16 *
epoch   17 | train 7.484979e-01 | val 7.579062e-01 |   4.282 s | best 7.579062e-01 @17 *
epoch   18 | train 7.511369e-01 | val 7.539847e-01 |   4.287 s | best 7.539847e-01 @18 *
epoch   19 | train 7.488444e-01 | val 7.504916e-01 |   4.268 s | best 7.504916e-01 @19 *
epoch   20 | train 7.466755e-01 | val 7.474317e-01 |   4.183 s | best 7.474317e-01 @20 *
epoch   21 | train 7.501318e-01 | val 7.449498e-01 |   4.234 s | best 7.449498e-01 @21 *
epoch   22 | train 7.450032e-01 | val 7.426939e-01 |   4.181 s | best 7.426939e-01 @22 *
epoch   23 | train 7.415309e-01 | val 7.407734e-01 |   4.250 s | best 7.407734e-01 @23 *
epoch   24 | train 7.428016e-01 | val 7.390782e-01 |   4.249 s | best 7.390782e-01 @24 *
epoch   25 | train 7.440596e-01 | val 7.376902e-01 |   4.255 s | best 7.376902e-01 @25 *
epoch   26 | train 7.482348e-01 | val 7.365271e-01 |   4.294 s | best 7.365271e-01 @26 *
epoch   27 | train 7.423197e-01 | val 7.355056e-01 |   4.259 s | best 7.355056e-01 @27 *
epoch   28 | train 7.370157e-01 | val 7.346061e-01 |   1.945 s | best 7.346061e-01 @28 *
epoch   29 | train 7.462452e-01 | val 7.337947e-01 |   2.022 s | best 7.337947e-01 @29 *
epoch   30 | train 7.402174e-01 | val 7.331488e-01 |   4.319 s | best 7.331488e-01 @30 *
epoch   31 | train 7.453624e-01 | val 7.325886e-01 |   4.345 s | best 7.325886e-01 @31 *
epoch   32 | train 7.395683e-01 | val 7.320281e-01 |   4.297 s | best 7.320281e-01 @32 *
epoch   33 | train 7.410313e-01 | val 7.315331e-01 |   4.336 s | best 7.315331e-01 @33 *
epoch   34 | train 7.457343e-01 | val 7.311220e-01 |   4.298 s | best 7.311220e-01 @34 *
epoch   35 | train 7.369148e-01 | val 7.308099e-01 |   4.283 s | best 7.308099e-01 @35 *
epoch   36 | train 7.422253e-01 | val 7.305242e-01 |   4.294 s | best 7.305242e-01 @36 *
epoch   37 | train 7.368218e-01 | val 7.302561e-01 |   4.302 s | best 7.302561e-01 @37 *
epoch   38 | train 7.433328e-01 | val 7.300308e-01 |   4.330 s | best 7.300308e-01 @38 *
epoch   39 | train 7.415762e-01 | val 7.298117e-01 |   4.325 s | best 7.298117e-01 @39 *
epoch   40 | train 7.444635e-01 | val 7.296354e-01 |   4.306 s | best 7.296354e-01 @40 *
epoch   41 | train 7.394461e-01 | val 7.294984e-01 |   4.312 s | best 7.294984e-01 @41 *
epoch   42 | train 7.451401e-01 | val 7.293780e-01 |   4.300 s | best 7.293780e-01 @42 *
epoch   43 | train 7.402179e-01 | val 7.292367e-01 |   4.294 s | best 7.292367e-01 @43 *
epoch   44 | train 7.363110e-01 | val 7.291318e-01 |   4.288 s | best 7.291318e-01 @44 *
epoch   45 | train 7.440878e-01 | val 7.290563e-01 |   4.295 s | best 7.290563e-01 @45 *
epoch   46 | train 7.464616e-01 | val 7.289861e-01 |   4.288 s | best 7.289861e-01 @46 *
epoch   47 | train 7.396480e-01 | val 7.289159e-01 |   4.292 s | best 7.289159e-01 @47 *
epoch   48 | train 7.390027e-01 | val 7.288643e-01 |   4.299 s | best 7.288643e-01 @48 *
epoch   49 | train 7.403129e-01 | val 7.288163e-01 |   4.321 s | best 7.288163e-01 @49 *
epoch   50 | train 7.440063e-01 | val 7.287357e-01 |   4.302 s | best 7.287357e-01 @50 *
epoch   51 | train 7.465136e-01 | val 7.286920e-01 |   4.301 s | best 7.286920e-01 @51 *
epoch   52 | train 7.437554e-01 | val 7.286363e-01 |   4.307 s | best 7.286363e-01 @52 *
epoch   53 | train 7.447750e-01 | val 7.286131e-01 |   4.299 s | best 7.286131e-01 @53 *
epoch   54 | train 7.493580e-01 | val 7.285708e-01 |   4.329 s | best 7.285708e-01 @54 *
epoch   55 | train 7.421858e-01 | val 7.285058e-01 |   4.320 s | best 7.285058e-01 @55 *
epoch   56 | train 7.417634e-01 | val 7.284653e-01 |   4.344 s | best 7.284653e-01 @56 *
epoch   57 | train 7.450295e-01 | val 7.284118e-01 |   4.438 s | best 7.284118e-01 @57 *
epoch   58 | train 7.425894e-01 | val 7.283452e-01 |   4.434 s | best 7.283452e-01 @58 *
epoch   59 | train 7.370781e-01 | val 7.283251e-01 |   4.448 s | best 7.283251e-01 @59 *
epoch   60 | train 7.414509e-01 | val 7.283383e-01 |   4.371 s | best 7.283251e-01 @59
epoch   61 | train 7.379304e-01 | val 7.283664e-01 |   4.445 s | best 7.283251e-01 @59
epoch   62 | train 7.358075e-01 | val 7.284132e-01 |   4.452 s | best 7.283251e-01 @59
epoch   63 | train 7.431426e-01 | val 7.284402e-01 |   4.496 s | best 7.283251e-01 @59
epoch   64 | train 7.381631e-01 | val 7.284592e-01 |   4.403 s | best 7.283251e-01 @59
epoch   65 | train 7.404516e-01 | val 7.285010e-01 |   4.304 s | best 7.283251e-01 @59
epoch   66 | train 7.397696e-01 | val 7.285169e-01 |   4.394 s | best 7.283251e-01 @59
epoch   67 | train 7.391065e-01 | val 7.285151e-01 |   4.228 s | best 7.283251e-01 @59
epoch   68 | train 7.365466e-01 | val 7.285532e-01 |   4.323 s | best 7.283251e-01 @59
epoch   69 | train 7.472873e-01 | val 7.285808e-01 |   4.322 s | best 7.283251e-01 @59
epoch   70 | train 7.392751e-01 | val 7.285950e-01 |   4.322 s | best 7.283251e-01 @59
epoch   71 | train 7.439006e-01 | val 7.286380e-01 |   4.245 s | best 7.283251e-01 @59
epoch   72 | train 7.350243e-01 | val 7.286319e-01 |   4.277 s | best 7.283251e-01 @59
epoch   73 | train 7.437647e-01 | val 7.286353e-01 |   4.321 s | best 7.283251e-01 @59
epoch   74 | train 7.476637e-01 | val 7.286769e-01 |   4.340 s | best 7.283251e-01 @59
# done        : 74 epochs, stopped_by=patience, aborted=False, best val 7.283251e-01 @ epoch 59, wall 329.6 s, 4.454 s/epoch
