
# ===== 2026-09-20 17:10:03 KST  HPO attempt 138  testbed D1 prior S  Nr=8 Nt=4
# DEVICE      : cuda | cuda_available=True | NVIDIA RTX PRO 6000 Blackwell Server Edition | torch 2.14.0+cu130 | train dtype float32 (01_RULES §9.5)
# data        : n_train=9000 n_val=1000 split_hash=98d6225d67f9c15a E||H||_F^2/(NrNt)=1.000268 (04_SPEC §2)
# sigma grid  : MEASURED, 20 points, log-uniform draw over [3.2936e-02, 7.9084e-01]
# hp          : {'arch': 'adm', 'param': 've', 'domain': 'angle', 'lr': 0.0008698485285947139, 'ema': 0.99, 'batch': 256, 'emb': 64, 'width': 64, 'depth': 3, 'heads': 4, 'attn_at': 8}  params=5007426
# stopping    : patience 15 on val loss, never before 0 epochs, max 600 (01_RULES §5)
epoch    1 | train 8.787515e-01 | val 9.242159e-01 |   2.081 s | best 9.242159e-01 @1 *
epoch    2 | train 7.941932e-01 | val 8.629963e-01 |   2.097 s | best 8.629963e-01 @2 *
epoch    3 | train 7.648194e-01 | val 8.202484e-01 |   2.094 s | best 8.202484e-01 @3 *
epoch    4 | train 7.630245e-01 | val 7.865214e-01 |   2.124 s | best 7.865214e-01 @4 *
epoch    5 | train 7.579142e-01 | val 7.634875e-01 |   2.098 s | best 7.634875e-01 @5 *
epoch    6 | train 7.573048e-01 | val 7.499472e-01 |   2.087 s | best 7.499472e-01 @6 *
epoch    7 | train 7.559027e-01 | val 7.432268e-01 |   2.091 s | best 7.432268e-01 @7 *
epoch    8 | train 7.562981e-01 | val 7.392638e-01 |   2.093 s | best 7.392638e-01 @8 *
epoch    9 | train 7.513630e-01 | val 7.371836e-01 |   2.089 s | best 7.371836e-01 @9 *
epoch   10 | train 7.525578e-01 | val 7.355663e-01 |   2.125 s | best 7.355663e-01 @10 *
epoch   11 | train 7.472347e-01 | val 7.348394e-01 |   2.090 s | best 7.348394e-01 @11 *
epoch   12 | train 7.487853e-01 | val 7.335985e-01 |   2.116 s | best 7.335985e-01 @12 *
epoch   13 | train 7.512517e-01 | val 7.329263e-01 |   2.095 s | best 7.329263e-01 @13 *
epoch   14 | train 7.438349e-01 | val 7.323162e-01 |   2.094 s | best 7.323162e-01 @14 *
epoch   15 | train 7.483130e-01 | val 7.318919e-01 |   2.089 s | best 7.318919e-01 @15 *
epoch   16 | train 7.469183e-01 | val 7.315381e-01 |   2.006 s | best 7.315381e-01 @16 *
epoch   17 | train 7.492532e-01 | val 7.312596e-01 |   2.102 s | best 7.312596e-01 @17 *
epoch   18 | train 7.460027e-01 | val 7.308639e-01 |   2.126 s | best 7.308639e-01 @18 *
epoch   19 | train 7.481463e-01 | val 7.307187e-01 |   2.089 s | best 7.307187e-01 @19 *
epoch   20 | train 7.452786e-01 | val 7.305869e-01 |   2.121 s | best 7.305869e-01 @20 *
epoch   21 | train 7.506129e-01 | val 7.303774e-01 |   2.090 s | best 7.303774e-01 @21 *
epoch   22 | train 7.465705e-01 | val 7.301802e-01 |   2.105 s | best 7.301802e-01 @22 *
epoch   23 | train 7.431443e-01 | val 7.300926e-01 |   2.091 s | best 7.300926e-01 @23 *
epoch   24 | train 7.496992e-01 | val 7.301725e-01 |   2.126 s | best 7.300926e-01 @23
epoch   25 | train 7.444889e-01 | val 7.300141e-01 |   2.125 s | best 7.300141e-01 @25 *
epoch   26 | train 7.466585e-01 | val 7.297887e-01 |   2.093 s | best 7.297887e-01 @26 *
epoch   27 | train 7.459793e-01 | val 7.297526e-01 |   2.058 s | best 7.297526e-01 @27 *
epoch   28 | train 7.483795e-01 | val 7.297239e-01 |   2.063 s | best 7.297239e-01 @28 *
epoch   29 | train 7.457205e-01 | val 7.296109e-01 |   2.056 s | best 7.296109e-01 @29 *
epoch   30 | train 7.406169e-01 | val 7.295773e-01 |   2.053 s | best 7.295773e-01 @30 *
epoch   31 | train 7.429177e-01 | val 7.295400e-01 |   2.052 s | best 7.295400e-01 @31 *
epoch   32 | train 7.409238e-01 | val 7.297354e-01 |   2.046 s | best 7.295400e-01 @31
epoch   33 | train 7.476435e-01 | val 7.296495e-01 |   2.041 s | best 7.295400e-01 @31
epoch   34 | train 7.410113e-01 | val 7.296639e-01 |   2.077 s | best 7.295400e-01 @31
epoch   35 | train 7.466408e-01 | val 7.295971e-01 |   2.040 s | best 7.295400e-01 @31
epoch   36 | train 7.411754e-01 | val 7.296194e-01 |   2.059 s | best 7.295400e-01 @31
epoch   37 | train 7.443960e-01 | val 7.295903e-01 |   2.058 s | best 7.295400e-01 @31
epoch   38 | train 7.446740e-01 | val 7.297823e-01 |   2.097 s | best 7.295400e-01 @31
epoch   39 | train 7.478854e-01 | val 7.299352e-01 |   2.062 s | best 7.295400e-01 @31
epoch   40 | train 7.391165e-01 | val 7.297426e-01 |   2.078 s | best 7.295400e-01 @31
epoch   41 | train 7.422221e-01 | val 7.295971e-01 |   2.059 s | best 7.295400e-01 @31
epoch   42 | train 7.396538e-01 | val 7.296212e-01 |   2.079 s | best 7.295400e-01 @31
epoch   43 | train 7.452064e-01 | val 7.296409e-01 |   2.042 s | best 7.295400e-01 @31
epoch   44 | train 7.437867e-01 | val 7.296304e-01 |   2.055 s | best 7.295400e-01 @31
epoch   45 | train 7.382031e-01 | val 7.293562e-01 |   2.078 s | best 7.293562e-01 @45 *
epoch   46 | train 7.421940e-01 | val 7.293362e-01 |   2.077 s | best 7.293362e-01 @46 *
epoch   47 | train 7.438209e-01 | val 7.292466e-01 |   2.054 s | best 7.292466e-01 @47 *
epoch   48 | train 7.431560e-01 | val 7.292706e-01 |   2.094 s | best 7.292466e-01 @47
epoch   49 | train 7.436272e-01 | val 7.291259e-01 |   1.994 s | best 7.291259e-01 @49 *
epoch   50 | train 7.406517e-01 | val 7.290637e-01 |   2.090 s | best 7.290637e-01 @50 *
epoch   51 | train 7.430475e-01 | val 7.291183e-01 |   2.094 s | best 7.290637e-01 @50
epoch   52 | train 7.456213e-01 | val 7.289816e-01 |   2.086 s | best 7.289816e-01 @52 *
epoch   53 | train 7.448915e-01 | val 7.289242e-01 |   2.120 s | best 7.289242e-01 @53 *
epoch   54 | train 7.421947e-01 | val 7.288877e-01 |   2.095 s | best 7.288877e-01 @54 *
epoch   55 | train 7.394796e-01 | val 7.289136e-01 |   2.085 s | best 7.288877e-01 @54
epoch   56 | train 7.459318e-01 | val 7.289152e-01 |   2.087 s | best 7.288877e-01 @54
epoch   57 | train 7.420795e-01 | val 7.289104e-01 |   2.084 s | best 7.288877e-01 @54
epoch   58 | train 7.424072e-01 | val 7.287909e-01 |   2.090 s | best 7.287909e-01 @58 *
epoch   59 | train 7.435676e-01 | val 7.288669e-01 |   2.083 s | best 7.287909e-01 @58
epoch   60 | train 7.405709e-01 | val 7.288986e-01 |   2.078 s | best 7.287909e-01 @58
epoch   61 | train 7.387464e-01 | val 7.288563e-01 |   2.116 s | best 7.287909e-01 @58
epoch   62 | train 7.430440e-01 | val 7.288029e-01 |   2.091 s | best 7.287909e-01 @58
epoch   63 | train 7.459151e-01 | val 7.289416e-01 |   2.084 s | best 7.287909e-01 @58
epoch   64 | train 7.433538e-01 | val 7.290299e-01 |   2.093 s | best 7.287909e-01 @58
epoch   65 | train 7.439049e-01 | val 7.290564e-01 |   2.084 s | best 7.287909e-01 @58
epoch   66 | train 7.404578e-01 | val 7.290887e-01 |   2.095 s | best 7.287909e-01 @58
epoch   67 | train 7.378375e-01 | val 7.290099e-01 |   2.091 s | best 7.287909e-01 @58
epoch   68 | train 7.356216e-01 | val 7.289854e-01 |   2.132 s | best 7.287909e-01 @58
epoch   69 | train 7.401068e-01 | val 7.290557e-01 |   2.122 s | best 7.287909e-01 @58
epoch   70 | train 7.437828e-01 | val 7.290702e-01 |   2.100 s | best 7.287909e-01 @58
epoch   71 | train 7.368055e-01 | val 7.289746e-01 |   2.100 s | best 7.287909e-01 @58
epoch   72 | train 7.426391e-01 | val 7.289525e-01 |   2.101 s | best 7.287909e-01 @58
epoch   73 | train 7.377567e-01 | val 7.290897e-01 |   2.099 s | best 7.287909e-01 @58
# done        : 73 epochs, stopped_by=patience, aborted=False, best val 7.287909e-01 @ epoch 58, wall 166.0 s, 2.274 s/epoch
