
# ===== 2026-09-20 17:39:54 KST  HPO attempt 168  testbed D1 prior S  Nr=8 Nt=4
# DEVICE      : cuda | cuda_available=True | NVIDIA RTX PRO 6000 Blackwell Server Edition | torch 2.14.0+cu130 | train dtype float32 (01_RULES §9.5)
# data        : n_train=9000 n_val=1000 split_hash=98d6225d67f9c15a E||H||_F^2/(NrNt)=1.000268 (04_SPEC §2)
# sigma grid  : MEASURED, 20 points, log-uniform draw over [3.2936e-02, 7.9084e-01]
# hp          : {'arch': 'adm', 'param': 'vp', 'domain': 'angle', 'lr': 0.0006512808970629357, 'ema': 0.999, 'batch': 128, 'emb': 128, 'width': 64, 'depth': 3, 'heads': 4, 'attn_at': 8}  params=5023810
# stopping    : patience 15 on val loss, never before 0 epochs, max 600 (01_RULES §5)
epoch    1 | train 8.371107e-01 | val 9.717055e-01 |   4.176 s | best 9.717055e-01 @1 *
epoch    2 | train 7.706330e-01 | val 9.471399e-01 |   4.321 s | best 9.471399e-01 @2 *
epoch    3 | train 7.613324e-01 | val 9.239995e-01 |   4.329 s | best 9.239995e-01 @3 *
epoch    4 | train 7.612728e-01 | val 9.025370e-01 |   4.153 s | best 9.025370e-01 @4 *
epoch    5 | train 7.561646e-01 | val 8.820866e-01 |   4.264 s | best 8.820866e-01 @5 *
epoch    6 | train 7.541858e-01 | val 8.623011e-01 |   4.260 s | best 8.623011e-01 @6 *
epoch    7 | train 7.524490e-01 | val 8.436573e-01 |   4.293 s | best 8.436573e-01 @7 *
epoch    8 | train 7.466347e-01 | val 8.271232e-01 |   4.299 s | best 8.271232e-01 @8 *
epoch    9 | train 7.536131e-01 | val 8.129624e-01 |   4.295 s | best 8.129624e-01 @9 *
epoch   10 | train 7.428576e-01 | val 8.010414e-01 |   4.289 s | best 8.010414e-01 @10 *
epoch   11 | train 7.470546e-01 | val 7.911338e-01 |   4.270 s | best 7.911338e-01 @11 *
epoch   12 | train 7.500887e-01 | val 7.830099e-01 |   4.160 s | best 7.830099e-01 @12 *
epoch   13 | train 7.510665e-01 | val 7.761963e-01 |   4.105 s | best 7.761963e-01 @13 *
epoch   14 | train 7.413138e-01 | val 7.702444e-01 |   4.131 s | best 7.702444e-01 @14 *
epoch   15 | train 7.448426e-01 | val 7.651879e-01 |   4.024 s | best 7.651879e-01 @15 *
epoch   16 | train 7.519669e-01 | val 7.606745e-01 |   4.133 s | best 7.606745e-01 @16 *
epoch   17 | train 7.433409e-01 | val 7.567503e-01 |   4.136 s | best 7.567503e-01 @17 *
epoch   18 | train 7.446088e-01 | val 7.532881e-01 |   4.114 s | best 7.532881e-01 @18 *
epoch   19 | train 7.455625e-01 | val 7.501976e-01 |   4.118 s | best 7.501976e-01 @19 *
epoch   20 | train 7.437204e-01 | val 7.474750e-01 |   4.109 s | best 7.474750e-01 @20 *
epoch   21 | train 7.455579e-01 | val 7.451912e-01 |   4.046 s | best 7.451912e-01 @21 *
epoch   22 | train 7.459718e-01 | val 7.432160e-01 |   4.147 s | best 7.432160e-01 @22 *
epoch   23 | train 7.451771e-01 | val 7.414781e-01 |   4.057 s | best 7.414781e-01 @23 *
epoch   24 | train 7.411912e-01 | val 7.398716e-01 |   4.137 s | best 7.398716e-01 @24 *
epoch   25 | train 7.478400e-01 | val 7.385242e-01 |   4.205 s | best 7.385242e-01 @25 *
epoch   26 | train 7.459771e-01 | val 7.373792e-01 |   4.144 s | best 7.373792e-01 @26 *
epoch   27 | train 7.445252e-01 | val 7.363620e-01 |   4.145 s | best 7.363620e-01 @27 *
epoch   28 | train 7.370189e-01 | val 7.354978e-01 |   4.143 s | best 7.354978e-01 @28 *
epoch   29 | train 7.447688e-01 | val 7.346656e-01 |   4.150 s | best 7.346656e-01 @29 *
epoch   30 | train 7.405551e-01 | val 7.340042e-01 |   4.177 s | best 7.340042e-01 @30 *
epoch   31 | train 7.422019e-01 | val 7.333922e-01 |   4.180 s | best 7.333922e-01 @31 *
epoch   32 | train 7.426943e-01 | val 7.328330e-01 |   4.172 s | best 7.328330e-01 @32 *
epoch   33 | train 7.473324e-01 | val 7.323506e-01 |   4.164 s | best 7.323506e-01 @33 *
epoch   34 | train 7.436862e-01 | val 7.319272e-01 |   4.156 s | best 7.319272e-01 @34 *
epoch   35 | train 7.417567e-01 | val 7.315491e-01 |   4.186 s | best 7.315491e-01 @35 *
epoch   36 | train 7.456021e-01 | val 7.311652e-01 |   4.038 s | best 7.311652e-01 @36 *
epoch   37 | train 7.427117e-01 | val 7.308531e-01 |   4.020 s | best 7.308531e-01 @37 *
epoch   38 | train 7.453330e-01 | val 7.305790e-01 |   4.009 s | best 7.305790e-01 @38 *
epoch   39 | train 7.402369e-01 | val 7.303274e-01 |   4.015 s | best 7.303274e-01 @39 *
epoch   40 | train 7.399606e-01 | val 7.301066e-01 |   4.013 s | best 7.301066e-01 @40 *
epoch   41 | train 7.439569e-01 | val 7.299600e-01 |   4.016 s | best 7.299600e-01 @41 *
epoch   42 | train 7.454431e-01 | val 7.298182e-01 |   4.001 s | best 7.298182e-01 @42 *
epoch   43 | train 7.486423e-01 | val 7.296922e-01 |   4.006 s | best 7.296922e-01 @43 *
epoch   44 | train 7.449609e-01 | val 7.295386e-01 |   4.071 s | best 7.295386e-01 @44 *
epoch   45 | train 7.396421e-01 | val 7.294102e-01 |   4.149 s | best 7.294102e-01 @45 *
epoch   46 | train 7.422532e-01 | val 7.293271e-01 |   4.137 s | best 7.293271e-01 @46 *
epoch   47 | train 7.413010e-01 | val 7.292516e-01 |   4.140 s | best 7.292516e-01 @47 *
epoch   48 | train 7.376123e-01 | val 7.291576e-01 |   4.134 s | best 7.291576e-01 @48 *
epoch   49 | train 7.448171e-01 | val 7.290725e-01 |   4.176 s | best 7.290725e-01 @49 *
epoch   50 | train 7.440350e-01 | val 7.289990e-01 |   4.129 s | best 7.289990e-01 @50 *
epoch   51 | train 7.396332e-01 | val 7.288960e-01 |   4.126 s | best 7.288960e-01 @51 *
epoch   52 | train 7.480385e-01 | val 7.288254e-01 |   4.125 s | best 7.288254e-01 @52 *
epoch   53 | train 7.440053e-01 | val 7.287542e-01 |   4.181 s | best 7.287542e-01 @53 *
epoch   54 | train 7.420138e-01 | val 7.287235e-01 |   4.146 s | best 7.287235e-01 @54 *
epoch   55 | train 7.400667e-01 | val 7.286949e-01 |   4.157 s | best 7.286949e-01 @55 *
epoch   56 | train 7.441429e-01 | val 7.286586e-01 |   4.173 s | best 7.286586e-01 @56 *
epoch   57 | train 7.420841e-01 | val 7.285876e-01 |   4.136 s | best 7.285876e-01 @57 *
epoch   58 | train 7.425232e-01 | val 7.285162e-01 |   4.281 s | best 7.285162e-01 @58 *
epoch   59 | train 7.422047e-01 | val 7.284744e-01 |   4.351 s | best 7.284744e-01 @59 *
epoch   60 | train 7.387181e-01 | val 7.284435e-01 |   4.297 s | best 7.284435e-01 @60 *
epoch   61 | train 7.463922e-01 | val 7.284318e-01 |   4.311 s | best 7.284318e-01 @61 *
epoch   62 | train 7.394724e-01 | val 7.284290e-01 |   4.315 s | best 7.284290e-01 @62 *
epoch   63 | train 7.402038e-01 | val 7.284296e-01 |   4.313 s | best 7.284290e-01 @62
epoch   64 | train 7.393853e-01 | val 7.284029e-01 |   4.302 s | best 7.284029e-01 @64 *
epoch   65 | train 7.352870e-01 | val 7.283739e-01 |   4.283 s | best 7.283739e-01 @65 *
epoch   66 | train 7.373405e-01 | val 7.283441e-01 |   4.356 s | best 7.283441e-01 @66 *
epoch   67 | train 7.387269e-01 | val 7.283392e-01 |   4.380 s | best 7.283392e-01 @67 *
epoch   68 | train 7.386896e-01 | val 7.283262e-01 |   4.387 s | best 7.283262e-01 @68 *
epoch   69 | train 7.412054e-01 | val 7.283103e-01 |   4.373 s | best 7.283103e-01 @69 *
epoch   70 | train 7.435272e-01 | val 7.282985e-01 |   4.255 s | best 7.282985e-01 @70 *
epoch   71 | train 7.417187e-01 | val 7.282820e-01 |   4.130 s | best 7.282820e-01 @71 *
epoch   72 | train 7.404561e-01 | val 7.282604e-01 |   4.134 s | best 7.282604e-01 @72 *
epoch   73 | train 7.406449e-01 | val 7.282622e-01 |   4.159 s | best 7.282604e-01 @72
epoch   74 | train 7.402571e-01 | val 7.282411e-01 |   4.137 s | best 7.282411e-01 @74 *
epoch   75 | train 7.406861e-01 | val 7.282305e-01 |   4.131 s | best 7.282305e-01 @75 *
epoch   76 | train 7.396785e-01 | val 7.282562e-01 |   4.128 s | best 7.282305e-01 @75
epoch   77 | train 7.421969e-01 | val 7.282684e-01 |   4.133 s | best 7.282305e-01 @75
epoch   78 | train 7.436416e-01 | val 7.282973e-01 |   4.134 s | best 7.282305e-01 @75
epoch   79 | train 7.425460e-01 | val 7.283307e-01 |   4.133 s | best 7.282305e-01 @75
epoch   80 | train 7.439216e-01 | val 7.283458e-01 |   4.141 s | best 7.282305e-01 @75
epoch   81 | train 7.373984e-01 | val 7.283689e-01 |   4.145 s | best 7.282305e-01 @75
epoch   82 | train 7.408549e-01 | val 7.283889e-01 |   4.144 s | best 7.282305e-01 @75
epoch   83 | train 7.372927e-01 | val 7.284454e-01 |   4.142 s | best 7.282305e-01 @75
epoch   84 | train 7.422562e-01 | val 7.284577e-01 |   4.148 s | best 7.282305e-01 @75
epoch   85 | train 7.404538e-01 | val 7.284799e-01 |   4.197 s | best 7.282305e-01 @75
epoch   86 | train 7.432278e-01 | val 7.284762e-01 |   4.169 s | best 7.282305e-01 @75
epoch   87 | train 7.408832e-01 | val 7.285011e-01 |   4.088 s | best 7.282305e-01 @75
epoch   88 | train 7.384425e-01 | val 7.285076e-01 |   4.066 s | best 7.282305e-01 @75
epoch   89 | train 7.366836e-01 | val 7.285448e-01 |   4.088 s | best 7.282305e-01 @75
epoch   90 | train 7.399159e-01 | val 7.285846e-01 |   4.086 s | best 7.282305e-01 @75
# done        : 90 epochs, stopped_by=patience, aborted=False, best val 7.282305e-01 @ epoch 75, wall 391.9 s, 4.355 s/epoch
