
# ===== 2026-09-20 17:16:23 KST  HPO attempt 146  testbed D1 prior S  Nr=8 Nt=4
# DEVICE      : cuda | cuda_available=True | NVIDIA RTX PRO 6000 Blackwell Server Edition | torch 2.14.0+cu130 | train dtype float32 (01_RULES §9.5)
# data        : n_train=9000 n_val=1000 split_hash=98d6225d67f9c15a E||H||_F^2/(NrNt)=1.000268 (04_SPEC §2)
# sigma grid  : MEASURED, 20 points, log-uniform draw over [3.2936e-02, 7.9084e-01]
# hp          : {'arch': 'adm', 'param': 've', 'domain': 'angle', 'lr': 0.001108840962763055, 'ema': 0.9999, 'batch': 256, 'emb': 64, 'width': 64, 'depth': 3, 'heads': 4, 'attn_at': 8}  params=5007426
# stopping    : patience 15 on val loss, never before 0 epochs, max 600 (01_RULES §5)
epoch    1 | train 8.965513e-01 | val 9.898008e-01 |   2.117 s | best 9.898008e-01 @1 *
epoch    2 | train 8.125605e-01 | val 9.885373e-01 |   2.095 s | best 9.885373e-01 @2 *
epoch    3 | train 7.771089e-01 | val 9.872264e-01 |   2.106 s | best 9.872264e-01 @3 *
epoch    4 | train 7.636779e-01 | val 9.858687e-01 |   2.116 s | best 9.858687e-01 @4 *
epoch    5 | train 7.615427e-01 | val 9.844722e-01 |   2.105 s | best 9.844722e-01 @5 *
epoch    6 | train 7.598726e-01 | val 9.830492e-01 |   2.116 s | best 9.830492e-01 @6 *
epoch    7 | train 7.538133e-01 | val 9.815882e-01 |   2.102 s | best 9.815882e-01 @7 *
epoch    8 | train 7.532525e-01 | val 9.801036e-01 |   2.114 s | best 9.801036e-01 @8 *
epoch    9 | train 7.549166e-01 | val 9.786041e-01 |   2.103 s | best 9.786041e-01 @9 *
epoch   10 | train 7.537255e-01 | val 9.770848e-01 |   2.118 s | best 9.770848e-01 @10 *
epoch   11 | train 7.484891e-01 | val 9.755443e-01 |   2.106 s | best 9.755443e-01 @11 *
epoch   12 | train 7.469775e-01 | val 9.739962e-01 |   2.120 s | best 9.739962e-01 @12 *
epoch   13 | train 7.476895e-01 | val 9.724354e-01 |   2.107 s | best 9.724354e-01 @13 *
epoch   14 | train 7.469417e-01 | val 9.708631e-01 |   2.114 s | best 9.708631e-01 @14 *
epoch   15 | train 7.538756e-01 | val 9.692825e-01 |   2.111 s | best 9.692825e-01 @15 *
epoch   16 | train 7.489613e-01 | val 9.677013e-01 |   2.112 s | best 9.677013e-01 @16 *
epoch   17 | train 7.448935e-01 | val 9.661144e-01 |   2.112 s | best 9.661144e-01 @17 *
epoch   18 | train 7.447872e-01 | val 9.645187e-01 |   2.106 s | best 9.645187e-01 @18 *
epoch   19 | train 7.460990e-01 | val 9.629228e-01 |   2.111 s | best 9.629228e-01 @19 *
epoch   20 | train 7.462601e-01 | val 9.613191e-01 |   2.105 s | best 9.613191e-01 @20 *
epoch   21 | train 7.469229e-01 | val 9.597210e-01 |   2.113 s | best 9.597210e-01 @21 *
epoch   22 | train 7.441117e-01 | val 9.581258e-01 |   2.104 s | best 9.581258e-01 @22 *
epoch   23 | train 7.485927e-01 | val 9.565375e-01 |   2.110 s | best 9.565375e-01 @23 *
epoch   24 | train 7.456754e-01 | val 9.549532e-01 |   2.109 s | best 9.549532e-01 @24 *
epoch   25 | train 7.451183e-01 | val 9.533768e-01 |   2.110 s | best 9.533768e-01 @25 *
epoch   26 | train 7.476440e-01 | val 9.518056e-01 |   2.108 s | best 9.518056e-01 @26 *
epoch   27 | train 7.463153e-01 | val 9.502448e-01 |   2.117 s | best 9.502448e-01 @27 *
epoch   28 | train 7.448282e-01 | val 9.486955e-01 |   2.126 s | best 9.486955e-01 @28 *
epoch   29 | train 7.467907e-01 | val 9.471461e-01 |   2.131 s | best 9.471461e-01 @29 *
epoch   30 | train 7.463775e-01 | val 9.455983e-01 |   2.154 s | best 9.455983e-01 @30 *
epoch   31 | train 7.459327e-01 | val 9.440554e-01 |   2.178 s | best 9.440554e-01 @31 *
epoch   32 | train 7.442474e-01 | val 9.425232e-01 |   2.198 s | best 9.425232e-01 @32 *
epoch   33 | train 7.454612e-01 | val 9.410001e-01 |   2.189 s | best 9.410001e-01 @33 *
epoch   34 | train 7.445650e-01 | val 9.394812e-01 |   2.181 s | best 9.394812e-01 @34 *
epoch   35 | train 7.460140e-01 | val 9.379635e-01 |   2.185 s | best 9.379635e-01 @35 *
epoch   36 | train 7.369316e-01 | val 9.364501e-01 |   2.179 s | best 9.364501e-01 @36 *
epoch   37 | train 7.444690e-01 | val 9.349346e-01 |   2.176 s | best 9.349346e-01 @37 *
epoch   38 | train 7.443767e-01 | val 9.334173e-01 |   2.180 s | best 9.334173e-01 @38 *
epoch   39 | train 7.418997e-01 | val 9.319032e-01 |   2.177 s | best 9.319032e-01 @39 *
epoch   40 | train 7.428447e-01 | val 9.303943e-01 |   2.179 s | best 9.303943e-01 @40 *
epoch   41 | train 7.423901e-01 | val 9.288862e-01 |   2.180 s | best 9.288862e-01 @41 *
epoch   42 | train 7.427932e-01 | val 9.273844e-01 |   2.181 s | best 9.273844e-01 @42 *
epoch   43 | train 7.457094e-01 | val 9.258783e-01 |   2.176 s | best 9.258783e-01 @43 *
epoch   44 | train 7.393041e-01 | val 9.243790e-01 |   2.175 s | best 9.243790e-01 @44 *
epoch   45 | train 7.439511e-01 | val 9.228737e-01 |   2.174 s | best 9.228737e-01 @45 *
epoch   46 | train 7.417227e-01 | val 9.213719e-01 |   2.181 s | best 9.213719e-01 @46 *
epoch   47 | train 7.441436e-01 | val 9.198781e-01 |   2.189 s | best 9.198781e-01 @47 *
epoch   48 | train 7.467853e-01 | val 9.183891e-01 |   2.124 s | best 9.183891e-01 @48 *
epoch   49 | train 7.442420e-01 | val 9.169124e-01 |   2.111 s | best 9.169124e-01 @49 *
epoch   50 | train 7.453267e-01 | val 9.154251e-01 |   2.161 s | best 9.154251e-01 @50 *
epoch   51 | train 7.447549e-01 | val 9.139412e-01 |   2.026 s | best 9.139412e-01 @51 *
epoch   52 | train 7.450076e-01 | val 9.124703e-01 |   2.096 s | best 9.124703e-01 @52 *
epoch   53 | train 7.407411e-01 | val 9.109939e-01 |   2.073 s | best 9.109939e-01 @53 *
epoch   54 | train 7.408581e-01 | val 9.095178e-01 |   2.062 s | best 9.095178e-01 @54 *
epoch   55 | train 7.426171e-01 | val 9.080434e-01 |   2.106 s | best 9.080434e-01 @55 *
epoch   56 | train 7.445197e-01 | val 9.065680e-01 |   2.103 s | best 9.065680e-01 @56 *
epoch   57 | train 7.457924e-01 | val 9.051087e-01 |   2.079 s | best 9.051087e-01 @57 *
epoch   58 | train 7.462911e-01 | val 9.036639e-01 |   2.078 s | best 9.036639e-01 @58 *
epoch   59 | train 7.403417e-01 | val 9.022235e-01 |   2.083 s | best 9.022235e-01 @59 *
epoch   60 | train 7.407659e-01 | val 9.007892e-01 |   2.073 s | best 9.007892e-01 @60 *
epoch   61 | train 7.372922e-01 | val 8.993599e-01 |   2.089 s | best 8.993599e-01 @61 *
epoch   62 | train 7.402514e-01 | val 8.979231e-01 |   2.083 s | best 8.979231e-01 @62 *
epoch   63 | train 7.409300e-01 | val 8.964889e-01 |   2.066 s | best 8.964889e-01 @63 *
epoch   64 | train 7.439355e-01 | val 8.950762e-01 |   2.079 s | best 8.950762e-01 @64 *
epoch   65 | train 7.426793e-01 | val 8.936716e-01 |   2.069 s | best 8.936716e-01 @65 *
epoch   66 | train 7.445189e-01 | val 8.922752e-01 |   2.081 s | best 8.922752e-01 @66 *
epoch   67 | train 7.437677e-01 | val 8.908904e-01 |   2.084 s | best 8.908904e-01 @67 *
epoch   68 | train 7.368376e-01 | val 8.895245e-01 |   2.098 s | best 8.895245e-01 @68 *
epoch   69 | train 7.451277e-01 | val 8.881674e-01 |   2.099 s | best 8.881674e-01 @69 *
epoch   70 | train 7.419144e-01 | val 8.868038e-01 |   2.094 s | best 8.868038e-01 @70 *
epoch   71 | train 7.450184e-01 | val 8.854638e-01 |   2.139 s | best 8.854638e-01 @71 *
epoch   72 | train 7.440356e-01 | val 8.841391e-01 |   2.093 s | best 8.841391e-01 @72 *
epoch   73 | train 7.425544e-01 | val 8.828314e-01 |   1.907 s | best 8.828314e-01 @73 *
epoch   74 | train 7.444567e-01 | val 8.815492e-01 |   2.092 s | best 8.815492e-01 @74 *
epoch   75 | train 7.401991e-01 | val 8.802986e-01 |   2.094 s | best 8.802986e-01 @75 *
epoch   76 | train 7.368931e-01 | val 8.790582e-01 |   2.093 s | best 8.790582e-01 @76 *
epoch   77 | train 7.361885e-01 | val 8.778207e-01 |   2.094 s | best 8.778207e-01 @77 *
epoch   78 | train 7.412375e-01 | val 8.766119e-01 |   2.096 s | best 8.766119e-01 @78 *
epoch   79 | train 7.430155e-01 | val 8.754061e-01 |   2.099 s | best 8.754061e-01 @79 *
epoch   80 | train 7.393482e-01 | val 8.742235e-01 |   2.095 s | best 8.742235e-01 @80 *
epoch   81 | train 7.408215e-01 | val 8.730816e-01 |   2.097 s | best 8.730816e-01 @81 *
epoch   82 | train 7.462678e-01 | val 8.719492e-01 |   2.111 s | best 8.719492e-01 @82 *
epoch   83 | train 7.434907e-01 | val 8.708239e-01 |   2.099 s | best 8.708239e-01 @83 *
epoch   84 | train 7.414593e-01 | val 8.697130e-01 |   2.105 s | best 8.697130e-01 @84 *
epoch   85 | train 7.402918e-01 | val 8.686283e-01 |   2.107 s | best 8.686283e-01 @85 *
epoch   86 | train 7.361874e-01 | val 8.675649e-01 |   2.100 s | best 8.675649e-01 @86 *
epoch   87 | train 7.391313e-01 | val 8.665169e-01 |   2.105 s | best 8.665169e-01 @87 *
epoch   88 | train 7.427148e-01 | val 8.654867e-01 |   2.094 s | best 8.654867e-01 @88 *
epoch   89 | train 7.380965e-01 | val 8.644881e-01 |   2.105 s | best 8.644881e-01 @89 *
epoch   90 | train 7.404059e-01 | val 8.635158e-01 |   2.095 s | best 8.635158e-01 @90 *
epoch   91 | train 7.430770e-01 | val 8.625605e-01 |   2.102 s | best 8.625605e-01 @91 *
epoch   92 | train 7.400024e-01 | val 8.616151e-01 |   2.093 s | best 8.616151e-01 @92 *
epoch   93 | train 7.423698e-01 | val 8.607004e-01 |   2.107 s | best 8.607004e-01 @93 *
epoch   94 | train 7.378025e-01 | val 8.597975e-01 |   2.096 s | best 8.597975e-01 @94 *
epoch   95 | train 7.412345e-01 | val 8.589025e-01 |   2.108 s | best 8.589025e-01 @95 *
epoch   96 | train 7.423862e-01 | val 8.580264e-01 |   2.099 s | best 8.580264e-01 @96 *
epoch   97 | train 7.396958e-01 | val 8.571665e-01 |   2.123 s | best 8.571665e-01 @97 *
epoch   98 | train 7.373625e-01 | val 8.563224e-01 |   2.110 s | best 8.563224e-01 @98 *
epoch   99 | train 7.421210e-01 | val 8.555036e-01 |   2.103 s | best 8.555036e-01 @99 *
epoch  100 | train 7.405070e-01 | val 8.546885e-01 |   2.094 s | best 8.546885e-01 @100 *
epoch  101 | train 7.359850e-01 | val 8.538824e-01 |   2.102 s | best 8.538824e-01 @101 *
epoch  102 | train 7.390790e-01 | val 8.531358e-01 |   2.004 s | best 8.531358e-01 @102 *
epoch  103 | train 7.432040e-01 | val 8.523898e-01 |   2.189 s | best 8.523898e-01 @103 *
epoch  104 | train 7.400764e-01 | val 8.516468e-01 |   2.175 s | best 8.516468e-01 @104 *
epoch  105 | train 7.358414e-01 | val 8.509051e-01 |   2.187 s | best 8.509051e-01 @105 *
epoch  106 | train 7.437823e-01 | val 8.501828e-01 |   2.191 s | best 8.501828e-01 @106 *
epoch  107 | train 7.382912e-01 | val 8.494769e-01 |   2.174 s | best 8.494769e-01 @107 *
epoch  108 | train 7.381419e-01 | val 8.487715e-01 |   2.191 s | best 8.487715e-01 @108 *
epoch  109 | train 7.410358e-01 | val 8.480667e-01 |   2.172 s | best 8.480667e-01 @109 *
epoch  110 | train 7.419631e-01 | val 8.473758e-01 |   2.190 s | best 8.473758e-01 @110 *
epoch  111 | train 7.411107e-01 | val 8.466988e-01 |   2.175 s | best 8.466988e-01 @111 *
epoch  112 | train 7.377983e-01 | val 8.460455e-01 |   2.165 s | best 8.460455e-01 @112 *
epoch  113 | train 7.342352e-01 | val 8.453871e-01 |   2.169 s | best 8.453871e-01 @113 *
epoch  114 | train 7.368195e-01 | val 8.447384e-01 |   2.179 s | best 8.447384e-01 @114 *
epoch  115 | train 7.444224e-01 | val 8.441117e-01 |   2.159 s | best 8.441117e-01 @115 *
epoch  116 | train 7.413650e-01 | val 8.434824e-01 |   2.166 s | best 8.434824e-01 @116 *
epoch  117 | train 7.399228e-01 | val 8.428610e-01 |   2.174 s | best 8.428610e-01 @117 *
epoch  118 | train 7.431861e-01 | val 8.422194e-01 |   2.091 s | best 8.422194e-01 @118 *
epoch  119 | train 7.370131e-01 | val 8.415733e-01 |   2.096 s | best 8.415733e-01 @119 *
epoch  120 | train 7.357286e-01 | val 8.409511e-01 |   2.112 s | best 8.409511e-01 @120 *
epoch  121 | train 7.344474e-01 | val 8.403333e-01 |   2.097 s | best 8.403333e-01 @121 *
epoch  122 | train 7.391680e-01 | val 8.397211e-01 |   2.106 s | best 8.397211e-01 @122 *
epoch  123 | train 7.377603e-01 | val 8.391144e-01 |   2.090 s | best 8.391144e-01 @123 *
epoch  124 | train 7.378309e-01 | val 8.385164e-01 |   2.106 s | best 8.385164e-01 @124 *
epoch  125 | train 7.405149e-01 | val 8.379189e-01 |   2.091 s | best 8.379189e-01 @125 *
epoch  126 | train 7.390605e-01 | val 8.373301e-01 |   2.103 s | best 8.373301e-01 @126 *
epoch  127 | train 7.367463e-01 | val 8.367259e-01 |   2.094 s | best 8.367259e-01 @127 *
epoch  128 | train 7.410963e-01 | val 8.361365e-01 |   2.107 s | best 8.361365e-01 @128 *
epoch  129 | train 7.366537e-01 | val 8.355551e-01 |   2.098 s | best 8.355551e-01 @129 *
epoch  130 | train 7.367299e-01 | val 8.349926e-01 |   2.105 s | best 8.349926e-01 @130 *
epoch  131 | train 7.427505e-01 | val 8.344256e-01 |   2.090 s | best 8.344256e-01 @131 *
epoch  132 | train 7.366551e-01 | val 8.338739e-01 |   2.108 s | best 8.338739e-01 @132 *
epoch  133 | train 7.363138e-01 | val 8.333071e-01 |   2.093 s | best 8.333071e-01 @133 *
epoch  134 | train 7.343111e-01 | val 8.327393e-01 |   2.109 s | best 8.327393e-01 @134 *
epoch  135 | train 7.370239e-01 | val 8.321629e-01 |   2.109 s | best 8.321629e-01 @135 *
epoch  136 | train 7.365626e-01 | val 8.315965e-01 |   2.109 s | best 8.315965e-01 @136 *
epoch  137 | train 7.405238e-01 | val 8.310449e-01 |   2.101 s | best 8.310449e-01 @137 *
epoch  138 | train 7.369682e-01 | val 8.305016e-01 |   2.106 s | best 8.305016e-01 @138 *
epoch  139 | train 7.394048e-01 | val 8.299600e-01 |   2.108 s | best 8.299600e-01 @139 *
epoch  140 | train 7.399248e-01 | val 8.294095e-01 |   2.103 s | best 8.294095e-01 @140 *
epoch  141 | train 7.378188e-01 | val 8.288548e-01 |   2.105 s | best 8.288548e-01 @141 *
epoch  142 | train 7.388514e-01 | val 8.282785e-01 |   2.101 s | best 8.282785e-01 @142 *
epoch  143 | train 7.362029e-01 | val 8.277051e-01 |   2.114 s | best 8.277051e-01 @143 *
epoch  144 | train 7.419415e-01 | val 8.271271e-01 |   2.100 s | best 8.271271e-01 @144 *
epoch  145 | train 7.328622e-01 | val 8.265670e-01 |   2.107 s | best 8.265670e-01 @145 *
epoch  146 | train 7.364927e-01 | val 8.259949e-01 |   2.088 s | best 8.259949e-01 @146 *
epoch  147 | train 7.344875e-01 | val 8.254308e-01 |   2.077 s | best 8.254308e-01 @147 *
epoch  148 | train 7.407385e-01 | val 8.248864e-01 |   2.096 s | best 8.248864e-01 @148 *
epoch  149 | train 7.366410e-01 | val 8.243153e-01 |   2.091 s | best 8.243153e-01 @149 *
epoch  150 | train 7.393611e-01 | val 8.237302e-01 |   2.086 s | best 8.237302e-01 @150 *
epoch  151 | train 7.347442e-01 | val 8.231481e-01 |   2.096 s | best 8.231481e-01 @151 *
epoch  152 | train 7.350657e-01 | val 8.225756e-01 |   2.086 s | best 8.225756e-01 @152 *
epoch  153 | train 7.353733e-01 | val 8.219899e-01 |   2.084 s | best 8.219899e-01 @153 *
epoch  154 | train 7.338870e-01 | val 8.214269e-01 |   2.069 s | best 8.214269e-01 @154 *
epoch  155 | train 7.398550e-01 | val 8.208798e-01 |   2.087 s | best 8.208798e-01 @155 *
epoch  156 | train 7.409866e-01 | val 8.203169e-01 |   2.095 s | best 8.203169e-01 @156 *
epoch  157 | train 7.380169e-01 | val 8.197573e-01 |   2.097 s | best 8.197573e-01 @157 *
epoch  158 | train 7.372876e-01 | val 8.191969e-01 |   2.099 s | best 8.191969e-01 @158 *
epoch  159 | train 7.397898e-01 | val 8.186475e-01 |   2.100 s | best 8.186475e-01 @159 *
epoch  160 | train 7.381915e-01 | val 8.180885e-01 |   2.101 s | best 8.180885e-01 @160 *
epoch  161 | train 7.381784e-01 | val 8.175285e-01 |   2.070 s | best 8.175285e-01 @161 *
epoch  162 | train 7.356269e-01 | val 8.169759e-01 |   2.075 s | best 8.169759e-01 @162 *
epoch  163 | train 7.363805e-01 | val 8.164181e-01 |   2.109 s | best 8.164181e-01 @163 *
epoch  164 | train 7.347490e-01 | val 8.158576e-01 |   2.114 s | best 8.158576e-01 @164 *
epoch  165 | train 7.311117e-01 | val 8.152847e-01 |   2.103 s | best 8.152847e-01 @165 *
epoch  166 | train 7.324848e-01 | val 8.147018e-01 |   2.098 s | best 8.147018e-01 @166 *
epoch  167 | train 7.379201e-01 | val 8.141364e-01 |   2.085 s | best 8.141364e-01 @167 *
epoch  168 | train 7.354464e-01 | val 8.135702e-01 |   2.085 s | best 8.135702e-01 @168 *
epoch  169 | train 7.332111e-01 | val 8.130112e-01 |   2.125 s | best 8.130112e-01 @169 *
epoch  170 | train 7.400325e-01 | val 8.124490e-01 |   2.161 s | best 8.124490e-01 @170 *
epoch  171 | train 7.320246e-01 | val 8.119013e-01 |   2.160 s | best 8.119013e-01 @171 *
epoch  172 | train 7.344563e-01 | val 8.113481e-01 |   2.160 s | best 8.113481e-01 @172 *
epoch  173 | train 7.420933e-01 | val 8.107901e-01 |   2.143 s | best 8.107901e-01 @173 *
epoch  174 | train 7.316336e-01 | val 8.102604e-01 |   2.166 s | best 8.102604e-01 @174 *
epoch  175 | train 7.379103e-01 | val 8.097271e-01 |   2.145 s | best 8.097271e-01 @175 *
epoch  176 | train 7.307230e-01 | val 8.091856e-01 |   2.163 s | best 8.091856e-01 @176 *
epoch  177 | train 7.362643e-01 | val 8.086463e-01 |   2.156 s | best 8.086463e-01 @177 *
epoch  178 | train 7.335357e-01 | val 8.081173e-01 |   2.167 s | best 8.081173e-01 @178 *
epoch  179 | train 7.357638e-01 | val 8.075828e-01 |   2.168 s | best 8.075828e-01 @179 *
epoch  180 | train 7.359116e-01 | val 8.070450e-01 |   2.162 s | best 8.070450e-01 @180 *
epoch  181 | train 7.347886e-01 | val 8.065203e-01 |   2.111 s | best 8.065203e-01 @181 *
epoch  182 | train 7.324434e-01 | val 8.059940e-01 |   2.104 s | best 8.059940e-01 @182 *
epoch  183 | train 7.328473e-01 | val 8.054671e-01 |   2.109 s | best 8.054671e-01 @183 *
epoch  184 | train 7.374618e-01 | val 8.049383e-01 |   2.103 s | best 8.049383e-01 @184 *
epoch  185 | train 7.406798e-01 | val 8.044186e-01 |   2.117 s | best 8.044186e-01 @185 *
epoch  186 | train 7.354910e-01 | val 8.038993e-01 |   2.104 s | best 8.038993e-01 @186 *
epoch  187 | train 7.337678e-01 | val 8.034009e-01 |   2.163 s | best 8.034009e-01 @187 *
epoch  188 | train 7.390972e-01 | val 8.028944e-01 |   2.174 s | best 8.028944e-01 @188 *
epoch  189 | train 7.422783e-01 | val 8.024104e-01 |   2.186 s | best 8.024104e-01 @189 *
epoch  190 | train 7.315789e-01 | val 8.019336e-01 |   2.186 s | best 8.019336e-01 @190 *
epoch  191 | train 7.348509e-01 | val 8.014452e-01 |   2.161 s | best 8.014452e-01 @191 *
epoch  192 | train 7.362332e-01 | val 8.009549e-01 |   2.192 s | best 8.009549e-01 @192 *
epoch  193 | train 7.320115e-01 | val 8.004403e-01 |   2.189 s | best 8.004403e-01 @193 *
epoch  194 | train 7.376994e-01 | val 7.999080e-01 |   2.221 s | best 7.999080e-01 @194 *
epoch  195 | train 7.336338e-01 | val 7.993805e-01 |   2.200 s | best 7.993805e-01 @195 *
epoch  196 | train 7.322213e-01 | val 7.988660e-01 |   2.100 s | best 7.988660e-01 @196 *
epoch  197 | train 7.292299e-01 | val 7.983879e-01 |   2.070 s | best 7.983879e-01 @197 *
epoch  198 | train 7.321060e-01 | val 7.979106e-01 |   2.035 s | best 7.979106e-01 @198 *
epoch  199 | train 7.332689e-01 | val 7.973658e-01 |   2.045 s | best 7.973658e-01 @199 *
epoch  200 | train 7.350372e-01 | val 7.968436e-01 |   2.050 s | best 7.968436e-01 @200 *
epoch  201 | train 7.319632e-01 | val 7.963312e-01 |   2.039 s | best 7.963312e-01 @201 *
epoch  202 | train 7.358759e-01 | val 7.958198e-01 |   2.041 s | best 7.958198e-01 @202 *
epoch  203 | train 7.370722e-01 | val 7.953142e-01 |   2.035 s | best 7.953142e-01 @203 *
epoch  204 | train 7.344476e-01 | val 7.948258e-01 |   2.035 s | best 7.948258e-01 @204 *
epoch  205 | train 7.348035e-01 | val 7.943302e-01 |   2.040 s | best 7.943302e-01 @205 *
epoch  206 | train 7.345758e-01 | val 7.938474e-01 |   2.046 s | best 7.938474e-01 @206 *
epoch  207 | train 7.326422e-01 | val 7.933540e-01 |   2.036 s | best 7.933540e-01 @207 *
epoch  208 | train 7.358657e-01 | val 7.928557e-01 |   2.045 s | best 7.928557e-01 @208 *
epoch  209 | train 7.364936e-01 | val 7.923546e-01 |   2.036 s | best 7.923546e-01 @209 *
epoch  210 | train 7.341402e-01 | val 7.918632e-01 |   2.039 s | best 7.918632e-01 @210 *
epoch  211 | train 7.355567e-01 | val 7.913736e-01 |   2.048 s | best 7.913736e-01 @211 *
epoch  212 | train 7.351194e-01 | val 7.908916e-01 |   2.034 s | best 7.908916e-01 @212 *
epoch  213 | train 7.366504e-01 | val 7.904109e-01 |   2.135 s | best 7.904109e-01 @213 *
epoch  214 | train 7.311358e-01 | val 7.899373e-01 |   2.095 s | best 7.899373e-01 @214 *
epoch  215 | train 7.369008e-01 | val 7.894606e-01 |   2.101 s | best 7.894606e-01 @215 *
epoch  216 | train 7.319772e-01 | val 7.889998e-01 |   2.102 s | best 7.889998e-01 @216 *
epoch  217 | train 7.300167e-01 | val 7.885345e-01 |   2.098 s | best 7.885345e-01 @217 *
epoch  218 | train 7.310992e-01 | val 7.880715e-01 |   2.099 s | best 7.880715e-01 @218 *
epoch  219 | train 7.324161e-01 | val 7.876050e-01 |   2.106 s | best 7.876050e-01 @219 *
epoch  220 | train 7.299954e-01 | val 7.871587e-01 |   2.089 s | best 7.871587e-01 @220 *
epoch  221 | train 7.321474e-01 | val 7.867065e-01 |   2.108 s | best 7.867065e-01 @221 *
epoch  222 | train 7.277987e-01 | val 7.862566e-01 |   2.087 s | best 7.862566e-01 @222 *
epoch  223 | train 7.367655e-01 | val 7.858125e-01 |   2.106 s | best 7.858125e-01 @223 *
epoch  224 | train 7.313526e-01 | val 7.853730e-01 |   2.095 s | best 7.853730e-01 @224 *
epoch  225 | train 7.377645e-01 | val 7.849485e-01 |   2.108 s | best 7.849485e-01 @225 *
epoch  226 | train 7.341158e-01 | val 7.845242e-01 |   2.097 s | best 7.845242e-01 @226 *
epoch  227 | train 7.357926e-01 | val 7.840940e-01 |   2.096 s | best 7.840940e-01 @227 *
epoch  228 | train 7.318928e-01 | val 7.836803e-01 |   2.103 s | best 7.836803e-01 @228 *
epoch  229 | train 7.307322e-01 | val 7.832636e-01 |   2.099 s | best 7.832636e-01 @229 *
epoch  230 | train 7.315800e-01 | val 7.828518e-01 |   2.097 s | best 7.828518e-01 @230 *
epoch  231 | train 7.327149e-01 | val 7.824401e-01 |   2.109 s | best 7.824401e-01 @231 *
epoch  232 | train 7.313415e-01 | val 7.820333e-01 |   2.107 s | best 7.820333e-01 @232 *
epoch  233 | train 7.332114e-01 | val 7.816272e-01 |   2.103 s | best 7.816272e-01 @233 *
epoch  234 | train 7.296889e-01 | val 7.812307e-01 |   2.104 s | best 7.812307e-01 @234 *
epoch  235 | train 7.308532e-01 | val 7.808294e-01 |   2.096 s | best 7.808294e-01 @235 *
epoch  236 | train 7.303968e-01 | val 7.804379e-01 |   2.108 s | best 7.804379e-01 @236 *
epoch  237 | train 7.329544e-01 | val 7.800447e-01 |   2.095 s | best 7.800447e-01 @237 *
epoch  238 | train 7.271740e-01 | val 7.796543e-01 |   2.159 s | best 7.796543e-01 @238 *
epoch  239 | train 7.289468e-01 | val 7.792634e-01 |   2.095 s | best 7.792634e-01 @239 *
epoch  240 | train 7.316697e-01 | val 7.788778e-01 |   2.119 s | best 7.788778e-01 @240 *
epoch  241 | train 7.317495e-01 | val 7.784853e-01 |   2.098 s | best 7.784853e-01 @241 *
epoch  242 | train 7.241016e-01 | val 7.781050e-01 |   2.114 s | best 7.781050e-01 @242 *
epoch  243 | train 7.322782e-01 | val 7.777206e-01 |   2.097 s | best 7.777206e-01 @243 *
epoch  244 | train 7.320172e-01 | val 7.773246e-01 |   2.115 s | best 7.773246e-01 @244 *
epoch  245 | train 7.327477e-01 | val 7.769504e-01 |   2.104 s | best 7.769504e-01 @245 *
epoch  246 | train 7.285499e-01 | val 7.765797e-01 |   2.099 s | best 7.765797e-01 @246 *
epoch  247 | train 7.260464e-01 | val 7.762239e-01 |   2.105 s | best 7.762239e-01 @247 *
epoch  248 | train 7.308641e-01 | val 7.758778e-01 |   2.096 s | best 7.758778e-01 @248 *
epoch  249 | train 7.323586e-01 | val 7.755265e-01 |   2.101 s | best 7.755265e-01 @249 *
epoch  250 | train 7.307538e-01 | val 7.751787e-01 |   2.102 s | best 7.751787e-01 @250 *
epoch  251 | train 7.294994e-01 | val 7.748277e-01 |   2.111 s | best 7.748277e-01 @251 *
epoch  252 | train 7.288202e-01 | val 7.744814e-01 |   2.104 s | best 7.744814e-01 @252 *
epoch  253 | train 7.269854e-01 | val 7.741333e-01 |   2.118 s | best 7.741333e-01 @253 *
epoch  254 | train 7.234124e-01 | val 7.737829e-01 |   2.100 s | best 7.737829e-01 @254 *
epoch  255 | train 7.282104e-01 | val 7.734367e-01 |   2.109 s | best 7.734367e-01 @255 *
epoch  256 | train 7.332450e-01 | val 7.731005e-01 |   2.097 s | best 7.731005e-01 @256 *
epoch  257 | train 7.316296e-01 | val 7.727697e-01 |   2.116 s | best 7.727697e-01 @257 *
epoch  258 | train 7.271863e-01 | val 7.724417e-01 |   2.098 s | best 7.724417e-01 @258 *
epoch  259 | train 7.305983e-01 | val 7.721038e-01 |   2.143 s | best 7.721038e-01 @259 *
epoch  260 | train 7.273878e-01 | val 7.717707e-01 |   2.061 s | best 7.717707e-01 @260 *
epoch  261 | train 7.266518e-01 | val 7.714354e-01 |   2.178 s | best 7.714354e-01 @261 *
epoch  262 | train 7.278143e-01 | val 7.710994e-01 |   2.168 s | best 7.710994e-01 @262 *
epoch  263 | train 7.275824e-01 | val 7.707822e-01 |   2.127 s | best 7.707822e-01 @263 *
epoch  264 | train 7.275838e-01 | val 7.704682e-01 |   2.141 s | best 7.704682e-01 @264 *
epoch  265 | train 7.235936e-01 | val 7.701473e-01 |   2.182 s | best 7.701473e-01 @265 *
epoch  266 | train 7.285733e-01 | val 7.698119e-01 |   2.139 s | best 7.698119e-01 @266 *
epoch  267 | train 7.294106e-01 | val 7.694824e-01 |   2.152 s | best 7.694824e-01 @267 *
epoch  268 | train 7.236043e-01 | val 7.691609e-01 |   2.186 s | best 7.691609e-01 @268 *
epoch  269 | train 7.270854e-01 | val 7.688494e-01 |   2.141 s | best 7.688494e-01 @269 *
epoch  270 | train 7.274794e-01 | val 7.685279e-01 |   2.142 s | best 7.685279e-01 @270 *
epoch  271 | train 7.281247e-01 | val 7.682049e-01 |   2.172 s | best 7.682049e-01 @271 *
epoch  272 | train 7.280024e-01 | val 7.678782e-01 |   2.163 s | best 7.678782e-01 @272 *
epoch  273 | train 7.272947e-01 | val 7.675537e-01 |   2.128 s | best 7.675537e-01 @273 *
epoch  274 | train 7.216820e-01 | val 7.672316e-01 |   2.165 s | best 7.672316e-01 @274 *
epoch  275 | train 7.322967e-01 | val 7.669148e-01 |   2.168 s | best 7.669148e-01 @275 *
epoch  276 | train 7.293168e-01 | val 7.665843e-01 |   2.143 s | best 7.665843e-01 @276 *
epoch  277 | train 7.265947e-01 | val 7.662519e-01 |   2.152 s | best 7.662519e-01 @277 *
epoch  278 | train 7.330886e-01 | val 7.659379e-01 |   2.180 s | best 7.659379e-01 @278 *
epoch  279 | train 7.291703e-01 | val 7.656226e-01 |   2.127 s | best 7.656226e-01 @279 *
epoch  280 | train 7.287508e-01 | val 7.653080e-01 |   2.165 s | best 7.653080e-01 @280 *
epoch  281 | train 7.300874e-01 | val 7.649904e-01 |   2.176 s | best 7.649904e-01 @281 *
epoch  282 | train 7.262946e-01 | val 7.646855e-01 |   2.146 s | best 7.646855e-01 @282 *
epoch  283 | train 7.224622e-01 | val 7.643828e-01 |   2.151 s | best 7.643828e-01 @283 *
epoch  284 | train 7.273977e-01 | val 7.640857e-01 |   2.177 s | best 7.640857e-01 @284 *
epoch  285 | train 7.241338e-01 | val 7.637894e-01 |   2.151 s | best 7.637894e-01 @285 *
epoch  286 | train 7.221827e-01 | val 7.634904e-01 |   2.130 s | best 7.634904e-01 @286 *
epoch  287 | train 7.309013e-01 | val 7.631944e-01 |   2.125 s | best 7.631944e-01 @287 *
epoch  288 | train 7.239878e-01 | val 7.629063e-01 |   2.108 s | best 7.629063e-01 @288 *
epoch  289 | train 7.253019e-01 | val 7.626240e-01 |   2.115 s | best 7.626240e-01 @289 *
epoch  290 | train 7.268811e-01 | val 7.623532e-01 |   2.137 s | best 7.623532e-01 @290 *
epoch  291 | train 7.221996e-01 | val 7.620757e-01 |   2.118 s | best 7.620757e-01 @291 *
epoch  292 | train 7.214937e-01 | val 7.617983e-01 |   2.110 s | best 7.617983e-01 @292 *
epoch  293 | train 7.221777e-01 | val 7.615180e-01 |   2.112 s | best 7.615180e-01 @293 *
epoch  294 | train 7.238993e-01 | val 7.612432e-01 |   2.108 s | best 7.612432e-01 @294 *
epoch  295 | train 7.206140e-01 | val 7.609854e-01 |   2.114 s | best 7.609854e-01 @295 *
epoch  296 | train 7.248978e-01 | val 7.607122e-01 |   2.114 s | best 7.607122e-01 @296 *
epoch  297 | train 7.288565e-01 | val 7.604458e-01 |   2.108 s | best 7.604458e-01 @297 *
epoch  298 | train 7.250591e-01 | val 7.601681e-01 |   2.113 s | best 7.601681e-01 @298 *
epoch  299 | train 7.280707e-01 | val 7.599066e-01 |   2.107 s | best 7.599066e-01 @299 *
epoch  300 | train 7.228615e-01 | val 7.596359e-01 |   2.114 s | best 7.596359e-01 @300 *
epoch  301 | train 7.232305e-01 | val 7.593713e-01 |   2.110 s | best 7.593713e-01 @301 *
epoch  302 | train 7.281085e-01 | val 7.591141e-01 |   2.111 s | best 7.591141e-01 @302 *
epoch  303 | train 7.232706e-01 | val 7.588581e-01 |   2.112 s | best 7.588581e-01 @303 *
epoch  304 | train 7.209962e-01 | val 7.586022e-01 |   2.111 s | best 7.586022e-01 @304 *
epoch  305 | train 7.237792e-01 | val 7.583525e-01 |   2.108 s | best 7.583525e-01 @305 *
epoch  306 | train 7.260008e-01 | val 7.581050e-01 |   2.111 s | best 7.581050e-01 @306 *
epoch  307 | train 7.211496e-01 | val 7.578534e-01 |   2.110 s | best 7.578534e-01 @307 *
epoch  308 | train 7.260971e-01 | val 7.576118e-01 |   2.112 s | best 7.576118e-01 @308 *
epoch  309 | train 7.225604e-01 | val 7.573836e-01 |   2.108 s | best 7.573836e-01 @309 *
epoch  310 | train 7.242067e-01 | val 7.571580e-01 |   2.115 s | best 7.571580e-01 @310 *
epoch  311 | train 7.208722e-01 | val 7.569237e-01 |   2.106 s | best 7.569237e-01 @311 *
epoch  312 | train 7.211677e-01 | val 7.566971e-01 |   2.123 s | best 7.566971e-01 @312 *
epoch  313 | train 7.239982e-01 | val 7.564660e-01 |   2.117 s | best 7.564660e-01 @313 *
epoch  314 | train 7.173914e-01 | val 7.562394e-01 |   2.105 s | best 7.562394e-01 @314 *
epoch  315 | train 7.246217e-01 | val 7.560185e-01 |   2.112 s | best 7.560185e-01 @315 *
epoch  316 | train 7.234760e-01 | val 7.557952e-01 |   2.120 s | best 7.557952e-01 @316 *
epoch  317 | train 7.214866e-01 | val 7.555751e-01 |   2.223 s | best 7.555751e-01 @317 *
epoch  318 | train 7.228728e-01 | val 7.553539e-01 |   2.179 s | best 7.553539e-01 @318 *
epoch  319 | train 7.214358e-01 | val 7.551420e-01 |   2.206 s | best 7.551420e-01 @319 *
epoch  320 | train 7.263852e-01 | val 7.549255e-01 |   1.487 s | best 7.549255e-01 @320 *
epoch  321 | train 7.241640e-01 | val 7.547078e-01 |   2.076 s | best 7.547078e-01 @321 *
epoch  322 | train 7.188408e-01 | val 7.544943e-01 |   2.062 s | best 7.544943e-01 @322 *
epoch  323 | train 7.189441e-01 | val 7.542813e-01 |   2.088 s | best 7.542813e-01 @323 *
epoch  324 | train 7.235511e-01 | val 7.540690e-01 |   2.079 s | best 7.540690e-01 @324 *
epoch  325 | train 7.167137e-01 | val 7.538622e-01 |   2.066 s | best 7.538622e-01 @325 *
epoch  326 | train 7.222008e-01 | val 7.536612e-01 |   2.049 s | best 7.536612e-01 @326 *
epoch  327 | train 7.148264e-01 | val 7.534567e-01 |   2.062 s | best 7.534567e-01 @327 *
epoch  328 | train 7.196875e-01 | val 7.532492e-01 |   2.062 s | best 7.532492e-01 @328 *
epoch  329 | train 7.170327e-01 | val 7.530506e-01 |   2.052 s | best 7.530506e-01 @329 *
epoch  330 | train 7.173235e-01 | val 7.528516e-01 |   2.060 s | best 7.528516e-01 @330 *
epoch  331 | train 7.229990e-01 | val 7.526495e-01 |   2.053 s | best 7.526495e-01 @331 *
epoch  332 | train 7.185928e-01 | val 7.524455e-01 |   2.064 s | best 7.524455e-01 @332 *
epoch  333 | train 7.186264e-01 | val 7.522450e-01 |   2.060 s | best 7.522450e-01 @333 *
epoch  334 | train 7.181951e-01 | val 7.520456e-01 |   2.065 s | best 7.520456e-01 @334 *
epoch  335 | train 7.192479e-01 | val 7.518521e-01 |   2.059 s | best 7.518521e-01 @335 *
epoch  336 | train 7.180644e-01 | val 7.516621e-01 |   2.060 s | best 7.516621e-01 @336 *
epoch  337 | train 7.225999e-01 | val 7.514714e-01 |   2.065 s | best 7.514714e-01 @337 *
epoch  338 | train 7.171822e-01 | val 7.512794e-01 |   2.094 s | best 7.512794e-01 @338 *
epoch  339 | train 7.174925e-01 | val 7.511001e-01 |   2.121 s | best 7.511001e-01 @339 *
epoch  340 | train 7.215786e-01 | val 7.509151e-01 |   2.094 s | best 7.509151e-01 @340 *
epoch  341 | train 7.210674e-01 | val 7.507296e-01 |   2.076 s | best 7.507296e-01 @341 *
epoch  342 | train 7.193033e-01 | val 7.505458e-01 |   2.077 s | best 7.505458e-01 @342 *
epoch  343 | train 7.226270e-01 | val 7.503729e-01 |   2.074 s | best 7.503729e-01 @343 *
epoch  344 | train 7.146741e-01 | val 7.501967e-01 |   2.075 s | best 7.501967e-01 @344 *
epoch  345 | train 7.131330e-01 | val 7.500224e-01 |   2.062 s | best 7.500224e-01 @345 *
epoch  346 | train 7.169444e-01 | val 7.498447e-01 |   2.051 s | best 7.498447e-01 @346 *
epoch  347 | train 7.229688e-01 | val 7.496727e-01 |   2.041 s | best 7.496727e-01 @347 *
epoch  348 | train 7.171008e-01 | val 7.495103e-01 |   2.059 s | best 7.495103e-01 @348 *
epoch  349 | train 7.174847e-01 | val 7.493415e-01 |   2.069 s | best 7.493415e-01 @349 *
epoch  350 | train 7.160730e-01 | val 7.491781e-01 |   2.074 s | best 7.491781e-01 @350 *
epoch  351 | train 7.120680e-01 | val 7.490194e-01 |   2.073 s | best 7.490194e-01 @351 *
epoch  352 | train 7.167556e-01 | val 7.488575e-01 |   2.077 s | best 7.488575e-01 @352 *
epoch  353 | train 7.168474e-01 | val 7.487011e-01 |   2.071 s | best 7.487011e-01 @353 *
epoch  354 | train 7.152905e-01 | val 7.485433e-01 |   2.081 s | best 7.485433e-01 @354 *
epoch  355 | train 7.128181e-01 | val 7.483920e-01 |   2.071 s | best 7.483920e-01 @355 *
epoch  356 | train 7.094665e-01 | val 7.482399e-01 |   2.070 s | best 7.482399e-01 @356 *
epoch  357 | train 7.153180e-01 | val 7.480925e-01 |   2.060 s | best 7.480925e-01 @357 *
epoch  358 | train 7.185602e-01 | val 7.479436e-01 |   2.047 s | best 7.479436e-01 @358 *
epoch  359 | train 7.140483e-01 | val 7.477986e-01 |   2.058 s | best 7.477986e-01 @359 *
epoch  360 | train 7.160348e-01 | val 7.476582e-01 |   2.050 s | best 7.476582e-01 @360 *
epoch  361 | train 7.116497e-01 | val 7.475139e-01 |   2.057 s | best 7.475139e-01 @361 *
epoch  362 | train 7.156334e-01 | val 7.473716e-01 |   2.127 s | best 7.473716e-01 @362 *
epoch  363 | train 7.193139e-01 | val 7.472316e-01 |   2.122 s | best 7.472316e-01 @363 *
epoch  364 | train 7.087675e-01 | val 7.470948e-01 |   2.099 s | best 7.470948e-01 @364 *
epoch  365 | train 7.124348e-01 | val 7.469568e-01 |   2.104 s | best 7.469568e-01 @365 *
epoch  366 | train 7.091257e-01 | val 7.468205e-01 |   2.101 s | best 7.468205e-01 @366 *
epoch  367 | train 7.144682e-01 | val 7.466773e-01 |   2.088 s | best 7.466773e-01 @367 *
epoch  368 | train 7.090644e-01 | val 7.465441e-01 |   2.097 s | best 7.465441e-01 @368 *
epoch  369 | train 7.118774e-01 | val 7.464040e-01 |   2.106 s | best 7.464040e-01 @369 *
epoch  370 | train 7.173300e-01 | val 7.462735e-01 |   2.100 s | best 7.462735e-01 @370 *
epoch  371 | train 7.183982e-01 | val 7.461404e-01 |   2.104 s | best 7.461404e-01 @371 *
epoch  372 | train 7.117808e-01 | val 7.460131e-01 |   2.094 s | best 7.460131e-01 @372 *
epoch  373 | train 7.080411e-01 | val 7.458785e-01 |   2.090 s | best 7.458785e-01 @373 *
epoch  374 | train 7.163478e-01 | val 7.457483e-01 |   2.096 s | best 7.457483e-01 @374 *
epoch  375 | train 7.037157e-01 | val 7.456176e-01 |   2.105 s | best 7.456176e-01 @375 *
epoch  376 | train 7.138058e-01 | val 7.454883e-01 |   2.106 s | best 7.454883e-01 @376 *
epoch  377 | train 7.135200e-01 | val 7.453641e-01 |   2.099 s | best 7.453641e-01 @377 *
epoch  378 | train 7.112097e-01 | val 7.452388e-01 |   2.100 s | best 7.452388e-01 @378 *
epoch  379 | train 7.093193e-01 | val 7.451255e-01 |   2.091 s | best 7.451255e-01 @379 *
epoch  380 | train 7.071384e-01 | val 7.450113e-01 |   2.098 s | best 7.450113e-01 @380 *
epoch  381 | train 7.059423e-01 | val 7.448936e-01 |   2.111 s | best 7.448936e-01 @381 *
epoch  382 | train 7.118360e-01 | val 7.447642e-01 |   2.103 s | best 7.447642e-01 @382 *
epoch  383 | train 7.121523e-01 | val 7.446461e-01 |   2.099 s | best 7.446461e-01 @383 *
epoch  384 | train 7.118845e-01 | val 7.445291e-01 |   2.100 s | best 7.445291e-01 @384 *
epoch  385 | train 7.108339e-01 | val 7.444124e-01 |   2.095 s | best 7.444124e-01 @385 *
epoch  386 | train 7.112592e-01 | val 7.443048e-01 |   2.102 s | best 7.443048e-01 @386 *
epoch  387 | train 7.100716e-01 | val 7.441919e-01 |   2.124 s | best 7.441919e-01 @387 *
epoch  388 | train 7.106814e-01 | val 7.440800e-01 |   2.096 s | best 7.440800e-01 @388 *
epoch  389 | train 7.089886e-01 | val 7.439711e-01 |   2.101 s | best 7.439711e-01 @389 *
epoch  390 | train 7.041097e-01 | val 7.438681e-01 |   2.106 s | best 7.438681e-01 @390 *
epoch  391 | train 7.092221e-01 | val 7.437637e-01 |   2.102 s | best 7.437637e-01 @391 *
epoch  392 | train 7.088619e-01 | val 7.436592e-01 |   2.097 s | best 7.436592e-01 @392 *
epoch  393 | train 7.084096e-01 | val 7.435575e-01 |   2.095 s | best 7.435575e-01 @393 *
epoch  394 | train 7.061345e-01 | val 7.434577e-01 |   2.091 s | best 7.434577e-01 @394 *
epoch  395 | train 7.079617e-01 | val 7.433632e-01 |   2.111 s | best 7.433632e-01 @395 *
epoch  396 | train 7.062984e-01 | val 7.432655e-01 |   2.103 s | best 7.432655e-01 @396 *
epoch  397 | train 7.051007e-01 | val 7.431771e-01 |   2.128 s | best 7.431771e-01 @397 *
epoch  398 | train 7.048255e-01 | val 7.430899e-01 |   2.144 s | best 7.430899e-01 @398 *
epoch  399 | train 7.092426e-01 | val 7.430047e-01 |   2.149 s | best 7.430047e-01 @399 *
epoch  400 | train 7.065876e-01 | val 7.429204e-01 |   2.144 s | best 7.429204e-01 @400 *
epoch  401 | train 7.066700e-01 | val 7.428328e-01 |   2.140 s | best 7.428328e-01 @401 *
epoch  402 | train 7.076671e-01 | val 7.427418e-01 |   2.135 s | best 7.427418e-01 @402 *
epoch  403 | train 7.039307e-01 | val 7.426581e-01 |   2.149 s | best 7.426581e-01 @403 *
epoch  404 | train 7.085841e-01 | val 7.425795e-01 |   2.132 s | best 7.425795e-01 @404 *
epoch  405 | train 7.105759e-01 | val 7.424994e-01 |   2.161 s | best 7.424994e-01 @405 *
epoch  406 | train 7.067628e-01 | val 7.424227e-01 |   2.141 s | best 7.424227e-01 @406 *
epoch  407 | train 7.046271e-01 | val 7.423493e-01 |   2.126 s | best 7.423493e-01 @407 *
epoch  408 | train 6.985256e-01 | val 7.422760e-01 |   2.149 s | best 7.422760e-01 @408 *
epoch  409 | train 7.068133e-01 | val 7.422033e-01 |   2.153 s | best 7.422033e-01 @409 *
epoch  410 | train 7.062562e-01 | val 7.421302e-01 |   2.174 s | best 7.421302e-01 @410 *
epoch  411 | train 7.057789e-01 | val 7.420568e-01 |   2.174 s | best 7.420568e-01 @411 *
epoch  412 | train 7.045350e-01 | val 7.419853e-01 |   2.163 s | best 7.419853e-01 @412 *
epoch  413 | train 7.019257e-01 | val 7.419214e-01 |   2.162 s | best 7.419214e-01 @413 *
epoch  414 | train 7.058527e-01 | val 7.418576e-01 |   2.173 s | best 7.418576e-01 @414 *
epoch  415 | train 7.056710e-01 | val 7.417943e-01 |   2.148 s | best 7.417943e-01 @415 *
epoch  416 | train 7.016439e-01 | val 7.417266e-01 |   2.154 s | best 7.417266e-01 @416 *
epoch  417 | train 7.006016e-01 | val 7.416646e-01 |   2.064 s | best 7.416646e-01 @417 *
epoch  418 | train 7.013012e-01 | val 7.416031e-01 |   2.060 s | best 7.416031e-01 @418 *
epoch  419 | train 6.972875e-01 | val 7.415426e-01 |   2.057 s | best 7.415426e-01 @419 *
epoch  420 | train 7.010024e-01 | val 7.414806e-01 |   2.086 s | best 7.414806e-01 @420 *
epoch  421 | train 7.005079e-01 | val 7.414175e-01 |   2.087 s | best 7.414175e-01 @421 *
epoch  422 | train 6.990496e-01 | val 7.413623e-01 |   2.086 s | best 7.413623e-01 @422 *
epoch  423 | train 6.954937e-01 | val 7.413034e-01 |   2.083 s | best 7.413034e-01 @423 *
epoch  424 | train 6.981940e-01 | val 7.412518e-01 |   2.088 s | best 7.412518e-01 @424 *
epoch  425 | train 6.993786e-01 | val 7.412065e-01 |   2.076 s | best 7.412065e-01 @425 *
epoch  426 | train 7.018650e-01 | val 7.411600e-01 |   2.074 s | best 7.411600e-01 @426 *
epoch  427 | train 7.004863e-01 | val 7.411138e-01 |   2.069 s | best 7.411138e-01 @427 *
epoch  428 | train 6.960705e-01 | val 7.410676e-01 |   2.077 s | best 7.410676e-01 @428 *
epoch  429 | train 6.993829e-01 | val 7.410229e-01 |   2.079 s | best 7.410229e-01 @429 *
epoch  430 | train 6.988564e-01 | val 7.409783e-01 |   2.087 s | best 7.409783e-01 @430 *
epoch  431 | train 6.975538e-01 | val 7.409318e-01 |   2.086 s | best 7.409318e-01 @431 *
epoch  432 | train 7.000392e-01 | val 7.408893e-01 |   2.094 s | best 7.408893e-01 @432 *
epoch  433 | train 6.954459e-01 | val 7.408511e-01 |   2.083 s | best 7.408511e-01 @433 *
epoch  434 | train 6.963624e-01 | val 7.408112e-01 |   2.087 s | best 7.408112e-01 @434 *
epoch  435 | train 6.991905e-01 | val 7.407717e-01 |   2.097 s | best 7.407717e-01 @435 *
epoch  436 | train 6.996188e-01 | val 7.407361e-01 |   2.071 s | best 7.407361e-01 @436 *
epoch  437 | train 6.931486e-01 | val 7.407044e-01 |   2.076 s | best 7.407044e-01 @437 *
epoch  438 | train 6.993928e-01 | val 7.406695e-01 |   2.082 s | best 7.406695e-01 @438 *
epoch  439 | train 6.953472e-01 | val 7.406412e-01 |   2.137 s | best 7.406412e-01 @439 *
epoch  440 | train 6.976564e-01 | val 7.406099e-01 |   2.104 s | best 7.406099e-01 @440 *
epoch  441 | train 6.965489e-01 | val 7.405804e-01 |   2.108 s | best 7.405804e-01 @441 *
epoch  442 | train 6.962553e-01 | val 7.405550e-01 |   2.082 s | best 7.405550e-01 @442 *
epoch  443 | train 6.953134e-01 | val 7.405320e-01 |   2.111 s | best 7.405320e-01 @443 *
epoch  444 | train 6.961041e-01 | val 7.405133e-01 |   2.101 s | best 7.405133e-01 @444 *
epoch  445 | train 6.952427e-01 | val 7.404960e-01 |   2.087 s | best 7.404960e-01 @445 *
epoch  446 | train 6.956716e-01 | val 7.404747e-01 |   2.100 s | best 7.404747e-01 @446 *
epoch  447 | train 6.939371e-01 | val 7.404565e-01 |   2.102 s | best 7.404565e-01 @447 *
epoch  448 | train 6.912908e-01 | val 7.404391e-01 |   2.101 s | best 7.404391e-01 @448 *
epoch  449 | train 6.950903e-01 | val 7.404267e-01 |   2.102 s | best 7.404267e-01 @449 *
epoch  450 | train 6.986234e-01 | val 7.404163e-01 |   2.110 s | best 7.404163e-01 @450 *
epoch  451 | train 6.940285e-01 | val 7.404078e-01 |   2.172 s | best 7.404078e-01 @451 *
epoch  452 | train 6.970057e-01 | val 7.404013e-01 |   2.151 s | best 7.404013e-01 @452 *
epoch  453 | train 6.927998e-01 | val 7.403973e-01 |   2.178 s | best 7.403973e-01 @453 *
epoch  454 | train 6.866953e-01 | val 7.403895e-01 |   2.121 s | best 7.403895e-01 @454 *
epoch  455 | train 6.938979e-01 | val 7.403821e-01 |   2.222 s | best 7.403821e-01 @455 *
epoch  456 | train 6.925214e-01 | val 7.403853e-01 |   2.236 s | best 7.403821e-01 @455
epoch  457 | train 6.906087e-01 | val 7.403886e-01 |   2.238 s | best 7.403821e-01 @455
epoch  458 | train 6.906106e-01 | val 7.403952e-01 |   2.234 s | best 7.403821e-01 @455
epoch  459 | train 6.914716e-01 | val 7.404038e-01 |   2.228 s | best 7.403821e-01 @455
epoch  460 | train 6.905901e-01 | val 7.404073e-01 |   1.991 s | best 7.403821e-01 @455
epoch  461 | train 6.925062e-01 | val 7.404132e-01 |   2.168 s | best 7.403821e-01 @455
epoch  462 | train 6.912598e-01 | val 7.404231e-01 |   2.223 s | best 7.403821e-01 @455
epoch  463 | train 6.911975e-01 | val 7.404275e-01 |   2.127 s | best 7.403821e-01 @455
epoch  464 | train 6.916689e-01 | val 7.404356e-01 |   2.111 s | best 7.403821e-01 @455
epoch  465 | train 6.913466e-01 | val 7.404445e-01 |   2.120 s | best 7.403821e-01 @455
epoch  466 | train 6.912834e-01 | val 7.404608e-01 |   2.109 s | best 7.403821e-01 @455
epoch  467 | train 6.900194e-01 | val 7.404790e-01 |   2.108 s | best 7.403821e-01 @455
epoch  468 | train 6.899431e-01 | val 7.404928e-01 |   2.114 s | best 7.403821e-01 @455
epoch  469 | train 6.905111e-01 | val 7.405047e-01 |   2.107 s | best 7.403821e-01 @455
epoch  470 | train 6.912506e-01 | val 7.405237e-01 |   2.116 s | best 7.403821e-01 @455
# done        : 470 epochs, stopped_by=patience, aborted=False, best val 7.403821e-01 @ epoch 455, wall 1091.0 s, 2.321 s/epoch
