
# ===== 2026-09-20 17:18:20 KST  HPO attempt 148  testbed D1 prior S  Nr=8 Nt=4
# DEVICE      : cuda | cuda_available=True | NVIDIA RTX PRO 6000 Blackwell Server Edition | torch 2.14.0+cu130 | train dtype float32 (01_RULES §9.5)
# data        : n_train=9000 n_val=1000 split_hash=98d6225d67f9c15a E||H||_F^2/(NrNt)=1.000268 (04_SPEC §2)
# sigma grid  : MEASURED, 20 points, log-uniform draw over [3.2936e-02, 7.9084e-01]
# hp          : {'arch': 'mlp', 'param': 'vp', 'domain': 'angle', 'lr': 0.0007724427095781729, 'ema': 0.999, 'batch': 128, 'emb': 128, 'width': 512, 'depth': 8}  params=4597312
# stopping    : patience 15 on val loss, never before 0 epochs, max 600 (01_RULES §5)
epoch    1 | train 8.991105e-01 | val 9.840778e-01 |   0.336 s | best 9.840778e-01 @1 *
epoch    2 | train 8.372784e-01 | val 9.735749e-01 |   0.327 s | best 9.735749e-01 @2 *
epoch    3 | train 8.259194e-01 | val 9.618976e-01 |   0.284 s | best 9.618976e-01 @3 *
epoch    4 | train 8.219575e-01 | val 9.496108e-01 |   0.344 s | best 9.496108e-01 @4 *
epoch    5 | train 8.206663e-01 | val 9.371627e-01 |   0.806 s | best 9.371627e-01 @5 *
epoch    6 | train 8.200501e-01 | val 9.247408e-01 |   0.814 s | best 9.247408e-01 @6 *
epoch    7 | train 8.202809e-01 | val 9.125524e-01 |   0.597 s | best 9.125524e-01 @7 *
epoch    8 | train 8.080136e-01 | val 9.009390e-01 |   0.286 s | best 9.009390e-01 @8 *
epoch    9 | train 8.094056e-01 | val 8.898371e-01 |   0.346 s | best 8.898371e-01 @9 *
epoch   10 | train 8.081273e-01 | val 8.794826e-01 |   0.345 s | best 8.794826e-01 @10 *
epoch   11 | train 8.139128e-01 | val 8.698525e-01 |   0.281 s | best 8.698525e-01 @11 *
epoch   12 | train 8.065423e-01 | val 8.610689e-01 |   0.280 s | best 8.610689e-01 @12 *
epoch   13 | train 8.046729e-01 | val 8.529493e-01 |   0.279 s | best 8.529493e-01 @13 *
epoch   14 | train 8.078855e-01 | val 8.456848e-01 |   0.281 s | best 8.456848e-01 @14 *
epoch   15 | train 8.034657e-01 | val 8.390520e-01 |   0.329 s | best 8.390520e-01 @15 *
epoch   16 | train 7.965878e-01 | val 8.330349e-01 |   0.350 s | best 8.330349e-01 @16 *
epoch   17 | train 7.994969e-01 | val 8.275307e-01 |   0.278 s | best 8.275307e-01 @17 *
epoch   18 | train 8.015133e-01 | val 8.225702e-01 |   0.283 s | best 8.225702e-01 @18 *
epoch   19 | train 7.998044e-01 | val 8.180293e-01 |   0.281 s | best 8.180293e-01 @19 *
epoch   20 | train 8.001384e-01 | val 8.139218e-01 |   0.282 s | best 8.139218e-01 @20 *
epoch   21 | train 8.011887e-01 | val 8.102636e-01 |   0.325 s | best 8.102636e-01 @21 *
epoch   22 | train 8.013258e-01 | val 8.069566e-01 |   0.367 s | best 8.069566e-01 @22 *
epoch   23 | train 7.952875e-01 | val 8.038684e-01 |   0.282 s | best 8.038684e-01 @23 *
epoch   24 | train 7.957418e-01 | val 8.010499e-01 |   0.279 s | best 8.010499e-01 @24 *
epoch   25 | train 7.943381e-01 | val 7.985057e-01 |   0.282 s | best 7.985057e-01 @25 *
epoch   26 | train 7.964738e-01 | val 7.961594e-01 |   0.280 s | best 7.961594e-01 @26 *
epoch   27 | train 7.994835e-01 | val 7.940385e-01 |   0.342 s | best 7.940385e-01 @27 *
epoch   28 | train 7.991291e-01 | val 7.920619e-01 |   0.353 s | best 7.920619e-01 @28 *
epoch   29 | train 7.929111e-01 | val 7.902412e-01 |   0.552 s | best 7.902412e-01 @29 *
epoch   30 | train 7.950592e-01 | val 7.885656e-01 |   0.394 s | best 7.885656e-01 @30 *
epoch   31 | train 7.969339e-01 | val 7.870840e-01 |   0.276 s | best 7.870840e-01 @31 *
epoch   32 | train 7.946223e-01 | val 7.857320e-01 |   0.336 s | best 7.857320e-01 @32 *
epoch   33 | train 7.932109e-01 | val 7.844190e-01 |   0.325 s | best 7.844190e-01 @33 *
epoch   34 | train 7.991607e-01 | val 7.832202e-01 |   0.296 s | best 7.832202e-01 @34 *
epoch   35 | train 7.951362e-01 | val 7.821303e-01 |   0.284 s | best 7.821303e-01 @35 *
epoch   36 | train 7.931622e-01 | val 7.810995e-01 |   0.283 s | best 7.810995e-01 @36 *
epoch   37 | train 7.931636e-01 | val 7.802052e-01 |   0.273 s | best 7.802052e-01 @37 *
epoch   38 | train 7.950731e-01 | val 7.793363e-01 |   0.295 s | best 7.793363e-01 @38 *
epoch   39 | train 7.954105e-01 | val 7.785168e-01 |   0.346 s | best 7.785168e-01 @39 *
epoch   40 | train 7.928932e-01 | val 7.778195e-01 |   0.314 s | best 7.778195e-01 @40 *
epoch   41 | train 7.962405e-01 | val 7.770885e-01 |   0.282 s | best 7.770885e-01 @41 *
epoch   42 | train 7.933311e-01 | val 7.764803e-01 |   0.283 s | best 7.764803e-01 @42 *
epoch   43 | train 7.917159e-01 | val 7.759419e-01 |   0.903 s | best 7.759419e-01 @43 *
epoch   44 | train 7.950585e-01 | val 7.754890e-01 |   0.821 s | best 7.754890e-01 @44 *
epoch   45 | train 7.911843e-01 | val 7.749770e-01 |   0.370 s | best 7.749770e-01 @45 *
epoch   46 | train 7.906209e-01 | val 7.745352e-01 |   0.282 s | best 7.745352e-01 @46 *
epoch   47 | train 7.873707e-01 | val 7.741150e-01 |   0.291 s | best 7.741150e-01 @47 *
epoch   48 | train 7.912577e-01 | val 7.737398e-01 |   0.360 s | best 7.737398e-01 @48 *
epoch   49 | train 7.898124e-01 | val 7.733691e-01 |   0.317 s | best 7.733691e-01 @49 *
epoch   50 | train 7.914196e-01 | val 7.730572e-01 |   0.280 s | best 7.730572e-01 @50 *
epoch   51 | train 7.896649e-01 | val 7.727287e-01 |   0.277 s | best 7.727287e-01 @51 *
epoch   52 | train 7.913156e-01 | val 7.724333e-01 |   0.283 s | best 7.724333e-01 @52 *
epoch   53 | train 7.898202e-01 | val 7.721398e-01 |   0.927 s | best 7.721398e-01 @53 *
epoch   54 | train 7.926298e-01 | val 7.719041e-01 |   0.820 s | best 7.719041e-01 @54 *
epoch   55 | train 7.942392e-01 | val 7.716289e-01 |   0.818 s | best 7.716289e-01 @55 *
epoch   56 | train 7.929196e-01 | val 7.714309e-01 |   0.847 s | best 7.714309e-01 @56 *
epoch   57 | train 7.899076e-01 | val 7.711406e-01 |   0.809 s | best 7.711406e-01 @57 *
epoch   58 | train 7.882274e-01 | val 7.708781e-01 |   0.844 s | best 7.708781e-01 @58 *
epoch   59 | train 7.879946e-01 | val 7.706825e-01 |   0.821 s | best 7.706825e-01 @59 *
epoch   60 | train 7.895181e-01 | val 7.704433e-01 |   0.813 s | best 7.704433e-01 @60 *
epoch   61 | train 7.888075e-01 | val 7.702144e-01 |   0.851 s | best 7.702144e-01 @61 *
epoch   62 | train 7.905398e-01 | val 7.699333e-01 |   0.799 s | best 7.699333e-01 @62 *
epoch   63 | train 7.882264e-01 | val 7.696664e-01 |   0.807 s | best 7.696664e-01 @63 *
epoch   64 | train 7.889628e-01 | val 7.693874e-01 |   0.838 s | best 7.693874e-01 @64 *
epoch   65 | train 7.879482e-01 | val 7.691240e-01 |   0.376 s | best 7.691240e-01 @65 *
epoch   66 | train 7.863436e-01 | val 7.688000e-01 |   0.286 s | best 7.688000e-01 @66 *
epoch   67 | train 7.822170e-01 | val 7.684433e-01 |   0.284 s | best 7.684433e-01 @67 *
epoch   68 | train 7.815523e-01 | val 7.680483e-01 |   0.324 s | best 7.680483e-01 @68 *
epoch   69 | train 7.873378e-01 | val 7.675929e-01 |   0.320 s | best 7.675929e-01 @69 *
epoch   70 | train 7.770590e-01 | val 7.670854e-01 |   0.895 s | best 7.670854e-01 @70 *
epoch   71 | train 7.831330e-01 | val 7.665514e-01 |   0.796 s | best 7.665514e-01 @71 *
epoch   72 | train 7.763104e-01 | val 7.659534e-01 |   0.838 s | best 7.659534e-01 @72 *
epoch   73 | train 7.800599e-01 | val 7.653122e-01 |   0.807 s | best 7.653122e-01 @73 *
epoch   74 | train 7.773278e-01 | val 7.647465e-01 |   0.836 s | best 7.647465e-01 @74 *
epoch   75 | train 7.708388e-01 | val 7.640989e-01 |   0.815 s | best 7.640989e-01 @75 *
epoch   76 | train 7.765553e-01 | val 7.633808e-01 |   0.376 s | best 7.633808e-01 @76 *
epoch   77 | train 7.724246e-01 | val 7.625990e-01 |   0.286 s | best 7.625990e-01 @77 *
epoch   78 | train 7.719609e-01 | val 7.618640e-01 |   0.331 s | best 7.618640e-01 @78 *
epoch   79 | train 7.764394e-01 | val 7.611619e-01 |   0.331 s | best 7.611619e-01 @79 *
epoch   80 | train 7.739355e-01 | val 7.604032e-01 |   0.302 s | best 7.604032e-01 @80 *
epoch   81 | train 7.738865e-01 | val 7.596651e-01 |   0.279 s | best 7.596651e-01 @81 *
epoch   82 | train 7.658295e-01 | val 7.588882e-01 |   0.288 s | best 7.588882e-01 @82 *
epoch   83 | train 7.706505e-01 | val 7.580672e-01 |   0.289 s | best 7.580672e-01 @83 *
epoch   84 | train 7.697831e-01 | val 7.573879e-01 |   0.323 s | best 7.573879e-01 @84 *
epoch   85 | train 7.656634e-01 | val 7.566486e-01 |   0.351 s | best 7.566486e-01 @85 *
epoch   86 | train 7.706010e-01 | val 7.559094e-01 |   0.783 s | best 7.559094e-01 @86 *
epoch   87 | train 7.656800e-01 | val 7.552090e-01 |   0.812 s | best 7.552090e-01 @87 *
epoch   88 | train 7.693396e-01 | val 7.544879e-01 |   0.851 s | best 7.544879e-01 @88 *
epoch   89 | train 7.726382e-01 | val 7.537863e-01 |   0.718 s | best 7.537863e-01 @89 *
epoch   90 | train 7.683111e-01 | val 7.531220e-01 |   0.700 s | best 7.531220e-01 @90 *
epoch   91 | train 7.666563e-01 | val 7.524906e-01 |   0.976 s | best 7.524906e-01 @91 *
epoch   92 | train 7.669111e-01 | val 7.518482e-01 |   0.834 s | best 7.518482e-01 @92 *
epoch   93 | train 7.689163e-01 | val 7.512914e-01 |   0.848 s | best 7.512914e-01 @93 *
epoch   94 | train 7.644954e-01 | val 7.507487e-01 |   0.836 s | best 7.507487e-01 @94 *
epoch   95 | train 7.647372e-01 | val 7.501945e-01 |   0.831 s | best 7.501945e-01 @95 *
epoch   96 | train 7.662360e-01 | val 7.496747e-01 |   0.832 s | best 7.496747e-01 @96 *
epoch   97 | train 7.674381e-01 | val 7.491342e-01 |   0.837 s | best 7.491342e-01 @97 *
epoch   98 | train 7.616634e-01 | val 7.486616e-01 |   0.960 s | best 7.486616e-01 @98 *
epoch   99 | train 7.639950e-01 | val 7.482350e-01 |   0.834 s | best 7.482350e-01 @99 *
epoch  100 | train 7.637028e-01 | val 7.478337e-01 |   0.845 s | best 7.478337e-01 @100 *
epoch  101 | train 7.608186e-01 | val 7.474603e-01 |   0.845 s | best 7.474603e-01 @101 *
epoch  102 | train 7.653599e-01 | val 7.471464e-01 |   0.839 s | best 7.471464e-01 @102 *
epoch  103 | train 7.632209e-01 | val 7.468594e-01 |   0.835 s | best 7.468594e-01 @103 *
epoch  104 | train 7.631583e-01 | val 7.465352e-01 |   0.832 s | best 7.465352e-01 @104 *
epoch  105 | train 7.655194e-01 | val 7.461742e-01 |   0.845 s | best 7.461742e-01 @105 *
epoch  106 | train 7.641271e-01 | val 7.458940e-01 |   0.843 s | best 7.458940e-01 @106 *
epoch  107 | train 7.605807e-01 | val 7.456216e-01 |   0.980 s | best 7.456216e-01 @107 *
epoch  108 | train 7.551267e-01 | val 7.454535e-01 |   0.967 s | best 7.454535e-01 @108 *
epoch  109 | train 7.639598e-01 | val 7.452454e-01 |   0.831 s | best 7.452454e-01 @109 *
epoch  110 | train 7.618642e-01 | val 7.450209e-01 |   0.837 s | best 7.450209e-01 @110 *
epoch  111 | train 7.579645e-01 | val 7.448128e-01 |   0.831 s | best 7.448128e-01 @111 *
epoch  112 | train 7.584697e-01 | val 7.445264e-01 |   0.832 s | best 7.445264e-01 @112 *
epoch  113 | train 7.550682e-01 | val 7.442545e-01 |   0.844 s | best 7.442545e-01 @113 *
epoch  114 | train 7.622551e-01 | val 7.440066e-01 |   0.850 s | best 7.440066e-01 @114 *
epoch  115 | train 7.631803e-01 | val 7.437965e-01 |   0.979 s | best 7.437965e-01 @115 *
epoch  116 | train 7.554974e-01 | val 7.435730e-01 |   0.825 s | best 7.435730e-01 @116 *
epoch  117 | train 7.561593e-01 | val 7.434111e-01 |   0.850 s | best 7.434111e-01 @117 *
epoch  118 | train 7.596533e-01 | val 7.432775e-01 |   0.842 s | best 7.432775e-01 @118 *
epoch  119 | train 7.587075e-01 | val 7.431645e-01 |   0.848 s | best 7.431645e-01 @119 *
epoch  120 | train 7.579200e-01 | val 7.430989e-01 |   0.852 s | best 7.430989e-01 @120 *
epoch  121 | train 7.600596e-01 | val 7.430478e-01 |   0.833 s | best 7.430478e-01 @121 *
epoch  122 | train 7.604296e-01 | val 7.430111e-01 |   0.844 s | best 7.430111e-01 @122 *
epoch  123 | train 7.603762e-01 | val 7.428687e-01 |   0.828 s | best 7.428687e-01 @123 *
epoch  124 | train 7.591029e-01 | val 7.427582e-01 |   0.852 s | best 7.427582e-01 @124 *
epoch  125 | train 7.562887e-01 | val 7.426751e-01 |   0.848 s | best 7.426751e-01 @125 *
epoch  126 | train 7.606053e-01 | val 7.426250e-01 |   0.837 s | best 7.426250e-01 @126 *
epoch  127 | train 7.616614e-01 | val 7.426342e-01 |   0.840 s | best 7.426250e-01 @126
epoch  128 | train 7.475663e-01 | val 7.425721e-01 |   0.959 s | best 7.425721e-01 @128 *
epoch  129 | train 7.572900e-01 | val 7.425681e-01 |   0.852 s | best 7.425681e-01 @129 *
epoch  130 | train 7.606467e-01 | val 7.425584e-01 |   0.950 s | best 7.425584e-01 @130 *
epoch  131 | train 7.502018e-01 | val 7.425463e-01 |   0.971 s | best 7.425463e-01 @131 *
epoch  132 | train 7.519244e-01 | val 7.425166e-01 |   0.835 s | best 7.425166e-01 @132 *
epoch  133 | train 7.525992e-01 | val 7.425402e-01 |   0.849 s | best 7.425166e-01 @132
epoch  134 | train 7.543961e-01 | val 7.425426e-01 |   0.977 s | best 7.425166e-01 @132
epoch  135 | train 7.548443e-01 | val 7.425517e-01 |   0.852 s | best 7.425166e-01 @132
epoch  136 | train 7.504633e-01 | val 7.425247e-01 |   0.855 s | best 7.425166e-01 @132
epoch  137 | train 7.532477e-01 | val 7.425254e-01 |   0.962 s | best 7.425166e-01 @132
epoch  138 | train 7.549708e-01 | val 7.425075e-01 |   0.838 s | best 7.425075e-01 @138 *
epoch  139 | train 7.523680e-01 | val 7.425112e-01 |   0.975 s | best 7.425075e-01 @138
epoch  140 | train 7.562074e-01 | val 7.425171e-01 |   0.843 s | best 7.425075e-01 @138
epoch  141 | train 7.534475e-01 | val 7.424834e-01 |   0.825 s | best 7.424834e-01 @141 *
epoch  142 | train 7.580255e-01 | val 7.425221e-01 |   0.846 s | best 7.424834e-01 @141
epoch  143 | train 7.545424e-01 | val 7.425132e-01 |   0.839 s | best 7.424834e-01 @141
epoch  144 | train 7.550410e-01 | val 7.425365e-01 |   0.971 s | best 7.424834e-01 @141
epoch  145 | train 7.524120e-01 | val 7.424865e-01 |   0.967 s | best 7.424834e-01 @141
epoch  146 | train 7.519167e-01 | val 7.425126e-01 |   0.828 s | best 7.424834e-01 @141
epoch  147 | train 7.481635e-01 | val 7.425397e-01 |   0.835 s | best 7.424834e-01 @141
epoch  148 | train 7.532793e-01 | val 7.426072e-01 |   0.839 s | best 7.424834e-01 @141
epoch  149 | train 7.521824e-01 | val 7.426552e-01 |   0.848 s | best 7.424834e-01 @141
epoch  150 | train 7.506644e-01 | val 7.426459e-01 |   0.970 s | best 7.424834e-01 @141
epoch  151 | train 7.554580e-01 | val 7.427171e-01 |   0.841 s | best 7.424834e-01 @141
epoch  152 | train 7.512074e-01 | val 7.427334e-01 |   0.855 s | best 7.424834e-01 @141
epoch  153 | train 7.516722e-01 | val 7.427592e-01 |   0.831 s | best 7.424834e-01 @141
epoch  154 | train 7.490837e-01 | val 7.427640e-01 |   0.976 s | best 7.424834e-01 @141
epoch  155 | train 7.520310e-01 | val 7.428290e-01 |   0.829 s | best 7.424834e-01 @141
epoch  156 | train 7.603548e-01 | val 7.429307e-01 |   0.842 s | best 7.424834e-01 @141
# done        : 156 epochs, stopped_by=patience, aborted=False, best val 7.424834e-01 @ epoch 141, wall 119.9 s, 0.768 s/epoch
