
# ===== 2026-09-20 18:30:46 KST  HPO attempt 214  testbed D1 prior S  Nr=8 Nt=4
# DEVICE      : cuda | cuda_available=True | NVIDIA RTX PRO 6000 Blackwell Server Edition | torch 2.14.0+cu130 | train dtype float32 (01_RULES §9.5)
# data        : n_train=9000 n_val=1000 split_hash=98d6225d67f9c15a E||H||_F^2/(NrNt)=1.000268 (04_SPEC §2)
# sigma grid  : MEASURED, 20 points, log-uniform draw over [3.2936e-02, 7.9084e-01]
# hp          : {'arch': 'adm', 'param': 'vp', 'domain': 'angle', 'lr': 0.0004579808121128549, 'ema': 0.9995, 'batch': 128, 'emb': 128, 'width': 48, 'depth': 3, 'heads': 4, 'attn_at': 8}  params=2834738
# stopping    : patience 15 on val loss, never before 0 epochs, max 600 (01_RULES §5)
epoch    1 | train 8.470513e-01 | val 9.829806e-01 |   4.270 s | best 9.829806e-01 @1 *
epoch    2 | train 7.660188e-01 | val 9.712565e-01 |   4.460 s | best 9.712565e-01 @2 *
epoch    3 | train 7.593239e-01 | val 9.594723e-01 |   4.437 s | best 9.594723e-01 @3 *
epoch    4 | train 7.522201e-01 | val 9.478908e-01 |   4.432 s | best 9.478908e-01 @4 *
epoch    5 | train 7.466933e-01 | val 9.366174e-01 |   4.399 s | best 9.366174e-01 @5 *
epoch    6 | train 7.539501e-01 | val 9.256446e-01 |   4.399 s | best 9.256446e-01 @6 *
epoch    7 | train 7.496311e-01 | val 9.149131e-01 |   4.418 s | best 9.149131e-01 @7 *
epoch    8 | train 7.489535e-01 | val 9.042907e-01 |   4.415 s | best 9.042907e-01 @8 *
epoch    9 | train 7.540518e-01 | val 8.936697e-01 |   4.421 s | best 8.936697e-01 @9 *
epoch   10 | train 7.498472e-01 | val 8.830355e-01 |   4.415 s | best 8.830355e-01 @10 *
epoch   11 | train 7.516185e-01 | val 8.725822e-01 |   4.392 s | best 8.725822e-01 @11 *
epoch   12 | train 7.493471e-01 | val 8.623946e-01 |   4.452 s | best 8.623946e-01 @12 *
epoch   13 | train 7.467100e-01 | val 8.525478e-01 |   4.434 s | best 8.525478e-01 @13 *
epoch   14 | train 7.423620e-01 | val 8.432774e-01 |   4.560 s | best 8.432774e-01 @14 *
epoch   15 | train 7.436007e-01 | val 8.346314e-01 |   4.571 s | best 8.346314e-01 @15 *
epoch   16 | train 7.437757e-01 | val 8.266419e-01 |   4.426 s | best 8.266419e-01 @16 *
epoch   17 | train 7.477603e-01 | val 8.192519e-01 |   4.396 s | best 8.192519e-01 @17 *
epoch   18 | train 7.434678e-01 | val 8.124586e-01 |   4.400 s | best 8.124586e-01 @18 *
epoch   19 | train 7.423071e-01 | val 8.061841e-01 |   4.401 s | best 8.061841e-01 @19 *
epoch   20 | train 7.457901e-01 | val 8.004792e-01 |   4.394 s | best 8.004792e-01 @20 *
epoch   21 | train 7.394688e-01 | val 7.952259e-01 |   4.421 s | best 7.952259e-01 @21 *
epoch   22 | train 7.489807e-01 | val 7.904553e-01 |   4.398 s | best 7.904553e-01 @22 *
epoch   23 | train 7.419512e-01 | val 7.860218e-01 |   4.421 s | best 7.860218e-01 @23 *
epoch   24 | train 7.395510e-01 | val 7.818780e-01 |   4.402 s | best 7.818780e-01 @24 *
epoch   25 | train 7.450673e-01 | val 7.780739e-01 |   4.390 s | best 7.780739e-01 @25 *
epoch   26 | train 7.483693e-01 | val 7.745559e-01 |   4.393 s | best 7.745559e-01 @26 *
epoch   27 | train 7.395401e-01 | val 7.712475e-01 |   4.387 s | best 7.712475e-01 @27 *
epoch   28 | train 7.438707e-01 | val 7.682409e-01 |   4.399 s | best 7.682409e-01 @28 *
epoch   29 | train 7.435645e-01 | val 7.654337e-01 |   4.430 s | best 7.654337e-01 @29 *
epoch   30 | train 7.399731e-01 | val 7.628683e-01 |   4.415 s | best 7.628683e-01 @30 *
epoch   31 | train 7.472079e-01 | val 7.604989e-01 |   4.435 s | best 7.604989e-01 @31 *
epoch   32 | train 7.403375e-01 | val 7.583169e-01 |   4.425 s | best 7.583169e-01 @32 *
epoch   33 | train 7.421217e-01 | val 7.563266e-01 |   4.402 s | best 7.563266e-01 @33 *
epoch   34 | train 7.418334e-01 | val 7.544351e-01 |   4.394 s | best 7.544351e-01 @34 *
epoch   35 | train 7.398970e-01 | val 7.526895e-01 |   4.398 s | best 7.526895e-01 @35 *
epoch   36 | train 7.478824e-01 | val 7.510309e-01 |   4.404 s | best 7.510309e-01 @36 *
epoch   37 | train 7.429713e-01 | val 7.495016e-01 |   4.413 s | best 7.495016e-01 @37 *
epoch   38 | train 7.407045e-01 | val 7.481031e-01 |   4.406 s | best 7.481031e-01 @38 *
epoch   39 | train 7.430360e-01 | val 7.468147e-01 |   4.381 s | best 7.468147e-01 @39 *
epoch   40 | train 7.393770e-01 | val 7.455838e-01 |   4.388 s | best 7.455838e-01 @40 *
epoch   41 | train 7.380741e-01 | val 7.444711e-01 |   4.384 s | best 7.444711e-01 @41 *
epoch   42 | train 7.429352e-01 | val 7.434136e-01 |   4.279 s | best 7.434136e-01 @42 *
epoch   43 | train 7.408848e-01 | val 7.424282e-01 |   4.262 s | best 7.424282e-01 @43 *
epoch   44 | train 7.453514e-01 | val 7.415164e-01 |   4.279 s | best 7.415164e-01 @44 *
epoch   45 | train 7.465433e-01 | val 7.406757e-01 |   4.273 s | best 7.406757e-01 @45 *
epoch   46 | train 7.419153e-01 | val 7.398950e-01 |   4.281 s | best 7.398950e-01 @46 *
epoch   47 | train 7.403745e-01 | val 7.391585e-01 |   4.281 s | best 7.391585e-01 @47 *
epoch   48 | train 7.429205e-01 | val 7.384887e-01 |   4.310 s | best 7.384887e-01 @48 *
epoch   49 | train 7.412486e-01 | val 7.378775e-01 |   4.282 s | best 7.378775e-01 @49 *
epoch   50 | train 7.461026e-01 | val 7.372877e-01 |   4.336 s | best 7.372877e-01 @50 *
epoch   51 | train 7.473423e-01 | val 7.367227e-01 |   4.395 s | best 7.367227e-01 @51 *
epoch   52 | train 7.402164e-01 | val 7.362166e-01 |   4.429 s | best 7.362166e-01 @52 *
epoch   53 | train 7.419735e-01 | val 7.357370e-01 |   4.397 s | best 7.357370e-01 @53 *
epoch   54 | train 7.444251e-01 | val 7.352852e-01 |   4.402 s | best 7.352852e-01 @54 *
epoch   55 | train 7.437084e-01 | val 7.348765e-01 |   4.224 s | best 7.348765e-01 @55 *
epoch   56 | train 7.375751e-01 | val 7.345026e-01 |   4.358 s | best 7.345026e-01 @56 *
epoch   57 | train 7.449857e-01 | val 7.341371e-01 |   4.395 s | best 7.341371e-01 @57 *
epoch   58 | train 7.430911e-01 | val 7.338094e-01 |   4.378 s | best 7.338094e-01 @58 *
epoch   59 | train 7.445434e-01 | val 7.334967e-01 |   4.397 s | best 7.334967e-01 @59 *
epoch   60 | train 7.426915e-01 | val 7.332064e-01 |   4.365 s | best 7.332064e-01 @60 *
epoch   61 | train 7.382157e-01 | val 7.329389e-01 |   4.360 s | best 7.329389e-01 @61 *
epoch   62 | train 7.466569e-01 | val 7.326943e-01 |   4.348 s | best 7.326943e-01 @62 *
epoch   63 | train 7.388186e-01 | val 7.324457e-01 |   4.369 s | best 7.324457e-01 @63 *
epoch   64 | train 7.417091e-01 | val 7.322236e-01 |   4.368 s | best 7.322236e-01 @64 *
epoch   65 | train 7.418183e-01 | val 7.320225e-01 |   4.383 s | best 7.320225e-01 @65 *
epoch   66 | train 7.450815e-01 | val 7.318272e-01 |   4.412 s | best 7.318272e-01 @66 *
epoch   67 | train 7.374965e-01 | val 7.316384e-01 |   4.403 s | best 7.316384e-01 @67 *
epoch   68 | train 7.421996e-01 | val 7.314601e-01 |   4.394 s | best 7.314601e-01 @68 *
epoch   69 | train 7.410588e-01 | val 7.313030e-01 |   4.395 s | best 7.313030e-01 @69 *
epoch   70 | train 7.411785e-01 | val 7.311490e-01 |   4.389 s | best 7.311490e-01 @70 *
epoch   71 | train 7.388271e-01 | val 7.310092e-01 |   4.423 s | best 7.310092e-01 @71 *
epoch   72 | train 7.436624e-01 | val 7.308692e-01 |   4.401 s | best 7.308692e-01 @72 *
epoch   73 | train 7.423268e-01 | val 7.307476e-01 |   4.430 s | best 7.307476e-01 @73 *
epoch   74 | train 7.355879e-01 | val 7.306151e-01 |   4.423 s | best 7.306151e-01 @74 *
epoch   75 | train 7.448841e-01 | val 7.305176e-01 |   4.426 s | best 7.305176e-01 @75 *
epoch   76 | train 7.402787e-01 | val 7.304268e-01 |   4.426 s | best 7.304268e-01 @76 *
epoch   77 | train 7.374193e-01 | val 7.303303e-01 |   4.394 s | best 7.303303e-01 @77 *
epoch   78 | train 7.407422e-01 | val 7.302550e-01 |   4.452 s | best 7.302550e-01 @78 *
epoch   79 | train 7.444456e-01 | val 7.301906e-01 |   4.509 s | best 7.301906e-01 @79 *
epoch   80 | train 7.414691e-01 | val 7.301434e-01 |   4.478 s | best 7.301434e-01 @80 *
epoch   81 | train 7.357482e-01 | val 7.300887e-01 |   4.491 s | best 7.300887e-01 @81 *
epoch   82 | train 7.419735e-01 | val 7.300197e-01 |   4.494 s | best 7.300197e-01 @82 *
epoch   83 | train 7.371228e-01 | val 7.299663e-01 |   4.399 s | best 7.299663e-01 @83 *
epoch   84 | train 7.374383e-01 | val 7.299272e-01 |   4.419 s | best 7.299272e-01 @84 *
epoch   85 | train 7.394703e-01 | val 7.298739e-01 |   4.396 s | best 7.298739e-01 @85 *
epoch   86 | train 7.428095e-01 | val 7.298394e-01 |   4.397 s | best 7.298394e-01 @86 *
epoch   87 | train 7.418105e-01 | val 7.298108e-01 |   4.400 s | best 7.298108e-01 @87 *
epoch   88 | train 7.434848e-01 | val 7.297906e-01 |   4.392 s | best 7.297906e-01 @88 *
epoch   89 | train 7.388352e-01 | val 7.297810e-01 |   4.433 s | best 7.297810e-01 @89 *
epoch   90 | train 7.368856e-01 | val 7.297868e-01 |   4.407 s | best 7.297810e-01 @89
epoch   91 | train 7.399496e-01 | val 7.297890e-01 |   4.455 s | best 7.297810e-01 @89
epoch   92 | train 7.369480e-01 | val 7.297794e-01 |   4.487 s | best 7.297794e-01 @92 *
epoch   93 | train 7.350971e-01 | val 7.297752e-01 |   4.484 s | best 7.297752e-01 @93 *
epoch   94 | train 7.370251e-01 | val 7.297583e-01 |   4.464 s | best 7.297583e-01 @94 *
epoch   95 | train 7.348103e-01 | val 7.297561e-01 |   4.479 s | best 7.297561e-01 @95 *
epoch   96 | train 7.411731e-01 | val 7.297595e-01 |   4.433 s | best 7.297561e-01 @95
epoch   97 | train 7.354745e-01 | val 7.297580e-01 |   4.393 s | best 7.297561e-01 @95
epoch   98 | train 7.416773e-01 | val 7.297722e-01 |   4.397 s | best 7.297561e-01 @95
epoch   99 | train 7.354696e-01 | val 7.297914e-01 |   4.367 s | best 7.297561e-01 @95
epoch  100 | train 7.399695e-01 | val 7.297952e-01 |   4.373 s | best 7.297561e-01 @95
epoch  101 | train 7.384912e-01 | val 7.298234e-01 |   4.377 s | best 7.297561e-01 @95
epoch  102 | train 7.398896e-01 | val 7.298502e-01 |   4.396 s | best 7.297561e-01 @95
epoch  103 | train 7.384800e-01 | val 7.298819e-01 |   4.398 s | best 7.297561e-01 @95
epoch  104 | train 7.356791e-01 | val 7.299185e-01 |   4.390 s | best 7.297561e-01 @95
epoch  105 | train 7.419046e-01 | val 7.299645e-01 |   4.362 s | best 7.297561e-01 @95
epoch  106 | train 7.364762e-01 | val 7.300183e-01 |   4.332 s | best 7.297561e-01 @95
epoch  107 | train 7.359057e-01 | val 7.300735e-01 |   4.421 s | best 7.297561e-01 @95
epoch  108 | train 7.380641e-01 | val 7.301344e-01 |   4.513 s | best 7.297561e-01 @95
epoch  109 | train 7.382063e-01 | val 7.301928e-01 |   4.289 s | best 7.297561e-01 @95
epoch  110 | train 7.418011e-01 | val 7.302380e-01 |   4.301 s | best 7.297561e-01 @95
# done        : 110 epochs, stopped_by=patience, aborted=False, best val 7.297561e-01 @ epoch 95, wall 498.7 s, 4.533 s/epoch
