
# ===== 2026-09-20 18:29:34 KST  HPO attempt 212  testbed D1 prior S  Nr=8 Nt=4
# DEVICE      : cuda | cuda_available=True | NVIDIA RTX PRO 6000 Blackwell Server Edition | torch 2.14.0+cu130 | train dtype float32 (01_RULES §9.5)
# data        : n_train=9000 n_val=1000 split_hash=98d6225d67f9c15a E||H||_F^2/(NrNt)=1.000268 (04_SPEC §2)
# sigma grid  : MEASURED, 20 points, log-uniform draw over [3.2936e-02, 7.9084e-01]
# hp          : {'arch': 'adm', 'param': 'vp', 'domain': 'angle', 'lr': 0.0002975046023823802, 'ema': 0.999, 'batch': 256, 'emb': 128, 'width': 64, 'depth': 3, 'heads': 4, 'attn_at': 8}  params=5023810
# stopping    : patience 15 on val loss, never before 0 epochs, max 600 (01_RULES §5)
epoch    1 | train 8.965680e-01 | val 9.859426e-01 |   2.116 s | best 9.859426e-01 @1 *
epoch    2 | train 7.975824e-01 | val 9.763498e-01 |   2.115 s | best 9.763498e-01 @2 *
epoch    3 | train 7.622928e-01 | val 9.657848e-01 |   2.125 s | best 9.657848e-01 @3 *
epoch    4 | train 7.624558e-01 | val 9.552186e-01 |   2.119 s | best 9.552186e-01 @4 *
epoch    5 | train 7.605033e-01 | val 9.448379e-01 |   2.119 s | best 9.448379e-01 @5 *
epoch    6 | train 7.592562e-01 | val 9.346513e-01 |   2.124 s | best 9.346513e-01 @6 *
epoch    7 | train 7.542421e-01 | val 9.246098e-01 |   2.120 s | best 9.246098e-01 @7 *
epoch    8 | train 7.531401e-01 | val 9.146242e-01 |   2.129 s | best 9.146242e-01 @8 *
epoch    9 | train 7.526364e-01 | val 9.046265e-01 |   2.123 s | best 9.046265e-01 @9 *
epoch   10 | train 7.525590e-01 | val 8.946294e-01 |   2.122 s | best 8.946294e-01 @10 *
epoch   11 | train 7.492922e-01 | val 8.847502e-01 |   2.121 s | best 8.847502e-01 @11 *
epoch   12 | train 7.432019e-01 | val 8.750637e-01 |   2.120 s | best 8.750637e-01 @12 *
epoch   13 | train 7.428248e-01 | val 8.656527e-01 |   2.117 s | best 8.656527e-01 @13 *
epoch   14 | train 7.492800e-01 | val 8.565623e-01 |   2.122 s | best 8.565623e-01 @14 *
epoch   15 | train 7.448751e-01 | val 8.479290e-01 |   2.141 s | best 8.479290e-01 @15 *
epoch   16 | train 7.479692e-01 | val 8.396605e-01 |   2.153 s | best 8.396605e-01 @16 *
epoch   17 | train 7.454396e-01 | val 8.318416e-01 |   2.214 s | best 8.318416e-01 @17 *
epoch   18 | train 7.495523e-01 | val 8.245478e-01 |   2.211 s | best 8.245478e-01 @18 *
epoch   19 | train 7.493071e-01 | val 8.177480e-01 |   2.215 s | best 8.177480e-01 @19 *
epoch   20 | train 7.459977e-01 | val 8.114410e-01 |   2.207 s | best 8.114410e-01 @20 *
epoch   21 | train 7.469426e-01 | val 8.055226e-01 |   2.223 s | best 8.055226e-01 @21 *
epoch   22 | train 7.464417e-01 | val 7.999532e-01 |   2.212 s | best 7.999532e-01 @22 *
epoch   23 | train 7.448184e-01 | val 7.948272e-01 |   2.203 s | best 7.948272e-01 @23 *
epoch   24 | train 7.466195e-01 | val 7.900406e-01 |   2.213 s | best 7.900406e-01 @24 *
epoch   25 | train 7.436571e-01 | val 7.855719e-01 |   2.214 s | best 7.855719e-01 @25 *
epoch   26 | train 7.421486e-01 | val 7.814236e-01 |   2.206 s | best 7.814236e-01 @26 *
epoch   27 | train 7.485945e-01 | val 7.775507e-01 |   2.207 s | best 7.775507e-01 @27 *
epoch   28 | train 7.434402e-01 | val 7.739857e-01 |   2.199 s | best 7.739857e-01 @28 *
epoch   29 | train 7.413005e-01 | val 7.706609e-01 |   2.194 s | best 7.706609e-01 @29 *
epoch   30 | train 7.419739e-01 | val 7.675813e-01 |   2.194 s | best 7.675813e-01 @30 *
epoch   31 | train 7.455216e-01 | val 7.647199e-01 |   2.157 s | best 7.647199e-01 @31 *
epoch   32 | train 7.399068e-01 | val 7.621115e-01 |   2.108 s | best 7.621115e-01 @32 *
epoch   33 | train 7.401238e-01 | val 7.596453e-01 |   2.106 s | best 7.596453e-01 @33 *
epoch   34 | train 7.470770e-01 | val 7.574160e-01 |   2.108 s | best 7.574160e-01 @34 *
epoch   35 | train 7.401569e-01 | val 7.553438e-01 |   2.162 s | best 7.553438e-01 @35 *
epoch   36 | train 7.386651e-01 | val 7.534196e-01 |   2.173 s | best 7.534196e-01 @36 *
epoch   37 | train 7.422411e-01 | val 7.516826e-01 |   2.149 s | best 7.516826e-01 @37 *
epoch   38 | train 7.415497e-01 | val 7.501090e-01 |   2.148 s | best 7.501090e-01 @38 *
epoch   39 | train 7.420787e-01 | val 7.486270e-01 |   2.096 s | best 7.486270e-01 @39 *
epoch   40 | train 7.451718e-01 | val 7.472368e-01 |   2.071 s | best 7.472368e-01 @40 *
epoch   41 | train 7.421174e-01 | val 7.459218e-01 |   2.073 s | best 7.459218e-01 @41 *
epoch   42 | train 7.468056e-01 | val 7.447134e-01 |   2.081 s | best 7.447134e-01 @42 *
epoch   43 | train 7.413564e-01 | val 7.436085e-01 |   2.083 s | best 7.436085e-01 @43 *
epoch   44 | train 7.409735e-01 | val 7.425581e-01 |   2.071 s | best 7.425581e-01 @44 *
epoch   45 | train 7.373507e-01 | val 7.415792e-01 |   2.071 s | best 7.415792e-01 @45 *
epoch   46 | train 7.449620e-01 | val 7.406850e-01 |   2.076 s | best 7.406850e-01 @46 *
epoch   47 | train 7.407266e-01 | val 7.398623e-01 |   2.065 s | best 7.398623e-01 @47 *
epoch   48 | train 7.410159e-01 | val 7.390682e-01 |   2.060 s | best 7.390682e-01 @48 *
epoch   49 | train 7.406782e-01 | val 7.383174e-01 |   2.055 s | best 7.383174e-01 @49 *
epoch   50 | train 7.424659e-01 | val 7.376597e-01 |   2.063 s | best 7.376597e-01 @50 *
epoch   51 | train 7.400506e-01 | val 7.370501e-01 |   2.064 s | best 7.370501e-01 @51 *
epoch   52 | train 7.404563e-01 | val 7.364643e-01 |   2.083 s | best 7.364643e-01 @52 *
epoch   53 | train 7.392432e-01 | val 7.359046e-01 |   2.085 s | best 7.359046e-01 @53 *
epoch   54 | train 7.457627e-01 | val 7.354056e-01 |   2.120 s | best 7.354056e-01 @54 *
epoch   55 | train 7.399928e-01 | val 7.349613e-01 |   2.123 s | best 7.349613e-01 @55 *
epoch   56 | train 7.407606e-01 | val 7.345768e-01 |   2.126 s | best 7.345768e-01 @56 *
epoch   57 | train 7.408130e-01 | val 7.341878e-01 |   2.124 s | best 7.341878e-01 @57 *
epoch   58 | train 7.378541e-01 | val 7.338359e-01 |   0.647 s | best 7.338359e-01 @58 *
epoch   59 | train 7.439930e-01 | val 7.334909e-01 |   0.671 s | best 7.334909e-01 @59 *
epoch   60 | train 7.421026e-01 | val 7.331935e-01 |   1.160 s | best 7.331935e-01 @60 *
epoch   61 | train 7.421638e-01 | val 7.329089e-01 |   2.082 s | best 7.329089e-01 @61 *
epoch   62 | train 7.409009e-01 | val 7.326507e-01 |   2.131 s | best 7.326507e-01 @62 *
epoch   63 | train 7.325105e-01 | val 7.324068e-01 |   2.252 s | best 7.324068e-01 @63 *
epoch   64 | train 7.378499e-01 | val 7.321666e-01 |   1.910 s | best 7.321666e-01 @64 *
epoch   65 | train 7.408811e-01 | val 7.319521e-01 |   2.140 s | best 7.319521e-01 @65 *
epoch   66 | train 7.411884e-01 | val 7.317403e-01 |   2.106 s | best 7.317403e-01 @66 *
epoch   67 | train 7.435472e-01 | val 7.315552e-01 |   2.108 s | best 7.315552e-01 @67 *
epoch   68 | train 7.414194e-01 | val 7.313796e-01 |   2.107 s | best 7.313796e-01 @68 *
epoch   69 | train 7.370903e-01 | val 7.312353e-01 |   2.109 s | best 7.312353e-01 @69 *
epoch   70 | train 7.336942e-01 | val 7.311108e-01 |   2.105 s | best 7.311108e-01 @70 *
epoch   71 | train 7.419044e-01 | val 7.309883e-01 |   2.105 s | best 7.309883e-01 @71 *
epoch   72 | train 7.359817e-01 | val 7.308719e-01 |   2.109 s | best 7.308719e-01 @72 *
epoch   73 | train 7.373007e-01 | val 7.307605e-01 |   2.104 s | best 7.307605e-01 @73 *
epoch   74 | train 7.383744e-01 | val 7.306598e-01 |   2.104 s | best 7.306598e-01 @74 *
epoch   75 | train 7.365874e-01 | val 7.305845e-01 |   2.107 s | best 7.305845e-01 @75 *
epoch   76 | train 7.363074e-01 | val 7.305152e-01 |   2.106 s | best 7.305152e-01 @76 *
epoch   77 | train 7.405243e-01 | val 7.304507e-01 |   2.111 s | best 7.304507e-01 @77 *
epoch   78 | train 7.336793e-01 | val 7.303891e-01 |   2.107 s | best 7.303891e-01 @78 *
epoch   79 | train 7.369938e-01 | val 7.303344e-01 |   2.118 s | best 7.303344e-01 @79 *
epoch   80 | train 7.426645e-01 | val 7.302967e-01 |   2.108 s | best 7.302967e-01 @80 *
epoch   81 | train 7.343721e-01 | val 7.302544e-01 |   2.109 s | best 7.302544e-01 @81 *
epoch   82 | train 7.329686e-01 | val 7.302322e-01 |   2.111 s | best 7.302322e-01 @82 *
epoch   83 | train 7.376093e-01 | val 7.301989e-01 |   2.109 s | best 7.301989e-01 @83 *
epoch   84 | train 7.335939e-01 | val 7.301843e-01 |   2.115 s | best 7.301843e-01 @84 *
epoch   85 | train 7.366207e-01 | val 7.301763e-01 |   2.107 s | best 7.301763e-01 @85 *
epoch   86 | train 7.384942e-01 | val 7.301745e-01 |   2.110 s | best 7.301745e-01 @86 *
epoch   87 | train 7.347246e-01 | val 7.301790e-01 |   2.107 s | best 7.301745e-01 @86
epoch   88 | train 7.382887e-01 | val 7.301868e-01 |   2.106 s | best 7.301745e-01 @86
epoch   89 | train 7.358821e-01 | val 7.301748e-01 |   2.113 s | best 7.301745e-01 @86
epoch   90 | train 7.337462e-01 | val 7.301703e-01 |   2.112 s | best 7.301703e-01 @90 *
epoch   91 | train 7.380506e-01 | val 7.301607e-01 |   2.109 s | best 7.301607e-01 @91 *
epoch   92 | train 7.348170e-01 | val 7.301646e-01 |   2.112 s | best 7.301607e-01 @91
epoch   93 | train 7.330214e-01 | val 7.301698e-01 |   2.112 s | best 7.301607e-01 @91
epoch   94 | train 7.317440e-01 | val 7.301879e-01 |   2.111 s | best 7.301607e-01 @91
epoch   95 | train 7.321817e-01 | val 7.302219e-01 |   2.109 s | best 7.301607e-01 @91
epoch   96 | train 7.299814e-01 | val 7.302560e-01 |   2.111 s | best 7.301607e-01 @91
epoch   97 | train 7.374084e-01 | val 7.302841e-01 |   2.110 s | best 7.301607e-01 @91
epoch   98 | train 7.341219e-01 | val 7.303228e-01 |   2.112 s | best 7.301607e-01 @91
epoch   99 | train 7.347371e-01 | val 7.303532e-01 |   2.109 s | best 7.301607e-01 @91
epoch  100 | train 7.326225e-01 | val 7.303903e-01 |   2.107 s | best 7.301607e-01 @91
epoch  101 | train 7.344346e-01 | val 7.304468e-01 |   2.113 s | best 7.301607e-01 @91
epoch  102 | train 7.312701e-01 | val 7.304814e-01 |   2.107 s | best 7.301607e-01 @91
epoch  103 | train 7.359378e-01 | val 7.305189e-01 |   2.111 s | best 7.301607e-01 @91
epoch  104 | train 7.309558e-01 | val 7.305629e-01 |   2.116 s | best 7.301607e-01 @91
epoch  105 | train 7.337715e-01 | val 7.306145e-01 |   2.119 s | best 7.301607e-01 @91
epoch  106 | train 7.347539e-01 | val 7.306672e-01 |   2.114 s | best 7.301607e-01 @91
# done        : 106 epochs, stopped_by=patience, aborted=False, best val 7.301607e-01 @ epoch 91, wall 240.4 s, 2.268 s/epoch
