
# ===== 2026-09-20 19:04:30 KST  HPO attempt 243  testbed D1 prior S  Nr=8 Nt=4
# DEVICE      : cuda | cuda_available=True | NVIDIA RTX PRO 6000 Blackwell Server Edition | torch 2.14.0+cu130 | train dtype float32 (01_RULES §9.5)
# data        : n_train=9000 n_val=1000 split_hash=98d6225d67f9c15a E||H||_F^2/(NrNt)=1.000268 (04_SPEC §2)
# sigma grid  : MEASURED, 20 points, log-uniform draw over [3.2936e-02, 7.9084e-01]
# hp          : {'arch': 'adm', 'param': 've', 'domain': 'angle', 'lr': 0.00025605915671072724, 'ema': 0.999, 'batch': 256, 'emb': 128, 'width': 64, 'depth': 3, 'heads': 2, 'attn_at': 8}  params=5023810
# stopping    : patience 15 on val loss, never before 0 epochs, max 600 (01_RULES §5)
epoch    1 | train 9.046761e-01 | val 9.862807e-01 |   2.111 s | best 9.862807e-01 @1 *
epoch    2 | train 8.043582e-01 | val 9.770465e-01 |   2.107 s | best 9.770465e-01 @2 *
epoch    3 | train 7.654287e-01 | val 9.666389e-01 |   2.104 s | best 9.666389e-01 @3 *
epoch    4 | train 7.606375e-01 | val 9.561526e-01 |   2.105 s | best 9.561526e-01 @4 *
epoch    5 | train 7.585255e-01 | val 9.458906e-01 |   2.102 s | best 9.458906e-01 @5 *
epoch    6 | train 7.529811e-01 | val 9.358799e-01 |   2.104 s | best 9.358799e-01 @6 *
epoch    7 | train 7.540552e-01 | val 9.260942e-01 |   2.105 s | best 9.260942e-01 @7 *
epoch    8 | train 7.500713e-01 | val 9.164255e-01 |   2.108 s | best 9.164255e-01 @8 *
epoch    9 | train 7.554455e-01 | val 9.068143e-01 |   2.105 s | best 9.068143e-01 @9 *
epoch   10 | train 7.487298e-01 | val 8.972034e-01 |   2.104 s | best 8.972034e-01 @10 *
epoch   11 | train 7.486878e-01 | val 8.875716e-01 |   2.109 s | best 8.875716e-01 @11 *
epoch   12 | train 7.481914e-01 | val 8.780599e-01 |   2.106 s | best 8.780599e-01 @12 *
epoch   13 | train 7.478042e-01 | val 8.686526e-01 |   2.105 s | best 8.686526e-01 @13 *
epoch   14 | train 7.450112e-01 | val 8.595253e-01 |   2.118 s | best 8.595253e-01 @14 *
epoch   15 | train 7.456868e-01 | val 8.507054e-01 |   2.106 s | best 8.507054e-01 @15 *
epoch   16 | train 7.469901e-01 | val 8.422428e-01 |   2.108 s | best 8.422428e-01 @16 *
epoch   17 | train 7.455737e-01 | val 8.342541e-01 |   2.103 s | best 8.342541e-01 @17 *
epoch   18 | train 7.490048e-01 | val 8.267418e-01 |   2.130 s | best 8.267418e-01 @18 *
epoch   19 | train 7.457635e-01 | val 8.196650e-01 |   2.103 s | best 8.196650e-01 @19 *
epoch   20 | train 7.388114e-01 | val 8.130121e-01 |   2.096 s | best 8.130121e-01 @20 *
epoch   21 | train 7.449962e-01 | val 8.067737e-01 |   2.101 s | best 8.067737e-01 @21 *
epoch   22 | train 7.428789e-01 | val 8.009870e-01 |   2.090 s | best 8.009870e-01 @22 *
epoch   23 | train 7.465174e-01 | val 7.956630e-01 |   2.101 s | best 7.956630e-01 @23 *
epoch   24 | train 7.443380e-01 | val 7.906279e-01 |   2.093 s | best 7.906279e-01 @24 *
epoch   25 | train 7.421636e-01 | val 7.859790e-01 |   2.101 s | best 7.859790e-01 @25 *
epoch   26 | train 7.445295e-01 | val 7.816745e-01 |   2.093 s | best 7.816745e-01 @26 *
epoch   27 | train 7.415977e-01 | val 7.776442e-01 |   2.099 s | best 7.776442e-01 @27 *
epoch   28 | train 7.379749e-01 | val 7.739217e-01 |   2.114 s | best 7.739217e-01 @28 *
epoch   29 | train 7.422541e-01 | val 7.704784e-01 |   2.098 s | best 7.704784e-01 @29 *
epoch   30 | train 7.430328e-01 | val 7.672690e-01 |   2.098 s | best 7.672690e-01 @30 *
epoch   31 | train 7.467555e-01 | val 7.643324e-01 |   2.098 s | best 7.643324e-01 @31 *
epoch   32 | train 7.418249e-01 | val 7.615717e-01 |   2.098 s | best 7.615717e-01 @32 *
epoch   33 | train 7.464832e-01 | val 7.590542e-01 |   2.094 s | best 7.590542e-01 @33 *
epoch   34 | train 7.454189e-01 | val 7.567219e-01 |   2.099 s | best 7.567219e-01 @34 *
epoch   35 | train 7.375484e-01 | val 7.545550e-01 |   2.095 s | best 7.545550e-01 @35 *
epoch   36 | train 7.432185e-01 | val 7.525504e-01 |   2.096 s | best 7.525504e-01 @36 *
epoch   37 | train 7.346430e-01 | val 7.507247e-01 |   2.094 s | best 7.507247e-01 @37 *
epoch   38 | train 7.448979e-01 | val 7.490375e-01 |   2.101 s | best 7.490375e-01 @38 *
epoch   39 | train 7.418806e-01 | val 7.475333e-01 |   2.092 s | best 7.475333e-01 @39 *
epoch   40 | train 7.428707e-01 | val 7.461329e-01 |   2.097 s | best 7.461329e-01 @40 *
epoch   41 | train 7.450765e-01 | val 7.448532e-01 |   2.109 s | best 7.448532e-01 @41 *
epoch   42 | train 7.400740e-01 | val 7.436648e-01 |   2.108 s | best 7.436648e-01 @42 *
epoch   43 | train 7.393420e-01 | val 7.425839e-01 |   2.098 s | best 7.425839e-01 @43 *
epoch   44 | train 7.372778e-01 | val 7.415761e-01 |   2.111 s | best 7.415761e-01 @44 *
epoch   45 | train 7.413169e-01 | val 7.406647e-01 |   2.103 s | best 7.406647e-01 @45 *
epoch   46 | train 7.367921e-01 | val 7.398102e-01 |   2.118 s | best 7.398102e-01 @46 *
epoch   47 | train 7.359339e-01 | val 7.390177e-01 |   2.150 s | best 7.390177e-01 @47 *
epoch   48 | train 7.354982e-01 | val 7.382781e-01 |   2.166 s | best 7.382781e-01 @48 *
epoch   49 | train 7.458523e-01 | val 7.376202e-01 |   2.156 s | best 7.376202e-01 @49 *
epoch   50 | train 7.392778e-01 | val 7.369862e-01 |   2.178 s | best 7.369862e-01 @50 *
epoch   51 | train 7.404914e-01 | val 7.363758e-01 |   2.167 s | best 7.363758e-01 @51 *
epoch   52 | train 7.361380e-01 | val 7.358306e-01 |   2.165 s | best 7.358306e-01 @52 *
epoch   53 | train 7.405943e-01 | val 7.353210e-01 |   2.169 s | best 7.353210e-01 @53 *
epoch   54 | train 7.375923e-01 | val 7.348495e-01 |   2.161 s | best 7.348495e-01 @54 *
epoch   55 | train 7.381732e-01 | val 7.343926e-01 |   2.156 s | best 7.343926e-01 @55 *
epoch   56 | train 7.390981e-01 | val 7.339869e-01 |   2.183 s | best 7.339869e-01 @56 *
epoch   57 | train 7.405889e-01 | val 7.336021e-01 |   2.194 s | best 7.336021e-01 @57 *
epoch   58 | train 7.386761e-01 | val 7.332311e-01 |   2.147 s | best 7.332311e-01 @58 *
epoch   59 | train 7.381960e-01 | val 7.329162e-01 |   2.149 s | best 7.329162e-01 @59 *
epoch   60 | train 7.379100e-01 | val 7.326584e-01 |   2.119 s | best 7.326584e-01 @60 *
epoch   61 | train 7.360378e-01 | val 7.324343e-01 |   2.106 s | best 7.324343e-01 @61 *
epoch   62 | train 7.411690e-01 | val 7.321795e-01 |   2.097 s | best 7.321795e-01 @62 *
epoch   63 | train 7.348571e-01 | val 7.319799e-01 |   2.098 s | best 7.319799e-01 @63 *
epoch   64 | train 7.369400e-01 | val 7.317670e-01 |   2.076 s | best 7.317670e-01 @64 *
epoch   65 | train 7.300788e-01 | val 7.315856e-01 |   2.105 s | best 7.315856e-01 @65 *
epoch   66 | train 7.368133e-01 | val 7.314067e-01 |   2.107 s | best 7.314067e-01 @66 *
epoch   67 | train 7.396044e-01 | val 7.312503e-01 |   2.109 s | best 7.312503e-01 @67 *
epoch   68 | train 7.394418e-01 | val 7.311049e-01 |   2.112 s | best 7.311049e-01 @68 *
epoch   69 | train 7.410704e-01 | val 7.309880e-01 |   2.103 s | best 7.309880e-01 @69 *
epoch   70 | train 7.348150e-01 | val 7.308627e-01 |   2.114 s | best 7.308627e-01 @70 *
epoch   71 | train 7.402822e-01 | val 7.307405e-01 |   2.072 s | best 7.307405e-01 @71 *
epoch   72 | train 7.402612e-01 | val 7.306408e-01 |   2.289 s | best 7.306408e-01 @72 *
epoch   73 | train 7.421369e-01 | val 7.305412e-01 |   2.311 s | best 7.305412e-01 @73 *
epoch   74 | train 7.388574e-01 | val 7.304432e-01 |   2.327 s | best 7.304432e-01 @74 *
epoch   75 | train 7.404099e-01 | val 7.303661e-01 |   2.346 s | best 7.303661e-01 @75 *
epoch   76 | train 7.430346e-01 | val 7.302872e-01 |   2.398 s | best 7.302872e-01 @76 *
epoch   77 | train 7.336310e-01 | val 7.302215e-01 |   2.407 s | best 7.302215e-01 @77 *
epoch   78 | train 7.381476e-01 | val 7.301750e-01 |   2.356 s | best 7.301750e-01 @78 *
epoch   79 | train 7.363166e-01 | val 7.301154e-01 |   2.331 s | best 7.301154e-01 @79 *
epoch   80 | train 7.348290e-01 | val 7.300606e-01 |   2.330 s | best 7.300606e-01 @80 *
epoch   81 | train 7.317251e-01 | val 7.300340e-01 |   2.355 s | best 7.300340e-01 @81 *
epoch   82 | train 7.388915e-01 | val 7.299945e-01 |   2.358 s | best 7.299945e-01 @82 *
epoch   83 | train 7.373694e-01 | val 7.299795e-01 |   2.319 s | best 7.299795e-01 @83 *
epoch   84 | train 7.410143e-01 | val 7.299781e-01 |   2.322 s | best 7.299781e-01 @84 *
epoch   85 | train 7.360438e-01 | val 7.299615e-01 |   2.360 s | best 7.299615e-01 @85 *
epoch   86 | train 7.362659e-01 | val 7.299802e-01 |   2.353 s | best 7.299615e-01 @85
epoch   87 | train 7.393918e-01 | val 7.299980e-01 |   2.328 s | best 7.299615e-01 @85
epoch   88 | train 7.417385e-01 | val 7.300320e-01 |   2.316 s | best 7.299615e-01 @85
epoch   89 | train 7.389663e-01 | val 7.300708e-01 |   2.285 s | best 7.299615e-01 @85
epoch   90 | train 7.333451e-01 | val 7.301052e-01 |   2.294 s | best 7.299615e-01 @85
epoch   91 | train 7.315799e-01 | val 7.301295e-01 |   2.285 s | best 7.299615e-01 @85
epoch   92 | train 7.358466e-01 | val 7.301463e-01 |   2.290 s | best 7.299615e-01 @85
epoch   93 | train 7.374706e-01 | val 7.301817e-01 |   2.287 s | best 7.299615e-01 @85
epoch   94 | train 7.309791e-01 | val 7.301992e-01 |   2.286 s | best 7.299615e-01 @85
epoch   95 | train 7.325663e-01 | val 7.302359e-01 |   2.287 s | best 7.299615e-01 @85
epoch   96 | train 7.362937e-01 | val 7.302718e-01 |   2.291 s | best 7.299615e-01 @85
epoch   97 | train 7.304154e-01 | val 7.303030e-01 |   2.292 s | best 7.299615e-01 @85
epoch   98 | train 7.335415e-01 | val 7.303286e-01 |   2.295 s | best 7.299615e-01 @85
epoch   99 | train 7.379368e-01 | val 7.303710e-01 |   2.299 s | best 7.299615e-01 @85
epoch  100 | train 7.320833e-01 | val 7.304236e-01 |   2.297 s | best 7.299615e-01 @85
# done        : 100 epochs, stopped_by=patience, aborted=False, best val 7.299615e-01 @ epoch 85, wall 237.1 s, 2.371 s/epoch
