
# ===== 2026-09-20 19:55:58 KST  HPO attempt 291  testbed D1 prior S  Nr=8 Nt=4
# DEVICE      : cuda | cuda_available=True | NVIDIA RTX PRO 6000 Blackwell Server Edition | torch 2.14.0+cu130 | train dtype float32 (01_RULES §9.5)
# data        : n_train=9000 n_val=1000 split_hash=98d6225d67f9c15a E||H||_F^2/(NrNt)=1.000268 (04_SPEC §2)
# sigma grid  : MEASURED, 20 points, log-uniform draw over [3.2936e-02, 7.9084e-01]
# hp          : {'arch': 'adm', 'param': 'vp', 'domain': 'angle', 'lr': 0.00035966269673405723, 'ema': 0.999, 'batch': 128, 'emb': 256, 'width': 64, 'depth': 3, 'heads': 4, 'attn_at': 8}  params=5056578
# stopping    : patience 15 on val loss, never before 0 epochs, max 600 (01_RULES §5)
epoch    1 | train 8.490004e-01 | val 9.748132e-01 |   3.933 s | best 9.748132e-01 @1 *
epoch    2 | train 7.681034e-01 | val 9.526617e-01 |   4.165 s | best 9.526617e-01 @2 *
epoch    3 | train 7.605615e-01 | val 9.315056e-01 |   4.163 s | best 9.315056e-01 @3 *
epoch    4 | train 7.554494e-01 | val 9.114529e-01 |   4.162 s | best 9.114529e-01 @4 *
epoch    5 | train 7.505377e-01 | val 8.919787e-01 |   4.165 s | best 8.919787e-01 @5 *
epoch    6 | train 7.540396e-01 | val 8.731377e-01 |   4.163 s | best 8.731377e-01 @6 *
epoch    7 | train 7.499104e-01 | val 8.554986e-01 |   4.175 s | best 8.554986e-01 @7 *
epoch    8 | train 7.536064e-01 | val 8.394182e-01 |   4.160 s | best 8.394182e-01 @8 *
epoch    9 | train 7.487872e-01 | val 8.249779e-01 |   4.168 s | best 8.249779e-01 @9 *
epoch   10 | train 7.487562e-01 | val 8.120688e-01 |   4.168 s | best 8.120688e-01 @10 *
epoch   11 | train 7.449685e-01 | val 8.006976e-01 |   4.164 s | best 8.006976e-01 @11 *
epoch   12 | train 7.495279e-01 | val 7.907060e-01 |   4.167 s | best 7.907060e-01 @12 *
epoch   13 | train 7.480340e-01 | val 7.820115e-01 |   4.162 s | best 7.820115e-01 @13 *
epoch   14 | train 7.479836e-01 | val 7.744590e-01 |   4.173 s | best 7.744590e-01 @14 *
epoch   15 | train 7.460660e-01 | val 7.679673e-01 |   4.194 s | best 7.679673e-01 @15 *
epoch   16 | train 7.409024e-01 | val 7.623253e-01 |   4.164 s | best 7.623253e-01 @16 *
epoch   17 | train 7.408370e-01 | val 7.576620e-01 |   4.167 s | best 7.576620e-01 @17 *
epoch   18 | train 7.465365e-01 | val 7.535843e-01 |   4.171 s | best 7.535843e-01 @18 *
epoch   19 | train 7.426615e-01 | val 7.500713e-01 |   4.166 s | best 7.500713e-01 @19 *
epoch   20 | train 7.452497e-01 | val 7.470493e-01 |   4.162 s | best 7.470493e-01 @20 *
epoch   21 | train 7.417166e-01 | val 7.444993e-01 |   4.170 s | best 7.444993e-01 @21 *
epoch   22 | train 7.412462e-01 | val 7.422387e-01 |   4.162 s | best 7.422387e-01 @22 *
epoch   23 | train 7.416120e-01 | val 7.402974e-01 |   4.166 s | best 7.402974e-01 @23 *
epoch   24 | train 7.410972e-01 | val 7.386746e-01 |   4.157 s | best 7.386746e-01 @24 *
epoch   25 | train 7.404984e-01 | val 7.373583e-01 |   4.165 s | best 7.373583e-01 @25 *
epoch   26 | train 7.398054e-01 | val 7.361830e-01 |   4.166 s | best 7.361830e-01 @26 *
epoch   27 | train 7.472374e-01 | val 7.351933e-01 |   4.171 s | best 7.351933e-01 @27 *
epoch   28 | train 7.406999e-01 | val 7.343270e-01 |   4.182 s | best 7.343270e-01 @28 *
epoch   29 | train 7.465121e-01 | val 7.335696e-01 |   4.171 s | best 7.335696e-01 @29 *
epoch   30 | train 7.444514e-01 | val 7.329339e-01 |   4.167 s | best 7.329339e-01 @30 *
epoch   31 | train 7.452704e-01 | val 7.324119e-01 |   4.171 s | best 7.324119e-01 @31 *
epoch   32 | train 7.444829e-01 | val 7.319599e-01 |   4.173 s | best 7.319599e-01 @32 *
epoch   33 | train 7.474184e-01 | val 7.316133e-01 |   4.160 s | best 7.316133e-01 @33 *
epoch   34 | train 7.441129e-01 | val 7.312838e-01 |   4.172 s | best 7.312838e-01 @34 *
epoch   35 | train 7.420426e-01 | val 7.309803e-01 |   4.168 s | best 7.309803e-01 @35 *
epoch   36 | train 7.420294e-01 | val 7.307024e-01 |   4.181 s | best 7.307024e-01 @36 *
epoch   37 | train 7.433483e-01 | val 7.304754e-01 |   4.171 s | best 7.304754e-01 @37 *
epoch   38 | train 7.405068e-01 | val 7.302866e-01 |   4.173 s | best 7.302866e-01 @38 *
epoch   39 | train 7.451038e-01 | val 7.301080e-01 |   4.160 s | best 7.301080e-01 @39 *
epoch   40 | train 7.457537e-01 | val 7.299876e-01 |   4.168 s | best 7.299876e-01 @40 *
epoch   41 | train 7.415350e-01 | val 7.298750e-01 |   4.188 s | best 7.298750e-01 @41 *
epoch   42 | train 7.437818e-01 | val 7.297615e-01 |   4.170 s | best 7.297615e-01 @42 *
epoch   43 | train 7.417890e-01 | val 7.296284e-01 |   4.171 s | best 7.296284e-01 @43 *
epoch   44 | train 7.367178e-01 | val 7.295202e-01 |   4.170 s | best 7.295202e-01 @44 *
epoch   45 | train 7.435595e-01 | val 7.294059e-01 |   4.174 s | best 7.294059e-01 @45 *
epoch   46 | train 7.392243e-01 | val 7.293132e-01 |   4.164 s | best 7.293132e-01 @46 *
epoch   47 | train 7.406692e-01 | val 7.292500e-01 |   4.370 s | best 7.292500e-01 @47 *
epoch   48 | train 7.452076e-01 | val 7.292078e-01 |   4.324 s | best 7.292078e-01 @48 *
epoch   49 | train 7.338957e-01 | val 7.291598e-01 |   4.363 s | best 7.291598e-01 @49 *
epoch   50 | train 7.415464e-01 | val 7.291332e-01 |   4.336 s | best 7.291332e-01 @50 *
epoch   51 | train 7.405363e-01 | val 7.291128e-01 |   4.201 s | best 7.291128e-01 @51 *
epoch   52 | train 7.371236e-01 | val 7.290901e-01 |   4.152 s | best 7.290901e-01 @52 *
epoch   53 | train 7.420775e-01 | val 7.290629e-01 |   4.247 s | best 7.290629e-01 @53 *
epoch   54 | train 7.435758e-01 | val 7.290452e-01 |   4.316 s | best 7.290452e-01 @54 *
epoch   55 | train 7.374802e-01 | val 7.290175e-01 |   4.299 s | best 7.290175e-01 @55 *
epoch   56 | train 7.363076e-01 | val 7.289964e-01 |   4.287 s | best 7.289964e-01 @56 *
epoch   57 | train 7.367054e-01 | val 7.290056e-01 |   4.279 s | best 7.289964e-01 @56
epoch   58 | train 7.440751e-01 | val 7.289876e-01 |   4.285 s | best 7.289876e-01 @58 *
epoch   59 | train 7.386343e-01 | val 7.289921e-01 |   4.275 s | best 7.289876e-01 @58
epoch   60 | train 7.435135e-01 | val 7.290115e-01 |   4.271 s | best 7.289876e-01 @58
epoch   61 | train 7.402792e-01 | val 7.290208e-01 |   4.146 s | best 7.289876e-01 @58
epoch   62 | train 7.370433e-01 | val 7.290466e-01 |   4.146 s | best 7.289876e-01 @58
epoch   63 | train 7.370903e-01 | val 7.290547e-01 |   4.147 s | best 7.289876e-01 @58
epoch   64 | train 7.399123e-01 | val 7.290500e-01 |   4.148 s | best 7.289876e-01 @58
epoch   65 | train 7.380185e-01 | val 7.290718e-01 |   4.137 s | best 7.289876e-01 @58
epoch   66 | train 7.344936e-01 | val 7.291070e-01 |   4.145 s | best 7.289876e-01 @58
epoch   67 | train 7.458050e-01 | val 7.291312e-01 |   4.009 s | best 7.289876e-01 @58
epoch   68 | train 7.375265e-01 | val 7.291861e-01 |   4.098 s | best 7.289876e-01 @58
epoch   69 | train 7.376787e-01 | val 7.292140e-01 |   4.071 s | best 7.289876e-01 @58
epoch   70 | train 7.381919e-01 | val 7.292513e-01 |   4.065 s | best 7.289876e-01 @58
epoch   71 | train 7.380803e-01 | val 7.292628e-01 |   4.042 s | best 7.289876e-01 @58
epoch   72 | train 7.432680e-01 | val 7.292809e-01 |   4.079 s | best 7.289876e-01 @58
epoch   73 | train 7.415169e-01 | val 7.293069e-01 |   4.077 s | best 7.289876e-01 @58
# done        : 73 epochs, stopped_by=patience, aborted=False, best val 7.289876e-01 @ epoch 58, wall 319.7 s, 4.379 s/epoch
