
# ===== 2026-09-20 19:25:01 KST  HPO attempt 259  testbed D1 prior S  Nr=8 Nt=4
# DEVICE      : cuda | cuda_available=True | NVIDIA RTX PRO 6000 Blackwell Server Edition | torch 2.14.0+cu130 | train dtype float32 (01_RULES §9.5)
# data        : n_train=9000 n_val=1000 split_hash=98d6225d67f9c15a E||H||_F^2/(NrNt)=1.000268 (04_SPEC §2)
# sigma grid  : MEASURED, 20 points, log-uniform draw over [3.2936e-02, 7.9084e-01]
# hp          : {'arch': 'adm', 'param': 'edm', 'domain': 'angle', 'lr': 0.0002868831774352028, 'ema': 0.999, 'batch': 128, 'emb': 64, 'width': 64, 'depth': 3, 'heads': 2, 'attn_at': 8}  params=5007426
# stopping    : patience 15 on val loss, never before 0 epochs, max 600 (01_RULES §5)
epoch    1 | train 9.526932e-01 | val 9.904194e-01 |   3.890 s | best 9.904194e-01 @1 *
epoch    2 | train 8.670071e-01 | val 9.899595e-01 |   4.204 s | best 9.899595e-01 @2 *
epoch    3 | train 8.553568e-01 | val 9.892080e-01 |   4.493 s | best 9.892080e-01 @3 *
epoch    4 | train 8.515700e-01 | val 9.873232e-01 |   4.426 s | best 9.873232e-01 @4 *
epoch    5 | train 8.454410e-01 | val 9.831302e-01 |   4.502 s | best 9.831302e-01 @5 *
epoch    6 | train 8.419280e-01 | val 9.755034e-01 |   4.478 s | best 9.755034e-01 @6 *
epoch    7 | train 8.417481e-01 | val 9.642103e-01 |   4.475 s | best 9.642103e-01 @7 *
epoch    8 | train 8.419796e-01 | val 9.503455e-01 |   4.509 s | best 9.503455e-01 @8 *
epoch    9 | train 8.402699e-01 | val 9.357686e-01 |   4.491 s | best 9.357686e-01 @9 *
epoch   10 | train 8.382017e-01 | val 9.215619e-01 |   4.489 s | best 9.215619e-01 @10 *
epoch   11 | train 8.403229e-01 | val 9.087624e-01 |   4.491 s | best 9.087624e-01 @11 *
epoch   12 | train 8.373852e-01 | val 8.970774e-01 |   4.494 s | best 8.970774e-01 @12 *
epoch   13 | train 8.375341e-01 | val 8.868566e-01 |   4.490 s | best 8.868566e-01 @13 *
epoch   14 | train 8.321582e-01 | val 8.778887e-01 |   4.496 s | best 8.778887e-01 @14 *
epoch   15 | train 8.400641e-01 | val 8.699341e-01 |   4.491 s | best 8.699341e-01 @15 *
epoch   16 | train 8.359728e-01 | val 8.629472e-01 |   4.516 s | best 8.629472e-01 @16 *
epoch   17 | train 8.338677e-01 | val 8.569451e-01 |   4.532 s | best 8.569451e-01 @17 *
epoch   18 | train 8.354893e-01 | val 8.517805e-01 |   4.500 s | best 8.517805e-01 @18 *
epoch   19 | train 8.318036e-01 | val 8.473663e-01 |   4.515 s | best 8.473663e-01 @19 *
epoch   20 | train 8.291951e-01 | val 8.436895e-01 |   4.475 s | best 8.436895e-01 @20 *
epoch   21 | train 8.355630e-01 | val 8.404279e-01 |   4.487 s | best 8.404279e-01 @21 *
epoch   22 | train 8.377809e-01 | val 8.376717e-01 |   4.346 s | best 8.376717e-01 @22 *
epoch   23 | train 8.355572e-01 | val 8.353201e-01 |   4.333 s | best 8.353201e-01 @23 *
epoch   24 | train 8.326185e-01 | val 8.333331e-01 |   4.110 s | best 8.333331e-01 @24 *
epoch   25 | train 8.320862e-01 | val 8.316389e-01 |   2.511 s | best 8.316389e-01 @25 *
epoch   26 | train 8.365593e-01 | val 8.301670e-01 |   3.406 s | best 8.301670e-01 @26 *
epoch   27 | train 8.331893e-01 | val 8.288964e-01 |   4.389 s | best 8.288964e-01 @27 *
epoch   28 | train 8.267752e-01 | val 8.278294e-01 |   4.388 s | best 8.278294e-01 @28 *
epoch   29 | train 8.342555e-01 | val 8.268676e-01 |   4.396 s | best 8.268676e-01 @29 *
epoch   30 | train 8.341939e-01 | val 8.260168e-01 |   4.420 s | best 8.260168e-01 @30 *
epoch   31 | train 8.345943e-01 | val 8.253503e-01 |   4.487 s | best 8.253503e-01 @31 *
epoch   32 | train 8.299950e-01 | val 8.247637e-01 |   4.527 s | best 8.247637e-01 @32 *
epoch   33 | train 8.354882e-01 | val 8.242841e-01 |   4.491 s | best 8.242841e-01 @33 *
epoch   34 | train 8.316796e-01 | val 8.238716e-01 |   4.494 s | best 8.238716e-01 @34 *
epoch   35 | train 8.294843e-01 | val 8.234974e-01 |   4.456 s | best 8.234974e-01 @35 *
epoch   36 | train 8.316037e-01 | val 8.231930e-01 |   4.436 s | best 8.231930e-01 @36 *
epoch   37 | train 8.297935e-01 | val 8.229228e-01 |   4.042 s | best 8.229228e-01 @37 *
epoch   38 | train 8.347528e-01 | val 8.227481e-01 |   4.588 s | best 8.227481e-01 @38 *
epoch   39 | train 8.330003e-01 | val 8.225453e-01 |   4.332 s | best 8.225453e-01 @39 *
epoch   40 | train 8.328740e-01 | val 8.223577e-01 |   4.466 s | best 8.223577e-01 @40 *
epoch   41 | train 8.307011e-01 | val 8.221592e-01 |   4.516 s | best 8.221592e-01 @41 *
epoch   42 | train 8.310287e-01 | val 8.220045e-01 |   4.482 s | best 8.220045e-01 @42 *
epoch   43 | train 8.300684e-01 | val 8.218991e-01 |   4.464 s | best 8.218991e-01 @43 *
epoch   44 | train 8.336048e-01 | val 8.217714e-01 |   4.447 s | best 8.217714e-01 @44 *
epoch   45 | train 8.329428e-01 | val 8.216841e-01 |   4.445 s | best 8.216841e-01 @45 *
epoch   46 | train 8.316632e-01 | val 8.216332e-01 |   4.482 s | best 8.216332e-01 @46 *
epoch   47 | train 8.301731e-01 | val 8.215494e-01 |   4.487 s | best 8.215494e-01 @47 *
epoch   48 | train 8.320684e-01 | val 8.215015e-01 |   4.544 s | best 8.215015e-01 @48 *
epoch   49 | train 8.302152e-01 | val 8.214418e-01 |   4.495 s | best 8.214418e-01 @49 *
epoch   50 | train 8.292490e-01 | val 8.214371e-01 |   4.540 s | best 8.214371e-01 @50 *
epoch   51 | train 8.299249e-01 | val 8.214452e-01 |   4.542 s | best 8.214371e-01 @50
epoch   52 | train 8.288019e-01 | val 8.214350e-01 |   4.458 s | best 8.214350e-01 @52 *
epoch   53 | train 8.286535e-01 | val 8.213969e-01 |   4.456 s | best 8.213969e-01 @53 *
epoch   54 | train 8.347590e-01 | val 8.213442e-01 |   4.454 s | best 8.213442e-01 @54 *
epoch   55 | train 8.308165e-01 | val 8.213052e-01 |   4.452 s | best 8.213052e-01 @55 *
epoch   56 | train 8.288979e-01 | val 8.212774e-01 |   4.451 s | best 8.212774e-01 @56 *
epoch   57 | train 8.284808e-01 | val 8.212764e-01 |   4.450 s | best 8.212764e-01 @57 *
epoch   58 | train 8.300410e-01 | val 8.212563e-01 |   4.471 s | best 8.212563e-01 @58 *
epoch   59 | train 8.331184e-01 | val 8.212317e-01 |   4.453 s | best 8.212317e-01 @59 *
epoch   60 | train 8.326622e-01 | val 8.211632e-01 |   4.469 s | best 8.211632e-01 @60 *
epoch   61 | train 8.265257e-01 | val 8.211297e-01 |   4.451 s | best 8.211297e-01 @61 *
epoch   62 | train 8.274519e-01 | val 8.211042e-01 |   4.446 s | best 8.211042e-01 @62 *
epoch   63 | train 8.269764e-01 | val 8.210974e-01 |   4.455 s | best 8.210974e-01 @63 *
epoch   64 | train 8.322283e-01 | val 8.211145e-01 |   4.486 s | best 8.210974e-01 @63
epoch   65 | train 8.303445e-01 | val 8.211135e-01 |   4.458 s | best 8.210974e-01 @63
epoch   66 | train 8.233714e-01 | val 8.210979e-01 |   4.459 s | best 8.210974e-01 @63
epoch   67 | train 8.290149e-01 | val 8.211149e-01 |   4.451 s | best 8.210974e-01 @63
epoch   68 | train 8.286865e-01 | val 8.211699e-01 |   4.445 s | best 8.210974e-01 @63
epoch   69 | train 8.275110e-01 | val 8.212277e-01 |   4.434 s | best 8.210974e-01 @63
epoch   70 | train 8.298363e-01 | val 8.212208e-01 |   4.475 s | best 8.210974e-01 @63
epoch   71 | train 8.274763e-01 | val 8.211836e-01 |   4.457 s | best 8.210974e-01 @63
epoch   72 | train 8.261455e-01 | val 8.211656e-01 |   4.473 s | best 8.210974e-01 @63
epoch   73 | train 8.275834e-01 | val 8.211857e-01 |   4.472 s | best 8.210974e-01 @63
epoch   74 | train 8.270301e-01 | val 8.211855e-01 |   4.489 s | best 8.210974e-01 @63
epoch   75 | train 8.299456e-01 | val 8.211790e-01 |   4.512 s | best 8.210974e-01 @63
epoch   76 | train 8.288882e-01 | val 8.211969e-01 |   4.477 s | best 8.210974e-01 @63
epoch   77 | train 8.250248e-01 | val 8.212315e-01 |   4.476 s | best 8.210974e-01 @63
epoch   78 | train 8.311449e-01 | val 8.212456e-01 |   4.473 s | best 8.210974e-01 @63
# done        : 78 epochs, stopped_by=patience, aborted=False, best val 8.210974e-01 @ epoch 63, wall 358.8 s, 4.600 s/epoch
