
# ===== 2026-09-20 19:27:17 KST  HPO attempt 263  testbed D1 prior S  Nr=8 Nt=4
# DEVICE      : cuda | cuda_available=True | NVIDIA RTX PRO 6000 Blackwell Server Edition | torch 2.14.0+cu130 | train dtype float32 (01_RULES §9.5)
# data        : n_train=9000 n_val=1000 split_hash=98d6225d67f9c15a E||H||_F^2/(NrNt)=1.000268 (04_SPEC §2)
# sigma grid  : MEASURED, 20 points, log-uniform draw over [3.2936e-02, 7.9084e-01]
# hp          : {'arch': 'unet', 'param': 'edm', 'domain': 'angle', 'lr': 0.0003238671120511466, 'ema': 0.999, 'batch': 128, 'emb': 256, 'width': 48, 'depth': 3}  params=2390930
# stopping    : patience 15 on val loss, never before 0 epochs, max 600 (01_RULES §5)
epoch    1 | train 9.638658e-01 | val 9.903290e-01 |   3.018 s | best 9.903290e-01 @1 *
epoch    2 | train 8.837318e-01 | val 9.883026e-01 |   3.212 s | best 9.883026e-01 @2 *
epoch    3 | train 8.582494e-01 | val 9.835738e-01 |   3.223 s | best 9.835738e-01 @3 *
epoch    4 | train 8.539692e-01 | val 9.759007e-01 |   3.211 s | best 9.759007e-01 @4 *
epoch    5 | train 8.489266e-01 | val 9.656153e-01 |   3.202 s | best 9.656153e-01 @5 *
epoch    6 | train 8.469583e-01 | val 9.535887e-01 |   3.092 s | best 9.535887e-01 @6 *
epoch    7 | train 8.456432e-01 | val 9.406858e-01 |   3.178 s | best 9.406858e-01 @7 *
epoch    8 | train 8.439584e-01 | val 9.276660e-01 |   3.176 s | best 9.276660e-01 @8 *
epoch    9 | train 8.405894e-01 | val 9.151316e-01 |   3.184 s | best 9.151316e-01 @9 *
epoch   10 | train 8.424159e-01 | val 9.035265e-01 |   3.172 s | best 9.035265e-01 @10 *
epoch   11 | train 8.415765e-01 | val 8.929787e-01 |   3.275 s | best 8.929787e-01 @11 *
epoch   12 | train 8.420024e-01 | val 8.835994e-01 |   3.275 s | best 8.835994e-01 @12 *
epoch   13 | train 8.392720e-01 | val 8.753868e-01 |   3.201 s | best 8.753868e-01 @13 *
epoch   14 | train 8.378316e-01 | val 8.681839e-01 |   3.175 s | best 8.681839e-01 @14 *
epoch   15 | train 8.389571e-01 | val 8.619592e-01 |   3.209 s | best 8.619592e-01 @15 *
epoch   16 | train 8.384235e-01 | val 8.565660e-01 |   3.212 s | best 8.565660e-01 @16 *
epoch   17 | train 8.330631e-01 | val 8.519104e-01 |   3.222 s | best 8.519104e-01 @17 *
epoch   18 | train 8.355023e-01 | val 8.478605e-01 |   3.218 s | best 8.478605e-01 @18 *
epoch   19 | train 8.380015e-01 | val 8.444182e-01 |   3.204 s | best 8.444182e-01 @19 *
epoch   20 | train 8.368096e-01 | val 8.414528e-01 |   3.199 s | best 8.414528e-01 @20 *
epoch   21 | train 8.377536e-01 | val 8.388700e-01 |   3.204 s | best 8.388700e-01 @21 *
epoch   22 | train 8.388084e-01 | val 8.366497e-01 |   3.223 s | best 8.366497e-01 @22 *
epoch   23 | train 8.345760e-01 | val 8.347722e-01 |   3.219 s | best 8.347722e-01 @23 *
epoch   24 | train 8.342366e-01 | val 8.331433e-01 |   3.283 s | best 8.331433e-01 @24 *
epoch   25 | train 8.358441e-01 | val 8.317183e-01 |   3.300 s | best 8.317183e-01 @25 *
epoch   26 | train 8.321686e-01 | val 8.304309e-01 |   3.240 s | best 8.304309e-01 @26 *
epoch   27 | train 8.351989e-01 | val 8.293840e-01 |   3.275 s | best 8.293840e-01 @27 *
epoch   28 | train 8.342460e-01 | val 8.284659e-01 |   3.283 s | best 8.284659e-01 @28 *
epoch   29 | train 8.331469e-01 | val 8.276784e-01 |   3.269 s | best 8.276784e-01 @29 *
epoch   30 | train 8.332939e-01 | val 8.269143e-01 |   3.251 s | best 8.269143e-01 @30 *
epoch   31 | train 8.355082e-01 | val 8.262648e-01 |   3.219 s | best 8.262648e-01 @31 *
epoch   32 | train 8.343600e-01 | val 8.256990e-01 |   3.254 s | best 8.256990e-01 @32 *
epoch   33 | train 8.365062e-01 | val 8.251957e-01 |   3.224 s | best 8.251957e-01 @33 *
epoch   34 | train 8.337749e-01 | val 8.247250e-01 |   3.217 s | best 8.247250e-01 @34 *
epoch   35 | train 8.334410e-01 | val 8.243427e-01 |   3.220 s | best 8.243427e-01 @35 *
epoch   36 | train 8.307099e-01 | val 8.240349e-01 |   3.215 s | best 8.240349e-01 @36 *
epoch   37 | train 8.334585e-01 | val 8.237550e-01 |   3.254 s | best 8.237550e-01 @37 *
epoch   38 | train 8.325542e-01 | val 8.234668e-01 |   3.240 s | best 8.234668e-01 @38 *
epoch   39 | train 8.312405e-01 | val 8.232265e-01 |   3.212 s | best 8.232265e-01 @39 *
epoch   40 | train 8.307807e-01 | val 8.230413e-01 |   3.221 s | best 8.230413e-01 @40 *
epoch   41 | train 8.317724e-01 | val 8.228582e-01 |   3.229 s | best 8.228582e-01 @41 *
epoch   42 | train 8.381850e-01 | val 8.226949e-01 |   3.228 s | best 8.226949e-01 @42 *
epoch   43 | train 8.317857e-01 | val 8.225420e-01 |   3.238 s | best 8.225420e-01 @43 *
epoch   44 | train 8.315018e-01 | val 8.224083e-01 |   3.223 s | best 8.224083e-01 @44 *
epoch   45 | train 8.306117e-01 | val 8.222597e-01 |   3.225 s | best 8.222597e-01 @45 *
epoch   46 | train 8.325003e-01 | val 8.221613e-01 |   3.227 s | best 8.221613e-01 @46 *
epoch   47 | train 8.356905e-01 | val 8.220499e-01 |   3.219 s | best 8.220499e-01 @47 *
epoch   48 | train 8.312839e-01 | val 8.219660e-01 |   3.234 s | best 8.219660e-01 @48 *
epoch   49 | train 8.299908e-01 | val 8.219024e-01 |   3.232 s | best 8.219024e-01 @49 *
epoch   50 | train 8.305269e-01 | val 8.218103e-01 |   3.245 s | best 8.218103e-01 @50 *
epoch   51 | train 8.332825e-01 | val 8.217329e-01 |   3.261 s | best 8.217329e-01 @51 *
epoch   52 | train 8.301938e-01 | val 8.216662e-01 |   3.232 s | best 8.216662e-01 @52 *
epoch   53 | train 8.322819e-01 | val 8.216081e-01 |   3.229 s | best 8.216081e-01 @53 *
epoch   54 | train 8.307899e-01 | val 8.215609e-01 |   3.225 s | best 8.215609e-01 @54 *
epoch   55 | train 8.317462e-01 | val 8.215253e-01 |   3.229 s | best 8.215253e-01 @55 *
epoch   56 | train 8.333734e-01 | val 8.215270e-01 |   3.257 s | best 8.215253e-01 @55
epoch   57 | train 8.276474e-01 | val 8.215421e-01 |   3.227 s | best 8.215253e-01 @55
epoch   58 | train 8.294024e-01 | val 8.215220e-01 |   3.231 s | best 8.215220e-01 @58 *
epoch   59 | train 8.286886e-01 | val 8.214849e-01 |   3.245 s | best 8.214849e-01 @59 *
epoch   60 | train 8.327398e-01 | val 8.214425e-01 |   3.222 s | best 8.214425e-01 @60 *
epoch   61 | train 8.315939e-01 | val 8.214092e-01 |   3.218 s | best 8.214092e-01 @61 *
epoch   62 | train 8.296452e-01 | val 8.213970e-01 |   3.227 s | best 8.213970e-01 @62 *
epoch   63 | train 8.307613e-01 | val 8.213683e-01 |   3.235 s | best 8.213683e-01 @63 *
epoch   64 | train 8.326038e-01 | val 8.213590e-01 |   3.233 s | best 8.213590e-01 @64 *
epoch   65 | train 8.287653e-01 | val 8.213804e-01 |   3.215 s | best 8.213590e-01 @64
epoch   66 | train 8.306573e-01 | val 8.213845e-01 |   3.214 s | best 8.213590e-01 @64
epoch   67 | train 8.322719e-01 | val 8.213710e-01 |   3.211 s | best 8.213590e-01 @64
epoch   68 | train 8.281831e-01 | val 8.213454e-01 |   3.158 s | best 8.213454e-01 @68 *
epoch   69 | train 8.308245e-01 | val 8.213682e-01 |   3.184 s | best 8.213454e-01 @68
epoch   70 | train 8.327264e-01 | val 8.213885e-01 |   3.161 s | best 8.213454e-01 @68
epoch   71 | train 8.290325e-01 | val 8.214063e-01 |   3.178 s | best 8.213454e-01 @68
epoch   72 | train 8.266011e-01 | val 8.213994e-01 |   3.176 s | best 8.213454e-01 @68
epoch   73 | train 8.273543e-01 | val 8.214137e-01 |   3.153 s | best 8.213454e-01 @68
epoch   74 | train 8.288726e-01 | val 8.214477e-01 |   3.172 s | best 8.213454e-01 @68
epoch   75 | train 8.319947e-01 | val 8.214089e-01 |   3.164 s | best 8.213454e-01 @68
epoch   76 | train 8.276841e-01 | val 8.214014e-01 |   3.162 s | best 8.213454e-01 @68
epoch   77 | train 8.302264e-01 | val 8.213652e-01 |   3.189 s | best 8.213454e-01 @68
epoch   78 | train 8.277557e-01 | val 8.213599e-01 |   3.156 s | best 8.213454e-01 @68
epoch   79 | train 8.290741e-01 | val 8.213407e-01 |   3.155 s | best 8.213407e-01 @79 *
epoch   80 | train 8.271684e-01 | val 8.213349e-01 |   3.189 s | best 8.213349e-01 @80 *
epoch   81 | train 8.262797e-01 | val 8.213783e-01 |   3.145 s | best 8.213349e-01 @80
epoch   82 | train 8.258542e-01 | val 8.213891e-01 |   3.223 s | best 8.213349e-01 @80
epoch   83 | train 8.290739e-01 | val 8.214417e-01 |   3.229 s | best 8.213349e-01 @80
epoch   84 | train 8.314495e-01 | val 8.214424e-01 |   3.213 s | best 8.213349e-01 @80
epoch   85 | train 8.291755e-01 | val 8.214359e-01 |   3.205 s | best 8.213349e-01 @80
epoch   86 | train 8.275657e-01 | val 8.214464e-01 |   3.242 s | best 8.213349e-01 @80
epoch   87 | train 8.298644e-01 | val 8.214683e-01 |   3.212 s | best 8.213349e-01 @80
epoch   88 | train 8.298665e-01 | val 8.215142e-01 |   3.218 s | best 8.213349e-01 @80
epoch   89 | train 8.269535e-01 | val 8.215529e-01 |   3.214 s | best 8.213349e-01 @80
epoch   90 | train 8.263600e-01 | val 8.215722e-01 |   3.199 s | best 8.213349e-01 @80
epoch   91 | train 8.252582e-01 | val 8.216469e-01 |   3.241 s | best 8.213349e-01 @80
epoch   92 | train 8.281033e-01 | val 8.217316e-01 |   3.275 s | best 8.213349e-01 @80
epoch   93 | train 8.283944e-01 | val 8.218032e-01 |   3.204 s | best 8.213349e-01 @80
epoch   94 | train 8.261311e-01 | val 8.218406e-01 |   3.212 s | best 8.213349e-01 @80
epoch   95 | train 8.310116e-01 | val 8.219054e-01 |   3.238 s | best 8.213349e-01 @80
# done        : 95 epochs, stopped_by=patience, aborted=False, best val 8.213349e-01 @ epoch 80, wall 317.3 s, 3.340 s/epoch
