
# ===== 2026-09-20 18:23:40 KST  HPO attempt 207  testbed D1 prior S  Nr=8 Nt=4
# DEVICE      : cuda | cuda_available=True | NVIDIA RTX PRO 6000 Blackwell Server Edition | torch 2.14.0+cu130 | train dtype float32 (01_RULES §9.5)
# data        : n_train=9000 n_val=1000 split_hash=98d6225d67f9c15a E||H||_F^2/(NrNt)=1.000268 (04_SPEC §2)
# sigma grid  : MEASURED, 20 points, log-uniform draw over [3.2936e-02, 7.9084e-01]
# hp          : {'arch': 'adm', 'param': 'edm', 'domain': 'angle', 'lr': 0.00034994818713763654, 'ema': 0.999, 'batch': 128, 'emb': 128, 'width': 64, 'depth': 3, 'heads': 4, 'attn_at': 8}  params=5023810
# stopping    : patience 15 on val loss, never before 0 epochs, max 600 (01_RULES §5)
epoch    1 | train 9.521847e-01 | val 9.904760e-01 |   4.270 s | best 9.904760e-01 @1 *
epoch    2 | train 8.693676e-01 | val 9.897870e-01 |   4.302 s | best 9.897870e-01 @2 *
epoch    3 | train 8.521549e-01 | val 9.883854e-01 |   4.342 s | best 9.883854e-01 @3 *
epoch    4 | train 8.465623e-01 | val 9.856580e-01 |   4.226 s | best 9.856580e-01 @4 *
epoch    5 | train 8.430924e-01 | val 9.810543e-01 |   4.189 s | best 9.810543e-01 @5 *
epoch    6 | train 8.464976e-01 | val 9.740742e-01 |   4.192 s | best 9.740742e-01 @6 *
epoch    7 | train 8.416182e-01 | val 9.644268e-01 |   4.189 s | best 9.644268e-01 @7 *
epoch    8 | train 8.427375e-01 | val 9.523091e-01 |   4.191 s | best 9.523091e-01 @8 *
epoch    9 | train 8.374565e-01 | val 9.386017e-01 |   4.195 s | best 9.386017e-01 @9 *
epoch   10 | train 8.362074e-01 | val 9.245965e-01 |   4.192 s | best 9.245965e-01 @10 *
epoch   11 | train 8.401084e-01 | val 9.108853e-01 |   4.182 s | best 9.108853e-01 @11 *
epoch   12 | train 8.398547e-01 | val 8.981712e-01 |   4.184 s | best 8.981712e-01 @12 *
epoch   13 | train 8.369730e-01 | val 8.868997e-01 |   4.191 s | best 8.868997e-01 @13 *
epoch   14 | train 8.364792e-01 | val 8.773435e-01 |   4.197 s | best 8.773435e-01 @14 *
epoch   15 | train 8.395943e-01 | val 8.689061e-01 |   4.192 s | best 8.689061e-01 @15 *
epoch   16 | train 8.362233e-01 | val 8.615102e-01 |   4.191 s | best 8.615102e-01 @16 *
epoch   17 | train 8.343748e-01 | val 8.552630e-01 |   4.193 s | best 8.552630e-01 @17 *
epoch   18 | train 8.368210e-01 | val 8.501787e-01 |   4.194 s | best 8.501787e-01 @18 *
epoch   19 | train 8.353511e-01 | val 8.458538e-01 |   4.188 s | best 8.458538e-01 @19 *
epoch   20 | train 8.341530e-01 | val 8.422061e-01 |   4.181 s | best 8.422061e-01 @20 *
epoch   21 | train 8.351865e-01 | val 8.391520e-01 |   4.190 s | best 8.391520e-01 @21 *
epoch   22 | train 8.346823e-01 | val 8.365118e-01 |   4.182 s | best 8.365118e-01 @22 *
epoch   23 | train 8.336637e-01 | val 8.343177e-01 |   4.174 s | best 8.343177e-01 @23 *
epoch   24 | train 8.319158e-01 | val 8.324518e-01 |   4.183 s | best 8.324518e-01 @24 *
epoch   25 | train 8.354743e-01 | val 8.308742e-01 |   4.190 s | best 8.308742e-01 @25 *
epoch   26 | train 8.324032e-01 | val 8.295565e-01 |   4.146 s | best 8.295565e-01 @26 *
epoch   27 | train 8.322082e-01 | val 8.283569e-01 |   4.153 s | best 8.283569e-01 @27 *
epoch   28 | train 8.351750e-01 | val 8.273324e-01 |   4.125 s | best 8.273324e-01 @28 *
epoch   29 | train 8.352167e-01 | val 8.264806e-01 |   4.117 s | best 8.264806e-01 @29 *
epoch   30 | train 8.350165e-01 | val 8.257496e-01 |   4.092 s | best 8.257496e-01 @30 *
epoch   31 | train 8.329071e-01 | val 8.250716e-01 |   4.082 s | best 8.250716e-01 @31 *
epoch   32 | train 8.331956e-01 | val 8.245135e-01 |   4.106 s | best 8.245135e-01 @32 *
epoch   33 | train 8.308780e-01 | val 8.240730e-01 |   4.061 s | best 8.240730e-01 @33 *
epoch   34 | train 8.295923e-01 | val 8.236127e-01 |   4.153 s | best 8.236127e-01 @34 *
epoch   35 | train 8.330337e-01 | val 8.232477e-01 |   4.096 s | best 8.232477e-01 @35 *
epoch   36 | train 8.327721e-01 | val 8.229542e-01 |   4.054 s | best 8.229542e-01 @36 *
epoch   37 | train 8.339870e-01 | val 8.226507e-01 |   4.059 s | best 8.226507e-01 @37 *
epoch   38 | train 8.313424e-01 | val 8.224284e-01 |   4.082 s | best 8.224284e-01 @38 *
epoch   39 | train 8.303575e-01 | val 8.222573e-01 |   4.250 s | best 8.222573e-01 @39 *
epoch   40 | train 8.310041e-01 | val 8.221079e-01 |   3.941 s | best 8.221079e-01 @40 *
epoch   41 | train 8.305903e-01 | val 8.219922e-01 |   3.782 s | best 8.219922e-01 @41 *
epoch   42 | train 8.358307e-01 | val 8.218744e-01 |   2.267 s | best 8.218744e-01 @42 *
epoch   43 | train 8.284020e-01 | val 8.217556e-01 |   3.310 s | best 8.217556e-01 @43 *
epoch   44 | train 8.343977e-01 | val 8.216593e-01 |   1.324 s | best 8.216593e-01 @44 *
epoch   45 | train 8.315540e-01 | val 8.215914e-01 |   3.699 s | best 8.215914e-01 @45 *
epoch   46 | train 8.336006e-01 | val 8.215164e-01 |   4.046 s | best 8.215164e-01 @46 *
epoch   47 | train 8.332774e-01 | val 8.214526e-01 |   4.184 s | best 8.214526e-01 @47 *
epoch   48 | train 8.351062e-01 | val 8.213731e-01 |   4.192 s | best 8.213731e-01 @48 *
epoch   49 | train 8.310432e-01 | val 8.213220e-01 |   4.183 s | best 8.213220e-01 @49 *
epoch   50 | train 8.321278e-01 | val 8.212669e-01 |   4.197 s | best 8.212669e-01 @50 *
epoch   51 | train 8.331115e-01 | val 8.212107e-01 |   4.197 s | best 8.212107e-01 @51 *
epoch   52 | train 8.287216e-01 | val 8.211569e-01 |   4.192 s | best 8.211569e-01 @52 *
epoch   53 | train 8.340627e-01 | val 8.210975e-01 |   4.180 s | best 8.210975e-01 @53 *
epoch   54 | train 8.263160e-01 | val 8.210679e-01 |   4.212 s | best 8.210679e-01 @54 *
epoch   55 | train 8.290316e-01 | val 8.210528e-01 |   4.210 s | best 8.210528e-01 @55 *
epoch   56 | train 8.307646e-01 | val 8.210499e-01 |   4.207 s | best 8.210499e-01 @56 *
epoch   57 | train 8.274171e-01 | val 8.210714e-01 |   4.211 s | best 8.210499e-01 @56
epoch   58 | train 8.281218e-01 | val 8.210638e-01 |   4.214 s | best 8.210499e-01 @56
epoch   59 | train 8.332308e-01 | val 8.210797e-01 |   4.208 s | best 8.210499e-01 @56
epoch   60 | train 8.312032e-01 | val 8.211232e-01 |   4.208 s | best 8.210499e-01 @56
epoch   61 | train 8.289724e-01 | val 8.211386e-01 |   4.211 s | best 8.210499e-01 @56
epoch   62 | train 8.262431e-01 | val 8.211514e-01 |   4.200 s | best 8.210499e-01 @56
epoch   63 | train 8.327268e-01 | val 8.211681e-01 |   4.205 s | best 8.210499e-01 @56
epoch   64 | train 8.297803e-01 | val 8.211499e-01 |   4.211 s | best 8.210499e-01 @56
epoch   65 | train 8.303933e-01 | val 8.211775e-01 |   4.209 s | best 8.210499e-01 @56
epoch   66 | train 8.301247e-01 | val 8.212174e-01 |   4.206 s | best 8.210499e-01 @56
epoch   67 | train 8.267152e-01 | val 8.212648e-01 |   4.205 s | best 8.210499e-01 @56
epoch   68 | train 8.267349e-01 | val 8.213056e-01 |   4.197 s | best 8.210499e-01 @56
epoch   69 | train 8.292983e-01 | val 8.213393e-01 |   4.212 s | best 8.210499e-01 @56
epoch   70 | train 8.269232e-01 | val 8.213521e-01 |   4.209 s | best 8.210499e-01 @56
epoch   71 | train 8.274292e-01 | val 8.213816e-01 |   4.208 s | best 8.210499e-01 @56
# done        : 71 epochs, stopped_by=patience, aborted=False, best val 8.210499e-01 @ epoch 56, wall 303.5 s, 4.274 s/epoch
