
# ===== 2026-09-20 18:26:22 KST  HPO attempt 209  testbed D1 prior S  Nr=8 Nt=4
# DEVICE      : cuda | cuda_available=True | NVIDIA RTX PRO 6000 Blackwell Server Edition | torch 2.14.0+cu130 | train dtype float32 (01_RULES §9.5)
# data        : n_train=9000 n_val=1000 split_hash=98d6225d67f9c15a E||H||_F^2/(NrNt)=1.000268 (04_SPEC §2)
# sigma grid  : MEASURED, 20 points, log-uniform draw over [3.2936e-02, 7.9084e-01]
# hp          : {'arch': 'adm', 'param': 'edm', 'domain': 'angle', 'lr': 0.0002875010680269244, 'ema': 0.999, 'batch': 128, 'emb': 128, 'width': 64, 'depth': 3, 'heads': 2, 'attn_at': 8}  params=5023810
# stopping    : patience 15 on val loss, never before 0 epochs, max 600 (01_RULES §5)
epoch    1 | train 9.510727e-01 | val 9.903409e-01 |   3.950 s | best 9.903409e-01 @1 *
epoch    2 | train 8.690975e-01 | val 9.896485e-01 |   4.203 s | best 9.896485e-01 @2 *
epoch    3 | train 8.533448e-01 | val 9.885776e-01 |   3.998 s | best 9.885776e-01 @3 *
epoch    4 | train 8.510989e-01 | val 9.864660e-01 |   4.241 s | best 9.864660e-01 @4 *
epoch    5 | train 8.459018e-01 | val 9.823862e-01 |   4.366 s | best 9.823862e-01 @5 *
epoch    6 | train 8.412635e-01 | val 9.757056e-01 |   4.204 s | best 9.757056e-01 @6 *
epoch    7 | train 8.418280e-01 | val 9.664116e-01 |   4.162 s | best 9.664116e-01 @7 *
epoch    8 | train 8.418347e-01 | val 9.549543e-01 |   4.167 s | best 9.549543e-01 @8 *
epoch    9 | train 8.383615e-01 | val 9.421808e-01 |   4.169 s | best 9.421808e-01 @9 *
epoch   10 | train 8.416757e-01 | val 9.289368e-01 |   4.158 s | best 9.289368e-01 @10 *
epoch   11 | train 8.370268e-01 | val 9.164366e-01 |   4.169 s | best 9.164366e-01 @11 *
epoch   12 | train 8.460674e-01 | val 9.045258e-01 |   4.209 s | best 9.045258e-01 @12 *
epoch   13 | train 8.377830e-01 | val 8.934418e-01 |   4.187 s | best 8.934418e-01 @13 *
epoch   14 | train 8.351790e-01 | val 8.835146e-01 |   4.176 s | best 8.835146e-01 @14 *
epoch   15 | train 8.360322e-01 | val 8.746740e-01 |   4.172 s | best 8.746740e-01 @15 *
epoch   16 | train 8.377428e-01 | val 8.671971e-01 |   4.234 s | best 8.671971e-01 @16 *
epoch   17 | train 8.356683e-01 | val 8.605422e-01 |   4.186 s | best 8.605422e-01 @17 *
epoch   18 | train 8.355386e-01 | val 8.548649e-01 |   4.190 s | best 8.548649e-01 @18 *
epoch   19 | train 8.359916e-01 | val 8.498765e-01 |   4.194 s | best 8.498765e-01 @19 *
epoch   20 | train 8.353459e-01 | val 8.455774e-01 |   4.200 s | best 8.455774e-01 @20 *
epoch   21 | train 8.338439e-01 | val 8.419560e-01 |   4.198 s | best 8.419560e-01 @21 *
epoch   22 | train 8.308786e-01 | val 8.388797e-01 |   4.191 s | best 8.388797e-01 @22 *
epoch   23 | train 8.343041e-01 | val 8.362480e-01 |   4.190 s | best 8.362480e-01 @23 *
epoch   24 | train 8.325970e-01 | val 8.340325e-01 |   4.214 s | best 8.340325e-01 @24 *
epoch   25 | train 8.326111e-01 | val 8.321258e-01 |   4.186 s | best 8.321258e-01 @25 *
epoch   26 | train 8.347100e-01 | val 8.304585e-01 |   4.225 s | best 8.304585e-01 @26 *
epoch   27 | train 8.322863e-01 | val 8.290683e-01 |   4.187 s | best 8.290683e-01 @27 *
epoch   28 | train 8.337738e-01 | val 8.279117e-01 |   4.184 s | best 8.279117e-01 @28 *
epoch   29 | train 8.340348e-01 | val 8.268812e-01 |   4.187 s | best 8.268812e-01 @29 *
epoch   30 | train 8.386244e-01 | val 8.261034e-01 |   4.176 s | best 8.261034e-01 @30 *
epoch   31 | train 8.359730e-01 | val 8.254071e-01 |   4.189 s | best 8.254071e-01 @31 *
epoch   32 | train 8.270866e-01 | val 8.248369e-01 |   4.188 s | best 8.248369e-01 @32 *
epoch   33 | train 8.307949e-01 | val 8.243223e-01 |   2.775 s | best 8.243223e-01 @33 *
epoch   34 | train 8.335590e-01 | val 8.238906e-01 |   1.180 s | best 8.238906e-01 @34 *
epoch   35 | train 8.316589e-01 | val 8.235383e-01 |   1.360 s | best 8.235383e-01 @35 *
epoch   36 | train 8.340387e-01 | val 8.231953e-01 |   2.273 s | best 8.231953e-01 @36 *
epoch   37 | train 8.347362e-01 | val 8.228785e-01 |   1.146 s | best 8.228785e-01 @37 *
epoch   38 | train 8.330128e-01 | val 8.225979e-01 |   3.841 s | best 8.225979e-01 @38 *
epoch   39 | train 8.316361e-01 | val 8.223594e-01 |   4.134 s | best 8.223594e-01 @39 *
epoch   40 | train 8.364203e-01 | val 8.221174e-01 |   4.113 s | best 8.221174e-01 @40 *
epoch   41 | train 8.325041e-01 | val 8.219091e-01 |   4.135 s | best 8.219091e-01 @41 *
epoch   42 | train 8.328337e-01 | val 8.217578e-01 |   1.281 s | best 8.217578e-01 @42 *
epoch   43 | train 8.298952e-01 | val 8.215944e-01 |   4.082 s | best 8.215944e-01 @43 *
epoch   44 | train 8.301913e-01 | val 8.214598e-01 |   4.124 s | best 8.214598e-01 @44 *
epoch   45 | train 8.335752e-01 | val 8.213976e-01 |   1.659 s | best 8.213976e-01 @45 *
epoch   46 | train 8.285932e-01 | val 8.213049e-01 |   1.156 s | best 8.213049e-01 @46 *
epoch   47 | train 8.301057e-01 | val 8.212359e-01 |   4.134 s | best 8.212359e-01 @47 *
epoch   48 | train 8.323786e-01 | val 8.211442e-01 |   4.174 s | best 8.211442e-01 @48 *
epoch   49 | train 8.270721e-01 | val 8.210977e-01 |   1.240 s | best 8.210977e-01 @49 *
epoch   50 | train 8.320537e-01 | val 8.210349e-01 |   1.258 s | best 8.210349e-01 @50 *
epoch   51 | train 8.270900e-01 | val 8.209760e-01 |   1.345 s | best 8.209760e-01 @51 *
epoch   52 | train 8.298732e-01 | val 8.208979e-01 |   1.271 s | best 8.208979e-01 @52 *
epoch   53 | train 8.284777e-01 | val 8.208241e-01 |   1.262 s | best 8.208241e-01 @53 *
epoch   54 | train 8.320024e-01 | val 8.207650e-01 |   1.259 s | best 8.207650e-01 @54 *
epoch   55 | train 8.292889e-01 | val 8.207363e-01 |   4.165 s | best 8.207363e-01 @55 *
epoch   56 | train 8.303190e-01 | val 8.207198e-01 |   1.367 s | best 8.207198e-01 @56 *
epoch   57 | train 8.292926e-01 | val 8.206865e-01 |   1.264 s | best 8.206865e-01 @57 *
epoch   58 | train 8.317585e-01 | val 8.206712e-01 |   1.273 s | best 8.206712e-01 @58 *
epoch   59 | train 8.302859e-01 | val 8.206247e-01 |   1.259 s | best 8.206247e-01 @59 *
epoch   60 | train 8.335853e-01 | val 8.206307e-01 |   1.286 s | best 8.206247e-01 @59
epoch   61 | train 8.328479e-01 | val 8.206244e-01 |   1.276 s | best 8.206244e-01 @61 *
epoch   62 | train 8.312495e-01 | val 8.206127e-01 |   1.253 s | best 8.206127e-01 @62 *
epoch   63 | train 8.326585e-01 | val 8.205938e-01 |   4.171 s | best 8.205938e-01 @63 *
epoch   64 | train 8.282319e-01 | val 8.206260e-01 |   4.216 s | best 8.205938e-01 @63
epoch   65 | train 8.285918e-01 | val 8.206943e-01 |   4.181 s | best 8.205938e-01 @63
epoch   66 | train 8.283394e-01 | val 8.207022e-01 |   4.157 s | best 8.205938e-01 @63
epoch   67 | train 8.259281e-01 | val 8.207179e-01 |   4.188 s | best 8.205938e-01 @63
epoch   68 | train 8.258787e-01 | val 8.207569e-01 |   4.298 s | best 8.205938e-01 @63
epoch   69 | train 8.270807e-01 | val 8.208001e-01 |   4.303 s | best 8.205938e-01 @63
epoch   70 | train 8.308194e-01 | val 8.208139e-01 |   4.352 s | best 8.205938e-01 @63
epoch   71 | train 8.285898e-01 | val 8.208354e-01 |   4.270 s | best 8.205938e-01 @63
epoch   72 | train 8.303353e-01 | val 8.208777e-01 |   4.196 s | best 8.205938e-01 @63
epoch   73 | train 8.303459e-01 | val 8.209305e-01 |   4.292 s | best 8.205938e-01 @63
epoch   74 | train 8.305920e-01 | val 8.209771e-01 |   4.110 s | best 8.205938e-01 @63
epoch   75 | train 8.295561e-01 | val 8.210196e-01 |   4.168 s | best 8.205938e-01 @63
epoch   76 | train 8.290818e-01 | val 8.210828e-01 |   4.205 s | best 8.205938e-01 @63
epoch   77 | train 8.283301e-01 | val 8.211139e-01 |   4.278 s | best 8.205938e-01 @63
epoch   78 | train 8.284162e-01 | val 8.211404e-01 |   4.268 s | best 8.205938e-01 @63
# done        : 78 epochs, stopped_by=patience, aborted=False, best val 8.205938e-01 @ epoch 63, wall 282.3 s, 3.619 s/epoch
