
# ===== 2026-09-20 18:21:37 KST  HPO attempt 206  testbed D1 prior S  Nr=8 Nt=4
# DEVICE      : cuda | cuda_available=True | NVIDIA RTX PRO 6000 Blackwell Server Edition | torch 2.14.0+cu130 | train dtype float32 (01_RULES §9.5)
# data        : n_train=9000 n_val=1000 split_hash=98d6225d67f9c15a E||H||_F^2/(NrNt)=1.000268 (04_SPEC §2)
# sigma grid  : MEASURED, 20 points, log-uniform draw over [3.2936e-02, 7.9084e-01]
# hp          : {'arch': 'adm', 'param': 'vp', 'domain': 'pixel', 'lr': 0.0008835305934415013, 'ema': 0.999, 'batch': 128, 'emb': 256, 'width': 64, 'depth': 3, 'heads': 4, 'attn_at': 8}  params=5056578
# stopping    : patience 15 on val loss, never before 0 epochs, max 600 (01_RULES §5)
epoch    1 | train 8.039745e-01 | val 9.686636e-01 |   2.786 s | best 9.686636e-01 @1 *
epoch    2 | train 7.669994e-01 | val 9.395376e-01 |   2.748 s | best 9.395376e-01 @2 *
epoch    3 | train 7.584537e-01 | val 9.116030e-01 |   2.751 s | best 9.116030e-01 @3 *
epoch    4 | train 7.561231e-01 | val 8.879746e-01 |   2.749 s | best 8.879746e-01 @4 *
epoch    5 | train 7.514519e-01 | val 8.689026e-01 |   2.753 s | best 8.689026e-01 @5 *
epoch    6 | train 7.577494e-01 | val 8.528788e-01 |   2.752 s | best 8.528788e-01 @6 *
epoch    7 | train 7.536244e-01 | val 8.390468e-01 |   2.750 s | best 8.390468e-01 @7 *
epoch    8 | train 7.526149e-01 | val 8.267852e-01 |   2.743 s | best 8.267852e-01 @8 *
epoch    9 | train 7.492332e-01 | val 8.158732e-01 |   2.747 s | best 8.158732e-01 @9 *
epoch   10 | train 7.492599e-01 | val 8.059633e-01 |   2.753 s | best 8.059633e-01 @10 *
epoch   11 | train 7.480688e-01 | val 7.967948e-01 |   2.745 s | best 7.967948e-01 @11 *
epoch   12 | train 7.472794e-01 | val 7.886478e-01 |   2.814 s | best 7.886478e-01 @12 *
epoch   13 | train 7.475939e-01 | val 7.813370e-01 |   2.757 s | best 7.813370e-01 @13 *
epoch   14 | train 7.450756e-01 | val 7.747997e-01 |   2.818 s | best 7.747997e-01 @14 *
epoch   15 | train 7.468847e-01 | val 7.692559e-01 |   2.754 s | best 7.692559e-01 @15 *
epoch   16 | train 7.436251e-01 | val 7.642584e-01 |   2.765 s | best 7.642584e-01 @16 *
epoch   17 | train 7.446040e-01 | val 7.598974e-01 |   2.756 s | best 7.598974e-01 @17 *
epoch   18 | train 7.425156e-01 | val 7.560317e-01 |   2.765 s | best 7.560317e-01 @18 *
epoch   19 | train 7.432349e-01 | val 7.526215e-01 |   2.756 s | best 7.526215e-01 @19 *
epoch   20 | train 7.475804e-01 | val 7.495487e-01 |   2.746 s | best 7.495487e-01 @20 *
epoch   21 | train 7.488153e-01 | val 7.469444e-01 |   2.753 s | best 7.469444e-01 @21 *
epoch   22 | train 7.450203e-01 | val 7.445751e-01 |   2.754 s | best 7.445751e-01 @22 *
epoch   23 | train 7.405692e-01 | val 7.424834e-01 |   2.815 s | best 7.424834e-01 @23 *
epoch   24 | train 7.403196e-01 | val 7.406751e-01 |   2.620 s | best 7.406751e-01 @24 *
epoch   25 | train 7.432725e-01 | val 7.391073e-01 |   2.766 s | best 7.391073e-01 @25 *
epoch   26 | train 7.476842e-01 | val 7.377814e-01 |   2.706 s | best 7.377814e-01 @26 *
epoch   27 | train 7.456185e-01 | val 7.366472e-01 |   2.682 s | best 7.366472e-01 @27 *
epoch   28 | train 7.371589e-01 | val 7.356430e-01 |   2.697 s | best 7.356430e-01 @28 *
epoch   29 | train 7.430385e-01 | val 7.348254e-01 |   2.699 s | best 7.348254e-01 @29 *
epoch   30 | train 7.445459e-01 | val 7.340656e-01 |   2.780 s | best 7.340656e-01 @30 *
epoch   31 | train 7.439979e-01 | val 7.333640e-01 |   2.715 s | best 7.333640e-01 @31 *
epoch   32 | train 7.462125e-01 | val 7.327865e-01 |   2.713 s | best 7.327865e-01 @32 *
epoch   33 | train 7.417811e-01 | val 7.322330e-01 |   2.722 s | best 7.322330e-01 @33 *
epoch   34 | train 7.384244e-01 | val 7.317562e-01 |   2.719 s | best 7.317562e-01 @34 *
epoch   35 | train 7.433889e-01 | val 7.313387e-01 |   2.709 s | best 7.313387e-01 @35 *
epoch   36 | train 7.453939e-01 | val 7.309828e-01 |   2.705 s | best 7.309828e-01 @36 *
epoch   37 | train 7.416523e-01 | val 7.306768e-01 |   2.718 s | best 7.306768e-01 @37 *
epoch   38 | train 7.491109e-01 | val 7.304332e-01 |   2.761 s | best 7.304332e-01 @38 *
epoch   39 | train 7.432910e-01 | val 7.302150e-01 |   2.733 s | best 7.302150e-01 @39 *
epoch   40 | train 7.373857e-01 | val 7.299913e-01 |   2.722 s | best 7.299913e-01 @40 *
epoch   41 | train 7.420846e-01 | val 7.297937e-01 |   2.700 s | best 7.297937e-01 @41 *
epoch   42 | train 7.480962e-01 | val 7.296356e-01 |   2.779 s | best 7.296356e-01 @42 *
epoch   43 | train 7.420957e-01 | val 7.295104e-01 |   2.817 s | best 7.295104e-01 @43 *
epoch   44 | train 7.453368e-01 | val 7.293930e-01 |   2.808 s | best 7.293930e-01 @44 *
epoch   45 | train 7.437951e-01 | val 7.292918e-01 |   2.837 s | best 7.292918e-01 @45 *
epoch   46 | train 7.410648e-01 | val 7.292085e-01 |   2.838 s | best 7.292085e-01 @46 *
epoch   47 | train 7.427420e-01 | val 7.291482e-01 |   2.828 s | best 7.291482e-01 @47 *
epoch   48 | train 7.440577e-01 | val 7.290967e-01 |   2.747 s | best 7.290967e-01 @48 *
epoch   49 | train 7.445457e-01 | val 7.290685e-01 |   2.764 s | best 7.290685e-01 @49 *
epoch   50 | train 7.429417e-01 | val 7.290090e-01 |   2.749 s | best 7.290090e-01 @50 *
epoch   51 | train 7.404467e-01 | val 7.289438e-01 |   2.809 s | best 7.289438e-01 @51 *
epoch   52 | train 7.437706e-01 | val 7.289217e-01 |   2.760 s | best 7.289217e-01 @52 *
epoch   53 | train 7.409981e-01 | val 7.288792e-01 |   2.754 s | best 7.288792e-01 @53 *
epoch   54 | train 7.403014e-01 | val 7.288579e-01 |   2.751 s | best 7.288579e-01 @54 *
epoch   55 | train 7.487507e-01 | val 7.288241e-01 |   2.762 s | best 7.288241e-01 @55 *
epoch   56 | train 7.407541e-01 | val 7.288113e-01 |   2.756 s | best 7.288113e-01 @56 *
epoch   57 | train 7.442865e-01 | val 7.288165e-01 |   2.748 s | best 7.288113e-01 @56
epoch   58 | train 7.436214e-01 | val 7.288125e-01 |   2.827 s | best 7.288113e-01 @56
epoch   59 | train 7.395352e-01 | val 7.287735e-01 |   2.749 s | best 7.287735e-01 @59 *
epoch   60 | train 7.472251e-01 | val 7.287641e-01 |   2.750 s | best 7.287641e-01 @60 *
epoch   61 | train 7.386976e-01 | val 7.287624e-01 |   2.763 s | best 7.287624e-01 @61 *
epoch   62 | train 7.424953e-01 | val 7.287170e-01 |   2.761 s | best 7.287170e-01 @62 *
epoch   63 | train 7.424292e-01 | val 7.286910e-01 |   2.763 s | best 7.286910e-01 @63 *
epoch   64 | train 7.388574e-01 | val 7.286770e-01 |   2.761 s | best 7.286770e-01 @64 *
epoch   65 | train 7.398653e-01 | val 7.286915e-01 |   2.818 s | best 7.286770e-01 @64
epoch   66 | train 7.425796e-01 | val 7.287340e-01 |   2.753 s | best 7.286770e-01 @64
epoch   67 | train 7.489425e-01 | val 7.287306e-01 |   2.750 s | best 7.286770e-01 @64
epoch   68 | train 7.420556e-01 | val 7.287424e-01 |   2.757 s | best 7.286770e-01 @64
epoch   69 | train 7.399564e-01 | val 7.287449e-01 |   2.751 s | best 7.286770e-01 @64
epoch   70 | train 7.376804e-01 | val 7.287835e-01 |   2.746 s | best 7.286770e-01 @64
epoch   71 | train 7.398755e-01 | val 7.288142e-01 |   2.811 s | best 7.286770e-01 @64
epoch   72 | train 7.424959e-01 | val 7.288579e-01 |   2.746 s | best 7.286770e-01 @64
epoch   73 | train 7.377706e-01 | val 7.288418e-01 |   2.756 s | best 7.286770e-01 @64
epoch   74 | train 7.400387e-01 | val 7.288438e-01 |   2.750 s | best 7.286770e-01 @64
epoch   75 | train 7.413115e-01 | val 7.288704e-01 |   2.753 s | best 7.286770e-01 @64
epoch   76 | train 7.358319e-01 | val 7.288980e-01 |   2.756 s | best 7.286770e-01 @64
epoch   77 | train 7.357988e-01 | val 7.289189e-01 |   2.763 s | best 7.286770e-01 @64
epoch   78 | train 7.384885e-01 | val 7.289074e-01 |   2.754 s | best 7.286770e-01 @64
epoch   79 | train 7.372837e-01 | val 7.288985e-01 |   2.761 s | best 7.286770e-01 @64
# done        : 79 epochs, stopped_by=patience, aborted=False, best val 7.286770e-01 @ epoch 64, wall 233.8 s, 2.960 s/epoch
