
# ===== 2026-09-20 18:18:39 KST  HPO attempt 204  testbed D1 prior S  Nr=8 Nt=4
# DEVICE      : cuda | cuda_available=True | NVIDIA RTX PRO 6000 Blackwell Server Edition | torch 2.14.0+cu130 | train dtype float32 (01_RULES §9.5)
# data        : n_train=9000 n_val=1000 split_hash=98d6225d67f9c15a E||H||_F^2/(NrNt)=1.000268 (04_SPEC §2)
# sigma grid  : MEASURED, 20 points, log-uniform draw over [3.2936e-02, 7.9084e-01]
# hp          : {'arch': 'adm', 'param': 'edm', 'domain': 'angle', 'lr': 0.0003838129590387968, 'ema': 0.999, 'batch': 128, 'emb': 256, 'width': 64, 'depth': 3, 'heads': 4, 'attn_at': 8}  params=5056578
# stopping    : patience 15 on val loss, never before 0 epochs, max 600 (01_RULES §5)
epoch    1 | train 9.441058e-01 | val 9.903166e-01 |   4.026 s | best 9.903166e-01 @1 *
epoch    2 | train 8.645592e-01 | val 9.894941e-01 |   4.210 s | best 9.894941e-01 @2 *
epoch    3 | train 8.545328e-01 | val 9.880270e-01 |   4.204 s | best 9.880270e-01 @3 *
epoch    4 | train 8.467943e-01 | val 9.851048e-01 |   4.199 s | best 9.851048e-01 @4 *
epoch    5 | train 8.443699e-01 | val 9.795039e-01 |   4.226 s | best 9.795039e-01 @5 *
epoch    6 | train 8.434903e-01 | val 9.704996e-01 |   4.303 s | best 9.704996e-01 @6 *
epoch    7 | train 8.412812e-01 | val 9.579353e-01 |   4.267 s | best 9.579353e-01 @7 *
epoch    8 | train 8.440115e-01 | val 9.428672e-01 |   4.284 s | best 9.428672e-01 @8 *
epoch    9 | train 8.411364e-01 | val 9.265912e-01 |   4.303 s | best 9.265912e-01 @9 *
epoch   10 | train 8.385049e-01 | val 9.109355e-01 |   4.266 s | best 9.109355e-01 @10 *
epoch   11 | train 8.385037e-01 | val 8.969849e-01 |   4.281 s | best 8.969849e-01 @11 *
epoch   12 | train 8.388850e-01 | val 8.847495e-01 |   4.297 s | best 8.847495e-01 @12 *
epoch   13 | train 8.361271e-01 | val 8.745148e-01 |   4.267 s | best 8.745148e-01 @13 *
epoch   14 | train 8.380787e-01 | val 8.658920e-01 |   4.253 s | best 8.658920e-01 @14 *
epoch   15 | train 8.383341e-01 | val 8.586280e-01 |   4.269 s | best 8.586280e-01 @15 *
epoch   16 | train 8.394249e-01 | val 8.528252e-01 |   4.217 s | best 8.528252e-01 @16 *
epoch   17 | train 8.384548e-01 | val 8.479781e-01 |   4.205 s | best 8.479781e-01 @17 *
epoch   18 | train 8.367500e-01 | val 8.439081e-01 |   4.210 s | best 8.439081e-01 @18 *
epoch   19 | train 8.403111e-01 | val 8.406543e-01 |   4.196 s | best 8.406543e-01 @19 *
epoch   20 | train 8.357420e-01 | val 8.378530e-01 |   4.207 s | best 8.378530e-01 @20 *
epoch   21 | train 8.366553e-01 | val 8.355038e-01 |   4.198 s | best 8.355038e-01 @21 *
epoch   22 | train 8.360395e-01 | val 8.335545e-01 |   4.195 s | best 8.335545e-01 @22 *
epoch   23 | train 8.391971e-01 | val 8.318455e-01 |   4.198 s | best 8.318455e-01 @23 *
epoch   24 | train 8.329131e-01 | val 8.304191e-01 |   4.196 s | best 8.304191e-01 @24 *
epoch   25 | train 8.321412e-01 | val 8.291529e-01 |   4.197 s | best 8.291529e-01 @25 *
epoch   26 | train 8.356471e-01 | val 8.280411e-01 |   4.193 s | best 8.280411e-01 @26 *
epoch   27 | train 8.344005e-01 | val 8.271247e-01 |   4.190 s | best 8.271247e-01 @27 *
epoch   28 | train 8.300800e-01 | val 8.263479e-01 |   4.196 s | best 8.263479e-01 @28 *
epoch   29 | train 8.352494e-01 | val 8.256531e-01 |   4.196 s | best 8.256531e-01 @29 *
epoch   30 | train 8.340128e-01 | val 8.250412e-01 |   4.164 s | best 8.250412e-01 @30 *
epoch   31 | train 8.318025e-01 | val 8.245800e-01 |   4.180 s | best 8.245800e-01 @31 *
epoch   32 | train 8.365253e-01 | val 8.241181e-01 |   4.183 s | best 8.241181e-01 @32 *
epoch   33 | train 8.348367e-01 | val 8.237101e-01 |   4.184 s | best 8.237101e-01 @33 *
epoch   34 | train 8.338023e-01 | val 8.234013e-01 |   4.203 s | best 8.234013e-01 @34 *
epoch   35 | train 8.317794e-01 | val 8.231625e-01 |   4.197 s | best 8.231625e-01 @35 *
epoch   36 | train 8.350680e-01 | val 8.229241e-01 |   4.178 s | best 8.229241e-01 @36 *
epoch   37 | train 8.278780e-01 | val 8.227243e-01 |   4.287 s | best 8.227243e-01 @37 *
epoch   38 | train 8.344556e-01 | val 8.225732e-01 |   4.199 s | best 8.225732e-01 @38 *
epoch   39 | train 8.344073e-01 | val 8.224748e-01 |   4.280 s | best 8.224748e-01 @39 *
epoch   40 | train 8.357315e-01 | val 8.223494e-01 |   4.242 s | best 8.223494e-01 @40 *
epoch   41 | train 8.343066e-01 | val 8.221986e-01 |   4.301 s | best 8.221986e-01 @41 *
epoch   42 | train 8.292399e-01 | val 8.220972e-01 |   4.216 s | best 8.220972e-01 @42 *
epoch   43 | train 8.293846e-01 | val 8.219894e-01 |   4.214 s | best 8.219894e-01 @43 *
epoch   44 | train 8.311028e-01 | val 8.218911e-01 |   4.221 s | best 8.218911e-01 @44 *
epoch   45 | train 8.313239e-01 | val 8.218415e-01 |   4.212 s | best 8.218415e-01 @45 *
epoch   46 | train 8.306470e-01 | val 8.217686e-01 |   4.218 s | best 8.217686e-01 @46 *
epoch   47 | train 8.331249e-01 | val 8.217195e-01 |   4.212 s | best 8.217195e-01 @47 *
epoch   48 | train 8.314299e-01 | val 8.216596e-01 |   4.219 s | best 8.216596e-01 @48 *
epoch   49 | train 8.315403e-01 | val 8.216425e-01 |   4.216 s | best 8.216425e-01 @49 *
epoch   50 | train 8.316974e-01 | val 8.216354e-01 |   4.231 s | best 8.216354e-01 @50 *
epoch   51 | train 8.302309e-01 | val 8.216770e-01 |   4.227 s | best 8.216354e-01 @50
epoch   52 | train 8.313284e-01 | val 8.216918e-01 |   4.219 s | best 8.216354e-01 @50
epoch   53 | train 8.268792e-01 | val 8.216983e-01 |   4.216 s | best 8.216354e-01 @50
epoch   54 | train 8.290378e-01 | val 8.216908e-01 |   4.220 s | best 8.216354e-01 @50
epoch   55 | train 8.298097e-01 | val 8.216957e-01 |   4.220 s | best 8.216354e-01 @50
epoch   56 | train 8.318801e-01 | val 8.216603e-01 |   4.216 s | best 8.216354e-01 @50
epoch   57 | train 8.288678e-01 | val 8.216305e-01 |   4.114 s | best 8.216305e-01 @57 *
epoch   58 | train 8.268637e-01 | val 8.215981e-01 |   4.140 s | best 8.215981e-01 @58 *
epoch   59 | train 8.339851e-01 | val 8.215938e-01 |   4.154 s | best 8.215938e-01 @59 *
epoch   60 | train 8.313883e-01 | val 8.215631e-01 |   4.097 s | best 8.215631e-01 @60 *
epoch   61 | train 8.283911e-01 | val 8.215281e-01 |   4.179 s | best 8.215281e-01 @61 *
epoch   62 | train 8.337622e-01 | val 8.214568e-01 |   4.120 s | best 8.214568e-01 @62 *
epoch   63 | train 8.287244e-01 | val 8.214224e-01 |   4.161 s | best 8.214224e-01 @63 *
epoch   64 | train 8.297715e-01 | val 8.213887e-01 |   4.147 s | best 8.213887e-01 @64 *
epoch   65 | train 8.331043e-01 | val 8.213871e-01 |   4.116 s | best 8.213871e-01 @65 *
epoch   66 | train 8.279681e-01 | val 8.213856e-01 |   4.128 s | best 8.213856e-01 @66 *
epoch   67 | train 8.278676e-01 | val 8.213694e-01 |   4.168 s | best 8.213694e-01 @67 *
epoch   68 | train 8.295490e-01 | val 8.213524e-01 |   4.165 s | best 8.213524e-01 @68 *
epoch   69 | train 8.286288e-01 | val 8.213282e-01 |   4.329 s | best 8.213282e-01 @69 *
epoch   70 | train 8.285923e-01 | val 8.212824e-01 |   4.328 s | best 8.212824e-01 @70 *
epoch   71 | train 8.269068e-01 | val 8.212322e-01 |   4.349 s | best 8.212322e-01 @71 *
epoch   72 | train 8.277780e-01 | val 8.212280e-01 |   4.362 s | best 8.212280e-01 @72 *
epoch   73 | train 8.339608e-01 | val 8.211944e-01 |   4.257 s | best 8.211944e-01 @73 *
epoch   74 | train 8.271892e-01 | val 8.211737e-01 |   4.239 s | best 8.211737e-01 @74 *
epoch   75 | train 8.285537e-01 | val 8.211538e-01 |   4.206 s | best 8.211538e-01 @75 *
epoch   76 | train 8.289878e-01 | val 8.211640e-01 |   4.220 s | best 8.211538e-01 @75
epoch   77 | train 8.309458e-01 | val 8.211545e-01 |   4.228 s | best 8.211538e-01 @75
epoch   78 | train 8.290372e-01 | val 8.211547e-01 |   4.220 s | best 8.211538e-01 @75
epoch   79 | train 8.301981e-01 | val 8.211360e-01 |   4.225 s | best 8.211360e-01 @79 *
epoch   80 | train 8.289881e-01 | val 8.211255e-01 |   4.212 s | best 8.211255e-01 @80 *
epoch   81 | train 8.315644e-01 | val 8.210998e-01 |   4.215 s | best 8.210998e-01 @81 *
epoch   82 | train 8.281561e-01 | val 8.210931e-01 |   4.217 s | best 8.210931e-01 @82 *
epoch   83 | train 8.295710e-01 | val 8.210974e-01 |   4.211 s | best 8.210931e-01 @82
epoch   84 | train 8.237600e-01 | val 8.211066e-01 |   4.218 s | best 8.210931e-01 @82
epoch   85 | train 8.285832e-01 | val 8.211286e-01 |   4.217 s | best 8.210931e-01 @82
epoch   86 | train 8.314171e-01 | val 8.211455e-01 |   4.236 s | best 8.210931e-01 @82
epoch   87 | train 8.246624e-01 | val 8.212035e-01 |   4.227 s | best 8.210931e-01 @82
epoch   88 | train 8.285850e-01 | val 8.212613e-01 |   4.208 s | best 8.210931e-01 @82
epoch   89 | train 8.283002e-01 | val 8.212653e-01 |   4.211 s | best 8.210931e-01 @82
epoch   90 | train 8.259784e-01 | val 8.212802e-01 |   4.214 s | best 8.210931e-01 @82
epoch   91 | train 8.276143e-01 | val 8.213354e-01 |   4.219 s | best 8.210931e-01 @82
epoch   92 | train 8.314843e-01 | val 8.214330e-01 |   4.208 s | best 8.210931e-01 @82
epoch   93 | train 8.235209e-01 | val 8.214979e-01 |   4.208 s | best 8.210931e-01 @82
epoch   94 | train 8.261961e-01 | val 8.215770e-01 |   4.158 s | best 8.210931e-01 @82
epoch   95 | train 8.286897e-01 | val 8.216590e-01 |   4.174 s | best 8.210931e-01 @82
epoch   96 | train 8.278872e-01 | val 8.217173e-01 |   4.157 s | best 8.210931e-01 @82
epoch   97 | train 8.293646e-01 | val 8.217635e-01 |   4.148 s | best 8.210931e-01 @82
# done        : 97 epochs, stopped_by=patience, aborted=False, best val 8.210931e-01 @ epoch 82, wall 429.3 s, 4.426 s/epoch
