
# ===== 2026-09-20 19:02:21 KST  HPO attempt 241  testbed D1 prior S  Nr=8 Nt=4
# DEVICE      : cuda | cuda_available=True | NVIDIA RTX PRO 6000 Blackwell Server Edition | torch 2.14.0+cu130 | train dtype float32 (01_RULES §9.5)
# data        : n_train=9000 n_val=1000 split_hash=98d6225d67f9c15a E||H||_F^2/(NrNt)=1.000268 (04_SPEC §2)
# sigma grid  : MEASURED, 20 points, log-uniform draw over [3.2936e-02, 7.9084e-01]
# hp          : {'arch': 'adm', 'param': 'edm', 'domain': 'angle', 'lr': 0.0004202070714498243, 'ema': 0.999, 'batch': 256, 'emb': 64, 'width': 64, 'depth': 3, 'heads': 2, 'attn_at': 8}  params=5007426
# stopping    : patience 15 on val loss, never before 0 epochs, max 600 (01_RULES §5)
epoch    1 | train 9.756142e-01 | val 9.905726e-01 |   1.733 s | best 9.905726e-01 @1 *
epoch    2 | train 8.793105e-01 | val 9.902340e-01 |   2.127 s | best 9.902340e-01 @2 *
epoch    3 | train 8.593610e-01 | val 9.897690e-01 |   2.274 s | best 9.897690e-01 @3 *
epoch    4 | train 8.546517e-01 | val 9.891000e-01 |   2.241 s | best 9.891000e-01 @4 *
epoch    5 | train 8.471748e-01 | val 9.881139e-01 |   2.207 s | best 9.881139e-01 @5 *
epoch    6 | train 8.441919e-01 | val 9.866847e-01 |   2.218 s | best 9.866847e-01 @6 *
epoch    7 | train 8.466780e-01 | val 9.846922e-01 |   2.230 s | best 9.846922e-01 @7 *
epoch    8 | train 8.400147e-01 | val 9.820120e-01 |   2.195 s | best 9.820120e-01 @8 *
epoch    9 | train 8.413670e-01 | val 9.785337e-01 |   2.199 s | best 9.785337e-01 @9 *
epoch   10 | train 8.392472e-01 | val 9.741618e-01 |   2.199 s | best 9.741618e-01 @10 *
epoch   11 | train 8.406806e-01 | val 9.688055e-01 |   2.206 s | best 9.688055e-01 @11 *
epoch   12 | train 8.378119e-01 | val 9.627025e-01 |   2.204 s | best 9.627025e-01 @12 *
epoch   13 | train 8.381571e-01 | val 9.560346e-01 |   2.218 s | best 9.560346e-01 @13 *
epoch   14 | train 8.391820e-01 | val 9.489511e-01 |   2.181 s | best 9.489511e-01 @14 *
epoch   15 | train 8.372700e-01 | val 9.414982e-01 |   1.864 s | best 9.414982e-01 @15 *
epoch   16 | train 8.357173e-01 | val 9.338470e-01 |   2.141 s | best 9.338470e-01 @16 *
epoch   17 | train 8.366088e-01 | val 9.263008e-01 |   2.142 s | best 9.263008e-01 @17 *
epoch   18 | train 8.360548e-01 | val 9.187447e-01 |   2.131 s | best 9.187447e-01 @18 *
epoch   19 | train 8.346895e-01 | val 9.117304e-01 |   2.150 s | best 9.117304e-01 @19 *
epoch   20 | train 8.371346e-01 | val 9.048089e-01 |   2.139 s | best 9.048089e-01 @20 *
epoch   21 | train 8.341133e-01 | val 8.984790e-01 |   2.147 s | best 8.984790e-01 @21 *
epoch   22 | train 8.349900e-01 | val 8.925990e-01 |   2.153 s | best 8.925990e-01 @22 *
epoch   23 | train 8.376472e-01 | val 8.870826e-01 |   2.144 s | best 8.870826e-01 @23 *
epoch   24 | train 8.377185e-01 | val 8.819404e-01 |   2.142 s | best 8.819404e-01 @24 *
epoch   25 | train 8.355980e-01 | val 8.771679e-01 |   2.153 s | best 8.771679e-01 @25 *
epoch   26 | train 8.333221e-01 | val 8.728293e-01 |   2.139 s | best 8.728293e-01 @26 *
epoch   27 | train 8.340965e-01 | val 8.687626e-01 |   2.141 s | best 8.687626e-01 @27 *
epoch   28 | train 8.350707e-01 | val 8.649597e-01 |   2.133 s | best 8.649597e-01 @28 *
epoch   29 | train 8.340846e-01 | val 8.614771e-01 |   2.147 s | best 8.614771e-01 @29 *
epoch   30 | train 8.351040e-01 | val 8.582752e-01 |   2.141 s | best 8.582752e-01 @30 *
epoch   31 | train 8.348838e-01 | val 8.553420e-01 |   2.141 s | best 8.553420e-01 @31 *
epoch   32 | train 8.332756e-01 | val 8.525993e-01 |   2.143 s | best 8.525993e-01 @32 *
epoch   33 | train 8.303903e-01 | val 8.500344e-01 |   2.129 s | best 8.500344e-01 @33 *
epoch   34 | train 8.314075e-01 | val 8.476349e-01 |   2.123 s | best 8.476349e-01 @34 *
epoch   35 | train 8.364090e-01 | val 8.454620e-01 |   2.112 s | best 8.454620e-01 @35 *
epoch   36 | train 8.326495e-01 | val 8.434591e-01 |   2.120 s | best 8.434591e-01 @36 *
epoch   37 | train 8.309800e-01 | val 8.416464e-01 |   2.108 s | best 8.416464e-01 @37 *
epoch   38 | train 8.309170e-01 | val 8.399837e-01 |   2.110 s | best 8.399837e-01 @38 *
epoch   39 | train 8.299545e-01 | val 8.384368e-01 |   2.112 s | best 8.384368e-01 @39 *
epoch   40 | train 8.330640e-01 | val 8.370149e-01 |   2.115 s | best 8.370149e-01 @40 *
epoch   41 | train 8.299706e-01 | val 8.357292e-01 |   2.107 s | best 8.357292e-01 @41 *
epoch   42 | train 8.308843e-01 | val 8.345550e-01 |   2.108 s | best 8.345550e-01 @42 *
epoch   43 | train 8.350745e-01 | val 8.335477e-01 |   2.089 s | best 8.335477e-01 @43 *
epoch   44 | train 8.294619e-01 | val 8.325760e-01 |   2.102 s | best 8.325760e-01 @44 *
epoch   45 | train 8.321892e-01 | val 8.316983e-01 |   2.093 s | best 8.316983e-01 @45 *
epoch   46 | train 8.298097e-01 | val 8.308844e-01 |   2.095 s | best 8.308844e-01 @46 *
epoch   47 | train 8.308808e-01 | val 8.301069e-01 |   2.085 s | best 8.301069e-01 @47 *
epoch   48 | train 8.311041e-01 | val 8.293725e-01 |   2.092 s | best 8.293725e-01 @48 *
epoch   49 | train 8.320316e-01 | val 8.287209e-01 |   2.114 s | best 8.287209e-01 @49 *
epoch   50 | train 8.319499e-01 | val 8.281082e-01 |   2.112 s | best 8.281082e-01 @50 *
epoch   51 | train 8.325316e-01 | val 8.275681e-01 |   2.107 s | best 8.275681e-01 @51 *
epoch   52 | train 8.282816e-01 | val 8.270514e-01 |   2.109 s | best 8.270514e-01 @52 *
epoch   53 | train 8.292622e-01 | val 8.265737e-01 |   2.108 s | best 8.265737e-01 @53 *
epoch   54 | train 8.320678e-01 | val 8.261385e-01 |   2.108 s | best 8.261385e-01 @54 *
epoch   55 | train 8.290609e-01 | val 8.257349e-01 |   2.140 s | best 8.257349e-01 @55 *
epoch   56 | train 8.255904e-01 | val 8.253707e-01 |   2.175 s | best 8.253707e-01 @56 *
epoch   57 | train 8.326403e-01 | val 8.250205e-01 |   2.134 s | best 8.250205e-01 @57 *
epoch   58 | train 8.305048e-01 | val 8.247336e-01 |   2.138 s | best 8.247336e-01 @58 *
epoch   59 | train 8.285594e-01 | val 8.244513e-01 |   2.137 s | best 8.244513e-01 @59 *
epoch   60 | train 8.296072e-01 | val 8.242062e-01 |   2.140 s | best 8.242062e-01 @60 *
epoch   61 | train 8.319261e-01 | val 8.239796e-01 |   2.135 s | best 8.239796e-01 @61 *
epoch   62 | train 8.320380e-01 | val 8.237554e-01 |   2.133 s | best 8.237554e-01 @62 *
epoch   63 | train 8.279196e-01 | val 8.235332e-01 |   2.137 s | best 8.235332e-01 @63 *
epoch   64 | train 8.307437e-01 | val 8.233551e-01 |   2.134 s | best 8.233551e-01 @64 *
epoch   65 | train 8.291491e-01 | val 8.231759e-01 |   2.135 s | best 8.231759e-01 @65 *
epoch   66 | train 8.320421e-01 | val 8.230289e-01 |   2.140 s | best 8.230289e-01 @66 *
epoch   67 | train 8.290722e-01 | val 8.228657e-01 |   2.159 s | best 8.228657e-01 @67 *
epoch   68 | train 8.341930e-01 | val 8.227351e-01 |   2.141 s | best 8.227351e-01 @68 *
epoch   69 | train 8.275503e-01 | val 8.226077e-01 |   2.138 s | best 8.226077e-01 @69 *
epoch   70 | train 8.340394e-01 | val 8.225093e-01 |   2.136 s | best 8.225093e-01 @70 *
epoch   71 | train 8.267146e-01 | val 8.224193e-01 |   2.138 s | best 8.224193e-01 @71 *
epoch   72 | train 8.244676e-01 | val 8.223407e-01 |   2.138 s | best 8.223407e-01 @72 *
epoch   73 | train 8.301870e-01 | val 8.222587e-01 |   2.152 s | best 8.222587e-01 @73 *
epoch   74 | train 8.304669e-01 | val 8.221871e-01 |   2.139 s | best 8.221871e-01 @74 *
epoch   75 | train 8.308452e-01 | val 8.221092e-01 |   2.146 s | best 8.221092e-01 @75 *
epoch   76 | train 8.288863e-01 | val 8.220547e-01 |   2.132 s | best 8.220547e-01 @76 *
epoch   77 | train 8.270327e-01 | val 8.220032e-01 |   2.134 s | best 8.220032e-01 @77 *
epoch   78 | train 8.289241e-01 | val 8.219534e-01 |   2.131 s | best 8.219534e-01 @78 *
epoch   79 | train 8.242028e-01 | val 8.218813e-01 |   2.134 s | best 8.218813e-01 @79 *
epoch   80 | train 8.290576e-01 | val 8.218237e-01 |   2.138 s | best 8.218237e-01 @80 *
epoch   81 | train 8.267993e-01 | val 8.217636e-01 |   2.136 s | best 8.217636e-01 @81 *
epoch   82 | train 8.299884e-01 | val 8.217232e-01 |   2.136 s | best 8.217232e-01 @82 *
epoch   83 | train 8.320240e-01 | val 8.217108e-01 |   2.142 s | best 8.217108e-01 @83 *
epoch   84 | train 8.262683e-01 | val 8.216897e-01 |   2.137 s | best 8.216897e-01 @84 *
epoch   85 | train 8.283531e-01 | val 8.216531e-01 |   2.134 s | best 8.216531e-01 @85 *
epoch   86 | train 8.251804e-01 | val 8.216296e-01 |   2.134 s | best 8.216296e-01 @86 *
epoch   87 | train 8.288997e-01 | val 8.216051e-01 |   2.145 s | best 8.216051e-01 @87 *
epoch   88 | train 8.262215e-01 | val 8.215968e-01 |   2.121 s | best 8.215968e-01 @88 *
epoch   89 | train 8.306256e-01 | val 8.215744e-01 |   2.139 s | best 8.215744e-01 @89 *
epoch   90 | train 8.281673e-01 | val 8.215754e-01 |   2.133 s | best 8.215744e-01 @89
epoch   91 | train 8.279744e-01 | val 8.215545e-01 |   2.143 s | best 8.215545e-01 @91 *
epoch   92 | train 8.314805e-01 | val 8.215472e-01 |   2.126 s | best 8.215472e-01 @92 *
epoch   93 | train 8.260282e-01 | val 8.215427e-01 |   2.140 s | best 8.215427e-01 @93 *
epoch   94 | train 8.265906e-01 | val 8.215333e-01 |   2.142 s | best 8.215333e-01 @94 *
epoch   95 | train 8.236351e-01 | val 8.215415e-01 |   2.036 s | best 8.215333e-01 @94
epoch   96 | train 8.259210e-01 | val 8.215501e-01 |   2.134 s | best 8.215333e-01 @94
epoch   97 | train 8.286657e-01 | val 8.215739e-01 |   2.141 s | best 8.215333e-01 @94
epoch   98 | train 8.287107e-01 | val 8.215953e-01 |   2.132 s | best 8.215333e-01 @94
epoch   99 | train 8.284935e-01 | val 8.215973e-01 |   2.134 s | best 8.215333e-01 @94
epoch  100 | train 8.286795e-01 | val 8.216047e-01 |   2.125 s | best 8.215333e-01 @94
epoch  101 | train 8.299006e-01 | val 8.216069e-01 |   2.168 s | best 8.215333e-01 @94
epoch  102 | train 8.284647e-01 | val 8.216149e-01 |   2.190 s | best 8.215333e-01 @94
epoch  103 | train 8.243532e-01 | val 8.216416e-01 |   2.183 s | best 8.215333e-01 @94
epoch  104 | train 8.289754e-01 | val 8.216962e-01 |   2.192 s | best 8.215333e-01 @94
epoch  105 | train 8.257889e-01 | val 8.217392e-01 |   2.178 s | best 8.215333e-01 @94
epoch  106 | train 8.303893e-01 | val 8.217728e-01 |   2.194 s | best 8.215333e-01 @94
epoch  107 | train 8.257685e-01 | val 8.218317e-01 |   2.185 s | best 8.215333e-01 @94
epoch  108 | train 8.270794e-01 | val 8.218576e-01 |   2.198 s | best 8.215333e-01 @94
epoch  109 | train 8.253405e-01 | val 8.218973e-01 |   2.184 s | best 8.215333e-01 @94
# done        : 109 epochs, stopped_by=patience, aborted=False, best val 8.215333e-01 @ epoch 94, wall 255.7 s, 2.346 s/epoch
