
# ===== 2026-09-20 20:30:22 KST  HPO attempt 320  testbed D1 prior S  Nr=8 Nt=4
# DEVICE      : cuda | cuda_available=True | NVIDIA RTX PRO 6000 Blackwell Server Edition | torch 2.14.0+cu130 | train dtype float32 (01_RULES §9.5)
# data        : n_train=9000 n_val=1000 split_hash=98d6225d67f9c15a E||H||_F^2/(NrNt)=1.000268 (04_SPEC §2)
# sigma grid  : MEASURED, 20 points, log-uniform draw over [3.2936e-02, 7.9084e-01]
# hp          : {'arch': 'adm', 'param': 'vp', 'domain': 'angle', 'lr': 0.0005738794851319366, 'ema': 0.999, 'batch': 128, 'emb': 128, 'width': 64, 'depth': 3, 'heads': 4, 'attn_at': 8}  params=5023810
# stopping    : patience 15 on val loss, never before 0 epochs, max 600 (01_RULES §5)
epoch    1 | train 8.397176e-01 | val 9.719104e-01 |   4.297 s | best 9.719104e-01 @1 *
epoch    2 | train 7.719822e-01 | val 9.476859e-01 |   4.295 s | best 9.476859e-01 @2 *
epoch    3 | train 7.603039e-01 | val 9.249799e-01 |   4.300 s | best 9.249799e-01 @3 *
epoch    4 | train 7.594977e-01 | val 9.035066e-01 |   4.300 s | best 9.035066e-01 @4 *
epoch    5 | train 7.542022e-01 | val 8.827093e-01 |   4.291 s | best 8.827093e-01 @5 *
epoch    6 | train 7.558579e-01 | val 8.625486e-01 |   4.297 s | best 8.625486e-01 @6 *
epoch    7 | train 7.514293e-01 | val 8.439383e-01 |   4.299 s | best 8.439383e-01 @7 *
epoch    8 | train 7.527965e-01 | val 8.276572e-01 |   4.204 s | best 8.276572e-01 @8 *
epoch    9 | train 7.476442e-01 | val 8.138539e-01 |   4.297 s | best 8.138539e-01 @9 *
epoch   10 | train 7.482570e-01 | val 8.022959e-01 |   4.305 s | best 8.022959e-01 @10 *
epoch   11 | train 7.491184e-01 | val 7.926603e-01 |   4.293 s | best 7.926603e-01 @11 *
epoch   12 | train 7.468440e-01 | val 7.846955e-01 |   4.306 s | best 7.846955e-01 @12 *
epoch   13 | train 7.495230e-01 | val 7.778519e-01 |   4.307 s | best 7.778519e-01 @13 *
epoch   14 | train 7.414072e-01 | val 7.719942e-01 |   4.299 s | best 7.719942e-01 @14 *
epoch   15 | train 7.512826e-01 | val 7.668734e-01 |   4.305 s | best 7.668734e-01 @15 *
epoch   16 | train 7.449483e-01 | val 7.623516e-01 |   4.304 s | best 7.623516e-01 @16 *
epoch   17 | train 7.461805e-01 | val 7.583480e-01 |   4.416 s | best 7.583480e-01 @17 *
epoch   18 | train 7.478326e-01 | val 7.549260e-01 |   4.437 s | best 7.549260e-01 @18 *
epoch   19 | train 7.471948e-01 | val 7.518294e-01 |   4.375 s | best 7.518294e-01 @19 *
epoch   20 | train 7.479592e-01 | val 7.490613e-01 |   4.183 s | best 7.490613e-01 @20 *
epoch   21 | train 7.459109e-01 | val 7.465772e-01 |   4.212 s | best 7.465772e-01 @21 *
epoch   22 | train 7.451323e-01 | val 7.444448e-01 |   4.141 s | best 7.444448e-01 @22 *
epoch   23 | train 7.440753e-01 | val 7.425859e-01 |   4.160 s | best 7.425859e-01 @23 *
epoch   24 | train 7.432636e-01 | val 7.409440e-01 |   4.151 s | best 7.409440e-01 @24 *
epoch   25 | train 7.480513e-01 | val 7.394733e-01 |   4.148 s | best 7.394733e-01 @25 *
epoch   26 | train 7.460901e-01 | val 7.381710e-01 |   4.156 s | best 7.381710e-01 @26 *
epoch   27 | train 7.440965e-01 | val 7.370182e-01 |   4.085 s | best 7.370182e-01 @27 *
epoch   28 | train 7.465157e-01 | val 7.359836e-01 |   4.181 s | best 7.359836e-01 @28 *
epoch   29 | train 7.419476e-01 | val 7.350191e-01 |   4.199 s | best 7.350191e-01 @29 *
epoch   30 | train 7.439399e-01 | val 7.342839e-01 |   4.209 s | best 7.342839e-01 @30 *
epoch   31 | train 7.444153e-01 | val 7.335927e-01 |   4.215 s | best 7.335927e-01 @31 *
epoch   32 | train 7.468253e-01 | val 7.330384e-01 |   4.306 s | best 7.330384e-01 @32 *
epoch   33 | train 7.463085e-01 | val 7.325352e-01 |   4.302 s | best 7.325352e-01 @33 *
epoch   34 | train 7.420873e-01 | val 7.320753e-01 |   4.304 s | best 7.320753e-01 @34 *
epoch   35 | train 7.420674e-01 | val 7.316545e-01 |   4.299 s | best 7.316545e-01 @35 *
epoch   36 | train 7.385800e-01 | val 7.312647e-01 |   4.317 s | best 7.312647e-01 @36 *
epoch   37 | train 7.456970e-01 | val 7.309364e-01 |   4.315 s | best 7.309364e-01 @37 *
epoch   38 | train 7.440415e-01 | val 7.306231e-01 |   4.321 s | best 7.306231e-01 @38 *
epoch   39 | train 7.435123e-01 | val 7.303153e-01 |   4.320 s | best 7.303153e-01 @39 *
epoch   40 | train 7.479268e-01 | val 7.300606e-01 |   4.374 s | best 7.300606e-01 @40 *
epoch   41 | train 7.450429e-01 | val 7.298461e-01 |   4.335 s | best 7.298461e-01 @41 *
epoch   42 | train 7.471119e-01 | val 7.296843e-01 |   4.328 s | best 7.296843e-01 @42 *
epoch   43 | train 7.444740e-01 | val 7.295521e-01 |   4.329 s | best 7.295521e-01 @43 *
epoch   44 | train 7.458737e-01 | val 7.294424e-01 |   4.350 s | best 7.294424e-01 @44 *
epoch   45 | train 7.399237e-01 | val 7.293153e-01 |   4.316 s | best 7.293153e-01 @45 *
epoch   46 | train 7.425337e-01 | val 7.291993e-01 |   4.306 s | best 7.291993e-01 @46 *
epoch   47 | train 7.396253e-01 | val 7.290796e-01 |   4.317 s | best 7.290796e-01 @47 *
epoch   48 | train 7.432529e-01 | val 7.289813e-01 |   4.313 s | best 7.289813e-01 @48 *
epoch   49 | train 7.416132e-01 | val 7.288776e-01 |   4.351 s | best 7.288776e-01 @49 *
epoch   50 | train 7.421985e-01 | val 7.287874e-01 |   4.334 s | best 7.287874e-01 @50 *
epoch   51 | train 7.428894e-01 | val 7.287350e-01 |   4.328 s | best 7.287350e-01 @51 *
epoch   52 | train 7.457481e-01 | val 7.286850e-01 |   4.336 s | best 7.286850e-01 @52 *
epoch   53 | train 7.431024e-01 | val 7.286147e-01 |   4.321 s | best 7.286147e-01 @53 *
epoch   54 | train 7.429441e-01 | val 7.285766e-01 |   4.345 s | best 7.285766e-01 @54 *
epoch   55 | train 7.422011e-01 | val 7.285401e-01 |   4.298 s | best 7.285401e-01 @55 *
epoch   56 | train 7.402579e-01 | val 7.285083e-01 |   4.301 s | best 7.285083e-01 @56 *
epoch   57 | train 7.434230e-01 | val 7.284974e-01 |   4.298 s | best 7.284974e-01 @57 *
epoch   58 | train 7.422996e-01 | val 7.284804e-01 |   4.379 s | best 7.284804e-01 @58 *
epoch   59 | train 7.427128e-01 | val 7.284691e-01 |   4.331 s | best 7.284691e-01 @59 *
epoch   60 | train 7.396311e-01 | val 7.284617e-01 |   4.316 s | best 7.284617e-01 @60 *
epoch   61 | train 7.405375e-01 | val 7.284706e-01 |   4.340 s | best 7.284617e-01 @60
epoch   62 | train 7.408129e-01 | val 7.284643e-01 |   4.337 s | best 7.284617e-01 @60
epoch   63 | train 7.427350e-01 | val 7.284572e-01 |   4.353 s | best 7.284572e-01 @63 *
epoch   64 | train 7.401000e-01 | val 7.284621e-01 |   4.372 s | best 7.284572e-01 @63
epoch   65 | train 7.394418e-01 | val 7.284606e-01 |   4.336 s | best 7.284572e-01 @63
epoch   66 | train 7.453935e-01 | val 7.285041e-01 |   4.329 s | best 7.284572e-01 @63
epoch   67 | train 7.413713e-01 | val 7.284761e-01 |   4.335 s | best 7.284572e-01 @63
epoch   68 | train 7.390119e-01 | val 7.284604e-01 |   4.327 s | best 7.284572e-01 @63
epoch   69 | train 7.417031e-01 | val 7.284542e-01 |   4.327 s | best 7.284542e-01 @69 *
epoch   70 | train 7.405411e-01 | val 7.284477e-01 |   4.332 s | best 7.284477e-01 @70 *
epoch   71 | train 7.380276e-01 | val 7.284816e-01 |   4.333 s | best 7.284477e-01 @70
epoch   72 | train 7.365697e-01 | val 7.285013e-01 |   4.338 s | best 7.284477e-01 @70
epoch   73 | train 7.408354e-01 | val 7.285157e-01 |   4.332 s | best 7.284477e-01 @70
epoch   74 | train 7.448680e-01 | val 7.285286e-01 |   4.334 s | best 7.284477e-01 @70
epoch   75 | train 7.402057e-01 | val 7.285475e-01 |   4.355 s | best 7.284477e-01 @70
epoch   76 | train 7.399471e-01 | val 7.285817e-01 |   4.309 s | best 7.284477e-01 @70
epoch   77 | train 7.432476e-01 | val 7.286142e-01 |   4.312 s | best 7.284477e-01 @70
epoch   78 | train 7.412072e-01 | val 7.286170e-01 |   4.367 s | best 7.284477e-01 @70
epoch   79 | train 7.407882e-01 | val 7.286302e-01 |   4.326 s | best 7.284477e-01 @70
epoch   80 | train 7.415673e-01 | val 7.286307e-01 |   4.328 s | best 7.284477e-01 @70
epoch   81 | train 7.361985e-01 | val 7.286789e-01 |   4.331 s | best 7.284477e-01 @70
epoch   82 | train 7.399466e-01 | val 7.286652e-01 |   4.338 s | best 7.284477e-01 @70
epoch   83 | train 7.383095e-01 | val 7.286858e-01 |   4.343 s | best 7.284477e-01 @70
epoch   84 | train 7.416898e-01 | val 7.287036e-01 |   4.484 s | best 7.284477e-01 @70
epoch   85 | train 7.406801e-01 | val 7.287546e-01 |   4.565 s | best 7.284477e-01 @70
# done        : 85 epochs, stopped_by=patience, aborted=False, best val 7.284477e-01 @ epoch 70, wall 383.2 s, 4.508 s/epoch
