
# ===== 2026-09-20 20:18:27 KST  HPO attempt 308  testbed D1 prior S  Nr=8 Nt=4
# DEVICE      : cuda | cuda_available=True | NVIDIA RTX PRO 6000 Blackwell Server Edition | torch 2.14.0+cu130 | train dtype float32 (01_RULES §9.5)
# data        : n_train=9000 n_val=1000 split_hash=98d6225d67f9c15a E||H||_F^2/(NrNt)=1.000268 (04_SPEC §2)
# sigma grid  : MEASURED, 20 points, log-uniform draw over [3.2936e-02, 7.9084e-01]
# hp          : {'arch': 'adm', 'param': 'edm', 'domain': 'angle', 'lr': 0.0003721029255917559, 'ema': 0.99, 'batch': 128, 'emb': 256, 'width': 96, 'depth': 4, 'heads': 2, 'attn_at': 8}  params=11317346
# stopping    : patience 15 on val loss, never before 0 epochs, max 600 (01_RULES §5)
epoch    1 | train 9.485025e-01 | val 9.753870e-01 |   4.649 s | best 9.753870e-01 @1 *
epoch    2 | train 8.660596e-01 | val 8.975345e-01 |   4.433 s | best 8.975345e-01 @2 *
epoch    3 | train 8.555117e-01 | val 8.482175e-01 |   4.458 s | best 8.482175e-01 @3 *
epoch    4 | train 8.494621e-01 | val 8.336970e-01 |   4.444 s | best 8.336970e-01 @4 *
epoch    5 | train 8.423001e-01 | val 8.291227e-01 |   4.521 s | best 8.291227e-01 @5 *
epoch    6 | train 8.432581e-01 | val 8.275024e-01 |   4.551 s | best 8.275024e-01 @6 *
epoch    7 | train 8.396297e-01 | val 8.264192e-01 |   4.436 s | best 8.264192e-01 @7 *
epoch    8 | train 8.432746e-01 | val 8.257652e-01 |   4.427 s | best 8.257652e-01 @8 *
epoch    9 | train 8.413560e-01 | val 8.250521e-01 |   4.420 s | best 8.250521e-01 @9 *
epoch   10 | train 8.410692e-01 | val 8.242688e-01 |   4.421 s | best 8.242688e-01 @10 *
epoch   11 | train 8.409148e-01 | val 8.237727e-01 |   4.423 s | best 8.237727e-01 @11 *
epoch   12 | train 8.381959e-01 | val 8.238044e-01 |   4.426 s | best 8.237727e-01 @11
epoch   13 | train 8.355388e-01 | val 8.237012e-01 |   4.437 s | best 8.237012e-01 @13 *
epoch   14 | train 8.346791e-01 | val 8.231208e-01 |   4.429 s | best 8.231208e-01 @14 *
epoch   15 | train 8.367883e-01 | val 8.230861e-01 |   4.435 s | best 8.230861e-01 @15 *
epoch   16 | train 8.348122e-01 | val 8.229086e-01 |   4.428 s | best 8.229086e-01 @16 *
epoch   17 | train 8.394034e-01 | val 8.227699e-01 |   4.426 s | best 8.227699e-01 @17 *
epoch   18 | train 8.364602e-01 | val 8.226829e-01 |   4.429 s | best 8.226829e-01 @18 *
epoch   19 | train 8.343492e-01 | val 8.229706e-01 |   4.423 s | best 8.226829e-01 @18
epoch   20 | train 8.380433e-01 | val 8.228776e-01 |   4.469 s | best 8.226829e-01 @18
epoch   21 | train 8.360375e-01 | val 8.225349e-01 |   4.445 s | best 8.225349e-01 @21 *
epoch   22 | train 8.352643e-01 | val 8.225022e-01 |   4.448 s | best 8.225022e-01 @22 *
epoch   23 | train 8.325308e-01 | val 8.220938e-01 |   4.431 s | best 8.220938e-01 @23 *
epoch   24 | train 8.334801e-01 | val 8.221611e-01 |   4.437 s | best 8.220938e-01 @23
epoch   25 | train 8.329364e-01 | val 8.221024e-01 |   1.581 s | best 8.220938e-01 @23
epoch   26 | train 8.363284e-01 | val 8.218516e-01 |   4.414 s | best 8.218516e-01 @26 *
epoch   27 | train 8.321402e-01 | val 8.217403e-01 |   4.419 s | best 8.217403e-01 @27 *
epoch   28 | train 8.324120e-01 | val 8.217016e-01 |   4.427 s | best 8.217016e-01 @28 *
epoch   29 | train 8.348695e-01 | val 8.216065e-01 |   4.423 s | best 8.216065e-01 @29 *
epoch   30 | train 8.320791e-01 | val 8.217335e-01 |   4.376 s | best 8.216065e-01 @29
epoch   31 | train 8.328604e-01 | val 8.217374e-01 |   4.362 s | best 8.216065e-01 @29
epoch   32 | train 8.350306e-01 | val 8.220583e-01 |   4.367 s | best 8.216065e-01 @29
epoch   33 | train 8.357394e-01 | val 8.222932e-01 |   4.369 s | best 8.216065e-01 @29
epoch   34 | train 8.312505e-01 | val 8.222320e-01 |   4.372 s | best 8.216065e-01 @29
epoch   35 | train 8.346981e-01 | val 8.224745e-01 |   4.360 s | best 8.216065e-01 @29
epoch   36 | train 8.313811e-01 | val 8.221667e-01 |   4.380 s | best 8.216065e-01 @29
epoch   37 | train 8.315038e-01 | val 8.220140e-01 |   4.398 s | best 8.216065e-01 @29
epoch   38 | train 8.335335e-01 | val 8.220829e-01 |   4.424 s | best 8.216065e-01 @29
epoch   39 | train 8.333975e-01 | val 8.221614e-01 |   2.712 s | best 8.216065e-01 @29
epoch   40 | train 8.346834e-01 | val 8.223107e-01 |   1.919 s | best 8.216065e-01 @29
epoch   41 | train 8.320149e-01 | val 8.222516e-01 |   4.621 s | best 8.216065e-01 @29
epoch   42 | train 8.257686e-01 | val 8.224201e-01 |   4.627 s | best 8.216065e-01 @29
epoch   43 | train 8.260854e-01 | val 8.222437e-01 |   4.510 s | best 8.216065e-01 @29
epoch   44 | train 8.344076e-01 | val 8.222693e-01 |   4.435 s | best 8.216065e-01 @29
# done        : 44 epochs, stopped_by=patience, aborted=False, best val 8.216065e-01 @ epoch 29, wall 204.4 s, 4.646 s/epoch
