
# ===== 2026-09-20 21:35:26 KST  HPO attempt 380  testbed D1 prior S  Nr=8 Nt=4
# DEVICE      : cuda | cuda_available=True | NVIDIA RTX PRO 6000 Blackwell Server Edition | torch 2.14.0+cu130 | train dtype float32 (01_RULES §9.5)
# data        : n_train=9000 n_val=1000 split_hash=98d6225d67f9c15a E||H||_F^2/(NrNt)=1.000268 (04_SPEC §2)
# sigma grid  : MEASURED, 20 points, log-uniform draw over [3.2936e-02, 7.9084e-01]
# hp          : {'arch': 'adm', 'param': 'edm', 'domain': 'angle', 'lr': 0.0004578930987149635, 'ema': 0.999, 'batch': 128, 'emb': 64, 'width': 48, 'depth': 5, 'heads': 4, 'attn_at': 8}  params=2822450
# stopping    : patience 15 on val loss, never before 0 epochs, max 600 (01_RULES §5)
epoch    1 | train 9.504305e-01 | val 9.904491e-01 |   3.874 s | best 9.904491e-01 @1 *
epoch    2 | train 8.687732e-01 | val 9.897367e-01 |   4.226 s | best 9.897367e-01 @2 *
epoch    3 | train 8.557932e-01 | val 9.880322e-01 |   4.221 s | best 9.880322e-01 @3 *
epoch    4 | train 8.490710e-01 | val 9.845024e-01 |   4.260 s | best 9.845024e-01 @4 *
epoch    5 | train 8.449696e-01 | val 9.783866e-01 |   4.244 s | best 9.783866e-01 @5 *
epoch    6 | train 8.471916e-01 | val 9.692977e-01 |   4.273 s | best 9.692977e-01 @6 *
epoch    7 | train 8.414126e-01 | val 9.576539e-01 |   4.233 s | best 9.576539e-01 @7 *
epoch    8 | train 8.418117e-01 | val 9.445625e-01 |   4.232 s | best 9.445625e-01 @8 *
epoch    9 | train 8.404930e-01 | val 9.309302e-01 |   4.445 s | best 9.309302e-01 @9 *
epoch   10 | train 8.415080e-01 | val 9.178288e-01 |   4.595 s | best 9.178288e-01 @10 *
epoch   11 | train 8.398824e-01 | val 9.056109e-01 |   4.593 s | best 9.056109e-01 @11 *
epoch   12 | train 8.432566e-01 | val 8.943537e-01 |   4.517 s | best 8.943537e-01 @12 *
epoch   13 | train 8.433900e-01 | val 8.845848e-01 |   4.387 s | best 8.845848e-01 @13 *
epoch   14 | train 8.371407e-01 | val 8.760378e-01 |   4.528 s | best 8.760378e-01 @14 *
epoch   15 | train 8.315028e-01 | val 8.682590e-01 |   4.391 s | best 8.682590e-01 @15 *
epoch   16 | train 8.378981e-01 | val 8.616071e-01 |   4.390 s | best 8.616071e-01 @16 *
epoch   17 | train 8.337808e-01 | val 8.558289e-01 |   4.394 s | best 8.558289e-01 @17 *
epoch   18 | train 8.330255e-01 | val 8.509393e-01 |   4.391 s | best 8.509393e-01 @18 *
epoch   19 | train 8.367475e-01 | val 8.468707e-01 |   4.391 s | best 8.468707e-01 @19 *
epoch   20 | train 8.355599e-01 | val 8.432906e-01 |   4.282 s | best 8.432906e-01 @20 *
epoch   21 | train 8.391512e-01 | val 8.403458e-01 |   4.236 s | best 8.403458e-01 @21 *
epoch   22 | train 8.335131e-01 | val 8.377317e-01 |   4.251 s | best 8.377317e-01 @22 *
epoch   23 | train 8.328153e-01 | val 8.355081e-01 |   4.241 s | best 8.355081e-01 @23 *
epoch   24 | train 8.365535e-01 | val 8.335889e-01 |   4.246 s | best 8.335889e-01 @24 *
epoch   25 | train 8.373500e-01 | val 8.319362e-01 |   4.262 s | best 8.319362e-01 @25 *
epoch   26 | train 8.335370e-01 | val 8.305590e-01 |   4.246 s | best 8.305590e-01 @26 *
epoch   27 | train 8.365461e-01 | val 8.293736e-01 |   4.256 s | best 8.293736e-01 @27 *
epoch   28 | train 8.317053e-01 | val 8.283452e-01 |   4.384 s | best 8.283452e-01 @28 *
epoch   29 | train 8.332604e-01 | val 8.274270e-01 |   4.381 s | best 8.274270e-01 @29 *
epoch   30 | train 8.328851e-01 | val 8.266668e-01 |   4.381 s | best 8.266668e-01 @30 *
epoch   31 | train 8.333939e-01 | val 8.259896e-01 |   4.380 s | best 8.259896e-01 @31 *
epoch   32 | train 8.352481e-01 | val 8.254054e-01 |   4.392 s | best 8.254054e-01 @32 *
epoch   33 | train 8.365736e-01 | val 8.249245e-01 |   4.391 s | best 8.249245e-01 @33 *
epoch   34 | train 8.327142e-01 | val 8.244945e-01 |   4.390 s | best 8.244945e-01 @34 *
epoch   35 | train 8.321714e-01 | val 8.241132e-01 |   4.387 s | best 8.241132e-01 @35 *
epoch   36 | train 8.322737e-01 | val 8.237888e-01 |   4.386 s | best 8.237888e-01 @36 *
epoch   37 | train 8.348979e-01 | val 8.235049e-01 |   4.382 s | best 8.235049e-01 @37 *
epoch   38 | train 8.349975e-01 | val 8.232228e-01 |   4.394 s | best 8.232228e-01 @38 *
epoch   39 | train 8.352291e-01 | val 8.230053e-01 |   4.397 s | best 8.230053e-01 @39 *
epoch   40 | train 8.315861e-01 | val 8.228206e-01 |   4.406 s | best 8.228206e-01 @40 *
epoch   41 | train 8.326486e-01 | val 8.226401e-01 |   4.396 s | best 8.226401e-01 @41 *
epoch   42 | train 8.344323e-01 | val 8.225027e-01 |   4.399 s | best 8.225027e-01 @42 *
epoch   43 | train 8.326597e-01 | val 8.223617e-01 |   4.401 s | best 8.223617e-01 @43 *
epoch   44 | train 8.337393e-01 | val 8.222466e-01 |   4.402 s | best 8.222466e-01 @44 *
epoch   45 | train 8.322028e-01 | val 8.220928e-01 |   4.411 s | best 8.220928e-01 @45 *
epoch   46 | train 8.287804e-01 | val 8.219922e-01 |   4.405 s | best 8.219922e-01 @46 *
epoch   47 | train 8.313011e-01 | val 8.219264e-01 |   4.420 s | best 8.219264e-01 @47 *
epoch   48 | train 8.334626e-01 | val 8.219009e-01 |   4.393 s | best 8.219009e-01 @48 *
epoch   49 | train 8.330464e-01 | val 8.218429e-01 |   4.393 s | best 8.218429e-01 @49 *
epoch   50 | train 8.285520e-01 | val 8.217962e-01 |   4.389 s | best 8.217962e-01 @50 *
epoch   51 | train 8.272091e-01 | val 8.217380e-01 |   4.385 s | best 8.217380e-01 @51 *
epoch   52 | train 8.316754e-01 | val 8.217022e-01 |   4.389 s | best 8.217022e-01 @52 *
epoch   53 | train 8.285786e-01 | val 8.217005e-01 |   4.387 s | best 8.217005e-01 @53 *
epoch   54 | train 8.310285e-01 | val 8.216822e-01 |   4.392 s | best 8.216822e-01 @54 *
epoch   55 | train 8.267351e-01 | val 8.216372e-01 |   4.398 s | best 8.216372e-01 @55 *
epoch   56 | train 8.306281e-01 | val 8.216059e-01 |   4.394 s | best 8.216059e-01 @56 *
epoch   57 | train 8.320823e-01 | val 8.215967e-01 |   4.395 s | best 8.215967e-01 @57 *
epoch   58 | train 8.295824e-01 | val 8.215873e-01 |   4.393 s | best 8.215873e-01 @58 *
epoch   59 | train 8.324698e-01 | val 8.216110e-01 |   4.391 s | best 8.215873e-01 @58
epoch   60 | train 8.316930e-01 | val 8.216035e-01 |   4.393 s | best 8.215873e-01 @58
epoch   61 | train 8.315135e-01 | val 8.215789e-01 |   4.395 s | best 8.215789e-01 @61 *
epoch   62 | train 8.286794e-01 | val 8.215444e-01 |   4.389 s | best 8.215444e-01 @62 *
epoch   63 | train 8.321516e-01 | val 8.215253e-01 |   4.444 s | best 8.215253e-01 @63 *
epoch   64 | train 8.323524e-01 | val 8.215117e-01 |   4.627 s | best 8.215117e-01 @64 *
epoch   65 | train 8.310821e-01 | val 8.215066e-01 |   4.621 s | best 8.215066e-01 @65 *
epoch   66 | train 8.293912e-01 | val 8.215144e-01 |   4.564 s | best 8.215066e-01 @65
epoch   67 | train 8.291507e-01 | val 8.215396e-01 |   4.637 s | best 8.215066e-01 @65
epoch   68 | train 8.310598e-01 | val 8.215634e-01 |   4.454 s | best 8.215066e-01 @65
epoch   69 | train 8.292365e-01 | val 8.215463e-01 |   4.351 s | best 8.215066e-01 @65
epoch   70 | train 8.299416e-01 | val 8.215014e-01 |   4.256 s | best 8.215014e-01 @70 *
epoch   71 | train 8.289524e-01 | val 8.214606e-01 |   4.252 s | best 8.214606e-01 @71 *
epoch   72 | train 8.298591e-01 | val 8.214080e-01 |   4.252 s | best 8.214080e-01 @72 *
epoch   73 | train 8.322506e-01 | val 8.214090e-01 |   4.260 s | best 8.214080e-01 @72
epoch   74 | train 8.341418e-01 | val 8.213961e-01 |   4.274 s | best 8.213961e-01 @74 *
epoch   75 | train 8.305781e-01 | val 8.214021e-01 |   4.246 s | best 8.213961e-01 @74
epoch   76 | train 8.304474e-01 | val 8.214399e-01 |   4.238 s | best 8.213961e-01 @74
epoch   77 | train 8.312360e-01 | val 8.214282e-01 |   4.366 s | best 8.213961e-01 @74
epoch   78 | train 8.286367e-01 | val 8.214509e-01 |   4.420 s | best 8.213961e-01 @74
epoch   79 | train 8.298702e-01 | val 8.214375e-01 |   4.413 s | best 8.213961e-01 @74
epoch   80 | train 8.245512e-01 | val 8.214232e-01 |   4.417 s | best 8.213961e-01 @74
epoch   81 | train 8.312247e-01 | val 8.214542e-01 |   4.417 s | best 8.213961e-01 @74
epoch   82 | train 8.314370e-01 | val 8.214698e-01 |   4.417 s | best 8.213961e-01 @74
epoch   83 | train 8.259021e-01 | val 8.214506e-01 |   4.422 s | best 8.213961e-01 @74
epoch   84 | train 8.245777e-01 | val 8.213697e-01 |   4.418 s | best 8.213697e-01 @84 *
epoch   85 | train 8.283014e-01 | val 8.214542e-01 |   4.419 s | best 8.213697e-01 @84
epoch   86 | train 8.261896e-01 | val 8.214790e-01 |   4.425 s | best 8.213697e-01 @84
epoch   87 | train 8.276020e-01 | val 8.214918e-01 |   4.377 s | best 8.213697e-01 @84
epoch   88 | train 8.263649e-01 | val 8.214909e-01 |   4.261 s | best 8.213697e-01 @84
epoch   89 | train 8.297184e-01 | val 8.215207e-01 |   4.265 s | best 8.213697e-01 @84
epoch   90 | train 8.306598e-01 | val 8.215468e-01 |   4.258 s | best 8.213697e-01 @84
epoch   91 | train 8.279551e-01 | val 8.215650e-01 |   4.266 s | best 8.213697e-01 @84
epoch   92 | train 8.265385e-01 | val 8.215556e-01 |   4.258 s | best 8.213697e-01 @84
epoch   93 | train 8.319477e-01 | val 8.215691e-01 |   4.300 s | best 8.213697e-01 @84
epoch   94 | train 8.264741e-01 | val 8.215610e-01 |   4.285 s | best 8.213697e-01 @84
epoch   95 | train 8.252029e-01 | val 8.215432e-01 |   4.351 s | best 8.213697e-01 @84
epoch   96 | train 8.259395e-01 | val 8.215603e-01 |   4.383 s | best 8.213697e-01 @84
epoch   97 | train 8.245920e-01 | val 8.215650e-01 |   4.380 s | best 8.213697e-01 @84
epoch   98 | train 8.272950e-01 | val 8.215666e-01 |   4.379 s | best 8.213697e-01 @84
epoch   99 | train 8.275382e-01 | val 8.215252e-01 |   4.377 s | best 8.213697e-01 @84
# done        : 99 epochs, stopped_by=patience, aborted=False, best val 8.213697e-01 @ epoch 84, wall 445.6 s, 4.501 s/epoch
