
# ===== 2026-09-20 21:34:56 KST  HPO attempt 379  testbed D1 prior S  Nr=8 Nt=4
# DEVICE      : cuda | cuda_available=True | NVIDIA RTX PRO 6000 Blackwell Server Edition | torch 2.14.0+cu130 | train dtype float32 (01_RULES §9.5)
# data        : n_train=9000 n_val=1000 split_hash=98d6225d67f9c15a E||H||_F^2/(NrNt)=1.000268 (04_SPEC §2)
# sigma grid  : MEASURED, 20 points, log-uniform draw over [3.2936e-02, 7.9084e-01]
# hp          : {'arch': 'dit', 'param': 'vp', 'domain': 'angle', 'lr': 0.0037702898432891677, 'ema': 0.9999, 'batch': 256, 'emb': 256, 'width': 64, 'depth': 6, 'heads': 8, 'patch': 1}  params=479426
# stopping    : patience 15 on val loss, never before 0 epochs, max 600 (01_RULES §5)
epoch    1 | train 8.452887e-01 | val 9.896551e-01 |   0.417 s | best 9.896551e-01 @1 *
epoch    2 | train 8.140123e-01 | val 9.886373e-01 |   0.329 s | best 9.886373e-01 @2 *
epoch    3 | train 8.061540e-01 | val 9.877231e-01 |   0.337 s | best 9.877231e-01 @3 *
epoch    4 | train 7.980764e-01 | val 9.868878e-01 |   0.332 s | best 9.868878e-01 @4 *
epoch    5 | train 7.972084e-01 | val 9.861473e-01 |   0.336 s | best 9.861473e-01 @5 *
epoch    6 | train 7.995023e-01 | val 9.854475e-01 |   0.355 s | best 9.854475e-01 @6 *
epoch    7 | train 7.941916e-01 | val 9.847741e-01 |   0.332 s | best 9.847741e-01 @7 *
epoch    8 | train 7.912310e-01 | val 9.841006e-01 |   0.335 s | best 9.841006e-01 @8 *
epoch    9 | train 7.939675e-01 | val 9.834207e-01 |   0.334 s | best 9.834207e-01 @9 *
epoch   10 | train 7.962517e-01 | val 9.827793e-01 |   0.336 s | best 9.827793e-01 @10 *
epoch   11 | train 7.898966e-01 | val 9.821179e-01 |   0.336 s | best 9.821179e-01 @11 *
epoch   12 | train 7.970879e-01 | val 9.814574e-01 |   0.341 s | best 9.814574e-01 @12 *
epoch   13 | train 7.908444e-01 | val 9.807865e-01 |   0.331 s | best 9.807865e-01 @13 *
epoch   14 | train 7.893975e-01 | val 9.801039e-01 |   0.332 s | best 9.801039e-01 @14 *
epoch   15 | train 7.922768e-01 | val 9.794188e-01 |   0.332 s | best 9.794188e-01 @15 *
epoch   16 | train 7.830065e-01 | val 9.787381e-01 |   0.332 s | best 9.787381e-01 @16 *
epoch   17 | train 7.879347e-01 | val 9.780276e-01 |   0.338 s | best 9.780276e-01 @17 *
epoch   18 | train 7.815217e-01 | val 9.773370e-01 |   0.333 s | best 9.773370e-01 @18 *
epoch   19 | train 7.761172e-01 | val 9.766648e-01 |   0.331 s | best 9.766648e-01 @19 *
epoch   20 | train 7.803024e-01 | val 9.760135e-01 |   0.334 s | best 9.760135e-01 @20 *
epoch   21 | train 7.764337e-01 | val 9.753825e-01 |   0.333 s | best 9.753825e-01 @21 *
epoch   22 | train 7.748407e-01 | val 9.747468e-01 |   0.344 s | best 9.747468e-01 @22 *
epoch   23 | train 7.720500e-01 | val 9.740702e-01 |   0.333 s | best 9.740702e-01 @23 *
epoch   24 | train 7.698697e-01 | val 9.734071e-01 |   0.333 s | best 9.734071e-01 @24 *
epoch   25 | train 7.625566e-01 | val 9.727445e-01 |   0.332 s | best 9.727445e-01 @25 *
epoch   26 | train 7.648051e-01 | val 9.720855e-01 |   0.333 s | best 9.720855e-01 @26 *
epoch   27 | train 7.580437e-01 | val 9.714022e-01 |   0.343 s | best 9.714022e-01 @27 *
epoch   28 | train 7.600025e-01 | val 9.707144e-01 |   0.330 s | best 9.707144e-01 @28 *
epoch   29 | train 7.619842e-01 | val 9.700041e-01 |   0.332 s | best 9.700041e-01 @29 *
epoch   30 | train 7.593634e-01 | val 9.693002e-01 |   0.333 s | best 9.693002e-01 @30 *
epoch   31 | train 7.508241e-01 | val 9.686076e-01 |   0.333 s | best 9.686076e-01 @31 *
epoch   32 | train 7.594623e-01 | val 9.678984e-01 |   0.348 s | best 9.678984e-01 @32 *
epoch   33 | train 7.578063e-01 | val 9.671875e-01 |   0.332 s | best 9.671875e-01 @33 *
epoch   34 | train 7.556506e-01 | val 9.664652e-01 |   0.332 s | best 9.664652e-01 @34 *
epoch   35 | train 7.538673e-01 | val 9.657218e-01 |   0.332 s | best 9.657218e-01 @35 *
epoch   36 | train 7.535995e-01 | val 9.649708e-01 |   0.334 s | best 9.649708e-01 @36 *
epoch   37 | train 7.577886e-01 | val 9.642153e-01 |   0.344 s | best 9.642153e-01 @37 *
epoch   38 | train 7.524378e-01 | val 9.634309e-01 |   0.334 s | best 9.634309e-01 @38 *
epoch   39 | train 7.517653e-01 | val 9.626265e-01 |   0.333 s | best 9.626265e-01 @39 *
epoch   40 | train 7.638199e-01 | val 9.618300e-01 |   0.333 s | best 9.618300e-01 @40 *
epoch   41 | train 7.547928e-01 | val 9.610136e-01 |   0.331 s | best 9.610136e-01 @41 *
epoch   42 | train 7.535319e-01 | val 9.602007e-01 |   0.347 s | best 9.602007e-01 @42 *
epoch   43 | train 7.536177e-01 | val 9.593688e-01 |   0.329 s | best 9.593688e-01 @43 *
epoch   44 | train 7.504334e-01 | val 9.585139e-01 |   0.333 s | best 9.585139e-01 @44 *
epoch   45 | train 7.537054e-01 | val 9.576463e-01 |   0.332 s | best 9.576463e-01 @45 *
epoch   46 | train 7.509237e-01 | val 9.567763e-01 |   0.333 s | best 9.567763e-01 @46 *
epoch   47 | train 7.504525e-01 | val 9.558864e-01 |   0.348 s | best 9.558864e-01 @47 *
epoch   48 | train 7.514443e-01 | val 9.549708e-01 |   0.329 s | best 9.549708e-01 @48 *
epoch   49 | train 7.480589e-01 | val 9.540414e-01 |   0.331 s | best 9.540414e-01 @49 *
epoch   50 | train 7.534401e-01 | val 9.530988e-01 |   0.331 s | best 9.530988e-01 @50 *
epoch   51 | train 7.510176e-01 | val 9.521288e-01 |   0.332 s | best 9.521288e-01 @51 *
epoch   52 | train 7.549704e-01 | val 9.511624e-01 |   0.346 s | best 9.511624e-01 @52 *
epoch   53 | train 7.490151e-01 | val 9.501934e-01 |   0.329 s | best 9.501934e-01 @53 *
epoch   54 | train 7.476052e-01 | val 9.492095e-01 |   0.332 s | best 9.492095e-01 @54 *
epoch   55 | train 7.492523e-01 | val 9.482207e-01 |   0.330 s | best 9.482207e-01 @55 *
epoch   56 | train 7.490082e-01 | val 9.472228e-01 |   0.332 s | best 9.472228e-01 @56 *
epoch   57 | train 7.445849e-01 | val 9.462155e-01 |   0.345 s | best 9.462155e-01 @57 *
epoch   58 | train 7.485465e-01 | val 9.452046e-01 |   0.328 s | best 9.452046e-01 @58 *
epoch   59 | train 7.473948e-01 | val 9.441932e-01 |   0.331 s | best 9.441932e-01 @59 *
epoch   60 | train 7.490463e-01 | val 9.431857e-01 |   0.332 s | best 9.431857e-01 @60 *
epoch   61 | train 7.512315e-01 | val 9.421771e-01 |   0.331 s | best 9.421771e-01 @61 *
epoch   62 | train 7.450799e-01 | val 9.411618e-01 |   0.343 s | best 9.411618e-01 @62 *
epoch   63 | train 7.495400e-01 | val 9.401198e-01 |   0.330 s | best 9.401198e-01 @63 *
epoch   64 | train 7.505701e-01 | val 9.390689e-01 |   0.331 s | best 9.390689e-01 @64 *
epoch   65 | train 7.456924e-01 | val 9.380121e-01 |   0.333 s | best 9.380121e-01 @65 *
epoch   66 | train 7.475864e-01 | val 9.369324e-01 |   0.331 s | best 9.369324e-01 @66 *
epoch   67 | train 7.469006e-01 | val 9.358681e-01 |   0.344 s | best 9.358681e-01 @67 *
epoch   68 | train 7.485710e-01 | val 9.347934e-01 |   0.331 s | best 9.347934e-01 @68 *
epoch   69 | train 7.492683e-01 | val 9.337107e-01 |   0.332 s | best 9.337107e-01 @69 *
epoch   70 | train 7.500835e-01 | val 9.326061e-01 |   0.335 s | best 9.326061e-01 @70 *
epoch   71 | train 7.456706e-01 | val 9.314933e-01 |   0.332 s | best 9.314933e-01 @71 *
epoch   72 | train 7.438674e-01 | val 9.303760e-01 |   0.342 s | best 9.303760e-01 @72 *
epoch   73 | train 7.468792e-01 | val 9.292620e-01 |   0.329 s | best 9.292620e-01 @73 *
epoch   74 | train 7.455259e-01 | val 9.281328e-01 |   0.333 s | best 9.281328e-01 @74 *
epoch   75 | train 7.503448e-01 | val 9.270103e-01 |   0.332 s | best 9.270103e-01 @75 *
epoch   76 | train 7.477505e-01 | val 9.258793e-01 |   0.332 s | best 9.258793e-01 @76 *
epoch   77 | train 7.483697e-01 | val 9.247413e-01 |   0.342 s | best 9.247413e-01 @77 *
epoch   78 | train 7.412360e-01 | val 9.235954e-01 |   0.331 s | best 9.235954e-01 @78 *
epoch   79 | train 7.444650e-01 | val 9.224512e-01 |   0.332 s | best 9.224512e-01 @79 *
epoch   80 | train 7.463348e-01 | val 9.213218e-01 |   0.333 s | best 9.213218e-01 @80 *
epoch   81 | train 7.415204e-01 | val 9.201868e-01 |   0.332 s | best 9.201868e-01 @81 *
epoch   82 | train 7.387070e-01 | val 9.190252e-01 |   0.341 s | best 9.190252e-01 @82 *
epoch   83 | train 7.446461e-01 | val 9.178654e-01 |   0.332 s | best 9.178654e-01 @83 *
epoch   84 | train 7.451472e-01 | val 9.166845e-01 |   0.332 s | best 9.166845e-01 @84 *
epoch   85 | train 7.425909e-01 | val 9.155067e-01 |   0.333 s | best 9.155067e-01 @85 *
epoch   86 | train 7.475752e-01 | val 9.143385e-01 |   0.333 s | best 9.143385e-01 @86 *
epoch   87 | train 7.457873e-01 | val 9.131659e-01 |   0.342 s | best 9.131659e-01 @87 *
epoch   88 | train 7.449847e-01 | val 9.119946e-01 |   0.333 s | best 9.119946e-01 @88 *
epoch   89 | train 7.460087e-01 | val 9.108313e-01 |   0.333 s | best 9.108313e-01 @89 *
epoch   90 | train 7.443696e-01 | val 9.096807e-01 |   0.333 s | best 9.096807e-01 @90 *
epoch   91 | train 7.412609e-01 | val 9.085341e-01 |   0.334 s | best 9.085341e-01 @91 *
epoch   92 | train 7.436228e-01 | val 9.073930e-01 |   0.344 s | best 9.073930e-01 @92 *
epoch   93 | train 7.414890e-01 | val 9.062460e-01 |   0.391 s | best 9.062460e-01 @93 *
epoch   94 | train 7.398085e-01 | val 9.050952e-01 |   0.373 s | best 9.050952e-01 @94 *
epoch   95 | train 7.463478e-01 | val 9.039646e-01 |   0.385 s | best 9.039646e-01 @95 *
epoch   96 | train 7.415827e-01 | val 9.028370e-01 |   0.407 s | best 9.028370e-01 @96 *
epoch   97 | train 7.424788e-01 | val 9.016910e-01 |   0.409 s | best 9.016910e-01 @97 *
epoch   98 | train 7.408646e-01 | val 9.005534e-01 |   0.408 s | best 9.005534e-01 @98 *
epoch   99 | train 7.417886e-01 | val 8.994156e-01 |   0.405 s | best 8.994156e-01 @99 *
epoch  100 | train 7.424218e-01 | val 8.982731e-01 |   0.409 s | best 8.982731e-01 @100 *
epoch  101 | train 7.415849e-01 | val 8.971547e-01 |   0.409 s | best 8.971547e-01 @101 *
epoch  102 | train 7.401111e-01 | val 8.960450e-01 |   0.403 s | best 8.960450e-01 @102 *
epoch  103 | train 7.403668e-01 | val 8.949332e-01 |   0.405 s | best 8.949332e-01 @103 *
epoch  104 | train 7.445388e-01 | val 8.938419e-01 |   0.408 s | best 8.938419e-01 @104 *
epoch  105 | train 7.440499e-01 | val 8.927425e-01 |   0.379 s | best 8.927425e-01 @105 *
epoch  106 | train 7.373688e-01 | val 8.916553e-01 |   0.407 s | best 8.916553e-01 @106 *
epoch  107 | train 7.428101e-01 | val 8.905752e-01 |   0.406 s | best 8.905752e-01 @107 *
epoch  108 | train 7.413168e-01 | val 8.894854e-01 |   0.407 s | best 8.894854e-01 @108 *
epoch  109 | train 7.417672e-01 | val 8.883982e-01 |   0.404 s | best 8.883982e-01 @109 *
epoch  110 | train 7.443486e-01 | val 8.873332e-01 |   0.408 s | best 8.873332e-01 @110 *
epoch  111 | train 7.422716e-01 | val 8.862814e-01 |   0.408 s | best 8.862814e-01 @111 *
epoch  112 | train 7.388480e-01 | val 8.852388e-01 |   0.400 s | best 8.852388e-01 @112 *
epoch  113 | train 7.413821e-01 | val 8.841973e-01 |   0.408 s | best 8.841973e-01 @113 *
epoch  114 | train 7.432465e-01 | val 8.831891e-01 |   0.408 s | best 8.831891e-01 @114 *
epoch  115 | train 7.418981e-01 | val 8.821881e-01 |   0.380 s | best 8.821881e-01 @115 *
epoch  116 | train 7.394227e-01 | val 8.811890e-01 |   1.147 s | best 8.811890e-01 @116 *
epoch  117 | train 7.382642e-01 | val 8.801904e-01 |   1.373 s | best 8.801904e-01 @117 *
epoch  118 | train 7.448548e-01 | val 8.792237e-01 |   1.372 s | best 8.792237e-01 @118 *
epoch  119 | train 7.399721e-01 | val 8.782414e-01 |   1.368 s | best 8.782414e-01 @119 *
epoch  120 | train 7.426275e-01 | val 8.772702e-01 |   1.373 s | best 8.772702e-01 @120 *
epoch  121 | train 7.413673e-01 | val 8.763204e-01 |   1.379 s | best 8.763204e-01 @121 *
epoch  122 | train 7.400208e-01 | val 8.753679e-01 |   1.369 s | best 8.753679e-01 @122 *
epoch  123 | train 7.421674e-01 | val 8.744261e-01 |   1.375 s | best 8.744261e-01 @123 *
epoch  124 | train 7.389869e-01 | val 8.734913e-01 |   1.376 s | best 8.734913e-01 @124 *
epoch  125 | train 7.476177e-01 | val 8.725762e-01 |   1.366 s | best 8.725762e-01 @125 *
epoch  126 | train 7.419184e-01 | val 8.716653e-01 |   1.335 s | best 8.716653e-01 @126 *
epoch  127 | train 7.430700e-01 | val 8.707708e-01 |   1.295 s | best 8.707708e-01 @127 *
epoch  128 | train 7.409636e-01 | val 8.698670e-01 |   1.294 s | best 8.698670e-01 @128 *
epoch  129 | train 7.362310e-01 | val 8.689718e-01 |   1.288 s | best 8.689718e-01 @129 *
epoch  130 | train 7.414116e-01 | val 8.680997e-01 |   1.290 s | best 8.680997e-01 @130 *
epoch  131 | train 7.402818e-01 | val 8.672324e-01 |   1.294 s | best 8.672324e-01 @131 *
epoch  132 | train 7.438386e-01 | val 8.663742e-01 |   1.293 s | best 8.663742e-01 @132 *
epoch  133 | train 7.424606e-01 | val 8.655114e-01 |   1.294 s | best 8.655114e-01 @133 *
epoch  134 | train 7.395337e-01 | val 8.646543e-01 |   1.295 s | best 8.646543e-01 @134 *
epoch  135 | train 7.409581e-01 | val 8.638272e-01 |   1.287 s | best 8.638272e-01 @135 *
epoch  136 | train 7.428808e-01 | val 8.630051e-01 |   1.294 s | best 8.630051e-01 @136 *
epoch  137 | train 7.385255e-01 | val 8.621887e-01 |   1.293 s | best 8.621887e-01 @137 *
epoch  138 | train 7.418761e-01 | val 8.613725e-01 |   1.292 s | best 8.613725e-01 @138 *
epoch  139 | train 7.376819e-01 | val 8.605670e-01 |   1.293 s | best 8.605670e-01 @139 *
epoch  140 | train 7.420062e-01 | val 8.597733e-01 |   1.291 s | best 8.597733e-01 @140 *
epoch  141 | train 7.389148e-01 | val 8.589919e-01 |   1.294 s | best 8.589919e-01 @141 *
epoch  142 | train 7.430964e-01 | val 8.581990e-01 |   1.293 s | best 8.581990e-01 @142 *
epoch  143 | train 7.342653e-01 | val 8.574239e-01 |   1.294 s | best 8.574239e-01 @143 *
epoch  144 | train 7.361046e-01 | val 8.566557e-01 |   1.291 s | best 8.566557e-01 @144 *
epoch  145 | train 7.376262e-01 | val 8.558889e-01 |   1.288 s | best 8.558889e-01 @145 *
epoch  146 | train 7.393839e-01 | val 8.551362e-01 |   1.293 s | best 8.551362e-01 @146 *
epoch  147 | train 7.406938e-01 | val 8.543922e-01 |   1.294 s | best 8.543922e-01 @147 *
epoch  148 | train 7.375652e-01 | val 8.536413e-01 |   1.295 s | best 8.536413e-01 @148 *
epoch  149 | train 7.418134e-01 | val 8.528938e-01 |   1.295 s | best 8.528938e-01 @149 *
epoch  150 | train 7.384575e-01 | val 8.521627e-01 |   1.289 s | best 8.521627e-01 @150 *
epoch  151 | train 7.401661e-01 | val 8.514422e-01 |   1.329 s | best 8.514422e-01 @151 *
epoch  152 | train 7.415066e-01 | val 8.507214e-01 |   1.334 s | best 8.507214e-01 @152 *
epoch  153 | train 7.371860e-01 | val 8.499944e-01 |   1.328 s | best 8.499944e-01 @153 *
epoch  154 | train 7.358045e-01 | val 8.492837e-01 |   1.329 s | best 8.492837e-01 @154 *
epoch  155 | train 7.401621e-01 | val 8.485866e-01 |   1.324 s | best 8.485866e-01 @155 *
epoch  156 | train 7.442708e-01 | val 8.478930e-01 |   1.328 s | best 8.478930e-01 @156 *
epoch  157 | train 7.417300e-01 | val 8.471974e-01 |   1.328 s | best 8.471974e-01 @157 *
epoch  158 | train 7.370242e-01 | val 8.465003e-01 |   1.326 s | best 8.465003e-01 @158 *
epoch  159 | train 7.417131e-01 | val 8.458137e-01 |   1.330 s | best 8.458137e-01 @159 *
epoch  160 | train 7.382301e-01 | val 8.451334e-01 |   1.329 s | best 8.451334e-01 @160 *
epoch  161 | train 7.385781e-01 | val 8.444658e-01 |   1.326 s | best 8.444658e-01 @161 *
epoch  162 | train 7.408191e-01 | val 8.438047e-01 |   1.325 s | best 8.438047e-01 @162 *
epoch  163 | train 7.416438e-01 | val 8.431507e-01 |   1.330 s | best 8.431507e-01 @163 *
epoch  164 | train 7.399387e-01 | val 8.425056e-01 |   1.327 s | best 8.425056e-01 @164 *
epoch  165 | train 7.381097e-01 | val 8.418553e-01 |   1.325 s | best 8.418553e-01 @165 *
epoch  166 | train 7.385205e-01 | val 8.412084e-01 |   1.329 s | best 8.412084e-01 @166 *
epoch  167 | train 7.409002e-01 | val 8.405685e-01 |   1.329 s | best 8.405685e-01 @167 *
epoch  168 | train 7.379309e-01 | val 8.399262e-01 |   1.329 s | best 8.399262e-01 @168 *
epoch  169 | train 7.426393e-01 | val 8.392978e-01 |   1.350 s | best 8.392978e-01 @169 *
epoch  170 | train 7.357099e-01 | val 8.386756e-01 |   1.328 s | best 8.386756e-01 @170 *
epoch  171 | train 7.387916e-01 | val 8.380590e-01 |   1.326 s | best 8.380590e-01 @171 *
epoch  172 | train 7.356022e-01 | val 8.374436e-01 |   1.328 s | best 8.374436e-01 @172 *
epoch  173 | train 7.401333e-01 | val 8.368343e-01 |   1.328 s | best 8.368343e-01 @173 *
epoch  174 | train 7.368458e-01 | val 8.362233e-01 |   1.328 s | best 8.362233e-01 @174 *
epoch  175 | train 7.353447e-01 | val 8.356192e-01 |   1.327 s | best 8.356192e-01 @175 *
epoch  176 | train 7.415552e-01 | val 8.350136e-01 |   1.373 s | best 8.350136e-01 @176 *
epoch  177 | train 7.424436e-01 | val 8.344035e-01 |   1.372 s | best 8.344035e-01 @177 *
epoch  178 | train 7.430170e-01 | val 8.338034e-01 |   1.368 s | best 8.338034e-01 @178 *
epoch  179 | train 7.382913e-01 | val 8.332037e-01 |   1.375 s | best 8.332037e-01 @179 *
epoch  180 | train 7.407436e-01 | val 8.326209e-01 |   1.374 s | best 8.326209e-01 @180 *
epoch  181 | train 7.384448e-01 | val 8.320395e-01 |   1.368 s | best 8.320395e-01 @181 *
epoch  182 | train 7.467433e-01 | val 8.314568e-01 |   1.375 s | best 8.314568e-01 @182 *
epoch  183 | train 7.350394e-01 | val 8.308762e-01 |   1.373 s | best 8.308762e-01 @183 *
epoch  184 | train 7.381624e-01 | val 8.303044e-01 |   1.367 s | best 8.303044e-01 @184 *
epoch  185 | train 7.366642e-01 | val 8.297361e-01 |   1.373 s | best 8.297361e-01 @185 *
epoch  186 | train 7.334319e-01 | val 8.291573e-01 |   1.376 s | best 8.291573e-01 @186 *
epoch  187 | train 7.411509e-01 | val 8.285837e-01 |   1.367 s | best 8.285837e-01 @187 *
epoch  188 | train 7.372650e-01 | val 8.280190e-01 |   1.375 s | best 8.280190e-01 @188 *
epoch  189 | train 7.396623e-01 | val 8.274526e-01 |   1.375 s | best 8.274526e-01 @189 *
epoch  190 | train 7.408115e-01 | val 8.268996e-01 |   1.367 s | best 8.268996e-01 @190 *
epoch  191 | train 7.373632e-01 | val 8.263495e-01 |   1.374 s | best 8.263495e-01 @191 *
epoch  192 | train 7.396786e-01 | val 8.257867e-01 |   1.379 s | best 8.257867e-01 @192 *
epoch  193 | train 7.376242e-01 | val 8.252279e-01 |   1.366 s | best 8.252279e-01 @193 *
epoch  194 | train 7.386483e-01 | val 8.246759e-01 |   1.359 s | best 8.246759e-01 @194 *
epoch  195 | train 7.405382e-01 | val 8.241404e-01 |   1.345 s | best 8.241404e-01 @195 *
epoch  196 | train 7.370171e-01 | val 8.236082e-01 |   1.324 s | best 8.236082e-01 @196 *
epoch  197 | train 7.382298e-01 | val 8.230663e-01 |   1.329 s | best 8.230663e-01 @197 *
epoch  198 | train 7.419080e-01 | val 8.225346e-01 |   1.329 s | best 8.225346e-01 @198 *
epoch  199 | train 7.293813e-01 | val 8.220175e-01 |   1.330 s | best 8.220175e-01 @199 *
epoch  200 | train 7.404814e-01 | val 8.214917e-01 |   1.328 s | best 8.214917e-01 @200 *
epoch  201 | train 7.431612e-01 | val 8.209646e-01 |   1.328 s | best 8.209646e-01 @201 *
epoch  202 | train 7.364535e-01 | val 8.204359e-01 |   1.329 s | best 8.204359e-01 @202 *
epoch  203 | train 7.371572e-01 | val 8.199153e-01 |   1.326 s | best 8.199153e-01 @203 *
epoch  204 | train 7.425927e-01 | val 8.194053e-01 |   1.329 s | best 8.194053e-01 @204 *
epoch  205 | train 7.389381e-01 | val 8.188912e-01 |   1.329 s | best 8.188912e-01 @205 *
epoch  206 | train 7.393833e-01 | val 8.183814e-01 |   1.325 s | best 8.183814e-01 @206 *
epoch  207 | train 7.396472e-01 | val 8.178763e-01 |   1.329 s | best 8.178763e-01 @207 *
epoch  208 | train 7.409463e-01 | val 8.173773e-01 |   1.328 s | best 8.173773e-01 @208 *
epoch  209 | train 7.341032e-01 | val 8.168755e-01 |   1.325 s | best 8.168755e-01 @209 *
epoch  210 | train 7.352413e-01 | val 8.163579e-01 |   1.330 s | best 8.163579e-01 @210 *
epoch  211 | train 7.413316e-01 | val 8.158423e-01 |   1.330 s | best 8.158423e-01 @211 *
epoch  212 | train 7.411923e-01 | val 8.153319e-01 |   1.329 s | best 8.153319e-01 @212 *
epoch  213 | train 7.399744e-01 | val 8.148318e-01 |   1.327 s | best 8.148318e-01 @213 *
epoch  214 | train 7.300397e-01 | val 8.143378e-01 |   1.329 s | best 8.143378e-01 @214 *
epoch  215 | train 7.395502e-01 | val 8.138407e-01 |   1.330 s | best 8.138407e-01 @215 *
epoch  216 | train 7.431162e-01 | val 8.133422e-01 |   1.325 s | best 8.133422e-01 @216 *
epoch  217 | train 7.362877e-01 | val 8.128484e-01 |   1.328 s | best 8.128484e-01 @217 *
epoch  218 | train 7.349696e-01 | val 8.123550e-01 |   1.330 s | best 8.123550e-01 @218 *
epoch  219 | train 7.382354e-01 | val 8.118582e-01 |   1.325 s | best 8.118582e-01 @219 *
epoch  220 | train 7.372413e-01 | val 8.113699e-01 |   1.328 s | best 8.113699e-01 @220 *
epoch  221 | train 7.354091e-01 | val 8.108851e-01 |   1.330 s | best 8.108851e-01 @221 *
epoch  222 | train 7.335207e-01 | val 8.103897e-01 |   1.324 s | best 8.103897e-01 @222 *
epoch  223 | train 7.380163e-01 | val 8.098999e-01 |   1.330 s | best 8.098999e-01 @223 *
epoch  224 | train 7.316682e-01 | val 8.094027e-01 |   1.331 s | best 8.094027e-01 @224 *
epoch  225 | train 7.375305e-01 | val 8.089039e-01 |   1.332 s | best 8.089039e-01 @225 *
epoch  226 | train 7.374750e-01 | val 8.084080e-01 |   1.330 s | best 8.084080e-01 @226 *
epoch  227 | train 7.400786e-01 | val 8.079142e-01 |   1.331 s | best 8.079142e-01 @227 *
epoch  228 | train 7.384741e-01 | val 8.074225e-01 |   1.331 s | best 8.074225e-01 @228 *
epoch  229 | train 7.688094e-01 | val 8.070568e-01 |   1.329 s | best 8.070568e-01 @229 *
epoch  230 | train 7.450672e-01 | val 8.067339e-01 |   1.333 s | best 8.067339e-01 @230 *
epoch  231 | train 7.420639e-01 | val 8.064007e-01 |   1.337 s | best 8.064007e-01 @231 *
epoch  232 | train 7.360220e-01 | val 8.060710e-01 |   1.332 s | best 8.060710e-01 @232 *
epoch  233 | train 7.358705e-01 | val 8.057322e-01 |   1.333 s | best 8.057322e-01 @233 *
epoch  234 | train 7.378974e-01 | val 8.053844e-01 |   1.332 s | best 8.053844e-01 @234 *
epoch  235 | train 7.390119e-01 | val 8.050417e-01 |   1.330 s | best 8.050417e-01 @235 *
epoch  236 | train 7.372507e-01 | val 8.046892e-01 |   1.334 s | best 8.046892e-01 @236 *
epoch  237 | train 7.399420e-01 | val 8.043350e-01 |   1.332 s | best 8.043350e-01 @237 *
epoch  238 | train 7.355604e-01 | val 8.039739e-01 |   1.332 s | best 8.039739e-01 @238 *
epoch  239 | train 7.310950e-01 | val 8.036128e-01 |   1.328 s | best 8.036128e-01 @239 *
epoch  240 | train 7.405120e-01 | val 8.032476e-01 |   1.332 s | best 8.032476e-01 @240 *
epoch  241 | train 7.400176e-01 | val 8.028753e-01 |   1.331 s | best 8.028753e-01 @241 *
epoch  242 | train 7.319857e-01 | val 8.025051e-01 |   1.330 s | best 8.025051e-01 @242 *
epoch  243 | train 7.376269e-01 | val 8.021373e-01 |   1.332 s | best 8.021373e-01 @243 *
epoch  244 | train 7.349894e-01 | val 8.017596e-01 |   1.331 s | best 8.017596e-01 @244 *
epoch  245 | train 7.382950e-01 | val 8.013914e-01 |   1.329 s | best 8.013914e-01 @245 *
epoch  246 | train 7.379637e-01 | val 8.010216e-01 |   1.332 s | best 8.010216e-01 @246 *
epoch  247 | train 7.352720e-01 | val 8.006504e-01 |   1.332 s | best 8.006504e-01 @247 *
epoch  248 | train 7.409772e-01 | val 8.002707e-01 |   1.332 s | best 8.002707e-01 @248 *
epoch  249 | train 7.367604e-01 | val 7.998989e-01 |   1.330 s | best 7.998989e-01 @249 *
epoch  250 | train 7.342242e-01 | val 7.995275e-01 |   1.333 s | best 7.995275e-01 @250 *
epoch  251 | train 7.342758e-01 | val 7.991579e-01 |   1.332 s | best 7.991579e-01 @251 *
epoch  252 | train 7.332489e-01 | val 7.987784e-01 |   1.330 s | best 7.987784e-01 @252 *
epoch  253 | train 7.356344e-01 | val 7.983956e-01 |   1.332 s | best 7.983956e-01 @253 *
epoch  254 | train 7.383952e-01 | val 7.980128e-01 |   1.331 s | best 7.980128e-01 @254 *
epoch  255 | train 7.349878e-01 | val 7.976298e-01 |   1.329 s | best 7.976298e-01 @255 *
epoch  256 | train 7.348130e-01 | val 7.972419e-01 |   1.332 s | best 7.972419e-01 @256 *
epoch  257 | train 7.346310e-01 | val 7.968497e-01 |   1.330 s | best 7.968497e-01 @257 *
epoch  258 | train 7.400593e-01 | val 7.964720e-01 |   1.328 s | best 7.964720e-01 @258 *
epoch  259 | train 7.369221e-01 | val 7.960900e-01 |   1.334 s | best 7.960900e-01 @259 *
epoch  260 | train 7.338653e-01 | val 7.957139e-01 |   1.330 s | best 7.957139e-01 @260 *
epoch  261 | train 7.369283e-01 | val 7.953356e-01 |   1.333 s | best 7.953356e-01 @261 *
epoch  262 | train 7.321020e-01 | val 7.949579e-01 |   1.328 s | best 7.949579e-01 @262 *
epoch  263 | train 7.336844e-01 | val 7.945830e-01 |   1.330 s | best 7.945830e-01 @263 *
epoch  264 | train 7.345687e-01 | val 7.942057e-01 |   1.332 s | best 7.942057e-01 @264 *
epoch  265 | train 7.344230e-01 | val 7.938120e-01 |   1.329 s | best 7.938120e-01 @265 *
epoch  266 | train 7.413630e-01 | val 7.934271e-01 |   1.333 s | best 7.934271e-01 @266 *
epoch  267 | train 7.307187e-01 | val 7.930454e-01 |   1.331 s | best 7.930454e-01 @267 *
epoch  268 | train 7.358078e-01 | val 7.926690e-01 |   1.329 s | best 7.926690e-01 @268 *
epoch  269 | train 7.406108e-01 | val 7.922844e-01 |   1.331 s | best 7.922844e-01 @269 *
epoch  270 | train 7.315104e-01 | val 7.919033e-01 |   1.330 s | best 7.919033e-01 @270 *
epoch  271 | train 7.290372e-01 | val 7.915266e-01 |   1.331 s | best 7.915266e-01 @271 *
epoch  272 | train 7.312577e-01 | val 7.911437e-01 |   1.333 s | best 7.911437e-01 @272 *
epoch  273 | train 7.317003e-01 | val 7.907580e-01 |   1.332 s | best 7.907580e-01 @273 *
epoch  274 | train 7.327517e-01 | val 7.903689e-01 |   1.331 s | best 7.903689e-01 @274 *
epoch  275 | train 7.320076e-01 | val 7.899777e-01 |   1.329 s | best 7.899777e-01 @275 *
epoch  276 | train 7.358295e-01 | val 7.895885e-01 |   1.333 s | best 7.895885e-01 @276 *
epoch  277 | train 7.341594e-01 | val 7.891977e-01 |   1.331 s | best 7.891977e-01 @277 *
epoch  278 | train 7.369097e-01 | val 7.888012e-01 |   1.330 s | best 7.888012e-01 @278 *
epoch  279 | train 7.349431e-01 | val 7.884018e-01 |   1.331 s | best 7.884018e-01 @279 *
epoch  280 | train 7.318893e-01 | val 7.880063e-01 |   1.334 s | best 7.880063e-01 @280 *
epoch  281 | train 7.304185e-01 | val 7.876164e-01 |   1.329 s | best 7.876164e-01 @281 *
epoch  282 | train 7.319003e-01 | val 7.872216e-01 |   1.332 s | best 7.872216e-01 @282 *
epoch  283 | train 7.375658e-01 | val 7.868241e-01 |   1.332 s | best 7.868241e-01 @283 *
epoch  284 | train 7.351783e-01 | val 7.864307e-01 |   1.333 s | best 7.864307e-01 @284 *
epoch  285 | train 7.359038e-01 | val 7.860342e-01 |   1.329 s | best 7.860342e-01 @285 *
epoch  286 | train 7.388301e-01 | val 7.856524e-01 |   1.330 s | best 7.856524e-01 @286 *
epoch  287 | train 7.294364e-01 | val 7.852732e-01 |   1.330 s | best 7.852732e-01 @287 *
epoch  288 | train 7.336366e-01 | val 7.848977e-01 |   1.329 s | best 7.848977e-01 @288 *
epoch  289 | train 7.365133e-01 | val 7.845213e-01 |   1.333 s | best 7.845213e-01 @289 *
epoch  290 | train 7.347082e-01 | val 7.841444e-01 |   1.331 s | best 7.841444e-01 @290 *
epoch  291 | train 7.327076e-01 | val 7.837737e-01 |   1.328 s | best 7.837737e-01 @291 *
epoch  292 | train 7.382222e-01 | val 7.833982e-01 |   1.330 s | best 7.833982e-01 @292 *
epoch  293 | train 7.312385e-01 | val 7.830252e-01 |   1.331 s | best 7.830252e-01 @293 *
epoch  294 | train 7.330618e-01 | val 7.826538e-01 |   1.328 s | best 7.826538e-01 @294 *
epoch  295 | train 7.347950e-01 | val 7.822842e-01 |   1.331 s | best 7.822842e-01 @295 *
epoch  296 | train 7.370438e-01 | val 7.819227e-01 |   1.334 s | best 7.819227e-01 @296 *
epoch  297 | train 7.305117e-01 | val 7.815597e-01 |   1.331 s | best 7.815597e-01 @297 *
epoch  298 | train 7.289984e-01 | val 7.811989e-01 |   1.329 s | best 7.811989e-01 @298 *
epoch  299 | train 7.318546e-01 | val 7.808408e-01 |   1.332 s | best 7.808408e-01 @299 *
epoch  300 | train 7.319976e-01 | val 7.804834e-01 |   1.331 s | best 7.804834e-01 @300 *
epoch  301 | train 7.302092e-01 | val 7.801262e-01 |   1.328 s | best 7.801262e-01 @301 *
epoch  302 | train 7.344606e-01 | val 7.797669e-01 |   1.332 s | best 7.797669e-01 @302 *
epoch  303 | train 7.387441e-01 | val 7.794083e-01 |   1.332 s | best 7.794083e-01 @303 *
epoch  304 | train 7.324822e-01 | val 7.790622e-01 |   1.329 s | best 7.790622e-01 @304 *
epoch  305 | train 7.390713e-01 | val 7.787113e-01 |   1.330 s | best 7.787113e-01 @305 *
epoch  306 | train 7.302025e-01 | val 7.783635e-01 |   1.331 s | best 7.783635e-01 @306 *
epoch  307 | train 7.301909e-01 | val 7.780132e-01 |   1.331 s | best 7.780132e-01 @307 *
epoch  308 | train 7.337313e-01 | val 7.776621e-01 |   1.336 s | best 7.776621e-01 @308 *
epoch  309 | train 7.334703e-01 | val 7.773244e-01 |   1.331 s | best 7.773244e-01 @309 *
epoch  310 | train 7.362039e-01 | val 7.769826e-01 |   1.080 s | best 7.769826e-01 @310 *
epoch  311 | train 7.323643e-01 | val 7.766444e-01 |   0.411 s | best 7.766444e-01 @311 *
epoch  312 | train 7.331496e-01 | val 7.763055e-01 |   0.359 s | best 7.763055e-01 @312 *
epoch  313 | train 7.316826e-01 | val 7.759747e-01 |   0.370 s | best 7.759747e-01 @313 *
epoch  314 | train 7.301437e-01 | val 7.756408e-01 |   0.395 s | best 7.756408e-01 @314 *
epoch  315 | train 7.323469e-01 | val 7.752966e-01 |   0.381 s | best 7.752966e-01 @315 *
epoch  316 | train 7.350120e-01 | val 7.749577e-01 |   0.398 s | best 7.749577e-01 @316 *
epoch  317 | train 7.320618e-01 | val 7.746257e-01 |   0.361 s | best 7.746257e-01 @317 *
epoch  318 | train 7.352728e-01 | val 7.742958e-01 |   0.397 s | best 7.742958e-01 @318 *
epoch  319 | train 7.370045e-01 | val 7.739734e-01 |   0.372 s | best 7.739734e-01 @319 *
epoch  320 | train 7.281498e-01 | val 7.736540e-01 |   0.372 s | best 7.736540e-01 @320 *
epoch  321 | train 7.310403e-01 | val 7.733271e-01 |   0.401 s | best 7.733271e-01 @321 *
epoch  322 | train 7.323297e-01 | val 7.729993e-01 |   0.376 s | best 7.729993e-01 @322 *
epoch  323 | train 7.295082e-01 | val 7.726680e-01 |   0.381 s | best 7.726680e-01 @323 *
epoch  324 | train 7.352499e-01 | val 7.723375e-01 |   0.367 s | best 7.723375e-01 @324 *
epoch  325 | train 7.345895e-01 | val 7.720062e-01 |   0.362 s | best 7.720062e-01 @325 *
epoch  326 | train 7.310659e-01 | val 7.716758e-01 |   0.397 s | best 7.716758e-01 @326 *
epoch  327 | train 7.360343e-01 | val 7.713455e-01 |   0.361 s | best 7.713455e-01 @327 *
epoch  328 | train 7.334031e-01 | val 7.710239e-01 |   0.402 s | best 7.710239e-01 @328 *
epoch  329 | train 7.328499e-01 | val 7.706973e-01 |   0.400 s | best 7.706973e-01 @329 *
epoch  330 | train 7.285391e-01 | val 7.703693e-01 |   0.388 s | best 7.703693e-01 @330 *
epoch  331 | train 7.320158e-01 | val 7.700423e-01 |   0.406 s | best 7.700423e-01 @331 *
epoch  332 | train 7.307302e-01 | val 7.697177e-01 |   0.366 s | best 7.697177e-01 @332 *
epoch  333 | train 7.281527e-01 | val 7.693950e-01 |   0.413 s | best 7.693950e-01 @333 *
epoch  334 | train 7.330492e-01 | val 7.690747e-01 |   0.383 s | best 7.690747e-01 @334 *
epoch  335 | train 7.336758e-01 | val 7.687567e-01 |   1.097 s | best 7.687567e-01 @335 *
epoch  336 | train 7.308063e-01 | val 7.684381e-01 |   1.355 s | best 7.684381e-01 @336 *
epoch  337 | train 7.303159e-01 | val 7.681206e-01 |   1.415 s | best 7.681206e-01 @337 *
epoch  338 | train 7.332618e-01 | val 7.678049e-01 |   1.365 s | best 7.678049e-01 @338 *
epoch  339 | train 7.312072e-01 | val 7.674925e-01 |   1.358 s | best 7.674925e-01 @339 *
epoch  340 | train 7.334691e-01 | val 7.671869e-01 |   1.387 s | best 7.671869e-01 @340 *
epoch  341 | train 7.304188e-01 | val 7.668779e-01 |   1.375 s | best 7.668779e-01 @341 *
epoch  342 | train 7.330948e-01 | val 7.665740e-01 |   1.329 s | best 7.665740e-01 @342 *
epoch  343 | train 7.325557e-01 | val 7.662727e-01 |   1.333 s | best 7.662727e-01 @343 *
epoch  344 | train 7.319137e-01 | val 7.659780e-01 |   1.332 s | best 7.659780e-01 @344 *
epoch  345 | train 7.326400e-01 | val 7.656813e-01 |   1.328 s | best 7.656813e-01 @345 *
epoch  346 | train 7.266326e-01 | val 7.653922e-01 |   1.333 s | best 7.653922e-01 @346 *
epoch  347 | train 7.288686e-01 | val 7.651007e-01 |   1.341 s | best 7.651007e-01 @347 *
epoch  348 | train 7.289161e-01 | val 7.648097e-01 |   1.328 s | best 7.648097e-01 @348 *
epoch  349 | train 7.336976e-01 | val 7.645182e-01 |   1.330 s | best 7.645182e-01 @349 *
epoch  350 | train 7.335316e-01 | val 7.642371e-01 |   1.331 s | best 7.642371e-01 @350 *
epoch  351 | train 7.312550e-01 | val 7.639515e-01 |   1.328 s | best 7.639515e-01 @351 *
epoch  352 | train 7.321047e-01 | val 7.636706e-01 |   1.332 s | best 7.636706e-01 @352 *
epoch  353 | train 7.269882e-01 | val 7.633958e-01 |   1.330 s | best 7.633958e-01 @353 *
epoch  354 | train 7.299950e-01 | val 7.631199e-01 |   1.329 s | best 7.631199e-01 @354 *
epoch  355 | train 7.312762e-01 | val 7.628395e-01 |   1.380 s | best 7.628395e-01 @355 *
epoch  356 | train 7.288743e-01 | val 7.625571e-01 |   1.377 s | best 7.625571e-01 @356 *
epoch  357 | train 7.272612e-01 | val 7.622789e-01 |   1.377 s | best 7.622789e-01 @357 *
epoch  358 | train 7.357768e-01 | val 7.620032e-01 |   1.372 s | best 7.620032e-01 @358 *
epoch  359 | train 7.321987e-01 | val 7.617314e-01 |   1.377 s | best 7.617314e-01 @359 *
epoch  360 | train 7.299274e-01 | val 7.614610e-01 |   1.375 s | best 7.614610e-01 @360 *
epoch  361 | train 7.297243e-01 | val 7.611957e-01 |   1.366 s | best 7.611957e-01 @361 *
epoch  362 | train 7.274491e-01 | val 7.609293e-01 |   1.374 s | best 7.609293e-01 @362 *
epoch  363 | train 7.326773e-01 | val 7.606624e-01 |   1.375 s | best 7.606624e-01 @363 *
epoch  364 | train 7.330412e-01 | val 7.603990e-01 |   1.328 s | best 7.603990e-01 @364 *
epoch  365 | train 7.313308e-01 | val 7.601330e-01 |   1.331 s | best 7.601330e-01 @365 *
epoch  366 | train 7.324893e-01 | val 7.598683e-01 |   1.331 s | best 7.598683e-01 @366 *
epoch  367 | train 7.301249e-01 | val 7.596094e-01 |   1.330 s | best 7.596094e-01 @367 *
epoch  368 | train 7.373085e-01 | val 7.593488e-01 |   1.333 s | best 7.593488e-01 @368 *
epoch  369 | train 7.338220e-01 | val 7.590879e-01 |   1.330 s | best 7.590879e-01 @369 *
epoch  370 | train 7.323524e-01 | val 7.588314e-01 |   1.325 s | best 7.588314e-01 @370 *
epoch  371 | train 7.309017e-01 | val 7.585768e-01 |   1.329 s | best 7.585768e-01 @371 *
epoch  372 | train 7.315217e-01 | val 7.583264e-01 |   1.345 s | best 7.583264e-01 @372 *
epoch  373 | train 7.306568e-01 | val 7.580812e-01 |   1.328 s | best 7.580812e-01 @373 *
epoch  374 | train 7.273803e-01 | val 7.578329e-01 |   1.329 s | best 7.578329e-01 @374 *
epoch  375 | train 7.277125e-01 | val 7.575802e-01 |   1.331 s | best 7.575802e-01 @375 *
epoch  376 | train 7.284327e-01 | val 7.573347e-01 |   1.329 s | best 7.573347e-01 @376 *
epoch  377 | train 7.270705e-01 | val 7.570918e-01 |   1.326 s | best 7.570918e-01 @377 *
epoch  378 | train 7.289241e-01 | val 7.568538e-01 |   1.329 s | best 7.568538e-01 @378 *
epoch  379 | train 7.285458e-01 | val 7.566154e-01 |   1.332 s | best 7.566154e-01 @379 *
epoch  380 | train 7.266036e-01 | val 7.563771e-01 |   1.328 s | best 7.563771e-01 @380 *
epoch  381 | train 7.311214e-01 | val 7.561414e-01 |   1.333 s | best 7.561414e-01 @381 *
epoch  382 | train 7.302794e-01 | val 7.559087e-01 |   1.330 s | best 7.559087e-01 @382 *
epoch  383 | train 7.282932e-01 | val 7.556787e-01 |   1.327 s | best 7.556787e-01 @383 *
epoch  384 | train 7.336530e-01 | val 7.554456e-01 |   1.329 s | best 7.554456e-01 @384 *
epoch  385 | train 7.291902e-01 | val 7.552121e-01 |   1.330 s | best 7.552121e-01 @385 *
epoch  386 | train 7.306984e-01 | val 7.549865e-01 |   1.326 s | best 7.549865e-01 @386 *
epoch  387 | train 7.286802e-01 | val 7.547636e-01 |   1.329 s | best 7.547636e-01 @387 *
epoch  388 | train 7.302893e-01 | val 7.545426e-01 |   1.329 s | best 7.545426e-01 @388 *
epoch  389 | train 7.307764e-01 | val 7.543218e-01 |   1.328 s | best 7.543218e-01 @389 *
epoch  390 | train 7.269215e-01 | val 7.541061e-01 |   1.326 s | best 7.541061e-01 @390 *
epoch  391 | train 7.251966e-01 | val 7.538975e-01 |   1.329 s | best 7.538975e-01 @391 *
epoch  392 | train 7.274043e-01 | val 7.536884e-01 |   1.329 s | best 7.536884e-01 @392 *
epoch  393 | train 7.259050e-01 | val 7.534773e-01 |   1.331 s | best 7.534773e-01 @393 *
epoch  394 | train 7.312052e-01 | val 7.532843e-01 |   1.328 s | best 7.532843e-01 @394 *
epoch  395 | train 7.323762e-01 | val 7.530967e-01 |   1.330 s | best 7.530967e-01 @395 *
epoch  396 | train 7.320297e-01 | val 7.529019e-01 |   1.326 s | best 7.529019e-01 @396 *
epoch  397 | train 7.304541e-01 | val 7.527049e-01 |   1.330 s | best 7.527049e-01 @397 *
epoch  398 | train 7.296843e-01 | val 7.525103e-01 |   1.328 s | best 7.525103e-01 @398 *
epoch  399 | train 7.274766e-01 | val 7.523159e-01 |   1.330 s | best 7.523159e-01 @399 *
epoch  400 | train 7.295308e-01 | val 7.521212e-01 |   1.325 s | best 7.521212e-01 @400 *
epoch  401 | train 7.270201e-01 | val 7.519298e-01 |   1.328 s | best 7.519298e-01 @401 *
epoch  402 | train 7.270606e-01 | val 7.517444e-01 |   1.330 s | best 7.517444e-01 @402 *
epoch  403 | train 7.295574e-01 | val 7.515630e-01 |   1.331 s | best 7.515630e-01 @403 *
epoch  404 | train 7.238291e-01 | val 7.513794e-01 |   1.332 s | best 7.513794e-01 @404 *
epoch  405 | train 7.262282e-01 | val 7.511979e-01 |   1.355 s | best 7.511979e-01 @405 *
epoch  406 | train 7.283963e-01 | val 7.510194e-01 |   1.373 s | best 7.510194e-01 @406 *
epoch  407 | train 7.355101e-01 | val 7.508397e-01 |   1.375 s | best 7.508397e-01 @407 *
epoch  408 | train 7.301956e-01 | val 7.506621e-01 |   1.377 s | best 7.506621e-01 @408 *
epoch  409 | train 7.300657e-01 | val 7.504855e-01 |   1.366 s | best 7.504855e-01 @409 *
epoch  410 | train 7.277473e-01 | val 7.503080e-01 |   1.375 s | best 7.503080e-01 @410 *
epoch  411 | train 7.274215e-01 | val 7.501307e-01 |   1.374 s | best 7.501307e-01 @411 *
epoch  412 | train 7.287075e-01 | val 7.499597e-01 |   1.369 s | best 7.499597e-01 @412 *
epoch  413 | train 7.255238e-01 | val 7.497945e-01 |   1.374 s | best 7.497945e-01 @413 *
epoch  414 | train 7.308485e-01 | val 7.496264e-01 |   1.375 s | best 7.496264e-01 @414 *
epoch  415 | train 7.235568e-01 | val 7.494629e-01 |   1.368 s | best 7.494629e-01 @415 *
epoch  416 | train 7.242651e-01 | val 7.493006e-01 |   1.377 s | best 7.493006e-01 @416 *
epoch  417 | train 7.265164e-01 | val 7.491418e-01 |   1.375 s | best 7.491418e-01 @417 *
epoch  418 | train 7.300934e-01 | val 7.489834e-01 |   1.371 s | best 7.489834e-01 @418 *
epoch  419 | train 7.238548e-01 | val 7.488263e-01 |   1.379 s | best 7.488263e-01 @419 *
epoch  420 | train 7.305283e-01 | val 7.486729e-01 |   1.373 s | best 7.486729e-01 @420 *
epoch  421 | train 7.228571e-01 | val 7.485204e-01 |   1.368 s | best 7.485204e-01 @421 *
epoch  422 | train 7.218262e-01 | val 7.483698e-01 |   1.373 s | best 7.483698e-01 @422 *
epoch  423 | train 7.278400e-01 | val 7.482165e-01 |   1.374 s | best 7.482165e-01 @423 *
epoch  424 | train 7.223418e-01 | val 7.480659e-01 |   1.376 s | best 7.480659e-01 @424 *
epoch  425 | train 7.221067e-01 | val 7.479175e-01 |   1.365 s | best 7.479175e-01 @425 *
epoch  426 | train 7.214624e-01 | val 7.477736e-01 |   1.376 s | best 7.477736e-01 @426 *
epoch  427 | train 7.336552e-01 | val 7.476324e-01 |   1.376 s | best 7.476324e-01 @427 *
epoch  428 | train 7.287392e-01 | val 7.474890e-01 |   1.369 s | best 7.474890e-01 @428 *
epoch  429 | train 7.226687e-01 | val 7.473457e-01 |   1.374 s | best 7.473457e-01 @429 *
epoch  430 | train 7.259138e-01 | val 7.472044e-01 |   1.354 s | best 7.472044e-01 @430 *
epoch  431 | train 7.258402e-01 | val 7.470686e-01 |   1.325 s | best 7.470686e-01 @431 *
epoch  432 | train 7.267740e-01 | val 7.469333e-01 |   1.329 s | best 7.469333e-01 @432 *
epoch  433 | train 7.272085e-01 | val 7.467995e-01 |   1.327 s | best 7.467995e-01 @433 *
epoch  434 | train 7.241439e-01 | val 7.466642e-01 |   1.322 s | best 7.466642e-01 @434 *
epoch  435 | train 7.252245e-01 | val 7.465314e-01 |   1.326 s | best 7.465314e-01 @435 *
epoch  436 | train 7.243883e-01 | val 7.463996e-01 |   1.328 s | best 7.463996e-01 @436 *
epoch  437 | train 7.263769e-01 | val 7.462679e-01 |   1.323 s | best 7.462679e-01 @437 *
epoch  438 | train 7.275855e-01 | val 7.461369e-01 |   1.326 s | best 7.461369e-01 @438 *
epoch  439 | train 7.274707e-01 | val 7.460115e-01 |   1.328 s | best 7.460115e-01 @439 *
epoch  440 | train 7.302839e-01 | val 7.458856e-01 |   1.328 s | best 7.458856e-01 @440 *
epoch  441 | train 7.223969e-01 | val 7.457625e-01 |   1.326 s | best 7.457625e-01 @441 *
epoch  442 | train 7.275154e-01 | val 7.456416e-01 |   1.328 s | best 7.456416e-01 @442 *
epoch  443 | train 7.259407e-01 | val 7.455221e-01 |   1.327 s | best 7.455221e-01 @443 *
epoch  444 | train 7.260035e-01 | val 7.453991e-01 |   1.106 s | best 7.453991e-01 @444 *
epoch  445 | train 7.271784e-01 | val 7.452798e-01 |   1.321 s | best 7.452798e-01 @445 *
epoch  446 | train 7.280921e-01 | val 7.451625e-01 |   1.326 s | best 7.451625e-01 @446 *
epoch  447 | train 7.237179e-01 | val 7.450476e-01 |   1.327 s | best 7.450476e-01 @447 *
epoch  448 | train 7.257499e-01 | val 7.449334e-01 |   1.325 s | best 7.449334e-01 @448 *
epoch  449 | train 7.274580e-01 | val 7.448174e-01 |   1.326 s | best 7.448174e-01 @449 *
epoch  450 | train 7.266165e-01 | val 7.447040e-01 |   1.324 s | best 7.447040e-01 @450 *
epoch  451 | train 7.294649e-01 | val 7.445902e-01 |   1.328 s | best 7.445902e-01 @451 *
epoch  452 | train 7.261988e-01 | val 7.444780e-01 |   1.327 s | best 7.444780e-01 @452 *
epoch  453 | train 7.298444e-01 | val 7.443693e-01 |   1.329 s | best 7.443693e-01 @453 *
epoch  454 | train 7.269240e-01 | val 7.442622e-01 |   1.330 s | best 7.442622e-01 @454 *
epoch  455 | train 7.271445e-01 | val 7.441584e-01 |   1.329 s | best 7.441584e-01 @455 *
epoch  456 | train 7.228193e-01 | val 7.440543e-01 |   1.335 s | best 7.440543e-01 @456 *
epoch  457 | train 7.225430e-01 | val 7.439513e-01 |   1.328 s | best 7.439513e-01 @457 *
epoch  458 | train 7.262582e-01 | val 7.438475e-01 |   1.329 s | best 7.438475e-01 @458 *
epoch  459 | train 7.270614e-01 | val 7.437422e-01 |   1.326 s | best 7.437422e-01 @459 *
epoch  460 | train 7.266248e-01 | val 7.436405e-01 |   1.329 s | best 7.436405e-01 @460 *
epoch  461 | train 7.213510e-01 | val 7.435431e-01 |   1.328 s | best 7.435431e-01 @461 *
epoch  462 | train 7.196331e-01 | val 7.434472e-01 |   1.330 s | best 7.434472e-01 @462 *
epoch  463 | train 7.213649e-01 | val 7.433488e-01 |   1.331 s | best 7.433488e-01 @463 *
epoch  464 | train 7.243408e-01 | val 7.432508e-01 |   1.329 s | best 7.432508e-01 @464 *
epoch  465 | train 7.222519e-01 | val 7.431505e-01 |   1.332 s | best 7.431505e-01 @465 *
epoch  466 | train 7.242980e-01 | val 7.430577e-01 |   1.329 s | best 7.430577e-01 @466 *
epoch  467 | train 7.285744e-01 | val 7.429617e-01 |   1.331 s | best 7.429617e-01 @467 *
epoch  468 | train 7.260366e-01 | val 7.428672e-01 |   1.331 s | best 7.428672e-01 @468 *
epoch  469 | train 7.255955e-01 | val 7.427746e-01 |   1.327 s | best 7.427746e-01 @469 *
epoch  470 | train 7.275667e-01 | val 7.426803e-01 |   1.329 s | best 7.426803e-01 @470 *
epoch  471 | train 7.254067e-01 | val 7.425893e-01 |   1.328 s | best 7.425893e-01 @471 *
epoch  472 | train 7.180537e-01 | val 7.424986e-01 |   1.328 s | best 7.424986e-01 @472 *
epoch  473 | train 7.224220e-01 | val 7.424088e-01 |   1.061 s | best 7.424088e-01 @473 *
epoch  474 | train 7.274464e-01 | val 7.423207e-01 |   1.315 s | best 7.423207e-01 @474 *
epoch  475 | train 7.229529e-01 | val 7.422304e-01 |   1.306 s | best 7.422304e-01 @475 *
epoch  476 | train 7.252520e-01 | val 7.421419e-01 |   1.302 s | best 7.421419e-01 @476 *
epoch  477 | train 7.203868e-01 | val 7.420561e-01 |   1.317 s | best 7.420561e-01 @477 *
epoch  478 | train 7.244067e-01 | val 7.419751e-01 |   1.100 s | best 7.419751e-01 @478 *
epoch  479 | train 7.231405e-01 | val 7.418918e-01 |   1.313 s | best 7.418918e-01 @479 *
epoch  480 | train 7.234015e-01 | val 7.418112e-01 |   1.312 s | best 7.418112e-01 @480 *
epoch  481 | train 7.256573e-01 | val 7.417322e-01 |   1.292 s | best 7.417322e-01 @481 *
epoch  482 | train 7.244081e-01 | val 7.416553e-01 |   1.312 s | best 7.416553e-01 @482 *
epoch  483 | train 7.285997e-01 | val 7.415764e-01 |   1.307 s | best 7.415764e-01 @483 *
epoch  484 | train 7.240731e-01 | val 7.414987e-01 |   1.296 s | best 7.414987e-01 @484 *
epoch  485 | train 7.236280e-01 | val 7.414226e-01 |   1.316 s | best 7.414226e-01 @485 *
epoch  486 | train 7.266776e-01 | val 7.413455e-01 |   1.304 s | best 7.413455e-01 @486 *
epoch  487 | train 7.263733e-01 | val 7.412733e-01 |   1.302 s | best 7.412733e-01 @487 *
epoch  488 | train 7.224180e-01 | val 7.412011e-01 |   1.315 s | best 7.412011e-01 @488 *
epoch  489 | train 7.241213e-01 | val 7.411289e-01 |   1.297 s | best 7.411289e-01 @489 *
epoch  490 | train 7.223743e-01 | val 7.410614e-01 |   1.305 s | best 7.410614e-01 @490 *
epoch  491 | train 7.216060e-01 | val 7.409939e-01 |   1.314 s | best 7.409939e-01 @491 *
epoch  492 | train 7.289510e-01 | val 7.409266e-01 |   1.290 s | best 7.409266e-01 @492 *
epoch  493 | train 7.243705e-01 | val 7.408563e-01 |   1.316 s | best 7.408563e-01 @493 *
epoch  494 | train 7.214687e-01 | val 7.407903e-01 |   1.317 s | best 7.407903e-01 @494 *
epoch  495 | train 7.217969e-01 | val 7.407246e-01 |   1.294 s | best 7.407246e-01 @495 *
epoch  496 | train 7.214738e-01 | val 7.406601e-01 |   1.314 s | best 7.406601e-01 @496 *
epoch  497 | train 7.248264e-01 | val 7.405962e-01 |   1.306 s | best 7.405962e-01 @497 *
epoch  498 | train 7.238934e-01 | val 7.405329e-01 |   1.296 s | best 7.405329e-01 @498 *
epoch  499 | train 7.258007e-01 | val 7.404727e-01 |   1.315 s | best 7.404727e-01 @499 *
epoch  500 | train 7.278573e-01 | val 7.404111e-01 |   1.298 s | best 7.404111e-01 @500 *
epoch  501 | train 7.236336e-01 | val 7.403525e-01 |   1.304 s | best 7.403525e-01 @501 *
epoch  502 | train 7.280586e-01 | val 7.402951e-01 |   1.314 s | best 7.402951e-01 @502 *
epoch  503 | train 7.236976e-01 | val 7.402359e-01 |   1.291 s | best 7.402359e-01 @503 *
epoch  504 | train 7.265410e-01 | val 7.401793e-01 |   1.331 s | best 7.401793e-01 @504 *
epoch  505 | train 7.233933e-01 | val 7.401239e-01 |   1.117 s | best 7.401239e-01 @505 *
epoch  506 | train 7.264108e-01 | val 7.400671e-01 |   1.331 s | best 7.400671e-01 @506 *
epoch  507 | train 7.235515e-01 | val 7.400121e-01 |   1.327 s | best 7.400121e-01 @507 *
epoch  508 | train 7.207630e-01 | val 7.399564e-01 |   1.327 s | best 7.399564e-01 @508 *
epoch  509 | train 7.176302e-01 | val 7.399035e-01 |   1.327 s | best 7.399035e-01 @509 *
epoch  510 | train 7.214011e-01 | val 7.398489e-01 |   1.329 s | best 7.398489e-01 @510 *
epoch  511 | train 7.254303e-01 | val 7.397982e-01 |   1.335 s | best 7.397982e-01 @511 *
epoch  512 | train 7.248755e-01 | val 7.397464e-01 |   1.331 s | best 7.397464e-01 @512 *
epoch  513 | train 7.209730e-01 | val 7.396969e-01 |   1.332 s | best 7.396969e-01 @513 *
epoch  514 | train 7.260171e-01 | val 7.396473e-01 |   1.330 s | best 7.396473e-01 @514 *
epoch  515 | train 7.209307e-01 | val 7.396003e-01 |   1.329 s | best 7.396003e-01 @515 *
epoch  516 | train 7.237844e-01 | val 7.395535e-01 |   1.331 s | best 7.395535e-01 @516 *
epoch  517 | train 7.155425e-01 | val 7.395081e-01 |   1.329 s | best 7.395081e-01 @517 *
epoch  518 | train 7.234479e-01 | val 7.394636e-01 |   1.328 s | best 7.394636e-01 @518 *
epoch  519 | train 7.198490e-01 | val 7.394192e-01 |   1.329 s | best 7.394192e-01 @519 *
epoch  520 | train 7.219391e-01 | val 7.393766e-01 |   1.328 s | best 7.393766e-01 @520 *
epoch  521 | train 7.278618e-01 | val 7.393357e-01 |   1.328 s | best 7.393357e-01 @521 *
epoch  522 | train 7.188616e-01 | val 7.392973e-01 |   1.330 s | best 7.392973e-01 @522 *
epoch  523 | train 7.229982e-01 | val 7.392617e-01 |   1.331 s | best 7.392617e-01 @523 *
epoch  524 | train 7.184811e-01 | val 7.392248e-01 |   1.331 s | best 7.392248e-01 @524 *
epoch  525 | train 7.157713e-01 | val 7.391880e-01 |   1.331 s | best 7.391880e-01 @525 *
epoch  526 | train 7.208662e-01 | val 7.391516e-01 |   1.330 s | best 7.391516e-01 @526 *
epoch  527 | train 7.226222e-01 | val 7.391168e-01 |   1.329 s | best 7.391168e-01 @527 *
epoch  528 | train 7.243600e-01 | val 7.390823e-01 |   1.329 s | best 7.390823e-01 @528 *
epoch  529 | train 7.160924e-01 | val 7.390459e-01 |   1.328 s | best 7.390459e-01 @529 *
epoch  530 | train 7.175583e-01 | val 7.390132e-01 |   1.329 s | best 7.390132e-01 @530 *
epoch  531 | train 7.212710e-01 | val 7.389815e-01 |   1.329 s | best 7.389815e-01 @531 *
epoch  532 | train 7.239254e-01 | val 7.389529e-01 |   1.330 s | best 7.389529e-01 @532 *
epoch  533 | train 7.240029e-01 | val 7.389255e-01 |   1.333 s | best 7.389255e-01 @533 *
epoch  534 | train 7.201128e-01 | val 7.388975e-01 |   1.330 s | best 7.388975e-01 @534 *
epoch  535 | train 7.202399e-01 | val 7.388701e-01 |   1.333 s | best 7.388701e-01 @535 *
epoch  536 | train 7.235299e-01 | val 7.388444e-01 |   1.377 s | best 7.388444e-01 @536 *
epoch  537 | train 7.210795e-01 | val 7.388128e-01 |   1.378 s | best 7.388128e-01 @537 *
epoch  538 | train 7.179092e-01 | val 7.387869e-01 |   1.374 s | best 7.387869e-01 @538 *
epoch  539 | train 7.219555e-01 | val 7.387610e-01 |   1.380 s | best 7.387610e-01 @539 *
epoch  540 | train 7.225632e-01 | val 7.387359e-01 |   1.373 s | best 7.387359e-01 @540 *
epoch  541 | train 7.184192e-01 | val 7.387158e-01 |   1.376 s | best 7.387158e-01 @541 *
epoch  542 | train 7.163980e-01 | val 7.386938e-01 |   1.370 s | best 7.386938e-01 @542 *
epoch  543 | train 7.253799e-01 | val 7.386718e-01 |   1.374 s | best 7.386718e-01 @543 *
epoch  544 | train 7.219048e-01 | val 7.386486e-01 |   1.373 s | best 7.386486e-01 @544 *
epoch  545 | train 7.195055e-01 | val 7.386281e-01 |   1.375 s | best 7.386281e-01 @545 *
epoch  546 | train 7.173679e-01 | val 7.386102e-01 |   1.375 s | best 7.386102e-01 @546 *
epoch  547 | train 7.177998e-01 | val 7.385928e-01 |   1.378 s | best 7.385928e-01 @547 *
epoch  548 | train 7.166327e-01 | val 7.385775e-01 |   1.376 s | best 7.385775e-01 @548 *
epoch  549 | train 7.203941e-01 | val 7.385635e-01 |   1.375 s | best 7.385635e-01 @549 *
epoch  550 | train 7.232841e-01 | val 7.385511e-01 |   1.374 s | best 7.385511e-01 @550 *
epoch  551 | train 7.181800e-01 | val 7.385354e-01 |   1.371 s | best 7.385354e-01 @551 *
epoch  552 | train 7.219983e-01 | val 7.385214e-01 |   1.375 s | best 7.385214e-01 @552 *
epoch  553 | train 7.228161e-01 | val 7.385087e-01 |   1.372 s | best 7.385087e-01 @553 *
epoch  554 | train 7.189002e-01 | val 7.384955e-01 |   1.374 s | best 7.384955e-01 @554 *
epoch  555 | train 7.208294e-01 | val 7.384827e-01 |   1.376 s | best 7.384827e-01 @555 *
epoch  556 | train 7.214566e-01 | val 7.384679e-01 |   1.369 s | best 7.384679e-01 @556 *
epoch  557 | train 7.186950e-01 | val 7.384564e-01 |   1.375 s | best 7.384564e-01 @557 *
epoch  558 | train 7.184901e-01 | val 7.384487e-01 |   1.371 s | best 7.384487e-01 @558 *
epoch  559 | train 7.222082e-01 | val 7.384411e-01 |   1.372 s | best 7.384411e-01 @559 *
epoch  560 | train 7.209868e-01 | val 7.384356e-01 |   1.346 s | best 7.384356e-01 @560 *
epoch  561 | train 7.213254e-01 | val 7.384253e-01 |   1.330 s | best 7.384253e-01 @561 *
epoch  562 | train 7.259372e-01 | val 7.384182e-01 |   1.345 s | best 7.384182e-01 @562 *
epoch  563 | train 7.208297e-01 | val 7.384105e-01 |   1.329 s | best 7.384105e-01 @563 *
epoch  564 | train 7.296257e-01 | val 7.384045e-01 |   1.353 s | best 7.384045e-01 @564 *
epoch  565 | train 7.180408e-01 | val 7.383952e-01 |   1.384 s | best 7.383952e-01 @565 *
epoch  566 | train 7.194011e-01 | val 7.383900e-01 |   1.408 s | best 7.383900e-01 @566 *
epoch  567 | train 7.177400e-01 | val 7.383875e-01 |   1.389 s | best 7.383875e-01 @567 *
epoch  568 | train 7.192485e-01 | val 7.383855e-01 |   1.402 s | best 7.383855e-01 @568 *
epoch  569 | train 7.140425e-01 | val 7.383839e-01 |   1.392 s | best 7.383839e-01 @569 *
epoch  570 | train 7.221937e-01 | val 7.383813e-01 |   1.401 s | best 7.383813e-01 @570 *
epoch  571 | train 7.208025e-01 | val 7.383809e-01 |   1.394 s | best 7.383809e-01 @571 *
epoch  572 | train 7.220779e-01 | val 7.383809e-01 |   1.390 s | best 7.383809e-01 @571
epoch  573 | train 7.195399e-01 | val 7.383845e-01 |   1.399 s | best 7.383809e-01 @571
epoch  574 | train 7.166217e-01 | val 7.383884e-01 |   1.404 s | best 7.383809e-01 @571
epoch  575 | train 7.205194e-01 | val 7.383916e-01 |   1.398 s | best 7.383809e-01 @571
epoch  576 | train 7.188607e-01 | val 7.383932e-01 |   1.414 s | best 7.383809e-01 @571
epoch  577 | train 7.245165e-01 | val 7.384025e-01 |   1.404 s | best 7.383809e-01 @571
epoch  578 | train 7.156793e-01 | val 7.384119e-01 |   1.332 s | best 7.383809e-01 @571
epoch  579 | train 7.193233e-01 | val 7.384194e-01 |   1.330 s | best 7.383809e-01 @571
epoch  580 | train 7.175466e-01 | val 7.384251e-01 |   1.328 s | best 7.383809e-01 @571
epoch  581 | train 7.259403e-01 | val 7.384316e-01 |   1.329 s | best 7.383809e-01 @571
epoch  582 | train 7.190033e-01 | val 7.384391e-01 |   1.330 s | best 7.383809e-01 @571
epoch  583 | train 7.149926e-01 | val 7.384453e-01 |   1.331 s | best 7.383809e-01 @571
epoch  584 | train 7.181833e-01 | val 7.384545e-01 |   1.331 s | best 7.383809e-01 @571
epoch  585 | train 7.213780e-01 | val 7.384613e-01 |   1.330 s | best 7.383809e-01 @571
epoch  586 | train 7.180295e-01 | val 7.384701e-01 |   1.331 s | best 7.383809e-01 @571
# done        : 586 epochs, stopped_by=patience, aborted=False, best val 7.383809e-01 @ epoch 571, wall 673.1 s, 1.149 s/epoch
