
# ===== 2026-09-20 20:09:41 KST  HPO attempt 303  testbed D1 prior S  Nr=8 Nt=4
# DEVICE      : cuda | cuda_available=True | NVIDIA RTX PRO 6000 Blackwell Server Edition | torch 2.14.0+cu130 | train dtype float32 (01_RULES §9.5)
# data        : n_train=9000 n_val=1000 split_hash=98d6225d67f9c15a E||H||_F^2/(NrNt)=1.000268 (04_SPEC §2)
# sigma grid  : MEASURED, 20 points, log-uniform draw over [3.2936e-02, 7.9084e-01]
# hp          : {'arch': 'adm', 'param': 've', 'domain': 'angle', 'lr': 0.00042047090142189713, 'ema': 0.9995, 'batch': 128, 'emb': 256, 'width': 64, 'depth': 3, 'heads': 2, 'attn_at': 8}  params=5056578
# stopping    : patience 15 on val loss, never before 0 epochs, max 600 (01_RULES §5)
epoch    1 | train 8.376392e-01 | val 9.818790e-01 |   4.110 s | best 9.818790e-01 @1 *
epoch    2 | train 7.703118e-01 | val 9.694142e-01 |   4.120 s | best 9.694142e-01 @2 *
epoch    3 | train 7.580126e-01 | val 9.570495e-01 |   4.089 s | best 9.570495e-01 @3 *
epoch    4 | train 7.546416e-01 | val 9.449558e-01 |   4.182 s | best 9.449558e-01 @4 *
epoch    5 | train 7.535808e-01 | val 9.331711e-01 |   4.159 s | best 9.331711e-01 @5 *
epoch    6 | train 7.553722e-01 | val 9.216027e-01 |   4.157 s | best 9.216027e-01 @6 *
epoch    7 | train 7.499618e-01 | val 9.100882e-01 |   4.163 s | best 9.100882e-01 @7 *
epoch    8 | train 7.477475e-01 | val 8.985950e-01 |   4.164 s | best 8.985950e-01 @8 *
epoch    9 | train 7.505377e-01 | val 8.871510e-01 |   4.199 s | best 8.871510e-01 @9 *
epoch   10 | train 7.419275e-01 | val 8.759502e-01 |   4.298 s | best 8.759502e-01 @10 *
epoch   11 | train 7.450627e-01 | val 8.650967e-01 |   4.289 s | best 8.650967e-01 @11 *
epoch   12 | train 7.465904e-01 | val 8.547973e-01 |   4.273 s | best 8.547973e-01 @12 *
epoch   13 | train 7.502998e-01 | val 8.451526e-01 |   4.302 s | best 8.451526e-01 @13 *
epoch   14 | train 7.492795e-01 | val 8.361911e-01 |   4.203 s | best 8.361911e-01 @14 *
epoch   15 | train 7.492407e-01 | val 8.279309e-01 |   4.141 s | best 8.279309e-01 @15 *
epoch   16 | train 7.441546e-01 | val 8.203648e-01 |   4.155 s | best 8.203648e-01 @16 *
epoch   17 | train 7.481457e-01 | val 8.133767e-01 |   4.161 s | best 8.133767e-01 @17 *
epoch   18 | train 7.486707e-01 | val 8.068560e-01 |   4.158 s | best 8.068560e-01 @18 *
epoch   19 | train 7.473310e-01 | val 8.008937e-01 |   4.151 s | best 8.008937e-01 @19 *
epoch   20 | train 7.478465e-01 | val 7.954227e-01 |   4.165 s | best 7.954227e-01 @20 *
epoch   21 | train 7.395026e-01 | val 7.903357e-01 |   4.162 s | best 7.903357e-01 @21 *
epoch   22 | train 7.443091e-01 | val 7.857667e-01 |   4.154 s | best 7.857667e-01 @22 *
epoch   23 | train 7.419420e-01 | val 7.815979e-01 |   4.151 s | best 7.815979e-01 @23 *
epoch   24 | train 7.439756e-01 | val 7.776233e-01 |   4.158 s | best 7.776233e-01 @24 *
epoch   25 | train 7.494679e-01 | val 7.739829e-01 |   4.149 s | best 7.739829e-01 @25 *
epoch   26 | train 7.450797e-01 | val 7.707161e-01 |   4.152 s | best 7.707161e-01 @26 *
epoch   27 | train 7.425754e-01 | val 7.676603e-01 |   4.166 s | best 7.676603e-01 @27 *
epoch   28 | train 7.458376e-01 | val 7.648235e-01 |   4.161 s | best 7.648235e-01 @28 *
epoch   29 | train 7.442896e-01 | val 7.621946e-01 |   4.163 s | best 7.621946e-01 @29 *
epoch   30 | train 7.453515e-01 | val 7.598048e-01 |   4.156 s | best 7.598048e-01 @30 *
epoch   31 | train 7.411179e-01 | val 7.575832e-01 |   4.162 s | best 7.575832e-01 @31 *
epoch   32 | train 7.420887e-01 | val 7.555082e-01 |   4.155 s | best 7.555082e-01 @32 *
epoch   33 | train 7.445970e-01 | val 7.535551e-01 |   4.155 s | best 7.535551e-01 @33 *
epoch   34 | train 7.433792e-01 | val 7.517490e-01 |   4.158 s | best 7.517490e-01 @34 *
epoch   35 | train 7.458787e-01 | val 7.500718e-01 |   4.160 s | best 7.500718e-01 @35 *
epoch   36 | train 7.431920e-01 | val 7.485387e-01 |   4.155 s | best 7.485387e-01 @36 *
epoch   37 | train 7.428847e-01 | val 7.471442e-01 |   4.153 s | best 7.471442e-01 @37 *
epoch   38 | train 7.419998e-01 | val 7.458480e-01 |   4.156 s | best 7.458480e-01 @38 *
epoch   39 | train 7.451537e-01 | val 7.446119e-01 |   4.149 s | best 7.446119e-01 @39 *
epoch   40 | train 7.415075e-01 | val 7.434562e-01 |   4.173 s | best 7.434562e-01 @40 *
epoch   41 | train 7.425760e-01 | val 7.423968e-01 |   4.160 s | best 7.423968e-01 @41 *
epoch   42 | train 7.418611e-01 | val 7.414029e-01 |   4.155 s | best 7.414029e-01 @42 *
epoch   43 | train 7.421640e-01 | val 7.404791e-01 |   4.140 s | best 7.404791e-01 @43 *
epoch   44 | train 7.420863e-01 | val 7.396591e-01 |   4.152 s | best 7.396591e-01 @44 *
epoch   45 | train 7.443183e-01 | val 7.389371e-01 |   4.139 s | best 7.389371e-01 @45 *
epoch   46 | train 7.416527e-01 | val 7.381977e-01 |   4.146 s | best 7.381977e-01 @46 *
epoch   47 | train 7.368485e-01 | val 7.375315e-01 |   4.148 s | best 7.375315e-01 @47 *
epoch   48 | train 7.446651e-01 | val 7.369266e-01 |   4.116 s | best 7.369266e-01 @48 *
epoch   49 | train 7.374347e-01 | val 7.363485e-01 |   4.126 s | best 7.363485e-01 @49 *
epoch   50 | train 7.393466e-01 | val 7.358278e-01 |   4.117 s | best 7.358278e-01 @50 *
epoch   51 | train 7.454294e-01 | val 7.353318e-01 |   4.113 s | best 7.353318e-01 @51 *
epoch   52 | train 7.392741e-01 | val 7.348692e-01 |   4.103 s | best 7.348692e-01 @52 *
epoch   53 | train 7.420101e-01 | val 7.344607e-01 |   4.121 s | best 7.344607e-01 @53 *
epoch   54 | train 7.387992e-01 | val 7.340628e-01 |   4.146 s | best 7.340628e-01 @54 *
epoch   55 | train 7.412034e-01 | val 7.336817e-01 |   4.129 s | best 7.336817e-01 @55 *
epoch   56 | train 7.394585e-01 | val 7.333457e-01 |   4.129 s | best 7.333457e-01 @56 *
epoch   57 | train 7.375065e-01 | val 7.330279e-01 |   4.133 s | best 7.330279e-01 @57 *
epoch   58 | train 7.386580e-01 | val 7.327173e-01 |   4.138 s | best 7.327173e-01 @58 *
epoch   59 | train 7.380337e-01 | val 7.324226e-01 |   4.149 s | best 7.324226e-01 @59 *
epoch   60 | train 7.444529e-01 | val 7.321561e-01 |   4.135 s | best 7.321561e-01 @60 *
epoch   61 | train 7.446476e-01 | val 7.319255e-01 |   4.217 s | best 7.319255e-01 @61 *
epoch   62 | train 7.427249e-01 | val 7.316891e-01 |   4.282 s | best 7.316891e-01 @62 *
epoch   63 | train 7.407161e-01 | val 7.314695e-01 |   4.256 s | best 7.314695e-01 @63 *
epoch   64 | train 7.414740e-01 | val 7.312859e-01 |   4.135 s | best 7.312859e-01 @64 *
epoch   65 | train 7.423170e-01 | val 7.311029e-01 |   4.139 s | best 7.311029e-01 @65 *
epoch   66 | train 7.419796e-01 | val 7.309493e-01 |   4.139 s | best 7.309493e-01 @66 *
epoch   67 | train 7.377474e-01 | val 7.308031e-01 |   4.135 s | best 7.308031e-01 @67 *
epoch   68 | train 7.379498e-01 | val 7.306855e-01 |   4.145 s | best 7.306855e-01 @68 *
epoch   69 | train 7.379442e-01 | val 7.305835e-01 |   4.140 s | best 7.305835e-01 @69 *
epoch   70 | train 7.362032e-01 | val 7.304860e-01 |   4.138 s | best 7.304860e-01 @70 *
epoch   71 | train 7.410647e-01 | val 7.303842e-01 |   4.129 s | best 7.303842e-01 @71 *
epoch   72 | train 7.431713e-01 | val 7.302874e-01 |   4.135 s | best 7.302874e-01 @72 *
epoch   73 | train 7.425854e-01 | val 7.301979e-01 |   4.134 s | best 7.301979e-01 @73 *
epoch   74 | train 7.408061e-01 | val 7.301233e-01 |   4.138 s | best 7.301233e-01 @74 *
epoch   75 | train 7.395880e-01 | val 7.300466e-01 |   4.144 s | best 7.300466e-01 @75 *
epoch   76 | train 7.396530e-01 | val 7.299823e-01 |   4.150 s | best 7.299823e-01 @76 *
epoch   77 | train 7.420106e-01 | val 7.299051e-01 |   4.150 s | best 7.299051e-01 @77 *
epoch   78 | train 7.353871e-01 | val 7.298216e-01 |   4.147 s | best 7.298216e-01 @78 *
epoch   79 | train 7.380347e-01 | val 7.297753e-01 |   4.143 s | best 7.297753e-01 @79 *
epoch   80 | train 7.419341e-01 | val 7.297248e-01 |   4.142 s | best 7.297248e-01 @80 *
epoch   81 | train 7.428343e-01 | val 7.296878e-01 |   4.145 s | best 7.296878e-01 @81 *
epoch   82 | train 7.363900e-01 | val 7.296430e-01 |   4.151 s | best 7.296430e-01 @82 *
epoch   83 | train 7.415494e-01 | val 7.296134e-01 |   4.332 s | best 7.296134e-01 @83 *
epoch   84 | train 7.377186e-01 | val 7.295811e-01 |   4.376 s | best 7.295811e-01 @84 *
epoch   85 | train 7.437402e-01 | val 7.295560e-01 |   4.338 s | best 7.295560e-01 @85 *
epoch   86 | train 7.410611e-01 | val 7.295337e-01 |   4.317 s | best 7.295337e-01 @86 *
epoch   87 | train 7.423590e-01 | val 7.295242e-01 |   4.243 s | best 7.295242e-01 @87 *
epoch   88 | train 7.368252e-01 | val 7.295185e-01 |   4.139 s | best 7.295185e-01 @88 *
epoch   89 | train 7.402003e-01 | val 7.295132e-01 |   4.144 s | best 7.295132e-01 @89 *
epoch   90 | train 7.384285e-01 | val 7.295020e-01 |   4.153 s | best 7.295020e-01 @90 *
epoch   91 | train 7.333727e-01 | val 7.294936e-01 |   4.143 s | best 7.294936e-01 @91 *
epoch   92 | train 7.372552e-01 | val 7.294807e-01 |   4.142 s | best 7.294807e-01 @92 *
epoch   93 | train 7.416720e-01 | val 7.294795e-01 |   4.144 s | best 7.294795e-01 @93 *
epoch   94 | train 7.417330e-01 | val 7.294806e-01 |   4.137 s | best 7.294795e-01 @93
epoch   95 | train 7.423853e-01 | val 7.294866e-01 |   4.146 s | best 7.294795e-01 @93
epoch   96 | train 7.332077e-01 | val 7.294915e-01 |   4.149 s | best 7.294795e-01 @93
epoch   97 | train 7.428796e-01 | val 7.294926e-01 |   4.152 s | best 7.294795e-01 @93
epoch   98 | train 7.361070e-01 | val 7.294876e-01 |   4.149 s | best 7.294795e-01 @93
epoch   99 | train 7.349410e-01 | val 7.294945e-01 |   4.145 s | best 7.294795e-01 @93
epoch  100 | train 7.391838e-01 | val 7.295234e-01 |   4.145 s | best 7.294795e-01 @93
epoch  101 | train 7.393163e-01 | val 7.295493e-01 |   4.152 s | best 7.294795e-01 @93
epoch  102 | train 7.325692e-01 | val 7.295745e-01 |   4.165 s | best 7.294795e-01 @93
epoch  103 | train 7.367984e-01 | val 7.296016e-01 |   4.144 s | best 7.294795e-01 @93
epoch  104 | train 7.346879e-01 | val 7.296247e-01 |   4.149 s | best 7.294795e-01 @93
epoch  105 | train 7.404679e-01 | val 7.296650e-01 |   4.149 s | best 7.294795e-01 @93
epoch  106 | train 7.411724e-01 | val 7.296994e-01 |   4.144 s | best 7.294795e-01 @93
epoch  107 | train 7.362983e-01 | val 7.297298e-01 |   4.142 s | best 7.294795e-01 @93
epoch  108 | train 7.351242e-01 | val 7.297601e-01 |   4.141 s | best 7.294795e-01 @93
# done        : 108 epochs, stopped_by=patience, aborted=False, best val 7.294795e-01 @ epoch 93, wall 469.6 s, 4.348 s/epoch
