
# ===== 2026-09-20 20:50:41 KST  HPO attempt 338  testbed D1 prior S  Nr=8 Nt=4
# DEVICE      : cuda | cuda_available=True | NVIDIA RTX PRO 6000 Blackwell Server Edition | torch 2.14.0+cu130 | train dtype float32 (01_RULES §9.5)
# data        : n_train=9000 n_val=1000 split_hash=98d6225d67f9c15a E||H||_F^2/(NrNt)=1.000268 (04_SPEC §2)
# sigma grid  : MEASURED, 20 points, log-uniform draw over [3.2936e-02, 7.9084e-01]
# hp          : {'arch': 'adm', 'param': 'edm', 'domain': 'angle', 'lr': 0.0003553323488868381, 'ema': 0.999, 'batch': 128, 'emb': 64, 'width': 48, 'depth': 4, 'heads': 4, 'attn_at': 8}  params=2822450
# stopping    : patience 15 on val loss, never before 0 epochs, max 600 (01_RULES §5)
epoch    1 | train 9.617373e-01 | val 9.904138e-01 |   4.157 s | best 9.904138e-01 @1 *
epoch    2 | train 8.722885e-01 | val 9.897216e-01 |   4.397 s | best 9.897216e-01 @2 *
epoch    3 | train 8.533914e-01 | val 9.885889e-01 |   4.386 s | best 9.885889e-01 @3 *
epoch    4 | train 8.485871e-01 | val 9.866614e-01 |   4.441 s | best 9.866614e-01 @4 *
epoch    5 | train 8.496680e-01 | val 9.832491e-01 |   4.403 s | best 9.832491e-01 @5 *
epoch    6 | train 8.426879e-01 | val 9.777052e-01 |   4.406 s | best 9.777052e-01 @6 *
epoch    7 | train 8.429198e-01 | val 9.697972e-01 |   4.405 s | best 9.697972e-01 @7 *
epoch    8 | train 8.412162e-01 | val 9.595491e-01 |   4.408 s | best 9.595491e-01 @8 *
epoch    9 | train 8.391682e-01 | val 9.470270e-01 |   4.405 s | best 9.470270e-01 @9 *
epoch   10 | train 8.417544e-01 | val 9.335684e-01 |   4.399 s | best 9.335684e-01 @10 *
epoch   11 | train 8.401272e-01 | val 9.200619e-01 |   4.312 s | best 9.200619e-01 @11 *
epoch   12 | train 8.428270e-01 | val 9.074109e-01 |   4.281 s | best 9.074109e-01 @12 *
epoch   13 | train 8.397662e-01 | val 8.959845e-01 |   4.277 s | best 8.959845e-01 @13 *
epoch   14 | train 8.381895e-01 | val 8.854634e-01 |   4.279 s | best 8.854634e-01 @14 *
epoch   15 | train 8.345803e-01 | val 8.763984e-01 |   4.279 s | best 8.763984e-01 @15 *
epoch   16 | train 8.372555e-01 | val 8.686846e-01 |   4.276 s | best 8.686846e-01 @16 *
epoch   17 | train 8.372776e-01 | val 8.620480e-01 |   4.271 s | best 8.620480e-01 @17 *
epoch   18 | train 8.340042e-01 | val 8.561205e-01 |   4.268 s | best 8.561205e-01 @18 *
epoch   19 | train 8.381739e-01 | val 8.512158e-01 |   4.292 s | best 8.512158e-01 @19 *
epoch   20 | train 8.345998e-01 | val 8.470675e-01 |   4.305 s | best 8.470675e-01 @20 *
epoch   21 | train 8.390902e-01 | val 8.435298e-01 |   4.337 s | best 8.435298e-01 @21 *
epoch   22 | train 8.362587e-01 | val 8.404036e-01 |   4.306 s | best 8.404036e-01 @22 *
epoch   23 | train 8.353969e-01 | val 8.377542e-01 |   4.297 s | best 8.377542e-01 @23 *
epoch   24 | train 8.360188e-01 | val 8.355420e-01 |   4.286 s | best 8.355420e-01 @24 *
epoch   25 | train 8.357530e-01 | val 8.337284e-01 |   4.267 s | best 8.337284e-01 @25 *
epoch   26 | train 8.345644e-01 | val 8.321161e-01 |   4.351 s | best 8.321161e-01 @26 *
epoch   27 | train 8.328169e-01 | val 8.307303e-01 |   4.310 s | best 8.307303e-01 @27 *
epoch   28 | train 8.328113e-01 | val 8.295230e-01 |   4.287 s | best 8.295230e-01 @28 *
epoch   29 | train 8.338013e-01 | val 8.284788e-01 |   4.284 s | best 8.284788e-01 @29 *
epoch   30 | train 8.314012e-01 | val 8.276531e-01 |   4.307 s | best 8.276531e-01 @30 *
epoch   31 | train 8.366477e-01 | val 8.269562e-01 |   4.322 s | best 8.269562e-01 @31 *
epoch   32 | train 8.335691e-01 | val 8.262886e-01 |   4.319 s | best 8.262886e-01 @32 *
epoch   33 | train 8.340785e-01 | val 8.257381e-01 |   4.374 s | best 8.257381e-01 @33 *
epoch   34 | train 8.321542e-01 | val 8.252450e-01 |   4.390 s | best 8.252450e-01 @34 *
epoch   35 | train 8.342650e-01 | val 8.248113e-01 |   4.394 s | best 8.248113e-01 @35 *
epoch   36 | train 8.321029e-01 | val 8.244672e-01 |   4.394 s | best 8.244672e-01 @36 *
epoch   37 | train 8.298812e-01 | val 8.241234e-01 |   4.394 s | best 8.241234e-01 @37 *
epoch   38 | train 8.323432e-01 | val 8.237985e-01 |   4.386 s | best 8.237985e-01 @38 *
epoch   39 | train 8.353926e-01 | val 8.235462e-01 |   4.390 s | best 8.235462e-01 @39 *
epoch   40 | train 8.321262e-01 | val 8.233331e-01 |   4.391 s | best 8.233331e-01 @40 *
epoch   41 | train 8.335610e-01 | val 8.231251e-01 |   4.388 s | best 8.231251e-01 @41 *
epoch   42 | train 8.341339e-01 | val 8.229075e-01 |   4.389 s | best 8.229075e-01 @42 *
epoch   43 | train 8.322173e-01 | val 8.227345e-01 |   4.385 s | best 8.227345e-01 @43 *
epoch   44 | train 8.330534e-01 | val 8.226119e-01 |   4.392 s | best 8.226119e-01 @44 *
epoch   45 | train 8.316562e-01 | val 8.224855e-01 |   4.393 s | best 8.224855e-01 @45 *
epoch   46 | train 8.316597e-01 | val 8.223781e-01 |   4.387 s | best 8.223781e-01 @46 *
epoch   47 | train 8.284539e-01 | val 8.222902e-01 |   4.391 s | best 8.222902e-01 @47 *
epoch   48 | train 8.334057e-01 | val 8.221817e-01 |   4.400 s | best 8.221817e-01 @48 *
epoch   49 | train 8.300308e-01 | val 8.221064e-01 |   4.393 s | best 8.221064e-01 @49 *
epoch   50 | train 8.293244e-01 | val 8.220145e-01 |   4.396 s | best 8.220145e-01 @50 *
epoch   51 | train 8.297258e-01 | val 8.219633e-01 |   4.390 s | best 8.219633e-01 @51 *
epoch   52 | train 8.348853e-01 | val 8.219228e-01 |   4.386 s | best 8.219228e-01 @52 *
epoch   53 | train 8.310148e-01 | val 8.218766e-01 |   4.387 s | best 8.218766e-01 @53 *
epoch   54 | train 8.301893e-01 | val 8.218353e-01 |   4.386 s | best 8.218353e-01 @54 *
epoch   55 | train 8.359472e-01 | val 8.217761e-01 |   4.394 s | best 8.217761e-01 @55 *
epoch   56 | train 8.305917e-01 | val 8.217443e-01 |   4.394 s | best 8.217443e-01 @56 *
epoch   57 | train 8.296087e-01 | val 8.216850e-01 |   4.390 s | best 8.216850e-01 @57 *
epoch   58 | train 8.276823e-01 | val 8.216564e-01 |   4.387 s | best 8.216564e-01 @58 *
epoch   59 | train 8.309481e-01 | val 8.216040e-01 |   4.414 s | best 8.216040e-01 @59 *
epoch   60 | train 8.283620e-01 | val 8.215943e-01 |   4.390 s | best 8.215943e-01 @60 *
epoch   61 | train 8.313028e-01 | val 8.215764e-01 |   4.390 s | best 8.215764e-01 @61 *
epoch   62 | train 8.290639e-01 | val 8.215580e-01 |   4.388 s | best 8.215580e-01 @62 *
epoch   63 | train 8.334269e-01 | val 8.214922e-01 |   4.415 s | best 8.214922e-01 @63 *
epoch   64 | train 8.298160e-01 | val 8.214306e-01 |   4.409 s | best 8.214306e-01 @64 *
epoch   65 | train 8.300575e-01 | val 8.213747e-01 |   4.390 s | best 8.213747e-01 @65 *
epoch   66 | train 8.332908e-01 | val 8.213614e-01 |   4.387 s | best 8.213614e-01 @66 *
epoch   67 | train 8.290700e-01 | val 8.213392e-01 |   4.386 s | best 8.213392e-01 @67 *
epoch   68 | train 8.306769e-01 | val 8.213557e-01 |   4.497 s | best 8.213392e-01 @67
epoch   69 | train 8.307344e-01 | val 8.213865e-01 |   4.531 s | best 8.213392e-01 @67
epoch   70 | train 8.287166e-01 | val 8.214248e-01 |   4.477 s | best 8.213392e-01 @67
epoch   71 | train 8.280572e-01 | val 8.214577e-01 |   4.360 s | best 8.213392e-01 @67
epoch   72 | train 8.301761e-01 | val 8.215052e-01 |   4.358 s | best 8.213392e-01 @67
epoch   73 | train 8.254596e-01 | val 8.215439e-01 |   4.492 s | best 8.213392e-01 @67
epoch   74 | train 8.293035e-01 | val 8.215647e-01 |   4.533 s | best 8.213392e-01 @67
epoch   75 | train 8.307055e-01 | val 8.216077e-01 |   4.501 s | best 8.213392e-01 @67
epoch   76 | train 8.291856e-01 | val 8.216310e-01 |   4.369 s | best 8.213392e-01 @67
epoch   77 | train 8.276230e-01 | val 8.216520e-01 |   4.410 s | best 8.213392e-01 @67
epoch   78 | train 8.296220e-01 | val 8.216642e-01 |   4.391 s | best 8.213392e-01 @67
epoch   79 | train 8.304944e-01 | val 8.216892e-01 |   4.371 s | best 8.213392e-01 @67
epoch   80 | train 8.319635e-01 | val 8.217131e-01 |   4.371 s | best 8.213392e-01 @67
epoch   81 | train 8.284464e-01 | val 8.217247e-01 |   4.366 s | best 8.213392e-01 @67
epoch   82 | train 8.277701e-01 | val 8.217208e-01 |   4.373 s | best 8.213392e-01 @67
# done        : 82 epochs, stopped_by=patience, aborted=False, best val 8.213392e-01 @ epoch 67, wall 369.2 s, 4.503 s/epoch
