
# ===== 2026-09-20 20:46:07 KST  HPO attempt 333  testbed D1 prior S  Nr=8 Nt=4
# DEVICE      : cuda | cuda_available=True | NVIDIA RTX PRO 6000 Blackwell Server Edition | torch 2.14.0+cu130 | train dtype float32 (01_RULES §9.5)
# data        : n_train=9000 n_val=1000 split_hash=98d6225d67f9c15a E||H||_F^2/(NrNt)=1.000268 (04_SPEC §2)
# sigma grid  : MEASURED, 20 points, log-uniform draw over [3.2936e-02, 7.9084e-01]
# hp          : {'arch': 'dit', 'param': 've', 'domain': 'angle', 'lr': 0.0020589843486835337, 'ema': 0.999, 'batch': 128, 'emb': 256, 'width': 64, 'depth': 7, 'heads': 8, 'patch': 2}  params=553352
# stopping    : patience 15 on val loss, never before 0 epochs, max 600 (01_RULES §5)
epoch    1 | train 8.402986e-01 | val 9.741697e-01 |   2.502 s | best 9.741697e-01 @1 *
epoch    2 | train 8.182204e-01 | val 9.573765e-01 |   2.945 s | best 9.573765e-01 @2 *
epoch    3 | train 8.131415e-01 | val 9.423701e-01 |   2.969 s | best 9.423701e-01 @3 *
epoch    4 | train 8.039416e-01 | val 9.294896e-01 |   2.945 s | best 9.294896e-01 @4 *
epoch    5 | train 8.003019e-01 | val 9.179910e-01 |   2.968 s | best 9.179910e-01 @5 *
epoch    6 | train 7.990409e-01 | val 9.073799e-01 |   2.944 s | best 9.073799e-01 @6 *
epoch    7 | train 7.879200e-01 | val 8.973692e-01 |   2.951 s | best 8.973692e-01 @7 *
epoch    8 | train 7.852597e-01 | val 8.876756e-01 |   2.937 s | best 8.876756e-01 @8 *
epoch    9 | train 7.871393e-01 | val 8.783758e-01 |   2.942 s | best 8.783758e-01 @9 *
epoch   10 | train 7.804653e-01 | val 8.693620e-01 |   2.935 s | best 8.693620e-01 @10 *
epoch   11 | train 7.754892e-01 | val 8.603743e-01 |   2.936 s | best 8.603743e-01 @11 *
epoch   12 | train 7.760766e-01 | val 8.512337e-01 |   2.926 s | best 8.512337e-01 @12 *
epoch   13 | train 7.692437e-01 | val 8.420693e-01 |   2.932 s | best 8.420693e-01 @13 *
epoch   14 | train 7.653880e-01 | val 8.329423e-01 |   2.967 s | best 8.329423e-01 @14 *
epoch   15 | train 7.664358e-01 | val 8.239315e-01 |   2.968 s | best 8.239315e-01 @15 *
epoch   16 | train 7.708580e-01 | val 8.153806e-01 |   2.965 s | best 8.153806e-01 @16 *
epoch   17 | train 7.637849e-01 | val 8.073391e-01 |   2.968 s | best 8.073391e-01 @17 *
epoch   18 | train 7.609168e-01 | val 8.001701e-01 |   2.988 s | best 8.001701e-01 @18 *
epoch   19 | train 7.571553e-01 | val 7.935866e-01 |   3.027 s | best 7.935866e-01 @19 *
epoch   20 | train 7.572492e-01 | val 7.876591e-01 |   3.004 s | best 7.876591e-01 @20 *
epoch   21 | train 7.600041e-01 | val 7.823618e-01 |   3.129 s | best 7.823618e-01 @21 *
epoch   22 | train 7.570950e-01 | val 7.777373e-01 |   3.105 s | best 7.777373e-01 @22 *
epoch   23 | train 7.593876e-01 | val 7.735754e-01 |   3.113 s | best 7.735754e-01 @23 *
epoch   24 | train 7.564881e-01 | val 7.698284e-01 |   3.116 s | best 7.698284e-01 @24 *
epoch   25 | train 7.569212e-01 | val 7.664759e-01 |   3.205 s | best 7.664759e-01 @25 *
epoch   26 | train 7.611062e-01 | val 7.634270e-01 |   3.176 s | best 7.634270e-01 @26 *
epoch   27 | train 7.613887e-01 | val 7.606838e-01 |   3.078 s | best 7.606838e-01 @27 *
epoch   28 | train 7.507203e-01 | val 7.581871e-01 |   3.027 s | best 7.581871e-01 @28 *
epoch   29 | train 7.542369e-01 | val 7.559354e-01 |   2.982 s | best 7.559354e-01 @29 *
epoch   30 | train 7.485064e-01 | val 7.538546e-01 |   3.000 s | best 7.538546e-01 @30 *
epoch   31 | train 7.531495e-01 | val 7.519886e-01 |   3.092 s | best 7.519886e-01 @31 *
epoch   32 | train 7.497636e-01 | val 7.502796e-01 |   3.081 s | best 7.502796e-01 @32 *
epoch   33 | train 7.493863e-01 | val 7.487085e-01 |   3.076 s | best 7.487085e-01 @33 *
epoch   34 | train 7.480387e-01 | val 7.473210e-01 |   3.074 s | best 7.473210e-01 @34 *
epoch   35 | train 7.540329e-01 | val 7.460061e-01 |   3.077 s | best 7.460061e-01 @35 *
epoch   36 | train 7.498144e-01 | val 7.447586e-01 |   3.080 s | best 7.447586e-01 @36 *
epoch   37 | train 7.481032e-01 | val 7.436600e-01 |   3.081 s | best 7.436600e-01 @37 *
epoch   38 | train 7.516337e-01 | val 7.426386e-01 |   3.082 s | best 7.426386e-01 @38 *
epoch   39 | train 7.494110e-01 | val 7.416758e-01 |   3.015 s | best 7.416758e-01 @39 *
epoch   40 | train 7.472102e-01 | val 7.408161e-01 |   2.994 s | best 7.408161e-01 @40 *
epoch   41 | train 7.492089e-01 | val 7.400128e-01 |   2.989 s | best 7.400128e-01 @41 *
epoch   42 | train 7.492761e-01 | val 7.392625e-01 |   2.991 s | best 7.392625e-01 @42 *
epoch   43 | train 7.428846e-01 | val 7.385765e-01 |   2.987 s | best 7.385765e-01 @43 *
epoch   44 | train 7.440373e-01 | val 7.379629e-01 |   2.993 s | best 7.379629e-01 @44 *
epoch   45 | train 7.503831e-01 | val 7.373993e-01 |   2.987 s | best 7.373993e-01 @45 *
epoch   46 | train 7.471220e-01 | val 7.369006e-01 |   2.990 s | best 7.369006e-01 @46 *
epoch   47 | train 7.444373e-01 | val 7.364368e-01 |   2.990 s | best 7.364368e-01 @47 *
epoch   48 | train 7.489720e-01 | val 7.360130e-01 |   2.989 s | best 7.360130e-01 @48 *
epoch   49 | train 7.490625e-01 | val 7.355812e-01 |   2.988 s | best 7.355812e-01 @49 *
epoch   50 | train 7.453699e-01 | val 7.351962e-01 |   2.988 s | best 7.351962e-01 @50 *
epoch   51 | train 7.435084e-01 | val 7.348308e-01 |   2.992 s | best 7.348308e-01 @51 *
epoch   52 | train 7.412252e-01 | val 7.345138e-01 |   2.990 s | best 7.345138e-01 @52 *
epoch   53 | train 7.469141e-01 | val 7.342302e-01 |   3.001 s | best 7.342302e-01 @53 *
epoch   54 | train 7.448437e-01 | val 7.339930e-01 |   2.999 s | best 7.339930e-01 @54 *
epoch   55 | train 7.433735e-01 | val 7.337463e-01 |   2.973 s | best 7.337463e-01 @55 *
epoch   56 | train 7.451246e-01 | val 7.335103e-01 |   2.934 s | best 7.335103e-01 @56 *
epoch   57 | train 7.465674e-01 | val 7.333289e-01 |   2.958 s | best 7.333289e-01 @57 *
epoch   58 | train 7.418689e-01 | val 7.331389e-01 |   2.938 s | best 7.331389e-01 @58 *
epoch   59 | train 7.491388e-01 | val 7.329701e-01 |   2.957 s | best 7.329701e-01 @59 *
epoch   60 | train 7.422229e-01 | val 7.327947e-01 |   2.940 s | best 7.327947e-01 @60 *
epoch   61 | train 7.461319e-01 | val 7.326354e-01 |   2.954 s | best 7.326354e-01 @61 *
epoch   62 | train 7.455223e-01 | val 7.324590e-01 |   2.942 s | best 7.324590e-01 @62 *
epoch   63 | train 7.408120e-01 | val 7.323191e-01 |   2.963 s | best 7.323191e-01 @63 *
epoch   64 | train 7.491526e-01 | val 7.322136e-01 |   2.941 s | best 7.322136e-01 @64 *
epoch   65 | train 7.494484e-01 | val 7.321207e-01 |   2.961 s | best 7.321207e-01 @65 *
epoch   66 | train 7.471422e-01 | val 7.320355e-01 |   2.940 s | best 7.320355e-01 @66 *
epoch   67 | train 7.442817e-01 | val 7.319317e-01 |   2.958 s | best 7.319317e-01 @67 *
epoch   68 | train 7.427902e-01 | val 7.318568e-01 |   2.975 s | best 7.318568e-01 @68 *
epoch   69 | train 7.441918e-01 | val 7.318035e-01 |   3.015 s | best 7.318035e-01 @69 *
epoch   70 | train 7.439830e-01 | val 7.317551e-01 |   2.997 s | best 7.317551e-01 @70 *
epoch   71 | train 7.461851e-01 | val 7.317089e-01 |   2.998 s | best 7.317089e-01 @71 *
epoch   72 | train 7.472099e-01 | val 7.316596e-01 |   2.996 s | best 7.316596e-01 @72 *
epoch   73 | train 7.447181e-01 | val 7.315720e-01 |   2.995 s | best 7.315720e-01 @73 *
epoch   74 | train 7.405478e-01 | val 7.315038e-01 |   2.994 s | best 7.315038e-01 @74 *
epoch   75 | train 7.430517e-01 | val 7.314504e-01 |   3.003 s | best 7.314504e-01 @75 *
epoch   76 | train 7.479297e-01 | val 7.314016e-01 |   2.987 s | best 7.314016e-01 @76 *
epoch   77 | train 7.402706e-01 | val 7.313794e-01 |   2.981 s | best 7.313794e-01 @77 *
epoch   78 | train 7.414837e-01 | val 7.313492e-01 |   2.973 s | best 7.313492e-01 @78 *
epoch   79 | train 7.431892e-01 | val 7.313010e-01 |   2.982 s | best 7.313010e-01 @79 *
epoch   80 | train 7.438175e-01 | val 7.312605e-01 |   2.966 s | best 7.312605e-01 @80 *
epoch   81 | train 7.410482e-01 | val 7.312632e-01 |   2.972 s | best 7.312605e-01 @80
epoch   82 | train 7.409054e-01 | val 7.312508e-01 |   2.962 s | best 7.312508e-01 @82 *
epoch   83 | train 7.449365e-01 | val 7.312459e-01 |   2.971 s | best 7.312459e-01 @83 *
epoch   84 | train 7.453966e-01 | val 7.312258e-01 |   2.971 s | best 7.312258e-01 @84 *
epoch   85 | train 7.414548e-01 | val 7.312194e-01 |   2.964 s | best 7.312194e-01 @85 *
epoch   86 | train 7.449703e-01 | val 7.312044e-01 |   2.977 s | best 7.312044e-01 @86 *
epoch   87 | train 7.441431e-01 | val 7.312192e-01 |   2.968 s | best 7.312044e-01 @86
epoch   88 | train 7.401029e-01 | val 7.311977e-01 |   2.974 s | best 7.311977e-01 @88 *
epoch   89 | train 7.360832e-01 | val 7.311846e-01 |   2.967 s | best 7.311846e-01 @89 *
epoch   90 | train 7.432199e-01 | val 7.311998e-01 |   3.034 s | best 7.311846e-01 @89
epoch   91 | train 7.369992e-01 | val 7.312058e-01 |   3.002 s | best 7.311846e-01 @89
epoch   92 | train 7.411674e-01 | val 7.312026e-01 |   3.007 s | best 7.311846e-01 @89
epoch   93 | train 7.427569e-01 | val 7.312001e-01 |   3.002 s | best 7.311846e-01 @89
epoch   94 | train 7.426244e-01 | val 7.311978e-01 |   3.003 s | best 7.311846e-01 @89
epoch   95 | train 7.423647e-01 | val 7.312077e-01 |   3.007 s | best 7.311846e-01 @89
epoch   96 | train 7.399305e-01 | val 7.312545e-01 |   3.003 s | best 7.311846e-01 @89
epoch   97 | train 7.452081e-01 | val 7.312794e-01 |   3.004 s | best 7.311846e-01 @89
epoch   98 | train 7.423024e-01 | val 7.313142e-01 |   3.009 s | best 7.311846e-01 @89
epoch   99 | train 7.404555e-01 | val 7.313533e-01 |   3.009 s | best 7.311846e-01 @89
epoch  100 | train 7.387672e-01 | val 7.313825e-01 |   3.003 s | best 7.311846e-01 @89
epoch  101 | train 7.397632e-01 | val 7.314146e-01 |   2.998 s | best 7.311846e-01 @89
epoch  102 | train 7.464818e-01 | val 7.314123e-01 |   2.995 s | best 7.311846e-01 @89
epoch  103 | train 7.425613e-01 | val 7.314363e-01 |   2.999 s | best 7.311846e-01 @89
epoch  104 | train 7.403015e-01 | val 7.314509e-01 |   2.996 s | best 7.311846e-01 @89
# done        : 104 epochs, stopped_by=patience, aborted=False, best val 7.311846e-01 @ epoch 89, wall 317.8 s, 3.056 s/epoch
