
# ===== 2026-09-20 22:55:41 KST  HPO attempt 466  testbed D1 prior S  Nr=8 Nt=4
# DEVICE      : cuda | cuda_available=True | NVIDIA RTX PRO 6000 Blackwell Server Edition | torch 2.14.0+cu130 | train dtype float32 (01_RULES §9.5)
# data        : n_train=9000 n_val=1000 split_hash=98d6225d67f9c15a E||H||_F^2/(NrNt)=1.000268 (04_SPEC §2)
# sigma grid  : MEASURED, 20 points, log-uniform draw over [3.2936e-02, 7.9084e-01]
# hp          : {'arch': 'dit', 'param': 'vp', 'domain': 'angle', 'lr': 0.002647792951633369, 'ema': 0.99, 'batch': 256, 'emb': 64, 'width': 64, 'depth': 7, 'heads': 8, 'patch': 1}  params=541826
# stopping    : patience 15 on val loss, never before 0 epochs, max 600 (01_RULES §5)
epoch    1 | train 8.539724e-01 | val 9.232510e-01 |   1.468 s | best 9.232510e-01 @1 *
epoch    2 | train 8.188962e-01 | val 8.847631e-01 |   1.559 s | best 8.847631e-01 @2 *
epoch    3 | train 8.036457e-01 | val 8.617309e-01 |   1.531 s | best 8.617309e-01 @3 *
epoch    4 | train 7.956223e-01 | val 8.417579e-01 |   1.555 s | best 8.417579e-01 @4 *
epoch    5 | train 7.959526e-01 | val 8.190320e-01 |   1.532 s | best 8.190320e-01 @5 *
epoch    6 | train 7.937411e-01 | val 8.003716e-01 |   1.553 s | best 8.003716e-01 @6 *
epoch    7 | train 7.979657e-01 | val 7.895288e-01 |   1.529 s | best 7.895288e-01 @7 *
epoch    8 | train 7.941648e-01 | val 7.842105e-01 |   1.555 s | best 7.842105e-01 @8 *
epoch    9 | train 7.902025e-01 | val 7.815568e-01 |   1.536 s | best 7.815568e-01 @9 *
epoch   10 | train 7.917562e-01 | val 7.800382e-01 |   1.583 s | best 7.800382e-01 @10 *
epoch   11 | train 7.900368e-01 | val 7.792169e-01 |   1.535 s | best 7.792169e-01 @11 *
epoch   12 | train 7.901048e-01 | val 7.786408e-01 |   1.569 s | best 7.786408e-01 @12 *
epoch   13 | train 7.896524e-01 | val 7.779059e-01 |   1.525 s | best 7.779059e-01 @13 *
epoch   14 | train 7.905205e-01 | val 7.769832e-01 |   1.569 s | best 7.769832e-01 @14 *
epoch   15 | train 7.905895e-01 | val 7.758692e-01 |   1.520 s | best 7.758692e-01 @15 *
epoch   16 | train 7.858926e-01 | val 7.745742e-01 |   1.571 s | best 7.745742e-01 @16 *
epoch   17 | train 7.802700e-01 | val 7.731699e-01 |   1.521 s | best 7.731699e-01 @17 *
epoch   18 | train 7.779591e-01 | val 7.712796e-01 |   1.574 s | best 7.712796e-01 @18 *
epoch   19 | train 7.806654e-01 | val 7.691835e-01 |   1.520 s | best 7.691835e-01 @19 *
epoch   20 | train 7.748832e-01 | val 7.669394e-01 |   1.577 s | best 7.669394e-01 @20 *
epoch   21 | train 7.736526e-01 | val 7.646315e-01 |   1.528 s | best 7.646315e-01 @21 *
epoch   22 | train 7.704789e-01 | val 7.621188e-01 |   1.581 s | best 7.621188e-01 @22 *
epoch   23 | train 7.730860e-01 | val 7.594123e-01 |   1.523 s | best 7.594123e-01 @23 *
epoch   24 | train 7.684637e-01 | val 7.565734e-01 |   1.580 s | best 7.565734e-01 @24 *
epoch   25 | train 7.661829e-01 | val 7.539282e-01 |   1.522 s | best 7.539282e-01 @25 *
epoch   26 | train 7.660465e-01 | val 7.514445e-01 |   1.576 s | best 7.514445e-01 @26 *
epoch   27 | train 7.636485e-01 | val 7.493541e-01 |   1.523 s | best 7.493541e-01 @27 *
epoch   28 | train 7.594897e-01 | val 7.473987e-01 |   1.577 s | best 7.473987e-01 @28 *
epoch   29 | train 7.566919e-01 | val 7.456654e-01 |   1.523 s | best 7.456654e-01 @29 *
epoch   30 | train 7.597555e-01 | val 7.444438e-01 |   1.573 s | best 7.444438e-01 @30 *
epoch   31 | train 7.592070e-01 | val 7.433996e-01 |   1.580 s | best 7.433996e-01 @31 *
epoch   32 | train 7.557931e-01 | val 7.424688e-01 |   1.709 s | best 7.424688e-01 @32 *
epoch   33 | train 7.553948e-01 | val 7.417727e-01 |   1.665 s | best 7.417727e-01 @33 *
epoch   34 | train 7.533620e-01 | val 7.410468e-01 |   1.705 s | best 7.410468e-01 @34 *
epoch   35 | train 7.575055e-01 | val 7.405196e-01 |   1.689 s | best 7.405196e-01 @35 *
epoch   36 | train 7.542861e-01 | val 7.401139e-01 |   1.512 s | best 7.401139e-01 @36 *
epoch   37 | train 7.551240e-01 | val 7.397859e-01 |   1.302 s | best 7.397859e-01 @37 *
epoch   38 | train 7.508448e-01 | val 7.394024e-01 |   1.676 s | best 7.394024e-01 @38 *
epoch   39 | train 7.559963e-01 | val 7.390437e-01 |   1.707 s | best 7.390437e-01 @39 *
epoch   40 | train 7.534304e-01 | val 7.386902e-01 |   1.689 s | best 7.386902e-01 @40 *
epoch   41 | train 7.567153e-01 | val 7.384269e-01 |   1.694 s | best 7.384269e-01 @41 *
epoch   42 | train 7.487857e-01 | val 7.381924e-01 |   1.477 s | best 7.381924e-01 @42 *
epoch   43 | train 7.520867e-01 | val 7.378452e-01 |   1.556 s | best 7.378452e-01 @43 *
epoch   44 | train 7.548801e-01 | val 7.375216e-01 |   1.552 s | best 7.375216e-01 @44 *
epoch   45 | train 7.531543e-01 | val 7.371907e-01 |   1.563 s | best 7.371907e-01 @45 *
epoch   46 | train 7.520252e-01 | val 7.370094e-01 |   1.556 s | best 7.370094e-01 @46 *
epoch   47 | train 7.538438e-01 | val 7.366675e-01 |   1.565 s | best 7.366675e-01 @47 *
epoch   48 | train 7.493645e-01 | val 7.364405e-01 |   1.586 s | best 7.364405e-01 @48 *
epoch   49 | train 7.519982e-01 | val 7.361734e-01 |   1.570 s | best 7.361734e-01 @49 *
epoch   50 | train 7.531099e-01 | val 7.358736e-01 |   1.562 s | best 7.358736e-01 @50 *
epoch   51 | train 7.519159e-01 | val 7.354616e-01 |   1.506 s | best 7.354616e-01 @51 *
epoch   52 | train 7.465907e-01 | val 7.352158e-01 |   1.274 s | best 7.352158e-01 @52 *
epoch   53 | train 7.463511e-01 | val 7.349890e-01 |   1.321 s | best 7.349890e-01 @53 *
epoch   54 | train 7.444700e-01 | val 7.346628e-01 |   1.276 s | best 7.346628e-01 @54 *
epoch   55 | train 7.478532e-01 | val 7.343130e-01 |   1.310 s | best 7.343130e-01 @55 *
epoch   56 | train 7.489969e-01 | val 7.340364e-01 |   1.304 s | best 7.340364e-01 @56 *
epoch   57 | train 7.463116e-01 | val 7.336758e-01 |   1.330 s | best 7.336758e-01 @57 *
epoch   58 | train 7.501973e-01 | val 7.332558e-01 |   1.394 s | best 7.332558e-01 @58 *
epoch   59 | train 7.477868e-01 | val 7.328585e-01 |   1.613 s | best 7.328585e-01 @59 *
epoch   60 | train 7.504750e-01 | val 7.324870e-01 |   1.601 s | best 7.324870e-01 @60 *
epoch   61 | train 7.478040e-01 | val 7.323213e-01 |   1.599 s | best 7.323213e-01 @61 *
epoch   62 | train 7.487528e-01 | val 7.320024e-01 |   1.599 s | best 7.320024e-01 @62 *
epoch   63 | train 7.458647e-01 | val 7.316213e-01 |   1.561 s | best 7.316213e-01 @63 *
epoch   64 | train 7.440960e-01 | val 7.312467e-01 |   1.555 s | best 7.312467e-01 @64 *
epoch   65 | train 7.480979e-01 | val 7.308394e-01 |   1.558 s | best 7.308394e-01 @65 *
epoch   66 | train 7.457646e-01 | val 7.305015e-01 |   1.092 s | best 7.305015e-01 @66 *
epoch   67 | train 7.465696e-01 | val 7.302753e-01 |   1.552 s | best 7.302753e-01 @67 *
epoch   68 | train 7.441600e-01 | val 7.300098e-01 |   1.553 s | best 7.300098e-01 @68 *
epoch   69 | train 7.455452e-01 | val 7.299706e-01 |   1.555 s | best 7.299706e-01 @69 *
epoch   70 | train 7.436103e-01 | val 7.298812e-01 |   1.570 s | best 7.298812e-01 @70 *
epoch   71 | train 7.463882e-01 | val 7.297382e-01 |   1.570 s | best 7.297382e-01 @71 *
epoch   72 | train 7.458203e-01 | val 7.297642e-01 |   1.563 s | best 7.297382e-01 @71
epoch   73 | train 7.472896e-01 | val 7.296248e-01 |   1.546 s | best 7.296248e-01 @73 *
epoch   74 | train 7.438309e-01 | val 7.293992e-01 |   1.692 s | best 7.293992e-01 @74 *
epoch   75 | train 7.466635e-01 | val 7.292069e-01 |   1.656 s | best 7.292069e-01 @75 *
epoch   76 | train 7.422776e-01 | val 7.291310e-01 |   1.608 s | best 7.291310e-01 @76 *
epoch   77 | train 7.427517e-01 | val 7.291142e-01 |   1.605 s | best 7.291142e-01 @77 *
epoch   78 | train 7.448495e-01 | val 7.291231e-01 |   1.595 s | best 7.291142e-01 @77
epoch   79 | train 7.465243e-01 | val 7.290741e-01 |   1.594 s | best 7.290741e-01 @79 *
epoch   80 | train 7.466982e-01 | val 7.291238e-01 |   1.594 s | best 7.290741e-01 @79
epoch   81 | train 7.443956e-01 | val 7.290165e-01 |   1.579 s | best 7.290165e-01 @81 *
epoch   82 | train 7.462492e-01 | val 7.289361e-01 |   1.580 s | best 7.289361e-01 @82 *
epoch   83 | train 7.468439e-01 | val 7.288528e-01 |   1.588 s | best 7.288528e-01 @83 *
epoch   84 | train 7.446852e-01 | val 7.286772e-01 |   1.581 s | best 7.286772e-01 @84 *
epoch   85 | train 7.390306e-01 | val 7.288671e-01 |   1.575 s | best 7.286772e-01 @84
epoch   86 | train 7.440396e-01 | val 7.288297e-01 |   1.576 s | best 7.286772e-01 @84
epoch   87 | train 7.439107e-01 | val 7.287758e-01 |   1.567 s | best 7.286772e-01 @84
epoch   88 | train 7.424977e-01 | val 7.286434e-01 |   1.565 s | best 7.286434e-01 @88 *
epoch   89 | train 7.387694e-01 | val 7.285740e-01 |   1.574 s | best 7.285740e-01 @89 *
epoch   90 | train 7.443935e-01 | val 7.285753e-01 |   1.568 s | best 7.285740e-01 @89
epoch   91 | train 7.369554e-01 | val 7.284818e-01 |   1.563 s | best 7.284818e-01 @91 *
epoch   92 | train 7.433680e-01 | val 7.284140e-01 |   1.572 s | best 7.284140e-01 @92 *
epoch   93 | train 7.414885e-01 | val 7.284306e-01 |   1.569 s | best 7.284140e-01 @92
epoch   94 | train 7.482427e-01 | val 7.284138e-01 |   1.565 s | best 7.284138e-01 @94 *
epoch   95 | train 7.436764e-01 | val 7.284198e-01 |   1.563 s | best 7.284138e-01 @94
epoch   96 | train 7.403956e-01 | val 7.284482e-01 |   1.587 s | best 7.284138e-01 @94
epoch   97 | train 7.401530e-01 | val 7.283896e-01 |   1.580 s | best 7.283896e-01 @97 *
epoch   98 | train 7.446208e-01 | val 7.283775e-01 |   1.572 s | best 7.283775e-01 @98 *
epoch   99 | train 7.403301e-01 | val 7.283489e-01 |   1.570 s | best 7.283489e-01 @99 *
epoch  100 | train 7.478406e-01 | val 7.283474e-01 |   1.571 s | best 7.283474e-01 @100 *
epoch  101 | train 7.421017e-01 | val 7.283571e-01 |   1.572 s | best 7.283474e-01 @100
epoch  102 | train 7.428847e-01 | val 7.283534e-01 |   1.572 s | best 7.283474e-01 @100
epoch  103 | train 7.377468e-01 | val 7.283000e-01 |   1.578 s | best 7.283000e-01 @103 *
epoch  104 | train 7.429794e-01 | val 7.282239e-01 |   1.572 s | best 7.282239e-01 @104 *
epoch  105 | train 7.393098e-01 | val 7.281291e-01 |   1.570 s | best 7.281291e-01 @105 *
epoch  106 | train 7.405154e-01 | val 7.280401e-01 |   1.571 s | best 7.280401e-01 @106 *
epoch  107 | train 7.415908e-01 | val 7.279151e-01 |   1.569 s | best 7.279151e-01 @107 *
epoch  108 | train 7.415626e-01 | val 7.278640e-01 |   1.569 s | best 7.278640e-01 @108 *
epoch  109 | train 7.435437e-01 | val 7.278838e-01 |   1.569 s | best 7.278640e-01 @108
epoch  110 | train 7.407811e-01 | val 7.279955e-01 |   1.569 s | best 7.278640e-01 @108
epoch  111 | train 7.429690e-01 | val 7.279899e-01 |   1.595 s | best 7.278640e-01 @108
epoch  112 | train 7.423476e-01 | val 7.279765e-01 |   1.621 s | best 7.278640e-01 @108
epoch  113 | train 7.452986e-01 | val 7.279683e-01 |   1.619 s | best 7.278640e-01 @108
epoch  114 | train 7.412856e-01 | val 7.279729e-01 |   1.617 s | best 7.278640e-01 @108
epoch  115 | train 7.416414e-01 | val 7.279804e-01 |   1.619 s | best 7.278640e-01 @108
epoch  116 | train 7.373849e-01 | val 7.280069e-01 |   1.622 s | best 7.278640e-01 @108
epoch  117 | train 7.451275e-01 | val 7.280461e-01 |   1.585 s | best 7.278640e-01 @108
epoch  118 | train 7.416746e-01 | val 7.281609e-01 |   1.425 s | best 7.278640e-01 @108
epoch  119 | train 7.377779e-01 | val 7.280486e-01 |   1.601 s | best 7.278640e-01 @108
epoch  120 | train 7.441283e-01 | val 7.279326e-01 |   1.608 s | best 7.278640e-01 @108
epoch  121 | train 7.388854e-01 | val 7.279939e-01 |   1.607 s | best 7.278640e-01 @108
epoch  122 | train 7.418980e-01 | val 7.279494e-01 |   1.614 s | best 7.278640e-01 @108
epoch  123 | train 7.437217e-01 | val 7.279922e-01 |   1.613 s | best 7.278640e-01 @108
# done        : 123 epochs, stopped_by=patience, aborted=False, best val 7.278640e-01 @ epoch 108, wall 199.2 s, 1.619 s/epoch
