
# ===== 2026-09-20 22:20:37 KST  HPO attempt 429  testbed D1 prior S  Nr=8 Nt=4
# DEVICE      : cuda | cuda_available=True | NVIDIA RTX PRO 6000 Blackwell Server Edition | torch 2.14.0+cu130 | train dtype float32 (01_RULES §9.5)
# data        : n_train=9000 n_val=1000 split_hash=98d6225d67f9c15a E||H||_F^2/(NrNt)=1.000268 (04_SPEC §2)
# sigma grid  : MEASURED, 20 points, log-uniform draw over [3.2936e-02, 7.9084e-01]
# hp          : {'arch': 'dit', 'param': 'vp', 'domain': 'angle', 'lr': 0.002425887681105301, 'ema': 0.99, 'batch': 256, 'emb': 256, 'width': 64, 'depth': 6, 'heads': 8, 'patch': 1}  params=479426
# stopping    : patience 15 on val loss, never before 0 epochs, max 600 (01_RULES §5)
epoch    1 | train 8.504508e-01 | val 9.215987e-01 |   1.032 s | best 9.215987e-01 @1 *
epoch    2 | train 8.201844e-01 | val 8.804157e-01 |   1.355 s | best 8.804157e-01 @2 *
epoch    3 | train 8.016975e-01 | val 8.526711e-01 |   1.365 s | best 8.526711e-01 @3 *
epoch    4 | train 7.958669e-01 | val 8.317492e-01 |   1.395 s | best 8.317492e-01 @4 *
epoch    5 | train 7.947921e-01 | val 8.125402e-01 |   1.400 s | best 8.125402e-01 @5 *
epoch    6 | train 7.933140e-01 | val 7.978175e-01 |   1.420 s | best 7.978175e-01 @6 *
epoch    7 | train 7.948775e-01 | val 7.886843e-01 |   1.426 s | best 7.886843e-01 @7 *
epoch    8 | train 7.920143e-01 | val 7.837650e-01 |   1.402 s | best 7.837650e-01 @8 *
epoch    9 | train 7.889085e-01 | val 7.813429e-01 |   1.421 s | best 7.813429e-01 @9 *
epoch   10 | train 7.904642e-01 | val 7.800304e-01 |   1.414 s | best 7.800304e-01 @10 *
epoch   11 | train 7.977873e-01 | val 7.792936e-01 |   1.398 s | best 7.792936e-01 @11 *
epoch   12 | train 7.938230e-01 | val 7.787641e-01 |   1.415 s | best 7.787641e-01 @12 *
epoch   13 | train 7.922872e-01 | val 7.783026e-01 |   1.414 s | best 7.783026e-01 @13 *
epoch   14 | train 7.927585e-01 | val 7.778737e-01 |   1.394 s | best 7.778737e-01 @14 *
epoch   15 | train 7.905517e-01 | val 7.774994e-01 |   1.413 s | best 7.774994e-01 @15 *
epoch   16 | train 7.834780e-01 | val 7.766576e-01 |   1.414 s | best 7.766576e-01 @16 *
epoch   17 | train 7.930767e-01 | val 7.755129e-01 |   1.378 s | best 7.755129e-01 @17 *
epoch   18 | train 7.880221e-01 | val 7.736672e-01 |   1.268 s | best 7.736672e-01 @18 *
epoch   19 | train 7.837707e-01 | val 7.715001e-01 |   1.328 s | best 7.715001e-01 @19 *
epoch   20 | train 7.813553e-01 | val 7.691399e-01 |   1.323 s | best 7.691399e-01 @20 *
epoch   21 | train 7.778729e-01 | val 7.666670e-01 |   1.294 s | best 7.666670e-01 @21 *
epoch   22 | train 7.786714e-01 | val 7.643337e-01 |   1.320 s | best 7.643337e-01 @22 *
epoch   23 | train 7.746493e-01 | val 7.623420e-01 |   1.339 s | best 7.623420e-01 @23 *
epoch   24 | train 7.775575e-01 | val 7.607950e-01 |   1.338 s | best 7.607950e-01 @24 *
epoch   25 | train 7.772441e-01 | val 7.594601e-01 |   1.330 s | best 7.594601e-01 @25 *
epoch   26 | train 7.697910e-01 | val 7.582532e-01 |   1.334 s | best 7.582532e-01 @26 *
epoch   27 | train 7.669413e-01 | val 7.568855e-01 |   1.337 s | best 7.568855e-01 @27 *
epoch   28 | train 7.658574e-01 | val 7.550597e-01 |   1.329 s | best 7.550597e-01 @28 *
epoch   29 | train 7.687916e-01 | val 7.530589e-01 |   1.334 s | best 7.530589e-01 @29 *
epoch   30 | train 7.623902e-01 | val 7.509266e-01 |   1.331 s | best 7.509266e-01 @30 *
epoch   31 | train 7.574188e-01 | val 7.488549e-01 |   1.329 s | best 7.488549e-01 @31 *
epoch   32 | train 7.561281e-01 | val 7.469373e-01 |   1.336 s | best 7.469373e-01 @32 *
epoch   33 | train 7.612383e-01 | val 7.452006e-01 |   1.334 s | best 7.452006e-01 @33 *
epoch   34 | train 7.605765e-01 | val 7.437925e-01 |   1.328 s | best 7.437925e-01 @34 *
epoch   35 | train 7.590832e-01 | val 7.427226e-01 |   1.335 s | best 7.427226e-01 @35 *
epoch   36 | train 7.566553e-01 | val 7.417498e-01 |   1.333 s | best 7.417498e-01 @36 *
epoch   37 | train 7.546134e-01 | val 7.410591e-01 |   1.339 s | best 7.410591e-01 @37 *
epoch   38 | train 7.531442e-01 | val 7.406199e-01 |   1.330 s | best 7.406199e-01 @38 *
epoch   39 | train 7.567251e-01 | val 7.401726e-01 |   1.331 s | best 7.401726e-01 @39 *
epoch   40 | train 7.576235e-01 | val 7.396757e-01 |   1.337 s | best 7.396757e-01 @40 *
epoch   41 | train 7.587822e-01 | val 7.392688e-01 |   1.337 s | best 7.392688e-01 @41 *
epoch   42 | train 7.536297e-01 | val 7.389195e-01 |   1.324 s | best 7.389195e-01 @42 *
epoch   43 | train 7.580745e-01 | val 7.385912e-01 |   1.338 s | best 7.385912e-01 @43 *
epoch   44 | train 7.499520e-01 | val 7.382334e-01 |   1.353 s | best 7.382334e-01 @44 *
epoch   45 | train 7.536657e-01 | val 7.379549e-01 |   1.378 s | best 7.379549e-01 @45 *
epoch   46 | train 7.551485e-01 | val 7.379643e-01 |   1.365 s | best 7.379549e-01 @45
epoch   47 | train 7.515397e-01 | val 7.378294e-01 |   1.368 s | best 7.378294e-01 @47 *
epoch   48 | train 7.467574e-01 | val 7.375609e-01 |   1.358 s | best 7.375609e-01 @48 *
epoch   49 | train 7.529003e-01 | val 7.373034e-01 |   1.368 s | best 7.373034e-01 @49 *
epoch   50 | train 7.549422e-01 | val 7.370815e-01 |   1.367 s | best 7.370815e-01 @50 *
epoch   51 | train 7.540955e-01 | val 7.369202e-01 |   1.355 s | best 7.369202e-01 @51 *
epoch   52 | train 7.512146e-01 | val 7.365052e-01 |   1.368 s | best 7.365052e-01 @52 *
epoch   53 | train 7.523049e-01 | val 7.361166e-01 |   1.368 s | best 7.361166e-01 @53 *
epoch   54 | train 7.519755e-01 | val 7.356434e-01 |   1.358 s | best 7.356434e-01 @54 *
epoch   55 | train 7.499030e-01 | val 7.351752e-01 |   1.367 s | best 7.351752e-01 @55 *
epoch   56 | train 7.582794e-01 | val 7.347068e-01 |   1.367 s | best 7.347068e-01 @56 *
epoch   57 | train 7.478664e-01 | val 7.342791e-01 |   1.356 s | best 7.342791e-01 @57 *
epoch   58 | train 7.486529e-01 | val 7.339545e-01 |   1.367 s | best 7.339545e-01 @58 *
epoch   59 | train 7.451916e-01 | val 7.338107e-01 |   1.368 s | best 7.338107e-01 @59 *
epoch   60 | train 7.469247e-01 | val 7.336031e-01 |   1.360 s | best 7.336031e-01 @60 *
epoch   61 | train 7.471136e-01 | val 7.332525e-01 |   1.368 s | best 7.332525e-01 @61 *
epoch   62 | train 7.539321e-01 | val 7.329589e-01 |   1.368 s | best 7.329589e-01 @62 *
epoch   63 | train 7.497983e-01 | val 7.327895e-01 |   1.359 s | best 7.327895e-01 @63 *
epoch   64 | train 7.476311e-01 | val 7.326949e-01 |   1.356 s | best 7.326949e-01 @64 *
epoch   65 | train 7.452231e-01 | val 7.325621e-01 |   1.369 s | best 7.325621e-01 @65 *
epoch   66 | train 7.405709e-01 | val 7.322859e-01 |   1.340 s | best 7.322859e-01 @66 *
epoch   67 | train 7.488491e-01 | val 7.319960e-01 |   1.381 s | best 7.319960e-01 @67 *
epoch   68 | train 7.491160e-01 | val 7.317922e-01 |   1.342 s | best 7.317922e-01 @68 *
epoch   69 | train 7.484136e-01 | val 7.316434e-01 |   1.374 s | best 7.316434e-01 @69 *
epoch   70 | train 7.472860e-01 | val 7.314235e-01 |   1.350 s | best 7.314235e-01 @70 *
epoch   71 | train 7.469180e-01 | val 7.311282e-01 |   1.374 s | best 7.311282e-01 @71 *
epoch   72 | train 7.491209e-01 | val 7.308916e-01 |   1.362 s | best 7.308916e-01 @72 *
epoch   73 | train 7.461777e-01 | val 7.306506e-01 |   1.350 s | best 7.306506e-01 @73 *
epoch   74 | train 7.463470e-01 | val 7.305652e-01 |   1.374 s | best 7.305652e-01 @74 *
epoch   75 | train 7.427654e-01 | val 7.303936e-01 |   1.341 s | best 7.303936e-01 @75 *
epoch   76 | train 7.432138e-01 | val 7.301834e-01 |   1.380 s | best 7.301834e-01 @76 *
epoch   77 | train 7.471304e-01 | val 7.298431e-01 |   1.345 s | best 7.298431e-01 @77 *
epoch   78 | train 7.425874e-01 | val 7.295926e-01 |   1.373 s | best 7.295926e-01 @78 *
epoch   79 | train 7.446412e-01 | val 7.294276e-01 |   1.352 s | best 7.294276e-01 @79 *
epoch   80 | train 7.506336e-01 | val 7.292803e-01 |   1.365 s | best 7.292803e-01 @80 *
epoch   81 | train 7.449186e-01 | val 7.291163e-01 |   1.360 s | best 7.291163e-01 @81 *
epoch   82 | train 7.420446e-01 | val 7.289535e-01 |   1.343 s | best 7.289535e-01 @82 *
epoch   83 | train 7.417163e-01 | val 7.287464e-01 |   1.382 s | best 7.287464e-01 @83 *
epoch   84 | train 7.422366e-01 | val 7.287684e-01 |   1.339 s | best 7.287464e-01 @83
epoch   85 | train 7.416077e-01 | val 7.288591e-01 |   1.379 s | best 7.287464e-01 @83
epoch   86 | train 7.410955e-01 | val 7.287670e-01 |   1.347 s | best 7.287464e-01 @83
epoch   87 | train 7.429902e-01 | val 7.289617e-01 |   1.378 s | best 7.287464e-01 @83
epoch   88 | train 7.374022e-01 | val 7.288806e-01 |   1.359 s | best 7.287464e-01 @83
epoch   89 | train 7.407943e-01 | val 7.289103e-01 |   1.373 s | best 7.287464e-01 @83
epoch   90 | train 7.412397e-01 | val 7.289449e-01 |   1.362 s | best 7.287464e-01 @83
epoch   91 | train 7.396172e-01 | val 7.289991e-01 |   1.355 s | best 7.287464e-01 @83
epoch   92 | train 7.422145e-01 | val 7.290049e-01 |   1.381 s | best 7.287464e-01 @83
epoch   93 | train 7.417187e-01 | val 7.289231e-01 |   1.351 s | best 7.287464e-01 @83
epoch   94 | train 7.416357e-01 | val 7.287804e-01 |   1.379 s | best 7.287464e-01 @83
epoch   95 | train 7.404851e-01 | val 7.285668e-01 |   1.354 s | best 7.285668e-01 @95 *
epoch   96 | train 7.457800e-01 | val 7.285852e-01 |   1.370 s | best 7.285668e-01 @95
epoch   97 | train 7.403252e-01 | val 7.285210e-01 |   1.356 s | best 7.285210e-01 @97 *
epoch   98 | train 7.378634e-01 | val 7.285977e-01 |   1.360 s | best 7.285210e-01 @97
epoch   99 | train 7.370556e-01 | val 7.286944e-01 |   1.364 s | best 7.285210e-01 @97
epoch  100 | train 7.400832e-01 | val 7.287238e-01 |   1.339 s | best 7.285210e-01 @97
epoch  101 | train 7.414278e-01 | val 7.286715e-01 |   1.386 s | best 7.285210e-01 @97
epoch  102 | train 7.441554e-01 | val 7.287015e-01 |   1.340 s | best 7.285210e-01 @97
epoch  103 | train 7.392205e-01 | val 7.287245e-01 |   1.378 s | best 7.285210e-01 @97
epoch  104 | train 7.386936e-01 | val 7.286976e-01 |   1.348 s | best 7.285210e-01 @97
epoch  105 | train 7.400910e-01 | val 7.286820e-01 |   1.369 s | best 7.285210e-01 @97
epoch  106 | train 7.394065e-01 | val 7.286793e-01 |   1.355 s | best 7.285210e-01 @97
epoch  107 | train 7.387155e-01 | val 7.286063e-01 |   1.370 s | best 7.285210e-01 @97
epoch  108 | train 7.363593e-01 | val 7.285784e-01 |   1.364 s | best 7.285210e-01 @97
epoch  109 | train 7.386202e-01 | val 7.284210e-01 |   1.410 s | best 7.284210e-01 @109 *
epoch  110 | train 7.438669e-01 | val 7.285395e-01 |   1.371 s | best 7.284210e-01 @109
epoch  111 | train 7.420233e-01 | val 7.287245e-01 |   1.372 s | best 7.284210e-01 @109
epoch  112 | train 7.443316e-01 | val 7.288978e-01 |   1.371 s | best 7.284210e-01 @109
epoch  113 | train 7.468899e-01 | val 7.287710e-01 |   1.370 s | best 7.284210e-01 @109
epoch  114 | train 7.387441e-01 | val 7.287016e-01 |   1.393 s | best 7.284210e-01 @109
epoch  115 | train 7.416760e-01 | val 7.284101e-01 |   1.439 s | best 7.284101e-01 @115 *
epoch  116 | train 7.401320e-01 | val 7.283705e-01 |   1.183 s | best 7.283705e-01 @116 *
epoch  117 | train 7.432311e-01 | val 7.283977e-01 |   1.361 s | best 7.283705e-01 @116
epoch  118 | train 7.410548e-01 | val 7.284704e-01 |   1.355 s | best 7.283705e-01 @116
epoch  119 | train 7.408115e-01 | val 7.285337e-01 |   1.368 s | best 7.283705e-01 @116
epoch  120 | train 7.394816e-01 | val 7.285531e-01 |   1.363 s | best 7.283705e-01 @116
epoch  121 | train 7.413328e-01 | val 7.285494e-01 |   1.369 s | best 7.283705e-01 @116
epoch  122 | train 7.402049e-01 | val 7.285445e-01 |   1.343 s | best 7.283705e-01 @116
epoch  123 | train 7.428249e-01 | val 7.286108e-01 |   1.389 s | best 7.283705e-01 @116
epoch  124 | train 7.435878e-01 | val 7.286051e-01 |   1.374 s | best 7.283705e-01 @116
epoch  125 | train 7.418785e-01 | val 7.284434e-01 |   1.375 s | best 7.283705e-01 @116
epoch  126 | train 7.390025e-01 | val 7.285162e-01 |   1.361 s | best 7.283705e-01 @116
epoch  127 | train 7.392435e-01 | val 7.285719e-01 |   1.368 s | best 7.283705e-01 @116
epoch  128 | train 7.407812e-01 | val 7.284299e-01 |   1.358 s | best 7.283705e-01 @116
epoch  129 | train 7.388853e-01 | val 7.283158e-01 |   1.353 s | best 7.283158e-01 @129 *
epoch  130 | train 7.431079e-01 | val 7.282591e-01 |   1.357 s | best 7.282591e-01 @130 *
epoch  131 | train 7.402970e-01 | val 7.284095e-01 |   1.360 s | best 7.282591e-01 @130
epoch  132 | train 7.383694e-01 | val 7.285817e-01 |   1.356 s | best 7.282591e-01 @130
epoch  133 | train 7.373586e-01 | val 7.286173e-01 |   1.347 s | best 7.282591e-01 @130
epoch  134 | train 7.365928e-01 | val 7.285799e-01 |   1.349 s | best 7.282591e-01 @130
epoch  135 | train 7.442967e-01 | val 7.285541e-01 |   1.354 s | best 7.282591e-01 @130
epoch  136 | train 7.452284e-01 | val 7.285247e-01 |   1.345 s | best 7.282591e-01 @130
epoch  137 | train 7.433594e-01 | val 7.284895e-01 |   1.347 s | best 7.282591e-01 @130
epoch  138 | train 7.444810e-01 | val 7.284132e-01 |   1.347 s | best 7.282591e-01 @130
epoch  139 | train 7.383325e-01 | val 7.283940e-01 |   1.347 s | best 7.282591e-01 @130
epoch  140 | train 7.444874e-01 | val 7.284096e-01 |   1.343 s | best 7.282591e-01 @130
epoch  141 | train 7.391228e-01 | val 7.284013e-01 |   1.344 s | best 7.282591e-01 @130
epoch  142 | train 7.412052e-01 | val 7.284606e-01 |   1.344 s | best 7.282591e-01 @130
epoch  143 | train 7.356317e-01 | val 7.286225e-01 |   1.348 s | best 7.282591e-01 @130
epoch  144 | train 7.410573e-01 | val 7.286301e-01 |   1.383 s | best 7.282591e-01 @130
epoch  145 | train 7.392462e-01 | val 7.285625e-01 |   1.379 s | best 7.282591e-01 @130
# done        : 145 epochs, stopped_by=patience, aborted=False, best val 7.282591e-01 @ epoch 130, wall 204.9 s, 1.413 s/epoch
