
# ===== 2026-09-20 22:39:12 KST  HPO attempt 452  testbed D1 prior S  Nr=8 Nt=4
# DEVICE      : cuda | cuda_available=True | NVIDIA RTX PRO 6000 Blackwell Server Edition | torch 2.14.0+cu130 | train dtype float32 (01_RULES §9.5)
# data        : n_train=9000 n_val=1000 split_hash=98d6225d67f9c15a E||H||_F^2/(NrNt)=1.000268 (04_SPEC §2)
# sigma grid  : MEASURED, 20 points, log-uniform draw over [3.2936e-02, 7.9084e-01]
# hp          : {'arch': 'uvit', 'param': 've', 'domain': 'angle', 'lr': 0.003674946505468535, 'ema': 0.999, 'batch': 256, 'emb': 256, 'width': 64, 'depth': 7, 'heads': 8, 'patch': 1}  params=397864
# stopping    : patience 15 on val loss, never before 0 epochs, max 600 (01_RULES §5)
epoch    1 | train 9.073597e-01 | val 9.897596e-01 |   0.657 s | best 9.897596e-01 @1 *
epoch    2 | train 8.435327e-01 | val 9.868006e-01 |   0.353 s | best 9.868006e-01 @2 *
epoch    3 | train 8.314459e-01 | val 9.811877e-01 |   0.411 s | best 9.811877e-01 @3 *
epoch    4 | train 8.062392e-01 | val 9.718156e-01 |   0.434 s | best 9.718156e-01 @4 *
epoch    5 | train 7.961408e-01 | val 9.588966e-01 |   0.393 s | best 9.588966e-01 @5 *
epoch    6 | train 7.954341e-01 | val 9.472050e-01 |   0.402 s | best 9.472050e-01 @6 *
epoch    7 | train 7.966956e-01 | val 9.385139e-01 |   0.376 s | best 9.385139e-01 @7 *
epoch    8 | train 8.038902e-01 | val 9.257219e-01 |   0.680 s | best 9.257219e-01 @8 *
epoch    9 | train 7.947604e-01 | val 9.270877e-01 |   1.344 s | best 9.257219e-01 @8
epoch   10 | train 7.908140e-01 | val 9.258577e-01 |   1.334 s | best 9.257219e-01 @8
epoch   11 | train 7.918386e-01 | val 9.226403e-01 |   1.032 s | best 9.226403e-01 @11 *
epoch   12 | train 7.902395e-01 | val 9.188317e-01 |   0.367 s | best 9.188317e-01 @12 *
epoch   13 | train 7.923105e-01 | val 9.147247e-01 |   0.367 s | best 9.147247e-01 @13 *
epoch   14 | train 7.891717e-01 | val 9.100154e-01 |   0.360 s | best 9.100154e-01 @14 *
epoch   15 | train 7.926725e-01 | val 9.050158e-01 |   0.353 s | best 9.050158e-01 @15 *
epoch   16 | train 7.871254e-01 | val 8.996186e-01 |   0.345 s | best 8.996186e-01 @16 *
epoch   17 | train 7.904826e-01 | val 8.939767e-01 |   0.360 s | best 8.939767e-01 @17 *
epoch   18 | train 7.919496e-01 | val 8.883290e-01 |   0.372 s | best 8.883290e-01 @18 *
epoch   19 | train 7.917934e-01 | val 8.826767e-01 |   0.368 s | best 8.826767e-01 @19 *
epoch   20 | train 7.921802e-01 | val 8.769804e-01 |   0.374 s | best 8.769804e-01 @20 *
epoch   21 | train 7.919817e-01 | val 8.713638e-01 |   0.412 s | best 8.713638e-01 @21 *
epoch   22 | train 7.901139e-01 | val 8.660962e-01 |   0.372 s | best 8.660962e-01 @22 *
epoch   23 | train 7.864546e-01 | val 8.608603e-01 |   0.348 s | best 8.608603e-01 @23 *
epoch   24 | train 7.903924e-01 | val 8.558090e-01 |   0.351 s | best 8.558090e-01 @24 *
epoch   25 | train 7.882670e-01 | val 8.509333e-01 |   0.372 s | best 8.509333e-01 @25 *
epoch   26 | train 7.876609e-01 | val 8.460659e-01 |   0.377 s | best 8.460659e-01 @26 *
epoch   27 | train 7.883234e-01 | val 8.411325e-01 |   0.405 s | best 8.411325e-01 @27 *
epoch   28 | train 7.882102e-01 | val 8.363272e-01 |   0.367 s | best 8.363272e-01 @28 *
epoch   29 | train 7.839736e-01 | val 8.318956e-01 |   0.369 s | best 8.318956e-01 @29 *
epoch   30 | train 7.851311e-01 | val 8.275982e-01 |   0.357 s | best 8.275982e-01 @30 *
epoch   31 | train 7.801830e-01 | val 8.235497e-01 |   0.343 s | best 8.235497e-01 @31 *
epoch   32 | train 7.811766e-01 | val 8.197062e-01 |   0.404 s | best 8.197062e-01 @32 *
epoch   33 | train 7.738440e-01 | val 8.161480e-01 |   0.375 s | best 8.161480e-01 @33 *
epoch   34 | train 7.804417e-01 | val 8.126454e-01 |   0.370 s | best 8.126454e-01 @34 *
epoch   35 | train 7.827100e-01 | val 8.093183e-01 |   0.370 s | best 8.093183e-01 @35 *
epoch   36 | train 7.790887e-01 | val 8.061928e-01 |   0.373 s | best 8.061928e-01 @36 *
epoch   37 | train 7.704858e-01 | val 8.032257e-01 |   0.370 s | best 8.032257e-01 @37 *
epoch   38 | train 7.767032e-01 | val 8.005159e-01 |   0.365 s | best 8.005159e-01 @38 *
epoch   39 | train 7.932542e-01 | val 7.985119e-01 |   0.344 s | best 7.985119e-01 @39 *
epoch   40 | train 7.884425e-01 | val 7.965519e-01 |   0.373 s | best 7.965519e-01 @40 *
epoch   41 | train 7.828109e-01 | val 7.945176e-01 |   0.372 s | best 7.945176e-01 @41 *
epoch   42 | train 7.728352e-01 | val 7.925515e-01 |   0.373 s | best 7.925515e-01 @42 *
epoch   43 | train 7.784157e-01 | val 7.906988e-01 |   0.373 s | best 7.906988e-01 @43 *
epoch   44 | train 7.743980e-01 | val 7.889847e-01 |   0.409 s | best 7.889847e-01 @44 *
epoch   45 | train 7.772645e-01 | val 7.874634e-01 |   0.355 s | best 7.874634e-01 @45 *
epoch   46 | train 7.729466e-01 | val 7.860659e-01 |   0.344 s | best 7.860659e-01 @46 *
epoch   47 | train 7.724563e-01 | val 7.847642e-01 |   0.344 s | best 7.847642e-01 @47 *
epoch   48 | train 7.718329e-01 | val 7.835521e-01 |   0.369 s | best 7.835521e-01 @48 *
epoch   49 | train 7.745159e-01 | val 7.823935e-01 |   0.411 s | best 7.823935e-01 @49 *
epoch   50 | train 7.741023e-01 | val 7.813265e-01 |   0.372 s | best 7.813265e-01 @50 *
epoch   51 | train 7.701737e-01 | val 7.803248e-01 |   0.368 s | best 7.803248e-01 @51 *
epoch   52 | train 7.694152e-01 | val 7.793639e-01 |   0.370 s | best 7.793639e-01 @52 *
epoch   53 | train 7.740620e-01 | val 7.784430e-01 |   0.363 s | best 7.784430e-01 @53 *
epoch   54 | train 7.688950e-01 | val 7.775477e-01 |   0.347 s | best 7.775477e-01 @54 *
epoch   55 | train 7.676399e-01 | val 7.767183e-01 |   0.387 s | best 7.767183e-01 @55 *
epoch   56 | train 7.665122e-01 | val 7.759030e-01 |   0.359 s | best 7.759030e-01 @56 *
epoch   57 | train 7.673112e-01 | val 7.750718e-01 |   0.374 s | best 7.750718e-01 @57 *
epoch   58 | train 7.693606e-01 | val 7.742509e-01 |   0.369 s | best 7.742509e-01 @58 *
epoch   59 | train 7.672645e-01 | val 7.734419e-01 |   0.373 s | best 7.734419e-01 @59 *
epoch   60 | train 7.699715e-01 | val 7.726848e-01 |   0.385 s | best 7.726848e-01 @60 *
epoch   61 | train 7.656849e-01 | val 7.719267e-01 |   0.372 s | best 7.719267e-01 @61 *
epoch   62 | train 7.638259e-01 | val 7.711655e-01 |   0.344 s | best 7.711655e-01 @62 *
epoch   63 | train 7.692331e-01 | val 7.703981e-01 |   0.351 s | best 7.703981e-01 @63 *
epoch   64 | train 7.667831e-01 | val 7.696761e-01 |   0.367 s | best 7.696761e-01 @64 *
epoch   65 | train 7.643088e-01 | val 7.689375e-01 |   0.371 s | best 7.689375e-01 @65 *
epoch   66 | train 7.637413e-01 | val 7.682229e-01 |   0.411 s | best 7.682229e-01 @66 *
epoch   67 | train 7.640499e-01 | val 7.675297e-01 |   0.370 s | best 7.675297e-01 @67 *
epoch   68 | train 7.680196e-01 | val 7.668411e-01 |   0.369 s | best 7.668411e-01 @68 *
epoch   69 | train 7.686060e-01 | val 7.661883e-01 |   0.347 s | best 7.661883e-01 @69 *
epoch   70 | train 7.613347e-01 | val 7.655479e-01 |   0.351 s | best 7.655479e-01 @70 *
epoch   71 | train 7.679170e-01 | val 7.649489e-01 |   0.377 s | best 7.649489e-01 @71 *
epoch   72 | train 7.630885e-01 | val 7.643721e-01 |   0.408 s | best 7.643721e-01 @72 *
epoch   73 | train 7.614633e-01 | val 7.638021e-01 |   0.358 s | best 7.638021e-01 @73 *
epoch   74 | train 7.616660e-01 | val 7.632488e-01 |   0.372 s | best 7.632488e-01 @74 *
epoch   75 | train 7.643891e-01 | val 7.626945e-01 |   0.371 s | best 7.626945e-01 @75 *
epoch   76 | train 7.584918e-01 | val 7.621642e-01 |   0.362 s | best 7.621642e-01 @76 *
epoch   77 | train 7.639269e-01 | val 7.616447e-01 |   0.350 s | best 7.616447e-01 @77 *
epoch   78 | train 7.657070e-01 | val 7.611683e-01 |   0.366 s | best 7.611683e-01 @78 *
epoch   79 | train 7.619567e-01 | val 7.606874e-01 |   0.350 s | best 7.606874e-01 @79 *
epoch   80 | train 7.617662e-01 | val 7.602382e-01 |   0.369 s | best 7.602382e-01 @80 *
epoch   81 | train 7.584462e-01 | val 7.597861e-01 |   0.369 s | best 7.597861e-01 @81 *
epoch   82 | train 7.630920e-01 | val 7.593541e-01 |   0.370 s | best 7.593541e-01 @82 *
epoch   83 | train 7.645112e-01 | val 7.589461e-01 |   0.414 s | best 7.589461e-01 @83 *
epoch   84 | train 7.635157e-01 | val 7.585511e-01 |   0.354 s | best 7.585511e-01 @84 *
epoch   85 | train 7.669475e-01 | val 7.581526e-01 |   0.345 s | best 7.581526e-01 @85 *
epoch   86 | train 7.597680e-01 | val 7.577707e-01 |   0.366 s | best 7.577707e-01 @86 *
epoch   87 | train 7.657798e-01 | val 7.574255e-01 |   0.369 s | best 7.574255e-01 @87 *
epoch   88 | train 7.608592e-01 | val 7.570679e-01 |   0.393 s | best 7.570679e-01 @88 *
epoch   89 | train 7.565247e-01 | val 7.567123e-01 |   0.381 s | best 7.567123e-01 @89 *
epoch   90 | train 7.614872e-01 | val 7.563563e-01 |   0.363 s | best 7.563563e-01 @90 *
epoch   91 | train 7.595694e-01 | val 7.559936e-01 |   0.370 s | best 7.559936e-01 @91 *
epoch   92 | train 7.616059e-01 | val 7.556273e-01 |   0.351 s | best 7.556273e-01 @92 *
epoch   93 | train 7.594323e-01 | val 7.552984e-01 |   0.345 s | best 7.552984e-01 @93 *
epoch   94 | train 7.628951e-01 | val 7.549587e-01 |   0.415 s | best 7.549587e-01 @94 *
epoch   95 | train 7.555589e-01 | val 7.546220e-01 |   0.350 s | best 7.546220e-01 @95 *
epoch   96 | train 7.606384e-01 | val 7.542924e-01 |   0.362 s | best 7.542924e-01 @96 *
epoch   97 | train 7.531749e-01 | val 7.539707e-01 |   0.368 s | best 7.539707e-01 @97 *
epoch   98 | train 7.642003e-01 | val 7.536491e-01 |   0.368 s | best 7.536491e-01 @98 *
epoch   99 | train 7.591632e-01 | val 7.533505e-01 |   0.382 s | best 7.533505e-01 @99 *
epoch  100 | train 7.576542e-01 | val 7.530529e-01 |   0.348 s | best 7.530529e-01 @100 *
epoch  101 | train 7.630679e-01 | val 7.527385e-01 |   0.356 s | best 7.527385e-01 @101 *
epoch  102 | train 7.592785e-01 | val 7.524083e-01 |   0.372 s | best 7.524083e-01 @102 *
epoch  103 | train 7.582907e-01 | val 7.520882e-01 |   0.373 s | best 7.520882e-01 @103 *
epoch  104 | train 7.599710e-01 | val 7.517866e-01 |   0.369 s | best 7.517866e-01 @104 *
epoch  105 | train 7.617943e-01 | val 7.514849e-01 |   0.410 s | best 7.514849e-01 @105 *
epoch  106 | train 7.580313e-01 | val 7.511908e-01 |   0.368 s | best 7.511908e-01 @106 *
epoch  107 | train 7.624931e-01 | val 7.509145e-01 |   0.357 s | best 7.509145e-01 @107 *
epoch  108 | train 7.562124e-01 | val 7.506396e-01 |   0.346 s | best 7.506396e-01 @108 *
epoch  109 | train 7.604343e-01 | val 7.503756e-01 |   0.367 s | best 7.503756e-01 @109 *
epoch  110 | train 7.583466e-01 | val 7.500938e-01 |   0.933 s | best 7.500938e-01 @110 *
epoch  111 | train 7.612862e-01 | val 7.498233e-01 |   1.312 s | best 7.498233e-01 @111 *
epoch  112 | train 7.566555e-01 | val 7.495576e-01 |   1.288 s | best 7.495576e-01 @112 *
epoch  113 | train 7.551439e-01 | val 7.492892e-01 |   1.337 s | best 7.492892e-01 @113 *
epoch  114 | train 7.553144e-01 | val 7.490381e-01 |   1.297 s | best 7.490381e-01 @114 *
epoch  115 | train 7.622777e-01 | val 7.488046e-01 |   1.349 s | best 7.488046e-01 @115 *
epoch  116 | train 7.575129e-01 | val 7.485591e-01 |   1.326 s | best 7.485591e-01 @116 *
epoch  117 | train 7.595026e-01 | val 7.483094e-01 |   1.343 s | best 7.483094e-01 @117 *
epoch  118 | train 7.598133e-01 | val 7.480859e-01 |   0.767 s | best 7.480859e-01 @118 *
epoch  119 | train 7.535660e-01 | val 7.478802e-01 |   0.374 s | best 7.478802e-01 @119 *
epoch  120 | train 7.557177e-01 | val 7.476749e-01 |   0.392 s | best 7.476749e-01 @120 *
epoch  121 | train 7.578780e-01 | val 7.474872e-01 |   0.391 s | best 7.474872e-01 @121 *
epoch  122 | train 7.587254e-01 | val 7.472984e-01 |   0.391 s | best 7.472984e-01 @122 *
epoch  123 | train 7.530963e-01 | val 7.471194e-01 |   0.384 s | best 7.471194e-01 @123 *
epoch  124 | train 7.588859e-01 | val 7.469225e-01 |   0.386 s | best 7.469225e-01 @124 *
epoch  125 | train 7.597083e-01 | val 7.467400e-01 |   0.501 s | best 7.467400e-01 @125 *
epoch  126 | train 7.535374e-01 | val 7.465525e-01 |   1.344 s | best 7.465525e-01 @126 *
epoch  127 | train 7.570572e-01 | val 7.463780e-01 |   1.333 s | best 7.463780e-01 @127 *
epoch  128 | train 7.578729e-01 | val 7.462122e-01 |   1.344 s | best 7.462122e-01 @128 *
epoch  129 | train 7.619487e-01 | val 7.460287e-01 |   1.329 s | best 7.460287e-01 @129 *
epoch  130 | train 7.615843e-01 | val 7.458704e-01 |   1.345 s | best 7.458704e-01 @130 *
epoch  131 | train 7.579064e-01 | val 7.457131e-01 |   1.334 s | best 7.457131e-01 @131 *
epoch  132 | train 7.635793e-01 | val 7.455483e-01 |   1.344 s | best 7.455483e-01 @132 *
epoch  133 | train 7.585843e-01 | val 7.454041e-01 |   1.336 s | best 7.454041e-01 @133 *
epoch  134 | train 7.530088e-01 | val 7.452525e-01 |   1.333 s | best 7.452525e-01 @134 *
epoch  135 | train 7.542408e-01 | val 7.450696e-01 |   1.336 s | best 7.450696e-01 @135 *
epoch  136 | train 7.568238e-01 | val 7.449132e-01 |   1.339 s | best 7.449132e-01 @136 *
epoch  137 | train 7.547475e-01 | val 7.447647e-01 |   1.340 s | best 7.447647e-01 @137 *
epoch  138 | train 7.581641e-01 | val 7.446299e-01 |   1.333 s | best 7.446299e-01 @138 *
epoch  139 | train 7.589754e-01 | val 7.444989e-01 |   1.341 s | best 7.444989e-01 @139 *
epoch  140 | train 7.570227e-01 | val 7.443574e-01 |   1.335 s | best 7.443574e-01 @140 *
epoch  141 | train 7.577919e-01 | val 7.442181e-01 |   1.341 s | best 7.442181e-01 @141 *
epoch  142 | train 7.627651e-01 | val 7.440749e-01 |   1.335 s | best 7.440749e-01 @142 *
epoch  143 | train 7.551711e-01 | val 7.439266e-01 |   1.338 s | best 7.439266e-01 @143 *
epoch  144 | train 7.610715e-01 | val 7.438071e-01 |   1.332 s | best 7.438071e-01 @144 *
epoch  145 | train 7.554697e-01 | val 7.436852e-01 |   1.343 s | best 7.436852e-01 @145 *
epoch  146 | train 7.548458e-01 | val 7.435572e-01 |   1.330 s | best 7.435572e-01 @146 *
epoch  147 | train 7.593108e-01 | val 7.434407e-01 |   1.340 s | best 7.434407e-01 @147 *
epoch  148 | train 7.540481e-01 | val 7.433254e-01 |   1.330 s | best 7.433254e-01 @148 *
epoch  149 | train 7.589461e-01 | val 7.431964e-01 |   1.349 s | best 7.431964e-01 @149 *
epoch  150 | train 7.555920e-01 | val 7.430792e-01 |   1.328 s | best 7.430792e-01 @150 *
epoch  151 | train 7.555588e-01 | val 7.429574e-01 |   1.349 s | best 7.429574e-01 @151 *
epoch  152 | train 7.541101e-01 | val 7.428448e-01 |   1.325 s | best 7.428448e-01 @152 *
epoch  153 | train 7.597341e-01 | val 7.427409e-01 |   1.346 s | best 7.427409e-01 @153 *
epoch  154 | train 7.598574e-01 | val 7.426252e-01 |   1.328 s | best 7.426252e-01 @154 *
epoch  155 | train 7.554655e-01 | val 7.425094e-01 |   1.346 s | best 7.425094e-01 @155 *
epoch  156 | train 7.606427e-01 | val 7.423953e-01 |   1.323 s | best 7.423953e-01 @156 *
epoch  157 | train 7.554278e-01 | val 7.422897e-01 |   1.345 s | best 7.422897e-01 @157 *
epoch  158 | train 7.582099e-01 | val 7.421750e-01 |   1.327 s | best 7.421750e-01 @158 *
epoch  159 | train 7.559820e-01 | val 7.420678e-01 |   1.346 s | best 7.420678e-01 @159 *
epoch  160 | train 7.599851e-01 | val 7.419773e-01 |   1.329 s | best 7.419773e-01 @160 *
epoch  161 | train 7.520027e-01 | val 7.418969e-01 |   1.341 s | best 7.418969e-01 @161 *
epoch  162 | train 7.580242e-01 | val 7.417958e-01 |   1.327 s | best 7.417958e-01 @162 *
epoch  163 | train 7.550128e-01 | val 7.416907e-01 |   1.347 s | best 7.416907e-01 @163 *
epoch  164 | train 7.527776e-01 | val 7.415958e-01 |   1.328 s | best 7.415958e-01 @164 *
epoch  165 | train 7.539526e-01 | val 7.415127e-01 |   1.340 s | best 7.415127e-01 @165 *
epoch  166 | train 7.549275e-01 | val 7.414298e-01 |   1.328 s | best 7.414298e-01 @166 *
epoch  167 | train 7.596678e-01 | val 7.413400e-01 |   1.204 s | best 7.413400e-01 @167 *
epoch  168 | train 7.573229e-01 | val 7.412454e-01 |   1.330 s | best 7.412454e-01 @168 *
epoch  169 | train 7.553465e-01 | val 7.411516e-01 |   1.340 s | best 7.411516e-01 @169 *
epoch  170 | train 7.530517e-01 | val 7.410625e-01 |   1.342 s | best 7.410625e-01 @170 *
epoch  171 | train 7.559260e-01 | val 7.409708e-01 |   1.176 s | best 7.409708e-01 @171 *
epoch  172 | train 7.531229e-01 | val 7.408912e-01 |   1.351 s | best 7.408912e-01 @172 *
epoch  173 | train 7.562429e-01 | val 7.408195e-01 |   1.334 s | best 7.408195e-01 @173 *
epoch  174 | train 7.554165e-01 | val 7.407394e-01 |   1.344 s | best 7.407394e-01 @174 *
epoch  175 | train 7.514833e-01 | val 7.406623e-01 |   1.332 s | best 7.406623e-01 @175 *
epoch  176 | train 7.507349e-01 | val 7.405764e-01 |   1.348 s | best 7.405764e-01 @176 *
epoch  177 | train 7.546717e-01 | val 7.405019e-01 |   1.330 s | best 7.405019e-01 @177 *
epoch  178 | train 7.515186e-01 | val 7.404205e-01 |   1.269 s | best 7.404205e-01 @178 *
epoch  179 | train 7.525504e-01 | val 7.403291e-01 |   1.311 s | best 7.403291e-01 @179 *
epoch  180 | train 7.508222e-01 | val 7.402406e-01 |   1.322 s | best 7.402406e-01 @180 *
epoch  181 | train 7.525522e-01 | val 7.401642e-01 |   1.327 s | best 7.401642e-01 @181 *
epoch  182 | train 7.577443e-01 | val 7.400844e-01 |   1.321 s | best 7.400844e-01 @182 *
epoch  183 | train 7.538079e-01 | val 7.399985e-01 |   1.315 s | best 7.399985e-01 @183 *
epoch  184 | train 7.522547e-01 | val 7.399153e-01 |   1.327 s | best 7.399153e-01 @184 *
epoch  185 | train 7.596869e-01 | val 7.398301e-01 |   1.323 s | best 7.398301e-01 @185 *
epoch  186 | train 7.530170e-01 | val 7.397480e-01 |   1.318 s | best 7.397480e-01 @186 *
epoch  187 | train 7.523961e-01 | val 7.396733e-01 |   1.318 s | best 7.396733e-01 @187 *
epoch  188 | train 7.522960e-01 | val 7.395927e-01 |   1.318 s | best 7.395927e-01 @188 *
epoch  189 | train 7.510229e-01 | val 7.395114e-01 |   1.319 s | best 7.395114e-01 @189 *
epoch  190 | train 7.535769e-01 | val 7.394472e-01 |   1.317 s | best 7.394472e-01 @190 *
epoch  191 | train 7.511411e-01 | val 7.393811e-01 |   1.315 s | best 7.393811e-01 @191 *
epoch  192 | train 7.505220e-01 | val 7.393064e-01 |   1.314 s | best 7.393064e-01 @192 *
epoch  193 | train 7.540732e-01 | val 7.392355e-01 |   1.316 s | best 7.392355e-01 @193 *
epoch  194 | train 7.525259e-01 | val 7.391739e-01 |   1.321 s | best 7.391739e-01 @194 *
epoch  195 | train 7.535756e-01 | val 7.391077e-01 |   1.319 s | best 7.391077e-01 @195 *
epoch  196 | train 7.505195e-01 | val 7.390430e-01 |   1.314 s | best 7.390430e-01 @196 *
epoch  197 | train 7.524733e-01 | val 7.389665e-01 |   1.321 s | best 7.389665e-01 @197 *
epoch  198 | train 7.539100e-01 | val 7.389126e-01 |   1.315 s | best 7.389126e-01 @198 *
epoch  199 | train 7.523064e-01 | val 7.388433e-01 |   1.314 s | best 7.388433e-01 @199 *
epoch  200 | train 7.553491e-01 | val 7.387888e-01 |   1.312 s | best 7.387888e-01 @200 *
epoch  201 | train 7.540296e-01 | val 7.387321e-01 |   1.314 s | best 7.387321e-01 @201 *
epoch  202 | train 7.547640e-01 | val 7.386739e-01 |   1.317 s | best 7.386739e-01 @202 *
epoch  203 | train 7.543498e-01 | val 7.386208e-01 |   1.314 s | best 7.386208e-01 @203 *
epoch  204 | train 7.567400e-01 | val 7.385610e-01 |   1.331 s | best 7.385610e-01 @204 *
epoch  205 | train 7.557468e-01 | val 7.385063e-01 |   1.377 s | best 7.385063e-01 @205 *
epoch  206 | train 7.521466e-01 | val 7.384455e-01 |   1.390 s | best 7.384455e-01 @206 *
epoch  207 | train 7.507673e-01 | val 7.383856e-01 |   1.390 s | best 7.383856e-01 @207 *
epoch  208 | train 7.570553e-01 | val 7.383236e-01 |   1.392 s | best 7.383236e-01 @208 *
epoch  209 | train 7.554730e-01 | val 7.382697e-01 |   1.381 s | best 7.382697e-01 @209 *
epoch  210 | train 7.491270e-01 | val 7.382171e-01 |   1.387 s | best 7.382171e-01 @210 *
epoch  211 | train 7.492932e-01 | val 7.381679e-01 |   1.363 s | best 7.381679e-01 @211 *
epoch  212 | train 7.532814e-01 | val 7.381113e-01 |   1.344 s | best 7.381113e-01 @212 *
epoch  213 | train 7.553838e-01 | val 7.380571e-01 |   1.340 s | best 7.380571e-01 @213 *
epoch  214 | train 7.541004e-01 | val 7.380068e-01 |   1.343 s | best 7.380068e-01 @214 *
epoch  215 | train 7.483766e-01 | val 7.379619e-01 |   1.346 s | best 7.379619e-01 @215 *
epoch  216 | train 7.525114e-01 | val 7.379295e-01 |   1.344 s | best 7.379295e-01 @216 *
epoch  217 | train 7.533722e-01 | val 7.378924e-01 |   1.343 s | best 7.378924e-01 @217 *
epoch  218 | train 7.501215e-01 | val 7.378399e-01 |   1.340 s | best 7.378399e-01 @218 *
epoch  219 | train 7.565029e-01 | val 7.377984e-01 |   1.342 s | best 7.377984e-01 @219 *
epoch  220 | train 7.484639e-01 | val 7.377579e-01 |   1.346 s | best 7.377579e-01 @220 *
epoch  221 | train 7.541944e-01 | val 7.377023e-01 |   1.344 s | best 7.377023e-01 @221 *
epoch  222 | train 7.555778e-01 | val 7.376518e-01 |   1.341 s | best 7.376518e-01 @222 *
epoch  223 | train 7.489865e-01 | val 7.376037e-01 |   1.346 s | best 7.376037e-01 @223 *
epoch  224 | train 7.509097e-01 | val 7.375485e-01 |   1.344 s | best 7.375485e-01 @224 *
epoch  225 | train 7.529722e-01 | val 7.374988e-01 |   1.343 s | best 7.374988e-01 @225 *
epoch  226 | train 7.531340e-01 | val 7.374685e-01 |   1.343 s | best 7.374685e-01 @226 *
epoch  227 | train 7.512576e-01 | val 7.374287e-01 |   1.338 s | best 7.374287e-01 @227 *
epoch  228 | train 7.536674e-01 | val 7.373941e-01 |   1.344 s | best 7.373941e-01 @228 *
epoch  229 | train 7.546362e-01 | val 7.373611e-01 |   1.343 s | best 7.373611e-01 @229 *
epoch  230 | train 7.576337e-01 | val 7.373387e-01 |   1.366 s | best 7.373387e-01 @230 *
epoch  231 | train 7.446624e-01 | val 7.373101e-01 |   1.339 s | best 7.373101e-01 @231 *
epoch  232 | train 7.535733e-01 | val 7.372746e-01 |   1.345 s | best 7.372746e-01 @232 *
epoch  233 | train 7.545478e-01 | val 7.372327e-01 |   1.344 s | best 7.372327e-01 @233 *
epoch  234 | train 7.514121e-01 | val 7.371988e-01 |   1.345 s | best 7.371988e-01 @234 *
epoch  235 | train 7.490968e-01 | val 7.371569e-01 |   1.344 s | best 7.371569e-01 @235 *
epoch  236 | train 7.505992e-01 | val 7.371304e-01 |   1.344 s | best 7.371304e-01 @236 *
epoch  237 | train 7.503552e-01 | val 7.370926e-01 |   1.346 s | best 7.370926e-01 @237 *
epoch  238 | train 7.537709e-01 | val 7.370661e-01 |   1.344 s | best 7.370661e-01 @238 *
epoch  239 | train 7.523535e-01 | val 7.370269e-01 |   1.342 s | best 7.370269e-01 @239 *
epoch  240 | train 7.517692e-01 | val 7.369956e-01 |   1.339 s | best 7.369956e-01 @240 *
epoch  241 | train 7.500188e-01 | val 7.369576e-01 |   1.345 s | best 7.369576e-01 @241 *
epoch  242 | train 7.560819e-01 | val 7.369172e-01 |   1.362 s | best 7.369172e-01 @242 *
epoch  243 | train 7.532574e-01 | val 7.368782e-01 |   1.341 s | best 7.368782e-01 @243 *
epoch  244 | train 7.558406e-01 | val 7.368459e-01 |   1.339 s | best 7.368459e-01 @244 *
epoch  245 | train 7.519519e-01 | val 7.368083e-01 |   1.343 s | best 7.368083e-01 @245 *
epoch  246 | train 7.532323e-01 | val 7.367818e-01 |   1.343 s | best 7.367818e-01 @246 *
epoch  247 | train 7.480439e-01 | val 7.367517e-01 |   1.343 s | best 7.367517e-01 @247 *
epoch  248 | train 7.515057e-01 | val 7.367269e-01 |   1.343 s | best 7.367269e-01 @248 *
epoch  249 | train 7.522292e-01 | val 7.366979e-01 |   1.340 s | best 7.366979e-01 @249 *
epoch  250 | train 7.538696e-01 | val 7.366745e-01 |   1.344 s | best 7.366745e-01 @250 *
epoch  251 | train 7.490157e-01 | val 7.366375e-01 |   1.341 s | best 7.366375e-01 @251 *
epoch  252 | train 7.514123e-01 | val 7.366094e-01 |   1.343 s | best 7.366094e-01 @252 *
epoch  253 | train 7.534325e-01 | val 7.365898e-01 |   1.337 s | best 7.365898e-01 @253 *
epoch  254 | train 7.493454e-01 | val 7.365586e-01 |   1.342 s | best 7.365586e-01 @254 *
epoch  255 | train 7.452847e-01 | val 7.365261e-01 |   1.340 s | best 7.365261e-01 @255 *
epoch  256 | train 7.511453e-01 | val 7.365155e-01 |   1.350 s | best 7.365155e-01 @256 *
epoch  257 | train 7.514411e-01 | val 7.364891e-01 |   1.339 s | best 7.364891e-01 @257 *
epoch  258 | train 7.460203e-01 | val 7.364625e-01 |   1.344 s | best 7.364625e-01 @258 *
epoch  259 | train 7.490807e-01 | val 7.364355e-01 |   1.342 s | best 7.364355e-01 @259 *
epoch  260 | train 7.501307e-01 | val 7.364115e-01 |   1.341 s | best 7.364115e-01 @260 *
epoch  261 | train 7.518366e-01 | val 7.363771e-01 |   1.340 s | best 7.363771e-01 @261 *
epoch  262 | train 7.465955e-01 | val 7.363433e-01 |   1.342 s | best 7.363433e-01 @262 *
epoch  263 | train 7.502569e-01 | val 7.363197e-01 |   1.341 s | best 7.363197e-01 @263 *
epoch  264 | train 7.501502e-01 | val 7.362800e-01 |   1.341 s | best 7.362800e-01 @264 *
epoch  265 | train 7.444185e-01 | val 7.362505e-01 |   1.348 s | best 7.362505e-01 @265 *
epoch  266 | train 7.483449e-01 | val 7.362229e-01 |   1.341 s | best 7.362229e-01 @266 *
epoch  267 | train 7.513958e-01 | val 7.361948e-01 |   1.343 s | best 7.361948e-01 @267 *
epoch  268 | train 7.513657e-01 | val 7.361506e-01 |   1.357 s | best 7.361506e-01 @268 *
epoch  269 | train 7.438136e-01 | val 7.361166e-01 |   1.349 s | best 7.361166e-01 @269 *
epoch  270 | train 7.459878e-01 | val 7.360918e-01 |   1.340 s | best 7.360918e-01 @270 *
epoch  271 | train 7.536915e-01 | val 7.360634e-01 |   1.345 s | best 7.360634e-01 @271 *
epoch  272 | train 7.492298e-01 | val 7.360326e-01 |   1.345 s | best 7.360326e-01 @272 *
epoch  273 | train 7.515979e-01 | val 7.360069e-01 |   1.343 s | best 7.360069e-01 @273 *
epoch  274 | train 7.516621e-01 | val 7.359741e-01 |   1.343 s | best 7.359741e-01 @274 *
epoch  275 | train 7.518168e-01 | val 7.359290e-01 |   1.343 s | best 7.359290e-01 @275 *
epoch  276 | train 7.524290e-01 | val 7.358949e-01 |   1.345 s | best 7.358949e-01 @276 *
epoch  277 | train 7.460372e-01 | val 7.358605e-01 |   1.343 s | best 7.358605e-01 @277 *
epoch  278 | train 7.501053e-01 | val 7.358256e-01 |   1.345 s | best 7.358256e-01 @278 *
epoch  279 | train 7.510754e-01 | val 7.357925e-01 |   1.338 s | best 7.357925e-01 @279 *
epoch  280 | train 7.462675e-01 | val 7.357799e-01 |   1.346 s | best 7.357799e-01 @280 *
epoch  281 | train 7.505936e-01 | val 7.357662e-01 |   1.344 s | best 7.357662e-01 @281 *
epoch  282 | train 7.503036e-01 | val 7.357426e-01 |   1.344 s | best 7.357426e-01 @282 *
epoch  283 | train 7.488056e-01 | val 7.357243e-01 |   1.338 s | best 7.357243e-01 @283 *
epoch  284 | train 7.537781e-01 | val 7.356992e-01 |   1.343 s | best 7.356992e-01 @284 *
epoch  285 | train 7.481088e-01 | val 7.356741e-01 |   1.346 s | best 7.356741e-01 @285 *
epoch  286 | train 7.512872e-01 | val 7.356471e-01 |   1.343 s | best 7.356471e-01 @286 *
epoch  287 | train 7.505479e-01 | val 7.356248e-01 |   1.342 s | best 7.356248e-01 @287 *
epoch  288 | train 7.488525e-01 | val 7.355896e-01 |   1.337 s | best 7.355896e-01 @288 *
epoch  289 | train 7.440069e-01 | val 7.355828e-01 |   1.343 s | best 7.355828e-01 @289 *
epoch  290 | train 7.480906e-01 | val 7.355667e-01 |   1.344 s | best 7.355667e-01 @290 *
epoch  291 | train 7.519868e-01 | val 7.355461e-01 |   1.342 s | best 7.355461e-01 @291 *
epoch  292 | train 7.496669e-01 | val 7.355229e-01 |   1.341 s | best 7.355229e-01 @292 *
epoch  293 | train 7.466697e-01 | val 7.355069e-01 |   1.348 s | best 7.355069e-01 @293 *
epoch  294 | train 7.548093e-01 | val 7.354807e-01 |   1.346 s | best 7.354807e-01 @294 *
epoch  295 | train 7.480557e-01 | val 7.354573e-01 |   1.343 s | best 7.354573e-01 @295 *
epoch  296 | train 7.512377e-01 | val 7.354436e-01 |   1.345 s | best 7.354436e-01 @296 *
epoch  297 | train 7.467016e-01 | val 7.354363e-01 |   1.340 s | best 7.354363e-01 @297 *
epoch  298 | train 7.440339e-01 | val 7.354131e-01 |   1.344 s | best 7.354131e-01 @298 *
epoch  299 | train 7.507037e-01 | val 7.353997e-01 |   1.345 s | best 7.353997e-01 @299 *
epoch  300 | train 7.473668e-01 | val 7.353849e-01 |   1.348 s | best 7.353849e-01 @300 *
epoch  301 | train 7.509692e-01 | val 7.353684e-01 |   1.338 s | best 7.353684e-01 @301 *
epoch  302 | train 7.505519e-01 | val 7.353437e-01 |   1.344 s | best 7.353437e-01 @302 *
epoch  303 | train 7.518927e-01 | val 7.353333e-01 |   1.344 s | best 7.353333e-01 @303 *
epoch  304 | train 7.454288e-01 | val 7.353208e-01 |   1.348 s | best 7.353208e-01 @304 *
epoch  305 | train 7.474377e-01 | val 7.353125e-01 |   1.346 s | best 7.353125e-01 @305 *
epoch  306 | train 7.483819e-01 | val 7.353075e-01 |   1.341 s | best 7.353075e-01 @306 *
epoch  307 | train 7.489125e-01 | val 7.352962e-01 |   1.348 s | best 7.352962e-01 @307 *
epoch  308 | train 7.457013e-01 | val 7.352850e-01 |   1.346 s | best 7.352850e-01 @308 *
epoch  309 | train 7.479795e-01 | val 7.352803e-01 |   1.347 s | best 7.352803e-01 @309 *
epoch  310 | train 7.451187e-01 | val 7.352780e-01 |   1.400 s | best 7.352780e-01 @310 *
epoch  311 | train 7.538801e-01 | val 7.352880e-01 |   1.381 s | best 7.352780e-01 @310
epoch  312 | train 7.453118e-01 | val 7.352600e-01 |   1.412 s | best 7.352600e-01 @312 *
epoch  313 | train 7.502311e-01 | val 7.352536e-01 |   1.390 s | best 7.352536e-01 @313 *
epoch  314 | train 7.506279e-01 | val 7.352418e-01 |   1.401 s | best 7.352418e-01 @314 *
epoch  315 | train 7.502607e-01 | val 7.352300e-01 |   1.411 s | best 7.352300e-01 @315 *
epoch  316 | train 7.509568e-01 | val 7.352291e-01 |   1.397 s | best 7.352291e-01 @316 *
epoch  317 | train 7.490626e-01 | val 7.352238e-01 |   1.412 s | best 7.352238e-01 @317 *
epoch  318 | train 7.496082e-01 | val 7.351951e-01 |   1.406 s | best 7.351951e-01 @318 *
epoch  319 | train 7.496022e-01 | val 7.351724e-01 |   1.384 s | best 7.351724e-01 @319 *
epoch  320 | train 7.449056e-01 | val 7.351643e-01 |   1.402 s | best 7.351643e-01 @320 *
epoch  321 | train 7.500384e-01 | val 7.351478e-01 |   1.405 s | best 7.351478e-01 @321 *
epoch  322 | train 7.518117e-01 | val 7.351183e-01 |   1.405 s | best 7.351183e-01 @322 *
epoch  323 | train 7.482940e-01 | val 7.351066e-01 |   1.386 s | best 7.351066e-01 @323 *
epoch  324 | train 7.524934e-01 | val 7.350878e-01 |   1.348 s | best 7.350878e-01 @324 *
epoch  325 | train 7.511841e-01 | val 7.350637e-01 |   1.347 s | best 7.350637e-01 @325 *
epoch  326 | train 7.495706e-01 | val 7.350430e-01 |   1.348 s | best 7.350430e-01 @326 *
epoch  327 | train 7.527113e-01 | val 7.350153e-01 |   1.347 s | best 7.350153e-01 @327 *
epoch  328 | train 7.502330e-01 | val 7.349844e-01 |   1.346 s | best 7.349844e-01 @328 *
epoch  329 | train 7.513614e-01 | val 7.349480e-01 |   1.350 s | best 7.349480e-01 @329 *
epoch  330 | train 7.437485e-01 | val 7.349272e-01 |   1.351 s | best 7.349272e-01 @330 *
epoch  331 | train 7.442484e-01 | val 7.349061e-01 |   1.351 s | best 7.349061e-01 @331 *
epoch  332 | train 7.488682e-01 | val 7.348804e-01 |   1.344 s | best 7.348804e-01 @332 *
epoch  333 | train 7.511766e-01 | val 7.348542e-01 |   1.350 s | best 7.348542e-01 @333 *
epoch  334 | train 7.487638e-01 | val 7.348421e-01 |   1.350 s | best 7.348421e-01 @334 *
epoch  335 | train 7.484515e-01 | val 7.348114e-01 |   1.357 s | best 7.348114e-01 @335 *
epoch  336 | train 7.500102e-01 | val 7.347853e-01 |   1.351 s | best 7.347853e-01 @336 *
epoch  337 | train 7.499123e-01 | val 7.347621e-01 |   1.343 s | best 7.347621e-01 @337 *
epoch  338 | train 7.527738e-01 | val 7.347399e-01 |   1.350 s | best 7.347399e-01 @338 *
epoch  339 | train 7.468355e-01 | val 7.347127e-01 |   1.350 s | best 7.347127e-01 @339 *
epoch  340 | train 7.509590e-01 | val 7.346895e-01 |   1.352 s | best 7.346895e-01 @340 *
epoch  341 | train 7.490515e-01 | val 7.346764e-01 |   1.347 s | best 7.346764e-01 @341 *
epoch  342 | train 7.470675e-01 | val 7.346623e-01 |   1.354 s | best 7.346623e-01 @342 *
epoch  343 | train 7.487289e-01 | val 7.346398e-01 |   1.352 s | best 7.346398e-01 @343 *
epoch  344 | train 7.475034e-01 | val 7.346132e-01 |   1.351 s | best 7.346132e-01 @344 *
epoch  345 | train 7.511781e-01 | val 7.345906e-01 |   1.350 s | best 7.345906e-01 @345 *
epoch  346 | train 7.417704e-01 | val 7.345640e-01 |   1.345 s | best 7.345640e-01 @346 *
epoch  347 | train 7.502648e-01 | val 7.345460e-01 |   1.349 s | best 7.345460e-01 @347 *
epoch  348 | train 7.495193e-01 | val 7.345294e-01 |   1.350 s | best 7.345294e-01 @348 *
epoch  349 | train 7.530153e-01 | val 7.345086e-01 |   1.350 s | best 7.345086e-01 @349 *
epoch  350 | train 7.471415e-01 | val 7.344831e-01 |   1.343 s | best 7.344831e-01 @350 *
epoch  351 | train 7.473426e-01 | val 7.344568e-01 |   1.348 s | best 7.344568e-01 @351 *
epoch  352 | train 7.523186e-01 | val 7.344314e-01 |   1.351 s | best 7.344314e-01 @352 *
epoch  353 | train 7.449578e-01 | val 7.344128e-01 |   1.351 s | best 7.344128e-01 @353 *
epoch  354 | train 7.470057e-01 | val 7.343869e-01 |   1.352 s | best 7.343869e-01 @354 *
epoch  355 | train 7.515774e-01 | val 7.343572e-01 |   1.349 s | best 7.343572e-01 @355 *
epoch  356 | train 7.501095e-01 | val 7.343284e-01 |   1.350 s | best 7.343284e-01 @356 *
epoch  357 | train 7.506993e-01 | val 7.342870e-01 |   1.350 s | best 7.342870e-01 @357 *
epoch  358 | train 7.476095e-01 | val 7.342504e-01 |   1.350 s | best 7.342504e-01 @358 *
epoch  359 | train 7.454133e-01 | val 7.342204e-01 |   1.342 s | best 7.342204e-01 @359 *
epoch  360 | train 7.522573e-01 | val 7.341913e-01 |   1.349 s | best 7.341913e-01 @360 *
epoch  361 | train 7.459871e-01 | val 7.341661e-01 |   1.350 s | best 7.341661e-01 @361 *
epoch  362 | train 7.465083e-01 | val 7.341484e-01 |   1.348 s | best 7.341484e-01 @362 *
epoch  363 | train 7.496821e-01 | val 7.341147e-01 |   1.345 s | best 7.341147e-01 @363 *
epoch  364 | train 7.443300e-01 | val 7.340774e-01 |   1.354 s | best 7.340774e-01 @364 *
epoch  365 | train 7.486797e-01 | val 7.340502e-01 |   1.360 s | best 7.340502e-01 @365 *
epoch  366 | train 7.464357e-01 | val 7.340356e-01 |   1.351 s | best 7.340356e-01 @366 *
epoch  367 | train 7.508937e-01 | val 7.340172e-01 |   1.350 s | best 7.340172e-01 @367 *
epoch  368 | train 7.499667e-01 | val 7.340022e-01 |   1.345 s | best 7.340022e-01 @368 *
epoch  369 | train 7.501013e-01 | val 7.339727e-01 |   1.350 s | best 7.339727e-01 @369 *
epoch  370 | train 7.484998e-01 | val 7.339396e-01 |   1.354 s | best 7.339396e-01 @370 *
epoch  371 | train 7.499971e-01 | val 7.339191e-01 |   1.349 s | best 7.339191e-01 @371 *
epoch  372 | train 7.524020e-01 | val 7.338932e-01 |   1.343 s | best 7.338932e-01 @372 *
epoch  373 | train 7.457887e-01 | val 7.338543e-01 |   1.348 s | best 7.338543e-01 @373 *
epoch  374 | train 7.503223e-01 | val 7.338262e-01 |   1.349 s | best 7.338262e-01 @374 *
epoch  375 | train 7.503066e-01 | val 7.337971e-01 |   1.349 s | best 7.337971e-01 @375 *
epoch  376 | train 7.448904e-01 | val 7.337676e-01 |   1.351 s | best 7.337676e-01 @376 *
epoch  377 | train 7.448690e-01 | val 7.337327e-01 |   1.348 s | best 7.337327e-01 @377 *
epoch  378 | train 7.493718e-01 | val 7.337040e-01 |   1.346 s | best 7.337040e-01 @378 *
epoch  379 | train 7.485012e-01 | val 7.336818e-01 |   1.350 s | best 7.336818e-01 @379 *
epoch  380 | train 7.493542e-01 | val 7.336575e-01 |   1.350 s | best 7.336575e-01 @380 *
epoch  381 | train 7.465039e-01 | val 7.336330e-01 |   1.344 s | best 7.336330e-01 @381 *
epoch  382 | train 7.501221e-01 | val 7.336048e-01 |   1.350 s | best 7.336048e-01 @382 *
epoch  383 | train 7.508103e-01 | val 7.335765e-01 |   1.349 s | best 7.335765e-01 @383 *
epoch  384 | train 7.511122e-01 | val 7.335536e-01 |   1.352 s | best 7.335536e-01 @384 *
epoch  385 | train 7.468816e-01 | val 7.335309e-01 |   1.349 s | best 7.335309e-01 @385 *
epoch  386 | train 7.519568e-01 | val 7.335168e-01 |   1.343 s | best 7.335168e-01 @386 *
epoch  387 | train 7.489119e-01 | val 7.334986e-01 |   1.348 s | best 7.334986e-01 @387 *
epoch  388 | train 7.470600e-01 | val 7.334837e-01 |   1.351 s | best 7.334837e-01 @388 *
epoch  389 | train 7.507687e-01 | val 7.334660e-01 |   1.351 s | best 7.334660e-01 @389 *
epoch  390 | train 7.467456e-01 | val 7.334690e-01 |   1.345 s | best 7.334660e-01 @389
epoch  391 | train 7.515666e-01 | val 7.334569e-01 |   1.350 s | best 7.334569e-01 @391 *
epoch  392 | train 7.499381e-01 | val 7.334504e-01 |   1.350 s | best 7.334504e-01 @392 *
epoch  393 | train 7.456223e-01 | val 7.334223e-01 |   1.349 s | best 7.334223e-01 @393 *
epoch  394 | train 7.505418e-01 | val 7.333990e-01 |   1.348 s | best 7.333990e-01 @394 *
epoch  395 | train 7.446500e-01 | val 7.333893e-01 |   1.345 s | best 7.333893e-01 @395 *
epoch  396 | train 7.452496e-01 | val 7.333915e-01 |   1.348 s | best 7.333893e-01 @395
epoch  397 | train 7.458605e-01 | val 7.333792e-01 |   1.351 s | best 7.333792e-01 @397 *
epoch  398 | train 7.514601e-01 | val 7.333497e-01 |   1.349 s | best 7.333497e-01 @398 *
epoch  399 | train 7.493008e-01 | val 7.333315e-01 |   1.343 s | best 7.333315e-01 @399 *
epoch  400 | train 7.471210e-01 | val 7.333248e-01 |   1.353 s | best 7.333248e-01 @400 *
epoch  401 | train 7.486166e-01 | val 7.333064e-01 |   1.352 s | best 7.333064e-01 @401 *
epoch  402 | train 7.442538e-01 | val 7.332723e-01 |   1.350 s | best 7.332723e-01 @402 *
epoch  403 | train 7.474248e-01 | val 7.332618e-01 |   1.346 s | best 7.332618e-01 @403 *
epoch  404 | train 7.491330e-01 | val 7.332444e-01 |   1.351 s | best 7.332444e-01 @404 *
epoch  405 | train 7.477499e-01 | val 7.332218e-01 |   1.355 s | best 7.332218e-01 @405 *
epoch  406 | train 7.441476e-01 | val 7.332116e-01 |   1.355 s | best 7.332116e-01 @406 *
epoch  407 | train 7.513511e-01 | val 7.332019e-01 |   1.353 s | best 7.332019e-01 @407 *
epoch  408 | train 7.520185e-01 | val 7.331840e-01 |   1.349 s | best 7.331840e-01 @408 *
epoch  409 | train 7.493048e-01 | val 7.331560e-01 |   1.350 s | best 7.331560e-01 @409 *
epoch  410 | train 7.517779e-01 | val 7.331412e-01 |   1.350 s | best 7.331412e-01 @410 *
epoch  411 | train 7.455138e-01 | val 7.331197e-01 |   1.348 s | best 7.331197e-01 @411 *
epoch  412 | train 7.472351e-01 | val 7.330966e-01 |   1.347 s | best 7.330966e-01 @412 *
epoch  413 | train 7.442241e-01 | val 7.330693e-01 |   1.351 s | best 7.330693e-01 @413 *
epoch  414 | train 7.483641e-01 | val 7.330527e-01 |   1.351 s | best 7.330527e-01 @414 *
epoch  415 | train 7.533031e-01 | val 7.330310e-01 |   1.351 s | best 7.330310e-01 @415 *
epoch  416 | train 7.492871e-01 | val 7.330155e-01 |   1.349 s | best 7.330155e-01 @416 *
epoch  417 | train 7.467256e-01 | val 7.329975e-01 |   1.343 s | best 7.329975e-01 @417 *
epoch  418 | train 7.471040e-01 | val 7.329888e-01 |   1.348 s | best 7.329888e-01 @418 *
epoch  419 | train 7.485146e-01 | val 7.329808e-01 |   1.351 s | best 7.329808e-01 @419 *
epoch  420 | train 7.508066e-01 | val 7.329793e-01 |   1.349 s | best 7.329793e-01 @420 *
epoch  421 | train 7.491292e-01 | val 7.329717e-01 |   1.343 s | best 7.329717e-01 @421 *
epoch  422 | train 7.494987e-01 | val 7.329444e-01 |   1.348 s | best 7.329444e-01 @422 *
epoch  423 | train 7.473933e-01 | val 7.329216e-01 |   1.349 s | best 7.329216e-01 @423 *
epoch  424 | train 7.493684e-01 | val 7.329026e-01 |   1.353 s | best 7.329026e-01 @424 *
epoch  425 | train 7.440041e-01 | val 7.328770e-01 |   1.351 s | best 7.328770e-01 @425 *
epoch  426 | train 7.504031e-01 | val 7.328483e-01 |   1.343 s | best 7.328483e-01 @426 *
epoch  427 | train 7.470858e-01 | val 7.328215e-01 |   0.866 s | best 7.328215e-01 @427 *
epoch  428 | train 7.443761e-01 | val 7.328003e-01 |   1.347 s | best 7.328003e-01 @428 *
epoch  429 | train 7.479180e-01 | val 7.327737e-01 |   1.349 s | best 7.327737e-01 @429 *
epoch  430 | train 7.458784e-01 | val 7.327445e-01 |   1.344 s | best 7.327445e-01 @430 *
epoch  431 | train 7.453338e-01 | val 7.327197e-01 |   1.350 s | best 7.327197e-01 @431 *
epoch  432 | train 7.456808e-01 | val 7.327026e-01 |   1.352 s | best 7.327026e-01 @432 *
epoch  433 | train 7.456948e-01 | val 7.326871e-01 |   1.349 s | best 7.326871e-01 @433 *
epoch  434 | train 7.494585e-01 | val 7.326756e-01 |   1.350 s | best 7.326756e-01 @434 *
epoch  435 | train 7.437260e-01 | val 7.326530e-01 |   1.343 s | best 7.326530e-01 @435 *
epoch  436 | train 7.510274e-01 | val 7.326310e-01 |   1.352 s | best 7.326310e-01 @436 *
epoch  437 | train 7.439327e-01 | val 7.326211e-01 |   1.351 s | best 7.326211e-01 @437 *
epoch  438 | train 7.477072e-01 | val 7.326224e-01 |   1.351 s | best 7.326211e-01 @437
epoch  439 | train 7.449447e-01 | val 7.326139e-01 |   1.345 s | best 7.326139e-01 @439 *
epoch  440 | train 7.471226e-01 | val 7.326202e-01 |   1.349 s | best 7.326139e-01 @439
epoch  441 | train 7.464720e-01 | val 7.326238e-01 |   1.355 s | best 7.326139e-01 @439
epoch  442 | train 7.479944e-01 | val 7.326088e-01 |   1.349 s | best 7.326088e-01 @442 *
epoch  443 | train 7.505165e-01 | val 7.325914e-01 |   1.372 s | best 7.325914e-01 @443 *
epoch  444 | train 7.465305e-01 | val 7.325825e-01 |   1.349 s | best 7.325825e-01 @444 *
epoch  445 | train 7.477019e-01 | val 7.325684e-01 |   1.336 s | best 7.325684e-01 @445 *
epoch  446 | train 7.459623e-01 | val 7.325556e-01 |   1.316 s | best 7.325556e-01 @446 *
epoch  447 | train 7.449560e-01 | val 7.325450e-01 |   1.331 s | best 7.325450e-01 @447 *
epoch  448 | train 7.487410e-01 | val 7.325351e-01 |   1.313 s | best 7.325351e-01 @448 *
epoch  449 | train 7.408456e-01 | val 7.325112e-01 |   1.325 s | best 7.325112e-01 @449 *
epoch  450 | train 7.482751e-01 | val 7.324963e-01 |   1.309 s | best 7.324963e-01 @450 *
epoch  451 | train 7.477588e-01 | val 7.324827e-01 |   1.336 s | best 7.324827e-01 @451 *
epoch  452 | train 7.460488e-01 | val 7.324685e-01 |   1.338 s | best 7.324685e-01 @452 *
epoch  453 | train 7.489149e-01 | val 7.324409e-01 |   1.335 s | best 7.324409e-01 @453 *
epoch  454 | train 7.452894e-01 | val 7.324264e-01 |   1.351 s | best 7.324264e-01 @454 *
epoch  455 | train 7.484759e-01 | val 7.324048e-01 |   1.345 s | best 7.324048e-01 @455 *
epoch  456 | train 7.400270e-01 | val 7.323897e-01 |   1.338 s | best 7.323897e-01 @456 *
epoch  457 | train 7.438106e-01 | val 7.323898e-01 |   1.330 s | best 7.323897e-01 @456
epoch  458 | train 7.420669e-01 | val 7.323834e-01 |   1.341 s | best 7.323834e-01 @458 *
epoch  459 | train 7.414110e-01 | val 7.323596e-01 |   0.749 s | best 7.323596e-01 @459 *
epoch  460 | train 7.499635e-01 | val 7.323393e-01 |   1.339 s | best 7.323393e-01 @460 *
epoch  461 | train 7.483990e-01 | val 7.323365e-01 |   1.335 s | best 7.323365e-01 @461 *
epoch  462 | train 7.454566e-01 | val 7.323289e-01 |   1.353 s | best 7.323289e-01 @462 *
epoch  463 | train 7.437181e-01 | val 7.323266e-01 |   1.331 s | best 7.323266e-01 @463 *
epoch  464 | train 7.425606e-01 | val 7.323161e-01 |   1.370 s | best 7.323161e-01 @464 *
epoch  465 | train 7.457719e-01 | val 7.323195e-01 |   1.338 s | best 7.323161e-01 @464
epoch  466 | train 7.486150e-01 | val 7.323185e-01 |   1.354 s | best 7.323161e-01 @464
epoch  467 | train 7.454950e-01 | val 7.323030e-01 |   1.347 s | best 7.323030e-01 @467 *
epoch  468 | train 7.442691e-01 | val 7.322841e-01 |   1.347 s | best 7.322841e-01 @468 *
epoch  469 | train 7.455331e-01 | val 7.322666e-01 |   1.359 s | best 7.322666e-01 @469 *
epoch  470 | train 7.406654e-01 | val 7.322546e-01 |   1.334 s | best 7.322546e-01 @470 *
epoch  471 | train 7.429372e-01 | val 7.322403e-01 |   1.354 s | best 7.322403e-01 @471 *
epoch  472 | train 7.442884e-01 | val 7.322270e-01 |   1.337 s | best 7.322270e-01 @472 *
epoch  473 | train 7.501992e-01 | val 7.322073e-01 |   1.359 s | best 7.322073e-01 @473 *
epoch  474 | train 7.433768e-01 | val 7.321841e-01 |   1.330 s | best 7.321841e-01 @474 *
epoch  475 | train 7.423623e-01 | val 7.321868e-01 |   1.326 s | best 7.321841e-01 @474
epoch  476 | train 7.443430e-01 | val 7.321638e-01 |   1.330 s | best 7.321638e-01 @476 *
epoch  477 | train 7.461434e-01 | val 7.321312e-01 |   1.322 s | best 7.321312e-01 @477 *
epoch  478 | train 7.384016e-01 | val 7.321134e-01 |   1.339 s | best 7.321134e-01 @478 *
epoch  479 | train 7.420386e-01 | val 7.321011e-01 |   1.373 s | best 7.321011e-01 @479 *
epoch  480 | train 7.452582e-01 | val 7.320765e-01 |   1.343 s | best 7.320765e-01 @480 *
epoch  481 | train 7.365600e-01 | val 7.320512e-01 |   1.349 s | best 7.320512e-01 @481 *
epoch  482 | train 7.423861e-01 | val 7.320247e-01 |   1.328 s | best 7.320247e-01 @482 *
epoch  483 | train 7.468901e-01 | val 7.320048e-01 |   1.344 s | best 7.320048e-01 @483 *
epoch  484 | train 7.410724e-01 | val 7.319909e-01 |   1.350 s | best 7.319909e-01 @484 *
epoch  485 | train 7.433185e-01 | val 7.319827e-01 |   1.355 s | best 7.319827e-01 @485 *
epoch  486 | train 7.464896e-01 | val 7.319623e-01 |   1.357 s | best 7.319623e-01 @486 *
epoch  487 | train 7.398962e-01 | val 7.319747e-01 |   1.347 s | best 7.319623e-01 @486
epoch  488 | train 7.461399e-01 | val 7.319655e-01 |   1.350 s | best 7.319623e-01 @486
epoch  489 | train 7.474168e-01 | val 7.319443e-01 |   1.339 s | best 7.319443e-01 @489 *
epoch  490 | train 7.431504e-01 | val 7.319490e-01 |   1.327 s | best 7.319443e-01 @489
epoch  491 | train 7.425224e-01 | val 7.319449e-01 |   1.324 s | best 7.319443e-01 @489
epoch  492 | train 7.465363e-01 | val 7.319503e-01 |   1.328 s | best 7.319443e-01 @489
epoch  493 | train 7.466542e-01 | val 7.319463e-01 |   1.323 s | best 7.319443e-01 @489
epoch  494 | train 7.460259e-01 | val 7.319360e-01 |   1.330 s | best 7.319360e-01 @494 *
epoch  495 | train 7.429828e-01 | val 7.319338e-01 |   1.319 s | best 7.319338e-01 @495 *
epoch  496 | train 7.483136e-01 | val 7.319354e-01 |   1.329 s | best 7.319338e-01 @495
epoch  497 | train 7.408366e-01 | val 7.319244e-01 |   1.330 s | best 7.319244e-01 @497 *
epoch  498 | train 7.434442e-01 | val 7.319067e-01 |   1.318 s | best 7.319067e-01 @498 *
epoch  499 | train 7.463840e-01 | val 7.318933e-01 |   1.335 s | best 7.318933e-01 @499 *
epoch  500 | train 7.475634e-01 | val 7.318797e-01 |   1.334 s | best 7.318797e-01 @500 *
epoch  501 | train 7.468873e-01 | val 7.318584e-01 |   1.325 s | best 7.318584e-01 @501 *
epoch  502 | train 7.453286e-01 | val 7.318447e-01 |   1.316 s | best 7.318447e-01 @502 *
epoch  503 | train 7.472558e-01 | val 7.318248e-01 |   1.332 s | best 7.318248e-01 @503 *
epoch  504 | train 7.420121e-01 | val 7.318073e-01 |   1.329 s | best 7.318073e-01 @504 *
epoch  505 | train 7.444534e-01 | val 7.317963e-01 |   1.321 s | best 7.317963e-01 @505 *
epoch  506 | train 7.451334e-01 | val 7.317797e-01 |   1.321 s | best 7.317797e-01 @506 *
epoch  507 | train 7.479918e-01 | val 7.317676e-01 |   1.326 s | best 7.317676e-01 @507 *
epoch  508 | train 7.420889e-01 | val 7.317510e-01 |   1.323 s | best 7.317510e-01 @508 *
epoch  509 | train 7.486282e-01 | val 7.317216e-01 |   1.076 s | best 7.317216e-01 @509 *
epoch  510 | train 7.496553e-01 | val 7.316948e-01 |   1.327 s | best 7.316948e-01 @510 *
epoch  511 | train 7.439600e-01 | val 7.316811e-01 |   1.324 s | best 7.316811e-01 @511 *
epoch  512 | train 7.444360e-01 | val 7.316658e-01 |   1.317 s | best 7.316658e-01 @512 *
epoch  513 | train 7.455686e-01 | val 7.316734e-01 |   1.324 s | best 7.316658e-01 @512
epoch  514 | train 7.495515e-01 | val 7.316690e-01 |   1.325 s | best 7.316658e-01 @512
epoch  515 | train 7.452556e-01 | val 7.316532e-01 |   1.316 s | best 7.316532e-01 @515 *
epoch  516 | train 7.409475e-01 | val 7.316385e-01 |   1.326 s | best 7.316385e-01 @516 *
epoch  517 | train 7.441312e-01 | val 7.316200e-01 |   1.337 s | best 7.316200e-01 @517 *
epoch  518 | train 7.482154e-01 | val 7.316074e-01 |   1.365 s | best 7.316074e-01 @518 *
epoch  519 | train 7.396691e-01 | val 7.315880e-01 |   1.368 s | best 7.315880e-01 @519 *
epoch  520 | train 7.449497e-01 | val 7.315645e-01 |   1.341 s | best 7.315645e-01 @520 *
epoch  521 | train 7.409397e-01 | val 7.315469e-01 |   1.346 s | best 7.315469e-01 @521 *
epoch  522 | train 7.433036e-01 | val 7.315291e-01 |   1.347 s | best 7.315291e-01 @522 *
epoch  523 | train 7.434095e-01 | val 7.315089e-01 |   1.347 s | best 7.315089e-01 @523 *
epoch  524 | train 7.472544e-01 | val 7.314919e-01 |   1.345 s | best 7.314919e-01 @524 *
epoch  525 | train 7.438033e-01 | val 7.314805e-01 |   1.344 s | best 7.314805e-01 @525 *
epoch  526 | train 7.404920e-01 | val 7.314610e-01 |   1.346 s | best 7.314610e-01 @526 *
epoch  527 | train 7.452777e-01 | val 7.314541e-01 |   1.356 s | best 7.314541e-01 @527 *
epoch  528 | train 7.404486e-01 | val 7.314476e-01 |   1.425 s | best 7.314476e-01 @528 *
epoch  529 | train 7.408038e-01 | val 7.314463e-01 |   1.414 s | best 7.314463e-01 @529 *
epoch  530 | train 7.403400e-01 | val 7.314523e-01 |   1.419 s | best 7.314463e-01 @529
epoch  531 | train 7.420108e-01 | val 7.314367e-01 |   1.410 s | best 7.314367e-01 @531 *
epoch  532 | train 7.402938e-01 | val 7.314311e-01 |   1.403 s | best 7.314311e-01 @532 *
epoch  533 | train 7.424843e-01 | val 7.314305e-01 |   1.394 s | best 7.314305e-01 @533 *
epoch  534 | train 7.396910e-01 | val 7.314235e-01 |   1.397 s | best 7.314235e-01 @534 *
epoch  535 | train 7.442474e-01 | val 7.314120e-01 |   1.400 s | best 7.314120e-01 @535 *
epoch  536 | train 7.436891e-01 | val 7.313908e-01 |   1.416 s | best 7.313908e-01 @536 *
epoch  537 | train 7.463008e-01 | val 7.313725e-01 |   1.397 s | best 7.313725e-01 @537 *
epoch  538 | train 7.458873e-01 | val 7.313694e-01 |   1.402 s | best 7.313694e-01 @538 *
epoch  539 | train 7.440016e-01 | val 7.313423e-01 |   1.387 s | best 7.313423e-01 @539 *
epoch  540 | train 7.436479e-01 | val 7.313336e-01 |   1.419 s | best 7.313336e-01 @540 *
epoch  541 | train 7.387343e-01 | val 7.313339e-01 |   1.341 s | best 7.313336e-01 @540
epoch  542 | train 7.464163e-01 | val 7.313331e-01 |   1.354 s | best 7.313331e-01 @542 *
epoch  543 | train 7.443755e-01 | val 7.313239e-01 |   1.345 s | best 7.313239e-01 @543 *
epoch  544 | train 7.400945e-01 | val 7.313101e-01 |   1.349 s | best 7.313101e-01 @544 *
epoch  545 | train 7.420195e-01 | val 7.313030e-01 |   1.344 s | best 7.313030e-01 @545 *
epoch  546 | train 7.452643e-01 | val 7.312908e-01 |   1.356 s | best 7.312908e-01 @546 *
epoch  547 | train 7.452210e-01 | val 7.312741e-01 |   1.365 s | best 7.312741e-01 @547 *
epoch  548 | train 7.467486e-01 | val 7.312560e-01 |   1.340 s | best 7.312560e-01 @548 *
epoch  549 | train 7.368706e-01 | val 7.312354e-01 |   1.346 s | best 7.312354e-01 @549 *
epoch  550 | train 7.401631e-01 | val 7.312243e-01 |   1.334 s | best 7.312243e-01 @550 *
epoch  551 | train 7.414016e-01 | val 7.312169e-01 |   1.341 s | best 7.312169e-01 @551 *
epoch  552 | train 7.488303e-01 | val 7.312497e-01 |   1.336 s | best 7.312169e-01 @551
epoch  553 | train 7.395242e-01 | val 7.312822e-01 |   1.345 s | best 7.312169e-01 @551
epoch  554 | train 7.473530e-01 | val 7.312964e-01 |   1.336 s | best 7.312169e-01 @551
epoch  555 | train 7.443021e-01 | val 7.312894e-01 |   1.334 s | best 7.312169e-01 @551
epoch  556 | train 7.385066e-01 | val 7.312771e-01 |   1.335 s | best 7.312169e-01 @551
epoch  557 | train 7.361283e-01 | val 7.312707e-01 |   1.341 s | best 7.312169e-01 @551
epoch  558 | train 7.419337e-01 | val 7.312654e-01 |   1.346 s | best 7.312169e-01 @551
epoch  559 | train 7.409828e-01 | val 7.312486e-01 |   1.332 s | best 7.312169e-01 @551
epoch  560 | train 7.413510e-01 | val 7.312288e-01 |   1.336 s | best 7.312169e-01 @551
epoch  561 | train 7.412484e-01 | val 7.312210e-01 |   1.337 s | best 7.312169e-01 @551
epoch  562 | train 7.449708e-01 | val 7.312138e-01 |   1.346 s | best 7.312138e-01 @562 *
epoch  563 | train 7.428123e-01 | val 7.311973e-01 |   1.330 s | best 7.311973e-01 @563 *
epoch  564 | train 7.404406e-01 | val 7.311764e-01 |   1.333 s | best 7.311764e-01 @564 *
epoch  565 | train 7.378964e-01 | val 7.311547e-01 |   1.334 s | best 7.311547e-01 @565 *
epoch  566 | train 7.468626e-01 | val 7.311382e-01 |   1.345 s | best 7.311382e-01 @566 *
epoch  567 | train 7.418159e-01 | val 7.311228e-01 |   1.335 s | best 7.311228e-01 @567 *
epoch  568 | train 7.460626e-01 | val 7.311023e-01 |   1.336 s | best 7.311023e-01 @568 *
epoch  569 | train 7.466798e-01 | val 7.310871e-01 |   1.336 s | best 7.310871e-01 @569 *
epoch  570 | train 7.444397e-01 | val 7.310716e-01 |   1.346 s | best 7.310716e-01 @570 *
epoch  571 | train 7.416336e-01 | val 7.310460e-01 |   1.353 s | best 7.310460e-01 @571 *
epoch  572 | train 7.490189e-01 | val 7.310377e-01 |   1.342 s | best 7.310377e-01 @572 *
epoch  573 | train 7.420838e-01 | val 7.310255e-01 |   1.348 s | best 7.310255e-01 @573 *
epoch  574 | train 7.386737e-01 | val 7.310092e-01 |   1.347 s | best 7.310092e-01 @574 *
epoch  575 | train 7.397796e-01 | val 7.309918e-01 |   1.346 s | best 7.309918e-01 @575 *
epoch  576 | train 7.460521e-01 | val 7.309650e-01 |   1.354 s | best 7.309650e-01 @576 *
epoch  577 | train 7.390396e-01 | val 7.309436e-01 |   1.346 s | best 7.309436e-01 @577 *
epoch  578 | train 7.436743e-01 | val 7.309285e-01 |   1.352 s | best 7.309285e-01 @578 *
epoch  579 | train 7.441022e-01 | val 7.309253e-01 |   1.346 s | best 7.309253e-01 @579 *
epoch  580 | train 7.409022e-01 | val 7.309315e-01 |   1.351 s | best 7.309253e-01 @579
epoch  581 | train 7.430561e-01 | val 7.309284e-01 |   1.344 s | best 7.309253e-01 @579
epoch  582 | train 7.411272e-01 | val 7.309180e-01 |   1.348 s | best 7.309180e-01 @582 *
epoch  583 | train 7.449007e-01 | val 7.309158e-01 |   1.349 s | best 7.309158e-01 @583 *
epoch  584 | train 7.390216e-01 | val 7.309106e-01 |   1.347 s | best 7.309106e-01 @584 *
epoch  585 | train 7.422969e-01 | val 7.309136e-01 |   1.341 s | best 7.309106e-01 @584
epoch  586 | train 7.468687e-01 | val 7.309108e-01 |   1.352 s | best 7.309106e-01 @584
epoch  587 | train 7.457635e-01 | val 7.309006e-01 |   1.347 s | best 7.309006e-01 @587 *
epoch  588 | train 7.420924e-01 | val 7.308961e-01 |   1.344 s | best 7.308961e-01 @588 *
epoch  589 | train 7.368039e-01 | val 7.308962e-01 |   1.349 s | best 7.308961e-01 @588
epoch  590 | train 7.443898e-01 | val 7.308759e-01 |   1.340 s | best 7.308759e-01 @590 *
epoch  591 | train 7.396911e-01 | val 7.308711e-01 |   1.345 s | best 7.308711e-01 @591 *
epoch  592 | train 7.412248e-01 | val 7.308828e-01 |   1.349 s | best 7.308711e-01 @591
epoch  593 | train 7.412227e-01 | val 7.308815e-01 |   1.349 s | best 7.308711e-01 @591
epoch  594 | train 7.387985e-01 | val 7.308856e-01 |   1.341 s | best 7.308711e-01 @591
epoch  595 | train 7.421266e-01 | val 7.308921e-01 |   1.347 s | best 7.308711e-01 @591
epoch  596 | train 7.449621e-01 | val 7.308961e-01 |   1.347 s | best 7.308711e-01 @591
epoch  597 | train 7.424729e-01 | val 7.309045e-01 |   1.348 s | best 7.308711e-01 @591
epoch  598 | train 7.392109e-01 | val 7.309119e-01 |   1.347 s | best 7.308711e-01 @591
epoch  599 | train 7.373988e-01 | val 7.309214e-01 |   1.339 s | best 7.308711e-01 @591
epoch  600 | train 7.420869e-01 | val 7.309199e-01 |   1.347 s | best 7.308711e-01 @591
# done        : 600 epochs, stopped_by=max_epochs, aborted=False, best val 7.308711e-01 @ epoch 591, wall 728.6 s, 1.214 s/epoch
