
# ===== 2026-09-20 22:28:12 KST  HPO attempt 441  testbed D1 prior S  Nr=8 Nt=4
# DEVICE      : cuda | cuda_available=True | NVIDIA RTX PRO 6000 Blackwell Server Edition | torch 2.14.0+cu130 | train dtype float32 (01_RULES §9.5)
# data        : n_train=9000 n_val=1000 split_hash=98d6225d67f9c15a E||H||_F^2/(NrNt)=1.000268 (04_SPEC §2)
# sigma grid  : MEASURED, 20 points, log-uniform draw over [3.2936e-02, 7.9084e-01]
# hp          : {'arch': 'adm', 'param': 'edm', 'domain': 'angle', 'lr': 0.0007538455758781177, 'ema': 0.999, 'batch': 128, 'emb': 64, 'width': 96, 'depth': 7, 'heads': 4, 'attn_at': 8}  params=13349474
# stopping    : patience 15 on val loss, never before 0 epochs, max 600 (01_RULES §5)
epoch    1 | train 1.005680e+00 | val 9.907972e-01 |   5.972 s | best 9.907972e-01 @1 *
epoch    2 | train 1.002242e+00 | val 9.909998e-01 |   5.829 s | best 9.907972e-01 @1
epoch    3 | train 1.001572e+00 | val 9.911811e-01 |   5.876 s | best 9.907972e-01 @1
epoch    4 | train 1.000827e+00 | val 9.911175e-01 |   5.834 s | best 9.907972e-01 @1
epoch    5 | train 1.001102e+00 | val 9.907588e-01 |   6.000 s | best 9.907588e-01 @5 *
epoch    6 | train 9.996082e-01 | val 9.906674e-01 |   6.130 s | best 9.906674e-01 @6 *
epoch    7 | train 1.000540e+00 | val 9.906655e-01 |   6.057 s | best 9.906655e-01 @7 *
epoch    8 | train 1.001651e+00 | val 9.906790e-01 |   5.884 s | best 9.906655e-01 @7
epoch    9 | train 1.002275e+00 | val 9.906929e-01 |   5.808 s | best 9.906655e-01 @7
epoch   10 | train 1.001408e+00 | val 9.907025e-01 |   5.798 s | best 9.906655e-01 @7
epoch   11 | train 1.001370e+00 | val 9.907072e-01 |   5.844 s | best 9.906655e-01 @7
epoch   12 | train 1.001860e+00 | val 9.907146e-01 |   5.797 s | best 9.906655e-01 @7
epoch   13 | train 9.985624e-01 | val 9.907191e-01 |   5.887 s | best 9.906655e-01 @7
epoch   14 | train 9.970479e-01 | val 9.907106e-01 |   5.813 s | best 9.906655e-01 @7
epoch   15 | train 9.968709e-01 | val 9.906718e-01 |   5.808 s | best 9.906655e-01 @7
epoch   16 | train 9.971236e-01 | val 9.906183e-01 |   5.815 s | best 9.906183e-01 @16 *
epoch   17 | train 9.960211e-01 | val 9.905241e-01 |   5.803 s | best 9.905241e-01 @17 *
epoch   18 | train 9.956476e-01 | val 9.903890e-01 |   5.652 s | best 9.903890e-01 @18 *
epoch   19 | train 9.949668e-01 | val 9.902146e-01 |   5.636 s | best 9.902146e-01 @19 *
epoch   20 | train 9.979956e-01 | val 9.900144e-01 |   5.651 s | best 9.900144e-01 @20 *
epoch   21 | train 9.946294e-01 | val 9.897947e-01 |   5.638 s | best 9.897947e-01 @21 *
epoch   22 | train 9.995658e-01 | val 9.895431e-01 |   5.638 s | best 9.895431e-01 @22 *
epoch   23 | train 9.959421e-01 | val 9.892882e-01 |   5.858 s | best 9.892882e-01 @23 *
epoch   24 | train 9.943324e-01 | val 9.890364e-01 |   5.927 s | best 9.890364e-01 @24 *
epoch   25 | train 9.962120e-01 | val 9.888011e-01 |   6.047 s | best 9.888011e-01 @25 *
epoch   26 | train 9.948483e-01 | val 9.885713e-01 |   6.041 s | best 9.885713e-01 @26 *
epoch   27 | train 9.961324e-01 | val 9.883446e-01 |   6.030 s | best 9.883446e-01 @27 *
epoch   28 | train 9.955666e-01 | val 9.881441e-01 |   5.637 s | best 9.881441e-01 @28 *
epoch   29 | train 9.966274e-01 | val 9.879540e-01 |   5.643 s | best 9.879540e-01 @29 *
epoch   30 | train 9.941289e-01 | val 9.877818e-01 |   5.647 s | best 9.877818e-01 @30 *
epoch   31 | train 9.976485e-01 | val 9.876125e-01 |   5.689 s | best 9.876125e-01 @31 *
epoch   32 | train 9.955747e-01 | val 9.874628e-01 |   5.681 s | best 9.874628e-01 @32 *
epoch   33 | train 9.946359e-01 | val 9.873340e-01 |   5.778 s | best 9.873340e-01 @33 *
epoch   34 | train 9.954532e-01 | val 9.872156e-01 |   5.671 s | best 9.872156e-01 @34 *
epoch   35 | train 9.951002e-01 | val 9.871118e-01 |   5.708 s | best 9.871118e-01 @35 *
epoch   36 | train 9.951552e-01 | val 9.870053e-01 |   5.697 s | best 9.870053e-01 @36 *
epoch   37 | train 9.986967e-01 | val 9.869186e-01 |   5.734 s | best 9.869186e-01 @37 *
epoch   38 | train 9.926075e-01 | val 9.868385e-01 |   5.736 s | best 9.868385e-01 @38 *
epoch   39 | train 9.982242e-01 | val 9.867679e-01 |   5.732 s | best 9.867679e-01 @39 *
epoch   40 | train 9.948743e-01 | val 9.867072e-01 |   5.885 s | best 9.867072e-01 @40 *
epoch   41 | train 9.965069e-01 | val 9.866537e-01 |   5.823 s | best 9.866537e-01 @41 *
epoch   42 | train 9.947172e-01 | val 9.866055e-01 |   5.833 s | best 9.866055e-01 @42 *
epoch   43 | train 9.958179e-01 | val 9.865567e-01 |   5.819 s | best 9.865567e-01 @43 *
epoch   44 | train 9.966983e-01 | val 9.865010e-01 |   5.844 s | best 9.865010e-01 @44 *
epoch   45 | train 9.974146e-01 | val 9.864572e-01 |   5.847 s | best 9.864572e-01 @45 *
epoch   46 | train 9.962045e-01 | val 9.864116e-01 |   5.854 s | best 9.864116e-01 @46 *
epoch   47 | train 9.932308e-01 | val 9.863651e-01 |   5.852 s | best 9.863651e-01 @47 *
epoch   48 | train 9.932563e-01 | val 9.863001e-01 |   5.845 s | best 9.863001e-01 @48 *
epoch   49 | train 9.921392e-01 | val 9.862399e-01 |   5.872 s | best 9.862399e-01 @49 *
epoch   50 | train 9.905173e-01 | val 9.861761e-01 |   6.009 s | best 9.861761e-01 @50 *
epoch   51 | train 9.884484e-01 | val 9.861220e-01 |   6.069 s | best 9.861220e-01 @51 *
epoch   52 | train 9.828378e-01 | val 9.860428e-01 |   6.104 s | best 9.860428e-01 @52 *
epoch   53 | train 9.813703e-01 | val 9.859477e-01 |   6.048 s | best 9.859477e-01 @53 *
epoch   54 | train 9.835737e-01 | val 9.858378e-01 |   5.953 s | best 9.858378e-01 @54 *
epoch   55 | train 9.784665e-01 | val 9.857075e-01 |   5.621 s | best 9.857075e-01 @55 *
epoch   56 | train 9.702886e-01 | val 9.855313e-01 |   5.675 s | best 9.855313e-01 @56 *
epoch   57 | train 9.718406e-01 | val 9.852874e-01 |   6.048 s | best 9.852874e-01 @57 *
epoch   58 | train 9.700875e-01 | val 9.849795e-01 |   5.950 s | best 9.849795e-01 @58 *
epoch   59 | train 9.671241e-01 | val 9.845610e-01 |   5.767 s | best 9.845610e-01 @59 *
epoch   60 | train 9.675843e-01 | val 9.840363e-01 |   5.805 s | best 9.840363e-01 @60 *
epoch   61 | train 9.660613e-01 | val 9.833911e-01 |   5.795 s | best 9.833911e-01 @61 *
epoch   62 | train 9.689905e-01 | val 9.826150e-01 |   5.806 s | best 9.826150e-01 @62 *
epoch   63 | train 9.668805e-01 | val 9.817069e-01 |   5.858 s | best 9.817069e-01 @63 *
epoch   64 | train 9.700064e-01 | val 9.806907e-01 |   5.841 s | best 9.806907e-01 @64 *
epoch   65 | train 9.659549e-01 | val 9.795597e-01 |   5.858 s | best 9.795597e-01 @65 *
epoch   66 | train 9.687937e-01 | val 9.783086e-01 |   5.835 s | best 9.783086e-01 @66 *
epoch   67 | train 9.677717e-01 | val 9.769853e-01 |   5.862 s | best 9.769853e-01 @67 *
epoch   68 | train 9.672409e-01 | val 9.756171e-01 |   5.825 s | best 9.756171e-01 @68 *
epoch   69 | train 9.625147e-01 | val 9.742071e-01 |   5.828 s | best 9.742071e-01 @69 *
epoch   70 | train 9.648559e-01 | val 9.727789e-01 |   5.880 s | best 9.727789e-01 @70 *
epoch   71 | train 9.617234e-01 | val 9.713525e-01 |   5.844 s | best 9.713525e-01 @71 *
epoch   72 | train 9.635218e-01 | val 9.699867e-01 |   5.850 s | best 9.699867e-01 @72 *
epoch   73 | train 9.589341e-01 | val 9.686958e-01 |   5.834 s | best 9.686958e-01 @73 *
epoch   74 | train 9.631751e-01 | val 9.674749e-01 |   5.660 s | best 9.674749e-01 @74 *
epoch   75 | train 9.626410e-01 | val 9.663115e-01 |   5.637 s | best 9.663115e-01 @75 *
epoch   76 | train 9.613660e-01 | val 9.652114e-01 |   5.664 s | best 9.652114e-01 @76 *
epoch   77 | train 9.569234e-01 | val 9.641662e-01 |   5.620 s | best 9.641662e-01 @77 *
epoch   78 | train 9.573220e-01 | val 9.631541e-01 |   5.612 s | best 9.631541e-01 @78 *
epoch   79 | train 9.608527e-01 | val 9.622024e-01 |   5.713 s | best 9.622024e-01 @79 *
epoch   80 | train 9.477128e-01 | val 9.613439e-01 |   5.801 s | best 9.613439e-01 @80 *
epoch   81 | train 9.403460e-01 | val 9.605391e-01 |   5.801 s | best 9.605391e-01 @81 *
epoch   82 | train 9.376475e-01 | val 9.596758e-01 |   5.791 s | best 9.596758e-01 @82 *
epoch   83 | train 9.328095e-01 | val 9.588419e-01 |   5.809 s | best 9.588419e-01 @83 *
epoch   84 | train 9.281968e-01 | val 9.579938e-01 |   5.809 s | best 9.579938e-01 @84 *
epoch   85 | train 9.124290e-01 | val 9.571151e-01 |   5.828 s | best 9.571151e-01 @85 *
epoch   86 | train 8.922930e-01 | val 9.562433e-01 |   5.835 s | best 9.562433e-01 @86 *
epoch   87 | train 8.818267e-01 | val 9.554213e-01 |   5.832 s | best 9.554213e-01 @87 *
epoch   88 | train 8.698648e-01 | val 9.545823e-01 |   5.836 s | best 9.545823e-01 @88 *
epoch   89 | train 8.637532e-01 | val 9.536908e-01 |   5.799 s | best 9.536908e-01 @89 *
epoch   90 | train 8.585732e-01 | val 9.526745e-01 |   5.675 s | best 9.526745e-01 @90 *
epoch   91 | train 8.567681e-01 | val 9.515253e-01 |   5.671 s | best 9.515253e-01 @91 *
epoch   92 | train 8.602397e-01 | val 9.501139e-01 |   5.648 s | best 9.501139e-01 @92 *
epoch   93 | train 8.590829e-01 | val 9.484419e-01 |   5.643 s | best 9.484419e-01 @93 *
epoch   94 | train 8.534081e-01 | val 9.464104e-01 |   5.646 s | best 9.464104e-01 @94 *
epoch   95 | train 8.578796e-01 | val 9.440649e-01 |   5.752 s | best 9.440649e-01 @95 *
epoch   96 | train 8.488210e-01 | val 9.413348e-01 |   5.833 s | best 9.413348e-01 @96 *
epoch   97 | train 8.539607e-01 | val 9.382742e-01 |   5.843 s | best 9.382742e-01 @97 *
epoch   98 | train 8.520850e-01 | val 9.349241e-01 |   5.834 s | best 9.349241e-01 @98 *
epoch   99 | train 8.495415e-01 | val 9.312897e-01 |   5.832 s | best 9.312897e-01 @99 *
epoch  100 | train 8.516480e-01 | val 9.274174e-01 |   5.832 s | best 9.274174e-01 @100 *
epoch  101 | train 8.484972e-01 | val 9.232734e-01 |   5.920 s | best 9.232734e-01 @101 *
epoch  102 | train 8.513869e-01 | val 9.189594e-01 |   6.064 s | best 9.189594e-01 @102 *
epoch  103 | train 8.470190e-01 | val 9.144554e-01 |   6.056 s | best 9.144554e-01 @103 *
epoch  104 | train 8.488594e-01 | val 9.099271e-01 |   5.819 s | best 9.099271e-01 @104 *
epoch  105 | train 8.499846e-01 | val 9.052841e-01 |   6.115 s | best 9.052841e-01 @105 *
epoch  106 | train 8.500549e-01 | val 9.006196e-01 |   5.864 s | best 9.006196e-01 @106 *
epoch  107 | train 8.474172e-01 | val 8.960081e-01 |   6.131 s | best 8.960081e-01 @107 *
epoch  108 | train 8.466301e-01 | val 8.915451e-01 |   5.658 s | best 8.915451e-01 @108 *
epoch  109 | train 8.443691e-01 | val 8.871973e-01 |   5.950 s | best 8.871973e-01 @109 *
epoch  110 | train 8.440772e-01 | val 8.829954e-01 |   5.970 s | best 8.829954e-01 @110 *
epoch  111 | train 8.469805e-01 | val 8.788947e-01 |   5.976 s | best 8.788947e-01 @111 *
epoch  112 | train 8.432965e-01 | val 8.749746e-01 |   5.965 s | best 8.749746e-01 @112 *
epoch  113 | train 8.468045e-01 | val 8.711618e-01 |   5.970 s | best 8.711618e-01 @113 *
epoch  114 | train 8.449906e-01 | val 8.675441e-01 |   5.978 s | best 8.675441e-01 @114 *
epoch  115 | train 8.440648e-01 | val 8.640637e-01 |   5.951 s | best 8.640637e-01 @115 *
epoch  116 | train 8.426260e-01 | val 8.607726e-01 |   5.862 s | best 8.607726e-01 @116 *
epoch  117 | train 8.420540e-01 | val 8.577901e-01 |   5.871 s | best 8.577901e-01 @117 *
epoch  118 | train 8.423140e-01 | val 8.550262e-01 |   5.817 s | best 8.550262e-01 @118 *
epoch  119 | train 8.448039e-01 | val 8.524579e-01 |   5.883 s | best 8.524579e-01 @119 *
epoch  120 | train 8.437007e-01 | val 8.501255e-01 |   5.860 s | best 8.501255e-01 @120 *
epoch  121 | train 8.431382e-01 | val 8.479463e-01 |   5.889 s | best 8.479463e-01 @121 *
epoch  122 | train 8.464828e-01 | val 8.460290e-01 |   5.837 s | best 8.460290e-01 @122 *
epoch  123 | train 8.429662e-01 | val 8.442713e-01 |   5.875 s | best 8.442713e-01 @123 *
epoch  124 | train 8.466492e-01 | val 8.426486e-01 |   5.850 s | best 8.426486e-01 @124 *
epoch  125 | train 8.417758e-01 | val 8.412107e-01 |   5.816 s | best 8.412107e-01 @125 *
epoch  126 | train 8.400455e-01 | val 8.398854e-01 |   5.819 s | best 8.398854e-01 @126 *
epoch  127 | train 8.382843e-01 | val 8.386746e-01 |   5.821 s | best 8.386746e-01 @127 *
epoch  128 | train 8.427508e-01 | val 8.375797e-01 |   5.854 s | best 8.375797e-01 @128 *
epoch  129 | train 8.455841e-01 | val 8.365616e-01 |   5.750 s | best 8.365616e-01 @129 *
epoch  130 | train 8.410012e-01 | val 8.357152e-01 |   5.750 s | best 8.357152e-01 @130 *
epoch  131 | train 8.422255e-01 | val 8.348634e-01 |   5.608 s | best 8.348634e-01 @131 *
epoch  132 | train 8.421390e-01 | val 8.341320e-01 |   5.604 s | best 8.341320e-01 @132 *
epoch  133 | train 8.413644e-01 | val 8.334805e-01 |   5.602 s | best 8.334805e-01 @133 *
epoch  134 | train 8.398034e-01 | val 8.328788e-01 |   5.618 s | best 8.328788e-01 @134 *
epoch  135 | train 8.407220e-01 | val 8.323526e-01 |   5.715 s | best 8.323526e-01 @135 *
epoch  136 | train 8.403780e-01 | val 8.318687e-01 |   5.801 s | best 8.318687e-01 @136 *
epoch  137 | train 8.406809e-01 | val 8.314637e-01 |   5.823 s | best 8.314637e-01 @137 *
epoch  138 | train 8.416891e-01 | val 8.310785e-01 |   5.806 s | best 8.310785e-01 @138 *
epoch  139 | train 8.400050e-01 | val 8.307136e-01 |   5.833 s | best 8.307136e-01 @139 *
epoch  140 | train 8.395027e-01 | val 8.303946e-01 |   5.900 s | best 8.303946e-01 @140 *
epoch  141 | train 8.390939e-01 | val 8.301256e-01 |   5.865 s | best 8.301256e-01 @141 *
epoch  142 | train 8.394504e-01 | val 8.298400e-01 |   5.826 s | best 8.298400e-01 @142 *
epoch  143 | train 8.433816e-01 | val 8.295945e-01 |   5.748 s | best 8.295945e-01 @143 *
epoch  144 | train 8.401634e-01 | val 8.293656e-01 |   5.725 s | best 8.293656e-01 @144 *
epoch  145 | train 8.445844e-01 | val 8.291106e-01 |   5.684 s | best 8.291106e-01 @145 *
epoch  146 | train 8.372294e-01 | val 8.289141e-01 |   5.711 s | best 8.289141e-01 @146 *
epoch  147 | train 8.374589e-01 | val 8.287337e-01 |   5.721 s | best 8.287337e-01 @147 *
epoch  148 | train 8.361745e-01 | val 8.285408e-01 |   5.687 s | best 8.285408e-01 @148 *
epoch  149 | train 8.410557e-01 | val 8.283628e-01 |   5.827 s | best 8.283628e-01 @149 *
epoch  150 | train 8.411992e-01 | val 8.281778e-01 |   5.822 s | best 8.281778e-01 @150 *
epoch  151 | train 8.370186e-01 | val 8.280164e-01 |   5.818 s | best 8.280164e-01 @151 *
epoch  152 | train 8.375404e-01 | val 8.278767e-01 |   5.881 s | best 8.278767e-01 @152 *
epoch  153 | train 8.438544e-01 | val 8.277451e-01 |   5.833 s | best 8.277451e-01 @153 *
epoch  154 | train 8.414703e-01 | val 8.276387e-01 |   5.836 s | best 8.276387e-01 @154 *
epoch  155 | train 8.391478e-01 | val 8.275627e-01 |   5.872 s | best 8.275627e-01 @155 *
epoch  156 | train 8.378369e-01 | val 8.274636e-01 |   5.870 s | best 8.274636e-01 @156 *
epoch  157 | train 8.393981e-01 | val 8.273374e-01 |   5.870 s | best 8.273374e-01 @157 *
epoch  158 | train 8.338091e-01 | val 8.272521e-01 |   5.898 s | best 8.272521e-01 @158 *
epoch  159 | train 8.383890e-01 | val 8.271554e-01 |   6.124 s | best 8.271554e-01 @159 *
epoch  160 | train 8.394412e-01 | val 8.270622e-01 |   6.079 s | best 8.270622e-01 @160 *
epoch  161 | train 8.374058e-01 | val 8.269893e-01 |   6.076 s | best 8.269893e-01 @161 *
epoch  162 | train 8.395205e-01 | val 8.269052e-01 |   5.875 s | best 8.269052e-01 @162 *
epoch  163 | train 8.408197e-01 | val 8.268121e-01 |   5.864 s | best 8.268121e-01 @163 *
epoch  164 | train 8.362805e-01 | val 8.267497e-01 |   5.874 s | best 8.267497e-01 @164 *
epoch  165 | train 8.436153e-01 | val 8.266773e-01 |   5.871 s | best 8.266773e-01 @165 *
epoch  166 | train 8.329025e-01 | val 8.266156e-01 |   5.875 s | best 8.266156e-01 @166 *
epoch  167 | train 8.392789e-01 | val 8.265414e-01 |   5.874 s | best 8.265414e-01 @167 *
epoch  168 | train 8.408029e-01 | val 8.264779e-01 |   5.873 s | best 8.264779e-01 @168 *
epoch  169 | train 8.368728e-01 | val 8.263921e-01 |   5.872 s | best 8.263921e-01 @169 *
epoch  170 | train 8.378663e-01 | val 8.263091e-01 |   5.877 s | best 8.263091e-01 @170 *
epoch  171 | train 8.399528e-01 | val 8.262274e-01 |   5.868 s | best 8.262274e-01 @171 *
epoch  172 | train 8.350275e-01 | val 8.261642e-01 |   5.872 s | best 8.261642e-01 @172 *
epoch  173 | train 8.401608e-01 | val 8.261065e-01 |   5.867 s | best 8.261065e-01 @173 *
epoch  174 | train 8.369719e-01 | val 8.260344e-01 |   5.867 s | best 8.260344e-01 @174 *
epoch  175 | train 8.359316e-01 | val 8.259532e-01 |   5.880 s | best 8.259532e-01 @175 *
epoch  176 | train 8.422106e-01 | val 8.258719e-01 |   5.879 s | best 8.258719e-01 @176 *
epoch  177 | train 8.359630e-01 | val 8.258178e-01 |   5.873 s | best 8.258178e-01 @177 *
epoch  178 | train 8.336259e-01 | val 8.257778e-01 |   5.871 s | best 8.257778e-01 @178 *
epoch  179 | train 8.378886e-01 | val 8.257091e-01 |   5.870 s | best 8.257091e-01 @179 *
epoch  180 | train 8.367252e-01 | val 8.256366e-01 |   5.870 s | best 8.256366e-01 @180 *
epoch  181 | train 8.341567e-01 | val 8.255761e-01 |   5.868 s | best 8.255761e-01 @181 *
epoch  182 | train 8.402807e-01 | val 8.255172e-01 |   5.879 s | best 8.255172e-01 @182 *
epoch  183 | train 8.368391e-01 | val 8.254277e-01 |   5.869 s | best 8.254277e-01 @183 *
epoch  184 | train 8.352326e-01 | val 8.253677e-01 |   5.871 s | best 8.253677e-01 @184 *
epoch  185 | train 8.371493e-01 | val 8.253006e-01 |   5.482 s | best 8.253006e-01 @185 *
epoch  186 | train 8.362234e-01 | val 8.252600e-01 |   5.871 s | best 8.252600e-01 @186 *
epoch  187 | train 8.338464e-01 | val 8.252221e-01 |   5.869 s | best 8.252221e-01 @187 *
epoch  188 | train 8.343092e-01 | val 8.251645e-01 |   5.722 s | best 8.251645e-01 @188 *
epoch  189 | train 8.351253e-01 | val 8.251473e-01 |   5.988 s | best 8.251473e-01 @189 *
epoch  190 | train 8.373163e-01 | val 8.251015e-01 |   6.076 s | best 8.251015e-01 @190 *
epoch  191 | train 8.357448e-01 | val 8.250679e-01 |   6.090 s | best 8.250679e-01 @191 *
epoch  192 | train 8.361628e-01 | val 8.250333e-01 |   5.687 s | best 8.250333e-01 @192 *
epoch  193 | train 8.368900e-01 | val 8.249973e-01 |   6.084 s | best 8.249973e-01 @193 *
epoch  194 | train 8.369745e-01 | val 8.249828e-01 |   6.100 s | best 8.249828e-01 @194 *
epoch  195 | train 8.368526e-01 | val 8.249534e-01 |   6.078 s | best 8.249534e-01 @195 *
epoch  196 | train 8.350567e-01 | val 8.249155e-01 |   6.023 s | best 8.249155e-01 @196 *
epoch  197 | train 8.413513e-01 | val 8.248733e-01 |   5.736 s | best 8.248733e-01 @197 *
epoch  198 | train 8.357070e-01 | val 8.248079e-01 |   5.673 s | best 8.248079e-01 @198 *
epoch  199 | train 8.353398e-01 | val 8.247643e-01 |   5.671 s | best 8.247643e-01 @199 *
epoch  200 | train 8.363129e-01 | val 8.247268e-01 |   5.644 s | best 8.247268e-01 @200 *
epoch  201 | train 8.365067e-01 | val 8.246880e-01 |   5.643 s | best 8.246880e-01 @201 *
epoch  202 | train 8.346611e-01 | val 8.246413e-01 |   5.640 s | best 8.246413e-01 @202 *
epoch  203 | train 8.342505e-01 | val 8.246124e-01 |   5.768 s | best 8.246124e-01 @203 *
epoch  204 | train 8.362905e-01 | val 8.245654e-01 |   5.801 s | best 8.245654e-01 @204 *
epoch  205 | train 8.354388e-01 | val 8.245122e-01 |   5.865 s | best 8.245122e-01 @205 *
epoch  206 | train 8.350545e-01 | val 8.245010e-01 |   5.745 s | best 8.245010e-01 @206 *
epoch  207 | train 8.352625e-01 | val 8.245183e-01 |   5.752 s | best 8.245010e-01 @206
epoch  208 | train 8.363211e-01 | val 8.245131e-01 |   5.700 s | best 8.245010e-01 @206
epoch  209 | train 8.379291e-01 | val 8.244870e-01 |   5.810 s | best 8.244870e-01 @209 *
epoch  210 | train 8.352371e-01 | val 8.244529e-01 |   5.753 s | best 8.244529e-01 @210 *
epoch  211 | train 8.377332e-01 | val 8.244156e-01 |   5.735 s | best 8.244156e-01 @211 *
epoch  212 | train 8.343348e-01 | val 8.243811e-01 |   5.856 s | best 8.243811e-01 @212 *
epoch  213 | train 8.322538e-01 | val 8.243329e-01 |   5.827 s | best 8.243329e-01 @213 *
epoch  214 | train 8.348152e-01 | val 8.242964e-01 |   5.826 s | best 8.242964e-01 @214 *
epoch  215 | train 8.369742e-01 | val 8.242778e-01 |   5.820 s | best 8.242778e-01 @215 *
epoch  216 | train 8.378867e-01 | val 8.242419e-01 |   5.829 s | best 8.242419e-01 @216 *
epoch  217 | train 8.364323e-01 | val 8.242612e-01 |   5.824 s | best 8.242419e-01 @216
epoch  218 | train 8.338916e-01 | val 8.242421e-01 |   5.842 s | best 8.242419e-01 @216
epoch  219 | train 8.351583e-01 | val 8.242099e-01 |   5.824 s | best 8.242099e-01 @219 *
epoch  220 | train 8.330456e-01 | val 8.242075e-01 |   5.837 s | best 8.242075e-01 @220 *
epoch  221 | train 8.327437e-01 | val 8.241794e-01 |   5.835 s | best 8.241794e-01 @221 *
epoch  222 | train 8.320767e-01 | val 8.241348e-01 |   5.836 s | best 8.241348e-01 @222 *
epoch  223 | train 8.331092e-01 | val 8.241027e-01 |   5.838 s | best 8.241027e-01 @223 *
epoch  224 | train 8.365092e-01 | val 8.240855e-01 |   5.851 s | best 8.240855e-01 @224 *
epoch  225 | train 8.360728e-01 | val 8.240719e-01 |   5.828 s | best 8.240719e-01 @225 *
epoch  226 | train 8.354657e-01 | val 8.240930e-01 |   5.801 s | best 8.240719e-01 @225
epoch  227 | train 8.335303e-01 | val 8.240842e-01 |   6.011 s | best 8.240719e-01 @225
epoch  228 | train 8.377039e-01 | val 8.240801e-01 |   5.888 s | best 8.240719e-01 @225
epoch  229 | train 8.403440e-01 | val 8.240385e-01 |   5.601 s | best 8.240385e-01 @229 *
epoch  230 | train 8.337627e-01 | val 8.240181e-01 |   5.656 s | best 8.240181e-01 @230 *
epoch  231 | train 8.352371e-01 | val 8.239929e-01 |   5.655 s | best 8.239929e-01 @231 *
epoch  232 | train 8.344122e-01 | val 8.239777e-01 |   5.643 s | best 8.239777e-01 @232 *
epoch  233 | train 8.373352e-01 | val 8.239540e-01 |   5.674 s | best 8.239540e-01 @233 *
epoch  234 | train 8.340624e-01 | val 8.239267e-01 |   5.860 s | best 8.239267e-01 @234 *
epoch  235 | train 8.326548e-01 | val 8.238955e-01 |   5.854 s | best 8.238955e-01 @235 *
epoch  236 | train 8.350632e-01 | val 8.238845e-01 |   5.856 s | best 8.238845e-01 @236 *
epoch  237 | train 8.350776e-01 | val 8.238679e-01 |   5.856 s | best 8.238679e-01 @237 *
epoch  238 | train 8.325526e-01 | val 8.238778e-01 |   5.855 s | best 8.238679e-01 @237
epoch  239 | train 8.351919e-01 | val 8.238620e-01 |   5.901 s | best 8.238620e-01 @239 *
epoch  240 | train 8.338467e-01 | val 8.238738e-01 |   5.876 s | best 8.238620e-01 @239
epoch  241 | train 8.334548e-01 | val 8.238732e-01 |   5.899 s | best 8.238620e-01 @239
epoch  242 | train 8.336762e-01 | val 8.238671e-01 |   5.896 s | best 8.238620e-01 @239
epoch  243 | train 8.324060e-01 | val 8.238499e-01 |   5.897 s | best 8.238499e-01 @243 *
epoch  244 | train 8.336928e-01 | val 8.238285e-01 |   5.890 s | best 8.238285e-01 @244 *
epoch  245 | train 8.359760e-01 | val 8.237984e-01 |   5.893 s | best 8.237984e-01 @245 *
epoch  246 | train 8.339599e-01 | val 8.237760e-01 |   5.810 s | best 8.237760e-01 @246 *
epoch  247 | train 8.345926e-01 | val 8.237554e-01 |   5.737 s | best 8.237554e-01 @247 *
epoch  248 | train 8.317889e-01 | val 8.237309e-01 |   5.733 s | best 8.237309e-01 @248 *
epoch  249 | train 8.346014e-01 | val 8.236893e-01 |   5.720 s | best 8.236893e-01 @249 *
epoch  250 | train 8.367503e-01 | val 8.236743e-01 |   5.729 s | best 8.236743e-01 @250 *
epoch  251 | train 8.354171e-01 | val 8.236859e-01 |   5.727 s | best 8.236743e-01 @250
epoch  252 | train 8.367697e-01 | val 8.236918e-01 |   5.903 s | best 8.236743e-01 @250
epoch  253 | train 8.342966e-01 | val 8.236918e-01 |   5.869 s | best 8.236743e-01 @250
epoch  254 | train 8.319142e-01 | val 8.237029e-01 |   5.868 s | best 8.236743e-01 @250
epoch  255 | train 8.348192e-01 | val 8.237107e-01 |   5.866 s | best 8.236743e-01 @250
epoch  256 | train 8.333152e-01 | val 8.237255e-01 |   5.866 s | best 8.236743e-01 @250
epoch  257 | train 8.345810e-01 | val 8.237454e-01 |   5.865 s | best 8.236743e-01 @250
epoch  258 | train 8.340113e-01 | val 8.237290e-01 |   5.876 s | best 8.236743e-01 @250
epoch  259 | train 8.350984e-01 | val 8.237258e-01 |   5.897 s | best 8.236743e-01 @250
epoch  260 | train 8.337033e-01 | val 8.237209e-01 |   5.794 s | best 8.236743e-01 @250
epoch  261 | train 8.338428e-01 | val 8.237461e-01 |   5.680 s | best 8.236743e-01 @250
epoch  262 | train 8.382050e-01 | val 8.237591e-01 |   5.230 s | best 8.236743e-01 @250
epoch  263 | train 8.374505e-01 | val 8.237703e-01 |   5.631 s | best 8.236743e-01 @250
epoch  264 | train 8.348430e-01 | val 8.238067e-01 |   5.661 s | best 8.236743e-01 @250
epoch  265 | train 8.323204e-01 | val 8.238652e-01 |   5.693 s | best 8.236743e-01 @250
# done        : 265 epochs, stopped_by=patience, aborted=False, best val 8.236743e-01 @ epoch 250, wall 1645.8 s, 6.211 s/epoch
