
# ===== 2026-09-20 23:04:22 KST  HPO attempt 475  testbed D1 prior S  Nr=8 Nt=4
# DEVICE      : cuda | cuda_available=True | NVIDIA RTX PRO 6000 Blackwell Server Edition | torch 2.14.0+cu130 | train dtype float32 (01_RULES §9.5)
# data        : n_train=9000 n_val=1000 split_hash=98d6225d67f9c15a E||H||_F^2/(NrNt)=1.000268 (04_SPEC §2)
# sigma grid  : MEASURED, 20 points, log-uniform draw over [3.2936e-02, 7.9084e-01]
# hp          : {'arch': 'adm', 'param': 've', 'domain': 'angle', 'lr': 0.0021007649040559687, 'ema': 0.9999, 'batch': 256, 'emb': 256, 'width': 16, 'depth': 7, 'heads': 2, 'attn_at': 8}  params=390162
# stopping    : patience 15 on val loss, never before 0 epochs, max 600 (01_RULES §5)
epoch    1 | train 8.729943e-01 | val 9.900545e-01 |   2.664 s | best 9.900545e-01 @1 *
epoch    2 | train 7.881014e-01 | val 9.889566e-01 |   2.789 s | best 9.889566e-01 @2 *
epoch    3 | train 7.735589e-01 | val 9.877836e-01 |   2.788 s | best 9.877836e-01 @3 *
epoch    4 | train 7.630030e-01 | val 9.865673e-01 |   2.785 s | best 9.865673e-01 @4 *
epoch    5 | train 7.588248e-01 | val 9.853166e-01 |   2.784 s | best 9.853166e-01 @5 *
epoch    6 | train 7.578514e-01 | val 9.840459e-01 |   2.789 s | best 9.840459e-01 @6 *
epoch    7 | train 7.604539e-01 | val 9.827559e-01 |   2.782 s | best 9.827559e-01 @7 *
epoch    8 | train 7.586475e-01 | val 9.814462e-01 |   2.782 s | best 9.814462e-01 @8 *
epoch    9 | train 7.582865e-01 | val 9.801236e-01 |   2.784 s | best 9.801236e-01 @9 *
epoch   10 | train 7.638074e-01 | val 9.787932e-01 |   2.782 s | best 9.787932e-01 @10 *
epoch   11 | train 7.632327e-01 | val 9.774545e-01 |   2.781 s | best 9.774545e-01 @11 *
epoch   12 | train 7.541060e-01 | val 9.761069e-01 |   2.780 s | best 9.761069e-01 @12 *
epoch   13 | train 7.510824e-01 | val 9.747487e-01 |   2.791 s | best 9.747487e-01 @13 *
epoch   14 | train 7.563329e-01 | val 9.733794e-01 |   2.782 s | best 9.733794e-01 @14 *
epoch   15 | train 7.518335e-01 | val 9.720039e-01 |   2.789 s | best 9.720039e-01 @15 *
epoch   16 | train 7.538083e-01 | val 9.706188e-01 |   2.784 s | best 9.706188e-01 @16 *
epoch   17 | train 7.525841e-01 | val 9.692257e-01 |   2.784 s | best 9.692257e-01 @17 *
epoch   18 | train 7.492473e-01 | val 9.678291e-01 |   2.783 s | best 9.678291e-01 @18 *
epoch   19 | train 7.519079e-01 | val 9.664276e-01 |   2.783 s | best 9.664276e-01 @19 *
epoch   20 | train 7.487795e-01 | val 9.650182e-01 |   2.785 s | best 9.650182e-01 @20 *
epoch   21 | train 7.495494e-01 | val 9.636068e-01 |   2.787 s | best 9.636068e-01 @21 *
epoch   22 | train 7.518065e-01 | val 9.621910e-01 |   2.786 s | best 9.621910e-01 @22 *
epoch   23 | train 7.442771e-01 | val 9.607725e-01 |   2.784 s | best 9.607725e-01 @23 *
epoch   24 | train 7.496495e-01 | val 9.593475e-01 |   2.781 s | best 9.593475e-01 @24 *
epoch   25 | train 7.548123e-01 | val 9.579228e-01 |   2.798 s | best 9.579228e-01 @25 *
epoch   26 | train 7.474161e-01 | val 9.564959e-01 |   2.793 s | best 9.564959e-01 @26 *
epoch   27 | train 7.441063e-01 | val 9.550707e-01 |   2.791 s | best 9.550707e-01 @27 *
epoch   28 | train 7.480894e-01 | val 9.536430e-01 |   2.784 s | best 9.536430e-01 @28 *
epoch   29 | train 7.507937e-01 | val 9.522132e-01 |   2.792 s | best 9.522132e-01 @29 *
epoch   30 | train 7.525747e-01 | val 9.507845e-01 |   2.793 s | best 9.507845e-01 @30 *
epoch   31 | train 7.511992e-01 | val 9.493515e-01 |   2.797 s | best 9.493515e-01 @31 *
epoch   32 | train 7.470597e-01 | val 9.479189e-01 |   2.793 s | best 9.479189e-01 @32 *
epoch   33 | train 7.463604e-01 | val 9.464852e-01 |   2.795 s | best 9.464852e-01 @33 *
epoch   34 | train 7.492549e-01 | val 9.450508e-01 |   2.797 s | best 9.450508e-01 @34 *
epoch   35 | train 7.491158e-01 | val 9.436270e-01 |   2.796 s | best 9.436270e-01 @35 *
epoch   36 | train 7.519259e-01 | val 9.422011e-01 |   2.798 s | best 9.422011e-01 @36 *
epoch   37 | train 7.519695e-01 | val 9.407709e-01 |   2.798 s | best 9.407709e-01 @37 *
epoch   38 | train 7.508668e-01 | val 9.393408e-01 |   2.795 s | best 9.393408e-01 @38 *
epoch   39 | train 7.437286e-01 | val 9.379042e-01 |   2.848 s | best 9.379042e-01 @39 *
epoch   40 | train 7.475695e-01 | val 9.364651e-01 |   2.774 s | best 9.364651e-01 @40 *
epoch   41 | train 7.466788e-01 | val 9.350256e-01 |   2.787 s | best 9.350256e-01 @41 *
epoch   42 | train 7.517273e-01 | val 9.335787e-01 |   2.766 s | best 9.335787e-01 @42 *
epoch   43 | train 7.485372e-01 | val 9.321342e-01 |   2.743 s | best 9.321342e-01 @43 *
epoch   44 | train 7.447401e-01 | val 9.306951e-01 |   2.742 s | best 9.306951e-01 @44 *
epoch   45 | train 7.512216e-01 | val 9.292507e-01 |   2.747 s | best 9.292507e-01 @45 *
epoch   46 | train 7.509864e-01 | val 9.278056e-01 |   2.725 s | best 9.278056e-01 @46 *
epoch   47 | train 7.505356e-01 | val 9.263686e-01 |   2.705 s | best 9.263686e-01 @47 *
epoch   48 | train 7.485679e-01 | val 9.249317e-01 |   2.715 s | best 9.249317e-01 @48 *
epoch   49 | train 7.470727e-01 | val 9.234946e-01 |   2.709 s | best 9.234946e-01 @49 *
epoch   50 | train 7.504673e-01 | val 9.220719e-01 |   2.707 s | best 9.220719e-01 @50 *
epoch   51 | train 7.456267e-01 | val 9.206338e-01 |   2.720 s | best 9.206338e-01 @51 *
epoch   52 | train 7.481512e-01 | val 9.191996e-01 |   2.751 s | best 9.191996e-01 @52 *
epoch   53 | train 7.436566e-01 | val 9.177744e-01 |   2.788 s | best 9.177744e-01 @53 *
epoch   54 | train 7.452890e-01 | val 9.163519e-01 |   2.782 s | best 9.163519e-01 @54 *
epoch   55 | train 7.426359e-01 | val 9.149348e-01 |   2.787 s | best 9.149348e-01 @55 *
epoch   56 | train 7.491358e-01 | val 9.135256e-01 |   2.781 s | best 9.135256e-01 @56 *
epoch   57 | train 7.454896e-01 | val 9.121248e-01 |   2.783 s | best 9.121248e-01 @57 *
epoch   58 | train 7.444808e-01 | val 9.107282e-01 |   2.784 s | best 9.107282e-01 @58 *
epoch   59 | train 7.482444e-01 | val 9.093442e-01 |   2.783 s | best 9.093442e-01 @59 *
epoch   60 | train 7.457472e-01 | val 9.079666e-01 |   2.773 s | best 9.079666e-01 @60 *
epoch   61 | train 7.451887e-01 | val 9.065965e-01 |   2.740 s | best 9.065965e-01 @61 *
epoch   62 | train 7.455185e-01 | val 9.052477e-01 |   2.735 s | best 9.052477e-01 @62 *
epoch   63 | train 7.458413e-01 | val 9.039097e-01 |   2.735 s | best 9.039097e-01 @63 *
epoch   64 | train 7.433476e-01 | val 9.026009e-01 |   2.738 s | best 9.026009e-01 @64 *
epoch   65 | train 7.438919e-01 | val 9.013004e-01 |   2.738 s | best 9.013004e-01 @65 *
epoch   66 | train 7.442932e-01 | val 9.000166e-01 |   2.752 s | best 9.000166e-01 @66 *
epoch   67 | train 7.410659e-01 | val 8.987563e-01 |   2.745 s | best 8.987563e-01 @67 *
epoch   68 | train 7.429562e-01 | val 8.975255e-01 |   2.745 s | best 8.975255e-01 @68 *
epoch   69 | train 7.445487e-01 | val 8.963099e-01 |   2.743 s | best 8.963099e-01 @69 *
epoch   70 | train 7.422293e-01 | val 8.951190e-01 |   2.740 s | best 8.951190e-01 @70 *
epoch   71 | train 7.446920e-01 | val 8.939666e-01 |   2.741 s | best 8.939666e-01 @71 *
epoch   72 | train 7.438107e-01 | val 8.928409e-01 |   2.740 s | best 8.928409e-01 @72 *
epoch   73 | train 7.443589e-01 | val 8.917490e-01 |   2.740 s | best 8.917490e-01 @73 *
epoch   74 | train 7.470933e-01 | val 8.906885e-01 |   2.735 s | best 8.906885e-01 @74 *
epoch   75 | train 7.475327e-01 | val 8.896583e-01 |   2.740 s | best 8.896583e-01 @75 *
epoch   76 | train 7.469370e-01 | val 8.886634e-01 |   2.736 s | best 8.886634e-01 @76 *
epoch   77 | train 7.466854e-01 | val 8.876934e-01 |   2.744 s | best 8.876934e-01 @77 *
epoch   78 | train 7.445313e-01 | val 8.867535e-01 |   2.738 s | best 8.867535e-01 @78 *
epoch   79 | train 7.489608e-01 | val 8.858472e-01 |   2.780 s | best 8.858472e-01 @79 *
epoch   80 | train 7.407775e-01 | val 8.849667e-01 |   2.793 s | best 8.849667e-01 @80 *
epoch   81 | train 7.455513e-01 | val 8.841059e-01 |   2.782 s | best 8.841059e-01 @81 *
epoch   82 | train 7.472308e-01 | val 8.832728e-01 |   2.782 s | best 8.832728e-01 @82 *
epoch   83 | train 7.466695e-01 | val 8.824788e-01 |   2.790 s | best 8.824788e-01 @83 *
epoch   84 | train 7.471624e-01 | val 8.817101e-01 |   2.781 s | best 8.817101e-01 @84 *
epoch   85 | train 7.478386e-01 | val 8.809671e-01 |   2.786 s | best 8.809671e-01 @85 *
epoch   86 | train 7.473257e-01 | val 8.802570e-01 |   2.783 s | best 8.802570e-01 @86 *
epoch   87 | train 7.437382e-01 | val 8.795697e-01 |   2.787 s | best 8.795697e-01 @87 *
epoch   88 | train 7.441093e-01 | val 8.788948e-01 |   2.785 s | best 8.788948e-01 @88 *
epoch   89 | train 7.441836e-01 | val 8.782450e-01 |   2.785 s | best 8.782450e-01 @89 *
epoch   90 | train 7.454635e-01 | val 8.776110e-01 |   2.785 s | best 8.776110e-01 @90 *
epoch   91 | train 7.448752e-01 | val 8.769889e-01 |   2.791 s | best 8.769889e-01 @91 *
epoch   92 | train 7.450388e-01 | val 8.763793e-01 |   2.784 s | best 8.763793e-01 @92 *
epoch   93 | train 7.405749e-01 | val 8.757766e-01 |   2.787 s | best 8.757766e-01 @93 *
epoch   94 | train 7.471044e-01 | val 8.751895e-01 |   2.789 s | best 8.751895e-01 @94 *
epoch   95 | train 7.415857e-01 | val 8.746008e-01 |   2.792 s | best 8.746008e-01 @95 *
epoch   96 | train 7.482153e-01 | val 8.740216e-01 |   2.790 s | best 8.740216e-01 @96 *
epoch   97 | train 7.469368e-01 | val 8.734516e-01 |   2.792 s | best 8.734516e-01 @97 *
epoch   98 | train 7.439350e-01 | val 8.728873e-01 |   2.791 s | best 8.728873e-01 @98 *
epoch   99 | train 7.435524e-01 | val 8.723288e-01 |   2.787 s | best 8.723288e-01 @99 *
epoch  100 | train 7.442411e-01 | val 8.717895e-01 |   2.789 s | best 8.717895e-01 @100 *
epoch  101 | train 7.469266e-01 | val 8.712820e-01 |   2.788 s | best 8.712820e-01 @101 *
epoch  102 | train 7.424442e-01 | val 8.707764e-01 |   2.802 s | best 8.707764e-01 @102 *
epoch  103 | train 7.475122e-01 | val 8.702834e-01 |   2.794 s | best 8.702834e-01 @103 *
epoch  104 | train 7.397305e-01 | val 8.697925e-01 |   2.794 s | best 8.697925e-01 @104 *
epoch  105 | train 7.484861e-01 | val 8.693211e-01 |   2.795 s | best 8.693211e-01 @105 *
epoch  106 | train 7.433156e-01 | val 8.688445e-01 |   2.806 s | best 8.688445e-01 @106 *
epoch  107 | train 7.456104e-01 | val 8.683621e-01 |   2.788 s | best 8.683621e-01 @107 *
epoch  108 | train 7.444869e-01 | val 8.678829e-01 |   2.787 s | best 8.678829e-01 @108 *
epoch  109 | train 7.420784e-01 | val 8.674003e-01 |   2.788 s | best 8.674003e-01 @109 *
epoch  110 | train 7.452438e-01 | val 8.669255e-01 |   2.782 s | best 8.669255e-01 @110 *
epoch  111 | train 7.442467e-01 | val 8.664572e-01 |   2.795 s | best 8.664572e-01 @111 *
epoch  112 | train 7.461657e-01 | val 8.659989e-01 |   2.793 s | best 8.659989e-01 @112 *
epoch  113 | train 7.437959e-01 | val 8.655307e-01 |   2.788 s | best 8.655307e-01 @113 *
epoch  114 | train 7.468721e-01 | val 8.650612e-01 |   2.785 s | best 8.650612e-01 @114 *
epoch  115 | train 7.438031e-01 | val 8.645841e-01 |   2.785 s | best 8.645841e-01 @115 *
epoch  116 | train 7.497307e-01 | val 8.641236e-01 |   2.753 s | best 8.641236e-01 @116 *
epoch  117 | train 7.400303e-01 | val 8.636465e-01 |   2.787 s | best 8.636465e-01 @117 *
epoch  118 | train 7.403871e-01 | val 8.631437e-01 |   2.786 s | best 8.631437e-01 @118 *
epoch  119 | train 7.385494e-01 | val 8.626668e-01 |   2.792 s | best 8.626668e-01 @119 *
epoch  120 | train 7.496645e-01 | val 8.621911e-01 |   2.805 s | best 8.621911e-01 @120 *
epoch  121 | train 7.384555e-01 | val 8.617297e-01 |   2.788 s | best 8.617297e-01 @121 *
epoch  122 | train 7.461796e-01 | val 8.612636e-01 |   2.795 s | best 8.612636e-01 @122 *
epoch  123 | train 7.441209e-01 | val 8.608000e-01 |   2.791 s | best 8.608000e-01 @123 *
epoch  124 | train 7.463176e-01 | val 8.603492e-01 |   2.786 s | best 8.603492e-01 @124 *
epoch  125 | train 7.454440e-01 | val 8.598965e-01 |   2.791 s | best 8.598965e-01 @125 *
epoch  126 | train 7.442846e-01 | val 8.594425e-01 |   2.794 s | best 8.594425e-01 @126 *
epoch  127 | train 7.461849e-01 | val 8.589708e-01 |   2.791 s | best 8.589708e-01 @127 *
epoch  128 | train 7.439283e-01 | val 8.585197e-01 |   2.788 s | best 8.585197e-01 @128 *
epoch  129 | train 7.436206e-01 | val 8.580698e-01 |   2.788 s | best 8.580698e-01 @129 *
epoch  130 | train 7.445978e-01 | val 8.576109e-01 |   2.789 s | best 8.576109e-01 @130 *
epoch  131 | train 7.429988e-01 | val 8.571545e-01 |   2.787 s | best 8.571545e-01 @131 *
epoch  132 | train 7.435215e-01 | val 8.567010e-01 |   2.787 s | best 8.567010e-01 @132 *
epoch  133 | train 7.439372e-01 | val 8.562436e-01 |   2.806 s | best 8.562436e-01 @133 *
epoch  134 | train 7.413479e-01 | val 8.557812e-01 |   2.788 s | best 8.557812e-01 @134 *
epoch  135 | train 7.412493e-01 | val 8.553185e-01 |   2.786 s | best 8.553185e-01 @135 *
epoch  136 | train 7.466833e-01 | val 8.548587e-01 |   2.781 s | best 8.548587e-01 @136 *
epoch  137 | train 7.477400e-01 | val 8.544031e-01 |   2.791 s | best 8.544031e-01 @137 *
epoch  138 | train 7.409955e-01 | val 8.539418e-01 |   2.783 s | best 8.539418e-01 @138 *
epoch  139 | train 7.450580e-01 | val 8.535374e-01 |   2.786 s | best 8.535374e-01 @139 *
epoch  140 | train 7.452548e-01 | val 8.531121e-01 |   2.783 s | best 8.531121e-01 @140 *
epoch  141 | train 7.432676e-01 | val 8.526778e-01 |   2.781 s | best 8.526778e-01 @141 *
epoch  142 | train 7.427790e-01 | val 8.522334e-01 |   2.782 s | best 8.522334e-01 @142 *
epoch  143 | train 7.384198e-01 | val 8.518038e-01 |   2.788 s | best 8.518038e-01 @143 *
epoch  144 | train 7.400448e-01 | val 8.513654e-01 |   2.782 s | best 8.513654e-01 @144 *
epoch  145 | train 7.434017e-01 | val 8.509274e-01 |   2.779 s | best 8.509274e-01 @145 *
epoch  146 | train 7.454494e-01 | val 8.504848e-01 |   2.804 s | best 8.504848e-01 @146 *
epoch  147 | train 7.413225e-01 | val 8.500515e-01 |   2.783 s | best 8.500515e-01 @147 *
epoch  148 | train 7.435611e-01 | val 8.496131e-01 |   2.788 s | best 8.496131e-01 @148 *
epoch  149 | train 7.415805e-01 | val 8.491814e-01 |   2.839 s | best 8.491814e-01 @149 *
epoch  150 | train 7.402953e-01 | val 8.487552e-01 |   2.909 s | best 8.487552e-01 @150 *
epoch  151 | train 7.475789e-01 | val 8.483168e-01 |   2.898 s | best 8.483168e-01 @151 *
epoch  152 | train 7.402826e-01 | val 8.479001e-01 |   2.888 s | best 8.479001e-01 @152 *
epoch  153 | train 7.383339e-01 | val 8.474751e-01 |   2.883 s | best 8.474751e-01 @153 *
epoch  154 | train 7.451829e-01 | val 8.470508e-01 |   2.910 s | best 8.470508e-01 @154 *
epoch  155 | train 7.481935e-01 | val 8.466064e-01 |   2.878 s | best 8.466064e-01 @155 *
epoch  156 | train 7.412565e-01 | val 8.461647e-01 |   2.793 s | best 8.461647e-01 @156 *
epoch  157 | train 7.409023e-01 | val 8.457080e-01 |   2.788 s | best 8.457080e-01 @157 *
epoch  158 | train 7.423119e-01 | val 8.452305e-01 |   2.785 s | best 8.452305e-01 @158 *
epoch  159 | train 7.438613e-01 | val 8.447757e-01 |   2.783 s | best 8.447757e-01 @159 *
epoch  160 | train 7.417218e-01 | val 8.443199e-01 |   2.782 s | best 8.443199e-01 @160 *
epoch  161 | train 7.416352e-01 | val 8.438842e-01 |   2.787 s | best 8.438842e-01 @161 *
epoch  162 | train 7.447346e-01 | val 8.434674e-01 |   2.779 s | best 8.434674e-01 @162 *
epoch  163 | train 7.450813e-01 | val 8.430524e-01 |   2.801 s | best 8.430524e-01 @163 *
epoch  164 | train 7.426922e-01 | val 8.426271e-01 |   2.777 s | best 8.426271e-01 @164 *
epoch  165 | train 7.436005e-01 | val 8.422033e-01 |   2.781 s | best 8.422033e-01 @165 *
epoch  166 | train 7.378066e-01 | val 8.417743e-01 |   2.779 s | best 8.417743e-01 @166 *
epoch  167 | train 7.450458e-01 | val 8.413540e-01 |   2.778 s | best 8.413540e-01 @167 *
epoch  168 | train 7.445384e-01 | val 8.409345e-01 |   2.781 s | best 8.409345e-01 @168 *
epoch  169 | train 7.365239e-01 | val 8.405152e-01 |   2.780 s | best 8.405152e-01 @169 *
epoch  170 | train 7.421045e-01 | val 8.400876e-01 |   2.779 s | best 8.400876e-01 @170 *
epoch  171 | train 7.461238e-01 | val 8.396266e-01 |   2.779 s | best 8.396266e-01 @171 *
epoch  172 | train 7.426750e-01 | val 8.391767e-01 |   2.787 s | best 8.391767e-01 @172 *
epoch  173 | train 7.398706e-01 | val 8.387243e-01 |   2.784 s | best 8.387243e-01 @173 *
epoch  174 | train 7.408245e-01 | val 8.382754e-01 |   2.784 s | best 8.382754e-01 @174 *
epoch  175 | train 7.399310e-01 | val 8.378363e-01 |   2.784 s | best 8.378363e-01 @175 *
epoch  176 | train 7.393813e-01 | val 8.374052e-01 |   2.782 s | best 8.374052e-01 @176 *
epoch  177 | train 7.416388e-01 | val 8.369640e-01 |   2.781 s | best 8.369640e-01 @177 *
epoch  178 | train 7.453802e-01 | val 8.365325e-01 |   2.787 s | best 8.365325e-01 @178 *
epoch  179 | train 7.437253e-01 | val 8.361011e-01 |   2.782 s | best 8.361011e-01 @179 *
epoch  180 | train 7.383307e-01 | val 8.356755e-01 |   2.785 s | best 8.356755e-01 @180 *
epoch  181 | train 7.418470e-01 | val 8.352586e-01 |   2.786 s | best 8.352586e-01 @181 *
epoch  182 | train 7.480348e-01 | val 8.348311e-01 |   2.789 s | best 8.348311e-01 @182 *
epoch  183 | train 7.427456e-01 | val 8.344145e-01 |   2.783 s | best 8.344145e-01 @183 *
epoch  184 | train 7.432479e-01 | val 8.339873e-01 |   2.784 s | best 8.339873e-01 @184 *
epoch  185 | train 7.396842e-01 | val 8.335707e-01 |   2.785 s | best 8.335707e-01 @185 *
epoch  186 | train 7.417132e-01 | val 8.331309e-01 |   2.788 s | best 8.331309e-01 @186 *
epoch  187 | train 7.456448e-01 | val 8.327077e-01 |   2.788 s | best 8.327077e-01 @187 *
epoch  188 | train 7.412835e-01 | val 8.322944e-01 |   2.791 s | best 8.322944e-01 @188 *
epoch  189 | train 7.386142e-01 | val 8.318661e-01 |   2.717 s | best 8.318661e-01 @189 *
epoch  190 | train 7.418304e-01 | val 8.314372e-01 |   2.726 s | best 8.314372e-01 @190 *
epoch  191 | train 7.405150e-01 | val 8.310050e-01 |   2.711 s | best 8.310050e-01 @191 *
epoch  192 | train 7.417203e-01 | val 8.305794e-01 |   2.717 s | best 8.305794e-01 @192 *
epoch  193 | train 7.418519e-01 | val 8.301533e-01 |   2.711 s | best 8.301533e-01 @193 *
epoch  194 | train 7.443562e-01 | val 8.297235e-01 |   2.716 s | best 8.297235e-01 @194 *
epoch  195 | train 7.466406e-01 | val 8.292949e-01 |   2.712 s | best 8.292949e-01 @195 *
epoch  196 | train 7.456313e-01 | val 8.288718e-01 |   2.711 s | best 8.288718e-01 @196 *
epoch  197 | train 7.427079e-01 | val 8.284500e-01 |   2.717 s | best 8.284500e-01 @197 *
epoch  198 | train 7.422179e-01 | val 8.280325e-01 |   2.713 s | best 8.280325e-01 @198 *
epoch  199 | train 7.390505e-01 | val 8.276228e-01 |   2.712 s | best 8.276228e-01 @199 *
epoch  200 | train 7.426105e-01 | val 8.272088e-01 |   2.706 s | best 8.272088e-01 @200 *
epoch  201 | train 7.386055e-01 | val 8.267963e-01 |   2.720 s | best 8.267963e-01 @201 *
epoch  202 | train 7.399439e-01 | val 8.263775e-01 |   2.799 s | best 8.263775e-01 @202 *
epoch  203 | train 7.387139e-01 | val 8.259603e-01 |   2.786 s | best 8.259603e-01 @203 *
epoch  204 | train 7.424915e-01 | val 8.255387e-01 |   2.788 s | best 8.255387e-01 @204 *
epoch  205 | train 7.378332e-01 | val 8.251277e-01 |   2.781 s | best 8.251277e-01 @205 *
epoch  206 | train 7.456231e-01 | val 8.247274e-01 |   2.780 s | best 8.247274e-01 @206 *
epoch  207 | train 7.443775e-01 | val 8.243114e-01 |   2.783 s | best 8.243114e-01 @207 *
epoch  208 | train 7.407428e-01 | val 8.239026e-01 |   2.783 s | best 8.239026e-01 @208 *
epoch  209 | train 7.417354e-01 | val 8.234921e-01 |   2.784 s | best 8.234921e-01 @209 *
epoch  210 | train 7.417906e-01 | val 8.230982e-01 |   2.783 s | best 8.230982e-01 @210 *
epoch  211 | train 7.359341e-01 | val 8.226948e-01 |   2.783 s | best 8.226948e-01 @211 *
epoch  212 | train 7.412028e-01 | val 8.222994e-01 |   2.783 s | best 8.222994e-01 @212 *
epoch  213 | train 7.406825e-01 | val 8.218970e-01 |   2.794 s | best 8.218970e-01 @213 *
epoch  214 | train 7.395362e-01 | val 8.214934e-01 |   2.771 s | best 8.214934e-01 @214 *
epoch  215 | train 7.433999e-01 | val 8.210881e-01 |   2.774 s | best 8.210881e-01 @215 *
epoch  216 | train 7.410365e-01 | val 8.206871e-01 |   2.773 s | best 8.206871e-01 @216 *
epoch  217 | train 7.429239e-01 | val 8.202905e-01 |   2.781 s | best 8.202905e-01 @217 *
epoch  218 | train 7.420644e-01 | val 8.198791e-01 |   2.779 s | best 8.198791e-01 @218 *
epoch  219 | train 7.425781e-01 | val 8.194692e-01 |   2.776 s | best 8.194692e-01 @219 *
epoch  220 | train 7.394722e-01 | val 8.190612e-01 |   2.775 s | best 8.190612e-01 @220 *
epoch  221 | train 7.414438e-01 | val 8.186606e-01 |   2.776 s | best 8.186606e-01 @221 *
epoch  222 | train 7.430218e-01 | val 8.182692e-01 |   2.778 s | best 8.182692e-01 @222 *
epoch  223 | train 7.434455e-01 | val 8.178713e-01 |   2.774 s | best 8.178713e-01 @223 *
epoch  224 | train 7.430365e-01 | val 8.174747e-01 |   2.779 s | best 8.174747e-01 @224 *
epoch  225 | train 7.386169e-01 | val 8.170748e-01 |   2.775 s | best 8.170748e-01 @225 *
epoch  226 | train 7.401285e-01 | val 8.166739e-01 |   2.795 s | best 8.166739e-01 @226 *
epoch  227 | train 7.427835e-01 | val 8.162725e-01 |   2.781 s | best 8.162725e-01 @227 *
epoch  228 | train 7.411816e-01 | val 8.158700e-01 |   2.784 s | best 8.158700e-01 @228 *
epoch  229 | train 7.456381e-01 | val 8.154825e-01 |   2.778 s | best 8.154825e-01 @229 *
epoch  230 | train 7.447437e-01 | val 8.150764e-01 |   2.792 s | best 8.150764e-01 @230 *
epoch  231 | train 7.380229e-01 | val 8.146914e-01 |   2.778 s | best 8.146914e-01 @231 *
epoch  232 | train 7.412998e-01 | val 8.142982e-01 |   2.779 s | best 8.142982e-01 @232 *
epoch  233 | train 7.462940e-01 | val 8.138996e-01 |   2.779 s | best 8.138996e-01 @233 *
epoch  234 | train 7.399027e-01 | val 8.134951e-01 |   2.778 s | best 8.134951e-01 @234 *
epoch  235 | train 7.382215e-01 | val 8.130963e-01 |   2.774 s | best 8.130963e-01 @235 *
epoch  236 | train 7.396236e-01 | val 8.126968e-01 |   2.777 s | best 8.126968e-01 @236 *
epoch  237 | train 7.410195e-01 | val 8.123095e-01 |   2.831 s | best 8.123095e-01 @237 *
epoch  238 | train 7.437128e-01 | val 8.119079e-01 |   2.844 s | best 8.119079e-01 @238 *
epoch  239 | train 7.425952e-01 | val 8.115262e-01 |   2.779 s | best 8.115262e-01 @239 *
epoch  240 | train 7.423329e-01 | val 8.111447e-01 |   2.808 s | best 8.111447e-01 @240 *
epoch  241 | train 7.440185e-01 | val 8.107550e-01 |   2.868 s | best 8.107550e-01 @241 *
epoch  242 | train 7.355613e-01 | val 8.103770e-01 |   2.870 s | best 8.103770e-01 @242 *
epoch  243 | train 7.391486e-01 | val 8.099919e-01 |   2.852 s | best 8.099919e-01 @243 *
epoch  244 | train 7.395529e-01 | val 8.095958e-01 |   2.837 s | best 8.095958e-01 @244 *
epoch  245 | train 7.359956e-01 | val 8.092068e-01 |   2.826 s | best 8.092068e-01 @245 *
epoch  246 | train 7.389465e-01 | val 8.088280e-01 |   2.829 s | best 8.088280e-01 @246 *
epoch  247 | train 7.355977e-01 | val 8.084435e-01 |   2.872 s | best 8.084435e-01 @247 *
epoch  248 | train 7.363076e-01 | val 8.080775e-01 |   2.718 s | best 8.080775e-01 @248 *
epoch  249 | train 7.408824e-01 | val 8.077047e-01 |   2.708 s | best 8.077047e-01 @249 *
epoch  250 | train 7.384513e-01 | val 8.073297e-01 |   2.699 s | best 8.073297e-01 @250 *
epoch  251 | train 7.432576e-01 | val 8.069534e-01 |   2.704 s | best 8.069534e-01 @251 *
epoch  252 | train 7.402622e-01 | val 8.065845e-01 |   2.696 s | best 8.065845e-01 @252 *
epoch  253 | train 7.392656e-01 | val 8.062076e-01 |   2.706 s | best 8.062076e-01 @253 *
epoch  254 | train 7.413882e-01 | val 8.058323e-01 |   2.705 s | best 8.058323e-01 @254 *
epoch  255 | train 7.407514e-01 | val 8.054506e-01 |   2.698 s | best 8.054506e-01 @255 *
epoch  256 | train 7.369411e-01 | val 8.050916e-01 |   2.769 s | best 8.050916e-01 @256 *
epoch  257 | train 7.395228e-01 | val 8.047119e-01 |   2.715 s | best 8.047119e-01 @257 *
epoch  258 | train 7.377521e-01 | val 8.043236e-01 |   2.744 s | best 8.043236e-01 @258 *
epoch  259 | train 7.440467e-01 | val 8.039531e-01 |   2.728 s | best 8.039531e-01 @259 *
epoch  260 | train 7.408338e-01 | val 8.035765e-01 |   2.759 s | best 8.035765e-01 @260 *
epoch  261 | train 7.397164e-01 | val 8.031918e-01 |   2.914 s | best 8.031918e-01 @261 *
epoch  262 | train 7.396583e-01 | val 8.028157e-01 |   2.812 s | best 8.028157e-01 @262 *
epoch  263 | train 7.423756e-01 | val 8.024327e-01 |   2.784 s | best 8.024327e-01 @263 *
epoch  264 | train 7.372451e-01 | val 8.020526e-01 |   2.788 s | best 8.020526e-01 @264 *
epoch  265 | train 7.371926e-01 | val 8.016764e-01 |   2.789 s | best 8.016764e-01 @265 *
epoch  266 | train 7.439343e-01 | val 8.013057e-01 |   2.785 s | best 8.013057e-01 @266 *
epoch  267 | train 7.390728e-01 | val 8.009262e-01 |   2.787 s | best 8.009262e-01 @267 *
epoch  268 | train 7.345926e-01 | val 8.005579e-01 |   2.787 s | best 8.005579e-01 @268 *
epoch  269 | train 7.347117e-01 | val 8.001899e-01 |   2.784 s | best 8.001899e-01 @269 *
epoch  270 | train 7.414206e-01 | val 7.998076e-01 |   2.787 s | best 7.998076e-01 @270 *
epoch  271 | train 7.379814e-01 | val 7.994368e-01 |   2.789 s | best 7.994368e-01 @271 *
epoch  272 | train 7.369283e-01 | val 7.990680e-01 |   2.788 s | best 7.990680e-01 @272 *
epoch  273 | train 7.343423e-01 | val 7.987118e-01 |   2.785 s | best 7.987118e-01 @273 *
epoch  274 | train 7.432971e-01 | val 7.983468e-01 |   2.787 s | best 7.983468e-01 @274 *
epoch  275 | train 7.385440e-01 | val 7.979861e-01 |   2.789 s | best 7.979861e-01 @275 *
epoch  276 | train 7.364031e-01 | val 7.976292e-01 |   2.794 s | best 7.976292e-01 @276 *
epoch  277 | train 7.397077e-01 | val 7.972654e-01 |   2.794 s | best 7.972654e-01 @277 *
epoch  278 | train 7.379901e-01 | val 7.968991e-01 |   2.794 s | best 7.968991e-01 @278 *
epoch  279 | train 7.449899e-01 | val 7.965534e-01 |   2.796 s | best 7.965534e-01 @279 *
epoch  280 | train 7.396066e-01 | val 7.962086e-01 |   2.793 s | best 7.962086e-01 @280 *
epoch  281 | train 7.386593e-01 | val 7.958655e-01 |   2.791 s | best 7.958655e-01 @281 *
epoch  282 | train 7.399894e-01 | val 7.955215e-01 |   2.797 s | best 7.955215e-01 @282 *
epoch  283 | train 7.404230e-01 | val 7.951747e-01 |   2.793 s | best 7.951747e-01 @283 *
epoch  284 | train 7.395470e-01 | val 7.948269e-01 |   2.787 s | best 7.948269e-01 @284 *
epoch  285 | train 7.412922e-01 | val 7.944850e-01 |   2.789 s | best 7.944850e-01 @285 *
epoch  286 | train 7.413538e-01 | val 7.941422e-01 |   2.792 s | best 7.941422e-01 @286 *
epoch  287 | train 7.409318e-01 | val 7.938085e-01 |   2.792 s | best 7.938085e-01 @287 *
epoch  288 | train 7.411251e-01 | val 7.934688e-01 |   2.796 s | best 7.934688e-01 @288 *
epoch  289 | train 7.401050e-01 | val 7.931265e-01 |   2.795 s | best 7.931265e-01 @289 *
epoch  290 | train 7.442620e-01 | val 7.927774e-01 |   2.792 s | best 7.927774e-01 @290 *
epoch  291 | train 7.409919e-01 | val 7.924375e-01 |   2.790 s | best 7.924375e-01 @291 *
epoch  292 | train 7.358572e-01 | val 7.920793e-01 |   2.793 s | best 7.920793e-01 @292 *
epoch  293 | train 7.392831e-01 | val 7.917332e-01 |   2.795 s | best 7.917332e-01 @293 *
epoch  294 | train 7.404000e-01 | val 7.913977e-01 |   2.793 s | best 7.913977e-01 @294 *
epoch  295 | train 7.422697e-01 | val 7.910574e-01 |   2.794 s | best 7.910574e-01 @295 *
epoch  296 | train 7.396550e-01 | val 7.907183e-01 |   2.792 s | best 7.907183e-01 @296 *
epoch  297 | train 7.365797e-01 | val 7.903832e-01 |   2.790 s | best 7.903832e-01 @297 *
epoch  298 | train 7.422375e-01 | val 7.900465e-01 |   2.791 s | best 7.900465e-01 @298 *
epoch  299 | train 7.386493e-01 | val 7.897049e-01 |   2.795 s | best 7.897049e-01 @299 *
epoch  300 | train 7.404159e-01 | val 7.893627e-01 |   2.793 s | best 7.893627e-01 @300 *
epoch  301 | train 7.396925e-01 | val 7.890100e-01 |   2.791 s | best 7.890100e-01 @301 *
epoch  302 | train 7.441056e-01 | val 7.886670e-01 |   2.793 s | best 7.886670e-01 @302 *
epoch  303 | train 7.414728e-01 | val 7.883343e-01 |   2.809 s | best 7.883343e-01 @303 *
epoch  304 | train 7.375827e-01 | val 7.879997e-01 |   2.792 s | best 7.879997e-01 @304 *
epoch  305 | train 7.410544e-01 | val 7.876426e-01 |   2.785 s | best 7.876426e-01 @305 *
epoch  306 | train 7.407649e-01 | val 7.873164e-01 |   2.783 s | best 7.873164e-01 @306 *
epoch  307 | train 7.364751e-01 | val 7.869833e-01 |   2.786 s | best 7.869833e-01 @307 *
epoch  308 | train 7.387169e-01 | val 7.866258e-01 |   2.786 s | best 7.866258e-01 @308 *
epoch  309 | train 7.422519e-01 | val 7.863015e-01 |   2.785 s | best 7.863015e-01 @309 *
epoch  310 | train 7.408792e-01 | val 7.859604e-01 |   2.784 s | best 7.859604e-01 @310 *
epoch  311 | train 7.384664e-01 | val 7.856159e-01 |   2.785 s | best 7.856159e-01 @311 *
epoch  312 | train 7.439053e-01 | val 7.852885e-01 |   2.781 s | best 7.852885e-01 @312 *
epoch  313 | train 7.379335e-01 | val 7.849574e-01 |   2.781 s | best 7.849574e-01 @313 *
epoch  314 | train 7.392192e-01 | val 7.846299e-01 |   2.789 s | best 7.846299e-01 @314 *
epoch  315 | train 7.395663e-01 | val 7.843106e-01 |   2.803 s | best 7.843106e-01 @315 *
epoch  316 | train 7.375138e-01 | val 7.839975e-01 |   2.791 s | best 7.839975e-01 @316 *
epoch  317 | train 7.379145e-01 | val 7.836705e-01 |   2.760 s | best 7.836705e-01 @317 *
epoch  318 | train 7.365022e-01 | val 7.833471e-01 |   2.767 s | best 7.833471e-01 @318 *
epoch  319 | train 7.401770e-01 | val 7.830379e-01 |   2.765 s | best 7.830379e-01 @319 *
epoch  320 | train 7.365226e-01 | val 7.827215e-01 |   2.772 s | best 7.827215e-01 @320 *
epoch  321 | train 7.408645e-01 | val 7.823984e-01 |   2.771 s | best 7.823984e-01 @321 *
epoch  322 | train 7.461661e-01 | val 7.820868e-01 |   2.764 s | best 7.820868e-01 @322 *
epoch  323 | train 7.385207e-01 | val 7.817594e-01 |   2.768 s | best 7.817594e-01 @323 *
epoch  324 | train 7.439561e-01 | val 7.814500e-01 |   2.767 s | best 7.814500e-01 @324 *
epoch  325 | train 7.351171e-01 | val 7.811339e-01 |   2.778 s | best 7.811339e-01 @325 *
epoch  326 | train 7.376189e-01 | val 7.808123e-01 |   2.778 s | best 7.808123e-01 @326 *
epoch  327 | train 7.375592e-01 | val 7.805002e-01 |   2.801 s | best 7.805002e-01 @327 *
epoch  328 | train 7.435528e-01 | val 7.801980e-01 |   2.677 s | best 7.801980e-01 @328 *
epoch  329 | train 7.394470e-01 | val 7.798757e-01 |   2.767 s | best 7.798757e-01 @329 *
epoch  330 | train 7.336344e-01 | val 7.795600e-01 |   2.742 s | best 7.795600e-01 @330 *
epoch  331 | train 7.398827e-01 | val 7.792512e-01 |   2.703 s | best 7.792512e-01 @331 *
epoch  332 | train 7.405871e-01 | val 7.789471e-01 |   2.721 s | best 7.789471e-01 @332 *
epoch  333 | train 7.391014e-01 | val 7.786353e-01 |   2.705 s | best 7.786353e-01 @333 *
epoch  334 | train 7.379715e-01 | val 7.783167e-01 |   2.716 s | best 7.783167e-01 @334 *
epoch  335 | train 7.394249e-01 | val 7.780089e-01 |   2.713 s | best 7.780089e-01 @335 *
epoch  336 | train 7.359263e-01 | val 7.777018e-01 |   2.709 s | best 7.777018e-01 @336 *
epoch  337 | train 7.411616e-01 | val 7.773933e-01 |   2.714 s | best 7.773933e-01 @337 *
epoch  338 | train 7.370273e-01 | val 7.770960e-01 |   2.707 s | best 7.770960e-01 @338 *
epoch  339 | train 7.387472e-01 | val 7.767802e-01 |   2.715 s | best 7.767802e-01 @339 *
epoch  340 | train 7.409842e-01 | val 7.764755e-01 |   2.705 s | best 7.764755e-01 @340 *
epoch  341 | train 7.380970e-01 | val 7.761793e-01 |   2.707 s | best 7.761793e-01 @341 *
epoch  342 | train 7.358550e-01 | val 7.758844e-01 |   2.708 s | best 7.758844e-01 @342 *
epoch  343 | train 7.378803e-01 | val 7.755961e-01 |   2.782 s | best 7.755961e-01 @343 *
epoch  344 | train 7.414106e-01 | val 7.753043e-01 |   2.773 s | best 7.753043e-01 @344 *
epoch  345 | train 7.364087e-01 | val 7.750100e-01 |   2.770 s | best 7.750100e-01 @345 *
epoch  346 | train 7.364198e-01 | val 7.747230e-01 |   2.770 s | best 7.747230e-01 @346 *
epoch  347 | train 7.419185e-01 | val 7.744374e-01 |   2.772 s | best 7.744374e-01 @347 *
epoch  348 | train 7.318040e-01 | val 7.741531e-01 |   2.781 s | best 7.741531e-01 @348 *
epoch  349 | train 7.398757e-01 | val 7.738745e-01 |   2.771 s | best 7.738745e-01 @349 *
epoch  350 | train 7.392566e-01 | val 7.735955e-01 |   2.778 s | best 7.735955e-01 @350 *
epoch  351 | train 7.317711e-01 | val 7.733119e-01 |   2.771 s | best 7.733119e-01 @351 *
epoch  352 | train 7.407214e-01 | val 7.730263e-01 |   2.776 s | best 7.730263e-01 @352 *
epoch  353 | train 7.405545e-01 | val 7.727572e-01 |   2.771 s | best 7.727572e-01 @353 *
epoch  354 | train 7.371067e-01 | val 7.724730e-01 |   2.772 s | best 7.724730e-01 @354 *
epoch  355 | train 7.392134e-01 | val 7.721978e-01 |   2.771 s | best 7.721978e-01 @355 *
epoch  356 | train 7.397217e-01 | val 7.719272e-01 |   2.776 s | best 7.719272e-01 @356 *
epoch  357 | train 7.397580e-01 | val 7.716537e-01 |   2.775 s | best 7.716537e-01 @357 *
epoch  358 | train 7.352852e-01 | val 7.713915e-01 |   2.774 s | best 7.713915e-01 @358 *
epoch  359 | train 7.380896e-01 | val 7.711204e-01 |   2.774 s | best 7.711204e-01 @359 *
epoch  360 | train 7.347485e-01 | val 7.708530e-01 |   2.779 s | best 7.708530e-01 @360 *
epoch  361 | train 7.358897e-01 | val 7.705777e-01 |   2.784 s | best 7.705777e-01 @361 *
epoch  362 | train 7.392166e-01 | val 7.703091e-01 |   2.776 s | best 7.703091e-01 @362 *
epoch  363 | train 7.378880e-01 | val 7.700483e-01 |   2.776 s | best 7.700483e-01 @363 *
epoch  364 | train 7.355650e-01 | val 7.697874e-01 |   2.895 s | best 7.697874e-01 @364 *
epoch  365 | train 7.368199e-01 | val 7.695262e-01 |   2.871 s | best 7.695262e-01 @365 *
epoch  366 | train 7.371350e-01 | val 7.692669e-01 |   2.840 s | best 7.692669e-01 @366 *
epoch  367 | train 7.384605e-01 | val 7.690077e-01 |   2.818 s | best 7.690077e-01 @367 *
epoch  368 | train 7.334866e-01 | val 7.687452e-01 |   2.848 s | best 7.687452e-01 @368 *
epoch  369 | train 7.333711e-01 | val 7.684894e-01 |   2.858 s | best 7.684894e-01 @369 *
epoch  370 | train 7.398023e-01 | val 7.682257e-01 |   2.790 s | best 7.682257e-01 @370 *
epoch  371 | train 7.365529e-01 | val 7.679685e-01 |   2.769 s | best 7.679685e-01 @371 *
epoch  372 | train 7.383435e-01 | val 7.677209e-01 |   2.774 s | best 7.677209e-01 @372 *
epoch  373 | train 7.370062e-01 | val 7.674714e-01 |   2.767 s | best 7.674714e-01 @373 *
epoch  374 | train 7.348622e-01 | val 7.672144e-01 |   2.766 s | best 7.672144e-01 @374 *
epoch  375 | train 7.373255e-01 | val 7.669637e-01 |   2.765 s | best 7.669637e-01 @375 *
epoch  376 | train 7.324321e-01 | val 7.667229e-01 |   2.773 s | best 7.667229e-01 @376 *
epoch  377 | train 7.397380e-01 | val 7.664694e-01 |   2.767 s | best 7.664694e-01 @377 *
epoch  378 | train 7.339536e-01 | val 7.662276e-01 |   2.768 s | best 7.662276e-01 @378 *
epoch  379 | train 7.351201e-01 | val 7.659837e-01 |   2.735 s | best 7.659837e-01 @379 *
epoch  380 | train 7.385520e-01 | val 7.657460e-01 |   2.770 s | best 7.657460e-01 @380 *
epoch  381 | train 7.364561e-01 | val 7.655059e-01 |   2.790 s | best 7.655059e-01 @381 *
epoch  382 | train 7.358113e-01 | val 7.652583e-01 |   2.816 s | best 7.652583e-01 @382 *
epoch  383 | train 7.370410e-01 | val 7.650308e-01 |   2.848 s | best 7.650308e-01 @383 *
epoch  384 | train 7.363036e-01 | val 7.648038e-01 |   2.849 s | best 7.648038e-01 @384 *
epoch  385 | train 7.381700e-01 | val 7.645618e-01 |   2.835 s | best 7.645618e-01 @385 *
epoch  386 | train 7.355491e-01 | val 7.643332e-01 |   2.847 s | best 7.643332e-01 @386 *
epoch  387 | train 7.376217e-01 | val 7.641024e-01 |   2.828 s | best 7.641024e-01 @387 *
epoch  388 | train 7.320131e-01 | val 7.638724e-01 |   2.863 s | best 7.638724e-01 @388 *
epoch  389 | train 7.364238e-01 | val 7.636540e-01 |   2.849 s | best 7.636540e-01 @389 *
epoch  390 | train 7.375175e-01 | val 7.634268e-01 |   2.861 s | best 7.634268e-01 @390 *
epoch  391 | train 7.361263e-01 | val 7.632073e-01 |   2.851 s | best 7.632073e-01 @391 *
epoch  392 | train 7.351133e-01 | val 7.629856e-01 |   2.848 s | best 7.629856e-01 @392 *
epoch  393 | train 7.392398e-01 | val 7.627575e-01 |   2.850 s | best 7.627575e-01 @393 *
epoch  394 | train 7.360090e-01 | val 7.625412e-01 |   2.851 s | best 7.625412e-01 @394 *
epoch  395 | train 7.344153e-01 | val 7.623131e-01 |   2.837 s | best 7.623131e-01 @395 *
epoch  396 | train 7.363032e-01 | val 7.621061e-01 |   2.842 s | best 7.621061e-01 @396 *
epoch  397 | train 7.391143e-01 | val 7.618744e-01 |   2.844 s | best 7.618744e-01 @397 *
epoch  398 | train 7.405076e-01 | val 7.616634e-01 |   2.839 s | best 7.616634e-01 @398 *
epoch  399 | train 7.383726e-01 | val 7.614535e-01 |   2.768 s | best 7.614535e-01 @399 *
epoch  400 | train 7.383646e-01 | val 7.612395e-01 |   2.757 s | best 7.612395e-01 @400 *
epoch  401 | train 7.381630e-01 | val 7.610245e-01 |   2.750 s | best 7.610245e-01 @401 *
epoch  402 | train 7.362906e-01 | val 7.608162e-01 |   2.770 s | best 7.608162e-01 @402 *
epoch  403 | train 7.318736e-01 | val 7.606023e-01 |   2.765 s | best 7.606023e-01 @403 *
epoch  404 | train 7.375434e-01 | val 7.603885e-01 |   2.749 s | best 7.603885e-01 @404 *
epoch  405 | train 7.361684e-01 | val 7.601752e-01 |   2.753 s | best 7.601752e-01 @405 *
epoch  406 | train 7.352819e-01 | val 7.599632e-01 |   2.763 s | best 7.599632e-01 @406 *
epoch  407 | train 7.350797e-01 | val 7.597506e-01 |   2.757 s | best 7.597506e-01 @407 *
epoch  408 | train 7.340136e-01 | val 7.595522e-01 |   2.762 s | best 7.595522e-01 @408 *
epoch  409 | train 7.341427e-01 | val 7.593500e-01 |   2.762 s | best 7.593500e-01 @409 *
epoch  410 | train 7.425320e-01 | val 7.591469e-01 |   2.757 s | best 7.591469e-01 @410 *
epoch  411 | train 7.352937e-01 | val 7.589520e-01 |   2.759 s | best 7.589520e-01 @411 *
epoch  412 | train 7.350872e-01 | val 7.587612e-01 |   2.770 s | best 7.587612e-01 @412 *
epoch  413 | train 7.291994e-01 | val 7.585590e-01 |   2.804 s | best 7.585590e-01 @413 *
epoch  414 | train 7.394780e-01 | val 7.583534e-01 |   2.820 s | best 7.583534e-01 @414 *
epoch  415 | train 7.380846e-01 | val 7.581463e-01 |   2.857 s | best 7.581463e-01 @415 *
epoch  416 | train 7.352552e-01 | val 7.579432e-01 |   2.848 s | best 7.579432e-01 @416 *
epoch  417 | train 7.332721e-01 | val 7.577477e-01 |   2.847 s | best 7.577477e-01 @417 *
epoch  418 | train 7.361096e-01 | val 7.575498e-01 |   2.852 s | best 7.575498e-01 @418 *
epoch  419 | train 7.360210e-01 | val 7.573460e-01 |   2.856 s | best 7.573460e-01 @419 *
epoch  420 | train 7.418262e-01 | val 7.571557e-01 |   2.864 s | best 7.571557e-01 @420 *
epoch  421 | train 7.368533e-01 | val 7.569660e-01 |   2.862 s | best 7.569660e-01 @421 *
epoch  422 | train 7.398008e-01 | val 7.567753e-01 |   2.853 s | best 7.567753e-01 @422 *
epoch  423 | train 7.389517e-01 | val 7.565716e-01 |   2.861 s | best 7.565716e-01 @423 *
epoch  424 | train 7.369307e-01 | val 7.563841e-01 |   2.869 s | best 7.563841e-01 @424 *
epoch  425 | train 7.360836e-01 | val 7.561972e-01 |   2.859 s | best 7.561972e-01 @425 *
epoch  426 | train 7.322234e-01 | val 7.560099e-01 |   2.859 s | best 7.560099e-01 @426 *
epoch  427 | train 7.363794e-01 | val 7.558233e-01 |   2.854 s | best 7.558233e-01 @427 *
epoch  428 | train 7.368626e-01 | val 7.556448e-01 |   2.865 s | best 7.556448e-01 @428 *
epoch  429 | train 7.338851e-01 | val 7.554552e-01 |   2.864 s | best 7.554552e-01 @429 *
epoch  430 | train 7.362003e-01 | val 7.552796e-01 |   2.838 s | best 7.552796e-01 @430 *
epoch  431 | train 7.334322e-01 | val 7.550957e-01 |   2.773 s | best 7.550957e-01 @431 *
epoch  432 | train 7.315928e-01 | val 7.549201e-01 |   2.783 s | best 7.549201e-01 @432 *
epoch  433 | train 7.360718e-01 | val 7.547444e-01 |   2.788 s | best 7.547444e-01 @433 *
epoch  434 | train 7.301480e-01 | val 7.545661e-01 |   2.712 s | best 7.545661e-01 @434 *
epoch  435 | train 7.306764e-01 | val 7.543898e-01 |   2.699 s | best 7.543898e-01 @435 *
epoch  436 | train 7.365083e-01 | val 7.542161e-01 |   2.693 s | best 7.542161e-01 @436 *
epoch  437 | train 7.370505e-01 | val 7.540388e-01 |   2.701 s | best 7.540388e-01 @437 *
epoch  438 | train 7.351128e-01 | val 7.538694e-01 |   2.698 s | best 7.538694e-01 @438 *
epoch  439 | train 7.325424e-01 | val 7.536941e-01 |   2.689 s | best 7.536941e-01 @439 *
epoch  440 | train 7.374019e-01 | val 7.535159e-01 |   2.698 s | best 7.535159e-01 @440 *
epoch  441 | train 7.380490e-01 | val 7.533470e-01 |   2.689 s | best 7.533470e-01 @441 *
epoch  442 | train 7.342650e-01 | val 7.531818e-01 |   2.687 s | best 7.531818e-01 @442 *
epoch  443 | train 7.328723e-01 | val 7.530112e-01 |   2.691 s | best 7.530112e-01 @443 *
epoch  444 | train 7.362658e-01 | val 7.528468e-01 |   2.689 s | best 7.528468e-01 @444 *
epoch  445 | train 7.328400e-01 | val 7.526755e-01 |   2.693 s | best 7.526755e-01 @445 *
epoch  446 | train 7.346312e-01 | val 7.525132e-01 |   2.753 s | best 7.525132e-01 @446 *
epoch  447 | train 7.404132e-01 | val 7.523541e-01 |   2.776 s | best 7.523541e-01 @447 *
epoch  448 | train 7.378527e-01 | val 7.521889e-01 |   2.764 s | best 7.521889e-01 @448 *
epoch  449 | train 7.406052e-01 | val 7.520279e-01 |   2.763 s | best 7.520279e-01 @449 *
epoch  450 | train 7.352876e-01 | val 7.518734e-01 |   2.761 s | best 7.518734e-01 @450 *
epoch  451 | train 7.344667e-01 | val 7.517142e-01 |   2.757 s | best 7.517142e-01 @451 *
epoch  452 | train 7.372807e-01 | val 7.515532e-01 |   2.758 s | best 7.515532e-01 @452 *
epoch  453 | train 7.396232e-01 | val 7.513931e-01 |   2.754 s | best 7.513931e-01 @453 *
epoch  454 | train 7.354731e-01 | val 7.512403e-01 |   2.753 s | best 7.512403e-01 @454 *
epoch  455 | train 7.342160e-01 | val 7.510831e-01 |   2.757 s | best 7.510831e-01 @455 *
epoch  456 | train 7.334698e-01 | val 7.509276e-01 |   2.759 s | best 7.509276e-01 @456 *
epoch  457 | train 7.291629e-01 | val 7.507715e-01 |   2.765 s | best 7.507715e-01 @457 *
epoch  458 | train 7.344737e-01 | val 7.506214e-01 |   2.771 s | best 7.506214e-01 @458 *
epoch  459 | train 7.337653e-01 | val 7.504683e-01 |   2.769 s | best 7.504683e-01 @459 *
epoch  460 | train 7.356289e-01 | val 7.503129e-01 |   2.829 s | best 7.503129e-01 @460 *
epoch  461 | train 7.386115e-01 | val 7.501626e-01 |   2.830 s | best 7.501626e-01 @461 *
epoch  462 | train 7.334078e-01 | val 7.500179e-01 |   2.832 s | best 7.500179e-01 @462 *
epoch  463 | train 7.327321e-01 | val 7.498719e-01 |   2.826 s | best 7.498719e-01 @463 *
epoch  464 | train 7.328396e-01 | val 7.497250e-01 |   2.826 s | best 7.497250e-01 @464 *
epoch  465 | train 7.348909e-01 | val 7.495831e-01 |   2.827 s | best 7.495831e-01 @465 *
epoch  466 | train 7.359522e-01 | val 7.494390e-01 |   2.872 s | best 7.494390e-01 @466 *
epoch  467 | train 7.341989e-01 | val 7.492929e-01 |   2.885 s | best 7.492929e-01 @467 *
epoch  468 | train 7.305634e-01 | val 7.491487e-01 |   2.876 s | best 7.491487e-01 @468 *
epoch  469 | train 7.348605e-01 | val 7.490090e-01 |   2.886 s | best 7.490090e-01 @469 *
epoch  470 | train 7.350176e-01 | val 7.488737e-01 |   2.881 s | best 7.488737e-01 @470 *
epoch  471 | train 7.342358e-01 | val 7.487286e-01 |   2.673 s | best 7.487286e-01 @471 *
epoch  472 | train 7.384729e-01 | val 7.485933e-01 |   2.924 s | best 7.485933e-01 @472 *
epoch  473 | train 7.369063e-01 | val 7.484556e-01 |   2.545 s | best 7.484556e-01 @473 *
epoch  474 | train 7.355473e-01 | val 7.483115e-01 |   2.922 s | best 7.483115e-01 @474 *
epoch  475 | train 7.362975e-01 | val 7.481852e-01 |   2.938 s | best 7.481852e-01 @475 *
epoch  476 | train 7.376249e-01 | val 7.480487e-01 |   2.940 s | best 7.480487e-01 @476 *
epoch  477 | train 7.341086e-01 | val 7.479138e-01 |   2.908 s | best 7.479138e-01 @477 *
epoch  478 | train 7.373400e-01 | val 7.477812e-01 |   2.812 s | best 7.477812e-01 @478 *
epoch  479 | train 7.342137e-01 | val 7.476483e-01 |   2.777 s | best 7.476483e-01 @479 *
epoch  480 | train 7.317858e-01 | val 7.475153e-01 |   2.781 s | best 7.475153e-01 @480 *
epoch  481 | train 7.301752e-01 | val 7.473851e-01 |   2.785 s | best 7.473851e-01 @481 *
epoch  482 | train 7.297634e-01 | val 7.472503e-01 |   2.779 s | best 7.472503e-01 @482 *
epoch  483 | train 7.327840e-01 | val 7.471198e-01 |   2.787 s | best 7.471198e-01 @483 *
epoch  484 | train 7.376220e-01 | val 7.469933e-01 |   2.780 s | best 7.469933e-01 @484 *
epoch  485 | train 7.293762e-01 | val 7.468671e-01 |   2.783 s | best 7.468671e-01 @485 *
epoch  486 | train 7.297675e-01 | val 7.467390e-01 |   2.785 s | best 7.467390e-01 @486 *
epoch  487 | train 7.339843e-01 | val 7.466237e-01 |   2.781 s | best 7.466237e-01 @487 *
epoch  488 | train 7.267445e-01 | val 7.465034e-01 |   2.783 s | best 7.465034e-01 @488 *
epoch  489 | train 7.314172e-01 | val 7.463791e-01 |   2.783 s | best 7.463791e-01 @489 *
epoch  490 | train 7.280718e-01 | val 7.462510e-01 |   2.786 s | best 7.462510e-01 @490 *
epoch  491 | train 7.308980e-01 | val 7.461407e-01 |   2.791 s | best 7.461407e-01 @491 *
epoch  492 | train 7.346883e-01 | val 7.460244e-01 |   2.786 s | best 7.460244e-01 @492 *
epoch  493 | train 7.322932e-01 | val 7.459131e-01 |   2.789 s | best 7.459131e-01 @493 *
epoch  494 | train 7.291495e-01 | val 7.457928e-01 |   2.793 s | best 7.457928e-01 @494 *
epoch  495 | train 7.365931e-01 | val 7.456748e-01 |   2.788 s | best 7.456748e-01 @495 *
epoch  496 | train 7.308529e-01 | val 7.455644e-01 |   2.790 s | best 7.455644e-01 @496 *
epoch  497 | train 7.306319e-01 | val 7.454544e-01 |   2.424 s | best 7.454544e-01 @497 *
epoch  498 | train 7.329905e-01 | val 7.453361e-01 |   2.855 s | best 7.453361e-01 @498 *
epoch  499 | train 7.307800e-01 | val 7.452276e-01 |   2.853 s | best 7.452276e-01 @499 *
epoch  500 | train 7.350744e-01 | val 7.451233e-01 |   2.843 s | best 7.451233e-01 @500 *
epoch  501 | train 7.330127e-01 | val 7.450109e-01 |   2.851 s | best 7.450109e-01 @501 *
epoch  502 | train 7.297459e-01 | val 7.449015e-01 |   2.845 s | best 7.449015e-01 @502 *
epoch  503 | train 7.379667e-01 | val 7.447937e-01 |   2.846 s | best 7.447937e-01 @503 *
epoch  504 | train 7.287223e-01 | val 7.446904e-01 |   2.844 s | best 7.446904e-01 @504 *
epoch  505 | train 7.339607e-01 | val 7.445882e-01 |   2.842 s | best 7.445882e-01 @505 *
epoch  506 | train 7.333439e-01 | val 7.444840e-01 |   2.874 s | best 7.444840e-01 @506 *
epoch  507 | train 7.351869e-01 | val 7.443741e-01 |   2.862 s | best 7.443741e-01 @507 *
epoch  508 | train 7.328738e-01 | val 7.442675e-01 |   2.868 s | best 7.442675e-01 @508 *
epoch  509 | train 7.385210e-01 | val 7.441630e-01 |   2.863 s | best 7.441630e-01 @509 *
epoch  510 | train 7.306472e-01 | val 7.440730e-01 |   2.862 s | best 7.440730e-01 @510 *
epoch  511 | train 7.347426e-01 | val 7.439670e-01 |   2.861 s | best 7.439670e-01 @511 *
epoch  512 | train 7.389615e-01 | val 7.438703e-01 |   2.859 s | best 7.438703e-01 @512 *
epoch  513 | train 7.328888e-01 | val 7.437679e-01 |   2.858 s | best 7.437679e-01 @513 *
epoch  514 | train 7.390185e-01 | val 7.436706e-01 |   2.860 s | best 7.436706e-01 @514 *
epoch  515 | train 7.355877e-01 | val 7.435814e-01 |   2.863 s | best 7.435814e-01 @515 *
epoch  516 | train 7.334901e-01 | val 7.434893e-01 |   2.859 s | best 7.434893e-01 @516 *
epoch  517 | train 7.352004e-01 | val 7.433950e-01 |   2.620 s | best 7.433950e-01 @517 *
epoch  518 | train 7.325258e-01 | val 7.433124e-01 |   2.788 s | best 7.433124e-01 @518 *
epoch  519 | train 7.339299e-01 | val 7.432252e-01 |   2.788 s | best 7.432252e-01 @519 *
epoch  520 | train 7.313793e-01 | val 7.431363e-01 |   2.802 s | best 7.431363e-01 @520 *
epoch  521 | train 7.276107e-01 | val 7.430478e-01 |   2.776 s | best 7.430478e-01 @521 *
epoch  522 | train 7.323385e-01 | val 7.429596e-01 |   2.763 s | best 7.429596e-01 @522 *
epoch  523 | train 7.352191e-01 | val 7.428753e-01 |   2.766 s | best 7.428753e-01 @523 *
epoch  524 | train 7.340530e-01 | val 7.427866e-01 |   2.777 s | best 7.427866e-01 @524 *
epoch  525 | train 7.295321e-01 | val 7.427112e-01 |   2.767 s | best 7.427112e-01 @525 *
epoch  526 | train 7.313244e-01 | val 7.426288e-01 |   2.773 s | best 7.426288e-01 @526 *
epoch  527 | train 7.300879e-01 | val 7.425432e-01 |   2.779 s | best 7.425432e-01 @527 *
epoch  528 | train 7.303120e-01 | val 7.424601e-01 |   2.761 s | best 7.424601e-01 @528 *
epoch  529 | train 7.335528e-01 | val 7.423904e-01 |   2.771 s | best 7.423904e-01 @529 *
epoch  530 | train 7.347281e-01 | val 7.423043e-01 |   2.776 s | best 7.423043e-01 @530 *
epoch  531 | train 7.296057e-01 | val 7.422283e-01 |   2.760 s | best 7.422283e-01 @531 *
epoch  532 | train 7.332031e-01 | val 7.421528e-01 |   2.772 s | best 7.421528e-01 @532 *
epoch  533 | train 7.351839e-01 | val 7.420778e-01 |   2.773 s | best 7.420778e-01 @533 *
epoch  534 | train 7.274470e-01 | val 7.420017e-01 |   2.757 s | best 7.420017e-01 @534 *
epoch  535 | train 7.346300e-01 | val 7.419353e-01 |   2.775 s | best 7.419353e-01 @535 *
epoch  536 | train 7.268366e-01 | val 7.418655e-01 |   2.772 s | best 7.418655e-01 @536 *
epoch  537 | train 7.342674e-01 | val 7.417895e-01 |   2.754 s | best 7.417895e-01 @537 *
epoch  538 | train 7.310888e-01 | val 7.417235e-01 |   2.772 s | best 7.417235e-01 @538 *
epoch  539 | train 7.352189e-01 | val 7.416559e-01 |   2.771 s | best 7.416559e-01 @539 *
epoch  540 | train 7.311800e-01 | val 7.415848e-01 |   2.756 s | best 7.415848e-01 @540 *
epoch  541 | train 7.362577e-01 | val 7.415164e-01 |   2.769 s | best 7.415164e-01 @541 *
epoch  542 | train 7.309914e-01 | val 7.414513e-01 |   2.769 s | best 7.414513e-01 @542 *
epoch  543 | train 7.310608e-01 | val 7.413883e-01 |   2.758 s | best 7.413883e-01 @543 *
epoch  544 | train 7.365559e-01 | val 7.413197e-01 |   2.771 s | best 7.413197e-01 @544 *
epoch  545 | train 7.302535e-01 | val 7.412475e-01 |   2.776 s | best 7.412475e-01 @545 *
epoch  546 | train 7.282032e-01 | val 7.411880e-01 |   2.752 s | best 7.411880e-01 @546 *
epoch  547 | train 7.275690e-01 | val 7.411208e-01 |   2.772 s | best 7.411208e-01 @547 *
epoch  548 | train 7.344291e-01 | val 7.410553e-01 |   2.772 s | best 7.410553e-01 @548 *
epoch  549 | train 7.325757e-01 | val 7.409875e-01 |   2.756 s | best 7.409875e-01 @549 *
epoch  550 | train 7.349744e-01 | val 7.409384e-01 |   2.759 s | best 7.409384e-01 @550 *
epoch  551 | train 7.357703e-01 | val 7.408773e-01 |   2.773 s | best 7.408773e-01 @551 *
epoch  552 | train 7.313411e-01 | val 7.408154e-01 |   2.766 s | best 7.408154e-01 @552 *
epoch  553 | train 7.308433e-01 | val 7.407516e-01 |   2.779 s | best 7.407516e-01 @553 *
epoch  554 | train 7.276864e-01 | val 7.406964e-01 |   2.825 s | best 7.406964e-01 @554 *
epoch  555 | train 7.316178e-01 | val 7.406355e-01 |   2.865 s | best 7.406355e-01 @555 *
epoch  556 | train 7.309900e-01 | val 7.405712e-01 |   2.818 s | best 7.405712e-01 @556 *
epoch  557 | train 7.313994e-01 | val 7.405223e-01 |   2.860 s | best 7.405223e-01 @557 *
epoch  558 | train 7.351816e-01 | val 7.404702e-01 |   2.831 s | best 7.404702e-01 @558 *
epoch  559 | train 7.328358e-01 | val 7.404053e-01 |   2.868 s | best 7.404053e-01 @559 *
epoch  560 | train 7.323214e-01 | val 7.403563e-01 |   2.821 s | best 7.403563e-01 @560 *
epoch  561 | train 7.310055e-01 | val 7.403011e-01 |   2.865 s | best 7.403011e-01 @561 *
epoch  562 | train 7.329272e-01 | val 7.402481e-01 |   2.827 s | best 7.402481e-01 @562 *
epoch  563 | train 7.284743e-01 | val 7.401899e-01 |   2.864 s | best 7.401899e-01 @563 *
epoch  564 | train 7.287038e-01 | val 7.401344e-01 |   2.736 s | best 7.401344e-01 @564 *
epoch  565 | train 7.351039e-01 | val 7.400832e-01 |   2.703 s | best 7.400832e-01 @565 *
epoch  566 | train 7.296989e-01 | val 7.400303e-01 |   2.708 s | best 7.400303e-01 @566 *
epoch  567 | train 7.284271e-01 | val 7.399823e-01 |   2.701 s | best 7.399823e-01 @567 *
epoch  568 | train 7.306532e-01 | val 7.399268e-01 |   2.696 s | best 7.399268e-01 @568 *
epoch  569 | train 7.285360e-01 | val 7.398779e-01 |   2.704 s | best 7.398779e-01 @569 *
epoch  570 | train 7.319788e-01 | val 7.398276e-01 |   2.705 s | best 7.398276e-01 @570 *
epoch  571 | train 7.332286e-01 | val 7.397762e-01 |   2.699 s | best 7.397762e-01 @571 *
epoch  572 | train 7.244171e-01 | val 7.397260e-01 |   2.701 s | best 7.397260e-01 @572 *
epoch  573 | train 7.308921e-01 | val 7.396817e-01 |   2.697 s | best 7.396817e-01 @573 *
epoch  574 | train 7.306451e-01 | val 7.396359e-01 |   2.704 s | best 7.396359e-01 @574 *
epoch  575 | train 7.290003e-01 | val 7.395931e-01 |   2.706 s | best 7.395931e-01 @575 *
epoch  576 | train 7.255530e-01 | val 7.395467e-01 |   2.732 s | best 7.395467e-01 @576 *
epoch  577 | train 7.287062e-01 | val 7.394977e-01 |   2.757 s | best 7.394977e-01 @577 *
epoch  578 | train 7.322507e-01 | val 7.394551e-01 |   2.775 s | best 7.394551e-01 @578 *
epoch  579 | train 7.308068e-01 | val 7.394106e-01 |   2.780 s | best 7.394106e-01 @579 *
epoch  580 | train 7.360608e-01 | val 7.393663e-01 |   2.762 s | best 7.393663e-01 @580 *
epoch  581 | train 7.307443e-01 | val 7.393214e-01 |   2.772 s | best 7.393214e-01 @581 *
epoch  582 | train 7.318233e-01 | val 7.392799e-01 |   2.778 s | best 7.392799e-01 @582 *
epoch  583 | train 7.287880e-01 | val 7.392361e-01 |   2.763 s | best 7.392361e-01 @583 *
epoch  584 | train 7.312102e-01 | val 7.391953e-01 |   2.777 s | best 7.391953e-01 @584 *
epoch  585 | train 7.275424e-01 | val 7.391534e-01 |   2.839 s | best 7.391534e-01 @585 *
epoch  586 | train 7.308768e-01 | val 7.391077e-01 |   2.847 s | best 7.391077e-01 @586 *
epoch  587 | train 7.303836e-01 | val 7.390658e-01 |   2.853 s | best 7.390658e-01 @587 *
epoch  588 | train 7.326039e-01 | val 7.390178e-01 |   2.814 s | best 7.390178e-01 @588 *
epoch  589 | train 7.293996e-01 | val 7.389743e-01 |   2.842 s | best 7.389743e-01 @589 *
epoch  590 | train 7.285724e-01 | val 7.389358e-01 |   2.829 s | best 7.389358e-01 @590 *
epoch  591 | train 7.257519e-01 | val 7.388965e-01 |   2.816 s | best 7.388965e-01 @591 *
epoch  592 | train 7.323817e-01 | val 7.388562e-01 |   2.752 s | best 7.388562e-01 @592 *
epoch  593 | train 7.326249e-01 | val 7.388198e-01 |   2.768 s | best 7.388198e-01 @593 *
epoch  594 | train 7.290534e-01 | val 7.387837e-01 |   2.769 s | best 7.387837e-01 @594 *
epoch  595 | train 7.289929e-01 | val 7.387410e-01 |   2.767 s | best 7.387410e-01 @595 *
epoch  596 | train 7.268796e-01 | val 7.387040e-01 |   2.737 s | best 7.387040e-01 @596 *
epoch  597 | train 7.307786e-01 | val 7.386749e-01 |   2.820 s | best 7.386749e-01 @597 *
epoch  598 | train 7.344925e-01 | val 7.386364e-01 |   2.804 s | best 7.386364e-01 @598 *
epoch  599 | train 7.277950e-01 | val 7.385970e-01 |   2.721 s | best 7.385970e-01 @599 *
epoch  600 | train 7.331526e-01 | val 7.385632e-01 |   2.697 s | best 7.385632e-01 @600 *
# done        : 600 epochs, stopped_by=max_epochs, aborted=False, best val 7.385632e-01 @ epoch 600, wall 1715.4 s, 2.859 s/epoch
