
# ===== 2026-09-21 00:28:08 KST  HPO attempt 560  testbed D1 prior S  Nr=8 Nt=4
# DEVICE      : cuda | cuda_available=True | NVIDIA RTX PRO 6000 Blackwell Server Edition | torch 2.14.0+cu130 | train dtype float32 (01_RULES §9.5)
# data        : n_train=9000 n_val=1000 split_hash=98d6225d67f9c15a E||H||_F^2/(NrNt)=1.000268 (04_SPEC §2)
# sigma grid  : MEASURED, 20 points, log-uniform draw over [3.2936e-02, 7.9084e-01]
# hp          : {'arch': 'dit', 'param': 'vp', 'domain': 'angle', 'lr': 0.0013746012424944234, 'ema': 0.99, 'batch': 128, 'emb': 256, 'width': 64, 'depth': 6, 'heads': 8, 'patch': 1}  params=479426
# stopping    : patience 15 on val loss, never before 0 epochs, max 600 (01_RULES §5)
epoch    1 | train 8.445543e-01 | val 8.875568e-01 |   2.672 s | best 8.875568e-01 @1 *
epoch    2 | train 8.101879e-01 | val 8.377913e-01 |   2.707 s | best 8.377913e-01 @2 *
epoch    3 | train 7.974083e-01 | val 8.077881e-01 |   2.710 s | best 8.077881e-01 @3 *
epoch    4 | train 7.960263e-01 | val 7.878046e-01 |   2.718 s | best 7.878046e-01 @4 *
epoch    5 | train 7.914404e-01 | val 7.817386e-01 |   2.693 s | best 7.817386e-01 @5 *
epoch    6 | train 7.944562e-01 | val 7.800401e-01 |   2.689 s | best 7.800401e-01 @6 *
epoch    7 | train 7.978966e-01 | val 7.794330e-01 |   2.689 s | best 7.794330e-01 @7 *
epoch    8 | train 7.946894e-01 | val 7.790421e-01 |   2.692 s | best 7.790421e-01 @8 *
epoch    9 | train 7.921620e-01 | val 7.788519e-01 |   2.688 s | best 7.788519e-01 @9 *
epoch   10 | train 7.924156e-01 | val 7.787181e-01 |   2.692 s | best 7.787181e-01 @10 *
epoch   11 | train 7.957800e-01 | val 7.785200e-01 |   2.695 s | best 7.785200e-01 @11 *
epoch   12 | train 7.920505e-01 | val 7.780871e-01 |   2.691 s | best 7.780871e-01 @12 *
epoch   13 | train 7.955475e-01 | val 7.775924e-01 |   2.693 s | best 7.775924e-01 @13 *
epoch   14 | train 7.923213e-01 | val 7.769257e-01 |   2.688 s | best 7.769257e-01 @14 *
epoch   15 | train 7.879691e-01 | val 7.756158e-01 |   2.693 s | best 7.756158e-01 @15 *
epoch   16 | train 7.875607e-01 | val 7.736681e-01 |   2.721 s | best 7.736681e-01 @16 *
epoch   17 | train 7.848947e-01 | val 7.716568e-01 |   2.710 s | best 7.716568e-01 @17 *
epoch   18 | train 7.844384e-01 | val 7.696083e-01 |   2.705 s | best 7.696083e-01 @18 *
epoch   19 | train 7.865449e-01 | val 7.673818e-01 |   2.705 s | best 7.673818e-01 @19 *
epoch   20 | train 7.791015e-01 | val 7.653295e-01 |   2.703 s | best 7.653295e-01 @20 *
epoch   21 | train 7.789015e-01 | val 7.629921e-01 |   2.704 s | best 7.629921e-01 @21 *
epoch   22 | train 7.756706e-01 | val 7.609113e-01 |   2.711 s | best 7.609113e-01 @22 *
epoch   23 | train 7.723415e-01 | val 7.586066e-01 |   2.706 s | best 7.586066e-01 @23 *
epoch   24 | train 7.688862e-01 | val 7.558810e-01 |   2.709 s | best 7.558810e-01 @24 *
epoch   25 | train 7.660354e-01 | val 7.528560e-01 |   2.706 s | best 7.528560e-01 @25 *
epoch   26 | train 7.658125e-01 | val 7.502902e-01 |   2.706 s | best 7.502902e-01 @26 *
epoch   27 | train 7.669108e-01 | val 7.480428e-01 |   2.702 s | best 7.480428e-01 @27 *
epoch   28 | train 7.636417e-01 | val 7.465904e-01 |   2.710 s | best 7.465904e-01 @28 *
epoch   29 | train 7.605760e-01 | val 7.453550e-01 |   2.707 s | best 7.453550e-01 @29 *
epoch   30 | train 7.548266e-01 | val 7.442927e-01 |   2.705 s | best 7.442927e-01 @30 *
epoch   31 | train 7.616407e-01 | val 7.436528e-01 |   2.707 s | best 7.436528e-01 @31 *
epoch   32 | train 7.556136e-01 | val 7.431660e-01 |   2.720 s | best 7.431660e-01 @32 *
epoch   33 | train 7.566024e-01 | val 7.424023e-01 |   2.712 s | best 7.424023e-01 @33 *
epoch   34 | train 7.610442e-01 | val 7.418456e-01 |   2.721 s | best 7.418456e-01 @34 *
epoch   35 | train 7.519557e-01 | val 7.412428e-01 |   2.716 s | best 7.412428e-01 @35 *
epoch   36 | train 7.607980e-01 | val 7.406410e-01 |   2.713 s | best 7.406410e-01 @36 *
epoch   37 | train 7.580147e-01 | val 7.404064e-01 |   2.716 s | best 7.404064e-01 @37 *
epoch   38 | train 7.606716e-01 | val 7.401742e-01 |   2.713 s | best 7.401742e-01 @38 *
epoch   39 | train 7.525484e-01 | val 7.396333e-01 |   2.715 s | best 7.396333e-01 @39 *
epoch   40 | train 7.596455e-01 | val 7.389122e-01 |   2.715 s | best 7.389122e-01 @40 *
epoch   41 | train 7.540580e-01 | val 7.381131e-01 |   2.714 s | best 7.381131e-01 @41 *
epoch   42 | train 7.543136e-01 | val 7.375064e-01 |   2.715 s | best 7.375064e-01 @42 *
epoch   43 | train 7.542312e-01 | val 7.367390e-01 |   2.712 s | best 7.367390e-01 @43 *
epoch   44 | train 7.538247e-01 | val 7.361091e-01 |   2.714 s | best 7.361091e-01 @44 *
epoch   45 | train 7.544536e-01 | val 7.358318e-01 |   2.712 s | best 7.358318e-01 @45 *
epoch   46 | train 7.533154e-01 | val 7.354771e-01 |   2.716 s | best 7.354771e-01 @46 *
epoch   47 | train 7.502090e-01 | val 7.351549e-01 |   2.718 s | best 7.351549e-01 @47 *
epoch   48 | train 7.521849e-01 | val 7.348000e-01 |   2.718 s | best 7.348000e-01 @48 *
epoch   49 | train 7.538396e-01 | val 7.347814e-01 |   2.715 s | best 7.347814e-01 @49 *
epoch   50 | train 7.463507e-01 | val 7.347082e-01 |   2.718 s | best 7.347082e-01 @50 *
epoch   51 | train 7.518400e-01 | val 7.345610e-01 |   2.715 s | best 7.345610e-01 @51 *
epoch   52 | train 7.520545e-01 | val 7.342612e-01 |   2.773 s | best 7.342612e-01 @52 *
epoch   53 | train 7.523897e-01 | val 7.337326e-01 |   2.816 s | best 7.337326e-01 @53 *
epoch   54 | train 7.463585e-01 | val 7.336494e-01 |   2.833 s | best 7.336494e-01 @54 *
epoch   55 | train 7.459445e-01 | val 7.335961e-01 |   2.858 s | best 7.335961e-01 @55 *
epoch   56 | train 7.472497e-01 | val 7.335345e-01 |   2.853 s | best 7.335345e-01 @56 *
epoch   57 | train 7.500692e-01 | val 7.334709e-01 |   2.834 s | best 7.334709e-01 @57 *
epoch   58 | train 7.460285e-01 | val 7.333024e-01 |   2.854 s | best 7.333024e-01 @58 *
epoch   59 | train 7.516184e-01 | val 7.330367e-01 |   2.860 s | best 7.330367e-01 @59 *
epoch   60 | train 7.426665e-01 | val 7.328577e-01 |   2.871 s | best 7.328577e-01 @60 *
epoch   61 | train 7.473025e-01 | val 7.327307e-01 |   2.763 s | best 7.327307e-01 @61 *
epoch   62 | train 7.477954e-01 | val 7.327198e-01 |   2.802 s | best 7.327198e-01 @62 *
epoch   63 | train 7.498315e-01 | val 7.327176e-01 |   2.807 s | best 7.327176e-01 @63 *
epoch   64 | train 7.478886e-01 | val 7.327614e-01 |   2.792 s | best 7.327176e-01 @63
epoch   65 | train 7.498356e-01 | val 7.325194e-01 |   2.454 s | best 7.325194e-01 @65 *
epoch   66 | train 7.497155e-01 | val 7.324072e-01 |   2.709 s | best 7.324072e-01 @66 *
epoch   67 | train 7.466544e-01 | val 7.322162e-01 |   2.706 s | best 7.322162e-01 @67 *
epoch   68 | train 7.512893e-01 | val 7.320558e-01 |   2.710 s | best 7.320558e-01 @68 *
epoch   69 | train 7.471967e-01 | val 7.317795e-01 |   2.708 s | best 7.317795e-01 @69 *
epoch   70 | train 7.468604e-01 | val 7.318856e-01 |   2.688 s | best 7.317795e-01 @69
epoch   71 | train 7.435257e-01 | val 7.315323e-01 |   2.642 s | best 7.315323e-01 @71 *
epoch   72 | train 7.440720e-01 | val 7.313222e-01 |   2.639 s | best 7.313222e-01 @72 *
epoch   73 | train 7.492753e-01 | val 7.310873e-01 |   2.666 s | best 7.310873e-01 @73 *
epoch   74 | train 7.429363e-01 | val 7.308270e-01 |   2.640 s | best 7.308270e-01 @74 *
epoch   75 | train 7.418311e-01 | val 7.306820e-01 |   2.658 s | best 7.306820e-01 @75 *
epoch   76 | train 7.488683e-01 | val 7.303913e-01 |   2.678 s | best 7.303913e-01 @76 *
epoch   77 | train 7.440907e-01 | val 7.306395e-01 |   2.654 s | best 7.303913e-01 @76
epoch   78 | train 7.460762e-01 | val 7.305759e-01 |   2.658 s | best 7.303913e-01 @76
epoch   79 | train 7.477459e-01 | val 7.304791e-01 |   2.670 s | best 7.303913e-01 @76
epoch   80 | train 7.433154e-01 | val 7.303068e-01 |   2.658 s | best 7.303068e-01 @80 *
epoch   81 | train 7.454656e-01 | val 7.302289e-01 |   2.662 s | best 7.302289e-01 @81 *
epoch   82 | train 7.470322e-01 | val 7.301785e-01 |   2.684 s | best 7.301785e-01 @82 *
epoch   83 | train 7.429309e-01 | val 7.302304e-01 |   2.652 s | best 7.301785e-01 @82
epoch   84 | train 7.455245e-01 | val 7.301681e-01 |   2.655 s | best 7.301681e-01 @84 *
epoch   85 | train 7.416283e-01 | val 7.300325e-01 |   2.753 s | best 7.300325e-01 @85 *
epoch   86 | train 7.416761e-01 | val 7.300748e-01 |   2.719 s | best 7.300325e-01 @85
epoch   87 | train 7.450344e-01 | val 7.301164e-01 |   2.715 s | best 7.300325e-01 @85
epoch   88 | train 7.501021e-01 | val 7.300987e-01 |   2.786 s | best 7.300325e-01 @85
epoch   89 | train 7.443722e-01 | val 7.301416e-01 |   2.798 s | best 7.300325e-01 @85
epoch   90 | train 7.440613e-01 | val 7.300982e-01 |   2.795 s | best 7.300325e-01 @85
epoch   91 | train 7.437223e-01 | val 7.297875e-01 |   2.802 s | best 7.297875e-01 @91 *
epoch   92 | train 7.427347e-01 | val 7.296509e-01 |   2.797 s | best 7.296509e-01 @92 *
epoch   93 | train 7.392574e-01 | val 7.295617e-01 |   2.806 s | best 7.295617e-01 @93 *
epoch   94 | train 7.408823e-01 | val 7.294827e-01 |   2.810 s | best 7.294827e-01 @94 *
epoch   95 | train 7.404528e-01 | val 7.294993e-01 |   2.804 s | best 7.294827e-01 @94
epoch   96 | train 7.404563e-01 | val 7.295509e-01 |   2.806 s | best 7.294827e-01 @94
epoch   97 | train 7.425074e-01 | val 7.296947e-01 |   2.798 s | best 7.294827e-01 @94
epoch   98 | train 7.441725e-01 | val 7.295601e-01 |   2.739 s | best 7.294827e-01 @94
epoch   99 | train 7.435664e-01 | val 7.296201e-01 |   2.720 s | best 7.294827e-01 @94
epoch  100 | train 7.424702e-01 | val 7.294334e-01 |   2.748 s | best 7.294334e-01 @100 *
epoch  101 | train 7.445795e-01 | val 7.293019e-01 |   2.715 s | best 7.293019e-01 @101 *
epoch  102 | train 7.335416e-01 | val 7.293743e-01 |   2.717 s | best 7.293019e-01 @101
epoch  103 | train 7.416213e-01 | val 7.295007e-01 |   2.713 s | best 7.293019e-01 @101
epoch  104 | train 7.465658e-01 | val 7.295015e-01 |   2.720 s | best 7.293019e-01 @101
epoch  105 | train 7.415334e-01 | val 7.296747e-01 |   2.714 s | best 7.293019e-01 @101
epoch  106 | train 7.416021e-01 | val 7.293892e-01 |   2.715 s | best 7.293019e-01 @101
epoch  107 | train 7.448142e-01 | val 7.292149e-01 |   2.718 s | best 7.292149e-01 @107 *
epoch  108 | train 7.469667e-01 | val 7.291841e-01 |   2.714 s | best 7.291841e-01 @108 *
epoch  109 | train 7.425930e-01 | val 7.289449e-01 |   2.717 s | best 7.289449e-01 @109 *
epoch  110 | train 7.406530e-01 | val 7.288141e-01 |   2.680 s | best 7.288141e-01 @110 *
epoch  111 | train 7.417510e-01 | val 7.287603e-01 |   2.638 s | best 7.287603e-01 @111 *
epoch  112 | train 7.377623e-01 | val 7.290677e-01 |   2.645 s | best 7.287603e-01 @111
epoch  113 | train 7.403465e-01 | val 7.292079e-01 |   2.625 s | best 7.287603e-01 @111
epoch  114 | train 7.405635e-01 | val 7.292249e-01 |   2.630 s | best 7.287603e-01 @111
epoch  115 | train 7.415487e-01 | val 7.292010e-01 |   2.628 s | best 7.287603e-01 @111
epoch  116 | train 7.481578e-01 | val 7.291225e-01 |   2.627 s | best 7.287603e-01 @111
epoch  117 | train 7.415055e-01 | val 7.290839e-01 |   2.635 s | best 7.287603e-01 @111
epoch  118 | train 7.411825e-01 | val 7.290739e-01 |   2.628 s | best 7.287603e-01 @111
epoch  119 | train 7.417252e-01 | val 7.290047e-01 |   2.636 s | best 7.287603e-01 @111
epoch  120 | train 7.446226e-01 | val 7.291257e-01 |   2.632 s | best 7.287603e-01 @111
epoch  121 | train 7.375595e-01 | val 7.291006e-01 |   2.632 s | best 7.287603e-01 @111
epoch  122 | train 7.442245e-01 | val 7.289493e-01 |   2.614 s | best 7.287603e-01 @111
epoch  123 | train 7.403420e-01 | val 7.289531e-01 |   2.606 s | best 7.287603e-01 @111
epoch  124 | train 7.421448e-01 | val 7.288720e-01 |   2.613 s | best 7.287603e-01 @111
epoch  125 | train 7.403948e-01 | val 7.287304e-01 |   2.611 s | best 7.287304e-01 @125 *
epoch  126 | train 7.438414e-01 | val 7.288634e-01 |   2.606 s | best 7.287304e-01 @125
epoch  127 | train 7.430226e-01 | val 7.288477e-01 |   2.612 s | best 7.287304e-01 @125
epoch  128 | train 7.415457e-01 | val 7.290072e-01 |   2.606 s | best 7.287304e-01 @125
epoch  129 | train 7.386428e-01 | val 7.290725e-01 |   2.606 s | best 7.287304e-01 @125
epoch  130 | train 7.390793e-01 | val 7.291833e-01 |   2.608 s | best 7.287304e-01 @125
epoch  131 | train 7.399715e-01 | val 7.292666e-01 |   2.610 s | best 7.287304e-01 @125
epoch  132 | train 7.426668e-01 | val 7.293012e-01 |   2.611 s | best 7.287304e-01 @125
epoch  133 | train 7.420261e-01 | val 7.292959e-01 |   2.612 s | best 7.287304e-01 @125
epoch  134 | train 7.368386e-01 | val 7.295426e-01 |   2.609 s | best 7.287304e-01 @125
epoch  135 | train 7.391060e-01 | val 7.296131e-01 |   2.647 s | best 7.287304e-01 @125
epoch  136 | train 7.362795e-01 | val 7.296483e-01 |   2.713 s | best 7.287304e-01 @125
epoch  137 | train 7.395195e-01 | val 7.296067e-01 |   2.699 s | best 7.287304e-01 @125
epoch  138 | train 7.416203e-01 | val 7.294964e-01 |   2.742 s | best 7.287304e-01 @125
epoch  139 | train 7.443201e-01 | val 7.296336e-01 |   2.704 s | best 7.287304e-01 @125
epoch  140 | train 7.436699e-01 | val 7.295926e-01 |   2.704 s | best 7.287304e-01 @125
# done        : 140 epochs, stopped_by=patience, aborted=False, best val 7.287304e-01 @ epoch 125, wall 386.6 s, 2.761 s/epoch
