
# ===== 2026-09-21 00:40:48 KST  HPO attempt 573  testbed D1 prior S  Nr=8 Nt=4
# DEVICE      : cuda | cuda_available=True | NVIDIA RTX PRO 6000 Blackwell Server Edition | torch 2.14.0+cu130 | train dtype float32 (01_RULES §9.5)
# data        : n_train=9000 n_val=1000 split_hash=98d6225d67f9c15a E||H||_F^2/(NrNt)=1.000268 (04_SPEC §2)
# sigma grid  : MEASURED, 20 points, log-uniform draw over [3.2936e-02, 7.9084e-01]
# hp          : {'arch': 'adm', 'param': 've', 'domain': 'angle', 'lr': 0.00031235381759386346, 'ema': 0.999, 'batch': 128, 'emb': 64, 'width': 48, 'depth': 7, 'heads': 4, 'attn_at': 8}  params=3350066
# stopping    : patience 15 on val loss, never before 0 epochs, max 600 (01_RULES §5)
epoch    1 | train 8.584533e-01 | val 9.787014e-01 |   5.707 s | best 9.787014e-01 @1 *
epoch    2 | train 7.704269e-01 | val 9.588854e-01 |   5.695 s | best 9.588854e-01 @2 *
epoch    3 | train 7.550452e-01 | val 9.387949e-01 |   5.735 s | best 9.387949e-01 @3 *
epoch    4 | train 7.596119e-01 | val 9.193358e-01 |   5.793 s | best 9.193358e-01 @4 *
epoch    5 | train 7.553827e-01 | val 9.002676e-01 |   5.782 s | best 9.002676e-01 @5 *
epoch    6 | train 7.514536e-01 | val 8.815303e-01 |   5.867 s | best 8.815303e-01 @6 *
epoch    7 | train 7.510579e-01 | val 8.633813e-01 |   5.749 s | best 8.633813e-01 @7 *
epoch    8 | train 7.488447e-01 | val 8.465300e-01 |   5.741 s | best 8.465300e-01 @8 *
epoch    9 | train 7.476408e-01 | val 8.315153e-01 |   5.737 s | best 8.315153e-01 @9 *
epoch   10 | train 7.519586e-01 | val 8.184761e-01 |   5.753 s | best 8.184761e-01 @10 *
epoch   11 | train 7.490958e-01 | val 8.073686e-01 |   5.740 s | best 8.073686e-01 @11 *
epoch   12 | train 7.462980e-01 | val 7.978034e-01 |   5.745 s | best 7.978034e-01 @12 *
epoch   13 | train 7.477927e-01 | val 7.894840e-01 |   5.738 s | best 7.894840e-01 @13 *
epoch   14 | train 7.473959e-01 | val 7.823537e-01 |   5.745 s | best 7.823537e-01 @14 *
epoch   15 | train 7.436610e-01 | val 7.760556e-01 |   5.794 s | best 7.760556e-01 @15 *
epoch   16 | train 7.435838e-01 | val 7.705070e-01 |   5.757 s | best 7.705070e-01 @16 *
epoch   17 | train 7.444590e-01 | val 7.655603e-01 |   5.754 s | best 7.655603e-01 @17 *
epoch   18 | train 7.457172e-01 | val 7.612345e-01 |   5.752 s | best 7.612345e-01 @18 *
epoch   19 | train 7.431731e-01 | val 7.574182e-01 |   5.597 s | best 7.574182e-01 @19 *
epoch   20 | train 7.418628e-01 | val 7.539352e-01 |   5.571 s | best 7.539352e-01 @20 *
epoch   21 | train 7.452406e-01 | val 7.509573e-01 |   5.607 s | best 7.509573e-01 @21 *
epoch   22 | train 7.484693e-01 | val 7.482926e-01 |   5.572 s | best 7.482926e-01 @22 *
epoch   23 | train 7.437599e-01 | val 7.459201e-01 |   5.612 s | best 7.459201e-01 @23 *
epoch   24 | train 7.445772e-01 | val 7.438580e-01 |   5.577 s | best 7.438580e-01 @24 *
epoch   25 | train 7.407500e-01 | val 7.419735e-01 |   5.749 s | best 7.419735e-01 @25 *
epoch   26 | train 7.461914e-01 | val 7.403017e-01 |   5.732 s | best 7.403017e-01 @26 *
epoch   27 | train 7.376059e-01 | val 7.388327e-01 |   5.727 s | best 7.388327e-01 @27 *
epoch   28 | train 7.451519e-01 | val 7.376210e-01 |   5.764 s | best 7.376210e-01 @28 *
epoch   29 | train 7.450844e-01 | val 7.365542e-01 |   5.729 s | best 7.365542e-01 @29 *
epoch   30 | train 7.461670e-01 | val 7.356105e-01 |   5.869 s | best 7.356105e-01 @30 *
epoch   31 | train 7.469038e-01 | val 7.347826e-01 |   5.794 s | best 7.347826e-01 @31 *
epoch   32 | train 7.379255e-01 | val 7.340676e-01 |   5.730 s | best 7.340676e-01 @32 *
epoch   33 | train 7.437781e-01 | val 7.334628e-01 |   5.742 s | best 7.334628e-01 @33 *
epoch   34 | train 7.436739e-01 | val 7.328960e-01 |   5.734 s | best 7.328960e-01 @34 *
epoch   35 | train 7.449567e-01 | val 7.324303e-01 |   5.740 s | best 7.324303e-01 @35 *
epoch   36 | train 7.402439e-01 | val 7.319932e-01 |   5.622 s | best 7.319932e-01 @36 *
epoch   37 | train 7.404172e-01 | val 7.316136e-01 |   5.530 s | best 7.316136e-01 @37 *
epoch   38 | train 7.388693e-01 | val 7.313060e-01 |   5.894 s | best 7.313060e-01 @38 *
epoch   39 | train 7.432092e-01 | val 7.310019e-01 |   5.971 s | best 7.310019e-01 @39 *
epoch   40 | train 7.405544e-01 | val 7.307667e-01 |   5.981 s | best 7.307667e-01 @40 *
epoch   41 | train 7.399793e-01 | val 7.305713e-01 |   5.615 s | best 7.305713e-01 @41 *
epoch   42 | train 7.422736e-01 | val 7.303784e-01 |   5.548 s | best 7.303784e-01 @42 *
epoch   43 | train 7.422309e-01 | val 7.302096e-01 |   5.727 s | best 7.302096e-01 @43 *
epoch   44 | train 7.453603e-01 | val 7.300381e-01 |   5.742 s | best 7.300381e-01 @44 *
epoch   45 | train 7.427449e-01 | val 7.298920e-01 |   5.737 s | best 7.298920e-01 @45 *
epoch   46 | train 7.422916e-01 | val 7.297624e-01 |   5.736 s | best 7.297624e-01 @46 *
epoch   47 | train 7.387849e-01 | val 7.296506e-01 |   5.748 s | best 7.296506e-01 @47 *
epoch   48 | train 7.408638e-01 | val 7.295202e-01 |   5.732 s | best 7.295202e-01 @48 *
epoch   49 | train 7.462654e-01 | val 7.294291e-01 |   5.732 s | best 7.294291e-01 @49 *
epoch   50 | train 7.383211e-01 | val 7.293475e-01 |   5.790 s | best 7.293475e-01 @50 *
epoch   51 | train 7.449221e-01 | val 7.293094e-01 |   5.749 s | best 7.293094e-01 @51 *
epoch   52 | train 7.381924e-01 | val 7.292722e-01 |   5.755 s | best 7.292722e-01 @52 *
epoch   53 | train 7.461258e-01 | val 7.292325e-01 |   5.740 s | best 7.292325e-01 @53 *
epoch   54 | train 7.429092e-01 | val 7.291803e-01 |   5.750 s | best 7.291803e-01 @54 *
epoch   55 | train 7.426627e-01 | val 7.291412e-01 |   5.869 s | best 7.291412e-01 @55 *
epoch   56 | train 7.328576e-01 | val 7.290931e-01 |   5.942 s | best 7.290931e-01 @56 *
epoch   57 | train 7.423135e-01 | val 7.290682e-01 |   5.918 s | best 7.290682e-01 @57 *
epoch   58 | train 7.353823e-01 | val 7.290511e-01 |   5.964 s | best 7.290511e-01 @58 *
epoch   59 | train 7.443001e-01 | val 7.290536e-01 |   5.727 s | best 7.290511e-01 @58
epoch   60 | train 7.388783e-01 | val 7.290518e-01 |   5.730 s | best 7.290511e-01 @58
epoch   61 | train 7.398902e-01 | val 7.290594e-01 |   5.732 s | best 7.290511e-01 @58
epoch   62 | train 7.355009e-01 | val 7.290965e-01 |   5.733 s | best 7.290511e-01 @58
epoch   63 | train 7.406922e-01 | val 7.291022e-01 |   5.730 s | best 7.290511e-01 @58
epoch   64 | train 7.437240e-01 | val 7.291099e-01 |   5.736 s | best 7.290511e-01 @58
epoch   65 | train 7.407872e-01 | val 7.291381e-01 |   5.726 s | best 7.290511e-01 @58
epoch   66 | train 7.370824e-01 | val 7.291484e-01 |   5.733 s | best 7.290511e-01 @58
epoch   67 | train 7.412485e-01 | val 7.291373e-01 |   5.738 s | best 7.290511e-01 @58
epoch   68 | train 7.394126e-01 | val 7.291188e-01 |   5.730 s | best 7.290511e-01 @58
epoch   69 | train 7.337586e-01 | val 7.291009e-01 |   5.740 s | best 7.290511e-01 @58
epoch   70 | train 7.376487e-01 | val 7.291297e-01 |   5.732 s | best 7.290511e-01 @58
epoch   71 | train 7.390326e-01 | val 7.291250e-01 |   5.776 s | best 7.290511e-01 @58
epoch   72 | train 7.396357e-01 | val 7.291652e-01 |   5.747 s | best 7.290511e-01 @58
epoch   73 | train 7.401558e-01 | val 7.291818e-01 |   5.739 s | best 7.290511e-01 @58
# done        : 73 epochs, stopped_by=patience, aborted=False, best val 7.290511e-01 @ epoch 58, wall 431.3 s, 5.909 s/epoch
