
# ===== 2026-09-21 01:02:26 KST  HPO attempt 596  testbed D1 prior S  Nr=8 Nt=4
# DEVICE      : cuda | cuda_available=True | NVIDIA RTX PRO 6000 Blackwell Server Edition | torch 2.14.0+cu130 | train dtype float32 (01_RULES §9.5)
# data        : n_train=9000 n_val=1000 split_hash=98d6225d67f9c15a E||H||_F^2/(NrNt)=1.000268 (04_SPEC §2)
# sigma grid  : MEASURED, 20 points, log-uniform draw over [3.2936e-02, 7.9084e-01]
# hp          : {'arch': 'adm', 'param': 'edm', 'domain': 'angle', 'lr': 0.00024288928831224364, 'ema': 0.999, 'batch': 128, 'emb': 64, 'width': 32, 'depth': 2, 'heads': 4, 'attn_at': 8}  params=1259554
# stopping    : patience 15 on val loss, never before 0 epochs, max 600 (01_RULES §5)
epoch    1 | train 9.848147e-01 | val 9.905905e-01 |   4.433 s | best 9.905905e-01 @1 *
epoch    2 | train 9.132483e-01 | val 9.901161e-01 |   4.380 s | best 9.901161e-01 @2 *
epoch    3 | train 8.733911e-01 | val 9.892238e-01 |   4.387 s | best 9.892238e-01 @3 *
epoch    4 | train 8.619066e-01 | val 9.877406e-01 |   4.384 s | best 9.877406e-01 @4 *
epoch    5 | train 8.509676e-01 | val 9.854206e-01 |   4.384 s | best 9.854206e-01 @5 *
epoch    6 | train 8.489666e-01 | val 9.819811e-01 |   4.383 s | best 9.819811e-01 @6 *
epoch    7 | train 8.490170e-01 | val 9.770519e-01 |   4.381 s | best 9.770519e-01 @7 *
epoch    8 | train 8.417649e-01 | val 9.702436e-01 |   4.382 s | best 9.702436e-01 @8 *
epoch    9 | train 8.440636e-01 | val 9.615961e-01 |   4.378 s | best 9.615961e-01 @9 *
epoch   10 | train 8.439780e-01 | val 9.514413e-01 |   4.391 s | best 9.514413e-01 @10 *
epoch   11 | train 8.450501e-01 | val 9.402858e-01 |   4.399 s | best 9.402858e-01 @11 *
epoch   12 | train 8.392966e-01 | val 9.284383e-01 |   4.400 s | best 9.284383e-01 @12 *
epoch   13 | train 8.424224e-01 | val 9.165953e-01 |   4.402 s | best 9.165953e-01 @13 *
epoch   14 | train 8.437712e-01 | val 9.053297e-01 |   4.400 s | best 9.053297e-01 @14 *
epoch   15 | train 8.386450e-01 | val 8.948981e-01 |   4.412 s | best 8.948981e-01 @15 *
epoch   16 | train 8.419070e-01 | val 8.854240e-01 |   4.407 s | best 8.854240e-01 @16 *
epoch   17 | train 8.385474e-01 | val 8.770108e-01 |   4.409 s | best 8.770108e-01 @17 *
epoch   18 | train 8.390806e-01 | val 8.697845e-01 |   4.402 s | best 8.697845e-01 @18 *
epoch   19 | train 8.402150e-01 | val 8.633388e-01 |   4.413 s | best 8.633388e-01 @19 *
epoch   20 | train 8.383257e-01 | val 8.578620e-01 |   4.381 s | best 8.578620e-01 @20 *
epoch   21 | train 8.359783e-01 | val 8.530717e-01 |   4.313 s | best 8.530717e-01 @21 *
epoch   22 | train 8.352729e-01 | val 8.489671e-01 |   4.289 s | best 8.489671e-01 @22 *
epoch   23 | train 8.386488e-01 | val 8.455163e-01 |   4.272 s | best 8.455163e-01 @23 *
epoch   24 | train 8.343217e-01 | val 8.425945e-01 |   4.274 s | best 8.425945e-01 @24 *
epoch   25 | train 8.375934e-01 | val 8.401189e-01 |   4.279 s | best 8.401189e-01 @25 *
epoch   26 | train 8.383329e-01 | val 8.379566e-01 |   4.275 s | best 8.379566e-01 @26 *
epoch   27 | train 8.386732e-01 | val 8.360729e-01 |   4.274 s | best 8.360729e-01 @27 *
epoch   28 | train 8.349354e-01 | val 8.344254e-01 |   4.286 s | best 8.344254e-01 @28 *
epoch   29 | train 8.372922e-01 | val 8.329656e-01 |   4.399 s | best 8.329656e-01 @29 *
epoch   30 | train 8.377576e-01 | val 8.317554e-01 |   4.338 s | best 8.317554e-01 @30 *
epoch   31 | train 8.347544e-01 | val 8.307595e-01 |   4.252 s | best 8.307595e-01 @31 *
epoch   32 | train 8.345905e-01 | val 8.299208e-01 |   4.271 s | best 8.299208e-01 @32 *
epoch   33 | train 8.354910e-01 | val 8.291304e-01 |   4.270 s | best 8.291304e-01 @33 *
epoch   34 | train 8.345187e-01 | val 8.283826e-01 |   4.268 s | best 8.283826e-01 @34 *
epoch   35 | train 8.357309e-01 | val 8.278277e-01 |   4.261 s | best 8.278277e-01 @35 *
epoch   36 | train 8.391128e-01 | val 8.273365e-01 |   4.261 s | best 8.273365e-01 @36 *
epoch   37 | train 8.347461e-01 | val 8.269101e-01 |   4.262 s | best 8.269101e-01 @37 *
epoch   38 | train 8.322756e-01 | val 8.265225e-01 |   4.285 s | best 8.265225e-01 @38 *
epoch   39 | train 8.340475e-01 | val 8.261573e-01 |   4.310 s | best 8.261573e-01 @39 *
epoch   40 | train 8.386313e-01 | val 8.257826e-01 |   4.305 s | best 8.257826e-01 @40 *
epoch   41 | train 8.334084e-01 | val 8.254632e-01 |   4.325 s | best 8.254632e-01 @41 *
epoch   42 | train 8.335727e-01 | val 8.251940e-01 |   4.298 s | best 8.251940e-01 @42 *
epoch   43 | train 8.311396e-01 | val 8.249197e-01 |   4.256 s | best 8.249197e-01 @43 *
epoch   44 | train 8.337417e-01 | val 8.247223e-01 |   4.262 s | best 8.247223e-01 @44 *
epoch   45 | train 8.351618e-01 | val 8.245553e-01 |   4.401 s | best 8.245553e-01 @45 *
epoch   46 | train 8.322191e-01 | val 8.244051e-01 |   4.425 s | best 8.244051e-01 @46 *
epoch   47 | train 8.335986e-01 | val 8.242588e-01 |   4.443 s | best 8.242588e-01 @47 *
epoch   48 | train 8.349533e-01 | val 8.241347e-01 |   4.457 s | best 8.241347e-01 @48 *
epoch   49 | train 8.337708e-01 | val 8.239883e-01 |   4.434 s | best 8.239883e-01 @49 *
epoch   50 | train 8.310899e-01 | val 8.238271e-01 |   4.332 s | best 8.238271e-01 @50 *
epoch   51 | train 8.361198e-01 | val 8.237100e-01 |   4.279 s | best 8.237100e-01 @51 *
epoch   52 | train 8.327347e-01 | val 8.236209e-01 |   4.305 s | best 8.236209e-01 @52 *
epoch   53 | train 8.339225e-01 | val 8.235355e-01 |   4.275 s | best 8.235355e-01 @53 *
epoch   54 | train 8.326060e-01 | val 8.234829e-01 |   4.280 s | best 8.234829e-01 @54 *
epoch   55 | train 8.311012e-01 | val 8.234170e-01 |   4.267 s | best 8.234170e-01 @55 *
epoch   56 | train 8.296014e-01 | val 8.233572e-01 |   4.297 s | best 8.233572e-01 @56 *
epoch   57 | train 8.320354e-01 | val 8.232669e-01 |   4.291 s | best 8.232669e-01 @57 *
epoch   58 | train 8.333177e-01 | val 8.232212e-01 |   4.296 s | best 8.232212e-01 @58 *
epoch   59 | train 8.315550e-01 | val 8.231609e-01 |   4.288 s | best 8.231609e-01 @59 *
epoch   60 | train 8.325252e-01 | val 8.231201e-01 |   4.309 s | best 8.231201e-01 @60 *
epoch   61 | train 8.330488e-01 | val 8.230904e-01 |   4.302 s | best 8.230904e-01 @61 *
epoch   62 | train 8.297030e-01 | val 8.230388e-01 |   4.289 s | best 8.230388e-01 @62 *
epoch   63 | train 8.349334e-01 | val 8.230024e-01 |   4.291 s | best 8.230024e-01 @63 *
epoch   64 | train 8.313657e-01 | val 8.229454e-01 |   4.242 s | best 8.229454e-01 @64 *
epoch   65 | train 8.357952e-01 | val 8.229024e-01 |   4.251 s | best 8.229024e-01 @65 *
epoch   66 | train 8.313415e-01 | val 8.228380e-01 |   4.236 s | best 8.228380e-01 @66 *
epoch   67 | train 8.302776e-01 | val 8.227741e-01 |   4.394 s | best 8.227741e-01 @67 *
epoch   68 | train 8.302807e-01 | val 8.227160e-01 |   4.372 s | best 8.227160e-01 @68 *
epoch   69 | train 8.327651e-01 | val 8.226969e-01 |   4.371 s | best 8.226969e-01 @69 *
epoch   70 | train 8.298669e-01 | val 8.226762e-01 |   4.377 s | best 8.226762e-01 @70 *
epoch   71 | train 8.295103e-01 | val 8.226891e-01 |   4.375 s | best 8.226762e-01 @70
epoch   72 | train 8.338335e-01 | val 8.226779e-01 |   4.370 s | best 8.226762e-01 @70
epoch   73 | train 8.307569e-01 | val 8.226506e-01 |   4.372 s | best 8.226506e-01 @73 *
epoch   74 | train 8.313714e-01 | val 8.226300e-01 |   4.380 s | best 8.226300e-01 @74 *
epoch   75 | train 8.336540e-01 | val 8.226466e-01 |   4.380 s | best 8.226300e-01 @74
epoch   76 | train 8.303386e-01 | val 8.226439e-01 |   4.384 s | best 8.226300e-01 @74
epoch   77 | train 8.309373e-01 | val 8.226511e-01 |   4.379 s | best 8.226300e-01 @74
epoch   78 | train 8.295181e-01 | val 8.226585e-01 |   4.370 s | best 8.226300e-01 @74
epoch   79 | train 8.279394e-01 | val 8.226515e-01 |   4.363 s | best 8.226300e-01 @74
epoch   80 | train 8.281496e-01 | val 8.226478e-01 |   4.292 s | best 8.226300e-01 @74
epoch   81 | train 8.305373e-01 | val 8.226511e-01 |   4.295 s | best 8.226300e-01 @74
epoch   82 | train 8.281897e-01 | val 8.226430e-01 |   4.286 s | best 8.226300e-01 @74
epoch   83 | train 8.333722e-01 | val 8.226270e-01 |   4.265 s | best 8.226270e-01 @83 *
epoch   84 | train 8.295658e-01 | val 8.226211e-01 |   4.285 s | best 8.226211e-01 @84 *
epoch   85 | train 8.260816e-01 | val 8.226165e-01 |   4.291 s | best 8.226165e-01 @85 *
epoch   86 | train 8.269102e-01 | val 8.226084e-01 |   4.300 s | best 8.226084e-01 @86 *
epoch   87 | train 8.375628e-01 | val 8.225901e-01 |   4.303 s | best 8.225901e-01 @87 *
epoch   88 | train 8.300963e-01 | val 8.225944e-01 |   4.249 s | best 8.225901e-01 @87
epoch   89 | train 8.321897e-01 | val 8.226330e-01 |   4.267 s | best 8.225901e-01 @87
epoch   90 | train 8.298071e-01 | val 8.226467e-01 |   4.338 s | best 8.225901e-01 @87
epoch   91 | train 8.300606e-01 | val 8.226628e-01 |   4.491 s | best 8.225901e-01 @87
epoch   92 | train 8.304495e-01 | val 8.226949e-01 |   4.497 s | best 8.225901e-01 @87
epoch   93 | train 8.280996e-01 | val 8.227483e-01 |   4.372 s | best 8.225901e-01 @87
epoch   94 | train 8.227610e-01 | val 8.227860e-01 |   4.275 s | best 8.225901e-01 @87
epoch   95 | train 8.286412e-01 | val 8.228199e-01 |   4.285 s | best 8.225901e-01 @87
epoch   96 | train 8.256662e-01 | val 8.228338e-01 |   4.289 s | best 8.225901e-01 @87
epoch   97 | train 8.324767e-01 | val 8.228768e-01 |   4.285 s | best 8.225901e-01 @87
epoch   98 | train 8.246551e-01 | val 8.229014e-01 |   4.282 s | best 8.225901e-01 @87
epoch   99 | train 8.260513e-01 | val 8.229186e-01 |   4.285 s | best 8.225901e-01 @87
epoch  100 | train 8.290440e-01 | val 8.229634e-01 |   4.288 s | best 8.225901e-01 @87
epoch  101 | train 8.261827e-01 | val 8.230181e-01 |   4.285 s | best 8.225901e-01 @87
epoch  102 | train 8.302622e-01 | val 8.230657e-01 |   4.292 s | best 8.225901e-01 @87
# done        : 102 epochs, stopped_by=patience, aborted=False, best val 8.225901e-01 @ epoch 87, wall 451.1 s, 4.422 s/epoch
