
# ===== 2026-09-20 23:39:14 KST  HPO attempt 516  testbed D1 prior S  Nr=8 Nt=4
# DEVICE      : cuda | cuda_available=True | NVIDIA RTX PRO 6000 Blackwell Server Edition | torch 2.14.0+cu130 | train dtype float32 (01_RULES §9.5)
# data        : n_train=9000 n_val=1000 split_hash=98d6225d67f9c15a E||H||_F^2/(NrNt)=1.000268 (04_SPEC §2)
# sigma grid  : MEASURED, 20 points, log-uniform draw over [3.2936e-02, 7.9084e-01]
# hp          : {'arch': 'adm', 'param': 'edm', 'domain': 'angle', 'lr': 0.0007785690222826101, 'ema': 0.9995, 'batch': 128, 'emb': 128, 'width': 48, 'depth': 8, 'heads': 2, 'attn_at': 8}  params=3362354
# stopping    : patience 15 on val loss, never before 0 epochs, max 600 (01_RULES §5)
epoch    1 | train 9.949537e-01 | val 9.906420e-01 |   5.749 s | best 9.906420e-01 @1 *
epoch    2 | train 8.918454e-01 | val 9.905418e-01 |   5.744 s | best 9.905418e-01 @2 *
epoch    3 | train 8.585998e-01 | val 9.903148e-01 |   5.740 s | best 9.903148e-01 @3 *
epoch    4 | train 8.521336e-01 | val 9.899024e-01 |   5.737 s | best 9.899024e-01 @4 *
epoch    5 | train 8.464202e-01 | val 9.891722e-01 |   5.739 s | best 9.891722e-01 @5 *
epoch    6 | train 8.517564e-01 | val 9.879648e-01 |   5.741 s | best 9.879648e-01 @6 *
epoch    7 | train 8.456622e-01 | val 9.861027e-01 |   5.752 s | best 9.861027e-01 @7 *
epoch    8 | train 8.459810e-01 | val 9.833530e-01 |   5.750 s | best 9.833530e-01 @8 *
epoch    9 | train 8.421643e-01 | val 9.794952e-01 |   5.753 s | best 9.794952e-01 @9 *
epoch   10 | train 8.407203e-01 | val 9.742773e-01 |   5.757 s | best 9.742773e-01 @10 *
epoch   11 | train 8.426456e-01 | val 9.676211e-01 |   5.753 s | best 9.676211e-01 @11 *
epoch   12 | train 8.407668e-01 | val 9.596140e-01 |   5.737 s | best 9.596140e-01 @12 *
epoch   13 | train 8.405787e-01 | val 9.504937e-01 |   5.753 s | best 9.504937e-01 @13 *
epoch   14 | train 8.394713e-01 | val 9.403950e-01 |   5.771 s | best 9.403950e-01 @14 *
epoch   15 | train 8.390274e-01 | val 9.299473e-01 |   5.727 s | best 9.299473e-01 @15 *
epoch   16 | train 8.398506e-01 | val 9.196863e-01 |   5.730 s | best 9.196863e-01 @16 *
epoch   17 | train 8.367817e-01 | val 9.102983e-01 |   5.741 s | best 9.102983e-01 @17 *
epoch   18 | train 8.347703e-01 | val 9.017124e-01 |   5.742 s | best 9.017124e-01 @18 *
epoch   19 | train 8.395782e-01 | val 8.943219e-01 |   5.731 s | best 8.943219e-01 @19 *
epoch   20 | train 8.399350e-01 | val 8.877727e-01 |   5.793 s | best 8.877727e-01 @20 *
epoch   21 | train 8.400712e-01 | val 8.820452e-01 |   5.755 s | best 8.820452e-01 @21 *
epoch   22 | train 8.325128e-01 | val 8.769343e-01 |   5.753 s | best 8.769343e-01 @22 *
epoch   23 | train 8.350755e-01 | val 8.723802e-01 |   5.738 s | best 8.723802e-01 @23 *
epoch   24 | train 8.361044e-01 | val 8.681338e-01 |   5.745 s | best 8.681338e-01 @24 *
epoch   25 | train 8.348687e-01 | val 8.643659e-01 |   5.746 s | best 8.643659e-01 @25 *
epoch   26 | train 8.366277e-01 | val 8.608866e-01 |   5.745 s | best 8.608866e-01 @26 *
epoch   27 | train 8.375971e-01 | val 8.579149e-01 |   5.746 s | best 8.579149e-01 @27 *
epoch   28 | train 8.363216e-01 | val 8.551203e-01 |   5.739 s | best 8.551203e-01 @28 *
epoch   29 | train 8.327968e-01 | val 8.526039e-01 |   5.746 s | best 8.526039e-01 @29 *
epoch   30 | train 8.359627e-01 | val 8.502296e-01 |   5.749 s | best 8.502296e-01 @30 *
epoch   31 | train 8.324405e-01 | val 8.480468e-01 |   5.736 s | best 8.480468e-01 @31 *
epoch   32 | train 8.315078e-01 | val 8.461030e-01 |   5.748 s | best 8.461030e-01 @32 *
epoch   33 | train 8.343418e-01 | val 8.442175e-01 |   5.750 s | best 8.442175e-01 @33 *
epoch   34 | train 8.381088e-01 | val 8.425878e-01 |   5.746 s | best 8.425878e-01 @34 *
epoch   35 | train 8.372483e-01 | val 8.409980e-01 |   5.883 s | best 8.409980e-01 @35 *
epoch   36 | train 8.310373e-01 | val 8.396009e-01 |   5.847 s | best 8.396009e-01 @36 *
epoch   37 | train 8.318625e-01 | val 8.383519e-01 |   5.988 s | best 8.383519e-01 @37 *
epoch   38 | train 8.356940e-01 | val 8.371291e-01 |   5.878 s | best 8.371291e-01 @38 *
epoch   39 | train 8.313625e-01 | val 8.359975e-01 |   5.750 s | best 8.359975e-01 @39 *
epoch   40 | train 8.337006e-01 | val 8.349875e-01 |   5.738 s | best 8.349875e-01 @40 *
epoch   41 | train 8.353984e-01 | val 8.340954e-01 |   5.745 s | best 8.340954e-01 @41 *
epoch   42 | train 8.326604e-01 | val 8.332435e-01 |   5.743 s | best 8.332435e-01 @42 *
epoch   43 | train 8.335144e-01 | val 8.324697e-01 |   5.808 s | best 8.324697e-01 @43 *
epoch   44 | train 8.317541e-01 | val 8.317067e-01 |   5.755 s | best 8.317067e-01 @44 *
epoch   45 | train 8.308208e-01 | val 8.309987e-01 |   5.773 s | best 8.309987e-01 @45 *
epoch   46 | train 8.355011e-01 | val 8.303693e-01 |   5.782 s | best 8.303693e-01 @46 *
epoch   47 | train 8.339524e-01 | val 8.297537e-01 |   5.750 s | best 8.297537e-01 @47 *
epoch   48 | train 8.309166e-01 | val 8.291822e-01 |   5.742 s | best 8.291822e-01 @48 *
epoch   49 | train 8.345504e-01 | val 8.286796e-01 |   5.746 s | best 8.286796e-01 @49 *
epoch   50 | train 8.290903e-01 | val 8.282406e-01 |   5.744 s | best 8.282406e-01 @50 *
epoch   51 | train 8.308918e-01 | val 8.278037e-01 |   5.749 s | best 8.278037e-01 @51 *
epoch   52 | train 8.329333e-01 | val 8.274277e-01 |   5.746 s | best 8.274277e-01 @52 *
epoch   53 | train 8.336423e-01 | val 8.270771e-01 |   5.735 s | best 8.270771e-01 @53 *
epoch   54 | train 8.348516e-01 | val 8.267292e-01 |   5.750 s | best 8.267292e-01 @54 *
epoch   55 | train 8.318717e-01 | val 8.263981e-01 |   5.750 s | best 8.263981e-01 @55 *
epoch   56 | train 8.334012e-01 | val 8.261143e-01 |   5.764 s | best 8.261143e-01 @56 *
epoch   57 | train 8.336671e-01 | val 8.258208e-01 |   5.757 s | best 8.258208e-01 @57 *
epoch   58 | train 8.310202e-01 | val 8.255911e-01 |   5.763 s | best 8.255911e-01 @58 *
epoch   59 | train 8.306412e-01 | val 8.253041e-01 |   5.760 s | best 8.253041e-01 @59 *
epoch   60 | train 8.342101e-01 | val 8.250462e-01 |   5.777 s | best 8.250462e-01 @60 *
epoch   61 | train 8.301079e-01 | val 8.248345e-01 |   5.747 s | best 8.248345e-01 @61 *
epoch   62 | train 8.329533e-01 | val 8.246569e-01 |   5.731 s | best 8.246569e-01 @62 *
epoch   63 | train 8.325061e-01 | val 8.244677e-01 |   5.748 s | best 8.244677e-01 @63 *
epoch   64 | train 8.312459e-01 | val 8.243221e-01 |   5.749 s | best 8.243221e-01 @64 *
epoch   65 | train 8.332354e-01 | val 8.241656e-01 |   5.745 s | best 8.241656e-01 @65 *
epoch   66 | train 8.317030e-01 | val 8.240356e-01 |   5.741 s | best 8.240356e-01 @66 *
epoch   67 | train 8.343265e-01 | val 8.239034e-01 |   5.735 s | best 8.239034e-01 @67 *
epoch   68 | train 8.327801e-01 | val 8.237767e-01 |   5.630 s | best 8.237767e-01 @68 *
epoch   69 | train 8.318934e-01 | val 8.236461e-01 |   5.569 s | best 8.236461e-01 @69 *
epoch   70 | train 8.278366e-01 | val 8.235172e-01 |   5.577 s | best 8.235172e-01 @70 *
epoch   71 | train 8.350712e-01 | val 8.234010e-01 |   5.614 s | best 8.234010e-01 @71 *
epoch   72 | train 8.336375e-01 | val 8.232799e-01 |   5.577 s | best 8.232799e-01 @72 *
epoch   73 | train 8.294296e-01 | val 8.231753e-01 |   5.583 s | best 8.231753e-01 @73 *
epoch   74 | train 8.333135e-01 | val 8.230661e-01 |   5.703 s | best 8.230661e-01 @74 *
epoch   75 | train 8.313971e-01 | val 8.229627e-01 |   5.736 s | best 8.229627e-01 @75 *
epoch   76 | train 8.335488e-01 | val 8.228670e-01 |   5.725 s | best 8.228670e-01 @76 *
epoch   77 | train 8.271542e-01 | val 8.227941e-01 |   5.723 s | best 8.227941e-01 @77 *
epoch   78 | train 8.341856e-01 | val 8.227233e-01 |   5.734 s | best 8.227233e-01 @78 *
epoch   79 | train 8.333119e-01 | val 8.226522e-01 |   5.764 s | best 8.226522e-01 @79 *
epoch   80 | train 8.331177e-01 | val 8.226041e-01 |   5.721 s | best 8.226041e-01 @80 *
epoch   81 | train 8.312384e-01 | val 8.225558e-01 |   5.728 s | best 8.225558e-01 @81 *
epoch   82 | train 8.312844e-01 | val 8.225245e-01 |   5.743 s | best 8.225245e-01 @82 *
epoch   83 | train 8.295416e-01 | val 8.224900e-01 |   5.728 s | best 8.224900e-01 @83 *
epoch   84 | train 8.358380e-01 | val 8.224843e-01 |   5.591 s | best 8.224843e-01 @84 *
epoch   85 | train 8.344774e-01 | val 8.224992e-01 |   5.616 s | best 8.224843e-01 @84
epoch   86 | train 8.330361e-01 | val 8.224904e-01 |   5.590 s | best 8.224843e-01 @84
epoch   87 | train 8.294770e-01 | val 8.224844e-01 |   5.597 s | best 8.224843e-01 @84
epoch   88 | train 8.321885e-01 | val 8.224434e-01 |   5.604 s | best 8.224434e-01 @88 *
epoch   89 | train 8.326192e-01 | val 8.224017e-01 |   5.603 s | best 8.224017e-01 @89 *
epoch   90 | train 8.329532e-01 | val 8.223519e-01 |   5.757 s | best 8.223519e-01 @90 *
epoch   91 | train 8.270298e-01 | val 8.222966e-01 |   5.914 s | best 8.222966e-01 @91 *
epoch   92 | train 8.291561e-01 | val 8.222464e-01 |   5.948 s | best 8.222464e-01 @92 *
epoch   93 | train 8.273403e-01 | val 8.221870e-01 |   6.001 s | best 8.221870e-01 @93 *
epoch   94 | train 8.291349e-01 | val 8.221306e-01 |   5.771 s | best 8.221306e-01 @94 *
epoch   95 | train 8.248185e-01 | val 8.220792e-01 |   5.755 s | best 8.220792e-01 @95 *
epoch   96 | train 8.289926e-01 | val 8.220522e-01 |   5.747 s | best 8.220522e-01 @96 *
epoch   97 | train 8.280436e-01 | val 8.220240e-01 |   5.754 s | best 8.220240e-01 @97 *
epoch   98 | train 8.268124e-01 | val 8.220104e-01 |   5.745 s | best 8.220104e-01 @98 *
epoch   99 | train 8.292026e-01 | val 8.220012e-01 |   5.747 s | best 8.220012e-01 @99 *
epoch  100 | train 8.296181e-01 | val 8.220014e-01 |   5.755 s | best 8.220012e-01 @99
epoch  101 | train 8.265677e-01 | val 8.220099e-01 |   5.744 s | best 8.220012e-01 @99
epoch  102 | train 8.320176e-01 | val 8.220162e-01 |   5.749 s | best 8.220012e-01 @99
epoch  103 | train 8.289708e-01 | val 8.220252e-01 |   5.745 s | best 8.220012e-01 @99
epoch  104 | train 8.305787e-01 | val 8.220149e-01 |   5.759 s | best 8.220012e-01 @99
epoch  105 | train 8.264005e-01 | val 8.219915e-01 |   5.747 s | best 8.219915e-01 @105 *
epoch  106 | train 8.302703e-01 | val 8.219653e-01 |   5.762 s | best 8.219653e-01 @106 *
epoch  107 | train 8.287496e-01 | val 8.219571e-01 |   5.754 s | best 8.219571e-01 @107 *
epoch  108 | train 8.239761e-01 | val 8.219565e-01 |   5.738 s | best 8.219565e-01 @108 *
epoch  109 | train 8.301255e-01 | val 8.219400e-01 |   5.747 s | best 8.219400e-01 @109 *
epoch  110 | train 8.288426e-01 | val 8.219420e-01 |   5.744 s | best 8.219400e-01 @109
epoch  111 | train 8.284184e-01 | val 8.219436e-01 |   5.750 s | best 8.219400e-01 @109
epoch  112 | train 8.298607e-01 | val 8.219289e-01 |   5.751 s | best 8.219289e-01 @112 *
epoch  113 | train 8.277893e-01 | val 8.219118e-01 |   5.773 s | best 8.219118e-01 @113 *
epoch  114 | train 8.281787e-01 | val 8.218951e-01 |   5.754 s | best 8.218951e-01 @114 *
epoch  115 | train 8.276356e-01 | val 8.218806e-01 |   5.748 s | best 8.218806e-01 @115 *
epoch  116 | train 8.265691e-01 | val 8.218706e-01 |   5.782 s | best 8.218706e-01 @116 *
epoch  117 | train 8.337918e-01 | val 8.218591e-01 |   5.744 s | best 8.218591e-01 @117 *
epoch  118 | train 8.312241e-01 | val 8.218432e-01 |   5.878 s | best 8.218432e-01 @118 *
epoch  119 | train 8.302495e-01 | val 8.218532e-01 |   5.954 s | best 8.218432e-01 @118
epoch  120 | train 8.309328e-01 | val 8.218653e-01 |   5.932 s | best 8.218432e-01 @118
epoch  121 | train 8.268732e-01 | val 8.218733e-01 |   5.950 s | best 8.218432e-01 @118
epoch  122 | train 8.268299e-01 | val 8.218737e-01 |   5.774 s | best 8.218432e-01 @118
epoch  123 | train 8.275294e-01 | val 8.218796e-01 |   5.671 s | best 8.218432e-01 @118
epoch  124 | train 8.268513e-01 | val 8.218738e-01 |   5.581 s | best 8.218432e-01 @118
epoch  125 | train 8.281884e-01 | val 8.218824e-01 |   5.629 s | best 8.218432e-01 @118
epoch  126 | train 8.300544e-01 | val 8.218948e-01 |   5.670 s | best 8.218432e-01 @118
epoch  127 | train 8.289918e-01 | val 8.219090e-01 |   5.644 s | best 8.218432e-01 @118
epoch  128 | train 8.292019e-01 | val 8.219219e-01 |   5.600 s | best 8.218432e-01 @118
epoch  129 | train 8.281651e-01 | val 8.219342e-01 |   5.628 s | best 8.218432e-01 @118
epoch  130 | train 8.291768e-01 | val 8.219468e-01 |   5.672 s | best 8.218432e-01 @118
epoch  131 | train 8.260617e-01 | val 8.219571e-01 |   5.781 s | best 8.218432e-01 @118
epoch  132 | train 8.283893e-01 | val 8.219830e-01 |   5.772 s | best 8.218432e-01 @118
epoch  133 | train 8.300740e-01 | val 8.220142e-01 |   5.749 s | best 8.218432e-01 @118
# done        : 133 epochs, stopped_by=patience, aborted=False, best val 8.218432e-01 @ epoch 118, wall 785.2 s, 5.904 s/epoch
