
# ===== 2026-09-20 23:57:41 KST  HPO attempt 529  testbed D1 prior S  Nr=8 Nt=4
# DEVICE      : cuda | cuda_available=True | NVIDIA RTX PRO 6000 Blackwell Server Edition | torch 2.14.0+cu130 | train dtype float32 (01_RULES §9.5)
# data        : n_train=9000 n_val=1000 split_hash=98d6225d67f9c15a E||H||_F^2/(NrNt)=1.000268 (04_SPEC §2)
# sigma grid  : MEASURED, 20 points, log-uniform draw over [3.2936e-02, 7.9084e-01]
# hp          : {'arch': 'conv', 'param': 've', 'domain': 'angle', 'lr': 0.002034087885290455, 'ema': 0.99, 'batch': 256, 'emb': 256, 'width': 48, 'depth': 6}  params=265874
# stopping    : patience 15 on val loss, never before 0 epochs, max 600 (01_RULES §5)
epoch    1 | train 9.014394e-01 | val 9.438679e-01 |   0.650 s | best 9.438679e-01 @1 *
epoch    2 | train 8.215994e-01 | val 9.138258e-01 |   0.986 s | best 9.138258e-01 @2 *
epoch    3 | train 7.793795e-01 | val 8.750597e-01 |   0.973 s | best 8.750597e-01 @3 *
epoch    4 | train 7.642425e-01 | val 8.320746e-01 |   1.016 s | best 8.320746e-01 @4 *
epoch    5 | train 7.653365e-01 | val 7.950817e-01 |   0.974 s | best 7.950817e-01 @5 *
epoch    6 | train 7.561636e-01 | val 7.695376e-01 |   0.994 s | best 7.695376e-01 @6 *
epoch    7 | train 7.597591e-01 | val 7.542532e-01 |   1.003 s | best 7.542532e-01 @7 *
epoch    8 | train 7.596647e-01 | val 7.454678e-01 |   0.974 s | best 7.454678e-01 @8 *
epoch    9 | train 7.552887e-01 | val 7.407061e-01 |   0.996 s | best 7.407061e-01 @9 *
epoch   10 | train 7.545941e-01 | val 7.376749e-01 |   0.988 s | best 7.376749e-01 @10 *
epoch   11 | train 7.584013e-01 | val 7.360218e-01 |   0.967 s | best 7.360218e-01 @11 *
epoch   12 | train 7.532349e-01 | val 7.347879e-01 |   1.004 s | best 7.347879e-01 @12 *
epoch   13 | train 7.483718e-01 | val 7.339938e-01 |   0.979 s | best 7.339938e-01 @13 *
epoch   14 | train 7.529113e-01 | val 7.333430e-01 |   0.967 s | best 7.333430e-01 @14 *
epoch   15 | train 7.531702e-01 | val 7.330725e-01 |   1.002 s | best 7.330725e-01 @15 *
epoch   16 | train 7.498259e-01 | val 7.325557e-01 |   0.975 s | best 7.325557e-01 @16 *
epoch   17 | train 7.497375e-01 | val 7.322868e-01 |   0.982 s | best 7.322868e-01 @17 *
epoch   18 | train 7.491244e-01 | val 7.321381e-01 |   0.996 s | best 7.321381e-01 @18 *
epoch   19 | train 7.526279e-01 | val 7.321288e-01 |   0.969 s | best 7.321288e-01 @19 *
epoch   20 | train 7.500786e-01 | val 7.319404e-01 |   0.988 s | best 7.319404e-01 @20 *
epoch   21 | train 7.481894e-01 | val 7.318025e-01 |   0.994 s | best 7.318025e-01 @21 *
epoch   22 | train 7.505402e-01 | val 7.316474e-01 |   0.966 s | best 7.316474e-01 @22 *
epoch   23 | train 7.470394e-01 | val 7.315679e-01 |   0.991 s | best 7.315679e-01 @23 *
epoch   24 | train 7.529530e-01 | val 7.313727e-01 |   0.989 s | best 7.313727e-01 @24 *
epoch   25 | train 7.536712e-01 | val 7.312952e-01 |   0.965 s | best 7.312952e-01 @25 *
epoch   26 | train 7.471878e-01 | val 7.312497e-01 |   0.999 s | best 7.312497e-01 @26 *
epoch   27 | train 7.518425e-01 | val 7.310987e-01 |   1.010 s | best 7.310987e-01 @27 *
epoch   28 | train 7.525288e-01 | val 7.311223e-01 |   1.044 s | best 7.310987e-01 @27
epoch   29 | train 7.516290e-01 | val 7.313262e-01 |   1.047 s | best 7.310987e-01 @27
epoch   30 | train 7.436127e-01 | val 7.311958e-01 |   1.044 s | best 7.310987e-01 @27
epoch   31 | train 7.472229e-01 | val 7.311146e-01 |   1.047 s | best 7.310987e-01 @27
epoch   32 | train 7.487442e-01 | val 7.310560e-01 |   1.035 s | best 7.310560e-01 @32 *
epoch   33 | train 7.479217e-01 | val 7.309237e-01 |   1.044 s | best 7.309237e-01 @33 *
epoch   34 | train 7.560150e-01 | val 7.308803e-01 |   1.045 s | best 7.308803e-01 @34 *
epoch   35 | train 7.471140e-01 | val 7.308350e-01 |   1.035 s | best 7.308350e-01 @35 *
epoch   36 | train 7.521957e-01 | val 7.307795e-01 |   1.026 s | best 7.307795e-01 @36 *
epoch   37 | train 7.443247e-01 | val 7.307100e-01 |   1.021 s | best 7.307100e-01 @37 *
epoch   38 | train 7.464370e-01 | val 7.306265e-01 |   1.002 s | best 7.306265e-01 @38 *
epoch   39 | train 7.476071e-01 | val 7.306020e-01 |   1.004 s | best 7.306020e-01 @39 *
epoch   40 | train 7.491356e-01 | val 7.305173e-01 |   1.001 s | best 7.305173e-01 @40 *
epoch   41 | train 7.446097e-01 | val 7.305303e-01 |   1.000 s | best 7.305173e-01 @40
epoch   42 | train 7.466143e-01 | val 7.305169e-01 |   1.001 s | best 7.305169e-01 @42 *
epoch   43 | train 7.498000e-01 | val 7.304292e-01 |   1.001 s | best 7.304292e-01 @43 *
epoch   44 | train 7.435668e-01 | val 7.303728e-01 |   1.003 s | best 7.303728e-01 @44 *
epoch   45 | train 7.507484e-01 | val 7.303188e-01 |   1.006 s | best 7.303188e-01 @45 *
epoch   46 | train 7.474273e-01 | val 7.301626e-01 |   1.001 s | best 7.301626e-01 @46 *
epoch   47 | train 7.481782e-01 | val 7.302218e-01 |   1.002 s | best 7.301626e-01 @46
epoch   48 | train 7.522131e-01 | val 7.301344e-01 |   1.017 s | best 7.301344e-01 @48 *
epoch   49 | train 7.495806e-01 | val 7.302505e-01 |   1.006 s | best 7.301344e-01 @48
epoch   50 | train 7.439108e-01 | val 7.301713e-01 |   1.003 s | best 7.301344e-01 @48
epoch   51 | train 7.445390e-01 | val 7.300994e-01 |   1.006 s | best 7.300994e-01 @51 *
epoch   52 | train 7.479483e-01 | val 7.302231e-01 |   1.004 s | best 7.300994e-01 @51
epoch   53 | train 7.453063e-01 | val 7.303190e-01 |   1.004 s | best 7.300994e-01 @51
epoch   54 | train 7.460144e-01 | val 7.302998e-01 |   1.011 s | best 7.300994e-01 @51
epoch   55 | train 7.439864e-01 | val 7.303219e-01 |   1.032 s | best 7.300994e-01 @51
epoch   56 | train 7.471277e-01 | val 7.303283e-01 |   1.069 s | best 7.300994e-01 @51
epoch   57 | train 7.478139e-01 | val 7.301586e-01 |   1.070 s | best 7.300994e-01 @51
epoch   58 | train 7.473884e-01 | val 7.300766e-01 |   1.060 s | best 7.300766e-01 @58 *
epoch   59 | train 7.483156e-01 | val 7.301061e-01 |   1.045 s | best 7.300766e-01 @58
epoch   60 | train 7.463044e-01 | val 7.302623e-01 |   1.066 s | best 7.300766e-01 @58
epoch   61 | train 7.463762e-01 | val 7.300514e-01 |   1.058 s | best 7.300514e-01 @61 *
epoch   62 | train 7.454818e-01 | val 7.300839e-01 |   1.046 s | best 7.300514e-01 @61
epoch   63 | train 7.456658e-01 | val 7.300720e-01 |   1.043 s | best 7.300514e-01 @61
epoch   64 | train 7.465809e-01 | val 7.300278e-01 |   1.039 s | best 7.300278e-01 @64 *
epoch   65 | train 7.485211e-01 | val 7.301003e-01 |   1.040 s | best 7.300278e-01 @64
epoch   66 | train 7.451798e-01 | val 7.302483e-01 |   1.047 s | best 7.300278e-01 @64
epoch   67 | train 7.421451e-01 | val 7.302154e-01 |   1.040 s | best 7.300278e-01 @64
epoch   68 | train 7.436599e-01 | val 7.302997e-01 |   1.030 s | best 7.300278e-01 @64
epoch   69 | train 7.499059e-01 | val 7.303829e-01 |   1.035 s | best 7.300278e-01 @64
epoch   70 | train 7.472312e-01 | val 7.303066e-01 |   1.030 s | best 7.300278e-01 @64
epoch   71 | train 7.451618e-01 | val 7.302213e-01 |   1.008 s | best 7.300278e-01 @64
epoch   72 | train 7.499628e-01 | val 7.303429e-01 |   1.011 s | best 7.300278e-01 @64
epoch   73 | train 7.442337e-01 | val 7.305054e-01 |   0.992 s | best 7.300278e-01 @64
epoch   74 | train 7.429823e-01 | val 7.305138e-01 |   0.993 s | best 7.300278e-01 @64
epoch   75 | train 7.510192e-01 | val 7.305015e-01 |   0.985 s | best 7.300278e-01 @64
epoch   76 | train 7.418702e-01 | val 7.304049e-01 |   0.993 s | best 7.300278e-01 @64
epoch   77 | train 7.512283e-01 | val 7.304558e-01 |   0.983 s | best 7.300278e-01 @64
epoch   78 | train 7.435072e-01 | val 7.302672e-01 |   0.994 s | best 7.300278e-01 @64
epoch   79 | train 7.440388e-01 | val 7.302449e-01 |   0.983 s | best 7.300278e-01 @64
# done        : 79 epochs, stopped_by=patience, aborted=False, best val 7.300278e-01 @ epoch 64, wall 82.4 s, 1.044 s/epoch
