
# ===== 2026-09-21 00:58:21 KST  HPO attempt 591  testbed D1 prior S  Nr=8 Nt=4
# DEVICE      : cuda | cuda_available=True | NVIDIA RTX PRO 6000 Blackwell Server Edition | torch 2.14.0+cu130 | train dtype float32 (01_RULES §9.5)
# data        : n_train=9000 n_val=1000 split_hash=98d6225d67f9c15a E||H||_F^2/(NrNt)=1.000268 (04_SPEC §2)
# sigma grid  : MEASURED, 20 points, log-uniform draw over [3.2936e-02, 7.9084e-01]
# hp          : {'arch': 'dit', 'param': 'vp', 'domain': 'angle', 'lr': 0.0014159088246368983, 'ema': 0.9995, 'batch': 128, 'emb': 256, 'width': 64, 'depth': 6, 'heads': 8, 'patch': 1}  params=479426
# stopping    : patience 15 on val loss, never before 0 epochs, max 600 (01_RULES §5)
epoch    1 | train 8.425456e-01 | val 9.829354e-01 |   2.567 s | best 9.829354e-01 @1 *
epoch    2 | train 8.073388e-01 | val 9.774147e-01 |   2.753 s | best 9.774147e-01 @2 *
epoch    3 | train 7.988123e-01 | val 9.739406e-01 |   2.729 s | best 9.739406e-01 @3 *
epoch    4 | train 7.935690e-01 | val 9.709554e-01 |   2.729 s | best 9.709554e-01 @4 *
epoch    5 | train 7.934741e-01 | val 9.680830e-01 |   2.731 s | best 9.680830e-01 @5 *
epoch    6 | train 7.961152e-01 | val 9.652426e-01 |   2.725 s | best 9.652426e-01 @6 *
epoch    7 | train 7.962681e-01 | val 9.620938e-01 |   2.730 s | best 9.620938e-01 @7 *
epoch    8 | train 7.950606e-01 | val 9.589632e-01 |   2.725 s | best 9.589632e-01 @8 *
epoch    9 | train 7.931212e-01 | val 9.559949e-01 |   2.722 s | best 9.559949e-01 @9 *
epoch   10 | train 7.922260e-01 | val 9.528168e-01 |   2.727 s | best 9.528168e-01 @10 *
epoch   11 | train 7.892552e-01 | val 9.495769e-01 |   2.722 s | best 9.495769e-01 @11 *
epoch   12 | train 7.917285e-01 | val 9.461825e-01 |   2.725 s | best 9.461825e-01 @12 *
epoch   13 | train 7.926756e-01 | val 9.425440e-01 |   2.727 s | best 9.425440e-01 @13 *
epoch   14 | train 7.878930e-01 | val 9.384956e-01 |   2.732 s | best 9.384956e-01 @14 *
epoch   15 | train 7.861965e-01 | val 9.343548e-01 |   2.727 s | best 9.343548e-01 @15 *
epoch   16 | train 7.829206e-01 | val 9.296247e-01 |   2.727 s | best 9.296247e-01 @16 *
epoch   17 | train 7.817995e-01 | val 9.246684e-01 |   2.731 s | best 9.246684e-01 @17 *
epoch   18 | train 7.747018e-01 | val 9.194533e-01 |   2.732 s | best 9.194533e-01 @18 *
epoch   19 | train 7.816315e-01 | val 9.138929e-01 |   2.726 s | best 9.138929e-01 @19 *
epoch   20 | train 7.773299e-01 | val 9.080724e-01 |   2.729 s | best 9.080724e-01 @20 *
epoch   21 | train 7.753555e-01 | val 9.019866e-01 |   2.727 s | best 9.019866e-01 @21 *
epoch   22 | train 7.705471e-01 | val 8.955330e-01 |   2.731 s | best 8.955330e-01 @22 *
epoch   23 | train 7.693739e-01 | val 8.888356e-01 |   2.725 s | best 8.888356e-01 @23 *
epoch   24 | train 7.669296e-01 | val 8.820804e-01 |   2.727 s | best 8.820804e-01 @24 *
epoch   25 | train 7.644289e-01 | val 8.752166e-01 |   2.727 s | best 8.752166e-01 @25 *
epoch   26 | train 7.612873e-01 | val 8.682535e-01 |   2.732 s | best 8.682535e-01 @26 *
epoch   27 | train 7.626382e-01 | val 8.611574e-01 |   2.731 s | best 8.611574e-01 @27 *
epoch   28 | train 7.586614e-01 | val 8.540797e-01 |   2.729 s | best 8.540797e-01 @28 *
epoch   29 | train 7.593285e-01 | val 8.471582e-01 |   2.731 s | best 8.471582e-01 @29 *
epoch   30 | train 7.572717e-01 | val 8.404216e-01 |   2.731 s | best 8.404216e-01 @30 *
epoch   31 | train 7.560697e-01 | val 8.339930e-01 |   2.727 s | best 8.339930e-01 @31 *
epoch   32 | train 7.556349e-01 | val 8.279119e-01 |   2.729 s | best 8.279119e-01 @32 *
epoch   33 | train 7.578889e-01 | val 8.221489e-01 |   2.727 s | best 8.221489e-01 @33 *
epoch   34 | train 7.555584e-01 | val 8.165784e-01 |   2.729 s | best 8.165784e-01 @34 *
epoch   35 | train 7.531142e-01 | val 8.113849e-01 |   2.725 s | best 8.113849e-01 @35 *
epoch   36 | train 7.553625e-01 | val 8.066266e-01 |   2.725 s | best 8.066266e-01 @36 *
epoch   37 | train 7.527320e-01 | val 8.022594e-01 |   2.735 s | best 8.022594e-01 @37 *
epoch   38 | train 7.611555e-01 | val 7.982948e-01 |   2.679 s | best 7.982948e-01 @38 *
epoch   39 | train 7.512290e-01 | val 7.946599e-01 |   2.730 s | best 7.946599e-01 @39 *
epoch   40 | train 7.530245e-01 | val 7.913247e-01 |   2.728 s | best 7.913247e-01 @40 *
epoch   41 | train 7.568779e-01 | val 7.883277e-01 |   2.737 s | best 7.883277e-01 @41 *
epoch   42 | train 7.530657e-01 | val 7.856408e-01 |   2.733 s | best 7.856408e-01 @42 *
epoch   43 | train 7.522127e-01 | val 7.832184e-01 |   2.731 s | best 7.832184e-01 @43 *
epoch   44 | train 7.513554e-01 | val 7.809685e-01 |   2.731 s | best 7.809685e-01 @44 *
epoch   45 | train 7.515527e-01 | val 7.788952e-01 |   2.727 s | best 7.788952e-01 @45 *
epoch   46 | train 7.536990e-01 | val 7.770116e-01 |   2.729 s | best 7.770116e-01 @46 *
epoch   47 | train 7.540093e-01 | val 7.752394e-01 |   2.721 s | best 7.752394e-01 @47 *
epoch   48 | train 7.505229e-01 | val 7.736208e-01 |   2.703 s | best 7.736208e-01 @48 *
epoch   49 | train 7.555638e-01 | val 7.720291e-01 |   2.705 s | best 7.720291e-01 @49 *
epoch   50 | train 7.490075e-01 | val 7.705473e-01 |   2.709 s | best 7.705473e-01 @50 *
epoch   51 | train 7.512208e-01 | val 7.690741e-01 |   2.709 s | best 7.690741e-01 @51 *
epoch   52 | train 7.490412e-01 | val 7.676455e-01 |   2.710 s | best 7.676455e-01 @52 *
epoch   53 | train 7.536743e-01 | val 7.662525e-01 |   2.713 s | best 7.662525e-01 @53 *
epoch   54 | train 7.482479e-01 | val 7.648652e-01 |   2.708 s | best 7.648652e-01 @54 *
epoch   55 | train 7.481413e-01 | val 7.635497e-01 |   2.707 s | best 7.635497e-01 @55 *
epoch   56 | train 7.496694e-01 | val 7.622352e-01 |   2.725 s | best 7.622352e-01 @56 *
epoch   57 | train 7.489988e-01 | val 7.609385e-01 |   2.713 s | best 7.609385e-01 @57 *
epoch   58 | train 7.542837e-01 | val 7.596786e-01 |   2.706 s | best 7.596786e-01 @58 *
epoch   59 | train 7.492546e-01 | val 7.584505e-01 |   2.700 s | best 7.584505e-01 @59 *
epoch   60 | train 7.489622e-01 | val 7.572714e-01 |   2.703 s | best 7.572714e-01 @60 *
epoch   61 | train 7.507731e-01 | val 7.561357e-01 |   2.704 s | best 7.561357e-01 @61 *
epoch   62 | train 7.512349e-01 | val 7.549936e-01 |   2.697 s | best 7.549936e-01 @62 *
epoch   63 | train 7.454579e-01 | val 7.538816e-01 |   2.691 s | best 7.538816e-01 @63 *
epoch   64 | train 7.513048e-01 | val 7.528331e-01 |   2.719 s | best 7.528331e-01 @64 *
epoch   65 | train 7.463030e-01 | val 7.518187e-01 |   2.752 s | best 7.518187e-01 @65 *
epoch   66 | train 7.486568e-01 | val 7.508212e-01 |   2.722 s | best 7.508212e-01 @66 *
epoch   67 | train 7.454251e-01 | val 7.498799e-01 |   2.726 s | best 7.498799e-01 @67 *
epoch   68 | train 7.476472e-01 | val 7.489700e-01 |   2.743 s | best 7.489700e-01 @68 *
epoch   69 | train 7.461768e-01 | val 7.481072e-01 |   2.844 s | best 7.481072e-01 @69 *
epoch   70 | train 7.476001e-01 | val 7.472842e-01 |   2.842 s | best 7.472842e-01 @70 *
epoch   71 | train 7.458351e-01 | val 7.464828e-01 |   2.869 s | best 7.464828e-01 @71 *
epoch   72 | train 7.440795e-01 | val 7.457185e-01 |   2.889 s | best 7.457185e-01 @72 *
epoch   73 | train 7.428798e-01 | val 7.449934e-01 |   2.907 s | best 7.449934e-01 @73 *
epoch   74 | train 7.441513e-01 | val 7.443064e-01 |   2.908 s | best 7.443064e-01 @74 *
epoch   75 | train 7.422704e-01 | val 7.436689e-01 |   0.977 s | best 7.436689e-01 @75 *
epoch   76 | train 7.392273e-01 | val 7.430668e-01 |   1.173 s | best 7.430668e-01 @76 *
epoch   77 | train 7.402587e-01 | val 7.425032e-01 |   0.714 s | best 7.425032e-01 @77 *
epoch   78 | train 7.469449e-01 | val 7.419462e-01 |   0.733 s | best 7.419462e-01 @78 *
epoch   79 | train 7.459868e-01 | val 7.413990e-01 |   0.712 s | best 7.413990e-01 @79 *
epoch   80 | train 7.471771e-01 | val 7.408643e-01 |   0.711 s | best 7.408643e-01 @80 *
epoch   81 | train 7.437712e-01 | val 7.403663e-01 |   0.720 s | best 7.403663e-01 @81 *
epoch   82 | train 7.421986e-01 | val 7.398595e-01 |   0.714 s | best 7.398595e-01 @82 *
epoch   83 | train 7.425834e-01 | val 7.393857e-01 |   0.742 s | best 7.393857e-01 @83 *
epoch   84 | train 7.417511e-01 | val 7.389246e-01 |   2.399 s | best 7.389246e-01 @84 *
epoch   85 | train 7.444916e-01 | val 7.384745e-01 |   2.642 s | best 7.384745e-01 @85 *
epoch   86 | train 7.449058e-01 | val 7.380353e-01 |   2.642 s | best 7.380353e-01 @86 *
epoch   87 | train 7.443087e-01 | val 7.376124e-01 |   2.638 s | best 7.376124e-01 @87 *
epoch   88 | train 7.437104e-01 | val 7.372252e-01 |   2.634 s | best 7.372252e-01 @88 *
epoch   89 | train 7.417017e-01 | val 7.368324e-01 |   2.642 s | best 7.368324e-01 @89 *
epoch   90 | train 7.469942e-01 | val 7.364246e-01 |   2.640 s | best 7.364246e-01 @90 *
epoch   91 | train 7.378606e-01 | val 7.360478e-01 |   2.637 s | best 7.360478e-01 @91 *
epoch   92 | train 7.418688e-01 | val 7.356670e-01 |   2.635 s | best 7.356670e-01 @92 *
epoch   93 | train 7.460093e-01 | val 7.353090e-01 |   2.636 s | best 7.353090e-01 @93 *
epoch   94 | train 7.453050e-01 | val 7.349696e-01 |   2.637 s | best 7.349696e-01 @94 *
epoch   95 | train 7.387893e-01 | val 7.346351e-01 |   2.529 s | best 7.346351e-01 @95 *
epoch   96 | train 7.380279e-01 | val 7.343117e-01 |   2.704 s | best 7.343117e-01 @96 *
epoch   97 | train 7.426998e-01 | val 7.339852e-01 |   2.735 s | best 7.339852e-01 @97 *
epoch   98 | train 7.463925e-01 | val 7.336819e-01 |   2.738 s | best 7.336819e-01 @98 *
epoch   99 | train 7.424769e-01 | val 7.334081e-01 |   2.737 s | best 7.334081e-01 @99 *
epoch  100 | train 7.404227e-01 | val 7.331414e-01 |   2.738 s | best 7.331414e-01 @100 *
epoch  101 | train 7.459468e-01 | val 7.328748e-01 |   2.736 s | best 7.328748e-01 @101 *
epoch  102 | train 7.410410e-01 | val 7.326182e-01 |   2.736 s | best 7.326182e-01 @102 *
epoch  103 | train 7.405724e-01 | val 7.323790e-01 |   2.734 s | best 7.323790e-01 @103 *
epoch  104 | train 7.452352e-01 | val 7.321451e-01 |   2.735 s | best 7.321451e-01 @104 *
epoch  105 | train 7.401502e-01 | val 7.319245e-01 |   2.734 s | best 7.319245e-01 @105 *
epoch  106 | train 7.442382e-01 | val 7.317234e-01 |   2.735 s | best 7.317234e-01 @106 *
epoch  107 | train 7.430809e-01 | val 7.315378e-01 |   2.738 s | best 7.315378e-01 @107 *
epoch  108 | train 7.467924e-01 | val 7.313551e-01 |   2.737 s | best 7.313551e-01 @108 *
epoch  109 | train 7.421280e-01 | val 7.311754e-01 |   2.741 s | best 7.311754e-01 @109 *
epoch  110 | train 7.448204e-01 | val 7.310119e-01 |   2.736 s | best 7.310119e-01 @110 *
epoch  111 | train 7.458666e-01 | val 7.308445e-01 |   2.740 s | best 7.308445e-01 @111 *
epoch  112 | train 7.392346e-01 | val 7.306868e-01 |   2.742 s | best 7.306868e-01 @112 *
epoch  113 | train 7.413147e-01 | val 7.305411e-01 |   2.741 s | best 7.305411e-01 @113 *
epoch  114 | train 7.437082e-01 | val 7.304071e-01 |   2.743 s | best 7.304071e-01 @114 *
epoch  115 | train 7.442766e-01 | val 7.302690e-01 |   2.743 s | best 7.302690e-01 @115 *
epoch  116 | train 7.387969e-01 | val 7.301425e-01 |   2.741 s | best 7.301425e-01 @116 *
epoch  117 | train 7.467022e-01 | val 7.300174e-01 |   2.739 s | best 7.300174e-01 @117 *
epoch  118 | train 7.375716e-01 | val 7.298945e-01 |   2.741 s | best 7.298945e-01 @118 *
epoch  119 | train 7.391738e-01 | val 7.297776e-01 |   2.751 s | best 7.297776e-01 @119 *
epoch  120 | train 7.363187e-01 | val 7.296711e-01 |   2.744 s | best 7.296711e-01 @120 *
epoch  121 | train 7.392617e-01 | val 7.295685e-01 |   2.746 s | best 7.295685e-01 @121 *
epoch  122 | train 7.438187e-01 | val 7.294760e-01 |   2.746 s | best 7.294760e-01 @122 *
epoch  123 | train 7.382992e-01 | val 7.293785e-01 |   2.747 s | best 7.293785e-01 @123 *
epoch  124 | train 7.459327e-01 | val 7.292980e-01 |   2.760 s | best 7.292980e-01 @124 *
epoch  125 | train 7.408097e-01 | val 7.292155e-01 |   2.751 s | best 7.292155e-01 @125 *
epoch  126 | train 7.416153e-01 | val 7.291421e-01 |   2.741 s | best 7.291421e-01 @126 *
epoch  127 | train 7.410895e-01 | val 7.290807e-01 |   2.747 s | best 7.290807e-01 @127 *
epoch  128 | train 7.417192e-01 | val 7.290032e-01 |   2.701 s | best 7.290032e-01 @128 *
epoch  129 | train 7.372073e-01 | val 7.289308e-01 |   2.682 s | best 7.289308e-01 @129 *
epoch  130 | train 7.388862e-01 | val 7.288638e-01 |   2.683 s | best 7.288638e-01 @130 *
epoch  131 | train 7.428201e-01 | val 7.288048e-01 |   2.677 s | best 7.288048e-01 @131 *
epoch  132 | train 7.394620e-01 | val 7.287413e-01 |   2.677 s | best 7.287413e-01 @132 *
epoch  133 | train 7.435064e-01 | val 7.286784e-01 |   2.693 s | best 7.286784e-01 @133 *
epoch  134 | train 7.437008e-01 | val 7.286310e-01 |   2.683 s | best 7.286310e-01 @134 *
epoch  135 | train 7.427456e-01 | val 7.285774e-01 |   2.688 s | best 7.285774e-01 @135 *
epoch  136 | train 7.387997e-01 | val 7.285418e-01 |   2.685 s | best 7.285418e-01 @136 *
epoch  137 | train 7.380475e-01 | val 7.284949e-01 |   2.676 s | best 7.284949e-01 @137 *
epoch  138 | train 7.365983e-01 | val 7.284561e-01 |   2.675 s | best 7.284561e-01 @138 *
epoch  139 | train 7.405210e-01 | val 7.284136e-01 |   2.678 s | best 7.284136e-01 @139 *
epoch  140 | train 7.382577e-01 | val 7.283590e-01 |   2.677 s | best 7.283590e-01 @140 *
epoch  141 | train 7.415798e-01 | val 7.283218e-01 |   2.713 s | best 7.283218e-01 @141 *
epoch  142 | train 7.380126e-01 | val 7.282912e-01 |   2.760 s | best 7.282912e-01 @142 *
epoch  143 | train 7.390472e-01 | val 7.282618e-01 |   2.689 s | best 7.282618e-01 @143 *
epoch  144 | train 7.394499e-01 | val 7.282194e-01 |   2.644 s | best 7.282194e-01 @144 *
epoch  145 | train 7.409888e-01 | val 7.281799e-01 |   2.653 s | best 7.281799e-01 @145 *
epoch  146 | train 7.430926e-01 | val 7.281516e-01 |   2.645 s | best 7.281516e-01 @146 *
epoch  147 | train 7.391714e-01 | val 7.281183e-01 |   2.650 s | best 7.281183e-01 @147 *
epoch  148 | train 7.412138e-01 | val 7.280862e-01 |   2.647 s | best 7.280862e-01 @148 *
epoch  149 | train 7.422504e-01 | val 7.280672e-01 |   2.650 s | best 7.280672e-01 @149 *
epoch  150 | train 7.399984e-01 | val 7.280573e-01 |   2.643 s | best 7.280573e-01 @150 *
epoch  151 | train 7.387652e-01 | val 7.280377e-01 |   2.649 s | best 7.280377e-01 @151 *
epoch  152 | train 7.399368e-01 | val 7.280079e-01 |   2.645 s | best 7.280079e-01 @152 *
epoch  153 | train 7.393192e-01 | val 7.279883e-01 |   2.639 s | best 7.279883e-01 @153 *
epoch  154 | train 7.422048e-01 | val 7.279664e-01 |   2.640 s | best 7.279664e-01 @154 *
epoch  155 | train 7.430120e-01 | val 7.279492e-01 |   2.638 s | best 7.279492e-01 @155 *
epoch  156 | train 7.384972e-01 | val 7.279426e-01 |   2.667 s | best 7.279426e-01 @156 *
epoch  157 | train 7.407471e-01 | val 7.279349e-01 |   2.692 s | best 7.279349e-01 @157 *
epoch  158 | train 7.371834e-01 | val 7.279250e-01 |   2.676 s | best 7.279250e-01 @158 *
epoch  159 | train 7.412092e-01 | val 7.279225e-01 |   2.677 s | best 7.279225e-01 @159 *
epoch  160 | train 7.460334e-01 | val 7.279213e-01 |   2.689 s | best 7.279213e-01 @160 *
epoch  161 | train 7.441179e-01 | val 7.279150e-01 |   2.681 s | best 7.279150e-01 @161 *
epoch  162 | train 7.418892e-01 | val 7.279146e-01 |   2.679 s | best 7.279146e-01 @162 *
epoch  163 | train 7.429654e-01 | val 7.279098e-01 |   2.674 s | best 7.279098e-01 @163 *
epoch  164 | train 7.434413e-01 | val 7.278936e-01 |   2.667 s | best 7.278936e-01 @164 *
epoch  165 | train 7.372703e-01 | val 7.278872e-01 |   2.662 s | best 7.278872e-01 @165 *
epoch  166 | train 7.427973e-01 | val 7.278874e-01 |   2.741 s | best 7.278872e-01 @165
epoch  167 | train 7.396946e-01 | val 7.278866e-01 |   2.728 s | best 7.278866e-01 @167 *
epoch  168 | train 7.424823e-01 | val 7.278816e-01 |   2.769 s | best 7.278816e-01 @168 *
epoch  169 | train 7.361020e-01 | val 7.278720e-01 |   2.793 s | best 7.278720e-01 @169 *
epoch  170 | train 7.434352e-01 | val 7.278765e-01 |   2.800 s | best 7.278720e-01 @169
epoch  171 | train 7.339708e-01 | val 7.278705e-01 |   2.788 s | best 7.278705e-01 @171 *
epoch  172 | train 7.416616e-01 | val 7.278549e-01 |   2.798 s | best 7.278549e-01 @172 *
epoch  173 | train 7.431588e-01 | val 7.278509e-01 |   2.781 s | best 7.278509e-01 @173 *
epoch  174 | train 7.380663e-01 | val 7.278534e-01 |   2.764 s | best 7.278509e-01 @173
epoch  175 | train 7.412654e-01 | val 7.278641e-01 |   2.693 s | best 7.278509e-01 @173
epoch  176 | train 7.425316e-01 | val 7.278706e-01 |   2.683 s | best 7.278509e-01 @173
epoch  177 | train 7.437312e-01 | val 7.278871e-01 |   2.682 s | best 7.278509e-01 @173
epoch  178 | train 7.403262e-01 | val 7.279112e-01 |   2.678 s | best 7.278509e-01 @173
epoch  179 | train 7.387846e-01 | val 7.279339e-01 |   2.687 s | best 7.278509e-01 @173
epoch  180 | train 7.386595e-01 | val 7.279583e-01 |   2.673 s | best 7.278509e-01 @173
epoch  181 | train 7.394904e-01 | val 7.279790e-01 |   2.679 s | best 7.278509e-01 @173
epoch  182 | train 7.384576e-01 | val 7.279798e-01 |   2.676 s | best 7.278509e-01 @173
epoch  183 | train 7.379517e-01 | val 7.280028e-01 |   2.679 s | best 7.278509e-01 @173
epoch  184 | train 7.429404e-01 | val 7.280203e-01 |   2.679 s | best 7.278509e-01 @173
epoch  185 | train 7.389201e-01 | val 7.280301e-01 |   2.680 s | best 7.278509e-01 @173
epoch  186 | train 7.363021e-01 | val 7.280241e-01 |   2.681 s | best 7.278509e-01 @173
epoch  187 | train 7.382890e-01 | val 7.280340e-01 |   2.674 s | best 7.278509e-01 @173
epoch  188 | train 7.348085e-01 | val 7.280357e-01 |   2.678 s | best 7.278509e-01 @173
# done        : 188 epochs, stopped_by=patience, aborted=False, best val 7.278509e-01 @ epoch 173, wall 503.3 s, 2.677 s/epoch
