
# ===== 2026-09-20 23:55:50 KST  HPO attempt 526  testbed D1 prior S  Nr=8 Nt=4
# DEVICE      : cuda | cuda_available=True | NVIDIA RTX PRO 6000 Blackwell Server Edition | torch 2.14.0+cu130 | train dtype float32 (01_RULES §9.5)
# data        : n_train=9000 n_val=1000 split_hash=98d6225d67f9c15a E||H||_F^2/(NrNt)=1.000268 (04_SPEC §2)
# sigma grid  : MEASURED, 20 points, log-uniform draw over [3.2936e-02, 7.9084e-01]
# hp          : {'arch': 'dit', 'param': 'vp', 'domain': 'angle', 'lr': 0.0021906588031210253, 'ema': 0.99, 'batch': 256, 'emb': 256, 'width': 64, 'depth': 8, 'heads': 8, 'patch': 1}  params=628802
# stopping    : patience 15 on val loss, never before 0 epochs, max 600 (01_RULES §5)
epoch    1 | train 8.506825e-01 | val 9.229024e-01 |   1.265 s | best 9.229024e-01 @1 *
epoch    2 | train 8.189738e-01 | val 8.815523e-01 |   1.705 s | best 8.815523e-01 @2 *
epoch    3 | train 8.012810e-01 | val 8.528762e-01 |   1.698 s | best 8.528762e-01 @3 *
epoch    4 | train 7.955846e-01 | val 8.318666e-01 |   1.692 s | best 8.318666e-01 @4 *
epoch    5 | train 7.943601e-01 | val 8.125443e-01 |   1.693 s | best 8.125443e-01 @5 *
epoch    6 | train 7.942194e-01 | val 7.975297e-01 |   1.689 s | best 7.975297e-01 @6 *
epoch    7 | train 7.953971e-01 | val 7.885351e-01 |   1.696 s | best 7.885351e-01 @7 *
epoch    8 | train 7.981397e-01 | val 7.837000e-01 |   1.688 s | best 7.837000e-01 @8 *
epoch    9 | train 7.936282e-01 | val 7.813727e-01 |   1.697 s | best 7.813727e-01 @9 *
epoch   10 | train 7.926419e-01 | val 7.800965e-01 |   1.705 s | best 7.800965e-01 @10 *
epoch   11 | train 7.956763e-01 | val 7.794062e-01 |   1.690 s | best 7.794062e-01 @11 *
epoch   12 | train 7.936631e-01 | val 7.790022e-01 |   1.697 s | best 7.790022e-01 @12 *
epoch   13 | train 7.903121e-01 | val 7.787646e-01 |   1.709 s | best 7.787646e-01 @13 *
epoch   14 | train 7.971497e-01 | val 7.785282e-01 |   1.726 s | best 7.785282e-01 @14 *
epoch   15 | train 7.903626e-01 | val 7.782129e-01 |   1.693 s | best 7.782129e-01 @15 *
epoch   16 | train 7.920806e-01 | val 7.778936e-01 |   1.703 s | best 7.778936e-01 @16 *
epoch   17 | train 7.863513e-01 | val 7.775452e-01 |   1.691 s | best 7.775452e-01 @17 *
epoch   18 | train 7.950114e-01 | val 7.770585e-01 |   1.687 s | best 7.770585e-01 @18 *
epoch   19 | train 7.898900e-01 | val 7.763463e-01 |   1.704 s | best 7.763463e-01 @19 *
epoch   20 | train 7.850872e-01 | val 7.752020e-01 |   1.700 s | best 7.752020e-01 @20 *
epoch   21 | train 7.862306e-01 | val 7.735532e-01 |   1.696 s | best 7.735532e-01 @21 *
epoch   22 | train 7.824510e-01 | val 7.716493e-01 |   1.702 s | best 7.716493e-01 @22 *
epoch   23 | train 7.806354e-01 | val 7.695503e-01 |   1.696 s | best 7.695503e-01 @23 *
epoch   24 | train 7.790777e-01 | val 7.673035e-01 |   1.694 s | best 7.673035e-01 @24 *
epoch   25 | train 7.776380e-01 | val 7.650911e-01 |   1.701 s | best 7.650911e-01 @25 *
epoch   26 | train 7.771055e-01 | val 7.629653e-01 |   1.696 s | best 7.629653e-01 @26 *
epoch   27 | train 7.740020e-01 | val 7.612995e-01 |   1.671 s | best 7.612995e-01 @27 *
epoch   28 | train 7.734231e-01 | val 7.597193e-01 |   1.704 s | best 7.597193e-01 @28 *
epoch   29 | train 7.708273e-01 | val 7.581559e-01 |   1.687 s | best 7.581559e-01 @29 *
epoch   30 | train 7.712661e-01 | val 7.565203e-01 |   1.668 s | best 7.565203e-01 @30 *
epoch   31 | train 7.675787e-01 | val 7.546558e-01 |   1.692 s | best 7.546558e-01 @31 *
epoch   32 | train 7.621523e-01 | val 7.523885e-01 |   1.697 s | best 7.523885e-01 @32 *
epoch   33 | train 7.625370e-01 | val 7.499495e-01 |   1.691 s | best 7.499495e-01 @33 *
epoch   34 | train 7.597332e-01 | val 7.476877e-01 |   1.671 s | best 7.476877e-01 @34 *
epoch   35 | train 7.588567e-01 | val 7.457767e-01 |   1.688 s | best 7.457767e-01 @35 *
epoch   36 | train 7.571246e-01 | val 7.444561e-01 |   1.697 s | best 7.444561e-01 @36 *
epoch   37 | train 7.552953e-01 | val 7.433898e-01 |   1.698 s | best 7.433898e-01 @37 *
epoch   38 | train 7.544231e-01 | val 7.424264e-01 |   1.688 s | best 7.424264e-01 @38 *
epoch   39 | train 7.587079e-01 | val 7.417197e-01 |   1.675 s | best 7.417197e-01 @39 *
epoch   40 | train 7.578369e-01 | val 7.411206e-01 |   1.691 s | best 7.411206e-01 @40 *
epoch   41 | train 7.541044e-01 | val 7.404724e-01 |   1.697 s | best 7.404724e-01 @41 *
epoch   42 | train 7.549138e-01 | val 7.398658e-01 |   1.687 s | best 7.398658e-01 @42 *
epoch   43 | train 7.524853e-01 | val 7.396125e-01 |   1.685 s | best 7.396125e-01 @43 *
epoch   44 | train 7.558791e-01 | val 7.391464e-01 |   1.671 s | best 7.391464e-01 @44 *
epoch   45 | train 7.579437e-01 | val 7.388040e-01 |   1.680 s | best 7.388040e-01 @45 *
epoch   46 | train 7.523698e-01 | val 7.384039e-01 |   1.682 s | best 7.384039e-01 @46 *
epoch   47 | train 7.524665e-01 | val 7.378993e-01 |   1.669 s | best 7.378993e-01 @47 *
epoch   48 | train 7.505705e-01 | val 7.373330e-01 |   1.665 s | best 7.373330e-01 @48 *
epoch   49 | train 7.525786e-01 | val 7.368522e-01 |   1.659 s | best 7.368522e-01 @49 *
epoch   50 | train 7.513046e-01 | val 7.364382e-01 |   1.667 s | best 7.364382e-01 @50 *
epoch   51 | train 7.501007e-01 | val 7.359869e-01 |   1.656 s | best 7.359869e-01 @51 *
epoch   52 | train 7.482005e-01 | val 7.353145e-01 |   1.670 s | best 7.353145e-01 @52 *
epoch   53 | train 7.539120e-01 | val 7.347659e-01 |   1.657 s | best 7.347659e-01 @53 *
epoch   54 | train 7.505080e-01 | val 7.342619e-01 |   1.677 s | best 7.342619e-01 @54 *
epoch   55 | train 7.508662e-01 | val 7.338514e-01 |   1.677 s | best 7.338514e-01 @55 *
epoch   56 | train 7.518113e-01 | val 7.334484e-01 |   1.677 s | best 7.334484e-01 @56 *
epoch   57 | train 7.482494e-01 | val 7.332032e-01 |   1.676 s | best 7.332032e-01 @57 *
epoch   58 | train 7.511746e-01 | val 7.330112e-01 |   1.674 s | best 7.330112e-01 @58 *
epoch   59 | train 7.473355e-01 | val 7.327605e-01 |   1.678 s | best 7.327605e-01 @59 *
epoch   60 | train 7.513444e-01 | val 7.326418e-01 |   1.673 s | best 7.326418e-01 @60 *
epoch   61 | train 7.468832e-01 | val 7.324677e-01 |   1.665 s | best 7.324677e-01 @61 *
epoch   62 | train 7.489534e-01 | val 7.321767e-01 |   1.663 s | best 7.321767e-01 @62 *
epoch   63 | train 7.456944e-01 | val 7.320355e-01 |   1.682 s | best 7.320355e-01 @63 *
epoch   64 | train 7.503288e-01 | val 7.319125e-01 |   1.682 s | best 7.319125e-01 @64 *
epoch   65 | train 7.423384e-01 | val 7.316586e-01 |   1.677 s | best 7.316586e-01 @65 *
epoch   66 | train 7.439747e-01 | val 7.314540e-01 |   1.712 s | best 7.314540e-01 @66 *
epoch   67 | train 7.442004e-01 | val 7.312145e-01 |   1.761 s | best 7.312145e-01 @67 *
epoch   68 | train 7.473081e-01 | val 7.310619e-01 |   1.775 s | best 7.310619e-01 @68 *
epoch   69 | train 7.489298e-01 | val 7.309908e-01 |   1.761 s | best 7.309908e-01 @69 *
epoch   70 | train 7.467183e-01 | val 7.308938e-01 |   1.764 s | best 7.308938e-01 @70 *
epoch   71 | train 7.434009e-01 | val 7.309178e-01 |   1.775 s | best 7.308938e-01 @70
epoch   72 | train 7.456867e-01 | val 7.308259e-01 |   1.768 s | best 7.308259e-01 @72 *
epoch   73 | train 7.474782e-01 | val 7.306994e-01 |   1.775 s | best 7.306994e-01 @73 *
epoch   74 | train 7.508245e-01 | val 7.304997e-01 |   1.766 s | best 7.304997e-01 @74 *
epoch   75 | train 7.500395e-01 | val 7.302591e-01 |   1.766 s | best 7.302591e-01 @75 *
epoch   76 | train 7.469468e-01 | val 7.302024e-01 |   1.770 s | best 7.302024e-01 @76 *
epoch   77 | train 7.453131e-01 | val 7.300806e-01 |   1.764 s | best 7.300806e-01 @77 *
epoch   78 | train 7.413556e-01 | val 7.300293e-01 |   1.761 s | best 7.300293e-01 @78 *
epoch   79 | train 7.436491e-01 | val 7.298772e-01 |   1.718 s | best 7.298772e-01 @79 *
epoch   80 | train 7.454559e-01 | val 7.297519e-01 |   1.700 s | best 7.297519e-01 @80 *
epoch   81 | train 7.417856e-01 | val 7.296829e-01 |   1.671 s | best 7.296829e-01 @81 *
epoch   82 | train 7.449938e-01 | val 7.295455e-01 |   1.679 s | best 7.295455e-01 @82 *
epoch   83 | train 7.427291e-01 | val 7.294903e-01 |   1.670 s | best 7.294903e-01 @83 *
epoch   84 | train 7.434864e-01 | val 7.293640e-01 |   1.676 s | best 7.293640e-01 @84 *
epoch   85 | train 7.376606e-01 | val 7.293177e-01 |   1.669 s | best 7.293177e-01 @85 *
epoch   86 | train 7.408147e-01 | val 7.292814e-01 |   1.665 s | best 7.292814e-01 @86 *
epoch   87 | train 7.495869e-01 | val 7.291211e-01 |   1.666 s | best 7.291211e-01 @87 *
epoch   88 | train 7.442910e-01 | val 7.290606e-01 |   1.666 s | best 7.290606e-01 @88 *
epoch   89 | train 7.421418e-01 | val 7.290766e-01 |   1.664 s | best 7.290606e-01 @88
epoch   90 | train 7.444212e-01 | val 7.291493e-01 |   1.676 s | best 7.290606e-01 @88
epoch   91 | train 7.443642e-01 | val 7.291703e-01 |   1.670 s | best 7.290606e-01 @88
epoch   92 | train 7.419770e-01 | val 7.291957e-01 |   1.671 s | best 7.290606e-01 @88
epoch   93 | train 7.375452e-01 | val 7.291874e-01 |   1.673 s | best 7.290606e-01 @88
epoch   94 | train 7.446992e-01 | val 7.290455e-01 |   1.671 s | best 7.290455e-01 @94 *
epoch   95 | train 7.424179e-01 | val 7.289507e-01 |   1.673 s | best 7.289507e-01 @95 *
epoch   96 | train 7.444722e-01 | val 7.289450e-01 |   1.717 s | best 7.289450e-01 @96 *
epoch   97 | train 7.407454e-01 | val 7.289104e-01 |   1.700 s | best 7.289104e-01 @97 *
epoch   98 | train 7.415638e-01 | val 7.288366e-01 |   1.681 s | best 7.288366e-01 @98 *
epoch   99 | train 7.385373e-01 | val 7.288358e-01 |   1.687 s | best 7.288358e-01 @99 *
epoch  100 | train 7.417475e-01 | val 7.287657e-01 |   1.717 s | best 7.287657e-01 @100 *
epoch  101 | train 7.421018e-01 | val 7.286729e-01 |   1.799 s | best 7.286729e-01 @101 *
epoch  102 | train 7.400817e-01 | val 7.285995e-01 |   1.827 s | best 7.285995e-01 @102 *
epoch  103 | train 7.396152e-01 | val 7.286618e-01 |   1.811 s | best 7.285995e-01 @102
epoch  104 | train 7.431344e-01 | val 7.285500e-01 |   1.833 s | best 7.285500e-01 @104 *
epoch  105 | train 7.414995e-01 | val 7.286507e-01 |   1.782 s | best 7.285500e-01 @104
epoch  106 | train 7.458016e-01 | val 7.287318e-01 |   1.793 s | best 7.285500e-01 @104
epoch  107 | train 7.435331e-01 | val 7.287099e-01 |   1.771 s | best 7.285500e-01 @104
epoch  108 | train 7.386499e-01 | val 7.287497e-01 |   1.769 s | best 7.285500e-01 @104
epoch  109 | train 7.432959e-01 | val 7.287656e-01 |   1.771 s | best 7.285500e-01 @104
epoch  110 | train 7.451204e-01 | val 7.287984e-01 |   1.769 s | best 7.285500e-01 @104
epoch  111 | train 7.390910e-01 | val 7.287102e-01 |   1.748 s | best 7.285500e-01 @104
epoch  112 | train 7.411063e-01 | val 7.286625e-01 |   1.682 s | best 7.285500e-01 @104
epoch  113 | train 7.452803e-01 | val 7.285935e-01 |   1.769 s | best 7.285500e-01 @104
epoch  114 | train 7.367395e-01 | val 7.286161e-01 |   0.871 s | best 7.285500e-01 @104
epoch  115 | train 7.388583e-01 | val 7.287079e-01 |   1.632 s | best 7.285500e-01 @104
epoch  116 | train 7.414690e-01 | val 7.287608e-01 |   1.652 s | best 7.285500e-01 @104
epoch  117 | train 7.392700e-01 | val 7.288633e-01 |   1.651 s | best 7.285500e-01 @104
epoch  118 | train 7.406023e-01 | val 7.287249e-01 |   1.648 s | best 7.285500e-01 @104
epoch  119 | train 7.411624e-01 | val 7.288035e-01 |   1.653 s | best 7.285500e-01 @104
# done        : 119 epochs, stopped_by=patience, aborted=False, best val 7.285500e-01 @ epoch 104, wall 209.5 s, 1.760 s/epoch
