
# ===== 2026-09-21 00:19:59 KST  HPO attempt 556  testbed D1 prior S  Nr=8 Nt=4
# DEVICE      : cuda | cuda_available=True | NVIDIA RTX PRO 6000 Blackwell Server Edition | torch 2.14.0+cu130 | train dtype float32 (01_RULES §9.5)
# data        : n_train=9000 n_val=1000 split_hash=98d6225d67f9c15a E||H||_F^2/(NrNt)=1.000268 (04_SPEC §2)
# sigma grid  : MEASURED, 20 points, log-uniform draw over [3.2936e-02, 7.9084e-01]
# hp          : {'arch': 'dit', 'param': 'vp', 'domain': 'angle', 'lr': 0.0019084926663833002, 'ema': 0.9999, 'batch': 256, 'emb': 256, 'width': 64, 'depth': 6, 'heads': 8, 'patch': 1}  params=479426
# stopping    : patience 15 on val loss, never before 0 epochs, max 600 (01_RULES §5)
epoch    1 | train 8.509929e-01 | val 9.898754e-01 |   1.076 s | best 9.898754e-01 @1 *
epoch    2 | train 8.170503e-01 | val 9.891442e-01 |   1.436 s | best 9.891442e-01 @2 *
epoch    3 | train 8.079943e-01 | val 9.885852e-01 |   1.438 s | best 9.885852e-01 @3 *
epoch    4 | train 7.949080e-01 | val 9.881631e-01 |   1.432 s | best 9.881631e-01 @4 *
epoch    5 | train 7.985033e-01 | val 9.877951e-01 |   1.433 s | best 9.877951e-01 @5 *
epoch    6 | train 7.998665e-01 | val 9.874347e-01 |   1.445 s | best 9.874347e-01 @6 *
epoch    7 | train 7.998424e-01 | val 9.870710e-01 |   1.422 s | best 9.870710e-01 @7 *
epoch    8 | train 7.925768e-01 | val 9.867129e-01 |   1.390 s | best 9.867129e-01 @8 *
epoch    9 | train 7.925894e-01 | val 9.863442e-01 |   1.391 s | best 9.863442e-01 @9 *
epoch   10 | train 7.953210e-01 | val 9.859703e-01 |   1.388 s | best 9.859703e-01 @10 *
epoch   11 | train 7.928440e-01 | val 9.856023e-01 |   1.391 s | best 9.856023e-01 @11 *
epoch   12 | train 7.927090e-01 | val 9.852234e-01 |   1.390 s | best 9.852234e-01 @12 *
epoch   13 | train 7.922238e-01 | val 9.848419e-01 |   1.387 s | best 9.848419e-01 @13 *
epoch   14 | train 7.907303e-01 | val 9.844641e-01 |   1.388 s | best 9.844641e-01 @14 *
epoch   15 | train 7.896544e-01 | val 9.841007e-01 |   1.390 s | best 9.841007e-01 @15 *
epoch   16 | train 7.882462e-01 | val 9.837433e-01 |   1.387 s | best 9.837433e-01 @16 *
epoch   17 | train 7.898291e-01 | val 9.833677e-01 |   1.389 s | best 9.833677e-01 @17 *
epoch   18 | train 7.894522e-01 | val 9.830014e-01 |   1.388 s | best 9.830014e-01 @18 *
epoch   19 | train 7.935747e-01 | val 9.826303e-01 |   1.387 s | best 9.826303e-01 @19 *
epoch   20 | train 7.898072e-01 | val 9.822489e-01 |   1.390 s | best 9.822489e-01 @20 *
epoch   21 | train 7.860988e-01 | val 9.818758e-01 |   1.389 s | best 9.818758e-01 @21 *
epoch   22 | train 7.878683e-01 | val 9.815052e-01 |   1.386 s | best 9.815052e-01 @22 *
epoch   23 | train 7.840203e-01 | val 9.811391e-01 |   1.388 s | best 9.811391e-01 @23 *
epoch   24 | train 7.844707e-01 | val 9.807705e-01 |   1.388 s | best 9.807705e-01 @24 *
epoch   25 | train 7.878388e-01 | val 9.803940e-01 |   1.393 s | best 9.803940e-01 @25 *
epoch   26 | train 7.822033e-01 | val 9.800235e-01 |   1.390 s | best 9.800235e-01 @26 *
epoch   27 | train 7.780121e-01 | val 9.796518e-01 |   1.391 s | best 9.796518e-01 @27 *
epoch   28 | train 7.799191e-01 | val 9.792813e-01 |   1.390 s | best 9.792813e-01 @28 *
epoch   29 | train 7.743172e-01 | val 9.789091e-01 |   1.392 s | best 9.789091e-01 @29 *
epoch   30 | train 7.736012e-01 | val 9.785458e-01 |   1.393 s | best 9.785458e-01 @30 *
epoch   31 | train 7.708397e-01 | val 9.781830e-01 |   1.395 s | best 9.781830e-01 @31 *
epoch   32 | train 7.678927e-01 | val 9.778090e-01 |   1.391 s | best 9.778090e-01 @32 *
epoch   33 | train 7.596331e-01 | val 9.774483e-01 |   1.393 s | best 9.774483e-01 @33 *
epoch   34 | train 7.656579e-01 | val 9.770820e-01 |   1.394 s | best 9.770820e-01 @34 *
epoch   35 | train 7.601775e-01 | val 9.767088e-01 |   1.389 s | best 9.767088e-01 @35 *
epoch   36 | train 7.648194e-01 | val 9.763355e-01 |   1.393 s | best 9.763355e-01 @36 *
epoch   37 | train 7.602858e-01 | val 9.759597e-01 |   1.393 s | best 9.759597e-01 @37 *
epoch   38 | train 7.584542e-01 | val 9.755893e-01 |   1.389 s | best 9.755893e-01 @38 *
epoch   39 | train 7.592411e-01 | val 9.751985e-01 |   1.395 s | best 9.751985e-01 @39 *
epoch   40 | train 7.600762e-01 | val 9.748019e-01 |   1.392 s | best 9.748019e-01 @40 *
epoch   41 | train 7.609501e-01 | val 9.744051e-01 |   1.388 s | best 9.744051e-01 @41 *
epoch   42 | train 7.624293e-01 | val 9.739957e-01 |   1.393 s | best 9.739957e-01 @42 *
epoch   43 | train 7.564376e-01 | val 9.735867e-01 |   1.394 s | best 9.735867e-01 @43 *
epoch   44 | train 7.532105e-01 | val 9.731791e-01 |   1.390 s | best 9.731791e-01 @44 *
epoch   45 | train 7.523677e-01 | val 9.727620e-01 |   1.395 s | best 9.727620e-01 @45 *
epoch   46 | train 7.572789e-01 | val 9.723379e-01 |   1.395 s | best 9.723379e-01 @46 *
epoch   47 | train 7.552069e-01 | val 9.718984e-01 |   1.389 s | best 9.718984e-01 @47 *
epoch   48 | train 7.516860e-01 | val 9.714621e-01 |   1.393 s | best 9.714621e-01 @48 *
epoch   49 | train 7.522295e-01 | val 9.710187e-01 |   1.394 s | best 9.710187e-01 @49 *
epoch   50 | train 7.534653e-01 | val 9.705740e-01 |   1.391 s | best 9.705740e-01 @50 *
epoch   51 | train 7.550219e-01 | val 9.701071e-01 |   1.393 s | best 9.701071e-01 @51 *
epoch   52 | train 7.552648e-01 | val 9.696453e-01 |   1.394 s | best 9.696453e-01 @52 *
epoch   53 | train 7.527021e-01 | val 9.691719e-01 |   1.388 s | best 9.691719e-01 @53 *
epoch   54 | train 7.531163e-01 | val 9.686810e-01 |   1.394 s | best 9.686810e-01 @54 *
epoch   55 | train 7.562716e-01 | val 9.681671e-01 |   1.393 s | best 9.681671e-01 @55 *
epoch   56 | train 7.588263e-01 | val 9.676471e-01 |   1.342 s | best 9.676471e-01 @56 *
epoch   57 | train 7.500354e-01 | val 9.671272e-01 |   1.394 s | best 9.671272e-01 @57 *
epoch   58 | train 7.504600e-01 | val 9.666026e-01 |   1.394 s | best 9.666026e-01 @58 *
epoch   59 | train 7.475173e-01 | val 9.660785e-01 |   1.391 s | best 9.660785e-01 @59 *
epoch   60 | train 7.507308e-01 | val 9.655512e-01 |   1.390 s | best 9.655512e-01 @60 *
epoch   61 | train 7.536712e-01 | val 9.650071e-01 |   1.391 s | best 9.650071e-01 @61 *
epoch   62 | train 7.461401e-01 | val 9.644464e-01 |   1.392 s | best 9.644464e-01 @62 *
epoch   63 | train 7.466529e-01 | val 9.638799e-01 |   1.389 s | best 9.638799e-01 @63 *
epoch   64 | train 7.465008e-01 | val 9.633084e-01 |   1.393 s | best 9.633084e-01 @64 *
epoch   65 | train 7.510216e-01 | val 9.627355e-01 |   1.392 s | best 9.627355e-01 @65 *
epoch   66 | train 7.486482e-01 | val 9.621521e-01 |   1.384 s | best 9.621521e-01 @66 *
epoch   67 | train 7.499886e-01 | val 9.615570e-01 |   1.356 s | best 9.615570e-01 @67 *
epoch   68 | train 7.508367e-01 | val 9.609595e-01 |   1.355 s | best 9.609595e-01 @68 *
epoch   69 | train 7.522054e-01 | val 9.603438e-01 |   1.350 s | best 9.603438e-01 @69 *
epoch   70 | train 7.486759e-01 | val 9.597118e-01 |   1.357 s | best 9.597118e-01 @70 *
epoch   71 | train 7.467128e-01 | val 9.590759e-01 |   1.351 s | best 9.590759e-01 @71 *
epoch   72 | train 7.482184e-01 | val 9.584444e-01 |   1.351 s | best 9.584444e-01 @72 *
epoch   73 | train 7.425506e-01 | val 9.578012e-01 |   1.352 s | best 9.578012e-01 @73 *
epoch   74 | train 7.464980e-01 | val 9.571471e-01 |   1.352 s | best 9.571471e-01 @74 *
epoch   75 | train 7.456951e-01 | val 9.564875e-01 |   1.352 s | best 9.564875e-01 @75 *
epoch   76 | train 7.477289e-01 | val 9.558120e-01 |   1.351 s | best 9.558120e-01 @76 *
epoch   77 | train 7.423323e-01 | val 9.551179e-01 |   1.352 s | best 9.551179e-01 @77 *
epoch   78 | train 7.488675e-01 | val 9.544058e-01 |   1.350 s | best 9.544058e-01 @78 *
epoch   79 | train 7.464269e-01 | val 9.536896e-01 |   1.347 s | best 9.536896e-01 @79 *
epoch   80 | train 7.435503e-01 | val 9.529687e-01 |   1.353 s | best 9.529687e-01 @80 *
epoch   81 | train 7.516670e-01 | val 9.522372e-01 |   1.350 s | best 9.522372e-01 @81 *
epoch   82 | train 7.477974e-01 | val 9.514995e-01 |   1.354 s | best 9.514995e-01 @82 *
epoch   83 | train 7.447467e-01 | val 9.507556e-01 |   1.353 s | best 9.507556e-01 @83 *
epoch   84 | train 7.449900e-01 | val 9.500039e-01 |   1.344 s | best 9.500039e-01 @84 *
epoch   85 | train 7.424020e-01 | val 9.492500e-01 |   1.352 s | best 9.492500e-01 @85 *
epoch   86 | train 7.441280e-01 | val 9.484765e-01 |   1.353 s | best 9.484765e-01 @86 *
epoch   87 | train 7.443117e-01 | val 9.476919e-01 |   1.352 s | best 9.476919e-01 @87 *
epoch   88 | train 7.454620e-01 | val 9.469000e-01 |   1.352 s | best 9.469000e-01 @88 *
epoch   89 | train 7.460342e-01 | val 9.461021e-01 |   1.347 s | best 9.461021e-01 @89 *
epoch   90 | train 7.464500e-01 | val 9.452979e-01 |   1.351 s | best 9.452979e-01 @90 *
epoch   91 | train 7.439878e-01 | val 9.444910e-01 |   1.374 s | best 9.444910e-01 @91 *
epoch   92 | train 7.439268e-01 | val 9.436598e-01 |   1.414 s | best 9.436598e-01 @92 *
epoch   93 | train 7.467241e-01 | val 9.428214e-01 |   1.389 s | best 9.428214e-01 @93 *
epoch   94 | train 7.432241e-01 | val 9.419794e-01 |   1.384 s | best 9.419794e-01 @94 *
epoch   95 | train 7.486215e-01 | val 9.411299e-01 |   1.389 s | best 9.411299e-01 @95 *
epoch   96 | train 7.384246e-01 | val 9.402740e-01 |   1.384 s | best 9.402740e-01 @96 *
epoch   97 | train 7.431148e-01 | val 9.394086e-01 |   1.386 s | best 9.394086e-01 @97 *
epoch   98 | train 7.415467e-01 | val 9.385288e-01 |   1.390 s | best 9.385288e-01 @98 *
epoch   99 | train 7.443653e-01 | val 9.376352e-01 |   1.383 s | best 9.376352e-01 @99 *
epoch  100 | train 7.410059e-01 | val 9.367262e-01 |   1.385 s | best 9.367262e-01 @100 *
epoch  101 | train 7.445071e-01 | val 9.358130e-01 |   1.384 s | best 9.358130e-01 @101 *
epoch  102 | train 7.464054e-01 | val 9.348843e-01 |   1.388 s | best 9.348843e-01 @102 *
epoch  103 | train 7.414264e-01 | val 9.339517e-01 |   1.383 s | best 9.339517e-01 @103 *
epoch  104 | train 7.412978e-01 | val 9.330225e-01 |   1.396 s | best 9.330225e-01 @104 *
epoch  105 | train 7.458839e-01 | val 9.320815e-01 |   1.390 s | best 9.320815e-01 @105 *
epoch  106 | train 7.415049e-01 | val 9.311309e-01 |   1.379 s | best 9.311309e-01 @106 *
epoch  107 | train 7.453042e-01 | val 9.301702e-01 |   1.390 s | best 9.301702e-01 @107 *
epoch  108 | train 7.389291e-01 | val 9.292108e-01 |   1.384 s | best 9.292108e-01 @108 *
epoch  109 | train 7.434475e-01 | val 9.282511e-01 |   1.386 s | best 9.282511e-01 @109 *
epoch  110 | train 7.449675e-01 | val 9.272875e-01 |   1.384 s | best 9.272875e-01 @110 *
epoch  111 | train 7.429397e-01 | val 9.263206e-01 |   1.389 s | best 9.263206e-01 @111 *
epoch  112 | train 7.428289e-01 | val 9.253457e-01 |   1.384 s | best 9.253457e-01 @112 *
epoch  113 | train 7.412396e-01 | val 9.243664e-01 |   1.379 s | best 9.243664e-01 @113 *
epoch  114 | train 7.416545e-01 | val 9.233770e-01 |   1.388 s | best 9.233770e-01 @114 *
epoch  115 | train 7.469350e-01 | val 9.223771e-01 |   1.388 s | best 9.223771e-01 @115 *
epoch  116 | train 7.419398e-01 | val 9.213738e-01 |   1.388 s | best 9.213738e-01 @116 *
epoch  117 | train 7.410438e-01 | val 9.203770e-01 |   1.387 s | best 9.203770e-01 @117 *
epoch  118 | train 7.429028e-01 | val 9.193876e-01 |   1.390 s | best 9.193876e-01 @118 *
epoch  119 | train 7.462357e-01 | val 9.183828e-01 |   1.387 s | best 9.183828e-01 @119 *
epoch  120 | train 7.418876e-01 | val 9.173819e-01 |   1.392 s | best 9.173819e-01 @120 *
epoch  121 | train 7.406227e-01 | val 9.163733e-01 |   1.393 s | best 9.163733e-01 @121 *
epoch  122 | train 7.423902e-01 | val 9.153586e-01 |   1.386 s | best 9.153586e-01 @122 *
epoch  123 | train 7.391096e-01 | val 9.143463e-01 |   1.412 s | best 9.143463e-01 @123 *
epoch  124 | train 7.402814e-01 | val 9.133292e-01 |   1.387 s | best 9.133292e-01 @124 *
epoch  125 | train 7.410006e-01 | val 9.123128e-01 |   1.381 s | best 9.123128e-01 @125 *
epoch  126 | train 7.393746e-01 | val 9.113038e-01 |   1.387 s | best 9.113038e-01 @126 *
epoch  127 | train 7.379650e-01 | val 9.102968e-01 |   1.388 s | best 9.102968e-01 @127 *
epoch  128 | train 7.391926e-01 | val 9.092970e-01 |   1.383 s | best 9.092970e-01 @128 *
epoch  129 | train 7.436287e-01 | val 9.082685e-01 |   1.389 s | best 9.082685e-01 @129 *
epoch  130 | train 7.425668e-01 | val 9.072331e-01 |   1.387 s | best 9.072331e-01 @130 *
epoch  131 | train 7.432751e-01 | val 9.062127e-01 |   1.381 s | best 9.062127e-01 @131 *
epoch  132 | train 7.417077e-01 | val 9.051940e-01 |   1.392 s | best 9.051940e-01 @132 *
epoch  133 | train 7.462545e-01 | val 9.041784e-01 |   1.380 s | best 9.041784e-01 @133 *
epoch  134 | train 7.476618e-01 | val 9.031568e-01 |   1.388 s | best 9.031568e-01 @134 *
epoch  135 | train 7.382689e-01 | val 9.021434e-01 |   1.386 s | best 9.021434e-01 @135 *
epoch  136 | train 7.417263e-01 | val 9.011293e-01 |   1.384 s | best 9.011293e-01 @136 *
epoch  137 | train 7.435545e-01 | val 9.001164e-01 |   1.387 s | best 9.001164e-01 @137 *
epoch  138 | train 7.408820e-01 | val 8.991129e-01 |   1.385 s | best 8.991129e-01 @138 *
epoch  139 | train 7.416252e-01 | val 8.981085e-01 |   1.391 s | best 8.981085e-01 @139 *
epoch  140 | train 7.389545e-01 | val 8.971071e-01 |   1.384 s | best 8.971071e-01 @140 *
epoch  141 | train 7.377250e-01 | val 8.961092e-01 |   1.384 s | best 8.961092e-01 @141 *
epoch  142 | train 7.384473e-01 | val 8.950948e-01 |   1.382 s | best 8.950948e-01 @142 *
epoch  143 | train 7.373152e-01 | val 8.940915e-01 |   1.386 s | best 8.940915e-01 @143 *
epoch  144 | train 7.408961e-01 | val 8.930984e-01 |   1.389 s | best 8.930984e-01 @144 *
epoch  145 | train 7.398879e-01 | val 8.921008e-01 |   1.411 s | best 8.921008e-01 @145 *
epoch  146 | train 7.421557e-01 | val 8.911074e-01 |   1.426 s | best 8.911074e-01 @146 *
epoch  147 | train 7.372943e-01 | val 8.901134e-01 |   1.416 s | best 8.901134e-01 @147 *
epoch  148 | train 7.395682e-01 | val 8.891252e-01 |   1.416 s | best 8.891252e-01 @148 *
epoch  149 | train 7.373028e-01 | val 8.881294e-01 |   1.424 s | best 8.881294e-01 @149 *
epoch  150 | train 7.390237e-01 | val 8.871602e-01 |   1.413 s | best 8.871602e-01 @150 *
epoch  151 | train 7.432717e-01 | val 8.862045e-01 |   1.414 s | best 8.862045e-01 @151 *
epoch  152 | train 7.404512e-01 | val 8.852378e-01 |   1.429 s | best 8.852378e-01 @152 *
epoch  153 | train 7.412854e-01 | val 8.842792e-01 |   1.416 s | best 8.842792e-01 @153 *
epoch  154 | train 7.436811e-01 | val 8.833297e-01 |   1.411 s | best 8.833297e-01 @154 *
epoch  155 | train 7.356115e-01 | val 8.823765e-01 |   1.425 s | best 8.823765e-01 @155 *
epoch  156 | train 7.362929e-01 | val 8.814273e-01 |   1.385 s | best 8.814273e-01 @156 *
epoch  157 | train 7.379677e-01 | val 8.804705e-01 |   1.386 s | best 8.804705e-01 @157 *
epoch  158 | train 7.419332e-01 | val 8.795372e-01 |   1.389 s | best 8.795372e-01 @158 *
epoch  159 | train 7.399981e-01 | val 8.786101e-01 |   1.387 s | best 8.786101e-01 @159 *
epoch  160 | train 7.380628e-01 | val 8.776760e-01 |   1.394 s | best 8.776760e-01 @160 *
epoch  161 | train 7.393632e-01 | val 8.767474e-01 |   1.386 s | best 8.767474e-01 @161 *
epoch  162 | train 7.389822e-01 | val 8.758306e-01 |   1.390 s | best 8.758306e-01 @162 *
epoch  163 | train 7.434387e-01 | val 8.749138e-01 |   1.389 s | best 8.749138e-01 @163 *
epoch  164 | train 7.389796e-01 | val 8.740087e-01 |   1.398 s | best 8.740087e-01 @164 *
epoch  165 | train 7.371463e-01 | val 8.731129e-01 |   1.394 s | best 8.731129e-01 @165 *
epoch  166 | train 7.347350e-01 | val 8.722228e-01 |   1.392 s | best 8.722228e-01 @166 *
epoch  167 | train 7.370942e-01 | val 8.713362e-01 |   1.394 s | best 8.713362e-01 @167 *
epoch  168 | train 7.404247e-01 | val 8.704515e-01 |   1.388 s | best 8.704515e-01 @168 *
epoch  169 | train 7.375145e-01 | val 8.695783e-01 |   1.395 s | best 8.695783e-01 @169 *
epoch  170 | train 7.442184e-01 | val 8.687171e-01 |   1.389 s | best 8.687171e-01 @170 *
epoch  171 | train 7.389723e-01 | val 8.678613e-01 |   1.393 s | best 8.678613e-01 @171 *
epoch  172 | train 7.385179e-01 | val 8.670147e-01 |   1.391 s | best 8.670147e-01 @172 *
epoch  173 | train 7.409204e-01 | val 8.661633e-01 |   1.389 s | best 8.661633e-01 @173 *
epoch  174 | train 7.359918e-01 | val 8.653263e-01 |   1.393 s | best 8.653263e-01 @174 *
epoch  175 | train 7.393704e-01 | val 8.644831e-01 |   1.388 s | best 8.644831e-01 @175 *
epoch  176 | train 7.350174e-01 | val 8.636456e-01 |   1.394 s | best 8.636456e-01 @176 *
epoch  177 | train 7.383347e-01 | val 8.628140e-01 |   1.390 s | best 8.628140e-01 @177 *
epoch  178 | train 7.422474e-01 | val 8.619775e-01 |   1.390 s | best 8.619775e-01 @178 *
epoch  179 | train 7.382895e-01 | val 8.611546e-01 |   1.393 s | best 8.611546e-01 @179 *
epoch  180 | train 7.400722e-01 | val 8.603412e-01 |   1.391 s | best 8.603412e-01 @180 *
epoch  181 | train 7.392543e-01 | val 8.595353e-01 |   1.391 s | best 8.595353e-01 @181 *
epoch  182 | train 7.409134e-01 | val 8.587264e-01 |   1.390 s | best 8.587264e-01 @182 *
epoch  183 | train 7.374024e-01 | val 8.579342e-01 |   1.394 s | best 8.579342e-01 @183 *
epoch  184 | train 7.353963e-01 | val 8.571332e-01 |   1.385 s | best 8.571332e-01 @184 *
epoch  185 | train 7.372362e-01 | val 8.563220e-01 |   1.394 s | best 8.563220e-01 @185 *
epoch  186 | train 7.411954e-01 | val 8.555167e-01 |   1.389 s | best 8.555167e-01 @186 *
epoch  187 | train 7.394209e-01 | val 8.547172e-01 |   1.393 s | best 8.547172e-01 @187 *
epoch  188 | train 7.376670e-01 | val 8.539342e-01 |   1.393 s | best 8.539342e-01 @188 *
epoch  189 | train 7.365824e-01 | val 8.531585e-01 |   1.390 s | best 8.531585e-01 @189 *
epoch  190 | train 7.385347e-01 | val 8.523644e-01 |   1.391 s | best 8.523644e-01 @190 *
epoch  191 | train 7.401418e-01 | val 8.515627e-01 |   1.389 s | best 8.515627e-01 @191 *
epoch  192 | train 7.358188e-01 | val 8.507972e-01 |   1.394 s | best 8.507972e-01 @192 *
epoch  193 | train 7.414357e-01 | val 8.500348e-01 |   1.390 s | best 8.500348e-01 @193 *
epoch  194 | train 7.421750e-01 | val 8.492875e-01 |   1.392 s | best 8.492875e-01 @194 *
epoch  195 | train 7.414313e-01 | val 8.485352e-01 |   1.394 s | best 8.485352e-01 @195 *
epoch  196 | train 7.421703e-01 | val 8.477901e-01 |   1.392 s | best 8.477901e-01 @196 *
epoch  197 | train 7.420946e-01 | val 8.470432e-01 |   1.390 s | best 8.470432e-01 @197 *
epoch  198 | train 7.352646e-01 | val 8.463071e-01 |   1.388 s | best 8.463071e-01 @198 *
epoch  199 | train 7.352071e-01 | val 8.455747e-01 |   1.394 s | best 8.455747e-01 @199 *
epoch  200 | train 7.364337e-01 | val 8.448449e-01 |   1.387 s | best 8.448449e-01 @200 *
epoch  201 | train 7.399419e-01 | val 8.441350e-01 |   1.394 s | best 8.441350e-01 @201 *
epoch  202 | train 7.388896e-01 | val 8.434083e-01 |   1.394 s | best 8.434083e-01 @202 *
epoch  203 | train 7.375351e-01 | val 8.426871e-01 |   1.390 s | best 8.426871e-01 @203 *
epoch  204 | train 7.387344e-01 | val 8.419818e-01 |   1.395 s | best 8.419818e-01 @204 *
epoch  205 | train 7.378906e-01 | val 8.412825e-01 |   1.389 s | best 8.412825e-01 @205 *
epoch  206 | train 7.393265e-01 | val 8.405659e-01 |   1.390 s | best 8.405659e-01 @206 *
epoch  207 | train 7.399103e-01 | val 8.398622e-01 |   1.388 s | best 8.398622e-01 @207 *
epoch  208 | train 7.315746e-01 | val 8.391684e-01 |   1.394 s | best 8.391684e-01 @208 *
epoch  209 | train 7.356709e-01 | val 8.384766e-01 |   1.386 s | best 8.384766e-01 @209 *
epoch  210 | train 7.375286e-01 | val 8.377924e-01 |   1.397 s | best 8.377924e-01 @210 *
epoch  211 | train 7.409897e-01 | val 8.371087e-01 |   1.395 s | best 8.371087e-01 @211 *
epoch  212 | train 7.357965e-01 | val 8.364435e-01 |   1.388 s | best 8.364435e-01 @212 *
epoch  213 | train 7.368970e-01 | val 8.357703e-01 |   1.394 s | best 8.357703e-01 @213 *
epoch  214 | train 7.345032e-01 | val 8.350915e-01 |   1.389 s | best 8.350915e-01 @214 *
epoch  215 | train 7.407173e-01 | val 8.344036e-01 |   1.391 s | best 8.344036e-01 @215 *
epoch  216 | train 7.375489e-01 | val 8.337226e-01 |   1.388 s | best 8.337226e-01 @216 *
epoch  217 | train 7.401225e-01 | val 8.330516e-01 |   1.397 s | best 8.330516e-01 @217 *
epoch  218 | train 7.350176e-01 | val 8.323826e-01 |   1.391 s | best 8.323826e-01 @218 *
epoch  219 | train 7.421263e-01 | val 8.316892e-01 |   1.390 s | best 8.316892e-01 @219 *
epoch  220 | train 7.397634e-01 | val 8.310161e-01 |   1.393 s | best 8.310161e-01 @220 *
epoch  221 | train 7.391945e-01 | val 8.303417e-01 |   1.440 s | best 8.303417e-01 @221 *
epoch  222 | train 7.351721e-01 | val 8.296822e-01 |   1.429 s | best 8.296822e-01 @222 *
epoch  223 | train 7.344527e-01 | val 8.290252e-01 |   1.464 s | best 8.290252e-01 @223 *
epoch  224 | train 7.379271e-01 | val 8.283601e-01 |   1.464 s | best 8.283601e-01 @224 *
epoch  225 | train 7.380046e-01 | val 8.277046e-01 |   1.434 s | best 8.277046e-01 @225 *
epoch  226 | train 7.338602e-01 | val 8.270298e-01 |   1.440 s | best 8.270298e-01 @226 *
epoch  227 | train 7.399008e-01 | val 8.263592e-01 |   1.441 s | best 8.263592e-01 @227 *
epoch  228 | train 7.411621e-01 | val 8.256804e-01 |   1.436 s | best 8.256804e-01 @228 *
epoch  229 | train 7.374439e-01 | val 8.250315e-01 |   1.453 s | best 8.250315e-01 @229 *
epoch  230 | train 7.344346e-01 | val 8.243729e-01 |   1.439 s | best 8.243729e-01 @230 *
epoch  231 | train 7.374851e-01 | val 8.237073e-01 |   1.459 s | best 8.237073e-01 @231 *
epoch  232 | train 7.355641e-01 | val 8.230674e-01 |   1.450 s | best 8.230674e-01 @232 *
epoch  233 | train 7.409901e-01 | val 8.224126e-01 |   1.441 s | best 8.224126e-01 @233 *
epoch  234 | train 7.387448e-01 | val 8.217567e-01 |   1.420 s | best 8.217567e-01 @234 *
epoch  235 | train 7.388855e-01 | val 8.211123e-01 |   1.387 s | best 8.211123e-01 @235 *
epoch  236 | train 7.380893e-01 | val 8.204650e-01 |   1.394 s | best 8.204650e-01 @236 *
epoch  237 | train 7.371305e-01 | val 8.198216e-01 |   1.386 s | best 8.198216e-01 @237 *
epoch  238 | train 7.411710e-01 | val 8.191792e-01 |   1.399 s | best 8.191792e-01 @238 *
epoch  239 | train 7.367800e-01 | val 8.185335e-01 |   1.393 s | best 8.185335e-01 @239 *
epoch  240 | train 7.339650e-01 | val 8.178969e-01 |   1.265 s | best 8.178969e-01 @240 *
epoch  241 | train 7.352471e-01 | val 8.172670e-01 |   1.383 s | best 8.172670e-01 @241 *
epoch  242 | train 7.361919e-01 | val 8.166443e-01 |   1.374 s | best 8.166443e-01 @242 *
epoch  243 | train 7.398986e-01 | val 8.160083e-01 |   1.385 s | best 8.160083e-01 @243 *
epoch  244 | train 7.386145e-01 | val 8.153877e-01 |   1.369 s | best 8.153877e-01 @244 *
epoch  245 | train 7.351076e-01 | val 8.147759e-01 |   1.387 s | best 8.147759e-01 @245 *
epoch  246 | train 7.352563e-01 | val 8.141554e-01 |   1.369 s | best 8.141554e-01 @246 *
epoch  247 | train 7.365734e-01 | val 8.135418e-01 |   1.390 s | best 8.135418e-01 @247 *
epoch  248 | train 7.385483e-01 | val 8.129390e-01 |   1.367 s | best 8.129390e-01 @248 *
epoch  249 | train 7.330629e-01 | val 8.123338e-01 |   1.394 s | best 8.123338e-01 @249 *
epoch  250 | train 7.380285e-01 | val 8.117387e-01 |   1.364 s | best 8.117387e-01 @250 *
epoch  251 | train 7.379303e-01 | val 8.111446e-01 |   1.394 s | best 8.111446e-01 @251 *
epoch  252 | train 7.348841e-01 | val 8.105487e-01 |   1.363 s | best 8.105487e-01 @252 *
epoch  253 | train 7.339883e-01 | val 8.099700e-01 |   1.391 s | best 8.099700e-01 @253 *
epoch  254 | train 7.371405e-01 | val 8.093854e-01 |   1.360 s | best 8.093854e-01 @254 *
epoch  255 | train 7.362256e-01 | val 8.088001e-01 |   1.396 s | best 8.088001e-01 @255 *
epoch  256 | train 7.347943e-01 | val 8.082171e-01 |   1.357 s | best 8.082171e-01 @256 *
epoch  257 | train 7.350427e-01 | val 8.076327e-01 |   1.395 s | best 8.076327e-01 @257 *
epoch  258 | train 7.376979e-01 | val 8.070658e-01 |   1.354 s | best 8.070658e-01 @258 *
epoch  259 | train 7.387595e-01 | val 8.064999e-01 |   1.396 s | best 8.064999e-01 @259 *
epoch  260 | train 7.365692e-01 | val 8.059492e-01 |   1.355 s | best 8.059492e-01 @260 *
epoch  261 | train 7.382863e-01 | val 8.054116e-01 |   1.390 s | best 8.054116e-01 @261 *
epoch  262 | train 7.357356e-01 | val 8.048692e-01 |   1.360 s | best 8.048692e-01 @262 *
epoch  263 | train 7.382702e-01 | val 8.043267e-01 |   1.383 s | best 8.043267e-01 @263 *
epoch  264 | train 7.356199e-01 | val 8.037779e-01 |   1.369 s | best 8.037779e-01 @264 *
epoch  265 | train 7.379162e-01 | val 8.032414e-01 |   1.374 s | best 8.032414e-01 @265 *
epoch  266 | train 7.376999e-01 | val 8.026901e-01 |   1.377 s | best 8.026901e-01 @266 *
epoch  267 | train 7.354562e-01 | val 8.021405e-01 |   1.370 s | best 8.021405e-01 @267 *
epoch  268 | train 7.305863e-01 | val 8.015990e-01 |   1.376 s | best 8.015990e-01 @268 *
epoch  269 | train 7.339233e-01 | val 8.010621e-01 |   1.369 s | best 8.010621e-01 @269 *
epoch  270 | train 7.373752e-01 | val 8.005213e-01 |   1.382 s | best 8.005213e-01 @270 *
epoch  271 | train 7.348116e-01 | val 8.000021e-01 |   1.363 s | best 8.000021e-01 @271 *
epoch  272 | train 7.346433e-01 | val 7.994995e-01 |   1.385 s | best 7.994995e-01 @272 *
epoch  273 | train 7.409435e-01 | val 7.989863e-01 |   1.358 s | best 7.989863e-01 @273 *
epoch  274 | train 7.311842e-01 | val 7.984638e-01 |   1.391 s | best 7.984638e-01 @274 *
epoch  275 | train 7.451425e-01 | val 7.979497e-01 |   1.355 s | best 7.979497e-01 @275 *
epoch  276 | train 7.399603e-01 | val 7.974541e-01 |   1.395 s | best 7.974541e-01 @276 *
epoch  277 | train 7.326086e-01 | val 7.969648e-01 |   1.353 s | best 7.969648e-01 @277 *
epoch  278 | train 7.375359e-01 | val 7.964572e-01 |   1.390 s | best 7.964572e-01 @278 *
epoch  279 | train 7.402896e-01 | val 7.959648e-01 |   1.407 s | best 7.959648e-01 @279 *
epoch  280 | train 7.375339e-01 | val 7.954674e-01 |   1.402 s | best 7.954674e-01 @280 *
epoch  281 | train 7.349288e-01 | val 7.949681e-01 |   1.389 s | best 7.949681e-01 @281 *
epoch  282 | train 7.333176e-01 | val 7.944777e-01 |   1.392 s | best 7.944777e-01 @282 *
epoch  283 | train 7.336250e-01 | val 7.939903e-01 |   1.393 s | best 7.939903e-01 @283 *
epoch  284 | train 7.333547e-01 | val 7.934969e-01 |   1.390 s | best 7.934969e-01 @284 *
epoch  285 | train 7.358393e-01 | val 7.930170e-01 |   1.396 s | best 7.930170e-01 @285 *
epoch  286 | train 7.362847e-01 | val 7.925382e-01 |   1.393 s | best 7.925382e-01 @286 *
epoch  287 | train 7.370182e-01 | val 7.920634e-01 |   1.389 s | best 7.920634e-01 @287 *
epoch  288 | train 7.336910e-01 | val 7.916014e-01 |   1.391 s | best 7.916014e-01 @288 *
epoch  289 | train 7.406953e-01 | val 7.911325e-01 |   1.390 s | best 7.911325e-01 @289 *
epoch  290 | train 7.380725e-01 | val 7.906680e-01 |   1.389 s | best 7.906680e-01 @290 *
epoch  291 | train 7.395321e-01 | val 7.902097e-01 |   1.391 s | best 7.902097e-01 @291 *
epoch  292 | train 7.371391e-01 | val 7.897575e-01 |   1.391 s | best 7.897575e-01 @292 *
epoch  293 | train 7.340435e-01 | val 7.893035e-01 |   1.389 s | best 7.893035e-01 @293 *
epoch  294 | train 7.344214e-01 | val 7.888591e-01 |   1.392 s | best 7.888591e-01 @294 *
epoch  295 | train 7.313889e-01 | val 7.884131e-01 |   1.395 s | best 7.884131e-01 @295 *
epoch  296 | train 7.314896e-01 | val 7.879689e-01 |   1.392 s | best 7.879689e-01 @296 *
epoch  297 | train 7.356574e-01 | val 7.875251e-01 |   1.390 s | best 7.875251e-01 @297 *
epoch  298 | train 7.337222e-01 | val 7.870839e-01 |   1.393 s | best 7.870839e-01 @298 *
epoch  299 | train 7.324415e-01 | val 7.866464e-01 |   1.392 s | best 7.866464e-01 @299 *
epoch  300 | train 7.317748e-01 | val 7.862083e-01 |   1.389 s | best 7.862083e-01 @300 *
epoch  301 | train 7.410845e-01 | val 7.857744e-01 |   1.392 s | best 7.857744e-01 @301 *
epoch  302 | train 7.340093e-01 | val 7.853433e-01 |   1.392 s | best 7.853433e-01 @302 *
epoch  303 | train 7.357590e-01 | val 7.849187e-01 |   1.388 s | best 7.849187e-01 @303 *
epoch  304 | train 7.332758e-01 | val 7.845034e-01 |   1.390 s | best 7.845034e-01 @304 *
epoch  305 | train 7.323192e-01 | val 7.840924e-01 |   1.390 s | best 7.840924e-01 @305 *
epoch  306 | train 7.365373e-01 | val 7.836779e-01 |   1.388 s | best 7.836779e-01 @306 *
epoch  307 | train 7.372412e-01 | val 7.832720e-01 |   1.392 s | best 7.832720e-01 @307 *
epoch  308 | train 7.342138e-01 | val 7.828682e-01 |   1.392 s | best 7.828682e-01 @308 *
epoch  309 | train 7.363337e-01 | val 7.824665e-01 |   1.393 s | best 7.824665e-01 @309 *
epoch  310 | train 7.346416e-01 | val 7.820662e-01 |   1.392 s | best 7.820662e-01 @310 *
epoch  311 | train 7.332255e-01 | val 7.816771e-01 |   1.392 s | best 7.816771e-01 @311 *
epoch  312 | train 7.328236e-01 | val 7.812839e-01 |   1.388 s | best 7.812839e-01 @312 *
epoch  313 | train 7.329832e-01 | val 7.808979e-01 |   1.348 s | best 7.808979e-01 @313 *
epoch  314 | train 7.339765e-01 | val 7.805108e-01 |   1.368 s | best 7.805108e-01 @314 *
epoch  315 | train 7.356677e-01 | val 7.801250e-01 |   1.370 s | best 7.801250e-01 @315 *
epoch  316 | train 7.385201e-01 | val 7.797434e-01 |   1.364 s | best 7.797434e-01 @316 *
epoch  317 | train 7.383904e-01 | val 7.793633e-01 |   1.369 s | best 7.793633e-01 @317 *
epoch  318 | train 7.323130e-01 | val 7.789903e-01 |   1.365 s | best 7.789903e-01 @318 *
epoch  319 | train 7.315570e-01 | val 7.786088e-01 |   1.373 s | best 7.786088e-01 @319 *
epoch  320 | train 7.307710e-01 | val 7.782307e-01 |   1.365 s | best 7.782307e-01 @320 *
epoch  321 | train 7.357700e-01 | val 7.778625e-01 |   1.369 s | best 7.778625e-01 @321 *
epoch  322 | train 7.371470e-01 | val 7.775030e-01 |   1.367 s | best 7.775030e-01 @322 *
epoch  323 | train 7.369867e-01 | val 7.771440e-01 |   1.377 s | best 7.771440e-01 @323 *
epoch  324 | train 7.348741e-01 | val 7.767851e-01 |   1.364 s | best 7.767851e-01 @324 *
epoch  325 | train 7.340722e-01 | val 7.764199e-01 |   1.361 s | best 7.764199e-01 @325 *
epoch  326 | train 7.352764e-01 | val 7.760593e-01 |   1.367 s | best 7.760593e-01 @326 *
epoch  327 | train 7.354973e-01 | val 7.756974e-01 |   1.365 s | best 7.756974e-01 @327 *
epoch  328 | train 7.266961e-01 | val 7.753494e-01 |   1.361 s | best 7.753494e-01 @328 *
epoch  329 | train 7.282068e-01 | val 7.749976e-01 |   1.364 s | best 7.749976e-01 @329 *
epoch  330 | train 7.334257e-01 | val 7.746438e-01 |   1.364 s | best 7.746438e-01 @330 *
epoch  331 | train 7.313065e-01 | val 7.742984e-01 |   1.364 s | best 7.742984e-01 @331 *
epoch  332 | train 7.325700e-01 | val 7.739513e-01 |   1.365 s | best 7.739513e-01 @332 *
epoch  333 | train 7.354674e-01 | val 7.736126e-01 |   1.365 s | best 7.736126e-01 @333 *
epoch  334 | train 7.331858e-01 | val 7.732838e-01 |   1.362 s | best 7.732838e-01 @334 *
epoch  335 | train 7.298199e-01 | val 7.729528e-01 |   1.363 s | best 7.729528e-01 @335 *
epoch  336 | train 7.324673e-01 | val 7.726228e-01 |   1.367 s | best 7.726228e-01 @336 *
epoch  337 | train 7.340377e-01 | val 7.723066e-01 |   1.359 s | best 7.723066e-01 @337 *
epoch  338 | train 7.381564e-01 | val 7.719901e-01 |   1.367 s | best 7.719901e-01 @338 *
epoch  339 | train 7.323961e-01 | val 7.716761e-01 |   1.378 s | best 7.716761e-01 @339 *
epoch  340 | train 7.295600e-01 | val 7.713612e-01 |   1.411 s | best 7.713612e-01 @340 *
epoch  341 | train 7.355287e-01 | val 7.710426e-01 |   1.388 s | best 7.710426e-01 @341 *
epoch  342 | train 7.303564e-01 | val 7.707270e-01 |   1.388 s | best 7.707270e-01 @342 *
epoch  343 | train 7.334428e-01 | val 7.704123e-01 |   1.387 s | best 7.704123e-01 @343 *
epoch  344 | train 7.352036e-01 | val 7.701033e-01 |   1.389 s | best 7.701033e-01 @344 *
epoch  345 | train 7.335815e-01 | val 7.697912e-01 |   1.388 s | best 7.697912e-01 @345 *
epoch  346 | train 7.376001e-01 | val 7.694782e-01 |   1.305 s | best 7.694782e-01 @346 *
epoch  347 | train 7.370767e-01 | val 7.691647e-01 |   1.380 s | best 7.691647e-01 @347 *
epoch  348 | train 7.266152e-01 | val 7.688487e-01 |   1.378 s | best 7.688487e-01 @348 *
epoch  349 | train 7.355299e-01 | val 7.685397e-01 |   1.379 s | best 7.685397e-01 @349 *
epoch  350 | train 7.295089e-01 | val 7.682337e-01 |   1.375 s | best 7.682337e-01 @350 *
epoch  351 | train 7.343395e-01 | val 7.679316e-01 |   1.379 s | best 7.679316e-01 @351 *
epoch  352 | train 7.337586e-01 | val 7.676298e-01 |   1.379 s | best 7.676298e-01 @352 *
epoch  353 | train 7.313653e-01 | val 7.673292e-01 |   1.376 s | best 7.673292e-01 @353 *
epoch  354 | train 7.342994e-01 | val 7.670305e-01 |   1.379 s | best 7.670305e-01 @354 *
epoch  355 | train 7.292898e-01 | val 7.667341e-01 |   1.380 s | best 7.667341e-01 @355 *
epoch  356 | train 7.355413e-01 | val 7.664415e-01 |   1.377 s | best 7.664415e-01 @356 *
epoch  357 | train 7.352375e-01 | val 7.661521e-01 |   1.380 s | best 7.661521e-01 @357 *
epoch  358 | train 7.302435e-01 | val 7.658600e-01 |   1.379 s | best 7.658600e-01 @358 *
epoch  359 | train 7.300523e-01 | val 7.655715e-01 |   1.376 s | best 7.655715e-01 @359 *
epoch  360 | train 7.294620e-01 | val 7.652886e-01 |   1.379 s | best 7.652886e-01 @360 *
epoch  361 | train 7.285262e-01 | val 7.650062e-01 |   1.379 s | best 7.650062e-01 @361 *
epoch  362 | train 7.291561e-01 | val 7.647231e-01 |   1.375 s | best 7.647231e-01 @362 *
epoch  363 | train 7.298300e-01 | val 7.644368e-01 |   1.378 s | best 7.644368e-01 @363 *
epoch  364 | train 7.309485e-01 | val 7.641490e-01 |   1.379 s | best 7.641490e-01 @364 *
epoch  365 | train 7.297032e-01 | val 7.638657e-01 |   1.376 s | best 7.638657e-01 @365 *
epoch  366 | train 7.328824e-01 | val 7.635908e-01 |   1.380 s | best 7.635908e-01 @366 *
epoch  367 | train 7.329877e-01 | val 7.633203e-01 |   1.379 s | best 7.633203e-01 @367 *
epoch  368 | train 7.288768e-01 | val 7.630430e-01 |   1.378 s | best 7.630430e-01 @368 *
epoch  369 | train 7.318002e-01 | val 7.627737e-01 |   1.379 s | best 7.627737e-01 @369 *
epoch  370 | train 7.313111e-01 | val 7.625053e-01 |   1.395 s | best 7.625053e-01 @370 *
epoch  371 | train 7.303513e-01 | val 7.622362e-01 |   1.405 s | best 7.622362e-01 @371 *
epoch  372 | train 7.319566e-01 | val 7.619640e-01 |   1.389 s | best 7.619640e-01 @372 *
epoch  373 | train 7.324294e-01 | val 7.616960e-01 |   1.389 s | best 7.616960e-01 @373 *
epoch  374 | train 7.319537e-01 | val 7.614259e-01 |   1.388 s | best 7.614259e-01 @374 *
epoch  375 | train 7.299408e-01 | val 7.611594e-01 |   1.389 s | best 7.611594e-01 @375 *
epoch  376 | train 7.306873e-01 | val 7.608965e-01 |   1.387 s | best 7.608965e-01 @376 *
epoch  377 | train 7.250790e-01 | val 7.606316e-01 |   1.388 s | best 7.606316e-01 @377 *
epoch  378 | train 7.269205e-01 | val 7.603726e-01 |   1.386 s | best 7.603726e-01 @378 *
epoch  379 | train 7.317768e-01 | val 7.601188e-01 |   1.388 s | best 7.601188e-01 @379 *
epoch  380 | train 7.328962e-01 | val 7.598656e-01 |   1.387 s | best 7.598656e-01 @380 *
epoch  381 | train 7.266000e-01 | val 7.596143e-01 |   1.386 s | best 7.596143e-01 @381 *
epoch  382 | train 7.301788e-01 | val 7.593623e-01 |   1.387 s | best 7.593623e-01 @382 *
epoch  383 | train 7.342234e-01 | val 7.591087e-01 |   1.388 s | best 7.591087e-01 @383 *
epoch  384 | train 7.318485e-01 | val 7.588571e-01 |   1.384 s | best 7.588571e-01 @384 *
epoch  385 | train 7.258442e-01 | val 7.586026e-01 |   1.388 s | best 7.586026e-01 @385 *
epoch  386 | train 7.337344e-01 | val 7.583586e-01 |   1.385 s | best 7.583586e-01 @386 *
epoch  387 | train 7.301020e-01 | val 7.581127e-01 |   1.384 s | best 7.581127e-01 @387 *
epoch  388 | train 7.266091e-01 | val 7.578676e-01 |   1.385 s | best 7.578676e-01 @388 *
epoch  389 | train 7.297508e-01 | val 7.576278e-01 |   1.389 s | best 7.576278e-01 @389 *
epoch  390 | train 7.331900e-01 | val 7.573933e-01 |   1.383 s | best 7.573933e-01 @390 *
epoch  391 | train 7.327425e-01 | val 7.571535e-01 |   1.388 s | best 7.571535e-01 @391 *
epoch  392 | train 7.312500e-01 | val 7.569208e-01 |   1.389 s | best 7.569208e-01 @392 *
epoch  393 | train 7.362724e-01 | val 7.566894e-01 |   1.387 s | best 7.566894e-01 @393 *
epoch  394 | train 7.318774e-01 | val 7.564594e-01 |   1.388 s | best 7.564594e-01 @394 *
epoch  395 | train 7.268276e-01 | val 7.562320e-01 |   1.386 s | best 7.562320e-01 @395 *
epoch  396 | train 7.296428e-01 | val 7.560064e-01 |   1.384 s | best 7.560064e-01 @396 *
epoch  397 | train 7.330554e-01 | val 7.557797e-01 |   1.386 s | best 7.557797e-01 @397 *
epoch  398 | train 7.285362e-01 | val 7.555491e-01 |   1.386 s | best 7.555491e-01 @398 *
epoch  399 | train 7.324424e-01 | val 7.553176e-01 |   1.383 s | best 7.553176e-01 @399 *
epoch  400 | train 7.252841e-01 | val 7.550920e-01 |   1.388 s | best 7.550920e-01 @400 *
epoch  401 | train 7.322355e-01 | val 7.548638e-01 |   1.393 s | best 7.548638e-01 @401 *
epoch  402 | train 7.240572e-01 | val 7.546439e-01 |   1.389 s | best 7.546439e-01 @402 *
epoch  403 | train 7.298497e-01 | val 7.544259e-01 |   1.391 s | best 7.544259e-01 @403 *
epoch  404 | train 7.297383e-01 | val 7.542080e-01 |   1.392 s | best 7.542080e-01 @404 *
epoch  405 | train 7.289766e-01 | val 7.539902e-01 |   1.391 s | best 7.539902e-01 @405 *
epoch  406 | train 7.289376e-01 | val 7.537711e-01 |   1.388 s | best 7.537711e-01 @406 *
epoch  407 | train 7.296638e-01 | val 7.535547e-01 |   1.393 s | best 7.535547e-01 @407 *
epoch  408 | train 7.263553e-01 | val 7.533404e-01 |   1.390 s | best 7.533404e-01 @408 *
epoch  409 | train 7.326944e-01 | val 7.531313e-01 |   1.386 s | best 7.531313e-01 @409 *
epoch  410 | train 7.329231e-01 | val 7.529237e-01 |   1.390 s | best 7.529237e-01 @410 *
epoch  411 | train 7.259490e-01 | val 7.527155e-01 |   1.391 s | best 7.527155e-01 @411 *
epoch  412 | train 7.277204e-01 | val 7.525116e-01 |   1.387 s | best 7.525116e-01 @412 *
epoch  413 | train 7.275119e-01 | val 7.523077e-01 |   1.389 s | best 7.523077e-01 @413 *
epoch  414 | train 7.302419e-01 | val 7.521093e-01 |   1.390 s | best 7.521093e-01 @414 *
epoch  415 | train 7.291185e-01 | val 7.519166e-01 |   1.390 s | best 7.519166e-01 @415 *
epoch  416 | train 7.261230e-01 | val 7.517199e-01 |   1.390 s | best 7.517199e-01 @416 *
epoch  417 | train 7.302388e-01 | val 7.515252e-01 |   1.389 s | best 7.515252e-01 @417 *
epoch  418 | train 7.283293e-01 | val 7.513360e-01 |   1.387 s | best 7.513360e-01 @418 *
epoch  419 | train 7.314309e-01 | val 7.511498e-01 |   1.390 s | best 7.511498e-01 @419 *
epoch  420 | train 7.216778e-01 | val 7.509632e-01 |   1.390 s | best 7.509632e-01 @420 *
epoch  421 | train 7.243103e-01 | val 7.507745e-01 |   1.386 s | best 7.507745e-01 @421 *
epoch  422 | train 7.234076e-01 | val 7.505870e-01 |   1.391 s | best 7.505870e-01 @422 *
epoch  423 | train 7.284400e-01 | val 7.504047e-01 |   1.390 s | best 7.504047e-01 @423 *
epoch  424 | train 7.273363e-01 | val 7.502227e-01 |   1.387 s | best 7.502227e-01 @424 *
epoch  425 | train 7.311276e-01 | val 7.500471e-01 |   1.391 s | best 7.500471e-01 @425 *
epoch  426 | train 7.373107e-01 | val 7.498708e-01 |   1.390 s | best 7.498708e-01 @426 *
epoch  427 | train 7.245823e-01 | val 7.496955e-01 |   1.391 s | best 7.496955e-01 @427 *
epoch  428 | train 7.282391e-01 | val 7.495214e-01 |   1.388 s | best 7.495214e-01 @428 *
epoch  429 | train 7.262073e-01 | val 7.493474e-01 |   1.392 s | best 7.493474e-01 @429 *
epoch  430 | train 7.320186e-01 | val 7.491778e-01 |   1.390 s | best 7.491778e-01 @430 *
epoch  431 | train 7.298513e-01 | val 7.490078e-01 |   1.391 s | best 7.490078e-01 @431 *
epoch  432 | train 7.275888e-01 | val 7.488413e-01 |   1.390 s | best 7.488413e-01 @432 *
epoch  433 | train 7.261033e-01 | val 7.486748e-01 |   1.391 s | best 7.486748e-01 @433 *
epoch  434 | train 7.227637e-01 | val 7.485110e-01 |   1.387 s | best 7.485110e-01 @434 *
epoch  435 | train 7.295739e-01 | val 7.483497e-01 |   1.389 s | best 7.483497e-01 @435 *
epoch  436 | train 7.273212e-01 | val 7.481863e-01 |   1.391 s | best 7.481863e-01 @436 *
epoch  437 | train 7.277359e-01 | val 7.480258e-01 |   1.386 s | best 7.480258e-01 @437 *
epoch  438 | train 7.286719e-01 | val 7.478663e-01 |   1.389 s | best 7.478663e-01 @438 *
epoch  439 | train 7.254119e-01 | val 7.477084e-01 |   1.388 s | best 7.477084e-01 @439 *
epoch  440 | train 7.288752e-01 | val 7.475520e-01 |   1.430 s | best 7.475520e-01 @440 *
epoch  441 | train 7.256507e-01 | val 7.473991e-01 |   1.432 s | best 7.473991e-01 @441 *
epoch  442 | train 7.281613e-01 | val 7.472495e-01 |   1.433 s | best 7.472495e-01 @442 *
epoch  443 | train 7.266278e-01 | val 7.471011e-01 |   1.437 s | best 7.471011e-01 @443 *
epoch  444 | train 7.314153e-01 | val 7.469562e-01 |   1.474 s | best 7.469562e-01 @444 *
epoch  445 | train 7.294963e-01 | val 7.468157e-01 |   1.450 s | best 7.468157e-01 @445 *
epoch  446 | train 7.260661e-01 | val 7.466747e-01 |   1.434 s | best 7.466747e-01 @446 *
epoch  447 | train 7.252228e-01 | val 7.465364e-01 |   1.434 s | best 7.465364e-01 @447 *
epoch  448 | train 7.265020e-01 | val 7.463983e-01 |   1.428 s | best 7.463983e-01 @448 *
epoch  449 | train 7.290306e-01 | val 7.462651e-01 |   1.434 s | best 7.462651e-01 @449 *
epoch  450 | train 7.308835e-01 | val 7.461346e-01 |   1.440 s | best 7.461346e-01 @450 *
epoch  451 | train 7.314499e-01 | val 7.460061e-01 |   1.434 s | best 7.460061e-01 @451 *
epoch  452 | train 7.291155e-01 | val 7.458808e-01 |   1.434 s | best 7.458808e-01 @452 *
epoch  453 | train 7.260436e-01 | val 7.457533e-01 |   1.416 s | best 7.457533e-01 @453 *
epoch  454 | train 7.242070e-01 | val 7.456226e-01 |   1.469 s | best 7.456226e-01 @454 *
epoch  455 | train 7.272283e-01 | val 7.454993e-01 |   1.470 s | best 7.454993e-01 @455 *
epoch  456 | train 7.266640e-01 | val 7.453781e-01 |   1.409 s | best 7.453781e-01 @456 *
epoch  457 | train 7.315058e-01 | val 7.452629e-01 |   1.412 s | best 7.452629e-01 @457 *
epoch  458 | train 7.227174e-01 | val 7.451494e-01 |   1.432 s | best 7.451494e-01 @458 *
epoch  459 | train 7.238076e-01 | val 7.450337e-01 |   1.429 s | best 7.450337e-01 @459 *
epoch  460 | train 7.277402e-01 | val 7.449243e-01 |   1.436 s | best 7.449243e-01 @460 *
epoch  461 | train 7.275214e-01 | val 7.448149e-01 |   1.432 s | best 7.448149e-01 @461 *
epoch  462 | train 7.242629e-01 | val 7.447054e-01 |   1.430 s | best 7.447054e-01 @462 *
epoch  463 | train 7.292843e-01 | val 7.446001e-01 |   1.413 s | best 7.446001e-01 @463 *
epoch  464 | train 7.292419e-01 | val 7.444956e-01 |   1.390 s | best 7.444956e-01 @464 *
epoch  465 | train 7.237763e-01 | val 7.443908e-01 |   1.387 s | best 7.443908e-01 @465 *
epoch  466 | train 7.271473e-01 | val 7.442907e-01 |   1.390 s | best 7.442907e-01 @466 *
epoch  467 | train 7.222206e-01 | val 7.441918e-01 |   1.388 s | best 7.441918e-01 @467 *
epoch  468 | train 7.255537e-01 | val 7.440929e-01 |   1.387 s | best 7.440929e-01 @468 *
epoch  469 | train 7.275846e-01 | val 7.439941e-01 |   1.389 s | best 7.439941e-01 @469 *
epoch  470 | train 7.273317e-01 | val 7.438975e-01 |   1.391 s | best 7.438975e-01 @470 *
epoch  471 | train 7.259278e-01 | val 7.438061e-01 |   1.385 s | best 7.438061e-01 @471 *
epoch  472 | train 7.279837e-01 | val 7.437136e-01 |   1.388 s | best 7.437136e-01 @472 *
epoch  473 | train 7.260873e-01 | val 7.436193e-01 |   1.371 s | best 7.436193e-01 @473 *
epoch  474 | train 7.234760e-01 | val 7.435291e-01 |   1.368 s | best 7.435291e-01 @474 *
epoch  475 | train 7.269752e-01 | val 7.434430e-01 |   1.368 s | best 7.434430e-01 @475 *
epoch  476 | train 7.242654e-01 | val 7.433552e-01 |   1.349 s | best 7.433552e-01 @476 *
epoch  477 | train 7.269190e-01 | val 7.432666e-01 |   1.368 s | best 7.432666e-01 @477 *
epoch  478 | train 7.256014e-01 | val 7.431813e-01 |   1.371 s | best 7.431813e-01 @478 *
epoch  479 | train 7.221791e-01 | val 7.431021e-01 |   1.347 s | best 7.431021e-01 @479 *
epoch  480 | train 7.249579e-01 | val 7.430230e-01 |   1.364 s | best 7.430230e-01 @480 *
epoch  481 | train 7.211769e-01 | val 7.429481e-01 |   1.373 s | best 7.429481e-01 @481 *
epoch  482 | train 7.221468e-01 | val 7.428728e-01 |   1.370 s | best 7.428728e-01 @482 *
epoch  483 | train 7.254467e-01 | val 7.427979e-01 |   1.355 s | best 7.427979e-01 @483 *
epoch  484 | train 7.228168e-01 | val 7.427229e-01 |   1.373 s | best 7.427229e-01 @484 *
epoch  485 | train 7.310323e-01 | val 7.426530e-01 |   1.375 s | best 7.426530e-01 @485 *
epoch  486 | train 7.259944e-01 | val 7.425869e-01 |   1.355 s | best 7.425869e-01 @486 *
epoch  487 | train 7.310544e-01 | val 7.425215e-01 |   1.370 s | best 7.425215e-01 @487 *
epoch  488 | train 7.278143e-01 | val 7.424554e-01 |   1.377 s | best 7.424554e-01 @488 *
epoch  489 | train 7.226371e-01 | val 7.423914e-01 |   1.366 s | best 7.423914e-01 @489 *
epoch  490 | train 7.226494e-01 | val 7.423275e-01 |   1.359 s | best 7.423275e-01 @490 *
epoch  491 | train 7.265930e-01 | val 7.422655e-01 |   1.374 s | best 7.422655e-01 @491 *
epoch  492 | train 7.189839e-01 | val 7.422027e-01 |   1.377 s | best 7.422027e-01 @492 *
epoch  493 | train 7.223290e-01 | val 7.421477e-01 |   1.354 s | best 7.421477e-01 @493 *
epoch  494 | train 7.233345e-01 | val 7.420909e-01 |   1.372 s | best 7.420909e-01 @494 *
epoch  495 | train 7.261379e-01 | val 7.420384e-01 |   1.388 s | best 7.420384e-01 @495 *
epoch  496 | train 7.243845e-01 | val 7.419826e-01 |   1.351 s | best 7.419826e-01 @496 *
epoch  497 | train 7.211888e-01 | val 7.419319e-01 |   1.374 s | best 7.419319e-01 @497 *
epoch  498 | train 7.205162e-01 | val 7.418805e-01 |   1.376 s | best 7.418805e-01 @498 *
epoch  499 | train 7.242142e-01 | val 7.418289e-01 |   1.359 s | best 7.418289e-01 @499 *
epoch  500 | train 7.271751e-01 | val 7.417800e-01 |   1.362 s | best 7.417800e-01 @500 *
epoch  501 | train 7.244090e-01 | val 7.417294e-01 |   1.391 s | best 7.417294e-01 @501 *
epoch  502 | train 7.178363e-01 | val 7.416813e-01 |   1.410 s | best 7.416813e-01 @502 *
epoch  503 | train 7.238245e-01 | val 7.416344e-01 |   1.393 s | best 7.416344e-01 @503 *
epoch  504 | train 7.240655e-01 | val 7.415826e-01 |   1.390 s | best 7.415826e-01 @504 *
epoch  505 | train 7.242594e-01 | val 7.415353e-01 |   1.390 s | best 7.415353e-01 @505 *
epoch  506 | train 7.226529e-01 | val 7.414875e-01 |   1.392 s | best 7.414875e-01 @506 *
epoch  507 | train 7.228288e-01 | val 7.414398e-01 |   1.408 s | best 7.414398e-01 @507 *
epoch  508 | train 7.172813e-01 | val 7.413962e-01 |   1.435 s | best 7.413962e-01 @508 *
epoch  509 | train 7.233646e-01 | val 7.413556e-01 |   1.430 s | best 7.413556e-01 @509 *
epoch  510 | train 7.243985e-01 | val 7.413180e-01 |   1.423 s | best 7.413180e-01 @510 *
epoch  511 | train 7.231935e-01 | val 7.412776e-01 |   1.443 s | best 7.412776e-01 @511 *
epoch  512 | train 7.222575e-01 | val 7.412400e-01 |   1.416 s | best 7.412400e-01 @512 *
epoch  513 | train 7.219705e-01 | val 7.412059e-01 |   1.444 s | best 7.412059e-01 @513 *
epoch  514 | train 7.179090e-01 | val 7.411685e-01 |   1.420 s | best 7.411685e-01 @514 *
epoch  515 | train 7.288039e-01 | val 7.411304e-01 |   1.434 s | best 7.411304e-01 @515 *
epoch  516 | train 7.265963e-01 | val 7.410943e-01 |   1.426 s | best 7.410943e-01 @516 *
epoch  517 | train 7.227411e-01 | val 7.410594e-01 |   1.426 s | best 7.410594e-01 @517 *
epoch  518 | train 7.193624e-01 | val 7.410272e-01 |   1.431 s | best 7.410272e-01 @518 *
epoch  519 | train 7.239565e-01 | val 7.409961e-01 |   1.421 s | best 7.409961e-01 @519 *
epoch  520 | train 7.173785e-01 | val 7.409646e-01 |   1.447 s | best 7.409646e-01 @520 *
epoch  521 | train 7.243457e-01 | val 7.409315e-01 |   1.421 s | best 7.409315e-01 @521 *
epoch  522 | train 7.199156e-01 | val 7.408998e-01 |   1.443 s | best 7.408998e-01 @522 *
epoch  523 | train 7.227949e-01 | val 7.408722e-01 |   1.424 s | best 7.408722e-01 @523 *
epoch  524 | train 7.230459e-01 | val 7.408451e-01 |   1.427 s | best 7.408451e-01 @524 *
epoch  525 | train 7.244597e-01 | val 7.408198e-01 |   1.435 s | best 7.408198e-01 @525 *
epoch  526 | train 7.294087e-01 | val 7.407971e-01 |   1.421 s | best 7.407971e-01 @526 *
epoch  527 | train 7.217289e-01 | val 7.407728e-01 |   1.395 s | best 7.407728e-01 @527 *
epoch  528 | train 7.234938e-01 | val 7.407477e-01 |   1.395 s | best 7.407477e-01 @528 *
epoch  529 | train 7.248148e-01 | val 7.407246e-01 |   1.391 s | best 7.407246e-01 @529 *
epoch  530 | train 7.263479e-01 | val 7.407029e-01 |   1.391 s | best 7.407029e-01 @530 *
epoch  531 | train 7.224909e-01 | val 7.406799e-01 |   1.420 s | best 7.406799e-01 @531 *
epoch  532 | train 7.232909e-01 | val 7.406577e-01 |   1.391 s | best 7.406577e-01 @532 *
epoch  533 | train 7.201252e-01 | val 7.406384e-01 |   1.391 s | best 7.406384e-01 @533 *
epoch  534 | train 7.232921e-01 | val 7.406198e-01 |   1.391 s | best 7.406198e-01 @534 *
epoch  535 | train 7.187911e-01 | val 7.405983e-01 |   1.394 s | best 7.405983e-01 @535 *
epoch  536 | train 7.266570e-01 | val 7.405805e-01 |   1.397 s | best 7.405805e-01 @536 *
epoch  537 | train 7.185319e-01 | val 7.405635e-01 |   1.391 s | best 7.405635e-01 @537 *
epoch  538 | train 7.252301e-01 | val 7.405477e-01 |   1.396 s | best 7.405477e-01 @538 *
epoch  539 | train 7.230414e-01 | val 7.405346e-01 |   1.394 s | best 7.405346e-01 @539 *
epoch  540 | train 7.264581e-01 | val 7.405196e-01 |   1.389 s | best 7.405196e-01 @540 *
epoch  541 | train 7.185429e-01 | val 7.405043e-01 |   1.391 s | best 7.405043e-01 @541 *
epoch  542 | train 7.248838e-01 | val 7.404891e-01 |   1.396 s | best 7.404891e-01 @542 *
epoch  543 | train 7.215501e-01 | val 7.404712e-01 |   1.389 s | best 7.404712e-01 @543 *
epoch  544 | train 7.207417e-01 | val 7.404570e-01 |   1.391 s | best 7.404570e-01 @544 *
epoch  545 | train 7.225354e-01 | val 7.404422e-01 |   1.310 s | best 7.404422e-01 @545 *
epoch  546 | train 7.224007e-01 | val 7.404302e-01 |   1.388 s | best 7.404302e-01 @546 *
epoch  547 | train 7.192316e-01 | val 7.404199e-01 |   1.393 s | best 7.404199e-01 @547 *
epoch  548 | train 7.258384e-01 | val 7.404101e-01 |   1.278 s | best 7.404101e-01 @548 *
epoch  549 | train 7.222790e-01 | val 7.403960e-01 |   1.370 s | best 7.403960e-01 @549 *
epoch  550 | train 7.250907e-01 | val 7.403865e-01 |   1.367 s | best 7.403865e-01 @550 *
epoch  551 | train 7.213382e-01 | val 7.403788e-01 |   1.357 s | best 7.403788e-01 @551 *
epoch  552 | train 7.255590e-01 | val 7.403713e-01 |   1.356 s | best 7.403713e-01 @552 *
epoch  553 | train 7.234873e-01 | val 7.403663e-01 |   1.360 s | best 7.403663e-01 @553 *
epoch  554 | train 7.175202e-01 | val 7.403633e-01 |   1.352 s | best 7.403633e-01 @554 *
epoch  555 | train 7.253879e-01 | val 7.403629e-01 |   1.353 s | best 7.403629e-01 @555 *
epoch  556 | train 7.187513e-01 | val 7.403614e-01 |   1.352 s | best 7.403614e-01 @556 *
epoch  557 | train 7.196563e-01 | val 7.403598e-01 |   1.353 s | best 7.403598e-01 @557 *
epoch  558 | train 7.175114e-01 | val 7.403563e-01 |   1.351 s | best 7.403563e-01 @558 *
epoch  559 | train 7.244463e-01 | val 7.403576e-01 |   1.350 s | best 7.403563e-01 @558
epoch  560 | train 7.184003e-01 | val 7.403590e-01 |   1.357 s | best 7.403563e-01 @558
epoch  561 | train 7.199060e-01 | val 7.403608e-01 |   1.354 s | best 7.403563e-01 @558
epoch  562 | train 7.236490e-01 | val 7.403597e-01 |   1.352 s | best 7.403563e-01 @558
epoch  563 | train 7.196784e-01 | val 7.403610e-01 |   1.216 s | best 7.403563e-01 @558
epoch  564 | train 7.194368e-01 | val 7.403612e-01 |   1.345 s | best 7.403563e-01 @558
epoch  565 | train 7.265404e-01 | val 7.403626e-01 |   1.356 s | best 7.403563e-01 @558
epoch  566 | train 7.224323e-01 | val 7.403651e-01 |   1.354 s | best 7.403563e-01 @558
epoch  567 | train 7.247291e-01 | val 7.403644e-01 |   1.143 s | best 7.403563e-01 @558
epoch  568 | train 7.205426e-01 | val 7.403672e-01 |   1.343 s | best 7.403563e-01 @558
epoch  569 | train 7.231877e-01 | val 7.403705e-01 |   1.353 s | best 7.403563e-01 @558
epoch  570 | train 7.243231e-01 | val 7.403733e-01 |   1.355 s | best 7.403563e-01 @558
epoch  571 | train 7.262996e-01 | val 7.403760e-01 |   1.349 s | best 7.403563e-01 @558
epoch  572 | train 7.184897e-01 | val 7.403769e-01 |   1.350 s | best 7.403563e-01 @558
epoch  573 | train 7.222492e-01 | val 7.403784e-01 |   1.352 s | best 7.403563e-01 @558
# done        : 573 epochs, stopped_by=patience, aborted=False, best val 7.403563e-01 @ epoch 558, wall 826.8 s, 1.443 s/epoch
