
# ===== 2026-09-21 01:26:00 KST  HPO attempt 627  testbed D1 prior S  Nr=8 Nt=4
# DEVICE      : cuda | cuda_available=True | NVIDIA RTX PRO 6000 Blackwell Server Edition | torch 2.14.0+cu130 | train dtype float32 (01_RULES §9.5)
# data        : n_train=9000 n_val=1000 split_hash=98d6225d67f9c15a E||H||_F^2/(NrNt)=1.000268 (04_SPEC §2)
# sigma grid  : MEASURED, 20 points, log-uniform draw over [3.2936e-02, 7.9084e-01]
# hp          : {'arch': 'dit', 'param': 'vp', 'domain': 'angle', 'lr': 0.001656484297020696, 'ema': 0.99, 'batch': 128, 'emb': 256, 'width': 64, 'depth': 5, 'heads': 8, 'patch': 1}  params=404738
# stopping    : patience 15 on val loss, never before 0 epochs, max 600 (01_RULES §5)
epoch    1 | train 8.432520e-01 | val 8.886225e-01 |   2.243 s | best 8.886225e-01 @1 *
epoch    2 | train 8.089201e-01 | val 8.352863e-01 |   2.307 s | best 8.352863e-01 @2 *
epoch    3 | train 7.998055e-01 | val 8.041119e-01 |   2.308 s | best 8.041119e-01 @3 *
epoch    4 | train 7.958924e-01 | val 7.868783e-01 |   2.304 s | best 7.868783e-01 @4 *
epoch    5 | train 7.962899e-01 | val 7.815955e-01 |   2.309 s | best 7.815955e-01 @5 *
epoch    6 | train 7.978208e-01 | val 7.799316e-01 |   2.305 s | best 7.799316e-01 @6 *
epoch    7 | train 7.988600e-01 | val 7.792979e-01 |   2.307 s | best 7.792979e-01 @7 *
epoch    8 | train 7.946352e-01 | val 7.791589e-01 |   2.308 s | best 7.791589e-01 @8 *
epoch    9 | train 7.933612e-01 | val 7.788021e-01 |   2.304 s | best 7.788021e-01 @9 *
epoch   10 | train 7.905535e-01 | val 7.786708e-01 |   2.305 s | best 7.786708e-01 @10 *
epoch   11 | train 7.901326e-01 | val 7.782465e-01 |   2.303 s | best 7.782465e-01 @11 *
epoch   12 | train 7.910211e-01 | val 7.778050e-01 |   2.307 s | best 7.778050e-01 @12 *
epoch   13 | train 7.886346e-01 | val 7.770400e-01 |   2.248 s | best 7.770400e-01 @13 *
epoch   14 | train 7.825036e-01 | val 7.750980e-01 |   2.365 s | best 7.750980e-01 @14 *
epoch   15 | train 7.844670e-01 | val 7.723797e-01 |   2.369 s | best 7.723797e-01 @15 *
epoch   16 | train 7.796177e-01 | val 7.696391e-01 |   2.369 s | best 7.696391e-01 @16 *
epoch   17 | train 7.852060e-01 | val 7.672819e-01 |   2.365 s | best 7.672819e-01 @17 *
epoch   18 | train 7.742458e-01 | val 7.656310e-01 |   2.368 s | best 7.656310e-01 @18 *
epoch   19 | train 7.818918e-01 | val 7.644203e-01 |   2.365 s | best 7.644203e-01 @19 *
epoch   20 | train 7.798480e-01 | val 7.631906e-01 |   2.388 s | best 7.631906e-01 @20 *
epoch   21 | train 7.775689e-01 | val 7.617346e-01 |   2.471 s | best 7.617346e-01 @21 *
epoch   22 | train 7.794455e-01 | val 7.601684e-01 |   2.447 s | best 7.601684e-01 @22 *
epoch   23 | train 7.725794e-01 | val 7.575146e-01 |   2.451 s | best 7.575146e-01 @23 *
epoch   24 | train 7.727532e-01 | val 7.543074e-01 |   2.441 s | best 7.543074e-01 @24 *
epoch   25 | train 7.636603e-01 | val 7.511900e-01 |   2.449 s | best 7.511900e-01 @25 *
epoch   26 | train 7.641135e-01 | val 7.488171e-01 |   2.440 s | best 7.488171e-01 @26 *
epoch   27 | train 7.652914e-01 | val 7.470204e-01 |   2.450 s | best 7.470204e-01 @27 *
epoch   28 | train 7.682687e-01 | val 7.456888e-01 |   2.411 s | best 7.456888e-01 @28 *
epoch   29 | train 7.576972e-01 | val 7.447571e-01 |   2.379 s | best 7.447571e-01 @29 *
epoch   30 | train 7.599777e-01 | val 7.438231e-01 |   2.391 s | best 7.438231e-01 @30 *
epoch   31 | train 7.594662e-01 | val 7.430577e-01 |   2.383 s | best 7.430577e-01 @31 *
epoch   32 | train 7.613054e-01 | val 7.424569e-01 |   2.374 s | best 7.424569e-01 @32 *
epoch   33 | train 7.577035e-01 | val 7.419847e-01 |   2.380 s | best 7.419847e-01 @33 *
epoch   34 | train 7.583733e-01 | val 7.414423e-01 |   2.375 s | best 7.414423e-01 @34 *
epoch   35 | train 7.565539e-01 | val 7.411244e-01 |   2.374 s | best 7.411244e-01 @35 *
epoch   36 | train 7.573385e-01 | val 7.406928e-01 |   2.383 s | best 7.406928e-01 @36 *
epoch   37 | train 7.607592e-01 | val 7.405334e-01 |   2.390 s | best 7.405334e-01 @37 *
epoch   38 | train 7.615691e-01 | val 7.403371e-01 |   2.374 s | best 7.403371e-01 @38 *
epoch   39 | train 7.538775e-01 | val 7.400153e-01 |   2.374 s | best 7.400153e-01 @39 *
epoch   40 | train 7.585705e-01 | val 7.396492e-01 |   2.379 s | best 7.396492e-01 @40 *
epoch   41 | train 7.530104e-01 | val 7.391346e-01 |   2.376 s | best 7.391346e-01 @41 *
epoch   42 | train 7.537878e-01 | val 7.386150e-01 |   2.386 s | best 7.386150e-01 @42 *
epoch   43 | train 7.552455e-01 | val 7.381928e-01 |   2.387 s | best 7.381928e-01 @43 *
epoch   44 | train 7.570570e-01 | val 7.378362e-01 |   2.379 s | best 7.378362e-01 @44 *
epoch   45 | train 7.472943e-01 | val 7.373270e-01 |   2.376 s | best 7.373270e-01 @45 *
epoch   46 | train 7.524975e-01 | val 7.368959e-01 |   2.378 s | best 7.368959e-01 @46 *
epoch   47 | train 7.504317e-01 | val 7.365629e-01 |   2.384 s | best 7.365629e-01 @47 *
epoch   48 | train 7.494040e-01 | val 7.363634e-01 |   2.384 s | best 7.363634e-01 @48 *
epoch   49 | train 7.539876e-01 | val 7.362575e-01 |   2.401 s | best 7.362575e-01 @49 *
epoch   50 | train 7.502365e-01 | val 7.358042e-01 |   2.287 s | best 7.358042e-01 @50 *
epoch   51 | train 7.453758e-01 | val 7.354133e-01 |   2.325 s | best 7.354133e-01 @51 *
epoch   52 | train 7.509448e-01 | val 7.351771e-01 |   2.331 s | best 7.351771e-01 @52 *
epoch   53 | train 7.541531e-01 | val 7.350319e-01 |   2.329 s | best 7.350319e-01 @53 *
epoch   54 | train 7.509451e-01 | val 7.347963e-01 |   2.320 s | best 7.347963e-01 @54 *
epoch   55 | train 7.466398e-01 | val 7.346084e-01 |   2.297 s | best 7.346084e-01 @55 *
epoch   56 | train 7.480454e-01 | val 7.343547e-01 |   2.294 s | best 7.343547e-01 @56 *
epoch   57 | train 7.516738e-01 | val 7.341505e-01 |   2.304 s | best 7.341505e-01 @57 *
epoch   58 | train 7.527558e-01 | val 7.338764e-01 |   2.313 s | best 7.338764e-01 @58 *
epoch   59 | train 7.462221e-01 | val 7.334536e-01 |   2.299 s | best 7.334536e-01 @59 *
epoch   60 | train 7.488549e-01 | val 7.334966e-01 |   2.316 s | best 7.334536e-01 @59
epoch   61 | train 7.476548e-01 | val 7.332988e-01 |   2.346 s | best 7.332988e-01 @61 *
epoch   62 | train 7.420882e-01 | val 7.331775e-01 |   2.316 s | best 7.331775e-01 @62 *
epoch   63 | train 7.436296e-01 | val 7.330428e-01 |   2.317 s | best 7.330428e-01 @63 *
epoch   64 | train 7.496072e-01 | val 7.328239e-01 |   2.300 s | best 7.328239e-01 @64 *
epoch   65 | train 7.463980e-01 | val 7.327449e-01 |   2.303 s | best 7.327449e-01 @65 *
epoch   66 | train 7.457713e-01 | val 7.325842e-01 |   2.303 s | best 7.325842e-01 @66 *
epoch   67 | train 7.469182e-01 | val 7.324662e-01 |   2.302 s | best 7.324662e-01 @67 *
epoch   68 | train 7.460199e-01 | val 7.324069e-01 |   2.308 s | best 7.324069e-01 @68 *
epoch   69 | train 7.447188e-01 | val 7.321861e-01 |   2.326 s | best 7.321861e-01 @69 *
epoch   70 | train 7.404695e-01 | val 7.316273e-01 |   2.335 s | best 7.316273e-01 @70 *
epoch   71 | train 7.458527e-01 | val 7.314106e-01 |   2.397 s | best 7.314106e-01 @71 *
epoch   72 | train 7.441319e-01 | val 7.311974e-01 |   2.402 s | best 7.311974e-01 @72 *
epoch   73 | train 7.529663e-01 | val 7.311904e-01 |   2.393 s | best 7.311904e-01 @73 *
epoch   74 | train 7.461060e-01 | val 7.309983e-01 |   2.381 s | best 7.309983e-01 @74 *
epoch   75 | train 7.442367e-01 | val 7.311366e-01 |   2.380 s | best 7.309983e-01 @74
epoch   76 | train 7.403315e-01 | val 7.308910e-01 |   2.382 s | best 7.308910e-01 @76 *
epoch   77 | train 7.438694e-01 | val 7.307645e-01 |   2.379 s | best 7.307645e-01 @77 *
epoch   78 | train 7.442019e-01 | val 7.306906e-01 |   2.381 s | best 7.306906e-01 @78 *
epoch   79 | train 7.453161e-01 | val 7.306998e-01 |   2.398 s | best 7.306906e-01 @78
epoch   80 | train 7.462935e-01 | val 7.307171e-01 |   2.380 s | best 7.306906e-01 @78
epoch   81 | train 7.414525e-01 | val 7.305636e-01 |   2.380 s | best 7.305636e-01 @81 *
epoch   82 | train 7.375598e-01 | val 7.306030e-01 |   2.377 s | best 7.305636e-01 @81
epoch   83 | train 7.423797e-01 | val 7.305601e-01 |   2.380 s | best 7.305601e-01 @83 *
epoch   84 | train 7.466882e-01 | val 7.304031e-01 |   2.381 s | best 7.304031e-01 @84 *
epoch   85 | train 7.396730e-01 | val 7.300757e-01 |   2.395 s | best 7.300757e-01 @85 *
epoch   86 | train 7.434777e-01 | val 7.299608e-01 |   2.386 s | best 7.299608e-01 @86 *
epoch   87 | train 7.420249e-01 | val 7.300562e-01 |   2.379 s | best 7.299608e-01 @86
epoch   88 | train 7.444264e-01 | val 7.301677e-01 |   2.378 s | best 7.299608e-01 @86
epoch   89 | train 7.430854e-01 | val 7.305066e-01 |   2.378 s | best 7.299608e-01 @86
epoch   90 | train 7.459452e-01 | val 7.305331e-01 |   2.389 s | best 7.299608e-01 @86
epoch   91 | train 7.411530e-01 | val 7.303715e-01 |   2.346 s | best 7.299608e-01 @86
epoch   92 | train 7.399748e-01 | val 7.301938e-01 |   2.341 s | best 7.299608e-01 @86
epoch   93 | train 7.457488e-01 | val 7.303677e-01 |   2.338 s | best 7.299608e-01 @86
epoch   94 | train 7.381794e-01 | val 7.302496e-01 |   2.337 s | best 7.299608e-01 @86
epoch   95 | train 7.441326e-01 | val 7.302502e-01 |   2.338 s | best 7.299608e-01 @86
epoch   96 | train 7.432108e-01 | val 7.300720e-01 |   2.350 s | best 7.299608e-01 @86
epoch   97 | train 7.439742e-01 | val 7.299175e-01 |   2.341 s | best 7.299175e-01 @97 *
epoch   98 | train 7.400287e-01 | val 7.298940e-01 |   2.346 s | best 7.298940e-01 @98 *
epoch   99 | train 7.414277e-01 | val 7.297612e-01 |   2.335 s | best 7.297612e-01 @99 *
epoch  100 | train 7.477153e-01 | val 7.295740e-01 |   2.347 s | best 7.295740e-01 @100 *
epoch  101 | train 7.443332e-01 | val 7.295543e-01 |   2.350 s | best 7.295543e-01 @101 *
epoch  102 | train 7.446249e-01 | val 7.296798e-01 |   2.336 s | best 7.295543e-01 @101
epoch  103 | train 7.412853e-01 | val 7.296534e-01 |   2.332 s | best 7.295543e-01 @101
epoch  104 | train 7.477396e-01 | val 7.296659e-01 |   2.335 s | best 7.295543e-01 @101
epoch  105 | train 7.456712e-01 | val 7.296070e-01 |   2.338 s | best 7.295543e-01 @101
epoch  106 | train 7.405791e-01 | val 7.296093e-01 |   2.351 s | best 7.295543e-01 @101
epoch  107 | train 7.483554e-01 | val 7.297302e-01 |   2.403 s | best 7.295543e-01 @101
epoch  108 | train 7.419138e-01 | val 7.294191e-01 |   2.378 s | best 7.294191e-01 @108 *
epoch  109 | train 7.384237e-01 | val 7.295789e-01 |   2.380 s | best 7.294191e-01 @108
epoch  110 | train 7.383401e-01 | val 7.295141e-01 |   2.379 s | best 7.294191e-01 @108
epoch  111 | train 7.415465e-01 | val 7.294974e-01 |   2.378 s | best 7.294191e-01 @108
epoch  112 | train 7.425516e-01 | val 7.294422e-01 |   2.387 s | best 7.294191e-01 @108
epoch  113 | train 7.429903e-01 | val 7.293900e-01 |   2.384 s | best 7.293900e-01 @113 *
epoch  114 | train 7.473164e-01 | val 7.292716e-01 |   2.376 s | best 7.292716e-01 @114 *
epoch  115 | train 7.421385e-01 | val 7.293432e-01 |   2.377 s | best 7.292716e-01 @114
epoch  116 | train 7.416765e-01 | val 7.295264e-01 |   2.377 s | best 7.292716e-01 @114
epoch  117 | train 7.400075e-01 | val 7.295440e-01 |   2.378 s | best 7.292716e-01 @114
epoch  118 | train 7.429075e-01 | val 7.295812e-01 |   2.375 s | best 7.292716e-01 @114
epoch  119 | train 7.410730e-01 | val 7.294933e-01 |   2.388 s | best 7.292716e-01 @114
epoch  120 | train 7.422087e-01 | val 7.295334e-01 |   2.385 s | best 7.292716e-01 @114
epoch  121 | train 7.443313e-01 | val 7.295699e-01 |   2.386 s | best 7.292716e-01 @114
epoch  122 | train 7.390244e-01 | val 7.295551e-01 |   2.380 s | best 7.292716e-01 @114
epoch  123 | train 7.403571e-01 | val 7.295299e-01 |   2.379 s | best 7.292716e-01 @114
epoch  124 | train 7.431535e-01 | val 7.298279e-01 |   2.380 s | best 7.292716e-01 @114
epoch  125 | train 7.419138e-01 | val 7.300670e-01 |   2.386 s | best 7.292716e-01 @114
epoch  126 | train 7.447140e-01 | val 7.301530e-01 |   2.396 s | best 7.292716e-01 @114
epoch  127 | train 7.384318e-01 | val 7.302235e-01 |   2.377 s | best 7.292716e-01 @114
epoch  128 | train 7.420167e-01 | val 7.297619e-01 |   2.379 s | best 7.292716e-01 @114
epoch  129 | train 7.468411e-01 | val 7.296645e-01 |   2.379 s | best 7.292716e-01 @114
# done        : 129 epochs, stopped_by=patience, aborted=False, best val 7.292716e-01 @ epoch 114, wall 311.3 s, 2.413 s/epoch
