
# ===== 2026-09-21 01:49:13 KST  HPO attempt 655  testbed D1 prior S  Nr=8 Nt=4
# DEVICE      : cuda | cuda_available=True | NVIDIA RTX PRO 6000 Blackwell Server Edition | torch 2.14.0+cu130 | train dtype float32 (01_RULES §9.5)
# data        : n_train=9000 n_val=1000 split_hash=98d6225d67f9c15a E||H||_F^2/(NrNt)=1.000268 (04_SPEC §2)
# sigma grid  : MEASURED, 20 points, log-uniform draw over [3.2936e-02, 7.9084e-01]
# hp          : {'arch': 'unet', 'param': 'edm', 'domain': 'angle', 'lr': 0.002215637563759009, 'ema': 0.99, 'batch': 256, 'emb': 256, 'width': 48, 'depth': 6}  params=2862962
# stopping    : patience 15 on val loss, never before 0 epochs, max 600 (01_RULES §5)
epoch    1 | train 1.003097e+00 | val 9.904335e-01 |   1.982 s | best 9.904335e-01 @1 *
epoch    2 | train 9.542223e-01 | val 9.844716e-01 |   2.291 s | best 9.844716e-01 @2 *
epoch    3 | train 8.816955e-01 | val 9.421530e-01 |   1.356 s | best 9.421530e-01 @3 *
epoch    4 | train 8.623781e-01 | val 8.929487e-01 |   0.792 s | best 8.929487e-01 @4 *
epoch    5 | train 8.528023e-01 | val 8.650971e-01 |   0.645 s | best 8.650971e-01 @5 *
epoch    6 | train 8.495247e-01 | val 8.494314e-01 |   0.646 s | best 8.494314e-01 @6 *
epoch    7 | train 8.542088e-01 | val 8.404188e-01 |   0.713 s | best 8.404188e-01 @7 *
epoch    8 | train 8.474229e-01 | val 8.347038e-01 |   0.736 s | best 8.347038e-01 @8 *
epoch    9 | train 8.455986e-01 | val 8.312284e-01 |   0.720 s | best 8.312284e-01 @9 *
epoch   10 | train 8.459976e-01 | val 8.290425e-01 |   0.791 s | best 8.290425e-01 @10 *
epoch   11 | train 8.448032e-01 | val 8.275790e-01 |   2.232 s | best 8.275790e-01 @11 *
epoch   12 | train 8.386150e-01 | val 8.263401e-01 |   2.209 s | best 8.263401e-01 @12 *
epoch   13 | train 8.441011e-01 | val 8.256214e-01 |   2.236 s | best 8.256214e-01 @13 *
epoch   14 | train 8.430064e-01 | val 8.248945e-01 |   2.225 s | best 8.248945e-01 @14 *
epoch   15 | train 8.412523e-01 | val 8.243790e-01 |   2.269 s | best 8.243790e-01 @15 *
epoch   16 | train 8.402222e-01 | val 8.240629e-01 |   2.273 s | best 8.240629e-01 @16 *
epoch   17 | train 8.406294e-01 | val 8.237188e-01 |   2.267 s | best 8.237188e-01 @17 *
epoch   18 | train 8.340544e-01 | val 8.231946e-01 |   2.271 s | best 8.231946e-01 @18 *
epoch   19 | train 8.385004e-01 | val 8.228566e-01 |   2.272 s | best 8.228566e-01 @19 *
epoch   20 | train 8.373620e-01 | val 8.226779e-01 |   2.278 s | best 8.226779e-01 @20 *
epoch   21 | train 8.360930e-01 | val 8.223092e-01 |   2.290 s | best 8.223092e-01 @21 *
epoch   22 | train 8.338763e-01 | val 8.220952e-01 |   2.275 s | best 8.220952e-01 @22 *
epoch   23 | train 8.393123e-01 | val 8.220700e-01 |   2.275 s | best 8.220700e-01 @23 *
epoch   24 | train 8.390801e-01 | val 8.217232e-01 |   2.273 s | best 8.217232e-01 @24 *
epoch   25 | train 8.380870e-01 | val 8.215228e-01 |   2.272 s | best 8.215228e-01 @25 *
epoch   26 | train 8.354618e-01 | val 8.213853e-01 |   2.273 s | best 8.213853e-01 @26 *
epoch   27 | train 8.372193e-01 | val 8.211402e-01 |   2.272 s | best 8.211402e-01 @27 *
epoch   28 | train 8.392420e-01 | val 8.209239e-01 |   2.273 s | best 8.209239e-01 @28 *
epoch   29 | train 8.342064e-01 | val 8.209050e-01 |   2.272 s | best 8.209050e-01 @29 *
epoch   30 | train 8.349974e-01 | val 8.207200e-01 |   2.277 s | best 8.207200e-01 @30 *
epoch   31 | train 8.379232e-01 | val 8.206486e-01 |   2.293 s | best 8.206486e-01 @31 *
epoch   32 | train 8.328303e-01 | val 8.206958e-01 |   2.272 s | best 8.206486e-01 @31
epoch   33 | train 8.307840e-01 | val 8.206964e-01 |   2.271 s | best 8.206486e-01 @31
epoch   34 | train 8.342699e-01 | val 8.205186e-01 |   2.270 s | best 8.205186e-01 @34 *
epoch   35 | train 8.393056e-01 | val 8.204607e-01 |   2.275 s | best 8.204607e-01 @35 *
epoch   36 | train 8.328126e-01 | val 8.204812e-01 |   2.272 s | best 8.204607e-01 @35
epoch   37 | train 8.340025e-01 | val 8.203917e-01 |   2.275 s | best 8.203917e-01 @37 *
epoch   38 | train 8.304071e-01 | val 8.203701e-01 |   2.274 s | best 8.203701e-01 @38 *
epoch   39 | train 8.324185e-01 | val 8.203052e-01 |   2.281 s | best 8.203052e-01 @39 *
epoch   40 | train 8.354992e-01 | val 8.202389e-01 |   2.287 s | best 8.202389e-01 @40 *
epoch   41 | train 8.347812e-01 | val 8.203207e-01 |   2.281 s | best 8.202389e-01 @40
epoch   42 | train 8.324557e-01 | val 8.203343e-01 |   2.271 s | best 8.202389e-01 @40
epoch   43 | train 8.323138e-01 | val 8.203657e-01 |   2.267 s | best 8.202389e-01 @40
epoch   44 | train 8.336027e-01 | val 8.204350e-01 |   2.267 s | best 8.202389e-01 @40
epoch   45 | train 8.360242e-01 | val 8.204136e-01 |   2.264 s | best 8.202389e-01 @40
epoch   46 | train 8.344676e-01 | val 8.202812e-01 |   2.263 s | best 8.202389e-01 @40
epoch   47 | train 8.339133e-01 | val 8.201070e-01 |   2.315 s | best 8.201070e-01 @47 *
epoch   48 | train 8.330429e-01 | val 8.202705e-01 |   2.312 s | best 8.201070e-01 @47
epoch   49 | train 8.346778e-01 | val 8.201581e-01 |   2.346 s | best 8.201070e-01 @47
epoch   50 | train 8.303652e-01 | val 8.201032e-01 |   2.341 s | best 8.201032e-01 @50 *
epoch   51 | train 8.316381e-01 | val 8.200145e-01 |   2.281 s | best 8.200145e-01 @51 *
epoch   52 | train 8.345273e-01 | val 8.199437e-01 |   2.201 s | best 8.199437e-01 @52 *
epoch   53 | train 8.333293e-01 | val 8.199534e-01 |   2.200 s | best 8.199437e-01 @52
epoch   54 | train 8.293319e-01 | val 8.198259e-01 |   2.203 s | best 8.198259e-01 @54 *
epoch   55 | train 8.344871e-01 | val 8.198469e-01 |   2.217 s | best 8.198259e-01 @54
epoch   56 | train 8.335339e-01 | val 8.197718e-01 |   2.212 s | best 8.197718e-01 @56 *
epoch   57 | train 8.291275e-01 | val 8.198389e-01 |   2.207 s | best 8.197718e-01 @56
epoch   58 | train 8.310509e-01 | val 8.199863e-01 |   2.198 s | best 8.197718e-01 @56
epoch   59 | train 8.340303e-01 | val 8.199652e-01 |   2.203 s | best 8.197718e-01 @56
epoch   60 | train 8.314689e-01 | val 8.200322e-01 |   2.202 s | best 8.197718e-01 @56
epoch   61 | train 8.322269e-01 | val 8.199647e-01 |   2.205 s | best 8.197718e-01 @56
epoch   62 | train 8.335190e-01 | val 8.200425e-01 |   2.204 s | best 8.197718e-01 @56
epoch   63 | train 8.290559e-01 | val 8.200732e-01 |   2.217 s | best 8.197718e-01 @56
epoch   64 | train 8.331682e-01 | val 8.201489e-01 |   2.217 s | best 8.197718e-01 @56
epoch   65 | train 8.297378e-01 | val 8.201094e-01 |   2.219 s | best 8.197718e-01 @56
epoch   66 | train 8.344983e-01 | val 8.201293e-01 |   2.299 s | best 8.197718e-01 @56
epoch   67 | train 8.322585e-01 | val 8.200155e-01 |   2.270 s | best 8.197718e-01 @56
epoch   68 | train 8.337110e-01 | val 8.198389e-01 |   2.270 s | best 8.197718e-01 @56
epoch   69 | train 8.296262e-01 | val 8.198605e-01 |   2.274 s | best 8.197718e-01 @56
epoch   70 | train 8.344245e-01 | val 8.199227e-01 |   2.276 s | best 8.197718e-01 @56
epoch   71 | train 8.331744e-01 | val 8.199733e-01 |   2.275 s | best 8.197718e-01 @56
# done        : 71 epochs, stopped_by=patience, aborted=False, best val 8.197718e-01 @ epoch 56, wall 158.4 s, 2.230 s/epoch
