
# ===== 2026-09-21 01:06:44 KST  HPO attempt 602  testbed D1 prior S  Nr=8 Nt=4
# DEVICE      : cuda | cuda_available=True | NVIDIA RTX PRO 6000 Blackwell Server Edition | torch 2.14.0+cu130 | train dtype float32 (01_RULES §9.5)
# data        : n_train=9000 n_val=1000 split_hash=98d6225d67f9c15a E||H||_F^2/(NrNt)=1.000268 (04_SPEC §2)
# sigma grid  : MEASURED, 20 points, log-uniform draw over [3.2936e-02, 7.9084e-01]
# hp          : {'arch': 'dit', 'param': 'vp', 'domain': 'angle', 'lr': 0.0013475835798033202, 'ema': 0.999, 'batch': 128, 'emb': 128, 'width': 128, 'depth': 6, 'heads': 8, 'patch': 1}  params=1851778
# stopping    : patience 15 on val loss, never before 0 epochs, max 600 (01_RULES §5)
epoch    1 | train 8.419131e-01 | val 9.755280e-01 |   2.186 s | best 9.755280e-01 @1 *
epoch    2 | train 8.078544e-01 | val 9.650711e-01 |   2.672 s | best 9.650711e-01 @2 *
epoch    3 | train 7.945919e-01 | val 9.579232e-01 |   2.673 s | best 9.579232e-01 @3 *
epoch    4 | train 7.938415e-01 | val 9.509526e-01 |   2.664 s | best 9.509526e-01 @4 *
epoch    5 | train 7.954373e-01 | val 9.439101e-01 |   2.674 s | best 9.439101e-01 @5 *
epoch    6 | train 7.984431e-01 | val 9.361916e-01 |   2.677 s | best 9.361916e-01 @6 *
epoch    7 | train 7.921318e-01 | val 9.280662e-01 |   2.674 s | best 9.280662e-01 @7 *
epoch    8 | train 7.886618e-01 | val 9.194755e-01 |   2.668 s | best 9.194755e-01 @8 *
epoch    9 | train 7.896382e-01 | val 9.108039e-01 |   2.657 s | best 9.108039e-01 @9 *
epoch   10 | train 7.918738e-01 | val 9.021353e-01 |   2.660 s | best 9.021353e-01 @10 *
epoch   11 | train 7.936383e-01 | val 8.928100e-01 |   2.656 s | best 8.928100e-01 @11 *
epoch   12 | train 7.906389e-01 | val 8.835106e-01 |   2.662 s | best 8.835106e-01 @12 *
epoch   13 | train 7.894912e-01 | val 8.738530e-01 |   2.725 s | best 8.738530e-01 @13 *
epoch   14 | train 7.902971e-01 | val 8.640006e-01 |   2.727 s | best 8.640006e-01 @14 *
epoch   15 | train 7.828857e-01 | val 8.539187e-01 |   2.727 s | best 8.539187e-01 @15 *
epoch   16 | train 7.818758e-01 | val 8.439625e-01 |   2.726 s | best 8.439625e-01 @16 *
epoch   17 | train 7.779267e-01 | val 8.339452e-01 |   2.729 s | best 8.339452e-01 @17 *
epoch   18 | train 7.809670e-01 | val 8.245735e-01 |   2.742 s | best 8.245735e-01 @18 *
epoch   19 | train 7.751289e-01 | val 8.161049e-01 |   2.728 s | best 8.161049e-01 @19 *
epoch   20 | train 7.776345e-01 | val 8.087337e-01 |   2.729 s | best 8.087337e-01 @20 *
epoch   21 | train 7.708840e-01 | val 8.022682e-01 |   2.727 s | best 8.022682e-01 @21 *
epoch   22 | train 7.644462e-01 | val 7.967654e-01 |   2.734 s | best 7.967654e-01 @22 *
epoch   23 | train 7.625456e-01 | val 7.920562e-01 |   2.742 s | best 7.920562e-01 @23 *
epoch   24 | train 7.637084e-01 | val 7.880751e-01 |   2.726 s | best 7.880751e-01 @24 *
epoch   25 | train 7.653654e-01 | val 7.847679e-01 |   2.728 s | best 7.847679e-01 @25 *
epoch   26 | train 7.600617e-01 | val 7.819595e-01 |   2.727 s | best 7.819595e-01 @26 *
epoch   27 | train 7.636865e-01 | val 7.795669e-01 |   2.737 s | best 7.795669e-01 @27 *
epoch   28 | train 7.577685e-01 | val 7.774534e-01 |   2.727 s | best 7.774534e-01 @28 *
epoch   29 | train 7.545004e-01 | val 7.755064e-01 |   2.722 s | best 7.755064e-01 @29 *
epoch   30 | train 7.596595e-01 | val 7.736035e-01 |   2.724 s | best 7.736035e-01 @30 *
epoch   31 | train 7.589957e-01 | val 7.717502e-01 |   2.731 s | best 7.717502e-01 @31 *
epoch   32 | train 7.551059e-01 | val 7.698917e-01 |   2.728 s | best 7.698917e-01 @32 *
epoch   33 | train 7.576715e-01 | val 7.680712e-01 |   2.707 s | best 7.680712e-01 @33 *
epoch   34 | train 7.495444e-01 | val 7.660828e-01 |   2.677 s | best 7.660828e-01 @34 *
epoch   35 | train 7.515703e-01 | val 7.640885e-01 |   2.696 s | best 7.640885e-01 @35 *
epoch   36 | train 7.551255e-01 | val 7.619860e-01 |   2.694 s | best 7.619860e-01 @36 *
epoch   37 | train 7.523139e-01 | val 7.599088e-01 |   2.675 s | best 7.599088e-01 @37 *
epoch   38 | train 7.531847e-01 | val 7.578054e-01 |   2.685 s | best 7.578054e-01 @38 *
epoch   39 | train 7.533107e-01 | val 7.558033e-01 |   2.676 s | best 7.558033e-01 @39 *
epoch   40 | train 7.478021e-01 | val 7.539487e-01 |   2.687 s | best 7.539487e-01 @40 *
epoch   41 | train 7.536628e-01 | val 7.521512e-01 |   2.704 s | best 7.521512e-01 @41 *
epoch   42 | train 7.522778e-01 | val 7.504597e-01 |   2.677 s | best 7.504597e-01 @42 *
epoch   43 | train 7.476324e-01 | val 7.488983e-01 |   2.685 s | best 7.488983e-01 @43 *
epoch   44 | train 7.526317e-01 | val 7.475030e-01 |   2.683 s | best 7.475030e-01 @44 *
epoch   45 | train 7.439380e-01 | val 7.461875e-01 |   2.693 s | best 7.461875e-01 @45 *
epoch   46 | train 7.445328e-01 | val 7.449809e-01 |   2.694 s | best 7.449809e-01 @46 *
epoch   47 | train 7.426155e-01 | val 7.438602e-01 |   2.675 s | best 7.438602e-01 @47 *
epoch   48 | train 7.450634e-01 | val 7.428022e-01 |   2.666 s | best 7.428022e-01 @48 *
epoch   49 | train 7.481693e-01 | val 7.418485e-01 |   2.659 s | best 7.418485e-01 @49 *
epoch   50 | train 7.495929e-01 | val 7.409120e-01 |   2.723 s | best 7.409120e-01 @50 *
epoch   51 | train 7.459689e-01 | val 7.400389e-01 |   2.777 s | best 7.400389e-01 @51 *
epoch   52 | train 7.447642e-01 | val 7.391903e-01 |   2.772 s | best 7.391903e-01 @52 *
epoch   53 | train 7.429238e-01 | val 7.383781e-01 |   2.774 s | best 7.383781e-01 @53 *
epoch   54 | train 7.417691e-01 | val 7.375883e-01 |   2.785 s | best 7.375883e-01 @54 *
epoch   55 | train 7.466795e-01 | val 7.368491e-01 |   2.680 s | best 7.368491e-01 @55 *
epoch   56 | train 7.515765e-01 | val 7.361739e-01 |   2.672 s | best 7.361739e-01 @56 *
epoch   57 | train 7.453889e-01 | val 7.355154e-01 |   2.669 s | best 7.355154e-01 @57 *
epoch   58 | train 7.400013e-01 | val 7.348949e-01 |   2.607 s | best 7.348949e-01 @58 *
epoch   59 | train 7.433749e-01 | val 7.343735e-01 |   2.651 s | best 7.343735e-01 @59 *
epoch   60 | train 7.404827e-01 | val 7.338564e-01 |   2.677 s | best 7.338564e-01 @60 *
epoch   61 | train 7.451400e-01 | val 7.333627e-01 |   2.675 s | best 7.333627e-01 @61 *
epoch   62 | train 7.484931e-01 | val 7.329025e-01 |   2.685 s | best 7.329025e-01 @62 *
epoch   63 | train 7.429811e-01 | val 7.324391e-01 |   2.686 s | best 7.324391e-01 @63 *
epoch   64 | train 7.431030e-01 | val 7.320131e-01 |   2.677 s | best 7.320131e-01 @64 *
epoch   65 | train 7.472505e-01 | val 7.316265e-01 |   2.671 s | best 7.316265e-01 @65 *
epoch   66 | train 7.425164e-01 | val 7.312770e-01 |   2.685 s | best 7.312770e-01 @66 *
epoch   67 | train 7.456120e-01 | val 7.309656e-01 |   2.684 s | best 7.309656e-01 @67 *
epoch   68 | train 7.436492e-01 | val 7.306867e-01 |   2.679 s | best 7.306867e-01 @68 *
epoch   69 | train 7.449013e-01 | val 7.304420e-01 |   2.675 s | best 7.304420e-01 @69 *
epoch   70 | train 7.474027e-01 | val 7.301968e-01 |   2.725 s | best 7.301968e-01 @70 *
epoch   71 | train 7.467067e-01 | val 7.299685e-01 |   2.680 s | best 7.299685e-01 @71 *
epoch   72 | train 7.371853e-01 | val 7.297348e-01 |   2.666 s | best 7.297348e-01 @72 *
epoch   73 | train 7.436106e-01 | val 7.295465e-01 |   2.687 s | best 7.295465e-01 @73 *
epoch   74 | train 7.457210e-01 | val 7.293753e-01 |   2.650 s | best 7.293753e-01 @74 *
epoch   75 | train 7.386365e-01 | val 7.292100e-01 |   2.652 s | best 7.292100e-01 @75 *
epoch   76 | train 7.479764e-01 | val 7.291010e-01 |   2.666 s | best 7.291010e-01 @76 *
epoch   77 | train 7.421477e-01 | val 7.289985e-01 |   2.639 s | best 7.289985e-01 @77 *
epoch   78 | train 7.402661e-01 | val 7.288702e-01 |   2.653 s | best 7.288702e-01 @78 *
epoch   79 | train 7.425250e-01 | val 7.287621e-01 |   2.659 s | best 7.287621e-01 @79 *
epoch   80 | train 7.429777e-01 | val 7.286741e-01 |   2.651 s | best 7.286741e-01 @80 *
epoch   81 | train 7.440348e-01 | val 7.285967e-01 |   2.666 s | best 7.285967e-01 @81 *
epoch   82 | train 7.399516e-01 | val 7.285178e-01 |   2.642 s | best 7.285178e-01 @82 *
epoch   83 | train 7.436003e-01 | val 7.284694e-01 |   2.648 s | best 7.284694e-01 @83 *
epoch   84 | train 7.445281e-01 | val 7.284002e-01 |   2.677 s | best 7.284002e-01 @84 *
epoch   85 | train 7.409568e-01 | val 7.283413e-01 |   2.700 s | best 7.283413e-01 @85 *
epoch   86 | train 7.408905e-01 | val 7.283077e-01 |   2.680 s | best 7.283077e-01 @86 *
epoch   87 | train 7.483545e-01 | val 7.282509e-01 |   2.691 s | best 7.282509e-01 @87 *
epoch   88 | train 7.396184e-01 | val 7.281998e-01 |   2.373 s | best 7.281998e-01 @88 *
epoch   89 | train 7.397886e-01 | val 7.281578e-01 |   2.713 s | best 7.281578e-01 @89 *
epoch   90 | train 7.419090e-01 | val 7.281252e-01 |   2.712 s | best 7.281252e-01 @90 *
epoch   91 | train 7.402924e-01 | val 7.280745e-01 |   2.701 s | best 7.280745e-01 @91 *
epoch   92 | train 7.349180e-01 | val 7.280232e-01 |   2.695 s | best 7.280232e-01 @92 *
epoch   93 | train 7.431409e-01 | val 7.279753e-01 |   2.701 s | best 7.279753e-01 @93 *
epoch   94 | train 7.439571e-01 | val 7.279280e-01 |   2.698 s | best 7.279280e-01 @94 *
epoch   95 | train 7.451737e-01 | val 7.278545e-01 |   2.689 s | best 7.278545e-01 @95 *
epoch   96 | train 7.393366e-01 | val 7.278080e-01 |   2.698 s | best 7.278080e-01 @96 *
epoch   97 | train 7.414462e-01 | val 7.277998e-01 |   2.692 s | best 7.277998e-01 @97 *
epoch   98 | train 7.377680e-01 | val 7.277743e-01 |   2.692 s | best 7.277743e-01 @98 *
epoch   99 | train 7.440755e-01 | val 7.277566e-01 |   2.694 s | best 7.277566e-01 @99 *
epoch  100 | train 7.368570e-01 | val 7.277577e-01 |   2.692 s | best 7.277566e-01 @99
epoch  101 | train 7.376531e-01 | val 7.277876e-01 |   2.689 s | best 7.277566e-01 @99
epoch  102 | train 7.401032e-01 | val 7.277938e-01 |   2.688 s | best 7.277566e-01 @99
epoch  103 | train 7.459240e-01 | val 7.277650e-01 |   2.675 s | best 7.277566e-01 @99
epoch  104 | train 7.395693e-01 | val 7.277498e-01 |   2.735 s | best 7.277498e-01 @104 *
epoch  105 | train 7.389096e-01 | val 7.277666e-01 |   2.706 s | best 7.277498e-01 @104
epoch  106 | train 7.373674e-01 | val 7.277625e-01 |   2.718 s | best 7.277498e-01 @104
epoch  107 | train 7.415009e-01 | val 7.277913e-01 |   2.802 s | best 7.277498e-01 @104
epoch  108 | train 7.413094e-01 | val 7.278302e-01 |   2.801 s | best 7.277498e-01 @104
epoch  109 | train 7.375049e-01 | val 7.278132e-01 |   2.803 s | best 7.277498e-01 @104
epoch  110 | train 7.413028e-01 | val 7.278184e-01 |   2.892 s | best 7.277498e-01 @104
epoch  111 | train 7.408429e-01 | val 7.277877e-01 |   2.926 s | best 7.277498e-01 @104
epoch  112 | train 7.417928e-01 | val 7.277896e-01 |   2.898 s | best 7.277498e-01 @104
epoch  113 | train 7.411154e-01 | val 7.277839e-01 |   2.932 s | best 7.277498e-01 @104
epoch  114 | train 7.429609e-01 | val 7.277835e-01 |   2.411 s | best 7.277498e-01 @104
epoch  115 | train 7.405734e-01 | val 7.277983e-01 |   2.884 s | best 7.277498e-01 @104
epoch  116 | train 7.413643e-01 | val 7.278095e-01 |   2.814 s | best 7.277498e-01 @104
epoch  117 | train 7.399850e-01 | val 7.278097e-01 |   2.738 s | best 7.277498e-01 @104
epoch  118 | train 7.412741e-01 | val 7.277946e-01 |   2.737 s | best 7.277498e-01 @104
epoch  119 | train 7.409363e-01 | val 7.278174e-01 |   2.742 s | best 7.277498e-01 @104
# done        : 119 epochs, stopped_by=patience, aborted=False, best val 7.277498e-01 @ epoch 104, wall 332.6 s, 2.795 s/epoch
