
# ===== 2026-09-21 02:09:25 KST  HPO attempt 677  testbed D1 prior S  Nr=8 Nt=4
# DEVICE      : cuda | cuda_available=True | NVIDIA RTX PRO 6000 Blackwell Server Edition | torch 2.14.0+cu130 | train dtype float32 (01_RULES §9.5)
# data        : n_train=9000 n_val=1000 split_hash=98d6225d67f9c15a E||H||_F^2/(NrNt)=1.000268 (04_SPEC §2)
# sigma grid  : MEASURED, 20 points, log-uniform draw over [3.2936e-02, 7.9084e-01]
# hp          : {'arch': 'unet', 'param': 'edm', 'domain': 'angle', 'lr': 0.002487433610589132, 'ema': 0.9999, 'batch': 256, 'emb': 256, 'width': 48, 'depth': 5}  params=2390930
# stopping    : patience 15 on val loss, never before 0 epochs, max 600 (01_RULES §5)
epoch    1 | train 1.005238e+00 | val 9.906740e-01 |   1.652 s | best 9.906740e-01 @1 *
epoch    2 | train 9.998971e-01 | val 9.906675e-01 |   1.667 s | best 9.906675e-01 @2 *
epoch    3 | train 9.979346e-01 | val 9.906607e-01 |   1.669 s | best 9.906607e-01 @3 *
epoch    4 | train 9.918780e-01 | val 9.906523e-01 |   1.665 s | best 9.906523e-01 @4 *
epoch    5 | train 9.874943e-01 | val 9.906429e-01 |   1.657 s | best 9.906429e-01 @5 *
epoch    6 | train 9.707882e-01 | val 9.906322e-01 |   1.667 s | best 9.906322e-01 @6 *
epoch    7 | train 9.419285e-01 | val 9.906185e-01 |   1.672 s | best 9.906185e-01 @7 *
epoch    8 | train 8.935440e-01 | val 9.905952e-01 |   1.658 s | best 9.905952e-01 @8 *
epoch    9 | train 8.685823e-01 | val 9.905675e-01 |   1.666 s | best 9.905675e-01 @9 *
epoch   10 | train 8.552550e-01 | val 9.905353e-01 |   1.666 s | best 9.905353e-01 @10 *
epoch   11 | train 8.518178e-01 | val 9.904981e-01 |   1.665 s | best 9.904981e-01 @11 *
epoch   12 | train 8.482833e-01 | val 9.904550e-01 |   1.663 s | best 9.904550e-01 @12 *
epoch   13 | train 8.477034e-01 | val 9.904087e-01 |   1.665 s | best 9.904087e-01 @13 *
epoch   14 | train 8.494476e-01 | val 9.903564e-01 |   1.662 s | best 9.903564e-01 @14 *
epoch   15 | train 8.464900e-01 | val 9.902976e-01 |   1.667 s | best 9.902976e-01 @15 *
epoch   16 | train 8.441835e-01 | val 9.902303e-01 |   1.666 s | best 9.902303e-01 @16 *
epoch   17 | train 8.426404e-01 | val 9.901537e-01 |   1.667 s | best 9.901537e-01 @17 *
epoch   18 | train 8.424005e-01 | val 9.900672e-01 |   1.663 s | best 9.900672e-01 @18 *
epoch   19 | train 8.405559e-01 | val 9.899721e-01 |   1.671 s | best 9.899721e-01 @19 *
epoch   20 | train 8.393950e-01 | val 9.898626e-01 |   1.666 s | best 9.898626e-01 @20 *
epoch   21 | train 8.418071e-01 | val 9.897385e-01 |   1.662 s | best 9.897385e-01 @21 *
epoch   22 | train 8.436268e-01 | val 9.895961e-01 |   1.666 s | best 9.895961e-01 @22 *
epoch   23 | train 8.418944e-01 | val 9.894316e-01 |   1.663 s | best 9.894316e-01 @23 *
epoch   24 | train 8.406759e-01 | val 9.892461e-01 |   1.679 s | best 9.892461e-01 @24 *
epoch   25 | train 8.405443e-01 | val 9.890371e-01 |   1.669 s | best 9.890371e-01 @25 *
epoch   26 | train 8.357940e-01 | val 9.888015e-01 |   1.666 s | best 9.888015e-01 @26 *
epoch   27 | train 8.382259e-01 | val 9.885337e-01 |   1.669 s | best 9.885337e-01 @27 *
epoch   28 | train 8.388187e-01 | val 9.882289e-01 |   1.674 s | best 9.882289e-01 @28 *
epoch   29 | train 8.373386e-01 | val 9.878859e-01 |   1.679 s | best 9.878859e-01 @29 *
epoch   30 | train 8.387163e-01 | val 9.875059e-01 |   1.709 s | best 9.875059e-01 @30 *
epoch   31 | train 8.373694e-01 | val 9.870838e-01 |   1.705 s | best 9.870838e-01 @31 *
epoch   32 | train 8.352409e-01 | val 9.866129e-01 |   1.725 s | best 9.866129e-01 @32 *
epoch   33 | train 8.397998e-01 | val 9.860889e-01 |   1.663 s | best 9.860889e-01 @33 *
epoch   34 | train 8.387772e-01 | val 9.855181e-01 |   1.669 s | best 9.855181e-01 @34 *
epoch   35 | train 8.436315e-01 | val 9.848921e-01 |   1.663 s | best 9.848921e-01 @35 *
epoch   36 | train 8.373027e-01 | val 9.842088e-01 |   1.661 s | best 9.842088e-01 @36 *
epoch   37 | train 8.364102e-01 | val 9.834655e-01 |   1.669 s | best 9.834655e-01 @37 *
epoch   38 | train 8.316184e-01 | val 9.826527e-01 |   1.708 s | best 9.826527e-01 @38 *
epoch   39 | train 8.347292e-01 | val 9.817887e-01 |   1.719 s | best 9.817887e-01 @39 *
epoch   40 | train 8.371364e-01 | val 9.808659e-01 |   1.710 s | best 9.808659e-01 @40 *
epoch   41 | train 8.345723e-01 | val 9.798886e-01 |   1.747 s | best 9.798886e-01 @41 *
epoch   42 | train 8.353652e-01 | val 9.788555e-01 |   1.757 s | best 9.788555e-01 @42 *
epoch   43 | train 8.392413e-01 | val 9.777583e-01 |   1.766 s | best 9.777583e-01 @43 *
epoch   44 | train 8.340210e-01 | val 9.766107e-01 |   1.756 s | best 9.766107e-01 @44 *
epoch   45 | train 8.348985e-01 | val 9.754133e-01 |   1.733 s | best 9.754133e-01 @45 *
epoch   46 | train 8.330125e-01 | val 9.741700e-01 |   1.714 s | best 9.741700e-01 @46 *
epoch   47 | train 8.334042e-01 | val 9.728644e-01 |   1.735 s | best 9.728644e-01 @47 *
epoch   48 | train 8.367653e-01 | val 9.715423e-01 |   1.751 s | best 9.715423e-01 @48 *
epoch   49 | train 8.337746e-01 | val 9.701894e-01 |   1.743 s | best 9.701894e-01 @49 *
epoch   50 | train 8.383043e-01 | val 9.688096e-01 |   1.805 s | best 9.688096e-01 @50 *
epoch   51 | train 8.356331e-01 | val 9.674107e-01 |   1.754 s | best 9.674107e-01 @51 *
epoch   52 | train 8.316536e-01 | val 9.659970e-01 |   1.661 s | best 9.659970e-01 @52 *
epoch   53 | train 8.307664e-01 | val 9.645687e-01 |   1.687 s | best 9.645687e-01 @53 *
epoch   54 | train 8.354484e-01 | val 9.631441e-01 |   1.680 s | best 9.631441e-01 @54 *
epoch   55 | train 8.298312e-01 | val 9.617423e-01 |   1.666 s | best 9.617423e-01 @55 *
epoch   56 | train 8.342634e-01 | val 9.603384e-01 |   1.661 s | best 9.603384e-01 @56 *
epoch   57 | train 8.357691e-01 | val 9.589468e-01 |   1.665 s | best 9.589468e-01 @57 *
epoch   58 | train 8.342309e-01 | val 9.575610e-01 |   1.665 s | best 9.575610e-01 @58 *
epoch   59 | train 8.331564e-01 | val 9.561961e-01 |   1.667 s | best 9.561961e-01 @59 *
epoch   60 | train 8.339450e-01 | val 9.548584e-01 |   1.684 s | best 9.548584e-01 @60 *
epoch   61 | train 8.358178e-01 | val 9.535283e-01 |   1.664 s | best 9.535283e-01 @61 *
epoch   62 | train 8.350839e-01 | val 9.521994e-01 |   1.661 s | best 9.521994e-01 @62 *
epoch   63 | train 8.383742e-01 | val 9.509009e-01 |   1.667 s | best 9.509009e-01 @63 *
epoch   64 | train 8.312191e-01 | val 9.496351e-01 |   1.666 s | best 9.496351e-01 @64 *
epoch   65 | train 8.295935e-01 | val 9.483894e-01 |   1.689 s | best 9.483894e-01 @65 *
epoch   66 | train 8.326813e-01 | val 9.471707e-01 |   1.669 s | best 9.471707e-01 @66 *
epoch   67 | train 8.326442e-01 | val 9.459568e-01 |   1.646 s | best 9.459568e-01 @67 *
epoch   68 | train 8.346188e-01 | val 9.447730e-01 |   1.668 s | best 9.447730e-01 @68 *
epoch   69 | train 8.349332e-01 | val 9.436023e-01 |   1.662 s | best 9.436023e-01 @69 *
epoch   70 | train 8.323633e-01 | val 9.424545e-01 |   1.671 s | best 9.424545e-01 @70 *
epoch   71 | train 8.332308e-01 | val 9.413349e-01 |   1.679 s | best 9.413349e-01 @71 *
epoch   72 | train 8.345207e-01 | val 9.402493e-01 |   1.666 s | best 9.402493e-01 @72 *
epoch   73 | train 8.327407e-01 | val 9.391709e-01 |   1.669 s | best 9.391709e-01 @73 *
epoch   74 | train 8.338700e-01 | val 9.381328e-01 |   1.674 s | best 9.381328e-01 @74 *
epoch   75 | train 8.324463e-01 | val 9.371116e-01 |   1.688 s | best 9.371116e-01 @75 *
epoch   76 | train 8.296467e-01 | val 9.361110e-01 |   1.662 s | best 9.361110e-01 @76 *
epoch   77 | train 8.315495e-01 | val 9.351357e-01 |   1.660 s | best 9.351357e-01 @77 *
epoch   78 | train 8.329586e-01 | val 9.341717e-01 |   1.667 s | best 9.341717e-01 @78 *
epoch   79 | train 8.342116e-01 | val 9.332114e-01 |   1.660 s | best 9.332114e-01 @79 *
epoch   80 | train 8.339403e-01 | val 9.322932e-01 |   1.663 s | best 9.322932e-01 @80 *
epoch   81 | train 8.321412e-01 | val 9.313887e-01 |   1.669 s | best 9.313887e-01 @81 *
epoch   82 | train 8.335723e-01 | val 9.304994e-01 |   1.667 s | best 9.304994e-01 @82 *
epoch   83 | train 8.279071e-01 | val 9.296147e-01 |   1.666 s | best 9.296147e-01 @83 *
epoch   84 | train 8.322510e-01 | val 9.287568e-01 |   1.665 s | best 9.287568e-01 @84 *
epoch   85 | train 8.328409e-01 | val 9.279317e-01 |   1.665 s | best 9.279317e-01 @85 *
epoch   86 | train 8.326030e-01 | val 9.271098e-01 |   1.655 s | best 9.271098e-01 @86 *
epoch   87 | train 8.315564e-01 | val 9.263076e-01 |   1.664 s | best 9.263076e-01 @87 *
epoch   88 | train 8.322749e-01 | val 9.255102e-01 |   1.665 s | best 9.255102e-01 @88 *
epoch   89 | train 8.360427e-01 | val 9.247385e-01 |   1.662 s | best 9.247385e-01 @89 *
epoch   90 | train 8.329411e-01 | val 9.239762e-01 |   1.669 s | best 9.239762e-01 @90 *
epoch   91 | train 8.333454e-01 | val 9.232135e-01 |   1.665 s | best 9.232135e-01 @91 *
epoch   92 | train 8.342767e-01 | val 9.224783e-01 |   1.665 s | best 9.224783e-01 @92 *
epoch   93 | train 8.329150e-01 | val 9.217349e-01 |   1.662 s | best 9.217349e-01 @93 *
epoch   94 | train 8.319338e-01 | val 9.210110e-01 |   1.669 s | best 9.210110e-01 @94 *
epoch   95 | train 8.318372e-01 | val 9.202720e-01 |   1.666 s | best 9.202720e-01 @95 *
epoch   96 | train 8.336866e-01 | val 9.195493e-01 |   1.659 s | best 9.195493e-01 @96 *
epoch   97 | train 8.317988e-01 | val 9.188513e-01 |   1.669 s | best 9.188513e-01 @97 *
epoch   98 | train 8.305033e-01 | val 9.181511e-01 |   1.668 s | best 9.181511e-01 @98 *
epoch   99 | train 8.329987e-01 | val 9.174561e-01 |   1.660 s | best 9.174561e-01 @99 *
epoch  100 | train 8.329418e-01 | val 9.167879e-01 |   1.665 s | best 9.167879e-01 @100 *
epoch  101 | train 8.319535e-01 | val 9.161214e-01 |   1.670 s | best 9.161214e-01 @101 *
epoch  102 | train 8.292843e-01 | val 9.154726e-01 |   1.666 s | best 9.154726e-01 @102 *
epoch  103 | train 8.308389e-01 | val 9.148107e-01 |   1.609 s | best 9.148107e-01 @103 *
epoch  104 | train 8.338291e-01 | val 9.141368e-01 |   1.611 s | best 9.141368e-01 @104 *
epoch  105 | train 8.323564e-01 | val 9.134981e-01 |   1.611 s | best 9.134981e-01 @105 *
epoch  106 | train 8.278845e-01 | val 9.128670e-01 |   1.606 s | best 9.128670e-01 @106 *
epoch  107 | train 8.318339e-01 | val 9.122338e-01 |   1.602 s | best 9.122338e-01 @107 *
epoch  108 | train 8.340352e-01 | val 9.116114e-01 |   1.608 s | best 9.116114e-01 @108 *
epoch  109 | train 8.290474e-01 | val 9.110013e-01 |   1.602 s | best 9.110013e-01 @109 *
epoch  110 | train 8.300350e-01 | val 9.103993e-01 |   1.614 s | best 9.103993e-01 @110 *
epoch  111 | train 8.337661e-01 | val 9.098045e-01 |   1.601 s | best 9.098045e-01 @111 *
epoch  112 | train 8.339049e-01 | val 9.092169e-01 |   1.602 s | best 9.092169e-01 @112 *
epoch  113 | train 8.325052e-01 | val 9.086301e-01 |   1.594 s | best 9.086301e-01 @113 *
epoch  114 | train 8.300577e-01 | val 9.080686e-01 |   1.600 s | best 9.080686e-01 @114 *
epoch  115 | train 8.322543e-01 | val 9.074932e-01 |   1.608 s | best 9.074932e-01 @115 *
epoch  116 | train 8.314217e-01 | val 9.069372e-01 |   1.609 s | best 9.069372e-01 @116 *
epoch  117 | train 8.324496e-01 | val 9.063988e-01 |   1.603 s | best 9.063988e-01 @117 *
epoch  118 | train 8.331905e-01 | val 9.058567e-01 |   1.604 s | best 9.058567e-01 @118 *
epoch  119 | train 8.289688e-01 | val 9.053134e-01 |   1.606 s | best 9.053134e-01 @119 *
epoch  120 | train 8.294113e-01 | val 9.047878e-01 |   1.602 s | best 9.047878e-01 @120 *
epoch  121 | train 8.317080e-01 | val 9.042630e-01 |   1.607 s | best 9.042630e-01 @121 *
epoch  122 | train 8.305546e-01 | val 9.037336e-01 |   1.604 s | best 9.037336e-01 @122 *
epoch  123 | train 8.284784e-01 | val 9.031973e-01 |   1.639 s | best 9.031973e-01 @123 *
epoch  124 | train 8.291181e-01 | val 9.026699e-01 |   1.676 s | best 9.026699e-01 @124 *
epoch  125 | train 8.303943e-01 | val 9.021154e-01 |   1.660 s | best 9.021154e-01 @125 *
epoch  126 | train 8.281755e-01 | val 9.015809e-01 |   1.659 s | best 9.015809e-01 @126 *
epoch  127 | train 8.308519e-01 | val 9.010733e-01 |   1.711 s | best 9.010733e-01 @127 *
epoch  128 | train 8.307141e-01 | val 9.005445e-01 |   1.695 s | best 9.005445e-01 @128 *
epoch  129 | train 8.319430e-01 | val 9.000429e-01 |   1.656 s | best 9.000429e-01 @129 *
epoch  130 | train 8.278836e-01 | val 8.995418e-01 |   1.630 s | best 8.995418e-01 @130 *
epoch  131 | train 8.305826e-01 | val 8.990547e-01 |   1.641 s | best 8.990547e-01 @131 *
epoch  132 | train 8.311803e-01 | val 8.985629e-01 |   1.662 s | best 8.985629e-01 @132 *
epoch  133 | train 8.316656e-01 | val 8.980754e-01 |   1.650 s | best 8.980754e-01 @133 *
epoch  134 | train 8.298093e-01 | val 8.975930e-01 |   1.622 s | best 8.975930e-01 @134 *
epoch  135 | train 8.296120e-01 | val 8.970984e-01 |   1.673 s | best 8.970984e-01 @135 *
epoch  136 | train 8.317730e-01 | val 8.966230e-01 |   1.667 s | best 8.966230e-01 @136 *
epoch  137 | train 8.289028e-01 | val 8.961359e-01 |   1.662 s | best 8.961359e-01 @137 *
epoch  138 | train 8.274907e-01 | val 8.956652e-01 |   1.630 s | best 8.956652e-01 @138 *
epoch  139 | train 8.302275e-01 | val 8.951766e-01 |   1.655 s | best 8.951766e-01 @139 *
epoch  140 | train 8.269773e-01 | val 8.946830e-01 |   1.653 s | best 8.946830e-01 @140 *
epoch  141 | train 8.297526e-01 | val 8.942046e-01 |   1.637 s | best 8.942046e-01 @141 *
epoch  142 | train 8.267226e-01 | val 8.937489e-01 |   1.633 s | best 8.937489e-01 @142 *
epoch  143 | train 8.344980e-01 | val 8.932990e-01 |   1.657 s | best 8.932990e-01 @143 *
epoch  144 | train 8.289673e-01 | val 8.928570e-01 |   1.649 s | best 8.928570e-01 @144 *
epoch  145 | train 8.311038e-01 | val 8.924139e-01 |   1.629 s | best 8.924139e-01 @145 *
epoch  146 | train 8.291980e-01 | val 8.919817e-01 |   1.661 s | best 8.919817e-01 @146 *
epoch  147 | train 8.292270e-01 | val 8.915513e-01 |   1.653 s | best 8.915513e-01 @147 *
epoch  148 | train 8.322873e-01 | val 8.911322e-01 |   1.654 s | best 8.911322e-01 @148 *
epoch  149 | train 8.292218e-01 | val 8.907126e-01 |   1.630 s | best 8.907126e-01 @149 *
epoch  150 | train 8.278169e-01 | val 8.902856e-01 |   1.640 s | best 8.902856e-01 @150 *
epoch  151 | train 8.301348e-01 | val 8.898568e-01 |   1.656 s | best 8.898568e-01 @151 *
epoch  152 | train 8.313894e-01 | val 8.894181e-01 |   1.664 s | best 8.894181e-01 @152 *
epoch  153 | train 8.289749e-01 | val 8.889917e-01 |   1.625 s | best 8.889917e-01 @153 *
epoch  154 | train 8.261439e-01 | val 8.885575e-01 |   1.663 s | best 8.885575e-01 @154 *
epoch  155 | train 8.253264e-01 | val 8.881496e-01 |   1.646 s | best 8.881496e-01 @155 *
epoch  156 | train 8.300100e-01 | val 8.877357e-01 |   1.655 s | best 8.877357e-01 @156 *
epoch  157 | train 8.263727e-01 | val 8.873160e-01 |   1.654 s | best 8.873160e-01 @157 *
epoch  158 | train 8.301864e-01 | val 8.868926e-01 |   1.655 s | best 8.868926e-01 @158 *
epoch  159 | train 8.284748e-01 | val 8.864578e-01 |   1.657 s | best 8.864578e-01 @159 *
epoch  160 | train 8.264182e-01 | val 8.860474e-01 |   1.681 s | best 8.860474e-01 @160 *
epoch  161 | train 8.270811e-01 | val 8.856287e-01 |   1.662 s | best 8.856287e-01 @161 *
epoch  162 | train 8.256562e-01 | val 8.852298e-01 |   1.660 s | best 8.852298e-01 @162 *
epoch  163 | train 8.258693e-01 | val 8.848242e-01 |   1.663 s | best 8.848242e-01 @163 *
epoch  164 | train 8.300412e-01 | val 8.844300e-01 |   1.656 s | best 8.844300e-01 @164 *
epoch  165 | train 8.277707e-01 | val 8.840215e-01 |   1.665 s | best 8.840215e-01 @165 *
epoch  166 | train 8.316023e-01 | val 8.836275e-01 |   1.661 s | best 8.836275e-01 @166 *
epoch  167 | train 8.270451e-01 | val 8.832487e-01 |   1.665 s | best 8.832487e-01 @167 *
epoch  168 | train 8.277133e-01 | val 8.828571e-01 |   1.661 s | best 8.828571e-01 @168 *
epoch  169 | train 8.306024e-01 | val 8.824704e-01 |   1.665 s | best 8.824704e-01 @169 *
epoch  170 | train 8.234069e-01 | val 8.820826e-01 |   1.662 s | best 8.820826e-01 @170 *
epoch  171 | train 8.240986e-01 | val 8.816916e-01 |   1.658 s | best 8.816916e-01 @171 *
epoch  172 | train 8.311106e-01 | val 8.812921e-01 |   1.664 s | best 8.812921e-01 @172 *
epoch  173 | train 8.270977e-01 | val 8.808923e-01 |   1.679 s | best 8.808923e-01 @173 *
epoch  174 | train 8.262444e-01 | val 8.805154e-01 |   1.658 s | best 8.805154e-01 @174 *
epoch  175 | train 8.328921e-01 | val 8.801309e-01 |   1.662 s | best 8.801309e-01 @175 *
epoch  176 | train 8.325266e-01 | val 8.797571e-01 |   1.661 s | best 8.797571e-01 @176 *
epoch  177 | train 8.285527e-01 | val 8.793852e-01 |   1.658 s | best 8.793852e-01 @177 *
epoch  178 | train 8.328790e-01 | val 8.790157e-01 |   1.656 s | best 8.790157e-01 @178 *
epoch  179 | train 8.292986e-01 | val 8.786424e-01 |   1.666 s | best 8.786424e-01 @179 *
epoch  180 | train 8.290784e-01 | val 8.782890e-01 |   1.668 s | best 8.782890e-01 @180 *
epoch  181 | train 8.272462e-01 | val 8.779219e-01 |   1.659 s | best 8.779219e-01 @181 *
epoch  182 | train 8.280632e-01 | val 8.775390e-01 |   1.668 s | best 8.775390e-01 @182 *
epoch  183 | train 8.277268e-01 | val 8.771662e-01 |   1.665 s | best 8.771662e-01 @183 *
epoch  184 | train 8.330580e-01 | val 8.768072e-01 |   1.667 s | best 8.768072e-01 @184 *
epoch  185 | train 8.259112e-01 | val 8.764529e-01 |   1.659 s | best 8.764529e-01 @185 *
epoch  186 | train 8.259855e-01 | val 8.760927e-01 |   1.664 s | best 8.760927e-01 @186 *
epoch  187 | train 8.274980e-01 | val 8.757499e-01 |   1.666 s | best 8.757499e-01 @187 *
epoch  188 | train 8.257515e-01 | val 8.754107e-01 |   1.666 s | best 8.754107e-01 @188 *
epoch  189 | train 8.275879e-01 | val 8.750680e-01 |   1.670 s | best 8.750680e-01 @189 *
epoch  190 | train 8.299383e-01 | val 8.747066e-01 |   1.669 s | best 8.747066e-01 @190 *
epoch  191 | train 8.231399e-01 | val 8.743571e-01 |   1.665 s | best 8.743571e-01 @191 *
epoch  192 | train 8.280645e-01 | val 8.740067e-01 |   1.670 s | best 8.740067e-01 @192 *
epoch  193 | train 8.276228e-01 | val 8.736807e-01 |   1.662 s | best 8.736807e-01 @193 *
epoch  194 | train 8.295676e-01 | val 8.733566e-01 |   1.665 s | best 8.733566e-01 @194 *
epoch  195 | train 8.272217e-01 | val 8.730292e-01 |   1.669 s | best 8.730292e-01 @195 *
epoch  196 | train 8.278653e-01 | val 8.727058e-01 |   1.664 s | best 8.727058e-01 @196 *
epoch  197 | train 8.241182e-01 | val 8.723859e-01 |   1.662 s | best 8.723859e-01 @197 *
epoch  198 | train 8.265134e-01 | val 8.721001e-01 |   1.662 s | best 8.721001e-01 @198 *
epoch  199 | train 8.264577e-01 | val 8.718026e-01 |   1.672 s | best 8.718026e-01 @199 *
epoch  200 | train 8.244625e-01 | val 8.715013e-01 |   1.665 s | best 8.715013e-01 @200 *
epoch  201 | train 8.253358e-01 | val 8.711806e-01 |   1.689 s | best 8.711806e-01 @201 *
epoch  202 | train 8.289356e-01 | val 8.708863e-01 |   1.674 s | best 8.708863e-01 @202 *
epoch  203 | train 8.256683e-01 | val 8.705948e-01 |   1.671 s | best 8.705948e-01 @203 *
epoch  204 | train 8.288125e-01 | val 8.702965e-01 |   1.666 s | best 8.702965e-01 @204 *
epoch  205 | train 8.317070e-01 | val 8.699859e-01 |   1.664 s | best 8.699859e-01 @205 *
epoch  206 | train 8.278870e-01 | val 8.696936e-01 |   1.667 s | best 8.696936e-01 @206 *
epoch  207 | train 8.311249e-01 | val 8.694007e-01 |   1.672 s | best 8.694007e-01 @207 *
epoch  208 | train 8.245772e-01 | val 8.690923e-01 |   1.665 s | best 8.690923e-01 @208 *
epoch  209 | train 8.288980e-01 | val 8.687809e-01 |   1.668 s | best 8.687809e-01 @209 *
epoch  210 | train 8.238217e-01 | val 8.684710e-01 |   1.687 s | best 8.684710e-01 @210 *
epoch  211 | train 8.237402e-01 | val 8.681825e-01 |   1.668 s | best 8.681825e-01 @211 *
epoch  212 | train 8.230710e-01 | val 8.678855e-01 |   1.661 s | best 8.678855e-01 @212 *
epoch  213 | train 8.247351e-01 | val 8.675935e-01 |   1.666 s | best 8.675935e-01 @213 *
epoch  214 | train 8.269110e-01 | val 8.672991e-01 |   1.666 s | best 8.672991e-01 @214 *
epoch  215 | train 8.283305e-01 | val 8.670316e-01 |   1.668 s | best 8.670316e-01 @215 *
epoch  216 | train 8.278444e-01 | val 8.667618e-01 |   1.666 s | best 8.667618e-01 @216 *
epoch  217 | train 8.276760e-01 | val 8.664703e-01 |   1.665 s | best 8.664703e-01 @217 *
epoch  218 | train 8.204805e-01 | val 8.661870e-01 |   1.690 s | best 8.661870e-01 @218 *
epoch  219 | train 8.255847e-01 | val 8.659208e-01 |   1.669 s | best 8.659208e-01 @219 *
epoch  220 | train 8.235933e-01 | val 8.656532e-01 |   1.669 s | best 8.656532e-01 @220 *
epoch  221 | train 8.249712e-01 | val 8.653848e-01 |   1.668 s | best 8.653848e-01 @221 *
epoch  222 | train 8.291488e-01 | val 8.651099e-01 |   1.687 s | best 8.651099e-01 @222 *
epoch  223 | train 8.264748e-01 | val 8.648377e-01 |   1.665 s | best 8.648377e-01 @223 *
epoch  224 | train 8.248264e-01 | val 8.645845e-01 |   1.665 s | best 8.645845e-01 @224 *
epoch  225 | train 8.287330e-01 | val 8.643324e-01 |   1.663 s | best 8.643324e-01 @225 *
epoch  226 | train 8.260927e-01 | val 8.640646e-01 |   1.669 s | best 8.640646e-01 @226 *
epoch  227 | train 8.246249e-01 | val 8.638071e-01 |   1.668 s | best 8.638071e-01 @227 *
epoch  228 | train 8.238079e-01 | val 8.635568e-01 |   1.663 s | best 8.635568e-01 @228 *
epoch  229 | train 8.239109e-01 | val 8.633123e-01 |   1.665 s | best 8.633123e-01 @229 *
epoch  230 | train 8.283897e-01 | val 8.630686e-01 |   1.665 s | best 8.630686e-01 @230 *
epoch  231 | train 8.236684e-01 | val 8.628425e-01 |   1.688 s | best 8.628425e-01 @231 *
epoch  232 | train 8.261947e-01 | val 8.625823e-01 |   1.732 s | best 8.625823e-01 @232 *
epoch  233 | train 8.262250e-01 | val 8.623233e-01 |   1.729 s | best 8.623233e-01 @233 *
epoch  234 | train 8.227606e-01 | val 8.620740e-01 |   1.719 s | best 8.620740e-01 @234 *
epoch  235 | train 8.217512e-01 | val 8.618315e-01 |   1.724 s | best 8.618315e-01 @235 *
epoch  236 | train 8.259353e-01 | val 8.615867e-01 |   1.709 s | best 8.615867e-01 @236 *
epoch  237 | train 8.306359e-01 | val 8.613688e-01 |   1.716 s | best 8.613688e-01 @237 *
epoch  238 | train 8.240247e-01 | val 8.611466e-01 |   1.723 s | best 8.611466e-01 @238 *
epoch  239 | train 8.253343e-01 | val 8.609357e-01 |   1.712 s | best 8.609357e-01 @239 *
epoch  240 | train 8.225102e-01 | val 8.607185e-01 |   1.700 s | best 8.607185e-01 @240 *
epoch  241 | train 8.258850e-01 | val 8.604999e-01 |   1.687 s | best 8.604999e-01 @241 *
epoch  242 | train 8.263700e-01 | val 8.602761e-01 |   1.699 s | best 8.602761e-01 @242 *
epoch  243 | train 8.244769e-01 | val 8.600448e-01 |   1.693 s | best 8.600448e-01 @243 *
epoch  244 | train 8.254101e-01 | val 8.598003e-01 |   1.660 s | best 8.598003e-01 @244 *
epoch  245 | train 8.262826e-01 | val 8.595641e-01 |   1.665 s | best 8.595641e-01 @245 *
epoch  246 | train 8.215354e-01 | val 8.593336e-01 |   1.659 s | best 8.593336e-01 @246 *
epoch  247 | train 8.233706e-01 | val 8.591071e-01 |   1.650 s | best 8.591071e-01 @247 *
epoch  248 | train 8.258865e-01 | val 8.588830e-01 |   1.615 s | best 8.588830e-01 @248 *
epoch  249 | train 8.226664e-01 | val 8.586485e-01 |   1.609 s | best 8.586485e-01 @249 *
epoch  250 | train 8.222018e-01 | val 8.584282e-01 |   1.611 s | best 8.584282e-01 @250 *
epoch  251 | train 8.243456e-01 | val 8.582081e-01 |   1.611 s | best 8.582081e-01 @251 *
epoch  252 | train 8.238132e-01 | val 8.579909e-01 |   1.612 s | best 8.579909e-01 @252 *
epoch  253 | train 8.227419e-01 | val 8.577717e-01 |   1.610 s | best 8.577717e-01 @253 *
epoch  254 | train 8.236309e-01 | val 8.575565e-01 |   1.606 s | best 8.575565e-01 @254 *
epoch  255 | train 8.233283e-01 | val 8.573439e-01 |   1.615 s | best 8.573439e-01 @255 *
epoch  256 | train 8.199411e-01 | val 8.571333e-01 |   1.608 s | best 8.571333e-01 @256 *
epoch  257 | train 8.217811e-01 | val 8.569184e-01 |   1.610 s | best 8.569184e-01 @257 *
epoch  258 | train 8.235950e-01 | val 8.567066e-01 |   1.605 s | best 8.567066e-01 @258 *
epoch  259 | train 8.225956e-01 | val 8.564903e-01 |   1.605 s | best 8.564903e-01 @259 *
epoch  260 | train 8.257198e-01 | val 8.562995e-01 |   1.603 s | best 8.562995e-01 @260 *
epoch  261 | train 8.189209e-01 | val 8.560783e-01 |   1.608 s | best 8.560783e-01 @261 *
epoch  262 | train 8.245470e-01 | val 8.558791e-01 |   1.608 s | best 8.558791e-01 @262 *
epoch  263 | train 8.210226e-01 | val 8.556708e-01 |   1.605 s | best 8.556708e-01 @263 *
epoch  264 | train 8.246747e-01 | val 8.554692e-01 |   1.607 s | best 8.554692e-01 @264 *
epoch  265 | train 8.233712e-01 | val 8.552803e-01 |   1.605 s | best 8.552803e-01 @265 *
epoch  266 | train 8.228006e-01 | val 8.551016e-01 |   1.606 s | best 8.551016e-01 @266 *
epoch  267 | train 8.214485e-01 | val 8.549120e-01 |   1.604 s | best 8.549120e-01 @267 *
epoch  268 | train 8.218901e-01 | val 8.547258e-01 |   1.645 s | best 8.547258e-01 @268 *
epoch  269 | train 8.202908e-01 | val 8.545276e-01 |   1.655 s | best 8.545276e-01 @269 *
epoch  270 | train 8.252724e-01 | val 8.543313e-01 |   1.655 s | best 8.543313e-01 @270 *
epoch  271 | train 8.235855e-01 | val 8.541381e-01 |   1.657 s | best 8.541381e-01 @271 *
epoch  272 | train 8.215220e-01 | val 8.539557e-01 |   1.657 s | best 8.539557e-01 @272 *
epoch  273 | train 8.234781e-01 | val 8.537600e-01 |   1.657 s | best 8.537600e-01 @273 *
epoch  274 | train 8.207452e-01 | val 8.535722e-01 |   1.659 s | best 8.535722e-01 @274 *
epoch  275 | train 8.216310e-01 | val 8.533990e-01 |   1.657 s | best 8.533990e-01 @275 *
epoch  276 | train 8.198810e-01 | val 8.532259e-01 |   1.657 s | best 8.532259e-01 @276 *
epoch  277 | train 8.216717e-01 | val 8.530520e-01 |   1.663 s | best 8.530520e-01 @277 *
epoch  278 | train 8.198762e-01 | val 8.528705e-01 |   1.655 s | best 8.528705e-01 @278 *
epoch  279 | train 8.235270e-01 | val 8.526901e-01 |   1.656 s | best 8.526901e-01 @279 *
epoch  280 | train 8.217302e-01 | val 8.525121e-01 |   1.660 s | best 8.525121e-01 @280 *
epoch  281 | train 8.193134e-01 | val 8.523272e-01 |   1.655 s | best 8.523272e-01 @281 *
epoch  282 | train 8.227281e-01 | val 8.521444e-01 |   1.662 s | best 8.521444e-01 @282 *
epoch  283 | train 8.206269e-01 | val 8.519641e-01 |   1.655 s | best 8.519641e-01 @283 *
epoch  284 | train 8.187486e-01 | val 8.517795e-01 |   1.664 s | best 8.517795e-01 @284 *
epoch  285 | train 8.190383e-01 | val 8.515964e-01 |   1.656 s | best 8.515964e-01 @285 *
epoch  286 | train 8.208234e-01 | val 8.514195e-01 |   1.652 s | best 8.514195e-01 @286 *
epoch  287 | train 8.229693e-01 | val 8.512454e-01 |   1.659 s | best 8.512454e-01 @287 *
epoch  288 | train 8.197535e-01 | val 8.510575e-01 |   1.676 s | best 8.510575e-01 @288 *
epoch  289 | train 8.240279e-01 | val 8.508838e-01 |   1.659 s | best 8.508838e-01 @289 *
epoch  290 | train 8.215286e-01 | val 8.507201e-01 |   1.667 s | best 8.507201e-01 @290 *
epoch  291 | train 8.240757e-01 | val 8.505499e-01 |   1.666 s | best 8.505499e-01 @291 *
epoch  292 | train 8.197604e-01 | val 8.503851e-01 |   1.659 s | best 8.503851e-01 @292 *
epoch  293 | train 8.210477e-01 | val 8.502217e-01 |   1.660 s | best 8.502217e-01 @293 *
epoch  294 | train 8.201336e-01 | val 8.500583e-01 |   1.664 s | best 8.500583e-01 @294 *
epoch  295 | train 8.186431e-01 | val 8.498895e-01 |   1.665 s | best 8.498895e-01 @295 *
epoch  296 | train 8.175989e-01 | val 8.497245e-01 |   1.668 s | best 8.497245e-01 @296 *
epoch  297 | train 8.214079e-01 | val 8.495634e-01 |   1.661 s | best 8.495634e-01 @297 *
epoch  298 | train 8.202599e-01 | val 8.493921e-01 |   1.677 s | best 8.493921e-01 @298 *
epoch  299 | train 8.155956e-01 | val 8.492212e-01 |   1.659 s | best 8.492212e-01 @299 *
epoch  300 | train 8.195039e-01 | val 8.490562e-01 |   1.659 s | best 8.490562e-01 @300 *
epoch  301 | train 8.205220e-01 | val 8.489080e-01 |   1.685 s | best 8.489080e-01 @301 *
epoch  302 | train 8.185064e-01 | val 8.487452e-01 |   1.657 s | best 8.487452e-01 @302 *
epoch  303 | train 8.187546e-01 | val 8.485756e-01 |   1.664 s | best 8.485756e-01 @303 *
epoch  304 | train 8.169720e-01 | val 8.484151e-01 |   1.667 s | best 8.484151e-01 @304 *
epoch  305 | train 8.211330e-01 | val 8.482539e-01 |   1.663 s | best 8.482539e-01 @305 *
epoch  306 | train 8.214290e-01 | val 8.480929e-01 |   1.656 s | best 8.480929e-01 @306 *
epoch  307 | train 8.190732e-01 | val 8.479273e-01 |   1.667 s | best 8.479273e-01 @307 *
epoch  308 | train 8.180475e-01 | val 8.477657e-01 |   1.668 s | best 8.477657e-01 @308 *
epoch  309 | train 8.173071e-01 | val 8.476174e-01 |   1.659 s | best 8.476174e-01 @309 *
epoch  310 | train 8.149916e-01 | val 8.474562e-01 |   1.653 s | best 8.474562e-01 @310 *
epoch  311 | train 8.171510e-01 | val 8.473034e-01 |   1.649 s | best 8.473034e-01 @311 *
epoch  312 | train 8.199911e-01 | val 8.471451e-01 |   1.486 s | best 8.471451e-01 @312 *
epoch  313 | train 8.133719e-01 | val 8.469929e-01 |   1.695 s | best 8.469929e-01 @313 *
epoch  314 | train 8.168974e-01 | val 8.468432e-01 |   1.684 s | best 8.468432e-01 @314 *
epoch  315 | train 8.142347e-01 | val 8.466946e-01 |   1.657 s | best 8.466946e-01 @315 *
epoch  316 | train 8.175345e-01 | val 8.465474e-01 |   1.656 s | best 8.465474e-01 @316 *
epoch  317 | train 8.161121e-01 | val 8.464065e-01 |   1.659 s | best 8.464065e-01 @317 *
epoch  318 | train 8.179372e-01 | val 8.462576e-01 |   1.667 s | best 8.462576e-01 @318 *
epoch  319 | train 8.167087e-01 | val 8.461092e-01 |   1.662 s | best 8.461092e-01 @319 *
epoch  320 | train 8.163453e-01 | val 8.459638e-01 |   1.659 s | best 8.459638e-01 @320 *
epoch  321 | train 8.167884e-01 | val 8.458167e-01 |   1.665 s | best 8.458167e-01 @321 *
epoch  322 | train 8.163146e-01 | val 8.456712e-01 |   1.662 s | best 8.456712e-01 @322 *
epoch  323 | train 8.155680e-01 | val 8.455237e-01 |   1.662 s | best 8.455237e-01 @323 *
epoch  324 | train 8.157796e-01 | val 8.453885e-01 |   1.665 s | best 8.453885e-01 @324 *
epoch  325 | train 8.094238e-01 | val 8.452423e-01 |   1.667 s | best 8.452423e-01 @325 *
epoch  326 | train 8.151264e-01 | val 8.451056e-01 |   1.657 s | best 8.451056e-01 @326 *
epoch  327 | train 8.159415e-01 | val 8.449763e-01 |   1.655 s | best 8.449763e-01 @327 *
epoch  328 | train 8.124863e-01 | val 8.448460e-01 |   1.661 s | best 8.448460e-01 @328 *
epoch  329 | train 8.144278e-01 | val 8.447137e-01 |   1.654 s | best 8.447137e-01 @329 *
epoch  330 | train 8.161614e-01 | val 8.445802e-01 |   1.655 s | best 8.445802e-01 @330 *
epoch  331 | train 8.133783e-01 | val 8.444444e-01 |   1.658 s | best 8.444444e-01 @331 *
epoch  332 | train 8.131937e-01 | val 8.443202e-01 |   1.658 s | best 8.443202e-01 @332 *
epoch  333 | train 8.130482e-01 | val 8.441962e-01 |   1.652 s | best 8.441962e-01 @333 *
epoch  334 | train 8.133691e-01 | val 8.440741e-01 |   1.658 s | best 8.440741e-01 @334 *
epoch  335 | train 8.109750e-01 | val 8.439443e-01 |   1.561 s | best 8.439443e-01 @335 *
epoch  336 | train 8.115303e-01 | val 8.438199e-01 |   1.654 s | best 8.438199e-01 @336 *
epoch  337 | train 8.149419e-01 | val 8.436907e-01 |   1.660 s | best 8.436907e-01 @337 *
epoch  338 | train 8.144643e-01 | val 8.435599e-01 |   1.660 s | best 8.435599e-01 @338 *
epoch  339 | train 8.161643e-01 | val 8.434358e-01 |   1.657 s | best 8.434358e-01 @339 *
epoch  340 | train 8.101371e-01 | val 8.433153e-01 |   1.654 s | best 8.433153e-01 @340 *
epoch  341 | train 8.142928e-01 | val 8.431826e-01 |   1.659 s | best 8.431826e-01 @341 *
epoch  342 | train 8.089466e-01 | val 8.430514e-01 |   1.661 s | best 8.430514e-01 @342 *
epoch  343 | train 8.133775e-01 | val 8.429235e-01 |   1.654 s | best 8.429235e-01 @343 *
epoch  344 | train 8.125582e-01 | val 8.427957e-01 |   1.662 s | best 8.427957e-01 @344 *
epoch  345 | train 8.115738e-01 | val 8.426729e-01 |   1.662 s | best 8.426729e-01 @345 *
epoch  346 | train 8.089054e-01 | val 8.425531e-01 |   1.653 s | best 8.425531e-01 @346 *
epoch  347 | train 8.147709e-01 | val 8.424268e-01 |   1.668 s | best 8.424268e-01 @347 *
epoch  348 | train 8.100619e-01 | val 8.423033e-01 |   1.660 s | best 8.423033e-01 @348 *
epoch  349 | train 8.109166e-01 | val 8.421906e-01 |   1.657 s | best 8.421906e-01 @349 *
epoch  350 | train 8.115010e-01 | val 8.420747e-01 |   1.662 s | best 8.420747e-01 @350 *
epoch  351 | train 8.097416e-01 | val 8.419515e-01 |   1.658 s | best 8.419515e-01 @351 *
epoch  352 | train 8.118918e-01 | val 8.418344e-01 |   1.656 s | best 8.418344e-01 @352 *
epoch  353 | train 8.097877e-01 | val 8.417224e-01 |   1.654 s | best 8.417224e-01 @353 *
epoch  354 | train 8.093373e-01 | val 8.416110e-01 |   1.663 s | best 8.416110e-01 @354 *
epoch  355 | train 8.093146e-01 | val 8.414975e-01 |   1.663 s | best 8.414975e-01 @355 *
epoch  356 | train 8.103965e-01 | val 8.413852e-01 |   1.665 s | best 8.413852e-01 @356 *
epoch  357 | train 8.098301e-01 | val 8.412740e-01 |   1.664 s | best 8.412740e-01 @357 *
epoch  358 | train 8.117851e-01 | val 8.411682e-01 |   1.669 s | best 8.411682e-01 @358 *
epoch  359 | train 8.101532e-01 | val 8.410607e-01 |   1.663 s | best 8.410607e-01 @359 *
epoch  360 | train 8.088156e-01 | val 8.409423e-01 |   1.664 s | best 8.409423e-01 @360 *
epoch  361 | train 8.089422e-01 | val 8.408313e-01 |   1.669 s | best 8.408313e-01 @361 *
epoch  362 | train 8.083513e-01 | val 8.407285e-01 |   1.665 s | best 8.407285e-01 @362 *
epoch  363 | train 8.099370e-01 | val 8.406280e-01 |   1.667 s | best 8.406280e-01 @363 *
epoch  364 | train 8.073586e-01 | val 8.405226e-01 |   1.669 s | best 8.405226e-01 @364 *
epoch  365 | train 8.085678e-01 | val 8.404227e-01 |   1.689 s | best 8.404227e-01 @365 *
epoch  366 | train 8.095436e-01 | val 8.403324e-01 |   1.673 s | best 8.403324e-01 @366 *
epoch  367 | train 8.079102e-01 | val 8.402388e-01 |   1.668 s | best 8.402388e-01 @367 *
epoch  368 | train 8.057489e-01 | val 8.401416e-01 |   1.678 s | best 8.401416e-01 @368 *
epoch  369 | train 8.049999e-01 | val 8.400458e-01 |   1.671 s | best 8.400458e-01 @369 *
epoch  370 | train 8.041176e-01 | val 8.399459e-01 |   1.669 s | best 8.399459e-01 @370 *
epoch  371 | train 8.066761e-01 | val 8.398444e-01 |   1.674 s | best 8.398444e-01 @371 *
epoch  372 | train 8.042752e-01 | val 8.397466e-01 |   1.672 s | best 8.397466e-01 @372 *
epoch  373 | train 8.061248e-01 | val 8.396407e-01 |   1.673 s | best 8.396407e-01 @373 *
epoch  374 | train 8.028840e-01 | val 8.395470e-01 |   1.668 s | best 8.395470e-01 @374 *
epoch  375 | train 8.078566e-01 | val 8.394526e-01 |   1.683 s | best 8.394526e-01 @375 *
epoch  376 | train 8.041734e-01 | val 8.393604e-01 |   1.672 s | best 8.393604e-01 @376 *
epoch  377 | train 8.052095e-01 | val 8.392691e-01 |   1.664 s | best 8.392691e-01 @377 *
epoch  378 | train 8.022965e-01 | val 8.391782e-01 |   1.666 s | best 8.391782e-01 @378 *
epoch  379 | train 8.063291e-01 | val 8.390859e-01 |   1.668 s | best 8.390859e-01 @379 *
epoch  380 | train 8.033063e-01 | val 8.389892e-01 |   1.666 s | best 8.389892e-01 @380 *
epoch  381 | train 8.011623e-01 | val 8.389008e-01 |   1.670 s | best 8.389008e-01 @381 *
epoch  382 | train 8.039645e-01 | val 8.388113e-01 |   1.667 s | best 8.388113e-01 @382 *
epoch  383 | train 8.055379e-01 | val 8.387361e-01 |   1.669 s | best 8.387361e-01 @383 *
epoch  384 | train 8.037653e-01 | val 8.386483e-01 |   1.665 s | best 8.386483e-01 @384 *
epoch  385 | train 7.995757e-01 | val 8.385628e-01 |   1.663 s | best 8.385628e-01 @385 *
epoch  386 | train 8.032167e-01 | val 8.384817e-01 |   1.668 s | best 8.384817e-01 @386 *
epoch  387 | train 7.984904e-01 | val 8.383906e-01 |   1.663 s | best 8.383906e-01 @387 *
epoch  388 | train 7.987164e-01 | val 8.383033e-01 |   1.662 s | best 8.383033e-01 @388 *
epoch  389 | train 8.031061e-01 | val 8.382137e-01 |   1.669 s | best 8.382137e-01 @389 *
epoch  390 | train 8.031162e-01 | val 8.381304e-01 |   1.672 s | best 8.381304e-01 @390 *
epoch  391 | train 8.054933e-01 | val 8.380502e-01 |   1.660 s | best 8.380502e-01 @391 *
epoch  392 | train 7.973054e-01 | val 8.379735e-01 |   1.668 s | best 8.379735e-01 @392 *
epoch  393 | train 8.012277e-01 | val 8.378966e-01 |   1.668 s | best 8.378966e-01 @393 *
epoch  394 | train 8.010541e-01 | val 8.378151e-01 |   1.665 s | best 8.378151e-01 @394 *
epoch  395 | train 8.005735e-01 | val 8.377419e-01 |   1.664 s | best 8.377419e-01 @395 *
epoch  396 | train 8.009505e-01 | val 8.376607e-01 |   1.670 s | best 8.376607e-01 @396 *
epoch  397 | train 8.029673e-01 | val 8.375804e-01 |   1.664 s | best 8.375804e-01 @397 *
epoch  398 | train 7.987794e-01 | val 8.375106e-01 |   1.664 s | best 8.375106e-01 @398 *
epoch  399 | train 7.978843e-01 | val 8.374419e-01 |   1.666 s | best 8.374419e-01 @399 *
epoch  400 | train 7.977326e-01 | val 8.373739e-01 |   1.668 s | best 8.373739e-01 @400 *
epoch  401 | train 8.006156e-01 | val 8.372992e-01 |   1.661 s | best 8.372992e-01 @401 *
epoch  402 | train 8.012339e-01 | val 8.372330e-01 |   1.669 s | best 8.372330e-01 @402 *
epoch  403 | train 7.972366e-01 | val 8.371706e-01 |   1.698 s | best 8.371706e-01 @403 *
epoch  404 | train 7.970188e-01 | val 8.371104e-01 |   1.681 s | best 8.371104e-01 @404 *
epoch  405 | train 7.995818e-01 | val 8.370476e-01 |   1.669 s | best 8.370476e-01 @405 *
epoch  406 | train 7.971805e-01 | val 8.369827e-01 |   1.695 s | best 8.369827e-01 @406 *
epoch  407 | train 7.974227e-01 | val 8.369246e-01 |   1.688 s | best 8.369246e-01 @407 *
epoch  408 | train 7.966817e-01 | val 8.368596e-01 |   1.683 s | best 8.368596e-01 @408 *
epoch  409 | train 7.977353e-01 | val 8.368067e-01 |   1.698 s | best 8.368067e-01 @409 *
epoch  410 | train 7.967720e-01 | val 8.367526e-01 |   1.724 s | best 8.367526e-01 @410 *
epoch  411 | train 7.971831e-01 | val 8.366983e-01 |   1.721 s | best 8.366983e-01 @411 *
epoch  412 | train 7.955285e-01 | val 8.366451e-01 |   1.700 s | best 8.366451e-01 @412 *
epoch  413 | train 7.954243e-01 | val 8.365845e-01 |   1.730 s | best 8.365845e-01 @413 *
epoch  414 | train 7.959598e-01 | val 8.365357e-01 |   1.708 s | best 8.365357e-01 @414 *
epoch  415 | train 7.938289e-01 | val 8.364860e-01 |   1.728 s | best 8.364860e-01 @415 *
epoch  416 | train 7.952713e-01 | val 8.364387e-01 |   1.731 s | best 8.364387e-01 @416 *
epoch  417 | train 7.910305e-01 | val 8.363945e-01 |   1.721 s | best 8.363945e-01 @417 *
epoch  418 | train 7.936411e-01 | val 8.363491e-01 |   1.700 s | best 8.363491e-01 @418 *
epoch  419 | train 7.961156e-01 | val 8.362954e-01 |   1.676 s | best 8.362954e-01 @419 *
epoch  420 | train 7.927112e-01 | val 8.362457e-01 |   1.675 s | best 8.362457e-01 @420 *
epoch  421 | train 7.968179e-01 | val 8.361993e-01 |   1.668 s | best 8.361993e-01 @421 *
epoch  422 | train 7.948145e-01 | val 8.361612e-01 |   1.676 s | best 8.361612e-01 @422 *
epoch  423 | train 7.933921e-01 | val 8.361173e-01 |   1.691 s | best 8.361173e-01 @423 *
epoch  424 | train 7.943865e-01 | val 8.360788e-01 |   1.661 s | best 8.360788e-01 @424 *
epoch  425 | train 7.935413e-01 | val 8.360403e-01 |   1.669 s | best 8.360403e-01 @425 *
epoch  426 | train 7.905863e-01 | val 8.360025e-01 |   1.671 s | best 8.360025e-01 @426 *
epoch  427 | train 7.953617e-01 | val 8.359683e-01 |   1.668 s | best 8.359683e-01 @427 *
epoch  428 | train 7.908422e-01 | val 8.359335e-01 |   1.670 s | best 8.359335e-01 @428 *
epoch  429 | train 7.907295e-01 | val 8.358952e-01 |   1.673 s | best 8.358952e-01 @429 *
epoch  430 | train 7.936454e-01 | val 8.358647e-01 |   1.666 s | best 8.358647e-01 @430 *
epoch  431 | train 7.933070e-01 | val 8.358397e-01 |   1.664 s | best 8.358397e-01 @431 *
epoch  432 | train 7.895258e-01 | val 8.358155e-01 |   1.668 s | best 8.358155e-01 @432 *
epoch  433 | train 7.924981e-01 | val 8.357929e-01 |   1.671 s | best 8.357929e-01 @433 *
epoch  434 | train 7.926436e-01 | val 8.357661e-01 |   1.662 s | best 8.357661e-01 @434 *
epoch  435 | train 7.911869e-01 | val 8.357421e-01 |   1.667 s | best 8.357421e-01 @435 *
epoch  436 | train 7.901309e-01 | val 8.357190e-01 |   1.672 s | best 8.357190e-01 @436 *
epoch  437 | train 7.863633e-01 | val 8.357053e-01 |   1.666 s | best 8.357053e-01 @437 *
epoch  438 | train 7.857209e-01 | val 8.356801e-01 |   1.668 s | best 8.356801e-01 @438 *
epoch  439 | train 7.876417e-01 | val 8.356587e-01 |   1.671 s | best 8.356587e-01 @439 *
epoch  440 | train 7.877461e-01 | val 8.356419e-01 |   1.669 s | best 8.356419e-01 @440 *
epoch  441 | train 7.845000e-01 | val 8.356289e-01 |   1.668 s | best 8.356289e-01 @441 *
epoch  442 | train 7.897554e-01 | val 8.356089e-01 |   1.675 s | best 8.356089e-01 @442 *
epoch  443 | train 7.873736e-01 | val 8.355965e-01 |   1.693 s | best 8.355965e-01 @443 *
epoch  444 | train 7.869459e-01 | val 8.355833e-01 |   1.674 s | best 8.355833e-01 @444 *
epoch  445 | train 7.886137e-01 | val 8.355711e-01 |   1.673 s | best 8.355711e-01 @445 *
epoch  446 | train 7.915508e-01 | val 8.355560e-01 |   1.689 s | best 8.355560e-01 @446 *
epoch  447 | train 7.896444e-01 | val 8.355426e-01 |   1.662 s | best 8.355426e-01 @447 *
epoch  448 | train 7.890221e-01 | val 8.355368e-01 |   1.667 s | best 8.355368e-01 @448 *
epoch  449 | train 7.870610e-01 | val 8.355300e-01 |   1.669 s | best 8.355300e-01 @449 *
epoch  450 | train 7.874900e-01 | val 8.355260e-01 |   1.668 s | best 8.355260e-01 @450 *
epoch  451 | train 7.837607e-01 | val 8.355271e-01 |   1.672 s | best 8.355260e-01 @450
epoch  452 | train 7.858316e-01 | val 8.355215e-01 |   1.666 s | best 8.355215e-01 @452 *
epoch  453 | train 7.874843e-01 | val 8.355216e-01 |   1.665 s | best 8.355215e-01 @452
epoch  454 | train 7.851381e-01 | val 8.355201e-01 |   1.694 s | best 8.355201e-01 @454 *
epoch  455 | train 7.848056e-01 | val 8.355240e-01 |   1.672 s | best 8.355201e-01 @454
epoch  456 | train 7.877840e-01 | val 8.355305e-01 |   1.678 s | best 8.355201e-01 @454
epoch  457 | train 7.851307e-01 | val 8.355390e-01 |   1.689 s | best 8.355201e-01 @454
epoch  458 | train 7.857261e-01 | val 8.355441e-01 |   1.661 s | best 8.355201e-01 @454
epoch  459 | train 7.828553e-01 | val 8.355556e-01 |   1.667 s | best 8.355201e-01 @454
epoch  460 | train 7.808832e-01 | val 8.355641e-01 |   1.663 s | best 8.355201e-01 @454
epoch  461 | train 7.821693e-01 | val 8.355729e-01 |   1.669 s | best 8.355201e-01 @454
epoch  462 | train 7.816516e-01 | val 8.355850e-01 |   1.665 s | best 8.355201e-01 @454
epoch  463 | train 7.844595e-01 | val 8.355948e-01 |   1.670 s | best 8.355201e-01 @454
epoch  464 | train 7.806272e-01 | val 8.356135e-01 |   1.672 s | best 8.355201e-01 @454
epoch  465 | train 7.789687e-01 | val 8.356282e-01 |   1.666 s | best 8.355201e-01 @454
epoch  466 | train 7.819266e-01 | val 8.356475e-01 |   1.669 s | best 8.355201e-01 @454
epoch  467 | train 7.837967e-01 | val 8.356673e-01 |   1.670 s | best 8.355201e-01 @454
epoch  468 | train 7.828729e-01 | val 8.356858e-01 |   1.670 s | best 8.355201e-01 @454
epoch  469 | train 7.838842e-01 | val 8.357049e-01 |   1.668 s | best 8.355201e-01 @454
# done        : 469 epochs, stopped_by=patience, aborted=False, best val 8.355201e-01 @ epoch 454, wall 833.6 s, 1.777 s/epoch
