
# ===== 2026-09-21 02:41:20 KST  HPO attempt 698  testbed D1 prior S  Nr=8 Nt=4
# DEVICE      : cuda | cuda_available=True | NVIDIA RTX PRO 6000 Blackwell Server Edition | torch 2.14.0+cu130 | train dtype float32 (01_RULES §9.5)
# data        : n_train=9000 n_val=1000 split_hash=98d6225d67f9c15a E||H||_F^2/(NrNt)=1.000268 (04_SPEC §2)
# sigma grid  : MEASURED, 20 points, log-uniform draw over [3.2936e-02, 7.9084e-01]
# hp          : {'arch': 'conv', 'param': 'vp', 'domain': 'angle', 'lr': 0.0007503297582933248, 'ema': 0.99, 'batch': 128, 'emb': 256, 'width': 48, 'depth': 4}  params=182738
# stopping    : patience 15 on val loss, never before 0 epochs, max 600 (01_RULES §5)
epoch    1 | train 9.006128e-01 | val 9.283261e-01 |   1.257 s | best 9.283261e-01 @1 *
epoch    2 | train 8.476510e-01 | val 8.899373e-01 |   1.589 s | best 8.899373e-01 @2 *
epoch    3 | train 8.060259e-01 | val 8.355085e-01 |   1.575 s | best 8.355085e-01 @3 *
epoch    4 | train 7.761483e-01 | val 7.917255e-01 |   1.578 s | best 7.917255e-01 @4 *
epoch    5 | train 7.668198e-01 | val 7.653899e-01 |   1.518 s | best 7.653899e-01 @5 *
epoch    6 | train 7.585103e-01 | val 7.512425e-01 |   1.520 s | best 7.512425e-01 @6 *
epoch    7 | train 7.615907e-01 | val 7.444856e-01 |   1.523 s | best 7.444856e-01 @7 *
epoch    8 | train 7.542111e-01 | val 7.410920e-01 |   1.508 s | best 7.410920e-01 @8 *
epoch    9 | train 7.620509e-01 | val 7.389124e-01 |   1.523 s | best 7.389124e-01 @9 *
epoch   10 | train 7.549447e-01 | val 7.376413e-01 |   1.520 s | best 7.376413e-01 @10 *
epoch   11 | train 7.577316e-01 | val 7.368647e-01 |   1.524 s | best 7.368647e-01 @11 *
epoch   12 | train 7.495088e-01 | val 7.361954e-01 |   1.520 s | best 7.361954e-01 @12 *
epoch   13 | train 7.529542e-01 | val 7.357143e-01 |   1.520 s | best 7.357143e-01 @13 *
epoch   14 | train 7.529749e-01 | val 7.350924e-01 |   1.523 s | best 7.350924e-01 @14 *
epoch   15 | train 7.519335e-01 | val 7.347582e-01 |   1.513 s | best 7.347582e-01 @15 *
epoch   16 | train 7.539733e-01 | val 7.343160e-01 |   1.522 s | best 7.343160e-01 @16 *
epoch   17 | train 7.542350e-01 | val 7.341914e-01 |   1.513 s | best 7.341914e-01 @17 *
epoch   18 | train 7.478214e-01 | val 7.340103e-01 |   1.521 s | best 7.340103e-01 @18 *
epoch   19 | train 7.535334e-01 | val 7.339799e-01 |   1.526 s | best 7.339799e-01 @19 *
epoch   20 | train 7.482546e-01 | val 7.336996e-01 |   1.512 s | best 7.336996e-01 @20 *
epoch   21 | train 7.501182e-01 | val 7.335321e-01 |   1.518 s | best 7.335321e-01 @21 *
epoch   22 | train 7.500209e-01 | val 7.333714e-01 |   1.514 s | best 7.333714e-01 @22 *
epoch   23 | train 7.455582e-01 | val 7.332368e-01 |   1.524 s | best 7.332368e-01 @23 *
epoch   24 | train 7.485118e-01 | val 7.329857e-01 |   1.519 s | best 7.329857e-01 @24 *
epoch   25 | train 7.510450e-01 | val 7.325923e-01 |   1.522 s | best 7.325923e-01 @25 *
epoch   26 | train 7.514105e-01 | val 7.325233e-01 |   1.510 s | best 7.325233e-01 @26 *
epoch   27 | train 7.518414e-01 | val 7.321670e-01 |   1.590 s | best 7.321670e-01 @27 *
epoch   28 | train 7.552924e-01 | val 7.317844e-01 |   1.586 s | best 7.317844e-01 @28 *
epoch   29 | train 7.492655e-01 | val 7.321389e-01 |   1.591 s | best 7.317844e-01 @28
epoch   30 | train 7.432353e-01 | val 7.321094e-01 |   1.580 s | best 7.317844e-01 @28
epoch   31 | train 7.482106e-01 | val 7.320771e-01 |   1.587 s | best 7.317844e-01 @28
epoch   32 | train 7.507744e-01 | val 7.319198e-01 |   1.576 s | best 7.317844e-01 @28
epoch   33 | train 7.440409e-01 | val 7.316233e-01 |   1.590 s | best 7.316233e-01 @33 *
epoch   34 | train 7.474885e-01 | val 7.315584e-01 |   1.583 s | best 7.315584e-01 @34 *
epoch   35 | train 7.489912e-01 | val 7.316708e-01 |   1.586 s | best 7.315584e-01 @34
epoch   36 | train 7.473565e-01 | val 7.314158e-01 |   1.569 s | best 7.314158e-01 @36 *
epoch   37 | train 7.492749e-01 | val 7.312885e-01 |   1.585 s | best 7.312885e-01 @37 *
epoch   38 | train 7.474926e-01 | val 7.312356e-01 |   1.576 s | best 7.312356e-01 @38 *
epoch   39 | train 7.488637e-01 | val 7.313352e-01 |   1.578 s | best 7.312356e-01 @38
epoch   40 | train 7.496732e-01 | val 7.314305e-01 |   1.571 s | best 7.312356e-01 @38
epoch   41 | train 7.477685e-01 | val 7.314048e-01 |   1.589 s | best 7.312356e-01 @38
epoch   42 | train 7.484565e-01 | val 7.313068e-01 |   1.570 s | best 7.312356e-01 @38
epoch   43 | train 7.472253e-01 | val 7.314402e-01 |   1.586 s | best 7.312356e-01 @38
epoch   44 | train 7.532909e-01 | val 7.314892e-01 |   1.577 s | best 7.312356e-01 @38
epoch   45 | train 7.550427e-01 | val 7.313159e-01 |   1.585 s | best 7.312356e-01 @38
epoch   46 | train 7.457562e-01 | val 7.313093e-01 |   1.637 s | best 7.312356e-01 @38
epoch   47 | train 7.525735e-01 | val 7.311112e-01 |   1.633 s | best 7.311112e-01 @47 *
epoch   48 | train 7.511061e-01 | val 7.308258e-01 |   1.684 s | best 7.308258e-01 @48 *
epoch   49 | train 7.474069e-01 | val 7.306817e-01 |   1.653 s | best 7.306817e-01 @49 *
epoch   50 | train 7.483270e-01 | val 7.305706e-01 |   1.691 s | best 7.305706e-01 @50 *
epoch   51 | train 7.474004e-01 | val 7.307021e-01 |   1.667 s | best 7.305706e-01 @50
epoch   52 | train 7.445522e-01 | val 7.306645e-01 |   1.676 s | best 7.305706e-01 @50
epoch   53 | train 7.456196e-01 | val 7.306934e-01 |   1.658 s | best 7.305706e-01 @50
epoch   54 | train 7.465502e-01 | val 7.306443e-01 |   1.663 s | best 7.305706e-01 @50
epoch   55 | train 7.512465e-01 | val 7.305606e-01 |   1.676 s | best 7.305606e-01 @55 *
epoch   56 | train 7.507636e-01 | val 7.305638e-01 |   1.663 s | best 7.305606e-01 @55
epoch   57 | train 7.473220e-01 | val 7.306336e-01 |   1.658 s | best 7.305606e-01 @55
epoch   58 | train 7.493122e-01 | val 7.305555e-01 |   1.609 s | best 7.305555e-01 @58 *
epoch   59 | train 7.436893e-01 | val 7.304262e-01 |   1.611 s | best 7.304262e-01 @59 *
epoch   60 | train 7.413455e-01 | val 7.307091e-01 |   1.608 s | best 7.304262e-01 @59
epoch   61 | train 7.475978e-01 | val 7.306075e-01 |   1.608 s | best 7.304262e-01 @59
epoch   62 | train 7.533450e-01 | val 7.305011e-01 |   1.609 s | best 7.304262e-01 @59
epoch   63 | train 7.468696e-01 | val 7.304401e-01 |   1.604 s | best 7.304262e-01 @59
epoch   64 | train 7.458499e-01 | val 7.304695e-01 |   1.601 s | best 7.304262e-01 @59
epoch   65 | train 7.478262e-01 | val 7.304135e-01 |   1.605 s | best 7.304135e-01 @65 *
epoch   66 | train 7.496786e-01 | val 7.303039e-01 |   1.605 s | best 7.303039e-01 @66 *
epoch   67 | train 7.440619e-01 | val 7.303571e-01 |   1.604 s | best 7.303039e-01 @66
epoch   68 | train 7.492863e-01 | val 7.301951e-01 |   1.605 s | best 7.301951e-01 @68 *
epoch   69 | train 7.477470e-01 | val 7.301610e-01 |   1.605 s | best 7.301610e-01 @69 *
epoch   70 | train 7.442629e-01 | val 7.302598e-01 |   1.603 s | best 7.301610e-01 @69
epoch   71 | train 7.469692e-01 | val 7.300859e-01 |   1.604 s | best 7.300859e-01 @71 *
epoch   72 | train 7.451509e-01 | val 7.301617e-01 |   1.603 s | best 7.300859e-01 @71
epoch   73 | train 7.504659e-01 | val 7.302237e-01 |   1.605 s | best 7.300859e-01 @71
epoch   74 | train 7.427434e-01 | val 7.302816e-01 |   1.603 s | best 7.300859e-01 @71
epoch   75 | train 7.414145e-01 | val 7.303806e-01 |   1.603 s | best 7.300859e-01 @71
epoch   76 | train 7.439560e-01 | val 7.303843e-01 |   1.603 s | best 7.300859e-01 @71
epoch   77 | train 7.458962e-01 | val 7.302920e-01 |   1.602 s | best 7.300859e-01 @71
epoch   78 | train 7.402502e-01 | val 7.303090e-01 |   1.602 s | best 7.300859e-01 @71
epoch   79 | train 7.427746e-01 | val 7.302749e-01 |   1.604 s | best 7.300859e-01 @71
epoch   80 | train 7.441906e-01 | val 7.301716e-01 |   1.606 s | best 7.300859e-01 @71
epoch   81 | train 7.470178e-01 | val 7.301797e-01 |   1.612 s | best 7.300859e-01 @71
epoch   82 | train 7.474760e-01 | val 7.303536e-01 |   1.584 s | best 7.300859e-01 @71
epoch   83 | train 7.476141e-01 | val 7.303326e-01 |   1.586 s | best 7.300859e-01 @71
epoch   84 | train 7.448721e-01 | val 7.303266e-01 |   1.589 s | best 7.300859e-01 @71
epoch   85 | train 7.435711e-01 | val 7.302650e-01 |   1.581 s | best 7.300859e-01 @71
epoch   86 | train 7.455865e-01 | val 7.300914e-01 |   1.581 s | best 7.300859e-01 @71
# done        : 86 epochs, stopped_by=patience, aborted=False, best val 7.300859e-01 @ epoch 71, wall 138.3 s, 1.608 s/epoch
