
# ===== 2026-09-21 02:18:40 KST  HPO attempt 680  testbed D1 prior S  Nr=8 Nt=4
# DEVICE      : cuda | cuda_available=True | NVIDIA RTX PRO 6000 Blackwell Server Edition | torch 2.14.0+cu130 | train dtype float32 (01_RULES §9.5)
# data        : n_train=9000 n_val=1000 split_hash=98d6225d67f9c15a E||H||_F^2/(NrNt)=1.000268 (04_SPEC §2)
# sigma grid  : MEASURED, 20 points, log-uniform draw over [3.2936e-02, 7.9084e-01]
# hp          : {'arch': 'adm', 'param': 'edm', 'domain': 'angle', 'lr': 0.0005796925247421196, 'ema': 0.999, 'batch': 128, 'emb': 256, 'width': 48, 'depth': 7, 'heads': 4, 'attn_at': 8}  params=3386930
# stopping    : patience 15 on val loss, never before 0 epochs, max 600 (01_RULES §5)
epoch    1 | train 9.448103e-01 | val 9.903305e-01 |   5.173 s | best 9.903305e-01 @1 *
epoch    2 | train 8.682986e-01 | val 9.889296e-01 |   5.547 s | best 9.889296e-01 @2 *
epoch    3 | train 8.509444e-01 | val 9.858108e-01 |   5.532 s | best 9.858108e-01 @3 *
epoch    4 | train 8.504066e-01 | val 9.801573e-01 |   5.533 s | best 9.801573e-01 @4 *
epoch    5 | train 8.488302e-01 | val 9.708756e-01 |   5.514 s | best 9.708756e-01 @5 *
epoch    6 | train 8.484003e-01 | val 9.576331e-01 |   5.529 s | best 9.576331e-01 @6 *
epoch    7 | train 8.463446e-01 | val 9.416313e-01 |   5.588 s | best 9.416313e-01 @7 *
epoch    8 | train 8.538947e-01 | val 9.248967e-01 |   5.610 s | best 9.248967e-01 @8 *
epoch    9 | train 8.418395e-01 | val 9.096071e-01 |   5.602 s | best 9.096071e-01 @9 *
epoch   10 | train 8.422687e-01 | val 8.963178e-01 |   5.602 s | best 8.963178e-01 @10 *
epoch   11 | train 8.420500e-01 | val 8.849341e-01 |   5.602 s | best 8.849341e-01 @11 *
epoch   12 | train 8.414558e-01 | val 8.754212e-01 |   5.600 s | best 8.754212e-01 @12 *
epoch   13 | train 8.360008e-01 | val 8.674700e-01 |   5.600 s | best 8.674700e-01 @13 *
epoch   14 | train 8.389305e-01 | val 8.609187e-01 |   5.611 s | best 8.609187e-01 @14 *
epoch   15 | train 8.361700e-01 | val 8.553224e-01 |   5.609 s | best 8.553224e-01 @15 *
epoch   16 | train 8.398791e-01 | val 8.508065e-01 |   5.617 s | best 8.508065e-01 @16 *
epoch   17 | train 8.358572e-01 | val 8.469427e-01 |   5.605 s | best 8.469427e-01 @17 *
epoch   18 | train 8.362981e-01 | val 8.437748e-01 |   5.611 s | best 8.437748e-01 @18 *
epoch   19 | train 8.345858e-01 | val 8.410545e-01 |   5.613 s | best 8.410545e-01 @19 *
epoch   20 | train 8.351146e-01 | val 8.386655e-01 |   5.617 s | best 8.386655e-01 @20 *
epoch   21 | train 8.386543e-01 | val 8.365062e-01 |   5.611 s | best 8.365062e-01 @21 *
epoch   22 | train 8.373202e-01 | val 8.345913e-01 |   5.613 s | best 8.345913e-01 @22 *
epoch   23 | train 8.384982e-01 | val 8.329576e-01 |   5.619 s | best 8.329576e-01 @23 *
epoch   24 | train 8.353471e-01 | val 8.316656e-01 |   5.617 s | best 8.316656e-01 @24 *
epoch   25 | train 8.326064e-01 | val 8.304863e-01 |   5.614 s | best 8.304863e-01 @25 *
epoch   26 | train 8.366661e-01 | val 8.292966e-01 |   5.619 s | best 8.292966e-01 @26 *
epoch   27 | train 8.340583e-01 | val 8.283826e-01 |   5.614 s | best 8.283826e-01 @27 *
epoch   28 | train 8.446917e-01 | val 8.276687e-01 |   5.615 s | best 8.276687e-01 @28 *
epoch   29 | train 8.409892e-01 | val 8.272852e-01 |   5.667 s | best 8.272852e-01 @29 *
epoch   30 | train 8.350049e-01 | val 8.269598e-01 |   5.797 s | best 8.269598e-01 @30 *
epoch   31 | train 8.376575e-01 | val 8.265701e-01 |   5.719 s | best 8.265701e-01 @31 *
epoch   32 | train 8.366169e-01 | val 8.262791e-01 |   5.753 s | best 8.262791e-01 @32 *
epoch   33 | train 8.367144e-01 | val 8.259720e-01 |   5.670 s | best 8.259720e-01 @33 *
epoch   34 | train 8.326275e-01 | val 8.256260e-01 |   5.617 s | best 8.256260e-01 @34 *
epoch   35 | train 8.346335e-01 | val 8.253413e-01 |   5.614 s | best 8.253413e-01 @35 *
epoch   36 | train 8.350491e-01 | val 8.248829e-01 |   5.614 s | best 8.248829e-01 @36 *
epoch   37 | train 8.360339e-01 | val 8.245422e-01 |   5.622 s | best 8.245422e-01 @37 *
epoch   38 | train 8.332880e-01 | val 8.242040e-01 |   5.622 s | best 8.242040e-01 @38 *
epoch   39 | train 8.341648e-01 | val 8.238883e-01 |   5.621 s | best 8.238883e-01 @39 *
epoch   40 | train 8.333233e-01 | val 8.235530e-01 |   5.620 s | best 8.235530e-01 @40 *
epoch   41 | train 8.358256e-01 | val 8.232124e-01 |   5.622 s | best 8.232124e-01 @41 *
epoch   42 | train 8.309127e-01 | val 8.229247e-01 |   5.615 s | best 8.229247e-01 @42 *
epoch   43 | train 8.319269e-01 | val 8.226787e-01 |   5.611 s | best 8.226787e-01 @43 *
epoch   44 | train 8.297457e-01 | val 8.224496e-01 |   5.614 s | best 8.224496e-01 @44 *
epoch   45 | train 8.290335e-01 | val 8.222848e-01 |   5.606 s | best 8.222848e-01 @45 *
epoch   46 | train 8.354092e-01 | val 8.220634e-01 |   5.612 s | best 8.220634e-01 @46 *
epoch   47 | train 8.344030e-01 | val 8.218821e-01 |   5.607 s | best 8.218821e-01 @47 *
epoch   48 | train 8.353055e-01 | val 8.217369e-01 |   5.610 s | best 8.217369e-01 @48 *
epoch   49 | train 8.359125e-01 | val 8.216100e-01 |   5.617 s | best 8.216100e-01 @49 *
epoch   50 | train 8.316172e-01 | val 8.215027e-01 |   5.604 s | best 8.215027e-01 @50 *
epoch   51 | train 8.327314e-01 | val 8.213506e-01 |   5.607 s | best 8.213506e-01 @51 *
epoch   52 | train 8.318293e-01 | val 8.212395e-01 |   5.604 s | best 8.212395e-01 @52 *
epoch   53 | train 8.324872e-01 | val 8.211345e-01 |   5.685 s | best 8.211345e-01 @53 *
epoch   54 | train 8.304798e-01 | val 8.210647e-01 |   5.786 s | best 8.210647e-01 @54 *
epoch   55 | train 8.309652e-01 | val 8.209957e-01 |   5.750 s | best 8.209957e-01 @55 *
epoch   56 | train 8.323829e-01 | val 8.209831e-01 |   5.616 s | best 8.209831e-01 @56 *
epoch   57 | train 8.303367e-01 | val 8.210437e-01 |   5.637 s | best 8.209831e-01 @56
epoch   58 | train 8.300534e-01 | val 8.209305e-01 |   5.612 s | best 8.209305e-01 @58 *
epoch   59 | train 8.321539e-01 | val 8.209116e-01 |   5.612 s | best 8.209116e-01 @59 *
epoch   60 | train 8.273090e-01 | val 8.208205e-01 |   5.618 s | best 8.208205e-01 @60 *
epoch   61 | train 8.320644e-01 | val 8.207784e-01 |   5.619 s | best 8.207784e-01 @61 *
epoch   62 | train 8.301513e-01 | val 8.207265e-01 |   5.613 s | best 8.207265e-01 @62 *
epoch   63 | train 8.327622e-01 | val 8.206624e-01 |   5.614 s | best 8.206624e-01 @63 *
epoch   64 | train 8.323494e-01 | val 8.206087e-01 |   5.440 s | best 8.206087e-01 @64 *
epoch   65 | train 8.299777e-01 | val 8.206701e-01 |   5.442 s | best 8.206087e-01 @64
epoch   66 | train 8.304208e-01 | val 8.205359e-01 |   5.450 s | best 8.205359e-01 @66 *
epoch   67 | train 8.322816e-01 | val 8.204939e-01 |   5.446 s | best 8.204939e-01 @67 *
epoch   68 | train 8.356848e-01 | val 8.205140e-01 |   5.451 s | best 8.204939e-01 @67
epoch   69 | train 8.320445e-01 | val 8.204774e-01 |   5.439 s | best 8.204774e-01 @69 *
epoch   70 | train 8.338358e-01 | val 8.204861e-01 |   5.561 s | best 8.204774e-01 @69
epoch   71 | train 8.380325e-01 | val 8.205395e-01 |   5.617 s | best 8.204774e-01 @69
epoch   72 | train 8.372842e-01 | val 8.206344e-01 |   5.589 s | best 8.204774e-01 @69
epoch   73 | train 8.341720e-01 | val 8.206884e-01 |   5.500 s | best 8.204774e-01 @69
epoch   74 | train 8.308065e-01 | val 8.207406e-01 |   5.875 s | best 8.204774e-01 @69
epoch   75 | train 8.319795e-01 | val 8.207703e-01 |   5.841 s | best 8.204774e-01 @69
epoch   76 | train 8.334551e-01 | val 8.211070e-01 |   5.844 s | best 8.204774e-01 @69
epoch   77 | train 8.314994e-01 | val 8.207163e-01 |   5.646 s | best 8.204774e-01 @69
epoch   78 | train 8.294990e-01 | val 8.209672e-01 |   5.592 s | best 8.204774e-01 @69
epoch   79 | train 8.298014e-01 | val 8.206804e-01 |   5.611 s | best 8.204774e-01 @69
epoch   80 | train 8.308003e-01 | val 8.205944e-01 |   5.599 s | best 8.204774e-01 @69
epoch   81 | train 8.316058e-01 | val 8.205519e-01 |   5.602 s | best 8.204774e-01 @69
epoch   82 | train 8.316608e-01 | val 8.205359e-01 |   5.617 s | best 8.204774e-01 @69
epoch   83 | train 8.302119e-01 | val 8.204520e-01 |   5.784 s | best 8.204520e-01 @83 *
epoch   84 | train 8.282140e-01 | val 8.203924e-01 |   5.795 s | best 8.203924e-01 @84 *
epoch   85 | train 8.318075e-01 | val 8.203468e-01 |   5.880 s | best 8.203468e-01 @85 *
epoch   86 | train 8.314285e-01 | val 8.203057e-01 |   5.711 s | best 8.203057e-01 @86 *
epoch   87 | train 8.325708e-01 | val 8.202593e-01 |   5.632 s | best 8.202593e-01 @87 *
epoch   88 | train 8.297190e-01 | val 8.202564e-01 |   5.634 s | best 8.202564e-01 @88 *
epoch   89 | train 8.310286e-01 | val 8.202972e-01 |   5.642 s | best 8.202564e-01 @88
epoch   90 | train 8.312926e-01 | val 8.203000e-01 |   5.639 s | best 8.202564e-01 @88
epoch   91 | train 8.299093e-01 | val 8.204011e-01 |   5.631 s | best 8.202564e-01 @88
epoch   92 | train 8.341596e-01 | val 8.205803e-01 |   5.630 s | best 8.202564e-01 @88
epoch   93 | train 8.276691e-01 | val 8.204340e-01 |   5.630 s | best 8.202564e-01 @88
epoch   94 | train 8.258561e-01 | val 8.204516e-01 |   5.633 s | best 8.202564e-01 @88
epoch   95 | train 8.300365e-01 | val 8.204455e-01 |   5.625 s | best 8.202564e-01 @88
epoch   96 | train 8.323157e-01 | val 8.204319e-01 |   5.629 s | best 8.202564e-01 @88
epoch   97 | train 8.262098e-01 | val 8.204757e-01 |   5.629 s | best 8.202564e-01 @88
epoch   98 | train 8.264918e-01 | val 8.204948e-01 |   5.631 s | best 8.202564e-01 @88
epoch   99 | train 8.293416e-01 | val 8.204629e-01 |   5.630 s | best 8.202564e-01 @88
epoch  100 | train 8.313476e-01 | val 8.204831e-01 |   5.561 s | best 8.202564e-01 @88
epoch  101 | train 8.304214e-01 | val 8.205115e-01 |   5.567 s | best 8.202564e-01 @88
epoch  102 | train 8.314935e-01 | val 8.205475e-01 |   5.579 s | best 8.202564e-01 @88
epoch  103 | train 8.291745e-01 | val 8.205433e-01 |   5.543 s | best 8.202564e-01 @88
# done        : 103 epochs, stopped_by=patience, aborted=False, best val 8.202564e-01 @ epoch 88, wall 595.6 s, 5.783 s/epoch
