
# ===== 2026-09-21 01:28:50 KST  HPO attempt 631  testbed D1 prior S  Nr=8 Nt=4
# DEVICE      : cuda | cuda_available=True | NVIDIA RTX PRO 6000 Blackwell Server Edition | torch 2.14.0+cu130 | train dtype float32 (01_RULES §9.5)
# data        : n_train=9000 n_val=1000 split_hash=98d6225d67f9c15a E||H||_F^2/(NrNt)=1.000268 (04_SPEC §2)
# sigma grid  : MEASURED, 20 points, log-uniform draw over [3.2936e-02, 7.9084e-01]
# hp          : {'arch': 'uvit', 'param': 'vp', 'domain': 'angle', 'lr': 0.0013002294276980655, 'ema': 0.999, 'batch': 128, 'emb': 256, 'width': 64, 'depth': 6, 'heads': 8, 'patch': 1}  params=397864
# stopping    : patience 15 on val loss, never before 0 epochs, max 600 (01_RULES §5)
epoch    1 | train 9.320068e-01 | val 9.893400e-01 |   2.413 s | best 9.893400e-01 @1 *
epoch    2 | train 8.222080e-01 | val 9.840590e-01 |   2.704 s | best 9.840590e-01 @2 *
epoch    3 | train 7.960466e-01 | val 9.769205e-01 |   2.703 s | best 9.769205e-01 @3 *
epoch    4 | train 7.929552e-01 | val 9.690567e-01 |   2.700 s | best 9.690567e-01 @4 *
epoch    5 | train 7.963847e-01 | val 9.606178e-01 |   2.701 s | best 9.606178e-01 @5 *
epoch    6 | train 7.888564e-01 | val 9.512607e-01 |   2.701 s | best 9.512607e-01 @6 *
epoch    7 | train 7.925118e-01 | val 9.409624e-01 |   2.699 s | best 9.409624e-01 @7 *
epoch    8 | train 7.908666e-01 | val 9.297059e-01 |   2.702 s | best 9.297059e-01 @8 *
epoch    9 | train 7.875182e-01 | val 9.179551e-01 |   2.701 s | best 9.179551e-01 @9 *
epoch   10 | train 7.895350e-01 | val 9.058096e-01 |   2.704 s | best 9.058096e-01 @10 *
epoch   11 | train 7.890695e-01 | val 8.939551e-01 |   2.697 s | best 8.939551e-01 @11 *
epoch   12 | train 7.883776e-01 | val 8.822610e-01 |   2.700 s | best 8.822610e-01 @12 *
epoch   13 | train 7.854738e-01 | val 8.711941e-01 |   2.702 s | best 8.711941e-01 @13 *
epoch   14 | train 7.898737e-01 | val 8.607339e-01 |   2.702 s | best 8.607339e-01 @14 *
epoch   15 | train 7.936983e-01 | val 8.513415e-01 |   2.701 s | best 8.513415e-01 @15 *
epoch   16 | train 7.907283e-01 | val 8.427949e-01 |   2.702 s | best 8.427949e-01 @16 *
epoch   17 | train 7.923367e-01 | val 8.348922e-01 |   2.701 s | best 8.348922e-01 @17 *
epoch   18 | train 7.881388e-01 | val 8.277956e-01 |   2.678 s | best 8.277956e-01 @18 *
epoch   19 | train 7.895579e-01 | val 8.214868e-01 |   2.687 s | best 8.214868e-01 @19 *
epoch   20 | train 7.913804e-01 | val 8.157113e-01 |   2.684 s | best 8.157113e-01 @20 *
epoch   21 | train 7.897402e-01 | val 8.105830e-01 |   2.678 s | best 8.105830e-01 @21 *
epoch   22 | train 7.836872e-01 | val 8.060059e-01 |   2.672 s | best 8.060059e-01 @22 *
epoch   23 | train 7.897583e-01 | val 8.018547e-01 |   2.674 s | best 8.018547e-01 @23 *
epoch   24 | train 7.812941e-01 | val 7.981471e-01 |   2.674 s | best 7.981471e-01 @24 *
epoch   25 | train 7.805827e-01 | val 7.946907e-01 |   2.667 s | best 7.946907e-01 @25 *
epoch   26 | train 7.835882e-01 | val 7.915502e-01 |   2.673 s | best 7.915502e-01 @26 *
epoch   27 | train 7.765162e-01 | val 7.888348e-01 |   2.668 s | best 7.888348e-01 @27 *
epoch   28 | train 7.808122e-01 | val 7.864712e-01 |   2.671 s | best 7.864712e-01 @28 *
epoch   29 | train 7.758663e-01 | val 7.843324e-01 |   2.668 s | best 7.843324e-01 @29 *
epoch   30 | train 7.761086e-01 | val 7.824346e-01 |   2.668 s | best 7.824346e-01 @30 *
epoch   31 | train 7.753816e-01 | val 7.806972e-01 |   2.682 s | best 7.806972e-01 @31 *
epoch   32 | train 7.743204e-01 | val 7.791962e-01 |   2.724 s | best 7.791962e-01 @32 *
epoch   33 | train 7.739755e-01 | val 7.777868e-01 |   2.698 s | best 7.777868e-01 @33 *
epoch   34 | train 7.756034e-01 | val 7.765012e-01 |   2.694 s | best 7.765012e-01 @34 *
epoch   35 | train 7.763939e-01 | val 7.753145e-01 |   2.690 s | best 7.753145e-01 @35 *
epoch   36 | train 7.739251e-01 | val 7.741727e-01 |   2.690 s | best 7.741727e-01 @36 *
epoch   37 | train 7.744159e-01 | val 7.730417e-01 |   2.689 s | best 7.730417e-01 @37 *
epoch   38 | train 7.707179e-01 | val 7.719431e-01 |   2.693 s | best 7.719431e-01 @38 *
epoch   39 | train 7.637100e-01 | val 7.708162e-01 |   2.690 s | best 7.708162e-01 @39 *
epoch   40 | train 7.705552e-01 | val 7.696840e-01 |   2.692 s | best 7.696840e-01 @40 *
epoch   41 | train 7.626446e-01 | val 7.685928e-01 |   2.694 s | best 7.685928e-01 @41 *
epoch   42 | train 7.673711e-01 | val 7.674982e-01 |   2.693 s | best 7.674982e-01 @42 *
epoch   43 | train 7.650211e-01 | val 7.664322e-01 |   2.695 s | best 7.664322e-01 @43 *
epoch   44 | train 7.635030e-01 | val 7.653759e-01 |   2.693 s | best 7.653759e-01 @44 *
epoch   45 | train 7.606910e-01 | val 7.642979e-01 |   2.692 s | best 7.642979e-01 @45 *
epoch   46 | train 7.611632e-01 | val 7.632456e-01 |   2.696 s | best 7.632456e-01 @46 *
epoch   47 | train 7.665757e-01 | val 7.622015e-01 |   2.697 s | best 7.622015e-01 @47 *
epoch   48 | train 7.586858e-01 | val 7.611747e-01 |   2.703 s | best 7.611747e-01 @48 *
epoch   49 | train 7.601775e-01 | val 7.601737e-01 |   2.701 s | best 7.601737e-01 @49 *
epoch   50 | train 7.612126e-01 | val 7.591899e-01 |   2.698 s | best 7.591899e-01 @50 *
epoch   51 | train 7.596102e-01 | val 7.582268e-01 |   2.704 s | best 7.582268e-01 @51 *
epoch   52 | train 7.565204e-01 | val 7.573076e-01 |   2.659 s | best 7.573076e-01 @52 *
epoch   53 | train 7.568533e-01 | val 7.563717e-01 |   2.629 s | best 7.563717e-01 @53 *
epoch   54 | train 7.566457e-01 | val 7.554432e-01 |   2.632 s | best 7.554432e-01 @54 *
epoch   55 | train 7.573381e-01 | val 7.545710e-01 |   2.625 s | best 7.545710e-01 @55 *
epoch   56 | train 7.565289e-01 | val 7.537188e-01 |   2.619 s | best 7.537188e-01 @56 *
epoch   57 | train 7.585233e-01 | val 7.528884e-01 |   2.625 s | best 7.528884e-01 @57 *
epoch   58 | train 7.566849e-01 | val 7.520723e-01 |   2.620 s | best 7.520723e-01 @58 *
epoch   59 | train 7.551225e-01 | val 7.512816e-01 |   2.625 s | best 7.512816e-01 @59 *
epoch   60 | train 7.588067e-01 | val 7.505056e-01 |   2.618 s | best 7.505056e-01 @60 *
epoch   61 | train 7.606834e-01 | val 7.497773e-01 |   2.623 s | best 7.497773e-01 @61 *
epoch   62 | train 7.536029e-01 | val 7.490299e-01 |   2.618 s | best 7.490299e-01 @62 *
epoch   63 | train 7.533547e-01 | val 7.482952e-01 |   2.626 s | best 7.482952e-01 @63 *
epoch   64 | train 7.520556e-01 | val 7.476140e-01 |   2.619 s | best 7.476140e-01 @64 *
epoch   65 | train 7.590145e-01 | val 7.469804e-01 |   2.705 s | best 7.469804e-01 @65 *
epoch   66 | train 7.508021e-01 | val 7.463247e-01 |   2.695 s | best 7.463247e-01 @66 *
epoch   67 | train 7.551631e-01 | val 7.456778e-01 |   2.687 s | best 7.456778e-01 @67 *
epoch   68 | train 7.540205e-01 | val 7.450460e-01 |   2.692 s | best 7.450460e-01 @68 *
epoch   69 | train 7.500600e-01 | val 7.444406e-01 |   2.686 s | best 7.444406e-01 @69 *
epoch   70 | train 7.528319e-01 | val 7.438304e-01 |   2.687 s | best 7.438304e-01 @70 *
epoch   71 | train 7.516339e-01 | val 7.432238e-01 |   2.686 s | best 7.432238e-01 @71 *
epoch   72 | train 7.516993e-01 | val 7.426068e-01 |   2.689 s | best 7.426068e-01 @72 *
epoch   73 | train 7.525926e-01 | val 7.420055e-01 |   2.688 s | best 7.420055e-01 @73 *
epoch   74 | train 7.519640e-01 | val 7.414137e-01 |   2.692 s | best 7.414137e-01 @74 *
epoch   75 | train 7.533417e-01 | val 7.408411e-01 |   2.691 s | best 7.408411e-01 @75 *
epoch   76 | train 7.522720e-01 | val 7.402997e-01 |   2.690 s | best 7.402997e-01 @76 *
epoch   77 | train 7.538305e-01 | val 7.397899e-01 |   2.691 s | best 7.397899e-01 @77 *
epoch   78 | train 7.517348e-01 | val 7.392945e-01 |   2.695 s | best 7.392945e-01 @78 *
epoch   79 | train 7.481258e-01 | val 7.388211e-01 |   2.707 s | best 7.388211e-01 @79 *
epoch   80 | train 7.505789e-01 | val 7.383409e-01 |   2.703 s | best 7.383409e-01 @80 *
epoch   81 | train 7.497610e-01 | val 7.378690e-01 |   2.696 s | best 7.378690e-01 @81 *
epoch   82 | train 7.532548e-01 | val 7.374376e-01 |   2.695 s | best 7.374376e-01 @82 *
epoch   83 | train 7.477070e-01 | val 7.370582e-01 |   2.693 s | best 7.370582e-01 @83 *
epoch   84 | train 7.492362e-01 | val 7.366239e-01 |   2.712 s | best 7.366239e-01 @84 *
epoch   85 | train 7.459971e-01 | val 7.362414e-01 |   2.711 s | best 7.362414e-01 @85 *
epoch   86 | train 7.491140e-01 | val 7.358796e-01 |   2.709 s | best 7.358796e-01 @86 *
epoch   87 | train 7.482099e-01 | val 7.355199e-01 |   2.711 s | best 7.355199e-01 @87 *
epoch   88 | train 7.453693e-01 | val 7.351782e-01 |   2.708 s | best 7.351782e-01 @88 *
epoch   89 | train 7.512654e-01 | val 7.348359e-01 |   2.713 s | best 7.348359e-01 @89 *
epoch   90 | train 7.482792e-01 | val 7.345188e-01 |   2.718 s | best 7.345188e-01 @90 *
epoch   91 | train 7.485194e-01 | val 7.342061e-01 |   2.710 s | best 7.342061e-01 @91 *
epoch   92 | train 7.470133e-01 | val 7.339206e-01 |   2.706 s | best 7.339206e-01 @92 *
epoch   93 | train 7.442806e-01 | val 7.336398e-01 |   2.707 s | best 7.336398e-01 @93 *
epoch   94 | train 7.477691e-01 | val 7.333739e-01 |   2.711 s | best 7.333739e-01 @94 *
epoch   95 | train 7.434779e-01 | val 7.331436e-01 |   2.708 s | best 7.331436e-01 @95 *
epoch   96 | train 7.466006e-01 | val 7.328944e-01 |   2.718 s | best 7.328944e-01 @96 *
epoch   97 | train 7.497605e-01 | val 7.326750e-01 |   2.715 s | best 7.326750e-01 @97 *
epoch   98 | train 7.477587e-01 | val 7.324764e-01 |   2.712 s | best 7.324764e-01 @98 *
epoch   99 | train 7.500582e-01 | val 7.322582e-01 |   2.713 s | best 7.322582e-01 @99 *
epoch  100 | train 7.485504e-01 | val 7.320597e-01 |   2.714 s | best 7.320597e-01 @100 *
epoch  101 | train 7.419194e-01 | val 7.318769e-01 |   2.717 s | best 7.318769e-01 @101 *
epoch  102 | train 7.442786e-01 | val 7.317216e-01 |   2.717 s | best 7.317216e-01 @102 *
epoch  103 | train 7.506577e-01 | val 7.315502e-01 |   2.708 s | best 7.315502e-01 @103 *
epoch  104 | train 7.475105e-01 | val 7.313778e-01 |   2.749 s | best 7.313778e-01 @104 *
epoch  105 | train 7.478755e-01 | val 7.312332e-01 |   2.762 s | best 7.312332e-01 @105 *
epoch  106 | train 7.473898e-01 | val 7.310768e-01 |   2.838 s | best 7.310768e-01 @106 *
epoch  107 | train 7.464017e-01 | val 7.309453e-01 |   2.848 s | best 7.309453e-01 @107 *
epoch  108 | train 7.459637e-01 | val 7.308226e-01 |   2.862 s | best 7.308226e-01 @108 *
epoch  109 | train 7.480579e-01 | val 7.307016e-01 |   2.843 s | best 7.307016e-01 @109 *
epoch  110 | train 7.430250e-01 | val 7.306029e-01 |   2.836 s | best 7.306029e-01 @110 *
epoch  111 | train 7.431449e-01 | val 7.305093e-01 |   2.867 s | best 7.305093e-01 @111 *
epoch  112 | train 7.433676e-01 | val 7.303971e-01 |   2.751 s | best 7.303971e-01 @112 *
epoch  113 | train 7.439220e-01 | val 7.302903e-01 |   2.492 s | best 7.302903e-01 @113 *
epoch  114 | train 7.439142e-01 | val 7.302110e-01 |   2.648 s | best 7.302110e-01 @114 *
epoch  115 | train 7.464537e-01 | val 7.301058e-01 |   2.656 s | best 7.301058e-01 @115 *
epoch  116 | train 7.437838e-01 | val 7.300244e-01 |   2.643 s | best 7.300244e-01 @116 *
epoch  117 | train 7.446660e-01 | val 7.299468e-01 |   2.652 s | best 7.299468e-01 @117 *
epoch  118 | train 7.452407e-01 | val 7.299054e-01 |   2.657 s | best 7.299054e-01 @118 *
epoch  119 | train 7.454937e-01 | val 7.298330e-01 |   2.659 s | best 7.298330e-01 @119 *
epoch  120 | train 7.454371e-01 | val 7.297543e-01 |   2.652 s | best 7.297543e-01 @120 *
epoch  121 | train 7.470328e-01 | val 7.296621e-01 |   2.654 s | best 7.296621e-01 @121 *
epoch  122 | train 7.470589e-01 | val 7.296079e-01 |   2.635 s | best 7.296079e-01 @122 *
epoch  123 | train 7.415025e-01 | val 7.295565e-01 |   2.646 s | best 7.295565e-01 @123 *
epoch  124 | train 7.401498e-01 | val 7.294901e-01 |   2.640 s | best 7.294901e-01 @124 *
epoch  125 | train 7.468824e-01 | val 7.294555e-01 |   2.641 s | best 7.294555e-01 @125 *
epoch  126 | train 7.396264e-01 | val 7.294162e-01 |   2.660 s | best 7.294162e-01 @126 *
epoch  127 | train 7.425160e-01 | val 7.293532e-01 |   2.587 s | best 7.293532e-01 @127 *
epoch  128 | train 7.403226e-01 | val 7.293098e-01 |   2.705 s | best 7.293098e-01 @128 *
epoch  129 | train 7.462712e-01 | val 7.292554e-01 |   2.700 s | best 7.292554e-01 @129 *
epoch  130 | train 7.427059e-01 | val 7.292186e-01 |   2.700 s | best 7.292186e-01 @130 *
epoch  131 | train 7.424893e-01 | val 7.291967e-01 |   2.618 s | best 7.291967e-01 @131 *
epoch  132 | train 7.446055e-01 | val 7.291696e-01 |   2.626 s | best 7.291696e-01 @132 *
epoch  133 | train 7.436204e-01 | val 7.291346e-01 |   2.617 s | best 7.291346e-01 @133 *
epoch  134 | train 7.444555e-01 | val 7.291263e-01 |   2.625 s | best 7.291263e-01 @134 *
epoch  135 | train 7.394139e-01 | val 7.291106e-01 |   2.627 s | best 7.291106e-01 @135 *
epoch  136 | train 7.367198e-01 | val 7.291109e-01 |   2.625 s | best 7.291106e-01 @135
epoch  137 | train 7.485578e-01 | val 7.290807e-01 |   2.630 s | best 7.290807e-01 @137 *
epoch  138 | train 7.447231e-01 | val 7.290630e-01 |   2.631 s | best 7.290630e-01 @138 *
epoch  139 | train 7.431420e-01 | val 7.290589e-01 |   2.647 s | best 7.290589e-01 @139 *
epoch  140 | train 7.406029e-01 | val 7.290398e-01 |   2.622 s | best 7.290398e-01 @140 *
epoch  141 | train 7.398856e-01 | val 7.290514e-01 |   2.619 s | best 7.290398e-01 @140
epoch  142 | train 7.413452e-01 | val 7.290697e-01 |   2.620 s | best 7.290398e-01 @140
epoch  143 | train 7.464055e-01 | val 7.290750e-01 |   2.615 s | best 7.290398e-01 @140
epoch  144 | train 7.421318e-01 | val 7.290567e-01 |   2.684 s | best 7.290398e-01 @140
epoch  145 | train 7.409396e-01 | val 7.290708e-01 |   2.667 s | best 7.290398e-01 @140
epoch  146 | train 7.412060e-01 | val 7.290668e-01 |   2.665 s | best 7.290398e-01 @140
epoch  147 | train 7.386778e-01 | val 7.290795e-01 |   2.682 s | best 7.290398e-01 @140
epoch  148 | train 7.409681e-01 | val 7.290813e-01 |   2.674 s | best 7.290398e-01 @140
epoch  149 | train 7.387441e-01 | val 7.290726e-01 |   2.701 s | best 7.290398e-01 @140
epoch  150 | train 7.446989e-01 | val 7.290747e-01 |   2.671 s | best 7.290398e-01 @140
epoch  151 | train 7.422229e-01 | val 7.290701e-01 |   2.686 s | best 7.290398e-01 @140
epoch  152 | train 7.417848e-01 | val 7.290968e-01 |   2.702 s | best 7.290398e-01 @140
epoch  153 | train 7.423050e-01 | val 7.291151e-01 |   2.697 s | best 7.290398e-01 @140
epoch  154 | train 7.398634e-01 | val 7.290916e-01 |   2.680 s | best 7.290398e-01 @140
epoch  155 | train 7.401145e-01 | val 7.290932e-01 |   2.661 s | best 7.290398e-01 @140
# done        : 155 epochs, stopped_by=patience, aborted=False, best val 7.290398e-01 @ epoch 140, wall 425.6 s, 2.746 s/epoch
