
# ===== 2026-09-21 02:34:28 KST  HPO attempt 691  testbed D1 prior S  Nr=8 Nt=4
# DEVICE      : cuda | cuda_available=True | NVIDIA RTX PRO 6000 Blackwell Server Edition | torch 2.14.0+cu130 | train dtype float32 (01_RULES §9.5)
# data        : n_train=9000 n_val=1000 split_hash=98d6225d67f9c15a E||H||_F^2/(NrNt)=1.000268 (04_SPEC §2)
# sigma grid  : MEASURED, 20 points, log-uniform draw over [3.2936e-02, 7.9084e-01]
# hp          : {'arch': 'dit', 'param': 'vp', 'domain': 'angle', 'lr': 0.0008906797685053552, 'ema': 0.9995, 'batch': 512, 'emb': 256, 'width': 64, 'depth': 8, 'heads': 8, 'patch': 1}  params=628802
# stopping    : patience 15 on val loss, never before 0 epochs, max 600 (01_RULES §5)
epoch    1 | train 8.977827e-01 | val 9.895802e-01 |   0.810 s | best 9.895802e-01 @1 *
epoch    2 | train 8.329069e-01 | val 9.876037e-01 |   0.847 s | best 9.876037e-01 @2 *
epoch    3 | train 8.274182e-01 | val 9.857103e-01 |   0.849 s | best 9.857103e-01 @3 *
epoch    4 | train 8.231520e-01 | val 9.840355e-01 |   0.848 s | best 9.840355e-01 @4 *
epoch    5 | train 8.134926e-01 | val 9.825974e-01 |   0.849 s | best 9.825974e-01 @5 *
epoch    6 | train 8.074508e-01 | val 9.813920e-01 |   0.848 s | best 9.813920e-01 @6 *
epoch    7 | train 8.024905e-01 | val 9.804422e-01 |   0.850 s | best 9.804422e-01 @7 *
epoch    8 | train 8.006219e-01 | val 9.796616e-01 |   0.847 s | best 9.796616e-01 @8 *
epoch    9 | train 7.923672e-01 | val 9.789771e-01 |   0.848 s | best 9.789771e-01 @9 *
epoch   10 | train 7.936885e-01 | val 9.783534e-01 |   0.846 s | best 9.783534e-01 @10 *
epoch   11 | train 7.904027e-01 | val 9.777681e-01 |   0.848 s | best 9.777681e-01 @11 *
epoch   12 | train 7.928786e-01 | val 9.772081e-01 |   0.853 s | best 9.772081e-01 @12 *
epoch   13 | train 7.910789e-01 | val 9.766729e-01 |   0.848 s | best 9.766729e-01 @13 *
epoch   14 | train 7.944262e-01 | val 9.761428e-01 |   0.847 s | best 9.761428e-01 @14 *
epoch   15 | train 7.894074e-01 | val 9.756242e-01 |   0.848 s | best 9.756242e-01 @15 *
epoch   16 | train 7.947730e-01 | val 9.751199e-01 |   0.848 s | best 9.751199e-01 @16 *
epoch   17 | train 7.940716e-01 | val 9.746215e-01 |   0.848 s | best 9.746215e-01 @17 *
epoch   18 | train 7.953623e-01 | val 9.741234e-01 |   0.850 s | best 9.741234e-01 @18 *
epoch   19 | train 7.975078e-01 | val 9.736204e-01 |   0.850 s | best 9.736204e-01 @19 *
epoch   20 | train 7.913932e-01 | val 9.731185e-01 |   0.848 s | best 9.731185e-01 @20 *
epoch   21 | train 7.882536e-01 | val 9.726195e-01 |   0.846 s | best 9.726195e-01 @21 *
epoch   22 | train 7.957505e-01 | val 9.721112e-01 |   0.849 s | best 9.721112e-01 @22 *
epoch   23 | train 7.901560e-01 | val 9.715958e-01 |   0.848 s | best 9.715958e-01 @23 *
epoch   24 | train 7.918797e-01 | val 9.710805e-01 |   0.849 s | best 9.710805e-01 @24 *
epoch   25 | train 7.908524e-01 | val 9.705491e-01 |   0.847 s | best 9.705491e-01 @25 *
epoch   26 | train 7.909070e-01 | val 9.700108e-01 |   0.846 s | best 9.700108e-01 @26 *
epoch   27 | train 7.913669e-01 | val 9.694682e-01 |   0.847 s | best 9.694682e-01 @27 *
epoch   28 | train 7.883115e-01 | val 9.689319e-01 |   0.847 s | best 9.689319e-01 @28 *
epoch   29 | train 7.928728e-01 | val 9.684016e-01 |   0.847 s | best 9.684016e-01 @29 *
epoch   30 | train 7.926022e-01 | val 9.678624e-01 |   0.849 s | best 9.678624e-01 @30 *
epoch   31 | train 7.944990e-01 | val 9.673139e-01 |   0.845 s | best 9.673139e-01 @31 *
epoch   32 | train 7.921432e-01 | val 9.667634e-01 |   0.852 s | best 9.667634e-01 @32 *
epoch   33 | train 7.935425e-01 | val 9.662094e-01 |   0.847 s | best 9.662094e-01 @33 *
epoch   34 | train 7.953132e-01 | val 9.656565e-01 |   0.848 s | best 9.656565e-01 @34 *
epoch   35 | train 7.929928e-01 | val 9.651096e-01 |   0.849 s | best 9.651096e-01 @35 *
epoch   36 | train 7.873268e-01 | val 9.645446e-01 |   0.846 s | best 9.645446e-01 @36 *
epoch   37 | train 7.907394e-01 | val 9.639667e-01 |   0.847 s | best 9.639667e-01 @37 *
epoch   38 | train 7.864197e-01 | val 9.633841e-01 |   0.847 s | best 9.633841e-01 @38 *
epoch   39 | train 7.898402e-01 | val 9.628020e-01 |   0.848 s | best 9.628020e-01 @39 *
epoch   40 | train 7.920309e-01 | val 9.622159e-01 |   0.847 s | best 9.622159e-01 @40 *
epoch   41 | train 7.855443e-01 | val 9.616145e-01 |   0.846 s | best 9.616145e-01 @41 *
epoch   42 | train 7.912164e-01 | val 9.609855e-01 |   0.847 s | best 9.609855e-01 @42 *
epoch   43 | train 7.854718e-01 | val 9.603320e-01 |   0.848 s | best 9.603320e-01 @43 *
epoch   44 | train 7.844420e-01 | val 9.596519e-01 |   0.846 s | best 9.596519e-01 @44 *
epoch   45 | train 7.817926e-01 | val 9.589565e-01 |   0.853 s | best 9.589565e-01 @45 *
epoch   46 | train 7.778988e-01 | val 9.582567e-01 |   0.845 s | best 9.582567e-01 @46 *
epoch   47 | train 7.798718e-01 | val 9.575397e-01 |   0.848 s | best 9.575397e-01 @47 *
epoch   48 | train 7.761886e-01 | val 9.568056e-01 |   0.849 s | best 9.568056e-01 @48 *
epoch   49 | train 7.737213e-01 | val 9.560768e-01 |   0.849 s | best 9.560768e-01 @49 *
epoch   50 | train 7.738948e-01 | val 9.553289e-01 |   0.848 s | best 9.553289e-01 @50 *
epoch   51 | train 7.749667e-01 | val 9.545507e-01 |   0.849 s | best 9.545507e-01 @51 *
epoch   52 | train 7.775225e-01 | val 9.537575e-01 |   0.849 s | best 9.537575e-01 @52 *
epoch   53 | train 7.684271e-01 | val 9.529418e-01 |   0.850 s | best 9.529418e-01 @53 *
epoch   54 | train 7.745797e-01 | val 9.520976e-01 |   0.849 s | best 9.520976e-01 @54 *
epoch   55 | train 7.681524e-01 | val 9.512394e-01 |   0.850 s | best 9.512394e-01 @55 *
epoch   56 | train 7.717195e-01 | val 9.503585e-01 |   0.847 s | best 9.503585e-01 @56 *
epoch   57 | train 7.736394e-01 | val 9.494596e-01 |   0.850 s | best 9.494596e-01 @57 *
epoch   58 | train 7.708519e-01 | val 9.485347e-01 |   0.849 s | best 9.485347e-01 @58 *
epoch   59 | train 7.716310e-01 | val 9.475853e-01 |   0.849 s | best 9.475853e-01 @59 *
epoch   60 | train 7.683243e-01 | val 9.466234e-01 |   0.849 s | best 9.466234e-01 @60 *
epoch   61 | train 7.711455e-01 | val 9.456382e-01 |   0.849 s | best 9.456382e-01 @61 *
epoch   62 | train 7.650836e-01 | val 9.446426e-01 |   0.855 s | best 9.446426e-01 @62 *
epoch   63 | train 7.660858e-01 | val 9.436358e-01 |   0.848 s | best 9.436358e-01 @63 *
epoch   64 | train 7.648169e-01 | val 9.426025e-01 |   0.849 s | best 9.426025e-01 @64 *
epoch   65 | train 7.623357e-01 | val 9.415548e-01 |   0.847 s | best 9.415548e-01 @65 *
epoch   66 | train 7.647793e-01 | val 9.404863e-01 |   0.849 s | best 9.404863e-01 @66 *
epoch   67 | train 7.654966e-01 | val 9.393843e-01 |   0.849 s | best 9.393843e-01 @67 *
epoch   68 | train 7.598297e-01 | val 9.382587e-01 |   0.849 s | best 9.382587e-01 @68 *
epoch   69 | train 7.657185e-01 | val 9.371178e-01 |   0.847 s | best 9.371178e-01 @69 *
epoch   70 | train 7.614163e-01 | val 9.359596e-01 |   0.848 s | best 9.359596e-01 @70 *
epoch   71 | train 7.614344e-01 | val 9.347790e-01 |   0.848 s | best 9.347790e-01 @71 *
epoch   72 | train 7.616365e-01 | val 9.335831e-01 |   0.848 s | best 9.335831e-01 @72 *
epoch   73 | train 7.613528e-01 | val 9.323668e-01 |   0.847 s | best 9.323668e-01 @73 *
epoch   74 | train 7.584248e-01 | val 9.311169e-01 |   0.847 s | best 9.311169e-01 @74 *
epoch   75 | train 7.594435e-01 | val 9.298300e-01 |   0.847 s | best 9.298300e-01 @75 *
epoch   76 | train 7.587987e-01 | val 9.285145e-01 |   0.848 s | best 9.285145e-01 @76 *
epoch   77 | train 7.567416e-01 | val 9.271735e-01 |   0.847 s | best 9.271735e-01 @77 *
epoch   78 | train 7.536996e-01 | val 9.258119e-01 |   0.848 s | best 9.258119e-01 @78 *
epoch   79 | train 7.563819e-01 | val 9.244081e-01 |   0.848 s | best 9.244081e-01 @79 *
epoch   80 | train 7.560086e-01 | val 9.229727e-01 |   0.848 s | best 9.229727e-01 @80 *
epoch   81 | train 7.602600e-01 | val 9.214948e-01 |   0.850 s | best 9.214948e-01 @81 *
epoch   82 | train 7.577646e-01 | val 9.199949e-01 |   0.846 s | best 9.199949e-01 @82 *
epoch   83 | train 7.591617e-01 | val 9.184653e-01 |   0.849 s | best 9.184653e-01 @83 *
epoch   84 | train 7.582813e-01 | val 9.168996e-01 |   0.847 s | best 9.168996e-01 @84 *
epoch   85 | train 7.562582e-01 | val 9.153138e-01 |   0.849 s | best 9.153138e-01 @85 *
epoch   86 | train 7.571485e-01 | val 9.136629e-01 |   0.847 s | best 9.136629e-01 @86 *
epoch   87 | train 7.575624e-01 | val 9.119881e-01 |   0.848 s | best 9.119881e-01 @87 *
epoch   88 | train 7.540965e-01 | val 9.102771e-01 |   0.849 s | best 9.102771e-01 @88 *
epoch   89 | train 7.532787e-01 | val 9.085060e-01 |   0.849 s | best 9.085060e-01 @89 *
epoch   90 | train 7.488438e-01 | val 9.066596e-01 |   0.847 s | best 9.066596e-01 @90 *
epoch   91 | train 7.558136e-01 | val 9.047491e-01 |   0.847 s | best 9.047491e-01 @91 *
epoch   92 | train 7.568311e-01 | val 9.027965e-01 |   0.858 s | best 9.027965e-01 @92 *
epoch   93 | train 7.575321e-01 | val 9.008083e-01 |   0.848 s | best 9.008083e-01 @93 *
epoch   94 | train 7.603361e-01 | val 8.987839e-01 |   0.851 s | best 8.987839e-01 @94 *
epoch   95 | train 7.532894e-01 | val 8.967029e-01 |   0.852 s | best 8.967029e-01 @95 *
epoch   96 | train 7.557540e-01 | val 8.945981e-01 |   0.850 s | best 8.945981e-01 @96 *
epoch   97 | train 7.559708e-01 | val 8.924538e-01 |   0.852 s | best 8.924538e-01 @97 *
epoch   98 | train 7.535163e-01 | val 8.902631e-01 |   0.850 s | best 8.902631e-01 @98 *
epoch   99 | train 7.512883e-01 | val 8.880369e-01 |   0.848 s | best 8.880369e-01 @99 *
epoch  100 | train 7.526074e-01 | val 8.857724e-01 |   0.850 s | best 8.857724e-01 @100 *
epoch  101 | train 7.529318e-01 | val 8.834346e-01 |   0.848 s | best 8.834346e-01 @101 *
epoch  102 | train 7.540654e-01 | val 8.810760e-01 |   0.849 s | best 8.810760e-01 @102 *
epoch  103 | train 7.510060e-01 | val 8.787020e-01 |   0.848 s | best 8.787020e-01 @103 *
epoch  104 | train 7.520902e-01 | val 8.762996e-01 |   0.849 s | best 8.762996e-01 @104 *
epoch  105 | train 7.534193e-01 | val 8.738419e-01 |   0.848 s | best 8.738419e-01 @105 *
epoch  106 | train 7.536836e-01 | val 8.713975e-01 |   0.847 s | best 8.713975e-01 @106 *
epoch  107 | train 7.505678e-01 | val 8.689362e-01 |   0.850 s | best 8.689362e-01 @107 *
epoch  108 | train 7.541358e-01 | val 8.664814e-01 |   0.847 s | best 8.664814e-01 @108 *
epoch  109 | train 7.509998e-01 | val 8.640338e-01 |   0.849 s | best 8.640338e-01 @109 *
epoch  110 | train 7.528656e-01 | val 8.615659e-01 |   0.850 s | best 8.615659e-01 @110 *
epoch  111 | train 7.480311e-01 | val 8.590841e-01 |   0.838 s | best 8.590841e-01 @111 *
epoch  112 | train 7.499545e-01 | val 8.566105e-01 |   0.879 s | best 8.566105e-01 @112 *
epoch  113 | train 7.496534e-01 | val 8.541144e-01 |   0.851 s | best 8.541144e-01 @113 *
epoch  114 | train 7.575814e-01 | val 8.516602e-01 |   0.849 s | best 8.516602e-01 @114 *
epoch  115 | train 7.548434e-01 | val 8.492193e-01 |   0.851 s | best 8.492193e-01 @115 *
epoch  116 | train 7.454198e-01 | val 8.467987e-01 |   0.851 s | best 8.467987e-01 @116 *
epoch  117 | train 7.580658e-01 | val 8.444120e-01 |   0.851 s | best 8.444120e-01 @117 *
epoch  118 | train 7.521728e-01 | val 8.420358e-01 |   0.849 s | best 8.420358e-01 @118 *
epoch  119 | train 7.542100e-01 | val 8.397239e-01 |   0.850 s | best 8.397239e-01 @119 *
epoch  120 | train 7.478209e-01 | val 8.374017e-01 |   0.851 s | best 8.374017e-01 @120 *
epoch  121 | train 7.521010e-01 | val 8.351382e-01 |   0.851 s | best 8.351382e-01 @121 *
epoch  122 | train 7.475775e-01 | val 8.329126e-01 |   0.849 s | best 8.329126e-01 @122 *
epoch  123 | train 7.521289e-01 | val 8.307543e-01 |   0.854 s | best 8.307543e-01 @123 *
epoch  124 | train 7.474057e-01 | val 8.286121e-01 |   0.851 s | best 8.286121e-01 @124 *
epoch  125 | train 7.522893e-01 | val 8.264783e-01 |   0.850 s | best 8.264783e-01 @125 *
epoch  126 | train 7.492741e-01 | val 8.244136e-01 |   0.849 s | best 8.244136e-01 @126 *
epoch  127 | train 7.475435e-01 | val 8.223838e-01 |   0.852 s | best 8.223838e-01 @127 *
epoch  128 | train 7.431307e-01 | val 8.203892e-01 |   0.849 s | best 8.203892e-01 @128 *
epoch  129 | train 7.476908e-01 | val 8.184223e-01 |   0.850 s | best 8.184223e-01 @129 *
epoch  130 | train 7.469276e-01 | val 8.165041e-01 |   0.852 s | best 8.165041e-01 @130 *
epoch  131 | train 7.530569e-01 | val 8.146200e-01 |   0.851 s | best 8.146200e-01 @131 *
epoch  132 | train 7.542158e-01 | val 8.127801e-01 |   0.850 s | best 8.127801e-01 @132 *
epoch  133 | train 7.501402e-01 | val 8.110023e-01 |   0.849 s | best 8.110023e-01 @133 *
epoch  134 | train 7.447852e-01 | val 8.092554e-01 |   0.851 s | best 8.092554e-01 @134 *
epoch  135 | train 7.459511e-01 | val 8.075755e-01 |   0.849 s | best 8.075755e-01 @135 *
epoch  136 | train 7.501021e-01 | val 8.059253e-01 |   0.851 s | best 8.059253e-01 @136 *
epoch  137 | train 7.471620e-01 | val 8.043360e-01 |   0.867 s | best 8.043360e-01 @137 *
epoch  138 | train 7.478525e-01 | val 8.028039e-01 |   0.850 s | best 8.028039e-01 @138 *
epoch  139 | train 7.484134e-01 | val 8.012985e-01 |   0.850 s | best 8.012985e-01 @139 *
epoch  140 | train 7.445009e-01 | val 7.998480e-01 |   0.850 s | best 7.998480e-01 @140 *
epoch  141 | train 7.406183e-01 | val 7.984335e-01 |   0.849 s | best 7.984335e-01 @141 *
epoch  142 | train 7.447353e-01 | val 7.970480e-01 |   0.850 s | best 7.970480e-01 @142 *
epoch  143 | train 7.506576e-01 | val 7.957234e-01 |   0.848 s | best 7.957234e-01 @143 *
epoch  144 | train 7.510191e-01 | val 7.944589e-01 |   0.849 s | best 7.944589e-01 @144 *
epoch  145 | train 7.436199e-01 | val 7.931993e-01 |   0.845 s | best 7.931993e-01 @145 *
epoch  146 | train 7.396395e-01 | val 7.919926e-01 |   0.847 s | best 7.919926e-01 @146 *
epoch  147 | train 7.457933e-01 | val 7.908273e-01 |   0.848 s | best 7.908273e-01 @147 *
epoch  148 | train 7.376027e-01 | val 7.896891e-01 |   0.849 s | best 7.896891e-01 @148 *
epoch  149 | train 7.436167e-01 | val 7.885966e-01 |   0.848 s | best 7.885966e-01 @149 *
epoch  150 | train 7.481593e-01 | val 7.875436e-01 |   0.851 s | best 7.875436e-01 @150 *
epoch  151 | train 7.460260e-01 | val 7.865316e-01 |   0.848 s | best 7.865316e-01 @151 *
epoch  152 | train 7.438211e-01 | val 7.855557e-01 |   0.848 s | best 7.855557e-01 @152 *
epoch  153 | train 7.453316e-01 | val 7.846131e-01 |   0.847 s | best 7.846131e-01 @153 *
epoch  154 | train 7.440364e-01 | val 7.836983e-01 |   0.847 s | best 7.836983e-01 @154 *
epoch  155 | train 7.452961e-01 | val 7.828013e-01 |   0.848 s | best 7.828013e-01 @155 *
epoch  156 | train 7.430458e-01 | val 7.819344e-01 |   0.847 s | best 7.819344e-01 @156 *
epoch  157 | train 7.476957e-01 | val 7.811172e-01 |   0.847 s | best 7.811172e-01 @157 *
epoch  158 | train 7.455214e-01 | val 7.803347e-01 |   0.847 s | best 7.803347e-01 @158 *
epoch  159 | train 7.434589e-01 | val 7.795672e-01 |   0.846 s | best 7.795672e-01 @159 *
epoch  160 | train 7.460229e-01 | val 7.788308e-01 |   0.849 s | best 7.788308e-01 @160 *
epoch  161 | train 7.443661e-01 | val 7.781238e-01 |   0.848 s | best 7.781238e-01 @161 *
epoch  162 | train 7.387849e-01 | val 7.774202e-01 |   0.847 s | best 7.774202e-01 @162 *
epoch  163 | train 7.442887e-01 | val 7.767442e-01 |   0.819 s | best 7.767442e-01 @163 *
epoch  164 | train 7.424052e-01 | val 7.760859e-01 |   0.678 s | best 7.760859e-01 @164 *
epoch  165 | train 7.475478e-01 | val 7.754595e-01 |   0.868 s | best 7.754595e-01 @165 *
epoch  166 | train 7.458284e-01 | val 7.748417e-01 |   0.874 s | best 7.748417e-01 @166 *
epoch  167 | train 7.456238e-01 | val 7.742493e-01 |   0.876 s | best 7.742493e-01 @167 *
epoch  168 | train 7.412099e-01 | val 7.736726e-01 |   0.876 s | best 7.736726e-01 @168 *
epoch  169 | train 7.422517e-01 | val 7.731190e-01 |   0.875 s | best 7.731190e-01 @169 *
epoch  170 | train 7.380567e-01 | val 7.725769e-01 |   0.858 s | best 7.725769e-01 @170 *
epoch  171 | train 7.431767e-01 | val 7.720454e-01 |   0.875 s | best 7.720454e-01 @171 *
epoch  172 | train 7.459845e-01 | val 7.715213e-01 |   0.877 s | best 7.715213e-01 @172 *
epoch  173 | train 7.438194e-01 | val 7.710311e-01 |   0.880 s | best 7.710311e-01 @173 *
epoch  174 | train 7.366461e-01 | val 7.705481e-01 |   0.877 s | best 7.705481e-01 @174 *
epoch  175 | train 7.432598e-01 | val 7.700845e-01 |   0.875 s | best 7.700845e-01 @175 *
epoch  176 | train 7.433314e-01 | val 7.696323e-01 |   0.864 s | best 7.696323e-01 @176 *
epoch  177 | train 7.429951e-01 | val 7.691913e-01 |   0.850 s | best 7.691913e-01 @177 *
epoch  178 | train 7.470517e-01 | val 7.687570e-01 |   0.849 s | best 7.687570e-01 @178 *
epoch  179 | train 7.406491e-01 | val 7.683372e-01 |   0.848 s | best 7.683372e-01 @179 *
epoch  180 | train 7.448576e-01 | val 7.679258e-01 |   0.848 s | best 7.679258e-01 @180 *
epoch  181 | train 7.456965e-01 | val 7.675270e-01 |   0.850 s | best 7.675270e-01 @181 *
epoch  182 | train 7.427244e-01 | val 7.671365e-01 |   0.847 s | best 7.671365e-01 @182 *
epoch  183 | train 7.393980e-01 | val 7.667512e-01 |   0.850 s | best 7.667512e-01 @183 *
epoch  184 | train 7.404310e-01 | val 7.663763e-01 |   0.848 s | best 7.663763e-01 @184 *
epoch  185 | train 7.391767e-01 | val 7.660074e-01 |   0.850 s | best 7.660074e-01 @185 *
epoch  186 | train 7.418971e-01 | val 7.656453e-01 |   0.850 s | best 7.656453e-01 @186 *
epoch  187 | train 7.416376e-01 | val 7.652860e-01 |   0.849 s | best 7.652860e-01 @187 *
epoch  188 | train 7.411820e-01 | val 7.649307e-01 |   0.850 s | best 7.649307e-01 @188 *
epoch  189 | train 7.385154e-01 | val 7.645753e-01 |   0.852 s | best 7.645753e-01 @189 *
epoch  190 | train 7.384967e-01 | val 7.642242e-01 |   0.859 s | best 7.642242e-01 @190 *
epoch  191 | train 7.405517e-01 | val 7.638753e-01 |   0.848 s | best 7.638753e-01 @191 *
epoch  192 | train 7.406509e-01 | val 7.635359e-01 |   0.851 s | best 7.635359e-01 @192 *
epoch  193 | train 7.367208e-01 | val 7.631943e-01 |   0.849 s | best 7.631943e-01 @193 *
epoch  194 | train 7.369843e-01 | val 7.628556e-01 |   0.848 s | best 7.628556e-01 @194 *
epoch  195 | train 7.388183e-01 | val 7.625189e-01 |   0.849 s | best 7.625189e-01 @195 *
epoch  196 | train 7.429079e-01 | val 7.621810e-01 |   0.851 s | best 7.621810e-01 @196 *
epoch  197 | train 7.377513e-01 | val 7.618480e-01 |   0.868 s | best 7.618480e-01 @197 *
epoch  198 | train 7.382206e-01 | val 7.615159e-01 |   0.885 s | best 7.615159e-01 @198 *
epoch  199 | train 7.389530e-01 | val 7.611817e-01 |   0.907 s | best 7.611817e-01 @199 *
epoch  200 | train 7.435506e-01 | val 7.608499e-01 |   0.922 s | best 7.608499e-01 @200 *
epoch  201 | train 7.467520e-01 | val 7.605119e-01 |   0.873 s | best 7.605119e-01 @201 *
epoch  202 | train 7.393455e-01 | val 7.601759e-01 |   0.789 s | best 7.601759e-01 @202 *
epoch  203 | train 7.403960e-01 | val 7.598478e-01 |   0.885 s | best 7.598478e-01 @203 *
epoch  204 | train 7.414884e-01 | val 7.595148e-01 |   0.871 s | best 7.595148e-01 @204 *
epoch  205 | train 7.428356e-01 | val 7.591850e-01 |   0.877 s | best 7.591850e-01 @205 *
epoch  206 | train 7.383086e-01 | val 7.588578e-01 |   0.895 s | best 7.588578e-01 @206 *
epoch  207 | train 7.384178e-01 | val 7.585328e-01 |   0.882 s | best 7.585328e-01 @207 *
epoch  208 | train 7.456261e-01 | val 7.582012e-01 |   0.877 s | best 7.582012e-01 @208 *
epoch  209 | train 7.411370e-01 | val 7.578740e-01 |   0.849 s | best 7.578740e-01 @209 *
epoch  210 | train 7.384767e-01 | val 7.575445e-01 |   0.874 s | best 7.575445e-01 @210 *
epoch  211 | train 7.458344e-01 | val 7.572091e-01 |   0.874 s | best 7.572091e-01 @211 *
epoch  212 | train 7.371553e-01 | val 7.568772e-01 |   0.858 s | best 7.568772e-01 @212 *
epoch  213 | train 7.399234e-01 | val 7.565442e-01 |   0.859 s | best 7.565442e-01 @213 *
epoch  214 | train 7.389551e-01 | val 7.562125e-01 |   0.844 s | best 7.562125e-01 @214 *
epoch  215 | train 7.403411e-01 | val 7.558883e-01 |   0.862 s | best 7.558883e-01 @215 *
epoch  216 | train 7.373174e-01 | val 7.555553e-01 |   0.871 s | best 7.555553e-01 @216 *
epoch  217 | train 7.406504e-01 | val 7.552230e-01 |   0.869 s | best 7.552230e-01 @217 *
epoch  218 | train 7.367368e-01 | val 7.548930e-01 |   0.859 s | best 7.548930e-01 @218 *
epoch  219 | train 7.409604e-01 | val 7.545700e-01 |   0.845 s | best 7.545700e-01 @219 *
epoch  220 | train 7.347542e-01 | val 7.542375e-01 |   0.846 s | best 7.542375e-01 @220 *
epoch  221 | train 7.371173e-01 | val 7.539136e-01 |   0.853 s | best 7.539136e-01 @221 *
epoch  222 | train 7.370080e-01 | val 7.535906e-01 |   0.849 s | best 7.535906e-01 @222 *
epoch  223 | train 7.425002e-01 | val 7.532669e-01 |   0.846 s | best 7.532669e-01 @223 *
epoch  224 | train 7.342616e-01 | val 7.529499e-01 |   0.847 s | best 7.529499e-01 @224 *
epoch  225 | train 7.385370e-01 | val 7.526290e-01 |   0.847 s | best 7.526290e-01 @225 *
epoch  226 | train 7.402587e-01 | val 7.523106e-01 |   0.846 s | best 7.523106e-01 @226 *
epoch  227 | train 7.420409e-01 | val 7.519953e-01 |   0.848 s | best 7.519953e-01 @227 *
epoch  228 | train 7.357690e-01 | val 7.516819e-01 |   0.847 s | best 7.516819e-01 @228 *
epoch  229 | train 7.333978e-01 | val 7.513738e-01 |   0.846 s | best 7.513738e-01 @229 *
epoch  230 | train 7.435710e-01 | val 7.510653e-01 |   0.845 s | best 7.510653e-01 @230 *
epoch  231 | train 7.412980e-01 | val 7.507558e-01 |   0.847 s | best 7.507558e-01 @231 *
epoch  232 | train 7.368428e-01 | val 7.504503e-01 |   0.847 s | best 7.504503e-01 @232 *
epoch  233 | train 7.394765e-01 | val 7.501366e-01 |   0.848 s | best 7.501366e-01 @233 *
epoch  234 | train 7.410172e-01 | val 7.498322e-01 |   0.847 s | best 7.498322e-01 @234 *
epoch  235 | train 7.439672e-01 | val 7.495236e-01 |   0.847 s | best 7.495236e-01 @235 *
epoch  236 | train 7.414322e-01 | val 7.492247e-01 |   0.847 s | best 7.492247e-01 @236 *
epoch  237 | train 7.416362e-01 | val 7.489199e-01 |   0.846 s | best 7.489199e-01 @237 *
epoch  238 | train 7.422977e-01 | val 7.486244e-01 |   0.848 s | best 7.486244e-01 @238 *
epoch  239 | train 7.362878e-01 | val 7.483311e-01 |   0.846 s | best 7.483311e-01 @239 *
epoch  240 | train 7.386569e-01 | val 7.480382e-01 |   0.846 s | best 7.480382e-01 @240 *
epoch  241 | train 7.409145e-01 | val 7.477449e-01 |   0.847 s | best 7.477449e-01 @241 *
epoch  242 | train 7.400962e-01 | val 7.474574e-01 |   0.847 s | best 7.474574e-01 @242 *
epoch  243 | train 7.327662e-01 | val 7.471719e-01 |   0.847 s | best 7.471719e-01 @243 *
epoch  244 | train 7.332118e-01 | val 7.468835e-01 |   0.846 s | best 7.468835e-01 @244 *
epoch  245 | train 7.335945e-01 | val 7.466089e-01 |   0.847 s | best 7.466089e-01 @245 *
epoch  246 | train 7.382155e-01 | val 7.463389e-01 |   0.847 s | best 7.463389e-01 @246 *
epoch  247 | train 7.354848e-01 | val 7.460714e-01 |   0.848 s | best 7.460714e-01 @247 *
epoch  248 | train 7.399682e-01 | val 7.457925e-01 |   0.848 s | best 7.457925e-01 @248 *
epoch  249 | train 7.417795e-01 | val 7.455180e-01 |   0.847 s | best 7.455180e-01 @249 *
epoch  250 | train 7.368766e-01 | val 7.452523e-01 |   0.847 s | best 7.452523e-01 @250 *
epoch  251 | train 7.363494e-01 | val 7.449900e-01 |   0.847 s | best 7.449900e-01 @251 *
epoch  252 | train 7.400389e-01 | val 7.447282e-01 |   0.846 s | best 7.447282e-01 @252 *
epoch  253 | train 7.378604e-01 | val 7.444765e-01 |   0.846 s | best 7.444765e-01 @253 *
epoch  254 | train 7.355513e-01 | val 7.442199e-01 |   0.846 s | best 7.442199e-01 @254 *
epoch  255 | train 7.351016e-01 | val 7.439712e-01 |   0.847 s | best 7.439712e-01 @255 *
epoch  256 | train 7.367052e-01 | val 7.437246e-01 |   0.848 s | best 7.437246e-01 @256 *
epoch  257 | train 7.340627e-01 | val 7.434806e-01 |   0.847 s | best 7.434806e-01 @257 *
epoch  258 | train 7.414611e-01 | val 7.432447e-01 |   0.846 s | best 7.432447e-01 @258 *
epoch  259 | train 7.348086e-01 | val 7.430163e-01 |   0.847 s | best 7.430163e-01 @259 *
epoch  260 | train 7.383312e-01 | val 7.427897e-01 |   0.846 s | best 7.427897e-01 @260 *
epoch  261 | train 7.375607e-01 | val 7.425673e-01 |   0.846 s | best 7.425673e-01 @261 *
epoch  262 | train 7.411180e-01 | val 7.423434e-01 |   0.847 s | best 7.423434e-01 @262 *
epoch  263 | train 7.408507e-01 | val 7.421245e-01 |   0.847 s | best 7.421245e-01 @263 *
epoch  264 | train 7.396282e-01 | val 7.419075e-01 |   0.846 s | best 7.419075e-01 @264 *
epoch  265 | train 7.386855e-01 | val 7.416916e-01 |   0.846 s | best 7.416916e-01 @265 *
epoch  266 | train 7.375824e-01 | val 7.414768e-01 |   0.845 s | best 7.414768e-01 @266 *
epoch  267 | train 7.419573e-01 | val 7.412670e-01 |   0.848 s | best 7.412670e-01 @267 *
epoch  268 | train 7.389753e-01 | val 7.410613e-01 |   0.847 s | best 7.410613e-01 @268 *
epoch  269 | train 7.385063e-01 | val 7.408585e-01 |   0.847 s | best 7.408585e-01 @269 *
epoch  270 | train 7.362907e-01 | val 7.406635e-01 |   0.846 s | best 7.406635e-01 @270 *
epoch  271 | train 7.369424e-01 | val 7.404695e-01 |   0.847 s | best 7.404695e-01 @271 *
epoch  272 | train 7.418562e-01 | val 7.402767e-01 |   0.846 s | best 7.402767e-01 @272 *
epoch  273 | train 7.352703e-01 | val 7.400862e-01 |   0.864 s | best 7.400862e-01 @273 *
epoch  274 | train 7.363375e-01 | val 7.398992e-01 |   0.845 s | best 7.398992e-01 @274 *
epoch  275 | train 7.381935e-01 | val 7.397202e-01 |   0.847 s | best 7.397202e-01 @275 *
epoch  276 | train 7.399820e-01 | val 7.395420e-01 |   0.846 s | best 7.395420e-01 @276 *
epoch  277 | train 7.380297e-01 | val 7.393640e-01 |   0.844 s | best 7.393640e-01 @277 *
epoch  278 | train 7.355444e-01 | val 7.391905e-01 |   0.581 s | best 7.391905e-01 @278 *
epoch  279 | train 7.342166e-01 | val 7.390236e-01 |   0.774 s | best 7.390236e-01 @279 *
epoch  280 | train 7.357573e-01 | val 7.388579e-01 |   0.838 s | best 7.388579e-01 @280 *
epoch  281 | train 7.368743e-01 | val 7.386938e-01 |   0.837 s | best 7.386938e-01 @281 *
epoch  282 | train 7.371431e-01 | val 7.385345e-01 |   0.835 s | best 7.385345e-01 @282 *
epoch  283 | train 7.388229e-01 | val 7.383796e-01 |   0.838 s | best 7.383796e-01 @283 *
epoch  284 | train 7.405178e-01 | val 7.382253e-01 |   0.834 s | best 7.382253e-01 @284 *
epoch  285 | train 7.348424e-01 | val 7.380764e-01 |   0.837 s | best 7.380764e-01 @285 *
epoch  286 | train 7.349419e-01 | val 7.379334e-01 |   0.831 s | best 7.379334e-01 @286 *
epoch  287 | train 7.321112e-01 | val 7.377874e-01 |   0.837 s | best 7.377874e-01 @287 *
epoch  288 | train 7.410480e-01 | val 7.376458e-01 |   0.831 s | best 7.376458e-01 @288 *
epoch  289 | train 7.364439e-01 | val 7.375049e-01 |   0.839 s | best 7.375049e-01 @289 *
epoch  290 | train 7.376491e-01 | val 7.373613e-01 |   0.829 s | best 7.373613e-01 @290 *
epoch  291 | train 7.341220e-01 | val 7.372254e-01 |   0.833 s | best 7.372254e-01 @291 *
epoch  292 | train 7.380330e-01 | val 7.370853e-01 |   0.831 s | best 7.370853e-01 @292 *
epoch  293 | train 7.379519e-01 | val 7.369547e-01 |   0.833 s | best 7.369547e-01 @293 *
epoch  294 | train 7.401263e-01 | val 7.368283e-01 |   0.835 s | best 7.368283e-01 @294 *
epoch  295 | train 7.340630e-01 | val 7.367042e-01 |   0.833 s | best 7.367042e-01 @295 *
epoch  296 | train 7.381045e-01 | val 7.365863e-01 |   0.835 s | best 7.365863e-01 @296 *
epoch  297 | train 7.328832e-01 | val 7.364699e-01 |   0.832 s | best 7.364699e-01 @297 *
epoch  298 | train 7.364649e-01 | val 7.363546e-01 |   0.834 s | best 7.363546e-01 @298 *
epoch  299 | train 7.381992e-01 | val 7.362406e-01 |   0.833 s | best 7.362406e-01 @299 *
epoch  300 | train 7.374441e-01 | val 7.361321e-01 |   0.833 s | best 7.361321e-01 @300 *
epoch  301 | train 7.376909e-01 | val 7.360263e-01 |   0.830 s | best 7.360263e-01 @301 *
epoch  302 | train 7.367388e-01 | val 7.359205e-01 |   0.834 s | best 7.359205e-01 @302 *
epoch  303 | train 7.346205e-01 | val 7.358121e-01 |   0.831 s | best 7.358121e-01 @303 *
epoch  304 | train 7.341255e-01 | val 7.357079e-01 |   0.834 s | best 7.357079e-01 @304 *
epoch  305 | train 7.367689e-01 | val 7.356046e-01 |   0.834 s | best 7.356046e-01 @305 *
epoch  306 | train 7.320721e-01 | val 7.355044e-01 |   0.837 s | best 7.355044e-01 @306 *
epoch  307 | train 7.363155e-01 | val 7.354090e-01 |   0.833 s | best 7.354090e-01 @307 *
epoch  308 | train 7.334644e-01 | val 7.353171e-01 |   0.836 s | best 7.353171e-01 @308 *
epoch  309 | train 7.338293e-01 | val 7.352271e-01 |   0.833 s | best 7.352271e-01 @309 *
epoch  310 | train 7.385712e-01 | val 7.351392e-01 |   0.836 s | best 7.351392e-01 @310 *
epoch  311 | train 7.344751e-01 | val 7.350562e-01 |   0.832 s | best 7.350562e-01 @311 *
epoch  312 | train 7.365231e-01 | val 7.349744e-01 |   0.835 s | best 7.349744e-01 @312 *
epoch  313 | train 7.334483e-01 | val 7.348943e-01 |   0.830 s | best 7.348943e-01 @313 *
epoch  314 | train 7.345751e-01 | val 7.348133e-01 |   0.838 s | best 7.348133e-01 @314 *
epoch  315 | train 7.304962e-01 | val 7.347310e-01 |   0.833 s | best 7.347310e-01 @315 *
epoch  316 | train 7.346049e-01 | val 7.346560e-01 |   0.837 s | best 7.346560e-01 @316 *
epoch  317 | train 7.309925e-01 | val 7.345802e-01 |   0.831 s | best 7.345802e-01 @317 *
epoch  318 | train 7.366155e-01 | val 7.345091e-01 |   0.838 s | best 7.345091e-01 @318 *
epoch  319 | train 7.322447e-01 | val 7.344441e-01 |   0.843 s | best 7.344441e-01 @319 *
epoch  320 | train 7.368792e-01 | val 7.343794e-01 |   0.865 s | best 7.343794e-01 @320 *
epoch  321 | train 7.344890e-01 | val 7.343156e-01 |   0.845 s | best 7.343156e-01 @321 *
epoch  322 | train 7.294190e-01 | val 7.342493e-01 |   0.847 s | best 7.342493e-01 @322 *
epoch  323 | train 7.316578e-01 | val 7.341850e-01 |   0.846 s | best 7.341850e-01 @323 *
epoch  324 | train 7.367986e-01 | val 7.341208e-01 |   0.847 s | best 7.341208e-01 @324 *
epoch  325 | train 7.401072e-01 | val 7.340580e-01 |   0.846 s | best 7.340580e-01 @325 *
epoch  326 | train 7.326792e-01 | val 7.339993e-01 |   0.844 s | best 7.339993e-01 @326 *
epoch  327 | train 7.327373e-01 | val 7.339416e-01 |   0.846 s | best 7.339416e-01 @327 *
epoch  328 | train 7.324747e-01 | val 7.338870e-01 |   0.846 s | best 7.338870e-01 @328 *
epoch  329 | train 7.341302e-01 | val 7.338363e-01 |   0.846 s | best 7.338363e-01 @329 *
epoch  330 | train 7.306258e-01 | val 7.337856e-01 |   0.846 s | best 7.337856e-01 @330 *
epoch  331 | train 7.322015e-01 | val 7.337386e-01 |   0.846 s | best 7.337386e-01 @331 *
epoch  332 | train 7.339942e-01 | val 7.336913e-01 |   0.847 s | best 7.336913e-01 @332 *
epoch  333 | train 7.342180e-01 | val 7.336447e-01 |   0.848 s | best 7.336447e-01 @333 *
epoch  334 | train 7.354210e-01 | val 7.335956e-01 |   0.846 s | best 7.335956e-01 @334 *
epoch  335 | train 7.347378e-01 | val 7.335522e-01 |   0.845 s | best 7.335522e-01 @335 *
epoch  336 | train 7.361468e-01 | val 7.335132e-01 |   0.845 s | best 7.335132e-01 @336 *
epoch  337 | train 7.323108e-01 | val 7.334756e-01 |   0.846 s | best 7.334756e-01 @337 *
epoch  338 | train 7.348571e-01 | val 7.334408e-01 |   0.847 s | best 7.334408e-01 @338 *
epoch  339 | train 7.337180e-01 | val 7.334044e-01 |   0.845 s | best 7.334044e-01 @339 *
epoch  340 | train 7.350211e-01 | val 7.333674e-01 |   0.847 s | best 7.333674e-01 @340 *
epoch  341 | train 7.303304e-01 | val 7.333341e-01 |   0.848 s | best 7.333341e-01 @341 *
epoch  342 | train 7.356678e-01 | val 7.333037e-01 |   0.848 s | best 7.333037e-01 @342 *
epoch  343 | train 7.297465e-01 | val 7.332756e-01 |   0.848 s | best 7.332756e-01 @343 *
epoch  344 | train 7.280376e-01 | val 7.332479e-01 |   0.846 s | best 7.332479e-01 @344 *
epoch  345 | train 7.277110e-01 | val 7.332203e-01 |   0.847 s | best 7.332203e-01 @345 *
epoch  346 | train 7.366331e-01 | val 7.331934e-01 |   0.846 s | best 7.331934e-01 @346 *
epoch  347 | train 7.328361e-01 | val 7.331695e-01 |   0.852 s | best 7.331695e-01 @347 *
epoch  348 | train 7.328776e-01 | val 7.331448e-01 |   0.847 s | best 7.331448e-01 @348 *
epoch  349 | train 7.355583e-01 | val 7.331252e-01 |   0.847 s | best 7.331252e-01 @349 *
epoch  350 | train 7.314350e-01 | val 7.331103e-01 |   0.853 s | best 7.331103e-01 @350 *
epoch  351 | train 7.300108e-01 | val 7.330932e-01 |   0.848 s | best 7.330932e-01 @351 *
epoch  352 | train 7.372896e-01 | val 7.330726e-01 |   0.849 s | best 7.330726e-01 @352 *
epoch  353 | train 7.301103e-01 | val 7.330551e-01 |   0.847 s | best 7.330551e-01 @353 *
epoch  354 | train 7.294306e-01 | val 7.330368e-01 |   0.848 s | best 7.330368e-01 @354 *
epoch  355 | train 7.348403e-01 | val 7.330211e-01 |   0.846 s | best 7.330211e-01 @355 *
epoch  356 | train 7.313903e-01 | val 7.330087e-01 |   0.847 s | best 7.330087e-01 @356 *
epoch  357 | train 7.347155e-01 | val 7.330005e-01 |   0.847 s | best 7.330005e-01 @357 *
epoch  358 | train 7.345375e-01 | val 7.329905e-01 |   0.847 s | best 7.329905e-01 @358 *
epoch  359 | train 7.306771e-01 | val 7.329831e-01 |   0.847 s | best 7.329831e-01 @359 *
epoch  360 | train 7.335963e-01 | val 7.329784e-01 |   0.847 s | best 7.329784e-01 @360 *
epoch  361 | train 7.309043e-01 | val 7.329718e-01 |   0.846 s | best 7.329718e-01 @361 *
epoch  362 | train 7.340606e-01 | val 7.329656e-01 |   0.846 s | best 7.329656e-01 @362 *
epoch  363 | train 7.357636e-01 | val 7.329627e-01 |   0.847 s | best 7.329627e-01 @363 *
epoch  364 | train 7.317910e-01 | val 7.329641e-01 |   0.846 s | best 7.329627e-01 @363
epoch  365 | train 7.302325e-01 | val 7.329663e-01 |   0.848 s | best 7.329627e-01 @363
epoch  366 | train 7.339701e-01 | val 7.329733e-01 |   0.847 s | best 7.329627e-01 @363
epoch  367 | train 7.334398e-01 | val 7.329793e-01 |   0.847 s | best 7.329627e-01 @363
epoch  368 | train 7.300676e-01 | val 7.329845e-01 |   0.848 s | best 7.329627e-01 @363
epoch  369 | train 7.337485e-01 | val 7.329887e-01 |   0.848 s | best 7.329627e-01 @363
epoch  370 | train 7.316678e-01 | val 7.329936e-01 |   0.848 s | best 7.329627e-01 @363
epoch  371 | train 7.311446e-01 | val 7.329956e-01 |   0.849 s | best 7.329627e-01 @363
epoch  372 | train 7.278993e-01 | val 7.329993e-01 |   0.848 s | best 7.329627e-01 @363
epoch  373 | train 7.270275e-01 | val 7.330049e-01 |   0.846 s | best 7.329627e-01 @363
epoch  374 | train 7.303355e-01 | val 7.330160e-01 |   0.847 s | best 7.329627e-01 @363
epoch  375 | train 7.283287e-01 | val 7.330220e-01 |   0.847 s | best 7.329627e-01 @363
epoch  376 | train 7.277357e-01 | val 7.330359e-01 |   0.851 s | best 7.329627e-01 @363
epoch  377 | train 7.353915e-01 | val 7.330538e-01 |   0.848 s | best 7.329627e-01 @363
epoch  378 | train 7.290331e-01 | val 7.330623e-01 |   0.848 s | best 7.329627e-01 @363
# done        : 378 epochs, stopped_by=patience, aborted=False, best val 7.329627e-01 @ epoch 363, wall 346.3 s, 0.916 s/epoch
