
# ===== 2026-09-21 01:47:53 KST  HPO attempt 654  testbed D1 prior S  Nr=8 Nt=4
# DEVICE      : cuda | cuda_available=True | NVIDIA RTX PRO 6000 Blackwell Server Edition | torch 2.14.0+cu130 | train dtype float32 (01_RULES §9.5)
# data        : n_train=9000 n_val=1000 split_hash=98d6225d67f9c15a E||H||_F^2/(NrNt)=1.000268 (04_SPEC §2)
# sigma grid  : MEASURED, 20 points, log-uniform draw over [3.2936e-02, 7.9084e-01]
# hp          : {'arch': 'uvit', 'param': 'vp', 'domain': 'angle', 'lr': 0.0023782444872359775, 'ema': 0.999, 'batch': 256, 'emb': 256, 'width': 64, 'depth': 6, 'heads': 8, 'patch': 1}  params=397864
# stopping    : patience 15 on val loss, never before 0 epochs, max 600 (01_RULES §5)
epoch    1 | train 9.271192e-01 | val 9.902421e-01 |   1.320 s | best 9.902421e-01 @1 *
epoch    2 | train 8.391480e-01 | val 9.881404e-01 |   1.363 s | best 9.881404e-01 @2 *
epoch    3 | train 8.235972e-01 | val 9.839677e-01 |   1.355 s | best 9.839677e-01 @3 *
epoch    4 | train 8.048753e-01 | val 9.770229e-01 |   1.360 s | best 9.770229e-01 @4 *
epoch    5 | train 7.967020e-01 | val 9.704232e-01 |   1.362 s | best 9.704232e-01 @5 *
epoch    6 | train 7.912674e-01 | val 9.675882e-01 |   1.356 s | best 9.675882e-01 @6 *
epoch    7 | train 7.927640e-01 | val 9.651445e-01 |   1.360 s | best 9.651445e-01 @7 *
epoch    8 | train 7.931176e-01 | val 9.626905e-01 |   1.361 s | best 9.626905e-01 @8 *
epoch    9 | train 7.916521e-01 | val 9.600558e-01 |   1.355 s | best 9.600558e-01 @9 *
epoch   10 | train 7.944497e-01 | val 9.565853e-01 |   1.360 s | best 9.565853e-01 @10 *
epoch   11 | train 7.942364e-01 | val 9.522863e-01 |   1.363 s | best 9.522863e-01 @11 *
epoch   12 | train 7.865792e-01 | val 9.470686e-01 |   1.360 s | best 9.470686e-01 @12 *
epoch   13 | train 7.906755e-01 | val 9.390921e-01 |   1.358 s | best 9.390921e-01 @13 *
epoch   14 | train 7.930581e-01 | val 9.259009e-01 |   1.361 s | best 9.259009e-01 @14 *
epoch   15 | train 7.928344e-01 | val 9.170268e-01 |   1.362 s | best 9.170268e-01 @15 *
epoch   16 | train 7.907917e-01 | val 9.063058e-01 |   1.356 s | best 9.063058e-01 @16 *
epoch   17 | train 7.880107e-01 | val 8.953167e-01 |   1.355 s | best 8.953167e-01 @17 *
epoch   18 | train 7.881125e-01 | val 8.843923e-01 |   1.357 s | best 8.843923e-01 @18 *
epoch   19 | train 7.893614e-01 | val 8.762180e-01 |   1.347 s | best 8.762180e-01 @19 *
epoch   20 | train 7.898765e-01 | val 8.716123e-01 |   1.355 s | best 8.716123e-01 @20 *
epoch   21 | train 7.894544e-01 | val 8.683358e-01 |   1.356 s | best 8.683358e-01 @21 *
epoch   22 | train 7.939061e-01 | val 8.652243e-01 |   1.351 s | best 8.652243e-01 @22 *
epoch   23 | train 7.938242e-01 | val 8.622785e-01 |   1.338 s | best 8.622785e-01 @23 *
epoch   24 | train 8.042359e-01 | val 8.578737e-01 |   1.353 s | best 8.578737e-01 @24 *
epoch   25 | train 7.982115e-01 | val 8.480145e-01 |   1.336 s | best 8.480145e-01 @25 *
epoch   26 | train 7.954144e-01 | val 8.544898e-01 |   1.365 s | best 8.480145e-01 @25
epoch   27 | train 7.922975e-01 | val 8.552672e-01 |   1.335 s | best 8.480145e-01 @25
epoch   28 | train 7.930225e-01 | val 8.539921e-01 |   1.363 s | best 8.480145e-01 @25
epoch   29 | train 7.912107e-01 | val 8.506373e-01 |   1.333 s | best 8.480145e-01 @25
epoch   30 | train 8.154963e-01 | val 8.464659e-01 |   1.364 s | best 8.464659e-01 @30 *
epoch   31 | train 8.172755e-01 | val 8.413060e-01 |   1.320 s | best 8.413060e-01 @31 *
epoch   32 | train 8.031096e-01 | val 8.350522e-01 |   1.342 s | best 8.350522e-01 @32 *
epoch   33 | train 7.982684e-01 | val 8.291757e-01 |   1.327 s | best 8.291757e-01 @33 *
epoch   34 | train 7.975070e-01 | val 8.241255e-01 |   1.320 s | best 8.241255e-01 @34 *
epoch   35 | train 7.962133e-01 | val 8.193643e-01 |   1.324 s | best 8.193643e-01 @35 *
epoch   36 | train 8.002260e-01 | val 8.139538e-01 |   1.319 s | best 8.139538e-01 @36 *
epoch   37 | train 7.901890e-01 | val 8.101119e-01 |   1.334 s | best 8.101119e-01 @37 *
epoch   38 | train 7.926089e-01 | val 8.072868e-01 |   1.328 s | best 8.072868e-01 @38 *
epoch   39 | train 7.901647e-01 | val 8.050029e-01 |   1.318 s | best 8.050029e-01 @39 *
epoch   40 | train 7.912541e-01 | val 8.029461e-01 |   1.317 s | best 8.029461e-01 @40 *
epoch   41 | train 7.910128e-01 | val 8.012390e-01 |   1.323 s | best 8.012390e-01 @41 *
epoch   42 | train 7.904891e-01 | val 8.003091e-01 |   1.318 s | best 8.003091e-01 @42 *
epoch   43 | train 7.891569e-01 | val 7.991732e-01 |   1.318 s | best 7.991732e-01 @43 *
epoch   44 | train 7.905426e-01 | val 7.981014e-01 |   1.316 s | best 7.981014e-01 @44 *
epoch   45 | train 7.891959e-01 | val 7.973020e-01 |   1.325 s | best 7.973020e-01 @45 *
epoch   46 | train 7.945489e-01 | val 7.963929e-01 |   1.318 s | best 7.963929e-01 @46 *
epoch   47 | train 7.902167e-01 | val 7.956544e-01 |   1.319 s | best 7.956544e-01 @47 *
epoch   48 | train 7.928240e-01 | val 7.949154e-01 |   1.322 s | best 7.949154e-01 @48 *
epoch   49 | train 7.880309e-01 | val 7.940460e-01 |   1.316 s | best 7.940460e-01 @49 *
epoch   50 | train 7.876333e-01 | val 7.931561e-01 |   1.318 s | best 7.931561e-01 @50 *
epoch   51 | train 7.798608e-01 | val 7.921358e-01 |   1.317 s | best 7.921358e-01 @51 *
epoch   52 | train 7.864621e-01 | val 7.911732e-01 |   1.326 s | best 7.911732e-01 @52 *
epoch   53 | train 7.858218e-01 | val 7.901811e-01 |   1.342 s | best 7.901811e-01 @53 *
epoch   54 | train 7.836136e-01 | val 7.891796e-01 |   1.327 s | best 7.891796e-01 @54 *
epoch   55 | train 7.890570e-01 | val 7.882203e-01 |   1.348 s | best 7.882203e-01 @55 *
epoch   56 | train 7.914752e-01 | val 7.872935e-01 |   1.313 s | best 7.872935e-01 @56 *
epoch   57 | train 7.872947e-01 | val 7.864306e-01 |   1.344 s | best 7.864306e-01 @57 *
epoch   58 | train 7.873891e-01 | val 7.855902e-01 |   1.420 s | best 7.855902e-01 @58 *
epoch   59 | train 7.900982e-01 | val 7.848127e-01 |   1.152 s | best 7.848127e-01 @59 *
epoch   60 | train 7.933883e-01 | val 7.840913e-01 |   1.405 s | best 7.840913e-01 @60 *
epoch   61 | train 7.856512e-01 | val 7.834020e-01 |   1.363 s | best 7.834020e-01 @61 *
epoch   62 | train 7.875734e-01 | val 7.827467e-01 |   1.412 s | best 7.827467e-01 @62 *
epoch   63 | train 7.894913e-01 | val 7.821391e-01 |   1.359 s | best 7.821391e-01 @63 *
epoch   64 | train 7.886404e-01 | val 7.815718e-01 |   1.380 s | best 7.815718e-01 @64 *
epoch   65 | train 7.893673e-01 | val 7.810662e-01 |   1.318 s | best 7.810662e-01 @65 *
epoch   66 | train 7.911019e-01 | val 7.806004e-01 |   0.439 s | best 7.806004e-01 @66 *
epoch   67 | train 7.925302e-01 | val 7.801657e-01 |   0.862 s | best 7.801657e-01 @67 *
epoch   68 | train 7.872843e-01 | val 7.797299e-01 |   1.355 s | best 7.797299e-01 @68 *
epoch   69 | train 7.855288e-01 | val 7.793322e-01 |   1.363 s | best 7.793322e-01 @69 *
epoch   70 | train 7.891905e-01 | val 7.789677e-01 |   1.356 s | best 7.789677e-01 @70 *
epoch   71 | train 7.895449e-01 | val 7.786181e-01 |   1.359 s | best 7.786181e-01 @71 *
epoch   72 | train 7.875974e-01 | val 7.782865e-01 |   1.355 s | best 7.782865e-01 @72 *
epoch   73 | train 7.850700e-01 | val 7.779779e-01 |   1.357 s | best 7.779779e-01 @73 *
epoch   74 | train 7.925207e-01 | val 7.776869e-01 |   1.350 s | best 7.776869e-01 @74 *
epoch   75 | train 7.870496e-01 | val 7.774184e-01 |   1.356 s | best 7.774184e-01 @75 *
epoch   76 | train 7.856285e-01 | val 7.771723e-01 |   1.357 s | best 7.771723e-01 @76 *
epoch   77 | train 7.863121e-01 | val 7.769255e-01 |   1.356 s | best 7.769255e-01 @77 *
epoch   78 | train 7.830554e-01 | val 7.766908e-01 |   1.355 s | best 7.766908e-01 @78 *
epoch   79 | train 7.867697e-01 | val 7.764854e-01 |   1.355 s | best 7.764854e-01 @79 *
epoch   80 | train 7.830014e-01 | val 7.762951e-01 |   1.354 s | best 7.762951e-01 @80 *
epoch   81 | train 7.850014e-01 | val 7.761084e-01 |   1.359 s | best 7.761084e-01 @81 *
epoch   82 | train 7.834791e-01 | val 7.759255e-01 |   1.355 s | best 7.759255e-01 @82 *
epoch   83 | train 7.829478e-01 | val 7.757733e-01 |   1.358 s | best 7.757733e-01 @83 *
epoch   84 | train 7.786586e-01 | val 7.756177e-01 |   1.356 s | best 7.756177e-01 @84 *
epoch   85 | train 7.830848e-01 | val 7.754523e-01 |   1.366 s | best 7.754523e-01 @85 *
epoch   86 | train 7.809713e-01 | val 7.753129e-01 |   1.364 s | best 7.753129e-01 @86 *
epoch   87 | train 7.768964e-01 | val 7.751730e-01 |   1.367 s | best 7.751730e-01 @87 *
epoch   88 | train 7.823189e-01 | val 7.750415e-01 |   1.362 s | best 7.750415e-01 @88 *
epoch   89 | train 7.791624e-01 | val 7.749145e-01 |   1.359 s | best 7.749145e-01 @89 *
epoch   90 | train 7.774741e-01 | val 7.747871e-01 |   1.365 s | best 7.747871e-01 @90 *
epoch   91 | train 7.760871e-01 | val 7.746477e-01 |   1.360 s | best 7.746477e-01 @91 *
epoch   92 | train 7.757458e-01 | val 7.745004e-01 |   1.363 s | best 7.745004e-01 @92 *
epoch   93 | train 7.738022e-01 | val 7.743453e-01 |   1.365 s | best 7.743453e-01 @93 *
epoch   94 | train 7.709924e-01 | val 7.741745e-01 |   1.369 s | best 7.741745e-01 @94 *
epoch   95 | train 7.812829e-01 | val 7.739910e-01 |   1.370 s | best 7.739910e-01 @95 *
epoch   96 | train 7.693752e-01 | val 7.738014e-01 |   1.366 s | best 7.738014e-01 @96 *
epoch   97 | train 7.732071e-01 | val 7.735905e-01 |   1.366 s | best 7.735905e-01 @97 *
epoch   98 | train 7.681038e-01 | val 7.733667e-01 |   1.363 s | best 7.733667e-01 @98 *
epoch   99 | train 7.689487e-01 | val 7.731209e-01 |   1.365 s | best 7.731209e-01 @99 *
epoch  100 | train 7.675802e-01 | val 7.728555e-01 |   1.362 s | best 7.728555e-01 @100 *
epoch  101 | train 7.734489e-01 | val 7.725846e-01 |   1.363 s | best 7.725846e-01 @101 *
epoch  102 | train 7.715612e-01 | val 7.722900e-01 |   1.361 s | best 7.722900e-01 @102 *
epoch  103 | train 7.725067e-01 | val 7.719790e-01 |   1.362 s | best 7.719790e-01 @103 *
epoch  104 | train 7.657743e-01 | val 7.716528e-01 |   1.360 s | best 7.716528e-01 @104 *
epoch  105 | train 7.713282e-01 | val 7.713063e-01 |   1.364 s | best 7.713063e-01 @105 *
epoch  106 | train 7.646788e-01 | val 7.709301e-01 |   1.368 s | best 7.709301e-01 @106 *
epoch  107 | train 7.715617e-01 | val 7.705458e-01 |   1.365 s | best 7.705458e-01 @107 *
epoch  108 | train 7.714623e-01 | val 7.701443e-01 |   1.369 s | best 7.701443e-01 @108 *
epoch  109 | train 7.664988e-01 | val 7.697367e-01 |   1.364 s | best 7.697367e-01 @109 *
epoch  110 | train 7.650530e-01 | val 7.693095e-01 |   1.363 s | best 7.693095e-01 @110 *
epoch  111 | train 7.682736e-01 | val 7.688698e-01 |   1.364 s | best 7.688698e-01 @111 *
epoch  112 | train 7.593185e-01 | val 7.684246e-01 |   1.369 s | best 7.684246e-01 @112 *
epoch  113 | train 7.686320e-01 | val 7.679533e-01 |   1.368 s | best 7.679533e-01 @113 *
epoch  114 | train 7.674013e-01 | val 7.674735e-01 |   1.367 s | best 7.674735e-01 @114 *
epoch  115 | train 7.628701e-01 | val 7.669760e-01 |   1.366 s | best 7.669760e-01 @115 *
epoch  116 | train 7.652458e-01 | val 7.664587e-01 |   1.363 s | best 7.664587e-01 @116 *
epoch  117 | train 7.634684e-01 | val 7.659467e-01 |   1.357 s | best 7.659467e-01 @117 *
epoch  118 | train 7.612927e-01 | val 7.654247e-01 |   1.357 s | best 7.654247e-01 @118 *
epoch  119 | train 7.656021e-01 | val 7.648978e-01 |   1.381 s | best 7.648978e-01 @119 *
epoch  120 | train 7.647683e-01 | val 7.643690e-01 |   1.363 s | best 7.643690e-01 @120 *
epoch  121 | train 7.648898e-01 | val 7.638330e-01 |   1.359 s | best 7.638330e-01 @121 *
epoch  122 | train 7.593406e-01 | val 7.632881e-01 |   1.363 s | best 7.632881e-01 @122 *
epoch  123 | train 7.673114e-01 | val 7.627435e-01 |   1.359 s | best 7.627435e-01 @123 *
epoch  124 | train 7.653974e-01 | val 7.622018e-01 |   1.361 s | best 7.622018e-01 @124 *
epoch  125 | train 7.629281e-01 | val 7.616611e-01 |   1.362 s | best 7.616611e-01 @125 *
epoch  126 | train 7.578520e-01 | val 7.611126e-01 |   1.357 s | best 7.611126e-01 @126 *
epoch  127 | train 7.650387e-01 | val 7.605679e-01 |   1.359 s | best 7.605679e-01 @127 *
epoch  128 | train 7.622645e-01 | val 7.600192e-01 |   1.365 s | best 7.600192e-01 @128 *
epoch  129 | train 7.598368e-01 | val 7.594872e-01 |   1.390 s | best 7.594872e-01 @129 *
epoch  130 | train 7.629108e-01 | val 7.589647e-01 |   1.383 s | best 7.589647e-01 @130 *
epoch  131 | train 7.633150e-01 | val 7.584367e-01 |   1.409 s | best 7.584367e-01 @131 *
epoch  132 | train 7.661881e-01 | val 7.579429e-01 |   1.405 s | best 7.579429e-01 @132 *
epoch  133 | train 7.590310e-01 | val 7.574536e-01 |   1.398 s | best 7.574536e-01 @133 *
epoch  134 | train 7.606014e-01 | val 7.569702e-01 |   1.224 s | best 7.569702e-01 @134 *
epoch  135 | train 7.623867e-01 | val 7.564777e-01 |   0.433 s | best 7.564777e-01 @135 *
epoch  136 | train 7.602543e-01 | val 7.559982e-01 |   0.443 s | best 7.559982e-01 @136 *
epoch  137 | train 7.617226e-01 | val 7.555315e-01 |   0.448 s | best 7.555315e-01 @137 *
epoch  138 | train 7.600695e-01 | val 7.550855e-01 |   0.407 s | best 7.550855e-01 @138 *
epoch  139 | train 7.632129e-01 | val 7.546517e-01 |   0.350 s | best 7.546517e-01 @139 *
epoch  140 | train 7.632337e-01 | val 7.542413e-01 |   0.351 s | best 7.542413e-01 @140 *
epoch  141 | train 7.635600e-01 | val 7.538360e-01 |   0.349 s | best 7.538360e-01 @141 *
epoch  142 | train 7.615668e-01 | val 7.534468e-01 |   0.356 s | best 7.534468e-01 @142 *
epoch  143 | train 7.574147e-01 | val 7.530509e-01 |   0.351 s | best 7.530509e-01 @143 *
epoch  144 | train 7.589584e-01 | val 7.526767e-01 |   0.351 s | best 7.526767e-01 @144 *
epoch  145 | train 7.576717e-01 | val 7.523209e-01 |   0.351 s | best 7.523209e-01 @145 *
epoch  146 | train 7.614319e-01 | val 7.519864e-01 |   0.355 s | best 7.519864e-01 @146 *
epoch  147 | train 7.565727e-01 | val 7.516454e-01 |   0.349 s | best 7.516454e-01 @147 *
epoch  148 | train 7.634143e-01 | val 7.513199e-01 |   0.352 s | best 7.513199e-01 @148 *
epoch  149 | train 7.607465e-01 | val 7.510024e-01 |   0.351 s | best 7.510024e-01 @149 *
epoch  150 | train 7.609407e-01 | val 7.506942e-01 |   0.350 s | best 7.506942e-01 @150 *
epoch  151 | train 7.599429e-01 | val 7.504018e-01 |   0.357 s | best 7.504018e-01 @151 *
epoch  152 | train 7.599194e-01 | val 7.501162e-01 |   0.351 s | best 7.501162e-01 @152 *
epoch  153 | train 7.622609e-01 | val 7.498432e-01 |   0.349 s | best 7.498432e-01 @153 *
epoch  154 | train 7.606460e-01 | val 7.495844e-01 |   0.352 s | best 7.495844e-01 @154 *
epoch  155 | train 7.631921e-01 | val 7.493301e-01 |   0.356 s | best 7.493301e-01 @155 *
epoch  156 | train 7.622707e-01 | val 7.490894e-01 |   0.353 s | best 7.490894e-01 @156 *
epoch  157 | train 7.607075e-01 | val 7.488677e-01 |   0.351 s | best 7.488677e-01 @157 *
epoch  158 | train 7.576971e-01 | val 7.486432e-01 |   0.351 s | best 7.486432e-01 @158 *
epoch  159 | train 7.592354e-01 | val 7.484275e-01 |   0.349 s | best 7.484275e-01 @159 *
epoch  160 | train 7.580836e-01 | val 7.482187e-01 |   0.357 s | best 7.482187e-01 @160 *
epoch  161 | train 7.642012e-01 | val 7.480033e-01 |   0.351 s | best 7.480033e-01 @161 *
epoch  162 | train 7.599825e-01 | val 7.477816e-01 |   0.351 s | best 7.477816e-01 @162 *
epoch  163 | train 7.564808e-01 | val 7.475933e-01 |   0.351 s | best 7.475933e-01 @163 *
epoch  164 | train 7.572854e-01 | val 7.474099e-01 |   0.355 s | best 7.474099e-01 @164 *
epoch  165 | train 7.628350e-01 | val 7.472246e-01 |   0.351 s | best 7.472246e-01 @165 *
epoch  166 | train 7.581530e-01 | val 7.470472e-01 |   0.349 s | best 7.470472e-01 @166 *
epoch  167 | train 7.533868e-01 | val 7.468721e-01 |   0.351 s | best 7.468721e-01 @167 *
epoch  168 | train 7.615208e-01 | val 7.467167e-01 |   0.352 s | best 7.467167e-01 @168 *
epoch  169 | train 7.607510e-01 | val 7.465607e-01 |   0.353 s | best 7.465607e-01 @169 *
epoch  170 | train 7.591842e-01 | val 7.464123e-01 |   0.353 s | best 7.464123e-01 @170 *
epoch  171 | train 7.574470e-01 | val 7.462593e-01 |   0.352 s | best 7.462593e-01 @171 *
epoch  172 | train 7.580568e-01 | val 7.461096e-01 |   0.349 s | best 7.461096e-01 @172 *
epoch  173 | train 7.591188e-01 | val 7.459762e-01 |   0.356 s | best 7.459762e-01 @173 *
epoch  174 | train 7.581259e-01 | val 7.458512e-01 |   0.353 s | best 7.458512e-01 @174 *
epoch  175 | train 7.632377e-01 | val 7.457322e-01 |   0.353 s | best 7.457322e-01 @175 *
epoch  176 | train 7.578996e-01 | val 7.456253e-01 |   0.351 s | best 7.456253e-01 @176 *
epoch  177 | train 7.583238e-01 | val 7.455180e-01 |   0.358 s | best 7.455180e-01 @177 *
epoch  178 | train 7.577050e-01 | val 7.454251e-01 |   0.351 s | best 7.454251e-01 @178 *
epoch  179 | train 7.604027e-01 | val 7.453293e-01 |   0.352 s | best 7.453293e-01 @179 *
epoch  180 | train 7.600935e-01 | val 7.452295e-01 |   0.352 s | best 7.452295e-01 @180 *
epoch  181 | train 7.622016e-01 | val 7.451401e-01 |   0.352 s | best 7.451401e-01 @181 *
epoch  182 | train 7.533250e-01 | val 7.450324e-01 |   0.356 s | best 7.450324e-01 @182 *
epoch  183 | train 7.607848e-01 | val 7.449384e-01 |   0.353 s | best 7.449384e-01 @183 *
epoch  184 | train 7.609459e-01 | val 7.448417e-01 |   1.252 s | best 7.448417e-01 @184 *
epoch  185 | train 7.603176e-01 | val 7.447312e-01 |   1.315 s | best 7.447312e-01 @185 *
epoch  186 | train 7.546699e-01 | val 7.446284e-01 |   1.320 s | best 7.446284e-01 @186 *
epoch  187 | train 7.564443e-01 | val 7.445369e-01 |   1.317 s | best 7.445369e-01 @187 *
epoch  188 | train 7.602970e-01 | val 7.444500e-01 |   1.319 s | best 7.444500e-01 @188 *
epoch  189 | train 7.575055e-01 | val 7.443708e-01 |   1.319 s | best 7.443708e-01 @189 *
epoch  190 | train 7.555146e-01 | val 7.442952e-01 |   1.321 s | best 7.442952e-01 @190 *
epoch  191 | train 7.581653e-01 | val 7.442196e-01 |   1.324 s | best 7.442196e-01 @191 *
epoch  192 | train 7.537987e-01 | val 7.441338e-01 |   1.321 s | best 7.441338e-01 @192 *
epoch  193 | train 7.612234e-01 | val 7.440498e-01 |   1.320 s | best 7.440498e-01 @193 *
epoch  194 | train 7.525396e-01 | val 7.439857e-01 |   1.320 s | best 7.439857e-01 @194 *
epoch  195 | train 7.587178e-01 | val 7.439156e-01 |   1.323 s | best 7.439156e-01 @195 *
epoch  196 | train 7.536720e-01 | val 7.438412e-01 |   1.379 s | best 7.438412e-01 @196 *
epoch  197 | train 7.586016e-01 | val 7.437696e-01 |   1.356 s | best 7.437696e-01 @197 *
epoch  198 | train 7.553770e-01 | val 7.436849e-01 |   1.357 s | best 7.436849e-01 @198 *
epoch  199 | train 7.592456e-01 | val 7.436213e-01 |   1.355 s | best 7.436213e-01 @199 *
epoch  200 | train 7.625800e-01 | val 7.435470e-01 |   1.358 s | best 7.435470e-01 @200 *
epoch  201 | train 7.516293e-01 | val 7.434821e-01 |   1.357 s | best 7.434821e-01 @201 *
epoch  202 | train 7.566719e-01 | val 7.434078e-01 |   1.358 s | best 7.434078e-01 @202 *
epoch  203 | train 7.546340e-01 | val 7.433299e-01 |   1.357 s | best 7.433299e-01 @203 *
epoch  204 | train 7.594183e-01 | val 7.432454e-01 |   1.355 s | best 7.432454e-01 @204 *
epoch  205 | train 7.565887e-01 | val 7.431722e-01 |   1.357 s | best 7.431722e-01 @205 *
epoch  206 | train 7.546978e-01 | val 7.431001e-01 |   1.347 s | best 7.431001e-01 @206 *
epoch  207 | train 7.565941e-01 | val 7.430148e-01 |   1.338 s | best 7.430148e-01 @207 *
epoch  208 | train 7.562217e-01 | val 7.429242e-01 |   1.320 s | best 7.429242e-01 @208 *
epoch  209 | train 7.574151e-01 | val 7.428433e-01 |   1.339 s | best 7.428433e-01 @209 *
epoch  210 | train 7.570358e-01 | val 7.427756e-01 |   1.322 s | best 7.427756e-01 @210 *
epoch  211 | train 7.519962e-01 | val 7.427015e-01 |   1.331 s | best 7.427015e-01 @211 *
epoch  212 | train 7.612589e-01 | val 7.426168e-01 |   1.339 s | best 7.426168e-01 @212 *
epoch  213 | train 7.559045e-01 | val 7.425447e-01 |   1.321 s | best 7.425447e-01 @213 *
epoch  214 | train 7.571583e-01 | val 7.424641e-01 |   1.342 s | best 7.424641e-01 @214 *
epoch  215 | train 7.518122e-01 | val 7.423766e-01 |   1.324 s | best 7.423766e-01 @215 *
epoch  216 | train 7.561232e-01 | val 7.422897e-01 |   1.331 s | best 7.422897e-01 @216 *
epoch  217 | train 7.563208e-01 | val 7.422016e-01 |   1.343 s | best 7.422016e-01 @217 *
epoch  218 | train 7.516724e-01 | val 7.421112e-01 |   1.323 s | best 7.421112e-01 @218 *
epoch  219 | train 7.554411e-01 | val 7.420231e-01 |   1.343 s | best 7.420231e-01 @219 *
epoch  220 | train 7.536396e-01 | val 7.419439e-01 |   1.326 s | best 7.419439e-01 @220 *
epoch  221 | train 7.605700e-01 | val 7.418592e-01 |   1.330 s | best 7.418592e-01 @221 *
epoch  222 | train 7.545770e-01 | val 7.417780e-01 |   1.342 s | best 7.417780e-01 @222 *
epoch  223 | train 7.547970e-01 | val 7.417147e-01 |   1.318 s | best 7.417147e-01 @223 *
epoch  224 | train 7.556854e-01 | val 7.416359e-01 |   1.345 s | best 7.416359e-01 @224 *
epoch  225 | train 7.556497e-01 | val 7.415615e-01 |   1.333 s | best 7.415615e-01 @225 *
epoch  226 | train 7.537256e-01 | val 7.414761e-01 |   1.329 s | best 7.414761e-01 @226 *
epoch  227 | train 7.528257e-01 | val 7.414054e-01 |   1.343 s | best 7.414054e-01 @227 *
epoch  228 | train 7.509555e-01 | val 7.413259e-01 |   1.321 s | best 7.413259e-01 @228 *
epoch  229 | train 7.544746e-01 | val 7.412464e-01 |   1.343 s | best 7.412464e-01 @229 *
epoch  230 | train 7.532993e-01 | val 7.411659e-01 |   1.333 s | best 7.411659e-01 @230 *
epoch  231 | train 7.474496e-01 | val 7.410795e-01 |   1.325 s | best 7.410795e-01 @231 *
epoch  232 | train 7.548444e-01 | val 7.409919e-01 |   1.344 s | best 7.409919e-01 @232 *
epoch  233 | train 7.528453e-01 | val 7.409018e-01 |   1.317 s | best 7.409018e-01 @233 *
epoch  234 | train 7.562443e-01 | val 7.408180e-01 |   1.345 s | best 7.408180e-01 @234 *
epoch  235 | train 7.604069e-01 | val 7.407407e-01 |   1.335 s | best 7.407407e-01 @235 *
epoch  236 | train 7.533794e-01 | val 7.406707e-01 |   1.323 s | best 7.406707e-01 @236 *
epoch  237 | train 7.542929e-01 | val 7.405987e-01 |   1.345 s | best 7.405987e-01 @237 *
epoch  238 | train 7.520672e-01 | val 7.405218e-01 |   1.320 s | best 7.405218e-01 @238 *
epoch  239 | train 7.511353e-01 | val 7.404461e-01 |   1.365 s | best 7.404461e-01 @239 *
epoch  240 | train 7.573200e-01 | val 7.403762e-01 |   1.380 s | best 7.403762e-01 @240 *
epoch  241 | train 7.544674e-01 | val 7.403083e-01 |   1.357 s | best 7.403083e-01 @241 *
epoch  242 | train 7.548509e-01 | val 7.402399e-01 |   1.357 s | best 7.402399e-01 @242 *
epoch  243 | train 7.524187e-01 | val 7.401699e-01 |   1.355 s | best 7.401699e-01 @243 *
epoch  244 | train 7.566819e-01 | val 7.401009e-01 |   1.356 s | best 7.401009e-01 @244 *
epoch  245 | train 7.537055e-01 | val 7.400278e-01 |   1.357 s | best 7.400278e-01 @245 *
epoch  246 | train 7.483717e-01 | val 7.399604e-01 |   1.353 s | best 7.399604e-01 @246 *
epoch  247 | train 7.521653e-01 | val 7.398853e-01 |   1.358 s | best 7.398853e-01 @247 *
epoch  248 | train 7.485652e-01 | val 7.398090e-01 |   1.357 s | best 7.398090e-01 @248 *
epoch  249 | train 7.507029e-01 | val 7.397302e-01 |   1.358 s | best 7.397302e-01 @249 *
epoch  250 | train 7.518187e-01 | val 7.396454e-01 |   1.359 s | best 7.396454e-01 @250 *
epoch  251 | train 7.497211e-01 | val 7.395670e-01 |   1.357 s | best 7.395670e-01 @251 *
epoch  252 | train 7.501723e-01 | val 7.395105e-01 |   1.357 s | best 7.395105e-01 @252 *
epoch  253 | train 7.516816e-01 | val 7.394425e-01 |   1.356 s | best 7.394425e-01 @253 *
epoch  254 | train 7.592395e-01 | val 7.393640e-01 |   1.359 s | best 7.393640e-01 @254 *
epoch  255 | train 7.470730e-01 | val 7.392869e-01 |   1.358 s | best 7.392869e-01 @255 *
epoch  256 | train 7.544528e-01 | val 7.392155e-01 |   1.358 s | best 7.392155e-01 @256 *
epoch  257 | train 7.526160e-01 | val 7.391402e-01 |   1.356 s | best 7.391402e-01 @257 *
epoch  258 | train 7.549715e-01 | val 7.390664e-01 |   1.356 s | best 7.390664e-01 @258 *
epoch  259 | train 7.536627e-01 | val 7.389853e-01 |   1.357 s | best 7.389853e-01 @259 *
epoch  260 | train 7.521758e-01 | val 7.389004e-01 |   1.356 s | best 7.389004e-01 @260 *
epoch  261 | train 7.502967e-01 | val 7.388167e-01 |   1.361 s | best 7.388167e-01 @261 *
epoch  262 | train 7.557609e-01 | val 7.387384e-01 |   1.360 s | best 7.387384e-01 @262 *
epoch  263 | train 7.517317e-01 | val 7.386742e-01 |   1.360 s | best 7.386742e-01 @263 *
epoch  264 | train 7.513532e-01 | val 7.386152e-01 |   1.357 s | best 7.386152e-01 @264 *
epoch  265 | train 7.554503e-01 | val 7.385539e-01 |   1.358 s | best 7.385539e-01 @265 *
epoch  266 | train 7.553549e-01 | val 7.384971e-01 |   1.357 s | best 7.384971e-01 @266 *
epoch  267 | train 7.531313e-01 | val 7.384406e-01 |   1.359 s | best 7.384406e-01 @267 *
epoch  268 | train 7.542000e-01 | val 7.383755e-01 |   1.359 s | best 7.383755e-01 @268 *
epoch  269 | train 7.455239e-01 | val 7.383189e-01 |   1.361 s | best 7.383189e-01 @269 *
epoch  270 | train 7.495628e-01 | val 7.382560e-01 |   1.359 s | best 7.382560e-01 @270 *
epoch  271 | train 7.514697e-01 | val 7.382011e-01 |   1.358 s | best 7.382011e-01 @271 *
epoch  272 | train 7.497982e-01 | val 7.381420e-01 |   1.358 s | best 7.381420e-01 @272 *
epoch  273 | train 7.506353e-01 | val 7.380838e-01 |   1.362 s | best 7.380838e-01 @273 *
epoch  274 | train 7.435939e-01 | val 7.380126e-01 |   1.360 s | best 7.380126e-01 @274 *
epoch  275 | train 7.467772e-01 | val 7.379391e-01 |   1.357 s | best 7.379391e-01 @275 *
epoch  276 | train 7.513387e-01 | val 7.378741e-01 |   1.359 s | best 7.378741e-01 @276 *
epoch  277 | train 7.482623e-01 | val 7.378151e-01 |   1.360 s | best 7.378151e-01 @277 *
epoch  278 | train 7.493604e-01 | val 7.377411e-01 |   1.359 s | best 7.377411e-01 @278 *
epoch  279 | train 7.523069e-01 | val 7.376814e-01 |   1.359 s | best 7.376814e-01 @279 *
epoch  280 | train 7.510326e-01 | val 7.376311e-01 |   1.359 s | best 7.376311e-01 @280 *
epoch  281 | train 7.509314e-01 | val 7.375696e-01 |   1.357 s | best 7.375696e-01 @281 *
epoch  282 | train 7.522021e-01 | val 7.375048e-01 |   1.358 s | best 7.375048e-01 @282 *
epoch  283 | train 7.512364e-01 | val 7.374414e-01 |   1.359 s | best 7.374414e-01 @283 *
epoch  284 | train 7.536679e-01 | val 7.373882e-01 |   1.357 s | best 7.373882e-01 @284 *
epoch  285 | train 7.485267e-01 | val 7.373419e-01 |   1.362 s | best 7.373419e-01 @285 *
epoch  286 | train 7.521262e-01 | val 7.372748e-01 |   1.358 s | best 7.372748e-01 @286 *
epoch  287 | train 7.519582e-01 | val 7.372109e-01 |   1.360 s | best 7.372109e-01 @287 *
epoch  288 | train 7.483112e-01 | val 7.371518e-01 |   1.338 s | best 7.371518e-01 @288 *
epoch  289 | train 7.528468e-01 | val 7.370805e-01 |   1.329 s | best 7.370805e-01 @289 *
epoch  290 | train 7.507047e-01 | val 7.370207e-01 |   1.327 s | best 7.370207e-01 @290 *
epoch  291 | train 7.501707e-01 | val 7.369584e-01 |   1.320 s | best 7.369584e-01 @291 *
epoch  292 | train 7.551229e-01 | val 7.369072e-01 |   1.329 s | best 7.369072e-01 @292 *
epoch  293 | train 7.502493e-01 | val 7.368496e-01 |   1.329 s | best 7.368496e-01 @293 *
epoch  294 | train 7.507240e-01 | val 7.368016e-01 |   1.331 s | best 7.368016e-01 @294 *
epoch  295 | train 7.507116e-01 | val 7.367406e-01 |   1.264 s | best 7.367406e-01 @295 *
epoch  296 | train 7.532216e-01 | val 7.366830e-01 |   1.245 s | best 7.366830e-01 @296 *
epoch  297 | train 7.465348e-01 | val 7.366199e-01 |   1.326 s | best 7.366199e-01 @297 *
epoch  298 | train 7.467451e-01 | val 7.365676e-01 |   1.322 s | best 7.365676e-01 @298 *
epoch  299 | train 7.515776e-01 | val 7.365119e-01 |   1.321 s | best 7.365119e-01 @299 *
epoch  300 | train 7.529186e-01 | val 7.364653e-01 |   1.327 s | best 7.364653e-01 @300 *
epoch  301 | train 7.498895e-01 | val 7.364103e-01 |   1.325 s | best 7.364103e-01 @301 *
epoch  302 | train 7.490518e-01 | val 7.363595e-01 |   1.323 s | best 7.363595e-01 @302 *
epoch  303 | train 7.535148e-01 | val 7.363060e-01 |   1.322 s | best 7.363060e-01 @303 *
epoch  304 | train 7.498658e-01 | val 7.362498e-01 |   1.319 s | best 7.362498e-01 @304 *
epoch  305 | train 7.531183e-01 | val 7.362217e-01 |   1.320 s | best 7.362217e-01 @305 *
epoch  306 | train 7.500637e-01 | val 7.361867e-01 |   1.320 s | best 7.361867e-01 @306 *
epoch  307 | train 7.476842e-01 | val 7.361519e-01 |   1.321 s | best 7.361519e-01 @307 *
epoch  308 | train 7.497898e-01 | val 7.361161e-01 |   1.321 s | best 7.361161e-01 @308 *
epoch  309 | train 7.430359e-01 | val 7.360765e-01 |   1.324 s | best 7.360765e-01 @309 *
epoch  310 | train 7.463534e-01 | val 7.360258e-01 |   1.320 s | best 7.360258e-01 @310 *
epoch  311 | train 7.491107e-01 | val 7.359934e-01 |   1.320 s | best 7.359934e-01 @311 *
epoch  312 | train 7.511497e-01 | val 7.359556e-01 |   1.320 s | best 7.359556e-01 @312 *
epoch  313 | train 7.505160e-01 | val 7.359099e-01 |   1.321 s | best 7.359099e-01 @313 *
epoch  314 | train 7.487555e-01 | val 7.358707e-01 |   1.320 s | best 7.358707e-01 @314 *
epoch  315 | train 7.545729e-01 | val 7.358297e-01 |   1.334 s | best 7.358297e-01 @315 *
epoch  316 | train 7.496889e-01 | val 7.357984e-01 |   1.326 s | best 7.357984e-01 @316 *
epoch  317 | train 7.504484e-01 | val 7.357717e-01 |   1.324 s | best 7.357717e-01 @317 *
epoch  318 | train 7.492773e-01 | val 7.357320e-01 |   1.319 s | best 7.357320e-01 @318 *
epoch  319 | train 7.468015e-01 | val 7.357006e-01 |   1.324 s | best 7.357006e-01 @319 *
epoch  320 | train 7.465668e-01 | val 7.356668e-01 |   1.342 s | best 7.356668e-01 @320 *
epoch  321 | train 7.499628e-01 | val 7.356234e-01 |   1.383 s | best 7.356234e-01 @321 *
epoch  322 | train 7.520043e-01 | val 7.355998e-01 |   1.361 s | best 7.355998e-01 @322 *
epoch  323 | train 7.555873e-01 | val 7.355666e-01 |   1.363 s | best 7.355666e-01 @323 *
epoch  324 | train 7.489468e-01 | val 7.355273e-01 |   1.244 s | best 7.355273e-01 @324 *
epoch  325 | train 7.480237e-01 | val 7.354926e-01 |   0.450 s | best 7.354926e-01 @325 *
epoch  326 | train 7.471946e-01 | val 7.354625e-01 |   0.444 s | best 7.354625e-01 @326 *
epoch  327 | train 7.480783e-01 | val 7.354352e-01 |   0.451 s | best 7.354352e-01 @327 *
epoch  328 | train 7.519465e-01 | val 7.354129e-01 |   0.957 s | best 7.354129e-01 @328 *
epoch  329 | train 7.474416e-01 | val 7.353867e-01 |   1.414 s | best 7.353867e-01 @329 *
epoch  330 | train 7.492615e-01 | val 7.353655e-01 |   1.393 s | best 7.353655e-01 @330 *
epoch  331 | train 7.498380e-01 | val 7.353446e-01 |   1.431 s | best 7.353446e-01 @331 *
epoch  332 | train 7.455600e-01 | val 7.353184e-01 |   1.398 s | best 7.353184e-01 @332 *
epoch  333 | train 7.468564e-01 | val 7.352920e-01 |   1.413 s | best 7.352920e-01 @333 *
epoch  334 | train 7.498713e-01 | val 7.352600e-01 |   1.399 s | best 7.352600e-01 @334 *
epoch  335 | train 7.493856e-01 | val 7.352297e-01 |   1.414 s | best 7.352297e-01 @335 *
epoch  336 | train 7.524370e-01 | val 7.352003e-01 |   1.438 s | best 7.352003e-01 @336 *
epoch  337 | train 7.495187e-01 | val 7.351716e-01 |   1.430 s | best 7.351716e-01 @337 *
epoch  338 | train 7.522186e-01 | val 7.351328e-01 |   1.451 s | best 7.351328e-01 @338 *
epoch  339 | train 7.531433e-01 | val 7.350974e-01 |   1.403 s | best 7.350974e-01 @339 *
epoch  340 | train 7.471781e-01 | val 7.350550e-01 |   1.410 s | best 7.350550e-01 @340 *
epoch  341 | train 7.487448e-01 | val 7.350203e-01 |   1.361 s | best 7.350203e-01 @341 *
epoch  342 | train 7.442592e-01 | val 7.349909e-01 |   1.358 s | best 7.349909e-01 @342 *
epoch  343 | train 7.477797e-01 | val 7.349533e-01 |   1.355 s | best 7.349533e-01 @343 *
epoch  344 | train 7.485132e-01 | val 7.349153e-01 |   1.359 s | best 7.349153e-01 @344 *
epoch  345 | train 7.474186e-01 | val 7.348819e-01 |   1.359 s | best 7.348819e-01 @345 *
epoch  346 | train 7.455433e-01 | val 7.348490e-01 |   1.359 s | best 7.348490e-01 @346 *
epoch  347 | train 7.445550e-01 | val 7.348189e-01 |   1.362 s | best 7.348189e-01 @347 *
epoch  348 | train 7.481654e-01 | val 7.347931e-01 |   1.360 s | best 7.347931e-01 @348 *
epoch  349 | train 7.478693e-01 | val 7.347577e-01 |   1.358 s | best 7.347577e-01 @349 *
epoch  350 | train 7.457499e-01 | val 7.347327e-01 |   1.356 s | best 7.347327e-01 @350 *
epoch  351 | train 7.451189e-01 | val 7.346896e-01 |   1.357 s | best 7.346896e-01 @351 *
epoch  352 | train 7.507930e-01 | val 7.346674e-01 |   1.357 s | best 7.346674e-01 @352 *
epoch  353 | train 7.498965e-01 | val 7.346293e-01 |   1.371 s | best 7.346293e-01 @353 *
epoch  354 | train 7.509440e-01 | val 7.345912e-01 |   1.354 s | best 7.345912e-01 @354 *
epoch  355 | train 7.472291e-01 | val 7.345568e-01 |   1.356 s | best 7.345568e-01 @355 *
epoch  356 | train 7.477069e-01 | val 7.345304e-01 |   1.353 s | best 7.345304e-01 @356 *
epoch  357 | train 7.461655e-01 | val 7.344971e-01 |   1.355 s | best 7.344971e-01 @357 *
epoch  358 | train 7.430867e-01 | val 7.344706e-01 |   1.357 s | best 7.344706e-01 @358 *
epoch  359 | train 7.492322e-01 | val 7.344323e-01 |   1.358 s | best 7.344323e-01 @359 *
epoch  360 | train 7.482997e-01 | val 7.344089e-01 |   1.371 s | best 7.344089e-01 @360 *
epoch  361 | train 7.481401e-01 | val 7.343699e-01 |   1.389 s | best 7.343699e-01 @361 *
epoch  362 | train 7.448859e-01 | val 7.343317e-01 |   1.392 s | best 7.343317e-01 @362 *
epoch  363 | train 7.471108e-01 | val 7.342995e-01 |   1.388 s | best 7.342995e-01 @363 *
epoch  364 | train 7.445795e-01 | val 7.342670e-01 |   1.399 s | best 7.342670e-01 @364 *
epoch  365 | train 7.490721e-01 | val 7.342441e-01 |   1.345 s | best 7.342441e-01 @365 *
epoch  366 | train 7.504912e-01 | val 7.342151e-01 |   1.410 s | best 7.342151e-01 @366 *
epoch  367 | train 7.466759e-01 | val 7.341986e-01 |   1.400 s | best 7.341986e-01 @367 *
epoch  368 | train 7.471881e-01 | val 7.341692e-01 |   1.400 s | best 7.341692e-01 @368 *
epoch  369 | train 7.475916e-01 | val 7.341477e-01 |   1.403 s | best 7.341477e-01 @369 *
epoch  370 | train 7.465394e-01 | val 7.341195e-01 |   1.404 s | best 7.341195e-01 @370 *
epoch  371 | train 7.451570e-01 | val 7.341000e-01 |   1.400 s | best 7.341000e-01 @371 *
epoch  372 | train 7.466562e-01 | val 7.340716e-01 |   1.406 s | best 7.340716e-01 @372 *
epoch  373 | train 7.529194e-01 | val 7.340330e-01 |   1.404 s | best 7.340330e-01 @373 *
epoch  374 | train 7.490855e-01 | val 7.339935e-01 |   1.404 s | best 7.339935e-01 @374 *
epoch  375 | train 7.477574e-01 | val 7.339643e-01 |   1.307 s | best 7.339643e-01 @375 *
epoch  376 | train 7.472298e-01 | val 7.339387e-01 |   1.318 s | best 7.339387e-01 @376 *
epoch  377 | train 7.437367e-01 | val 7.339216e-01 |   1.317 s | best 7.339216e-01 @377 *
epoch  378 | train 7.493449e-01 | val 7.339038e-01 |   1.317 s | best 7.339038e-01 @378 *
epoch  379 | train 7.439359e-01 | val 7.338927e-01 |   1.316 s | best 7.338927e-01 @379 *
epoch  380 | train 7.470968e-01 | val 7.338704e-01 |   1.321 s | best 7.338704e-01 @380 *
epoch  381 | train 7.477927e-01 | val 7.338615e-01 |   1.187 s | best 7.338615e-01 @381 *
epoch  382 | train 7.480869e-01 | val 7.338330e-01 |   1.319 s | best 7.338330e-01 @382 *
epoch  383 | train 7.496669e-01 | val 7.338145e-01 |   1.319 s | best 7.338145e-01 @383 *
epoch  384 | train 7.464493e-01 | val 7.337936e-01 |   1.319 s | best 7.337936e-01 @384 *
epoch  385 | train 7.459663e-01 | val 7.337734e-01 |   1.318 s | best 7.337734e-01 @385 *
epoch  386 | train 7.481796e-01 | val 7.337490e-01 |   1.316 s | best 7.337490e-01 @386 *
epoch  387 | train 7.469906e-01 | val 7.337235e-01 |   1.314 s | best 7.337235e-01 @387 *
epoch  388 | train 7.437005e-01 | val 7.336974e-01 |   1.316 s | best 7.336974e-01 @388 *
epoch  389 | train 7.481672e-01 | val 7.336684e-01 |   1.315 s | best 7.336684e-01 @389 *
epoch  390 | train 7.470848e-01 | val 7.336366e-01 |   1.319 s | best 7.336366e-01 @390 *
epoch  391 | train 7.463805e-01 | val 7.336124e-01 |   1.327 s | best 7.336124e-01 @391 *
epoch  392 | train 7.476428e-01 | val 7.335853e-01 |   1.398 s | best 7.335853e-01 @392 *
epoch  393 | train 7.508374e-01 | val 7.335562e-01 |   1.404 s | best 7.335562e-01 @393 *
epoch  394 | train 7.496103e-01 | val 7.335482e-01 |   1.396 s | best 7.335482e-01 @394 *
epoch  395 | train 7.468558e-01 | val 7.335277e-01 |   1.401 s | best 7.335277e-01 @395 *
epoch  396 | train 7.483386e-01 | val 7.335228e-01 |   1.392 s | best 7.335228e-01 @396 *
epoch  397 | train 7.474051e-01 | val 7.335098e-01 |   1.400 s | best 7.335098e-01 @397 *
epoch  398 | train 7.510369e-01 | val 7.334887e-01 |   1.404 s | best 7.334887e-01 @398 *
epoch  399 | train 7.434559e-01 | val 7.334661e-01 |   1.396 s | best 7.334661e-01 @399 *
epoch  400 | train 7.444514e-01 | val 7.334531e-01 |   1.406 s | best 7.334531e-01 @400 *
epoch  401 | train 7.478584e-01 | val 7.334350e-01 |   1.398 s | best 7.334350e-01 @401 *
epoch  402 | train 7.500235e-01 | val 7.334168e-01 |   1.399 s | best 7.334168e-01 @402 *
epoch  403 | train 7.430334e-01 | val 7.333976e-01 |   1.399 s | best 7.333976e-01 @403 *
epoch  404 | train 7.497011e-01 | val 7.333775e-01 |   1.391 s | best 7.333775e-01 @404 *
epoch  405 | train 7.456027e-01 | val 7.333517e-01 |   1.389 s | best 7.333517e-01 @405 *
epoch  406 | train 7.425265e-01 | val 7.333344e-01 |   1.359 s | best 7.333344e-01 @406 *
epoch  407 | train 7.472390e-01 | val 7.333207e-01 |   1.356 s | best 7.333207e-01 @407 *
epoch  408 | train 7.498426e-01 | val 7.333190e-01 |   1.354 s | best 7.333190e-01 @408 *
epoch  409 | train 7.499101e-01 | val 7.333047e-01 |   1.352 s | best 7.333047e-01 @409 *
epoch  410 | train 7.494020e-01 | val 7.332931e-01 |   1.353 s | best 7.332931e-01 @410 *
epoch  411 | train 7.475946e-01 | val 7.332833e-01 |   1.352 s | best 7.332833e-01 @411 *
epoch  412 | train 7.421230e-01 | val 7.332765e-01 |   1.357 s | best 7.332765e-01 @412 *
epoch  413 | train 7.419485e-01 | val 7.332576e-01 |   1.348 s | best 7.332576e-01 @413 *
epoch  414 | train 7.466988e-01 | val 7.332304e-01 |   1.355 s | best 7.332304e-01 @414 *
epoch  415 | train 7.447862e-01 | val 7.332148e-01 |   1.348 s | best 7.332148e-01 @415 *
epoch  416 | train 7.481640e-01 | val 7.331976e-01 |   1.355 s | best 7.331976e-01 @416 *
epoch  417 | train 7.438946e-01 | val 7.331881e-01 |   1.360 s | best 7.331881e-01 @417 *
epoch  418 | train 7.453922e-01 | val 7.331843e-01 |   1.350 s | best 7.331843e-01 @418 *
epoch  419 | train 7.398092e-01 | val 7.331707e-01 |   1.358 s | best 7.331707e-01 @419 *
epoch  420 | train 7.442943e-01 | val 7.331725e-01 |   1.351 s | best 7.331707e-01 @419
epoch  421 | train 7.458433e-01 | val 7.331674e-01 |   1.353 s | best 7.331674e-01 @421 *
epoch  422 | train 7.456274e-01 | val 7.331535e-01 |   1.354 s | best 7.331535e-01 @422 *
epoch  423 | train 7.476281e-01 | val 7.331354e-01 |   1.355 s | best 7.331354e-01 @423 *
epoch  424 | train 7.401302e-01 | val 7.331206e-01 |   1.350 s | best 7.331206e-01 @424 *
epoch  425 | train 7.433195e-01 | val 7.330988e-01 |   1.372 s | best 7.330988e-01 @425 *
epoch  426 | train 7.450484e-01 | val 7.330902e-01 |   1.356 s | best 7.330902e-01 @426 *
epoch  427 | train 7.470221e-01 | val 7.330828e-01 |   1.357 s | best 7.330828e-01 @427 *
epoch  428 | train 7.452879e-01 | val 7.330813e-01 |   1.360 s | best 7.330813e-01 @428 *
epoch  429 | train 7.440204e-01 | val 7.330747e-01 |   1.356 s | best 7.330747e-01 @429 *
epoch  430 | train 7.496666e-01 | val 7.330641e-01 |   1.360 s | best 7.330641e-01 @430 *
epoch  431 | train 7.473712e-01 | val 7.330635e-01 |   1.360 s | best 7.330635e-01 @431 *
epoch  432 | train 7.490903e-01 | val 7.330585e-01 |   1.354 s | best 7.330585e-01 @432 *
epoch  433 | train 7.458110e-01 | val 7.330486e-01 |   1.363 s | best 7.330486e-01 @433 *
epoch  434 | train 7.488985e-01 | val 7.330402e-01 |   1.362 s | best 7.330402e-01 @434 *
epoch  435 | train 7.490160e-01 | val 7.330310e-01 |   1.358 s | best 7.330310e-01 @435 *
epoch  436 | train 7.446070e-01 | val 7.330237e-01 |   1.361 s | best 7.330237e-01 @436 *
epoch  437 | train 7.432813e-01 | val 7.330140e-01 |   1.356 s | best 7.330140e-01 @437 *
epoch  438 | train 7.469818e-01 | val 7.330026e-01 |   1.360 s | best 7.330026e-01 @438 *
epoch  439 | train 7.480143e-01 | val 7.329773e-01 |   1.356 s | best 7.329773e-01 @439 *
epoch  440 | train 7.449221e-01 | val 7.329742e-01 |   1.359 s | best 7.329742e-01 @440 *
epoch  441 | train 7.441455e-01 | val 7.329557e-01 |   1.361 s | best 7.329557e-01 @441 *
epoch  442 | train 7.453602e-01 | val 7.329379e-01 |   1.360 s | best 7.329379e-01 @442 *
epoch  443 | train 7.479589e-01 | val 7.329162e-01 |   1.359 s | best 7.329162e-01 @443 *
epoch  444 | train 7.453528e-01 | val 7.329178e-01 |   1.360 s | best 7.329162e-01 @443
epoch  445 | train 7.441922e-01 | val 7.329150e-01 |   1.365 s | best 7.329150e-01 @445 *
epoch  446 | train 7.461194e-01 | val 7.328933e-01 |   1.360 s | best 7.328933e-01 @446 *
epoch  447 | train 7.474487e-01 | val 7.328693e-01 |   1.364 s | best 7.328693e-01 @447 *
epoch  448 | train 7.394858e-01 | val 7.328496e-01 |   1.360 s | best 7.328496e-01 @448 *
epoch  449 | train 7.474335e-01 | val 7.328287e-01 |   1.358 s | best 7.328287e-01 @449 *
epoch  450 | train 7.417352e-01 | val 7.328110e-01 |   1.363 s | best 7.328110e-01 @450 *
epoch  451 | train 7.460119e-01 | val 7.327965e-01 |   1.356 s | best 7.327965e-01 @451 *
epoch  452 | train 7.445761e-01 | val 7.327730e-01 |   1.363 s | best 7.327730e-01 @452 *
epoch  453 | train 7.431116e-01 | val 7.327486e-01 |   1.363 s | best 7.327486e-01 @453 *
epoch  454 | train 7.473696e-01 | val 7.327351e-01 |   1.378 s | best 7.327351e-01 @454 *
epoch  455 | train 7.512751e-01 | val 7.327241e-01 |   1.363 s | best 7.327241e-01 @455 *
epoch  456 | train 7.480958e-01 | val 7.327029e-01 |   1.358 s | best 7.327029e-01 @456 *
epoch  457 | train 7.414804e-01 | val 7.326851e-01 |   1.366 s | best 7.326851e-01 @457 *
epoch  458 | train 7.453573e-01 | val 7.326626e-01 |   1.366 s | best 7.326626e-01 @458 *
epoch  459 | train 7.431499e-01 | val 7.326397e-01 |   1.361 s | best 7.326397e-01 @459 *
epoch  460 | train 7.435447e-01 | val 7.326257e-01 |   1.363 s | best 7.326257e-01 @460 *
epoch  461 | train 7.429589e-01 | val 7.325951e-01 |   1.363 s | best 7.325951e-01 @461 *
epoch  462 | train 7.474774e-01 | val 7.325845e-01 |   1.357 s | best 7.325845e-01 @462 *
epoch  463 | train 7.508560e-01 | val 7.325646e-01 |   1.362 s | best 7.325646e-01 @463 *
epoch  464 | train 7.445761e-01 | val 7.325425e-01 |   1.361 s | best 7.325425e-01 @464 *
epoch  465 | train 7.487320e-01 | val 7.325126e-01 |   1.364 s | best 7.325126e-01 @465 *
epoch  466 | train 7.468218e-01 | val 7.324855e-01 |   1.359 s | best 7.324855e-01 @466 *
epoch  467 | train 7.450293e-01 | val 7.324644e-01 |   1.364 s | best 7.324644e-01 @467 *
epoch  468 | train 7.435475e-01 | val 7.324336e-01 |   1.359 s | best 7.324336e-01 @468 *
epoch  469 | train 7.458917e-01 | val 7.323921e-01 |   1.360 s | best 7.323921e-01 @469 *
epoch  470 | train 7.432594e-01 | val 7.323798e-01 |   1.362 s | best 7.323798e-01 @470 *
epoch  471 | train 7.371842e-01 | val 7.323583e-01 |   1.360 s | best 7.323583e-01 @471 *
epoch  472 | train 7.450831e-01 | val 7.323351e-01 |   1.364 s | best 7.323351e-01 @472 *
epoch  473 | train 7.402726e-01 | val 7.323194e-01 |   1.357 s | best 7.323194e-01 @473 *
epoch  474 | train 7.444382e-01 | val 7.322969e-01 |   1.359 s | best 7.322969e-01 @474 *
epoch  475 | train 7.439750e-01 | val 7.322801e-01 |   1.363 s | best 7.322801e-01 @475 *
epoch  476 | train 7.430393e-01 | val 7.322662e-01 |   1.358 s | best 7.322662e-01 @476 *
epoch  477 | train 7.376893e-01 | val 7.322385e-01 |   1.371 s | best 7.322385e-01 @477 *
epoch  478 | train 7.401238e-01 | val 7.322173e-01 |   1.362 s | best 7.322173e-01 @478 *
epoch  479 | train 7.471509e-01 | val 7.321967e-01 |   1.353 s | best 7.321967e-01 @479 *
epoch  480 | train 7.425576e-01 | val 7.321771e-01 |   1.359 s | best 7.321771e-01 @480 *
epoch  481 | train 7.426423e-01 | val 7.321506e-01 |   1.355 s | best 7.321506e-01 @481 *
epoch  482 | train 7.474739e-01 | val 7.321302e-01 |   1.360 s | best 7.321302e-01 @482 *
epoch  483 | train 7.413332e-01 | val 7.321163e-01 |   1.353 s | best 7.321163e-01 @483 *
epoch  484 | train 7.478766e-01 | val 7.320899e-01 |   1.353 s | best 7.320899e-01 @484 *
epoch  485 | train 7.421426e-01 | val 7.320728e-01 |   1.357 s | best 7.320728e-01 @485 *
epoch  486 | train 7.470691e-01 | val 7.320408e-01 |   1.356 s | best 7.320408e-01 @486 *
epoch  487 | train 7.409956e-01 | val 7.320042e-01 |   1.353 s | best 7.320042e-01 @487 *
epoch  488 | train 7.412402e-01 | val 7.319711e-01 |   1.351 s | best 7.319711e-01 @488 *
epoch  489 | train 7.395511e-01 | val 7.319486e-01 |   1.359 s | best 7.319486e-01 @489 *
epoch  490 | train 7.426489e-01 | val 7.319330e-01 |   1.357 s | best 7.319330e-01 @490 *
epoch  491 | train 7.427941e-01 | val 7.319254e-01 |   1.358 s | best 7.319254e-01 @491 *
epoch  492 | train 7.495997e-01 | val 7.318937e-01 |   1.357 s | best 7.318937e-01 @492 *
epoch  493 | train 7.444448e-01 | val 7.318714e-01 |   1.355 s | best 7.318714e-01 @493 *
epoch  494 | train 7.436167e-01 | val 7.318476e-01 |   1.357 s | best 7.318476e-01 @494 *
epoch  495 | train 7.407560e-01 | val 7.318133e-01 |   1.355 s | best 7.318133e-01 @495 *
epoch  496 | train 7.451880e-01 | val 7.317938e-01 |   1.353 s | best 7.317938e-01 @496 *
epoch  497 | train 7.419430e-01 | val 7.317744e-01 |   1.355 s | best 7.317744e-01 @497 *
epoch  498 | train 7.416194e-01 | val 7.317532e-01 |   1.352 s | best 7.317532e-01 @498 *
epoch  499 | train 7.434508e-01 | val 7.317437e-01 |   1.357 s | best 7.317437e-01 @499 *
epoch  500 | train 7.450336e-01 | val 7.317267e-01 |   1.358 s | best 7.317267e-01 @500 *
epoch  501 | train 7.413366e-01 | val 7.317038e-01 |   1.354 s | best 7.317038e-01 @501 *
epoch  502 | train 7.454473e-01 | val 7.316773e-01 |   1.358 s | best 7.316773e-01 @502 *
epoch  503 | train 7.414358e-01 | val 7.316480e-01 |   1.359 s | best 7.316480e-01 @503 *
epoch  504 | train 7.447926e-01 | val 7.316234e-01 |   1.356 s | best 7.316234e-01 @504 *
epoch  505 | train 7.424363e-01 | val 7.316083e-01 |   1.343 s | best 7.316083e-01 @505 *
epoch  506 | train 7.431999e-01 | val 7.315730e-01 |   1.348 s | best 7.315730e-01 @506 *
epoch  507 | train 7.417619e-01 | val 7.315720e-01 |   1.398 s | best 7.315720e-01 @507 *
epoch  508 | train 7.396757e-01 | val 7.315734e-01 |   1.399 s | best 7.315720e-01 @507
epoch  509 | train 7.382638e-01 | val 7.315592e-01 |   1.390 s | best 7.315592e-01 @509 *
epoch  510 | train 7.413504e-01 | val 7.315445e-01 |   1.400 s | best 7.315445e-01 @510 *
epoch  511 | train 7.411618e-01 | val 7.315336e-01 |   1.398 s | best 7.315336e-01 @511 *
epoch  512 | train 7.436087e-01 | val 7.315236e-01 |   1.348 s | best 7.315236e-01 @512 *
epoch  513 | train 7.433140e-01 | val 7.315120e-01 |   1.339 s | best 7.315120e-01 @513 *
epoch  514 | train 7.438068e-01 | val 7.314966e-01 |   1.341 s | best 7.314966e-01 @514 *
epoch  515 | train 7.420439e-01 | val 7.314825e-01 |   1.339 s | best 7.314825e-01 @515 *
epoch  516 | train 7.420000e-01 | val 7.314765e-01 |   1.337 s | best 7.314765e-01 @516 *
epoch  517 | train 7.389793e-01 | val 7.314559e-01 |   1.341 s | best 7.314559e-01 @517 *
epoch  518 | train 7.453248e-01 | val 7.314357e-01 |   1.332 s | best 7.314357e-01 @518 *
epoch  519 | train 7.427687e-01 | val 7.314274e-01 |   1.336 s | best 7.314274e-01 @519 *
epoch  520 | train 7.395893e-01 | val 7.314095e-01 |   1.339 s | best 7.314095e-01 @520 *
epoch  521 | train 7.428068e-01 | val 7.313976e-01 |   1.339 s | best 7.313976e-01 @521 *
epoch  522 | train 7.416362e-01 | val 7.313941e-01 |   1.336 s | best 7.313941e-01 @522 *
epoch  523 | train 7.422078e-01 | val 7.313784e-01 |   1.335 s | best 7.313784e-01 @523 *
epoch  524 | train 7.418877e-01 | val 7.313700e-01 |   1.342 s | best 7.313700e-01 @524 *
epoch  525 | train 7.437380e-01 | val 7.313551e-01 |   1.334 s | best 7.313551e-01 @525 *
epoch  526 | train 7.436416e-01 | val 7.313331e-01 |   1.335 s | best 7.313331e-01 @526 *
epoch  527 | train 7.441010e-01 | val 7.313272e-01 |   1.335 s | best 7.313272e-01 @527 *
epoch  528 | train 7.386534e-01 | val 7.313077e-01 |   1.340 s | best 7.313077e-01 @528 *
epoch  529 | train 7.420648e-01 | val 7.312929e-01 |   1.341 s | best 7.312929e-01 @529 *
epoch  530 | train 7.372282e-01 | val 7.312830e-01 |   1.335 s | best 7.312830e-01 @530 *
epoch  531 | train 7.375190e-01 | val 7.312710e-01 |   1.337 s | best 7.312710e-01 @531 *
epoch  532 | train 7.411348e-01 | val 7.312731e-01 |   1.331 s | best 7.312710e-01 @531
epoch  533 | train 7.437855e-01 | val 7.312674e-01 |   1.337 s | best 7.312674e-01 @533 *
epoch  534 | train 7.413861e-01 | val 7.312819e-01 |   1.332 s | best 7.312674e-01 @533
epoch  535 | train 7.474264e-01 | val 7.312902e-01 |   1.338 s | best 7.312674e-01 @533
epoch  536 | train 7.442821e-01 | val 7.312847e-01 |   1.331 s | best 7.312674e-01 @533
epoch  537 | train 7.425959e-01 | val 7.312984e-01 |   1.339 s | best 7.312674e-01 @533
epoch  538 | train 7.388468e-01 | val 7.313125e-01 |   1.332 s | best 7.312674e-01 @533
epoch  539 | train 7.413059e-01 | val 7.313290e-01 |   1.347 s | best 7.312674e-01 @533
epoch  540 | train 7.442816e-01 | val 7.313288e-01 |   1.304 s | best 7.312674e-01 @533
epoch  541 | train 7.393381e-01 | val 7.313262e-01 |   1.379 s | best 7.312674e-01 @533
epoch  542 | train 7.414907e-01 | val 7.313433e-01 |   1.397 s | best 7.312674e-01 @533
epoch  543 | train 7.371884e-01 | val 7.313504e-01 |   1.414 s | best 7.312674e-01 @533
epoch  544 | train 7.426926e-01 | val 7.313457e-01 |   1.425 s | best 7.312674e-01 @533
epoch  545 | train 7.411724e-01 | val 7.313416e-01 |   1.413 s | best 7.312674e-01 @533
epoch  546 | train 7.408087e-01 | val 7.313361e-01 |   1.412 s | best 7.312674e-01 @533
epoch  547 | train 7.447319e-01 | val 7.313339e-01 |   1.391 s | best 7.312674e-01 @533
epoch  548 | train 7.394160e-01 | val 7.313260e-01 |   1.394 s | best 7.312674e-01 @533
# done        : 548 epochs, stopped_by=patience, aborted=False, best val 7.312674e-01 @ epoch 533, wall 720.5 s, 1.315 s/epoch
