
# ===== 2026-09-21 04:00:39 KST  HPO attempt 723  testbed D1 prior S  Nr=8 Nt=4
# DEVICE      : cuda | cuda_available=True | NVIDIA RTX PRO 6000 Blackwell Server Edition | torch 2.14.0+cu130 | train dtype float32 (01_RULES §9.5)
# data        : n_train=9000 n_val=1000 split_hash=98d6225d67f9c15a E||H||_F^2/(NrNt)=1.000268 (04_SPEC §2)
# sigma grid  : MEASURED, 20 points, log-uniform draw over [3.2936e-02, 7.9084e-01]
# hp          : {'arch': 'unet', 'param': 'vp', 'domain': 'angle', 'lr': 0.0016184825532833075, 'ema': 0.99, 'batch': 256, 'emb': 256, 'width': 32, 'depth': 7}  params=1285538
# stopping    : patience 15 on val loss, never before 0 epochs, max 600 (01_RULES §5)
epoch    1 | train 8.551103e-01 | val 9.253958e-01 |   2.275 s | best 9.253958e-01 @1 *
epoch    2 | train 7.884499e-01 | val 8.431404e-01 |   2.299 s | best 8.431404e-01 @2 *
epoch    3 | train 7.671312e-01 | val 7.955502e-01 |   2.289 s | best 7.955502e-01 @3 *
epoch    4 | train 7.659218e-01 | val 7.699477e-01 |   2.292 s | best 7.699477e-01 @4 *
epoch    5 | train 7.623478e-01 | val 7.555771e-01 |   2.306 s | best 7.555771e-01 @5 *
epoch    6 | train 7.548963e-01 | val 7.473111e-01 |   2.316 s | best 7.473111e-01 @6 *
epoch    7 | train 7.522925e-01 | val 7.424540e-01 |   2.326 s | best 7.424540e-01 @7 *
epoch    8 | train 7.517602e-01 | val 7.393960e-01 |   2.333 s | best 7.393960e-01 @8 *
epoch    9 | train 7.582502e-01 | val 7.372777e-01 |   2.345 s | best 7.372777e-01 @9 *
epoch   10 | train 7.522448e-01 | val 7.357872e-01 |   2.343 s | best 7.357872e-01 @10 *
epoch   11 | train 7.542944e-01 | val 7.348538e-01 |   2.320 s | best 7.348538e-01 @11 *
epoch   12 | train 7.492232e-01 | val 7.341444e-01 |   2.314 s | best 7.341444e-01 @12 *
epoch   13 | train 7.528632e-01 | val 7.334912e-01 |   2.319 s | best 7.334912e-01 @13 *
epoch   14 | train 7.473884e-01 | val 7.331040e-01 |   2.303 s | best 7.331040e-01 @14 *
epoch   15 | train 7.477756e-01 | val 7.326552e-01 |   2.305 s | best 7.326552e-01 @15 *
epoch   16 | train 7.451120e-01 | val 7.322620e-01 |   2.303 s | best 7.322620e-01 @16 *
epoch   17 | train 7.491179e-01 | val 7.319008e-01 |   2.299 s | best 7.319008e-01 @17 *
epoch   18 | train 7.461207e-01 | val 7.316666e-01 |   2.311 s | best 7.316666e-01 @18 *
epoch   19 | train 7.519154e-01 | val 7.314848e-01 |   2.305 s | best 7.314848e-01 @19 *
epoch   20 | train 7.482152e-01 | val 7.313193e-01 |   2.301 s | best 7.313193e-01 @20 *
epoch   21 | train 7.472333e-01 | val 7.312256e-01 |   2.301 s | best 7.312256e-01 @21 *
epoch   22 | train 7.481259e-01 | val 7.310915e-01 |   2.302 s | best 7.310915e-01 @22 *
epoch   23 | train 7.428198e-01 | val 7.308781e-01 |   2.301 s | best 7.308781e-01 @23 *
epoch   24 | train 7.474412e-01 | val 7.306606e-01 |   2.309 s | best 7.306606e-01 @24 *
epoch   25 | train 7.484717e-01 | val 7.305806e-01 |   2.304 s | best 7.305806e-01 @25 *
epoch   26 | train 7.454174e-01 | val 7.303765e-01 |   2.306 s | best 7.303765e-01 @26 *
epoch   27 | train 7.442275e-01 | val 7.302121e-01 |   2.304 s | best 7.302121e-01 @27 *
epoch   28 | train 7.419934e-01 | val 7.301885e-01 |   2.299 s | best 7.301885e-01 @28 *
epoch   29 | train 7.437119e-01 | val 7.302206e-01 |   2.307 s | best 7.301885e-01 @28
epoch   30 | train 7.477733e-01 | val 7.301139e-01 |   2.311 s | best 7.301139e-01 @30 *
epoch   31 | train 7.453167e-01 | val 7.300450e-01 |   2.303 s | best 7.300450e-01 @31 *
epoch   32 | train 7.407010e-01 | val 7.300272e-01 |   2.300 s | best 7.300272e-01 @32 *
epoch   33 | train 7.461835e-01 | val 7.301071e-01 |   2.304 s | best 7.300272e-01 @32
epoch   34 | train 7.455025e-01 | val 7.301012e-01 |   2.303 s | best 7.300272e-01 @32
epoch   35 | train 7.409280e-01 | val 7.301098e-01 |   2.314 s | best 7.300272e-01 @32
epoch   36 | train 7.459822e-01 | val 7.299760e-01 |   2.300 s | best 7.299760e-01 @36 *
epoch   37 | train 7.456624e-01 | val 7.299278e-01 |   2.304 s | best 7.299278e-01 @37 *
epoch   38 | train 7.479592e-01 | val 7.297282e-01 |   2.303 s | best 7.297282e-01 @38 *
epoch   39 | train 7.421406e-01 | val 7.294977e-01 |   2.297 s | best 7.294977e-01 @39 *
epoch   40 | train 7.480860e-01 | val 7.294820e-01 |   2.308 s | best 7.294820e-01 @40 *
epoch   41 | train 7.449328e-01 | val 7.293088e-01 |   2.303 s | best 7.293088e-01 @41 *
epoch   42 | train 7.459566e-01 | val 7.292392e-01 |   2.301 s | best 7.292392e-01 @42 *
epoch   43 | train 7.411111e-01 | val 7.291914e-01 |   2.307 s | best 7.291914e-01 @43 *
epoch   44 | train 7.411849e-01 | val 7.292431e-01 |   2.301 s | best 7.291914e-01 @43
epoch   45 | train 7.437824e-01 | val 7.292228e-01 |   2.301 s | best 7.291914e-01 @43
epoch   46 | train 7.479857e-01 | val 7.291989e-01 |   2.310 s | best 7.291914e-01 @43
epoch   47 | train 7.473715e-01 | val 7.290617e-01 |   2.301 s | best 7.290617e-01 @47 *
epoch   48 | train 7.457465e-01 | val 7.289856e-01 |   2.303 s | best 7.289856e-01 @48 *
epoch   49 | train 7.515081e-01 | val 7.291425e-01 |   2.306 s | best 7.289856e-01 @48
epoch   50 | train 7.446948e-01 | val 7.292614e-01 |   2.297 s | best 7.289856e-01 @48
epoch   51 | train 7.453279e-01 | val 7.294375e-01 |   2.310 s | best 7.289856e-01 @48
epoch   52 | train 7.426576e-01 | val 7.296389e-01 |   2.301 s | best 7.289856e-01 @48
epoch   53 | train 7.467427e-01 | val 7.297377e-01 |   2.305 s | best 7.289856e-01 @48
epoch   54 | train 7.407968e-01 | val 7.296799e-01 |   2.299 s | best 7.289856e-01 @48
epoch   55 | train 7.430883e-01 | val 7.295980e-01 |   2.301 s | best 7.289856e-01 @48
epoch   56 | train 7.420892e-01 | val 7.295069e-01 |   2.300 s | best 7.289856e-01 @48
epoch   57 | train 7.455614e-01 | val 7.294806e-01 |   2.309 s | best 7.289856e-01 @48
epoch   58 | train 7.411819e-01 | val 7.293254e-01 |   2.298 s | best 7.289856e-01 @48
epoch   59 | train 7.414288e-01 | val 7.292600e-01 |   2.304 s | best 7.289856e-01 @48
epoch   60 | train 7.414777e-01 | val 7.291021e-01 |   2.300 s | best 7.289856e-01 @48
epoch   61 | train 7.468898e-01 | val 7.292187e-01 |   2.300 s | best 7.289856e-01 @48
epoch   62 | train 7.467446e-01 | val 7.291701e-01 |   2.307 s | best 7.289856e-01 @48
epoch   63 | train 7.410916e-01 | val 7.291585e-01 |   2.313 s | best 7.289856e-01 @48
# done        : 63 epochs, stopped_by=patience, aborted=False, best val 7.289856e-01 @ epoch 48, wall 151.6 s, 2.407 s/epoch
