
# ===== 2026-09-21 03:11:16 KST  HPO attempt 710  testbed D1 prior S  Nr=8 Nt=4
# DEVICE      : cuda | cuda_available=True | NVIDIA RTX PRO 6000 Blackwell Server Edition | torch 2.14.0+cu130 | train dtype float32 (01_RULES §9.5)
# data        : n_train=9000 n_val=1000 split_hash=98d6225d67f9c15a E||H||_F^2/(NrNt)=1.000268 (04_SPEC §2)
# sigma grid  : MEASURED, 20 points, log-uniform draw over [3.2936e-02, 7.9084e-01]
# hp          : {'arch': 'uvit', 'param': 'vp', 'domain': 'angle', 'lr': 0.004951996628982805, 'ema': 0.9995, 'batch': 256, 'emb': 128, 'width': 64, 'depth': 7, 'heads': 8, 'patch': 1}  params=389672
# stopping    : patience 15 on val loss, never before 0 epochs, max 600 (01_RULES §5)
epoch    1 | train 9.049855e-01 | val 9.902620e-01 |   1.302 s | best 9.902620e-01 @1 *
epoch    2 | train 8.221633e-01 | val 9.886869e-01 |   1.356 s | best 9.886869e-01 @2 *
epoch    3 | train 7.994267e-01 | val 9.858984e-01 |   1.358 s | best 9.858984e-01 @3 *
epoch    4 | train 7.969182e-01 | val 9.822195e-01 |   1.357 s | best 9.822195e-01 @4 *
epoch    5 | train 8.021399e-01 | val 9.783528e-01 |   1.358 s | best 9.783528e-01 @5 *
epoch    6 | train 7.960181e-01 | val 9.749480e-01 |   1.367 s | best 9.749480e-01 @6 *
epoch    7 | train 7.921874e-01 | val 9.722440e-01 |   1.368 s | best 9.722440e-01 @7 *
epoch    8 | train 7.911599e-01 | val 9.699489e-01 |   1.360 s | best 9.699489e-01 @8 *
epoch    9 | train 7.933771e-01 | val 9.678048e-01 |   1.346 s | best 9.678048e-01 @9 *
epoch   10 | train 7.943186e-01 | val 9.656271e-01 |   1.358 s | best 9.656271e-01 @10 *
epoch   11 | train 7.904734e-01 | val 9.633843e-01 |   1.358 s | best 9.633843e-01 @11 *
epoch   12 | train 7.921837e-01 | val 9.610320e-01 |   1.360 s | best 9.610320e-01 @12 *
epoch   13 | train 7.953348e-01 | val 9.585752e-01 |   1.367 s | best 9.585752e-01 @13 *
epoch   14 | train 7.906174e-01 | val 9.560671e-01 |   1.364 s | best 9.560671e-01 @14 *
epoch   15 | train 7.900904e-01 | val 9.534016e-01 |   1.359 s | best 9.534016e-01 @15 *
epoch   16 | train 7.895646e-01 | val 9.506763e-01 |   1.358 s | best 9.506763e-01 @16 *
epoch   17 | train 7.924359e-01 | val 9.478368e-01 |   1.358 s | best 9.478368e-01 @17 *
epoch   18 | train 7.948091e-01 | val 9.448676e-01 |   1.348 s | best 9.448676e-01 @18 *
epoch   19 | train 7.943779e-01 | val 9.417629e-01 |   1.372 s | best 9.417629e-01 @19 *
epoch   20 | train 7.947347e-01 | val 9.385032e-01 |   1.372 s | best 9.385032e-01 @20 *
epoch   21 | train 7.884175e-01 | val 9.350806e-01 |   1.361 s | best 9.350806e-01 @21 *
epoch   22 | train 7.897497e-01 | val 9.315031e-01 |   1.362 s | best 9.315031e-01 @22 *
epoch   23 | train 7.902793e-01 | val 9.278496e-01 |   1.367 s | best 9.278496e-01 @23 *
epoch   24 | train 7.877507e-01 | val 9.241598e-01 |   1.367 s | best 9.241598e-01 @24 *
epoch   25 | train 7.898586e-01 | val 9.203461e-01 |   1.373 s | best 9.203461e-01 @25 *
epoch   26 | train 7.932909e-01 | val 9.165173e-01 |   1.359 s | best 9.165173e-01 @26 *
epoch   27 | train 7.921964e-01 | val 9.126851e-01 |   1.363 s | best 9.126851e-01 @27 *
epoch   28 | train 7.865332e-01 | val 9.088833e-01 |   1.361 s | best 9.088833e-01 @28 *
epoch   29 | train 7.810227e-01 | val 9.051179e-01 |   1.362 s | best 9.051179e-01 @29 *
epoch   30 | train 7.817744e-01 | val 9.013844e-01 |   1.361 s | best 9.013844e-01 @30 *
epoch   31 | train 7.913388e-01 | val 8.977609e-01 |   1.375 s | best 8.977609e-01 @31 *
epoch   32 | train 7.871784e-01 | val 8.941519e-01 |   1.368 s | best 8.941519e-01 @32 *
epoch   33 | train 7.860758e-01 | val 8.906713e-01 |   1.359 s | best 8.906713e-01 @33 *
epoch   34 | train 7.867968e-01 | val 8.871418e-01 |   1.362 s | best 8.871418e-01 @34 *
epoch   35 | train 7.845085e-01 | val 8.837176e-01 |   1.350 s | best 8.837176e-01 @35 *
epoch   36 | train 7.804758e-01 | val 8.802381e-01 |   1.368 s | best 8.802381e-01 @36 *
epoch   37 | train 7.784447e-01 | val 8.766754e-01 |   1.373 s | best 8.766754e-01 @37 *
epoch   38 | train 7.804757e-01 | val 8.730549e-01 |   1.355 s | best 8.730549e-01 @38 *
epoch   39 | train 7.773137e-01 | val 8.694227e-01 |   1.352 s | best 8.694227e-01 @39 *
epoch   40 | train 7.765043e-01 | val 8.657950e-01 |   1.379 s | best 8.657950e-01 @40 *
epoch   41 | train 7.729632e-01 | val 8.622268e-01 |   1.366 s | best 8.622268e-01 @41 *
epoch   42 | train 7.740143e-01 | val 8.586727e-01 |   1.392 s | best 8.586727e-01 @42 *
epoch   43 | train 7.685651e-01 | val 8.552086e-01 |   1.378 s | best 8.552086e-01 @43 *
epoch   44 | train 7.697681e-01 | val 8.518263e-01 |   1.351 s | best 8.518263e-01 @44 *
epoch   45 | train 7.691749e-01 | val 8.485050e-01 |   1.389 s | best 8.485050e-01 @45 *
epoch   46 | train 7.688481e-01 | val 8.452157e-01 |   1.363 s | best 8.452157e-01 @46 *
epoch   47 | train 7.766558e-01 | val 8.420498e-01 |   1.352 s | best 8.420498e-01 @47 *
epoch   48 | train 7.674616e-01 | val 8.389233e-01 |   1.342 s | best 8.389233e-01 @48 *
epoch   49 | train 7.665241e-01 | val 8.359358e-01 |   1.356 s | best 8.359358e-01 @49 *
epoch   50 | train 7.662870e-01 | val 8.330228e-01 |   1.388 s | best 8.330228e-01 @50 *
epoch   51 | train 7.646526e-01 | val 8.301563e-01 |   1.350 s | best 8.301563e-01 @51 *
epoch   52 | train 7.641105e-01 | val 8.273322e-01 |   1.352 s | best 8.273322e-01 @52 *
epoch   53 | train 7.638291e-01 | val 8.246518e-01 |   1.355 s | best 8.246518e-01 @53 *
epoch   54 | train 7.671860e-01 | val 8.220658e-01 |   1.343 s | best 8.220658e-01 @54 *
epoch   55 | train 7.647964e-01 | val 8.195715e-01 |   1.352 s | best 8.195715e-01 @55 *
epoch   56 | train 7.646223e-01 | val 8.171756e-01 |   1.343 s | best 8.171756e-01 @56 *
epoch   57 | train 7.668470e-01 | val 8.148950e-01 |   1.355 s | best 8.148950e-01 @57 *
epoch   58 | train 7.629012e-01 | val 8.126864e-01 |   1.357 s | best 8.126864e-01 @58 *
epoch   59 | train 7.655047e-01 | val 8.105911e-01 |   1.348 s | best 8.105911e-01 @59 *
epoch   60 | train 7.668745e-01 | val 8.085788e-01 |   1.355 s | best 8.085788e-01 @60 *
epoch   61 | train 7.590708e-01 | val 8.066900e-01 |   1.358 s | best 8.066900e-01 @61 *
epoch   62 | train 7.637863e-01 | val 8.049274e-01 |   1.364 s | best 8.049274e-01 @62 *
epoch   63 | train 7.658734e-01 | val 8.032237e-01 |   1.398 s | best 8.032237e-01 @63 *
epoch   64 | train 7.617286e-01 | val 8.015795e-01 |   1.378 s | best 8.015795e-01 @64 *
epoch   65 | train 7.610468e-01 | val 8.000782e-01 |   1.356 s | best 8.000782e-01 @65 *
epoch   66 | train 7.580029e-01 | val 7.986342e-01 |   1.359 s | best 7.986342e-01 @66 *
epoch   67 | train 7.665105e-01 | val 7.972348e-01 |   1.356 s | best 7.972348e-01 @67 *
epoch   68 | train 7.606657e-01 | val 7.959021e-01 |   1.347 s | best 7.959021e-01 @68 *
epoch   69 | train 7.528655e-01 | val 7.946396e-01 |   1.366 s | best 7.946396e-01 @69 *
epoch   70 | train 7.600829e-01 | val 7.934592e-01 |   1.374 s | best 7.934592e-01 @70 *
epoch   71 | train 7.614779e-01 | val 7.923260e-01 |   1.370 s | best 7.923260e-01 @71 *
epoch   72 | train 7.585055e-01 | val 7.912701e-01 |   1.355 s | best 7.912701e-01 @72 *
epoch   73 | train 7.529892e-01 | val 7.902455e-01 |   1.359 s | best 7.902455e-01 @73 *
epoch   74 | train 7.580714e-01 | val 7.892749e-01 |   1.358 s | best 7.892749e-01 @74 *
epoch   75 | train 7.624455e-01 | val 7.883599e-01 |   1.360 s | best 7.883599e-01 @75 *
epoch   76 | train 7.567175e-01 | val 7.874538e-01 |   1.354 s | best 7.874538e-01 @76 *
epoch   77 | train 7.565634e-01 | val 7.865897e-01 |   1.370 s | best 7.865897e-01 @77 *
epoch   78 | train 7.575598e-01 | val 7.857921e-01 |   1.360 s | best 7.857921e-01 @78 *
epoch   79 | train 7.604634e-01 | val 7.850273e-01 |   1.356 s | best 7.850273e-01 @79 *
epoch   80 | train 7.576125e-01 | val 7.842882e-01 |   1.348 s | best 7.842882e-01 @80 *
epoch   81 | train 7.558947e-01 | val 7.835941e-01 |   1.362 s | best 7.835941e-01 @81 *
epoch   82 | train 7.591168e-01 | val 7.828873e-01 |   1.360 s | best 7.828873e-01 @82 *
epoch   83 | train 7.564256e-01 | val 7.821977e-01 |   1.368 s | best 7.821977e-01 @83 *
epoch   84 | train 7.573245e-01 | val 7.815238e-01 |   1.366 s | best 7.815238e-01 @84 *
epoch   85 | train 7.564881e-01 | val 7.808803e-01 |   1.363 s | best 7.808803e-01 @85 *
epoch   86 | train 7.607045e-01 | val 7.802539e-01 |   1.357 s | best 7.802539e-01 @86 *
epoch   87 | train 7.583747e-01 | val 7.796590e-01 |   1.361 s | best 7.796590e-01 @87 *
epoch   88 | train 7.550391e-01 | val 7.790854e-01 |   1.358 s | best 7.790854e-01 @88 *
epoch   89 | train 7.596168e-01 | val 7.785116e-01 |   1.345 s | best 7.785116e-01 @89 *
epoch   90 | train 7.597326e-01 | val 7.779404e-01 |   1.370 s | best 7.779404e-01 @90 *
epoch   91 | train 7.555545e-01 | val 7.773724e-01 |   1.368 s | best 7.773724e-01 @91 *
epoch   92 | train 7.588612e-01 | val 7.768072e-01 |   1.364 s | best 7.768072e-01 @92 *
epoch   93 | train 7.520655e-01 | val 7.762729e-01 |   1.354 s | best 7.762729e-01 @93 *
epoch   94 | train 7.543683e-01 | val 7.757568e-01 |   1.361 s | best 7.757568e-01 @94 *
epoch   95 | train 7.620066e-01 | val 7.752411e-01 |   1.361 s | best 7.752411e-01 @95 *
epoch   96 | train 7.573297e-01 | val 7.747605e-01 |   1.368 s | best 7.747605e-01 @96 *
epoch   97 | train 7.566206e-01 | val 7.742465e-01 |   1.140 s | best 7.742465e-01 @97 *
epoch   98 | train 7.569130e-01 | val 7.737693e-01 |   1.349 s | best 7.737693e-01 @98 *
epoch   99 | train 7.574060e-01 | val 7.732886e-01 |   1.357 s | best 7.732886e-01 @99 *
epoch  100 | train 7.590550e-01 | val 7.727944e-01 |   1.366 s | best 7.727944e-01 @100 *
epoch  101 | train 7.566541e-01 | val 7.722971e-01 |   1.346 s | best 7.722971e-01 @101 *
epoch  102 | train 7.522870e-01 | val 7.718107e-01 |   1.334 s | best 7.718107e-01 @102 *
epoch  103 | train 7.519503e-01 | val 7.713171e-01 |   1.347 s | best 7.713171e-01 @103 *
epoch  104 | train 7.565428e-01 | val 7.708365e-01 |   1.335 s | best 7.708365e-01 @104 *
epoch  105 | train 7.518514e-01 | val 7.704026e-01 |   1.375 s | best 7.704026e-01 @105 *
epoch  106 | train 7.526057e-01 | val 7.699676e-01 |   1.345 s | best 7.699676e-01 @106 *
epoch  107 | train 7.519309e-01 | val 7.695293e-01 |   1.334 s | best 7.695293e-01 @107 *
epoch  108 | train 7.525095e-01 | val 7.691382e-01 |   1.352 s | best 7.691382e-01 @108 *
epoch  109 | train 7.529737e-01 | val 7.686914e-01 |   1.338 s | best 7.686914e-01 @109 *
epoch  110 | train 7.566222e-01 | val 7.682503e-01 |   1.346 s | best 7.682503e-01 @110 *
epoch  111 | train 7.540275e-01 | val 7.678329e-01 |   1.356 s | best 7.678329e-01 @111 *
epoch  112 | train 7.575304e-01 | val 7.674103e-01 |   1.351 s | best 7.674103e-01 @112 *
epoch  113 | train 7.614531e-01 | val 7.669721e-01 |   1.349 s | best 7.669721e-01 @113 *
epoch  114 | train 7.547269e-01 | val 7.665406e-01 |   1.374 s | best 7.665406e-01 @114 *
epoch  115 | train 7.512173e-01 | val 7.661463e-01 |   1.351 s | best 7.661463e-01 @115 *
epoch  116 | train 7.550364e-01 | val 7.657311e-01 |   1.349 s | best 7.657311e-01 @116 *
epoch  117 | train 7.571864e-01 | val 7.653124e-01 |   1.382 s | best 7.653124e-01 @117 *
epoch  118 | train 7.539290e-01 | val 7.649034e-01 |   1.375 s | best 7.649034e-01 @118 *
epoch  119 | train 7.552898e-01 | val 7.644915e-01 |   1.383 s | best 7.644915e-01 @119 *
epoch  120 | train 7.568404e-01 | val 7.640723e-01 |   1.370 s | best 7.640723e-01 @120 *
epoch  121 | train 7.586248e-01 | val 7.636631e-01 |   1.367 s | best 7.636631e-01 @121 *
epoch  122 | train 7.558115e-01 | val 7.632579e-01 |   1.352 s | best 7.632579e-01 @122 *
epoch  123 | train 7.573401e-01 | val 7.628455e-01 |   1.352 s | best 7.628455e-01 @123 *
epoch  124 | train 7.562364e-01 | val 7.624496e-01 |   1.351 s | best 7.624496e-01 @124 *
epoch  125 | train 7.583356e-01 | val 7.620187e-01 |   1.378 s | best 7.620187e-01 @125 *
epoch  126 | train 7.485843e-01 | val 7.615916e-01 |   1.370 s | best 7.615916e-01 @126 *
epoch  127 | train 7.566484e-01 | val 7.611618e-01 |   1.346 s | best 7.611618e-01 @127 *
epoch  128 | train 7.568651e-01 | val 7.607242e-01 |   1.365 s | best 7.607242e-01 @128 *
epoch  129 | train 7.597973e-01 | val 7.602935e-01 |   1.373 s | best 7.602935e-01 @129 *
epoch  130 | train 7.557457e-01 | val 7.598693e-01 |   1.373 s | best 7.598693e-01 @130 *
epoch  131 | train 7.531325e-01 | val 7.594435e-01 |   1.365 s | best 7.594435e-01 @131 *
epoch  132 | train 7.568425e-01 | val 7.590298e-01 |   1.362 s | best 7.590298e-01 @132 *
epoch  133 | train 7.536981e-01 | val 7.586219e-01 |   1.350 s | best 7.586219e-01 @133 *
epoch  134 | train 7.538224e-01 | val 7.582127e-01 |   1.362 s | best 7.582127e-01 @134 *
epoch  135 | train 7.522759e-01 | val 7.577927e-01 |   1.366 s | best 7.577927e-01 @135 *
epoch  136 | train 7.509545e-01 | val 7.574244e-01 |   1.371 s | best 7.574244e-01 @136 *
epoch  137 | train 7.492367e-01 | val 7.570375e-01 |   1.356 s | best 7.570375e-01 @137 *
epoch  138 | train 7.550886e-01 | val 7.566253e-01 |   1.361 s | best 7.566253e-01 @138 *
epoch  139 | train 7.507800e-01 | val 7.562667e-01 |   1.360 s | best 7.562667e-01 @139 *
epoch  140 | train 7.519426e-01 | val 7.558822e-01 |   1.360 s | best 7.558822e-01 @140 *
epoch  141 | train 7.554505e-01 | val 7.555088e-01 |   1.349 s | best 7.555088e-01 @141 *
epoch  142 | train 7.541142e-01 | val 7.551582e-01 |   1.367 s | best 7.551582e-01 @142 *
epoch  143 | train 7.513424e-01 | val 7.547966e-01 |   1.374 s | best 7.547966e-01 @143 *
epoch  144 | train 7.542252e-01 | val 7.544085e-01 |   1.367 s | best 7.544085e-01 @144 *
epoch  145 | train 7.506332e-01 | val 7.540668e-01 |   1.350 s | best 7.540668e-01 @145 *
epoch  146 | train 7.529258e-01 | val 7.537244e-01 |   1.359 s | best 7.537244e-01 @146 *
epoch  147 | train 7.522631e-01 | val 7.533751e-01 |   1.358 s | best 7.533751e-01 @147 *
epoch  148 | train 7.511214e-01 | val 7.530039e-01 |   1.361 s | best 7.530039e-01 @148 *
epoch  149 | train 7.553033e-01 | val 7.526293e-01 |   1.364 s | best 7.526293e-01 @149 *
epoch  150 | train 7.537411e-01 | val 7.522511e-01 |   1.376 s | best 7.522511e-01 @150 *
epoch  151 | train 7.511895e-01 | val 7.518789e-01 |   1.365 s | best 7.518789e-01 @151 *
epoch  152 | train 7.543264e-01 | val 7.515127e-01 |   1.359 s | best 7.515127e-01 @152 *
epoch  153 | train 7.526629e-01 | val 7.511818e-01 |   1.361 s | best 7.511818e-01 @153 *
epoch  154 | train 7.484743e-01 | val 7.508385e-01 |   1.347 s | best 7.508385e-01 @154 *
epoch  155 | train 7.524269e-01 | val 7.505122e-01 |   1.361 s | best 7.505122e-01 @155 *
epoch  156 | train 7.540187e-01 | val 7.501725e-01 |   1.370 s | best 7.501725e-01 @156 *
epoch  157 | train 7.548646e-01 | val 7.498457e-01 |   1.373 s | best 7.498457e-01 @157 *
epoch  158 | train 7.533516e-01 | val 7.495316e-01 |   1.352 s | best 7.495316e-01 @158 *
epoch  159 | train 7.521894e-01 | val 7.492149e-01 |   1.360 s | best 7.492149e-01 @159 *
epoch  160 | train 7.529764e-01 | val 7.488979e-01 |   1.352 s | best 7.488979e-01 @160 *
epoch  161 | train 7.549851e-01 | val 7.485940e-01 |   1.350 s | best 7.485940e-01 @161 *
epoch  162 | train 7.554467e-01 | val 7.482980e-01 |   1.337 s | best 7.482980e-01 @162 *
epoch  163 | train 7.592682e-01 | val 7.480078e-01 |   1.348 s | best 7.480078e-01 @163 *
epoch  164 | train 7.496743e-01 | val 7.477105e-01 |   1.349 s | best 7.477105e-01 @164 *
epoch  165 | train 7.543514e-01 | val 7.474322e-01 |   1.351 s | best 7.474322e-01 @165 *
epoch  166 | train 7.539824e-01 | val 7.471541e-01 |   1.382 s | best 7.471541e-01 @166 *
epoch  167 | train 7.516499e-01 | val 7.468753e-01 |   1.353 s | best 7.468753e-01 @167 *
epoch  168 | train 7.499393e-01 | val 7.465875e-01 |   1.339 s | best 7.465875e-01 @168 *
epoch  169 | train 7.499663e-01 | val 7.463207e-01 |   1.348 s | best 7.463207e-01 @169 *
epoch  170 | train 7.532782e-01 | val 7.460544e-01 |   1.339 s | best 7.460544e-01 @170 *
epoch  171 | train 7.469382e-01 | val 7.458053e-01 |   1.353 s | best 7.458053e-01 @171 *
epoch  172 | train 7.522558e-01 | val 7.455549e-01 |   1.371 s | best 7.455549e-01 @172 *
epoch  173 | train 7.493680e-01 | val 7.453066e-01 |   1.337 s | best 7.453066e-01 @173 *
epoch  174 | train 7.511974e-01 | val 7.450625e-01 |   1.361 s | best 7.450625e-01 @174 *
epoch  175 | train 7.491133e-01 | val 7.448205e-01 |   1.355 s | best 7.448205e-01 @175 *
epoch  176 | train 7.546392e-01 | val 7.445960e-01 |   1.333 s | best 7.445960e-01 @176 *
epoch  177 | train 7.541833e-01 | val 7.443768e-01 |   1.352 s | best 7.443768e-01 @177 *
epoch  178 | train 7.486641e-01 | val 7.441564e-01 |   1.349 s | best 7.441564e-01 @178 *
epoch  179 | train 7.515475e-01 | val 7.439356e-01 |   1.352 s | best 7.439356e-01 @179 *
epoch  180 | train 7.523823e-01 | val 7.437375e-01 |   1.351 s | best 7.437375e-01 @180 *
epoch  181 | train 7.531296e-01 | val 7.435419e-01 |   1.346 s | best 7.435419e-01 @181 *
epoch  182 | train 7.537422e-01 | val 7.433418e-01 |   1.340 s | best 7.433418e-01 @182 *
epoch  183 | train 7.503599e-01 | val 7.431417e-01 |   1.350 s | best 7.431417e-01 @183 *
epoch  184 | train 7.546231e-01 | val 7.429461e-01 |   1.336 s | best 7.429461e-01 @184 *
epoch  185 | train 7.492702e-01 | val 7.427599e-01 |   1.374 s | best 7.427599e-01 @185 *
epoch  186 | train 7.499644e-01 | val 7.425728e-01 |   1.368 s | best 7.425728e-01 @186 *
epoch  187 | train 7.510946e-01 | val 7.424045e-01 |   1.334 s | best 7.424045e-01 @187 *
epoch  188 | train 7.521020e-01 | val 7.422382e-01 |   1.348 s | best 7.422382e-01 @188 *
epoch  189 | train 7.559267e-01 | val 7.420845e-01 |   1.337 s | best 7.420845e-01 @189 *
epoch  190 | train 7.521300e-01 | val 7.419299e-01 |   1.345 s | best 7.419299e-01 @190 *
epoch  191 | train 7.540727e-01 | val 7.417852e-01 |   1.389 s | best 7.417852e-01 @191 *
epoch  192 | train 7.513785e-01 | val 7.416336e-01 |   1.375 s | best 7.416336e-01 @192 *
epoch  193 | train 7.540797e-01 | val 7.414912e-01 |   1.355 s | best 7.414912e-01 @193 *
epoch  194 | train 7.572670e-01 | val 7.413564e-01 |   1.362 s | best 7.413564e-01 @194 *
epoch  195 | train 7.530750e-01 | val 7.412308e-01 |   1.367 s | best 7.412308e-01 @195 *
epoch  196 | train 7.538308e-01 | val 7.411073e-01 |   1.376 s | best 7.411073e-01 @196 *
epoch  197 | train 7.473087e-01 | val 7.409816e-01 |   1.356 s | best 7.409816e-01 @197 *
epoch  198 | train 7.537220e-01 | val 7.408552e-01 |   1.357 s | best 7.408552e-01 @198 *
epoch  199 | train 7.500452e-01 | val 7.407431e-01 |   1.359 s | best 7.407431e-01 @199 *
epoch  200 | train 7.532771e-01 | val 7.406281e-01 |   1.359 s | best 7.406281e-01 @200 *
epoch  201 | train 7.543420e-01 | val 7.405209e-01 |   1.364 s | best 7.405209e-01 @201 *
epoch  202 | train 7.525585e-01 | val 7.404070e-01 |   1.316 s | best 7.404070e-01 @202 *
epoch  203 | train 7.523126e-01 | val 7.402987e-01 |   1.370 s | best 7.402987e-01 @203 *
epoch  204 | train 7.528883e-01 | val 7.402037e-01 |   1.364 s | best 7.402037e-01 @204 *
epoch  205 | train 7.504632e-01 | val 7.401080e-01 |   1.352 s | best 7.401080e-01 @205 *
epoch  206 | train 7.466048e-01 | val 7.400138e-01 |   1.357 s | best 7.400138e-01 @206 *
epoch  207 | train 7.472889e-01 | val 7.399164e-01 |   1.359 s | best 7.399164e-01 @207 *
epoch  208 | train 7.495514e-01 | val 7.398201e-01 |   1.363 s | best 7.398201e-01 @208 *
epoch  209 | train 7.571800e-01 | val 7.397341e-01 |   1.368 s | best 7.397341e-01 @209 *
epoch  210 | train 7.511148e-01 | val 7.396455e-01 |   1.362 s | best 7.396455e-01 @210 *
epoch  211 | train 7.519703e-01 | val 7.395596e-01 |   1.361 s | best 7.395596e-01 @211 *
epoch  212 | train 7.526327e-01 | val 7.394778e-01 |   1.360 s | best 7.394778e-01 @212 *
epoch  213 | train 7.522915e-01 | val 7.393926e-01 |   1.359 s | best 7.393926e-01 @213 *
epoch  214 | train 7.528407e-01 | val 7.393063e-01 |   1.347 s | best 7.393063e-01 @214 *
epoch  215 | train 7.527365e-01 | val 7.392362e-01 |   1.366 s | best 7.392362e-01 @215 *
epoch  216 | train 7.530115e-01 | val 7.391689e-01 |   1.372 s | best 7.391689e-01 @216 *
epoch  217 | train 7.474861e-01 | val 7.390984e-01 |   1.368 s | best 7.390984e-01 @217 *
epoch  218 | train 7.543622e-01 | val 7.390290e-01 |   1.348 s | best 7.390290e-01 @218 *
epoch  219 | train 7.505338e-01 | val 7.389545e-01 |   1.359 s | best 7.389545e-01 @219 *
epoch  220 | train 7.504847e-01 | val 7.388910e-01 |   1.359 s | best 7.388910e-01 @220 *
epoch  221 | train 7.519045e-01 | val 7.388255e-01 |   1.361 s | best 7.388255e-01 @221 *
epoch  222 | train 7.506904e-01 | val 7.387620e-01 |   1.367 s | best 7.387620e-01 @222 *
epoch  223 | train 7.473579e-01 | val 7.386912e-01 |   1.370 s | best 7.386912e-01 @223 *
epoch  224 | train 7.490843e-01 | val 7.386243e-01 |   1.380 s | best 7.386243e-01 @224 *
epoch  225 | train 7.514624e-01 | val 7.385606e-01 |   1.432 s | best 7.385606e-01 @225 *
epoch  226 | train 7.518912e-01 | val 7.385009e-01 |   1.378 s | best 7.385009e-01 @226 *
epoch  227 | train 7.482951e-01 | val 7.384433e-01 |   1.422 s | best 7.384433e-01 @227 *
epoch  228 | train 7.563654e-01 | val 7.383875e-01 |   1.398 s | best 7.383875e-01 @228 *
epoch  229 | train 7.574663e-01 | val 7.383304e-01 |   1.406 s | best 7.383304e-01 @229 *
epoch  230 | train 7.512634e-01 | val 7.382746e-01 |   1.422 s | best 7.382746e-01 @230 *
epoch  231 | train 7.530751e-01 | val 7.382162e-01 |   1.377 s | best 7.382162e-01 @231 *
epoch  232 | train 7.496946e-01 | val 7.381632e-01 |   1.434 s | best 7.381632e-01 @232 *
epoch  233 | train 7.534364e-01 | val 7.381120e-01 |   1.398 s | best 7.381120e-01 @233 *
epoch  234 | train 7.517782e-01 | val 7.380562e-01 |   1.409 s | best 7.380562e-01 @234 *
epoch  235 | train 7.498142e-01 | val 7.380009e-01 |   1.401 s | best 7.380009e-01 @235 *
epoch  236 | train 7.472465e-01 | val 7.379574e-01 |   1.383 s | best 7.379574e-01 @236 *
epoch  237 | train 7.490909e-01 | val 7.379071e-01 |   1.431 s | best 7.379071e-01 @237 *
epoch  238 | train 7.576806e-01 | val 7.378498e-01 |   1.397 s | best 7.378498e-01 @238 *
epoch  239 | train 7.574954e-01 | val 7.378107e-01 |   1.396 s | best 7.378107e-01 @239 *
epoch  240 | train 7.543913e-01 | val 7.377672e-01 |   1.421 s | best 7.377672e-01 @240 *
epoch  241 | train 7.508473e-01 | val 7.377135e-01 |   1.385 s | best 7.377135e-01 @241 *
epoch  242 | train 7.560491e-01 | val 7.376700e-01 |   1.432 s | best 7.376700e-01 @242 *
epoch  243 | train 7.570747e-01 | val 7.376246e-01 |   1.379 s | best 7.376246e-01 @243 *
epoch  244 | train 7.547718e-01 | val 7.375765e-01 |   1.410 s | best 7.375765e-01 @244 *
epoch  245 | train 7.471980e-01 | val 7.375311e-01 |   1.419 s | best 7.375311e-01 @245 *
epoch  246 | train 7.528442e-01 | val 7.374872e-01 |   1.385 s | best 7.374872e-01 @246 *
epoch  247 | train 7.521214e-01 | val 7.374573e-01 |   1.411 s | best 7.374573e-01 @247 *
epoch  248 | train 7.422907e-01 | val 7.374223e-01 |   1.398 s | best 7.374223e-01 @248 *
epoch  249 | train 7.487995e-01 | val 7.373849e-01 |   1.413 s | best 7.373849e-01 @249 *
epoch  250 | train 7.515743e-01 | val 7.373449e-01 |   1.420 s | best 7.373449e-01 @250 *
epoch  251 | train 7.521830e-01 | val 7.373011e-01 |   1.373 s | best 7.373011e-01 @251 *
epoch  252 | train 7.490732e-01 | val 7.372605e-01 |   1.432 s | best 7.372605e-01 @252 *
epoch  253 | train 7.499557e-01 | val 7.372267e-01 |   1.399 s | best 7.372267e-01 @253 *
epoch  254 | train 7.514962e-01 | val 7.371919e-01 |   1.410 s | best 7.371919e-01 @254 *
epoch  255 | train 7.542736e-01 | val 7.371517e-01 |   1.393 s | best 7.371517e-01 @255 *
epoch  256 | train 7.513403e-01 | val 7.371051e-01 |   1.388 s | best 7.371051e-01 @256 *
epoch  257 | train 7.528932e-01 | val 7.370677e-01 |   1.432 s | best 7.370677e-01 @257 *
epoch  258 | train 7.471972e-01 | val 7.370250e-01 |   1.394 s | best 7.370250e-01 @258 *
epoch  259 | train 7.487942e-01 | val 7.369912e-01 |   1.392 s | best 7.369912e-01 @259 *
epoch  260 | train 7.509768e-01 | val 7.369545e-01 |   1.418 s | best 7.369545e-01 @260 *
epoch  261 | train 7.584427e-01 | val 7.369326e-01 |   1.391 s | best 7.369326e-01 @261 *
epoch  262 | train 7.493582e-01 | val 7.369061e-01 |   1.433 s | best 7.369061e-01 @262 *
epoch  263 | train 7.483071e-01 | val 7.368803e-01 |   1.379 s | best 7.368803e-01 @263 *
epoch  264 | train 7.507983e-01 | val 7.368519e-01 |   1.413 s | best 7.368519e-01 @264 *
epoch  265 | train 7.573550e-01 | val 7.368171e-01 |   1.416 s | best 7.368171e-01 @265 *
epoch  266 | train 7.524887e-01 | val 7.367863e-01 |   1.390 s | best 7.367863e-01 @266 *
epoch  267 | train 7.488135e-01 | val 7.367577e-01 |   1.407 s | best 7.367577e-01 @267 *
epoch  268 | train 7.494946e-01 | val 7.367293e-01 |   1.391 s | best 7.367293e-01 @268 *
epoch  269 | train 7.540745e-01 | val 7.367058e-01 |   1.409 s | best 7.367058e-01 @269 *
epoch  270 | train 7.542540e-01 | val 7.366785e-01 |   1.413 s | best 7.366785e-01 @270 *
epoch  271 | train 7.478823e-01 | val 7.366481e-01 |   1.372 s | best 7.366481e-01 @271 *
epoch  272 | train 7.535881e-01 | val 7.366262e-01 |   1.433 s | best 7.366262e-01 @272 *
epoch  273 | train 7.514294e-01 | val 7.365959e-01 |   1.390 s | best 7.365959e-01 @273 *
epoch  274 | train 7.520413e-01 | val 7.365659e-01 |   1.398 s | best 7.365659e-01 @274 *
epoch  275 | train 7.482662e-01 | val 7.365359e-01 |   1.384 s | best 7.365359e-01 @275 *
epoch  276 | train 7.510665e-01 | val 7.365160e-01 |   1.376 s | best 7.365160e-01 @276 *
epoch  277 | train 7.465074e-01 | val 7.364868e-01 |   1.380 s | best 7.364868e-01 @277 *
epoch  278 | train 7.527839e-01 | val 7.364680e-01 |   1.374 s | best 7.364680e-01 @278 *
epoch  279 | train 7.574753e-01 | val 7.364482e-01 |   1.378 s | best 7.364482e-01 @279 *
epoch  280 | train 7.512873e-01 | val 7.364256e-01 |   1.361 s | best 7.364256e-01 @280 *
epoch  281 | train 7.549203e-01 | val 7.364003e-01 |   1.378 s | best 7.364003e-01 @281 *
epoch  282 | train 7.469020e-01 | val 7.363830e-01 |   1.378 s | best 7.363830e-01 @282 *
epoch  283 | train 7.513842e-01 | val 7.363588e-01 |   1.375 s | best 7.363588e-01 @283 *
epoch  284 | train 7.542689e-01 | val 7.363352e-01 |   1.370 s | best 7.363352e-01 @284 *
epoch  285 | train 7.464281e-01 | val 7.363204e-01 |   1.375 s | best 7.363204e-01 @285 *
epoch  286 | train 7.531238e-01 | val 7.362958e-01 |   1.378 s | best 7.362958e-01 @286 *
epoch  287 | train 7.472718e-01 | val 7.362720e-01 |   1.378 s | best 7.362720e-01 @287 *
epoch  288 | train 7.487857e-01 | val 7.362485e-01 |   1.362 s | best 7.362485e-01 @288 *
epoch  289 | train 7.523381e-01 | val 7.362329e-01 |   1.377 s | best 7.362329e-01 @289 *
epoch  290 | train 7.437292e-01 | val 7.362168e-01 |   1.374 s | best 7.362168e-01 @290 *
epoch  291 | train 7.489004e-01 | val 7.362045e-01 |   1.379 s | best 7.362045e-01 @291 *
epoch  292 | train 7.514102e-01 | val 7.361888e-01 |   1.362 s | best 7.361888e-01 @292 *
epoch  293 | train 7.442005e-01 | val 7.361686e-01 |   1.385 s | best 7.361686e-01 @293 *
epoch  294 | train 7.568565e-01 | val 7.361489e-01 |   1.374 s | best 7.361489e-01 @294 *
epoch  295 | train 7.496623e-01 | val 7.361358e-01 |   1.379 s | best 7.361358e-01 @295 *
epoch  296 | train 7.508349e-01 | val 7.361150e-01 |   1.373 s | best 7.361150e-01 @296 *
epoch  297 | train 7.523888e-01 | val 7.360941e-01 |   1.379 s | best 7.360941e-01 @297 *
epoch  298 | train 7.530567e-01 | val 7.360799e-01 |   1.370 s | best 7.360799e-01 @298 *
epoch  299 | train 7.533078e-01 | val 7.360639e-01 |   1.382 s | best 7.360639e-01 @299 *
epoch  300 | train 7.543768e-01 | val 7.360536e-01 |   1.379 s | best 7.360536e-01 @300 *
epoch  301 | train 7.515262e-01 | val 7.360441e-01 |   1.374 s | best 7.360441e-01 @301 *
epoch  302 | train 7.498107e-01 | val 7.360305e-01 |   1.380 s | best 7.360305e-01 @302 *
epoch  303 | train 7.436689e-01 | val 7.360153e-01 |   1.369 s | best 7.360153e-01 @303 *
epoch  304 | train 7.522517e-01 | val 7.360055e-01 |   1.373 s | best 7.360055e-01 @304 *
epoch  305 | train 7.495807e-01 | val 7.359922e-01 |   1.377 s | best 7.359922e-01 @305 *
epoch  306 | train 7.509968e-01 | val 7.359822e-01 |   1.374 s | best 7.359822e-01 @306 *
epoch  307 | train 7.519738e-01 | val 7.359689e-01 |   1.379 s | best 7.359689e-01 @307 *
epoch  308 | train 7.511943e-01 | val 7.359549e-01 |   1.425 s | best 7.359549e-01 @308 *
epoch  309 | train 7.487035e-01 | val 7.359437e-01 |   1.403 s | best 7.359437e-01 @309 *
epoch  310 | train 7.550036e-01 | val 7.359286e-01 |   1.434 s | best 7.359286e-01 @310 *
epoch  311 | train 7.491142e-01 | val 7.359155e-01 |   1.420 s | best 7.359155e-01 @311 *
epoch  312 | train 7.450057e-01 | val 7.359015e-01 |   1.433 s | best 7.359015e-01 @312 *
epoch  313 | train 7.523815e-01 | val 7.358902e-01 |   1.419 s | best 7.358902e-01 @313 *
epoch  314 | train 7.515406e-01 | val 7.358838e-01 |   1.433 s | best 7.358838e-01 @314 *
epoch  315 | train 7.488376e-01 | val 7.358772e-01 |   1.431 s | best 7.358772e-01 @315 *
epoch  316 | train 7.494514e-01 | val 7.358639e-01 |   1.408 s | best 7.358639e-01 @316 *
epoch  317 | train 7.529076e-01 | val 7.358521e-01 |   1.345 s | best 7.358521e-01 @317 *
epoch  318 | train 7.552832e-01 | val 7.358454e-01 |   1.382 s | best 7.358454e-01 @318 *
epoch  319 | train 7.484064e-01 | val 7.358403e-01 |   1.405 s | best 7.358403e-01 @319 *
epoch  320 | train 7.457726e-01 | val 7.358342e-01 |   1.343 s | best 7.358342e-01 @320 *
epoch  321 | train 7.499804e-01 | val 7.358213e-01 |   1.397 s | best 7.358213e-01 @321 *
epoch  322 | train 7.510308e-01 | val 7.358075e-01 |   1.363 s | best 7.358075e-01 @322 *
epoch  323 | train 7.485834e-01 | val 7.358021e-01 |   1.337 s | best 7.358021e-01 @323 *
epoch  324 | train 7.469386e-01 | val 7.357860e-01 |   1.384 s | best 7.357860e-01 @324 *
epoch  325 | train 7.484633e-01 | val 7.357720e-01 |   1.370 s | best 7.357720e-01 @325 *
epoch  326 | train 7.524993e-01 | val 7.357598e-01 |   1.354 s | best 7.357598e-01 @326 *
epoch  327 | train 7.510938e-01 | val 7.357489e-01 |   1.377 s | best 7.357489e-01 @327 *
epoch  328 | train 7.511296e-01 | val 7.357314e-01 |   1.341 s | best 7.357314e-01 @328 *
epoch  329 | train 7.510480e-01 | val 7.357120e-01 |   1.379 s | best 7.357120e-01 @329 *
epoch  330 | train 7.487002e-01 | val 7.356955e-01 |   1.369 s | best 7.356955e-01 @330 *
epoch  331 | train 7.506948e-01 | val 7.356776e-01 |   1.349 s | best 7.356776e-01 @331 *
epoch  332 | train 7.483431e-01 | val 7.356648e-01 |   1.383 s | best 7.356648e-01 @332 *
epoch  333 | train 7.464886e-01 | val 7.356559e-01 |   1.354 s | best 7.356559e-01 @333 *
epoch  334 | train 7.490409e-01 | val 7.356487e-01 |   1.384 s | best 7.356487e-01 @334 *
epoch  335 | train 7.519267e-01 | val 7.356360e-01 |   1.399 s | best 7.356360e-01 @335 *
epoch  336 | train 7.523879e-01 | val 7.356334e-01 |   1.342 s | best 7.356334e-01 @336 *
epoch  337 | train 7.454977e-01 | val 7.356296e-01 |   1.419 s | best 7.356296e-01 @337 *
epoch  338 | train 7.478389e-01 | val 7.356173e-01 |   1.386 s | best 7.356173e-01 @338 *
epoch  339 | train 7.463618e-01 | val 7.356104e-01 |   1.365 s | best 7.356104e-01 @339 *
epoch  340 | train 7.530704e-01 | val 7.356027e-01 |   1.401 s | best 7.356027e-01 @340 *
epoch  341 | train 7.469080e-01 | val 7.356000e-01 |   1.345 s | best 7.356000e-01 @341 *
epoch  342 | train 7.490083e-01 | val 7.355988e-01 |   1.393 s | best 7.355988e-01 @342 *
epoch  343 | train 7.519219e-01 | val 7.355887e-01 |   1.401 s | best 7.355887e-01 @343 *
epoch  344 | train 7.489401e-01 | val 7.355832e-01 |   1.451 s | best 7.355832e-01 @344 *
epoch  345 | train 7.444008e-01 | val 7.355797e-01 |   1.408 s | best 7.355797e-01 @345 *
epoch  346 | train 7.494985e-01 | val 7.355714e-01 |   1.391 s | best 7.355714e-01 @346 *
epoch  347 | train 7.475211e-01 | val 7.355648e-01 |   1.387 s | best 7.355648e-01 @347 *
epoch  348 | train 7.475032e-01 | val 7.355468e-01 |   1.376 s | best 7.355468e-01 @348 *
epoch  349 | train 7.485031e-01 | val 7.355397e-01 |   1.386 s | best 7.355397e-01 @349 *
epoch  350 | train 7.509570e-01 | val 7.355291e-01 |   1.383 s | best 7.355291e-01 @350 *
epoch  351 | train 7.513412e-01 | val 7.355284e-01 |   1.385 s | best 7.355284e-01 @351 *
epoch  352 | train 7.487370e-01 | val 7.355266e-01 |   1.384 s | best 7.355266e-01 @352 *
epoch  353 | train 7.451975e-01 | val 7.355171e-01 |   1.381 s | best 7.355171e-01 @353 *
epoch  354 | train 7.539363e-01 | val 7.355121e-01 |   1.382 s | best 7.355121e-01 @354 *
epoch  355 | train 7.461260e-01 | val 7.355043e-01 |   1.384 s | best 7.355043e-01 @355 *
epoch  356 | train 7.478807e-01 | val 7.354946e-01 |   1.383 s | best 7.354946e-01 @356 *
epoch  357 | train 7.456339e-01 | val 7.354898e-01 |   1.385 s | best 7.354898e-01 @357 *
epoch  358 | train 7.510390e-01 | val 7.354851e-01 |   1.381 s | best 7.354851e-01 @358 *
epoch  359 | train 7.476859e-01 | val 7.354774e-01 |   1.380 s | best 7.354774e-01 @359 *
epoch  360 | train 7.472469e-01 | val 7.354649e-01 |   1.381 s | best 7.354649e-01 @360 *
epoch  361 | train 7.484477e-01 | val 7.354553e-01 |   1.381 s | best 7.354553e-01 @361 *
epoch  362 | train 7.498315e-01 | val 7.354532e-01 |   1.384 s | best 7.354532e-01 @362 *
epoch  363 | train 7.458958e-01 | val 7.354462e-01 |   1.381 s | best 7.354462e-01 @363 *
epoch  364 | train 7.509373e-01 | val 7.354371e-01 |   1.382 s | best 7.354371e-01 @364 *
epoch  365 | train 7.445647e-01 | val 7.354357e-01 |   1.380 s | best 7.354357e-01 @365 *
epoch  366 | train 7.500159e-01 | val 7.354261e-01 |   1.383 s | best 7.354261e-01 @366 *
epoch  367 | train 7.465340e-01 | val 7.354192e-01 |   1.384 s | best 7.354192e-01 @367 *
epoch  368 | train 7.466765e-01 | val 7.354199e-01 |   1.384 s | best 7.354192e-01 @367
epoch  369 | train 7.486124e-01 | val 7.354141e-01 |   1.382 s | best 7.354141e-01 @369 *
epoch  370 | train 7.498777e-01 | val 7.354102e-01 |   1.382 s | best 7.354102e-01 @370 *
epoch  371 | train 7.479090e-01 | val 7.354001e-01 |   1.381 s | best 7.354001e-01 @371 *
epoch  372 | train 7.483142e-01 | val 7.353916e-01 |   1.385 s | best 7.353916e-01 @372 *
epoch  373 | train 7.465130e-01 | val 7.353820e-01 |   1.386 s | best 7.353820e-01 @373 *
epoch  374 | train 7.430966e-01 | val 7.353787e-01 |   1.387 s | best 7.353787e-01 @374 *
epoch  375 | train 7.515942e-01 | val 7.353672e-01 |   1.386 s | best 7.353672e-01 @375 *
epoch  376 | train 7.440648e-01 | val 7.353622e-01 |   1.384 s | best 7.353622e-01 @376 *
epoch  377 | train 7.426924e-01 | val 7.353501e-01 |   1.383 s | best 7.353501e-01 @377 *
epoch  378 | train 7.481337e-01 | val 7.353377e-01 |   1.384 s | best 7.353377e-01 @378 *
epoch  379 | train 7.495232e-01 | val 7.353357e-01 |   1.385 s | best 7.353357e-01 @379 *
epoch  380 | train 7.474767e-01 | val 7.353272e-01 |   1.384 s | best 7.353272e-01 @380 *
epoch  381 | train 7.473661e-01 | val 7.353175e-01 |   1.386 s | best 7.353175e-01 @381 *
epoch  382 | train 7.559093e-01 | val 7.353085e-01 |   1.381 s | best 7.353085e-01 @382 *
epoch  383 | train 7.482833e-01 | val 7.353025e-01 |   1.383 s | best 7.353025e-01 @383 *
epoch  384 | train 7.491338e-01 | val 7.352929e-01 |   1.383 s | best 7.352929e-01 @384 *
epoch  385 | train 7.545178e-01 | val 7.352849e-01 |   1.383 s | best 7.352849e-01 @385 *
epoch  386 | train 7.553976e-01 | val 7.352763e-01 |   1.383 s | best 7.352763e-01 @386 *
epoch  387 | train 7.475982e-01 | val 7.352784e-01 |   1.381 s | best 7.352763e-01 @386
epoch  388 | train 7.529177e-01 | val 7.352729e-01 |   1.382 s | best 7.352729e-01 @388 *
epoch  389 | train 7.560873e-01 | val 7.352614e-01 |   1.383 s | best 7.352614e-01 @389 *
epoch  390 | train 7.523352e-01 | val 7.352561e-01 |   1.382 s | best 7.352561e-01 @390 *
epoch  391 | train 7.472062e-01 | val 7.352521e-01 |   1.383 s | best 7.352521e-01 @391 *
epoch  392 | train 7.435678e-01 | val 7.352474e-01 |   1.382 s | best 7.352474e-01 @392 *
epoch  393 | train 7.508810e-01 | val 7.352504e-01 |   1.386 s | best 7.352474e-01 @392
epoch  394 | train 7.482520e-01 | val 7.352490e-01 |   1.384 s | best 7.352474e-01 @392
epoch  395 | train 7.499406e-01 | val 7.352465e-01 |   1.383 s | best 7.352465e-01 @395 *
epoch  396 | train 7.464883e-01 | val 7.352449e-01 |   1.386 s | best 7.352449e-01 @396 *
epoch  397 | train 7.490618e-01 | val 7.352419e-01 |   1.386 s | best 7.352419e-01 @397 *
epoch  398 | train 7.509370e-01 | val 7.352388e-01 |   1.387 s | best 7.352388e-01 @398 *
epoch  399 | train 7.524648e-01 | val 7.352429e-01 |   1.385 s | best 7.352388e-01 @398
epoch  400 | train 7.570852e-01 | val 7.352393e-01 |   1.386 s | best 7.352388e-01 @398
epoch  401 | train 7.502270e-01 | val 7.352368e-01 |   1.387 s | best 7.352368e-01 @401 *
epoch  402 | train 7.499554e-01 | val 7.352358e-01 |   1.386 s | best 7.352358e-01 @402 *
epoch  403 | train 7.505288e-01 | val 7.352327e-01 |   1.391 s | best 7.352327e-01 @403 *
epoch  404 | train 7.442946e-01 | val 7.352307e-01 |   1.387 s | best 7.352307e-01 @404 *
epoch  405 | train 7.476818e-01 | val 7.352261e-01 |   1.387 s | best 7.352261e-01 @405 *
epoch  406 | train 7.524412e-01 | val 7.352287e-01 |   1.387 s | best 7.352261e-01 @405
epoch  407 | train 7.486653e-01 | val 7.352263e-01 |   1.388 s | best 7.352261e-01 @405
epoch  408 | train 7.456734e-01 | val 7.352220e-01 |   1.388 s | best 7.352220e-01 @408 *
epoch  409 | train 7.496583e-01 | val 7.352132e-01 |   1.387 s | best 7.352132e-01 @409 *
epoch  410 | train 7.524800e-01 | val 7.352018e-01 |   1.385 s | best 7.352018e-01 @410 *
epoch  411 | train 7.501898e-01 | val 7.351960e-01 |   1.391 s | best 7.351960e-01 @411 *
epoch  412 | train 7.479382e-01 | val 7.351910e-01 |   1.386 s | best 7.351910e-01 @412 *
epoch  413 | train 7.487379e-01 | val 7.351822e-01 |   1.387 s | best 7.351822e-01 @413 *
epoch  414 | train 7.426854e-01 | val 7.351747e-01 |   1.386 s | best 7.351747e-01 @414 *
epoch  415 | train 7.467438e-01 | val 7.351695e-01 |   1.389 s | best 7.351695e-01 @415 *
epoch  416 | train 7.489835e-01 | val 7.351613e-01 |   1.388 s | best 7.351613e-01 @416 *
epoch  417 | train 7.534789e-01 | val 7.351543e-01 |   1.387 s | best 7.351543e-01 @417 *
epoch  418 | train 7.509973e-01 | val 7.351503e-01 |   1.392 s | best 7.351503e-01 @418 *
epoch  419 | train 7.520750e-01 | val 7.351442e-01 |   1.385 s | best 7.351442e-01 @419 *
epoch  420 | train 7.541803e-01 | val 7.351369e-01 |   1.388 s | best 7.351369e-01 @420 *
epoch  421 | train 7.506805e-01 | val 7.351303e-01 |   1.387 s | best 7.351303e-01 @421 *
epoch  422 | train 7.511077e-01 | val 7.351202e-01 |   1.386 s | best 7.351202e-01 @422 *
epoch  423 | train 7.506648e-01 | val 7.351111e-01 |   1.391 s | best 7.351111e-01 @423 *
epoch  424 | train 7.486645e-01 | val 7.351017e-01 |   1.385 s | best 7.351017e-01 @424 *
epoch  425 | train 7.495438e-01 | val 7.350901e-01 |   1.387 s | best 7.350901e-01 @425 *
epoch  426 | train 7.476214e-01 | val 7.350838e-01 |   1.386 s | best 7.350838e-01 @426 *
epoch  427 | train 7.450845e-01 | val 7.350754e-01 |   1.386 s | best 7.350754e-01 @427 *
epoch  428 | train 7.472805e-01 | val 7.350647e-01 |   1.390 s | best 7.350647e-01 @428 *
epoch  429 | train 7.484688e-01 | val 7.350568e-01 |   1.386 s | best 7.350568e-01 @429 *
epoch  430 | train 7.478063e-01 | val 7.350520e-01 |   1.388 s | best 7.350520e-01 @430 *
epoch  431 | train 7.492640e-01 | val 7.350432e-01 |   1.389 s | best 7.350432e-01 @431 *
epoch  432 | train 7.513827e-01 | val 7.350416e-01 |   1.388 s | best 7.350416e-01 @432 *
epoch  433 | train 7.486356e-01 | val 7.350335e-01 |   1.390 s | best 7.350335e-01 @433 *
epoch  434 | train 7.511649e-01 | val 7.350269e-01 |   1.387 s | best 7.350269e-01 @434 *
epoch  435 | train 7.458971e-01 | val 7.350155e-01 |   1.386 s | best 7.350155e-01 @435 *
epoch  436 | train 7.511848e-01 | val 7.350079e-01 |   1.386 s | best 7.350079e-01 @436 *
epoch  437 | train 7.505395e-01 | val 7.349990e-01 |   1.391 s | best 7.349990e-01 @437 *
epoch  438 | train 7.486604e-01 | val 7.349889e-01 |   1.385 s | best 7.349889e-01 @438 *
epoch  439 | train 7.468080e-01 | val 7.349776e-01 |   1.388 s | best 7.349776e-01 @439 *
epoch  440 | train 7.533890e-01 | val 7.349678e-01 |   1.391 s | best 7.349678e-01 @440 *
epoch  441 | train 7.497742e-01 | val 7.349541e-01 |   1.389 s | best 7.349541e-01 @441 *
epoch  442 | train 7.467442e-01 | val 7.349482e-01 |   1.389 s | best 7.349482e-01 @442 *
epoch  443 | train 7.481943e-01 | val 7.349423e-01 |   1.387 s | best 7.349423e-01 @443 *
epoch  444 | train 7.484213e-01 | val 7.349340e-01 |   1.391 s | best 7.349340e-01 @444 *
epoch  445 | train 7.467495e-01 | val 7.349236e-01 |   1.387 s | best 7.349236e-01 @445 *
epoch  446 | train 7.515749e-01 | val 7.349197e-01 |   1.388 s | best 7.349197e-01 @446 *
epoch  447 | train 7.496259e-01 | val 7.349124e-01 |   1.388 s | best 7.349124e-01 @447 *
epoch  448 | train 7.476530e-01 | val 7.349070e-01 |   1.386 s | best 7.349070e-01 @448 *
epoch  449 | train 7.520307e-01 | val 7.348993e-01 |   1.386 s | best 7.348993e-01 @449 *
epoch  450 | train 7.483714e-01 | val 7.348927e-01 |   1.392 s | best 7.348927e-01 @450 *
epoch  451 | train 7.474152e-01 | val 7.348831e-01 |   1.392 s | best 7.348831e-01 @451 *
epoch  452 | train 7.495046e-01 | val 7.348776e-01 |   1.388 s | best 7.348776e-01 @452 *
epoch  453 | train 7.470856e-01 | val 7.348703e-01 |   1.391 s | best 7.348703e-01 @453 *
epoch  454 | train 7.513102e-01 | val 7.348692e-01 |   1.389 s | best 7.348692e-01 @454 *
epoch  455 | train 7.472976e-01 | val 7.348654e-01 |   1.387 s | best 7.348654e-01 @455 *
epoch  456 | train 7.467890e-01 | val 7.348542e-01 |   1.389 s | best 7.348542e-01 @456 *
epoch  457 | train 7.468553e-01 | val 7.348406e-01 |   1.390 s | best 7.348406e-01 @457 *
epoch  458 | train 7.493708e-01 | val 7.348371e-01 |   1.381 s | best 7.348371e-01 @458 *
epoch  459 | train 7.469588e-01 | val 7.348303e-01 |   1.389 s | best 7.348303e-01 @459 *
epoch  460 | train 7.503039e-01 | val 7.348204e-01 |   1.388 s | best 7.348204e-01 @460 *
epoch  461 | train 7.474960e-01 | val 7.348117e-01 |   1.386 s | best 7.348117e-01 @461 *
epoch  462 | train 7.483733e-01 | val 7.348019e-01 |   1.387 s | best 7.348019e-01 @462 *
epoch  463 | train 7.477892e-01 | val 7.347988e-01 |   1.386 s | best 7.347988e-01 @463 *
epoch  464 | train 7.479510e-01 | val 7.347950e-01 |   1.387 s | best 7.347950e-01 @464 *
epoch  465 | train 7.500128e-01 | val 7.347878e-01 |   1.388 s | best 7.347878e-01 @465 *
epoch  466 | train 7.494092e-01 | val 7.347783e-01 |   1.386 s | best 7.347783e-01 @466 *
epoch  467 | train 7.489297e-01 | val 7.347676e-01 |   1.387 s | best 7.347676e-01 @467 *
epoch  468 | train 7.484556e-01 | val 7.347534e-01 |   1.385 s | best 7.347534e-01 @468 *
epoch  469 | train 7.481928e-01 | val 7.347389e-01 |   1.388 s | best 7.347389e-01 @469 *
epoch  470 | train 7.487994e-01 | val 7.347310e-01 |   1.386 s | best 7.347310e-01 @470 *
epoch  471 | train 7.506574e-01 | val 7.347236e-01 |   1.386 s | best 7.347236e-01 @471 *
epoch  472 | train 7.473806e-01 | val 7.347113e-01 |   1.386 s | best 7.347113e-01 @472 *
epoch  473 | train 7.496607e-01 | val 7.347060e-01 |   1.386 s | best 7.347060e-01 @473 *
epoch  474 | train 7.480316e-01 | val 7.347050e-01 |   1.385 s | best 7.347050e-01 @474 *
epoch  475 | train 7.476786e-01 | val 7.346902e-01 |   1.387 s | best 7.346902e-01 @475 *
epoch  476 | train 7.486802e-01 | val 7.346857e-01 |   1.388 s | best 7.346857e-01 @476 *
epoch  477 | train 7.503214e-01 | val 7.346733e-01 |   1.387 s | best 7.346733e-01 @477 *
epoch  478 | train 7.483913e-01 | val 7.346664e-01 |   1.387 s | best 7.346664e-01 @478 *
epoch  479 | train 7.479637e-01 | val 7.346551e-01 |   1.389 s | best 7.346551e-01 @479 *
epoch  480 | train 7.407594e-01 | val 7.346376e-01 |   1.387 s | best 7.346376e-01 @480 *
epoch  481 | train 7.432628e-01 | val 7.346278e-01 |   1.387 s | best 7.346278e-01 @481 *
epoch  482 | train 7.467130e-01 | val 7.346175e-01 |   1.386 s | best 7.346175e-01 @482 *
epoch  483 | train 7.490388e-01 | val 7.346026e-01 |   1.384 s | best 7.346026e-01 @483 *
epoch  484 | train 7.461451e-01 | val 7.345928e-01 |   1.386 s | best 7.345928e-01 @484 *
epoch  485 | train 7.475490e-01 | val 7.345846e-01 |   1.385 s | best 7.345846e-01 @485 *
epoch  486 | train 7.467472e-01 | val 7.345772e-01 |   1.388 s | best 7.345772e-01 @486 *
epoch  487 | train 7.509390e-01 | val 7.345745e-01 |   1.388 s | best 7.345745e-01 @487 *
epoch  488 | train 7.467711e-01 | val 7.345698e-01 |   1.389 s | best 7.345698e-01 @488 *
epoch  489 | train 7.515120e-01 | val 7.345662e-01 |   1.391 s | best 7.345662e-01 @489 *
epoch  490 | train 7.490121e-01 | val 7.345603e-01 |   1.387 s | best 7.345603e-01 @490 *
epoch  491 | train 7.551070e-01 | val 7.345585e-01 |   1.389 s | best 7.345585e-01 @491 *
epoch  492 | train 7.458518e-01 | val 7.345421e-01 |   1.387 s | best 7.345421e-01 @492 *
epoch  493 | train 7.472724e-01 | val 7.345345e-01 |   1.389 s | best 7.345345e-01 @493 *
epoch  494 | train 7.504696e-01 | val 7.345229e-01 |   1.387 s | best 7.345229e-01 @494 *
epoch  495 | train 7.485539e-01 | val 7.345167e-01 |   1.386 s | best 7.345167e-01 @495 *
epoch  496 | train 7.483068e-01 | val 7.345105e-01 |   1.387 s | best 7.345105e-01 @496 *
epoch  497 | train 7.448999e-01 | val 7.345025e-01 |   1.386 s | best 7.345025e-01 @497 *
epoch  498 | train 7.470059e-01 | val 7.344881e-01 |   1.389 s | best 7.344881e-01 @498 *
epoch  499 | train 7.438382e-01 | val 7.344772e-01 |   1.389 s | best 7.344772e-01 @499 *
epoch  500 | train 7.466042e-01 | val 7.344633e-01 |   1.387 s | best 7.344633e-01 @500 *
epoch  501 | train 7.449227e-01 | val 7.344561e-01 |   1.387 s | best 7.344561e-01 @501 *
epoch  502 | train 7.421164e-01 | val 7.344427e-01 |   1.404 s | best 7.344427e-01 @502 *
epoch  503 | train 7.495739e-01 | val 7.344261e-01 |   1.430 s | best 7.344261e-01 @503 *
epoch  504 | train 7.487653e-01 | val 7.344069e-01 |   1.431 s | best 7.344069e-01 @504 *
epoch  505 | train 7.461510e-01 | val 7.343893e-01 |   1.424 s | best 7.343893e-01 @505 *
epoch  506 | train 7.471073e-01 | val 7.343839e-01 |   1.434 s | best 7.343839e-01 @506 *
epoch  507 | train 7.496569e-01 | val 7.343690e-01 |   1.430 s | best 7.343690e-01 @507 *
epoch  508 | train 7.483153e-01 | val 7.343607e-01 |   1.426 s | best 7.343607e-01 @508 *
epoch  509 | train 7.463645e-01 | val 7.343484e-01 |   1.437 s | best 7.343484e-01 @509 *
epoch  510 | train 7.472666e-01 | val 7.343391e-01 |   1.429 s | best 7.343391e-01 @510 *
epoch  511 | train 7.515121e-01 | val 7.343358e-01 |   1.428 s | best 7.343358e-01 @511 *
epoch  512 | train 7.456886e-01 | val 7.343221e-01 |   1.441 s | best 7.343221e-01 @512 *
epoch  513 | train 7.511986e-01 | val 7.343017e-01 |   1.428 s | best 7.343017e-01 @513 *
epoch  514 | train 7.477286e-01 | val 7.342941e-01 |   1.427 s | best 7.342941e-01 @514 *
epoch  515 | train 7.459728e-01 | val 7.342848e-01 |   1.441 s | best 7.342848e-01 @515 *
epoch  516 | train 7.495791e-01 | val 7.342718e-01 |   1.423 s | best 7.342718e-01 @516 *
epoch  517 | train 7.482102e-01 | val 7.342614e-01 |   1.427 s | best 7.342614e-01 @517 *
epoch  518 | train 7.478827e-01 | val 7.342523e-01 |   1.440 s | best 7.342523e-01 @518 *
epoch  519 | train 7.452701e-01 | val 7.342476e-01 |   1.419 s | best 7.342476e-01 @519 *
epoch  520 | train 7.466939e-01 | val 7.342435e-01 |   1.422 s | best 7.342435e-01 @520 *
epoch  521 | train 7.486540e-01 | val 7.342366e-01 |   1.439 s | best 7.342366e-01 @521 *
epoch  522 | train 7.460136e-01 | val 7.342291e-01 |   1.419 s | best 7.342291e-01 @522 *
epoch  523 | train 7.461508e-01 | val 7.342218e-01 |   1.425 s | best 7.342218e-01 @523 *
epoch  524 | train 7.438449e-01 | val 7.342117e-01 |   1.439 s | best 7.342117e-01 @524 *
epoch  525 | train 7.508067e-01 | val 7.342036e-01 |   1.422 s | best 7.342036e-01 @525 *
epoch  526 | train 7.480989e-01 | val 7.341914e-01 |   1.424 s | best 7.341914e-01 @526 *
epoch  527 | train 7.448004e-01 | val 7.341805e-01 |   1.439 s | best 7.341805e-01 @527 *
epoch  528 | train 7.450607e-01 | val 7.341674e-01 |   1.421 s | best 7.341674e-01 @528 *
epoch  529 | train 7.476055e-01 | val 7.341596e-01 |   1.423 s | best 7.341596e-01 @529 *
epoch  530 | train 7.447847e-01 | val 7.341458e-01 |   1.438 s | best 7.341458e-01 @530 *
epoch  531 | train 7.460220e-01 | val 7.341375e-01 |   1.421 s | best 7.341375e-01 @531 *
epoch  532 | train 7.480276e-01 | val 7.341288e-01 |   1.421 s | best 7.341288e-01 @532 *
epoch  533 | train 7.441467e-01 | val 7.341151e-01 |   1.363 s | best 7.341151e-01 @533 *
epoch  534 | train 7.504981e-01 | val 7.341038e-01 |   1.384 s | best 7.341038e-01 @534 *
epoch  535 | train 7.441581e-01 | val 7.340952e-01 |   1.384 s | best 7.340952e-01 @535 *
epoch  536 | train 7.441365e-01 | val 7.340877e-01 |   1.383 s | best 7.340877e-01 @536 *
epoch  537 | train 7.495594e-01 | val 7.340737e-01 |   1.389 s | best 7.340737e-01 @537 *
epoch  538 | train 7.455066e-01 | val 7.340689e-01 |   1.385 s | best 7.340689e-01 @538 *
epoch  539 | train 7.497642e-01 | val 7.340545e-01 |   1.387 s | best 7.340545e-01 @539 *
epoch  540 | train 7.473635e-01 | val 7.340418e-01 |   1.470 s | best 7.340418e-01 @540 *
epoch  541 | train 7.409250e-01 | val 7.340289e-01 |   1.435 s | best 7.340289e-01 @541 *
epoch  542 | train 7.440266e-01 | val 7.340136e-01 |   1.455 s | best 7.340136e-01 @542 *
epoch  543 | train 7.446355e-01 | val 7.339997e-01 |   1.458 s | best 7.339997e-01 @543 *
epoch  544 | train 7.472063e-01 | val 7.339799e-01 |   1.451 s | best 7.339799e-01 @544 *
epoch  545 | train 7.461105e-01 | val 7.339635e-01 |   1.428 s | best 7.339635e-01 @545 *
epoch  546 | train 7.453918e-01 | val 7.339502e-01 |   1.455 s | best 7.339502e-01 @546 *
epoch  547 | train 7.418224e-01 | val 7.339363e-01 |   1.441 s | best 7.339363e-01 @547 *
epoch  548 | train 7.473442e-01 | val 7.339206e-01 |   1.440 s | best 7.339206e-01 @548 *
epoch  549 | train 7.485233e-01 | val 7.339062e-01 |   1.455 s | best 7.339062e-01 @549 *
epoch  550 | train 7.453869e-01 | val 7.338898e-01 |   1.454 s | best 7.338898e-01 @550 *
epoch  551 | train 7.519742e-01 | val 7.338676e-01 |   1.438 s | best 7.338676e-01 @551 *
epoch  552 | train 7.496466e-01 | val 7.338514e-01 |   1.439 s | best 7.338514e-01 @552 *
epoch  553 | train 7.474519e-01 | val 7.338350e-01 |   1.404 s | best 7.338350e-01 @553 *
epoch  554 | train 7.407681e-01 | val 7.338196e-01 |   1.392 s | best 7.338196e-01 @554 *
epoch  555 | train 7.458034e-01 | val 7.338056e-01 |   1.388 s | best 7.338056e-01 @555 *
epoch  556 | train 7.417084e-01 | val 7.337899e-01 |   1.388 s | best 7.337899e-01 @556 *
epoch  557 | train 7.460157e-01 | val 7.337707e-01 |   1.389 s | best 7.337707e-01 @557 *
epoch  558 | train 7.411227e-01 | val 7.337566e-01 |   1.387 s | best 7.337566e-01 @558 *
epoch  559 | train 7.460272e-01 | val 7.337368e-01 |   1.392 s | best 7.337368e-01 @559 *
epoch  560 | train 7.398644e-01 | val 7.337210e-01 |   1.387 s | best 7.337210e-01 @560 *
epoch  561 | train 7.469005e-01 | val 7.337151e-01 |   1.388 s | best 7.337151e-01 @561 *
epoch  562 | train 7.474528e-01 | val 7.337055e-01 |   1.381 s | best 7.337055e-01 @562 *
epoch  563 | train 7.479203e-01 | val 7.336920e-01 |   1.404 s | best 7.336920e-01 @563 *
epoch  564 | train 7.419571e-01 | val 7.336798e-01 |   1.354 s | best 7.336798e-01 @564 *
epoch  565 | train 7.406078e-01 | val 7.336684e-01 |   1.405 s | best 7.336684e-01 @565 *
epoch  566 | train 7.475690e-01 | val 7.336556e-01 |   1.207 s | best 7.336556e-01 @566 *
epoch  567 | train 7.519105e-01 | val 7.336411e-01 |   1.356 s | best 7.336411e-01 @567 *
epoch  568 | train 7.497938e-01 | val 7.336287e-01 |   1.342 s | best 7.336287e-01 @568 *
epoch  569 | train 7.470240e-01 | val 7.336133e-01 |   1.349 s | best 7.336133e-01 @569 *
epoch  570 | train 7.436613e-01 | val 7.335963e-01 |   1.344 s | best 7.335963e-01 @570 *
epoch  571 | train 7.437541e-01 | val 7.335837e-01 |   1.347 s | best 7.335837e-01 @571 *
epoch  572 | train 7.437138e-01 | val 7.335670e-01 |   1.359 s | best 7.335670e-01 @572 *
epoch  573 | train 7.426060e-01 | val 7.335572e-01 |   1.342 s | best 7.335572e-01 @573 *
epoch  574 | train 7.487379e-01 | val 7.335485e-01 |   1.351 s | best 7.335485e-01 @574 *
epoch  575 | train 7.430859e-01 | val 7.335349e-01 |   1.360 s | best 7.335349e-01 @575 *
epoch  576 | train 7.449398e-01 | val 7.335197e-01 |   1.342 s | best 7.335197e-01 @576 *
epoch  577 | train 7.507784e-01 | val 7.335043e-01 |   1.359 s | best 7.335043e-01 @577 *
epoch  578 | train 7.505154e-01 | val 7.334848e-01 |   1.350 s | best 7.334848e-01 @578 *
epoch  579 | train 7.457711e-01 | val 7.334757e-01 |   1.346 s | best 7.334757e-01 @579 *
epoch  580 | train 7.428325e-01 | val 7.334524e-01 |   1.371 s | best 7.334524e-01 @580 *
epoch  581 | train 7.470900e-01 | val 7.334356e-01 |   1.345 s | best 7.334356e-01 @581 *
epoch  582 | train 7.420203e-01 | val 7.334179e-01 |   1.359 s | best 7.334179e-01 @582 *
epoch  583 | train 7.435879e-01 | val 7.333975e-01 |   1.361 s | best 7.333975e-01 @583 *
epoch  584 | train 7.486122e-01 | val 7.333854e-01 |   1.342 s | best 7.333854e-01 @584 *
epoch  585 | train 7.435853e-01 | val 7.333654e-01 |   1.367 s | best 7.333654e-01 @585 *
epoch  586 | train 7.454488e-01 | val 7.333573e-01 |   1.365 s | best 7.333573e-01 @586 *
epoch  587 | train 7.466313e-01 | val 7.333406e-01 |   1.345 s | best 7.333406e-01 @587 *
epoch  588 | train 7.472034e-01 | val 7.333295e-01 |   1.368 s | best 7.333295e-01 @588 *
epoch  589 | train 7.413163e-01 | val 7.333214e-01 |   1.355 s | best 7.333214e-01 @589 *
epoch  590 | train 7.487351e-01 | val 7.333156e-01 |   1.348 s | best 7.333156e-01 @590 *
epoch  591 | train 7.473295e-01 | val 7.333061e-01 |   1.356 s | best 7.333061e-01 @591 *
epoch  592 | train 7.412518e-01 | val 7.332925e-01 |   1.345 s | best 7.332925e-01 @592 *
epoch  593 | train 7.470730e-01 | val 7.332807e-01 |   1.377 s | best 7.332807e-01 @593 *
epoch  594 | train 7.476300e-01 | val 7.332677e-01 |   1.379 s | best 7.332677e-01 @594 *
epoch  595 | train 7.483901e-01 | val 7.332600e-01 |   1.357 s | best 7.332600e-01 @595 *
epoch  596 | train 7.486798e-01 | val 7.332525e-01 |   1.384 s | best 7.332525e-01 @596 *
epoch  597 | train 7.450822e-01 | val 7.332381e-01 |   1.365 s | best 7.332381e-01 @597 *
epoch  598 | train 7.464537e-01 | val 7.332228e-01 |   1.404 s | best 7.332228e-01 @598 *
epoch  599 | train 7.508528e-01 | val 7.332045e-01 |   1.377 s | best 7.332045e-01 @599 *
epoch  600 | train 7.456757e-01 | val 7.331939e-01 |   1.380 s | best 7.331939e-01 @600 *
# done        : 600 epochs, stopped_by=max_epochs, aborted=False, best val 7.331939e-01 @ epoch 600, wall 864.1 s, 1.440 s/epoch
