
# ===== 2026-09-21 04:50:24 KST  HPO attempt 18  testbed D1 prior S  Nr=8 Nt=4
# DEVICE      : cuda | cuda_available=True | NVIDIA RTX PRO 6000 Blackwell Server Edition | torch 2.14.0+cu130 | train dtype float32 (01_RULES §9.5)
# data        : n_train=9000 n_val=1000 split_hash=98d6225d67f9c15a E||H||_F^2/(NrNt)=1.000268 (04_SPEC §2)
# sigma grid  : MEASURED, 20 points, log-uniform draw over [3.2936e-02, 7.9084e-01]
# hp          : {'arch': 'unet', 'param': 've', 'domain': 'angle', 'lr': 0.00028749315469643155, 'ema': 0.99, 'batch': 512, 'emb': 128, 'width': 128, 'depth': 4}  params=16683394
# stopping    : patience 15 on val loss, never before 0 epochs, max 600 (01_RULES §5)
epoch    1 | train 9.106653e-01 | val 9.731742e-01 |   0.843 s | best 9.731742e-01 @1 *
epoch    2 | train 7.933561e-01 | val 9.284771e-01 |   0.820 s | best 9.284771e-01 @2 *
epoch    3 | train 7.727542e-01 | val 8.788415e-01 |   0.831 s | best 8.788415e-01 @3 *
epoch    4 | train 7.597071e-01 | val 8.372510e-01 |   0.852 s | best 8.372510e-01 @4 *
epoch    5 | train 7.609533e-01 | val 8.064622e-01 |   0.877 s | best 8.064622e-01 @5 *
epoch    6 | train 7.590941e-01 | val 7.848741e-01 |   0.838 s | best 7.848741e-01 @6 *
epoch    7 | train 7.555349e-01 | val 7.695385e-01 |   0.850 s | best 7.695385e-01 @7 *
epoch    8 | train 7.535914e-01 | val 7.587819e-01 |   0.825 s | best 7.587819e-01 @8 *
epoch    9 | train 7.473764e-01 | val 7.511449e-01 |   0.837 s | best 7.511449e-01 @9 *
epoch   10 | train 7.465513e-01 | val 7.456661e-01 |   0.824 s | best 7.456661e-01 @10 *
epoch   11 | train 7.448371e-01 | val 7.416605e-01 |   0.880 s | best 7.416605e-01 @11 *
epoch   12 | train 7.407125e-01 | val 7.388688e-01 |   0.884 s | best 7.388688e-01 @12 *
epoch   13 | train 7.469197e-01 | val 7.368879e-01 |   0.837 s | best 7.368879e-01 @13 *
epoch   14 | train 7.461883e-01 | val 7.354196e-01 |   0.875 s | best 7.354196e-01 @14 *
epoch   15 | train 7.448696e-01 | val 7.342744e-01 |   0.842 s | best 7.342744e-01 @15 *
epoch   16 | train 7.436169e-01 | val 7.333626e-01 |   0.836 s | best 7.333626e-01 @16 *
epoch   17 | train 7.416533e-01 | val 7.326909e-01 |   0.834 s | best 7.326909e-01 @17 *
epoch   18 | train 7.480755e-01 | val 7.321128e-01 |   0.833 s | best 7.321128e-01 @18 *
epoch   19 | train 7.417761e-01 | val 7.316822e-01 |   0.834 s | best 7.316822e-01 @19 *
epoch   20 | train 7.452032e-01 | val 7.313367e-01 |   0.836 s | best 7.313367e-01 @20 *
epoch   21 | train 7.466373e-01 | val 7.310813e-01 |   0.837 s | best 7.310813e-01 @21 *
epoch   22 | train 7.432742e-01 | val 7.307918e-01 |   0.849 s | best 7.307918e-01 @22 *
epoch   23 | train 7.444650e-01 | val 7.305557e-01 |   0.836 s | best 7.305557e-01 @23 *
epoch   24 | train 7.445045e-01 | val 7.303135e-01 |   0.832 s | best 7.303135e-01 @24 *
epoch   25 | train 7.433909e-01 | val 7.301657e-01 |   0.831 s | best 7.301657e-01 @25 *
epoch   26 | train 7.420127e-01 | val 7.299882e-01 |   0.845 s | best 7.299882e-01 @26 *
epoch   27 | train 7.492667e-01 | val 7.298289e-01 |   0.841 s | best 7.298289e-01 @27 *
epoch   28 | train 7.460712e-01 | val 7.297662e-01 |   0.835 s | best 7.297662e-01 @28 *
epoch   29 | train 7.446195e-01 | val 7.296951e-01 |   0.863 s | best 7.296951e-01 @29 *
epoch   30 | train 7.412077e-01 | val 7.296398e-01 |   0.840 s | best 7.296398e-01 @30 *
epoch   31 | train 7.414582e-01 | val 7.296484e-01 |   0.853 s | best 7.296398e-01 @30
epoch   32 | train 7.431444e-01 | val 7.295880e-01 |   0.864 s | best 7.295880e-01 @32 *
epoch   33 | train 7.430225e-01 | val 7.295215e-01 |   0.832 s | best 7.295215e-01 @33 *
epoch   34 | train 7.501936e-01 | val 7.294936e-01 |   0.815 s | best 7.294936e-01 @34 *
epoch   35 | train 7.433275e-01 | val 7.295154e-01 |   0.821 s | best 7.294936e-01 @34
epoch   36 | train 7.419288e-01 | val 7.294791e-01 |   0.818 s | best 7.294791e-01 @36 *
epoch   37 | train 7.416739e-01 | val 7.294986e-01 |   0.819 s | best 7.294791e-01 @36
epoch   38 | train 7.404272e-01 | val 7.295134e-01 |   0.817 s | best 7.294791e-01 @36
epoch   39 | train 7.425395e-01 | val 7.296119e-01 |   0.810 s | best 7.294791e-01 @36
epoch   40 | train 7.410012e-01 | val 7.296664e-01 |   0.823 s | best 7.294791e-01 @36
epoch   41 | train 7.427040e-01 | val 7.296587e-01 |   0.814 s | best 7.294791e-01 @36
epoch   42 | train 7.371604e-01 | val 7.296287e-01 |   0.853 s | best 7.294791e-01 @36
epoch   43 | train 7.375402e-01 | val 7.296515e-01 |   0.831 s | best 7.294791e-01 @36
epoch   44 | train 7.410491e-01 | val 7.295900e-01 |   0.832 s | best 7.294791e-01 @36
epoch   45 | train 7.431551e-01 | val 7.295233e-01 |   0.858 s | best 7.294791e-01 @36
epoch   46 | train 7.402926e-01 | val 7.295226e-01 |   0.854 s | best 7.294791e-01 @36
epoch   47 | train 7.358467e-01 | val 7.295540e-01 |   0.855 s | best 7.294791e-01 @36
epoch   48 | train 7.430780e-01 | val 7.296040e-01 |   0.866 s | best 7.294791e-01 @36
epoch   49 | train 7.369462e-01 | val 7.296242e-01 |   0.855 s | best 7.294791e-01 @36
epoch   50 | train 7.404096e-01 | val 7.296160e-01 |   0.851 s | best 7.294791e-01 @36
epoch   51 | train 7.383190e-01 | val 7.296786e-01 |   0.830 s | best 7.294791e-01 @36
# done        : 51 epochs, stopped_by=patience, aborted=False, best val 7.294791e-01 @ epoch 36, wall 69.7 s, 1.367 s/epoch
