
# ===== 2026-09-21 03:03:31 KST  HPO attempt 1  testbed D1 prior S  Nr=8 Nt=4
# DEVICE      : cuda | cuda_available=True | NVIDIA RTX PRO 6000 Blackwell Server Edition | torch 2.14.0+cu130 | train dtype float32 (01_RULES §9.5)
# data        : n_train=9000 n_val=1000 split_hash=98d6225d67f9c15a E||H||_F^2/(NrNt)=1.000268 (04_SPEC §2)
# sigma grid  : MEASURED, 20 points, log-uniform draw over [3.2936e-02, 7.9084e-01]
# hp          : {'arch': 'unet', 'param': 've', 'domain': 'pixel', 'lr': 0.0038939971924836056, 'ema': 0.9995, 'batch': 128, 'emb': 64, 'width': 96, 'depth': 4}  params=9376034
# stopping    : patience 15 on val loss, never before 0 epochs, max 600 (01_RULES §5)
epoch    1 | train 1.012982e+00 | val 9.828852e-01 |   1.680 s | best 9.828852e-01 @1 *
epoch    2 | train 1.002072e+00 | val 9.791172e-01 |   1.849 s | best 9.791172e-01 @2 *
epoch    3 | train 1.004498e+00 | val 9.772891e-01 |   1.853 s | best 9.772891e-01 @3 *
epoch    4 | train 1.002006e+00 | val 9.759127e-01 |   1.834 s | best 9.759127e-01 @4 *
epoch    5 | train 1.000276e+00 | val 9.745984e-01 |   1.804 s | best 9.745984e-01 @5 *
epoch    6 | train 9.652923e-01 | val 9.723659e-01 |   1.840 s | best 9.723659e-01 @6 *
epoch    7 | train 9.530620e-01 | val 9.712158e-01 |   1.919 s | best 9.712158e-01 @7 *
epoch    8 | train 9.421505e-01 | val 9.707044e-01 |   1.850 s | best 9.707044e-01 @8 *
epoch    9 | train 9.181889e-01 | val 9.708150e-01 |   1.852 s | best 9.707044e-01 @8
epoch   10 | train 8.804347e-01 | val 9.709483e-01 |   1.830 s | best 9.707044e-01 @8
epoch   11 | train 8.710623e-01 | val 9.709144e-01 |   1.811 s | best 9.707044e-01 @8
epoch   12 | train 8.678562e-01 | val 9.696902e-01 |   1.820 s | best 9.696902e-01 @12 *
epoch   13 | train 8.691540e-01 | val 9.670812e-01 |   1.842 s | best 9.670812e-01 @13 *
epoch   14 | train 8.652227e-01 | val 9.633042e-01 |   1.854 s | best 9.633042e-01 @14 *
epoch   15 | train 8.554119e-01 | val 9.585359e-01 |   1.919 s | best 9.585359e-01 @15 *
epoch   16 | train 8.409586e-01 | val 9.532741e-01 |   1.873 s | best 9.532741e-01 @16 *
epoch   17 | train 8.360344e-01 | val 9.480108e-01 |   1.866 s | best 9.480108e-01 @17 *
epoch   18 | train 8.347385e-01 | val 9.424868e-01 |   1.869 s | best 9.424868e-01 @18 *
epoch   19 | train 8.261270e-01 | val 9.368310e-01 |   1.870 s | best 9.368310e-01 @19 *
epoch   20 | train 8.158123e-01 | val 9.312117e-01 |   1.878 s | best 9.312117e-01 @20 *
epoch   21 | train 8.043401e-01 | val 9.254738e-01 |   1.866 s | best 9.254738e-01 @21 *
epoch   22 | train 8.048025e-01 | val 9.197335e-01 |   1.868 s | best 9.197335e-01 @22 *
epoch   23 | train 7.965281e-01 | val 9.137293e-01 |   1.875 s | best 9.137293e-01 @23 *
epoch   24 | train 7.912308e-01 | val 9.076929e-01 |   1.861 s | best 9.076929e-01 @24 *
epoch   25 | train 7.949813e-01 | val 9.018226e-01 |   1.866 s | best 9.018226e-01 @25 *
epoch   26 | train 7.894330e-01 | val 8.960781e-01 |   1.861 s | best 8.960781e-01 @26 *
epoch   27 | train 7.898815e-01 | val 8.903389e-01 |   1.878 s | best 8.903389e-01 @27 *
epoch   28 | train 7.895858e-01 | val 8.846757e-01 |   1.878 s | best 8.846757e-01 @28 *
epoch   29 | train 7.867430e-01 | val 8.791575e-01 |   1.864 s | best 8.791575e-01 @29 *
epoch   30 | train 7.867581e-01 | val 8.738401e-01 |   1.866 s | best 8.738401e-01 @30 *
epoch   31 | train 7.817716e-01 | val 8.686333e-01 |   1.871 s | best 8.686333e-01 @31 *
epoch   32 | train 7.824525e-01 | val 8.636046e-01 |   1.861 s | best 8.636046e-01 @32 *
epoch   33 | train 7.829380e-01 | val 8.586352e-01 |   1.868 s | best 8.586352e-01 @33 *
epoch   34 | train 7.838251e-01 | val 8.538108e-01 |   1.872 s | best 8.538108e-01 @34 *
epoch   35 | train 7.813632e-01 | val 8.491371e-01 |   1.857 s | best 8.491371e-01 @35 *
epoch   36 | train 7.813951e-01 | val 8.445429e-01 |   1.864 s | best 8.445429e-01 @36 *
epoch   37 | train 7.788697e-01 | val 8.400634e-01 |   1.866 s | best 8.400634e-01 @37 *
epoch   38 | train 7.820942e-01 | val 8.356546e-01 |   1.899 s | best 8.356546e-01 @38 *
epoch   39 | train 7.823532e-01 | val 8.313630e-01 |   1.869 s | best 8.313630e-01 @39 *
epoch   40 | train 7.796546e-01 | val 8.271617e-01 |   1.864 s | best 8.271617e-01 @40 *
epoch   41 | train 7.837370e-01 | val 8.231770e-01 |   1.874 s | best 8.231770e-01 @41 *
epoch   42 | train 7.769909e-01 | val 8.193613e-01 |   1.840 s | best 8.193613e-01 @42 *
epoch   43 | train 7.782783e-01 | val 8.156856e-01 |   1.804 s | best 8.156856e-01 @43 *
epoch   44 | train 7.691639e-01 | val 8.121248e-01 |   1.801 s | best 8.121248e-01 @44 *
epoch   45 | train 7.683869e-01 | val 8.087739e-01 |   1.798 s | best 8.087739e-01 @45 *
epoch   46 | train 7.731398e-01 | val 8.056772e-01 |   1.795 s | best 8.056772e-01 @46 *
epoch   47 | train 7.670742e-01 | val 8.027709e-01 |   1.523 s | best 8.027709e-01 @47 *
epoch   48 | train 7.712749e-01 | val 8.000441e-01 |   1.797 s | best 8.000441e-01 @48 *
epoch   49 | train 7.650713e-01 | val 7.974085e-01 |   1.832 s | best 7.974085e-01 @49 *
epoch   50 | train 7.687597e-01 | val 7.949756e-01 |   1.804 s | best 7.949756e-01 @50 *
epoch   51 | train 7.612452e-01 | val 7.926415e-01 |   1.794 s | best 7.926415e-01 @51 *
epoch   52 | train 7.588099e-01 | val 7.904294e-01 |   1.806 s | best 7.904294e-01 @52 *
epoch   53 | train 7.569505e-01 | val 7.882522e-01 |   1.803 s | best 7.882522e-01 @53 *
epoch   54 | train 7.532342e-01 | val 7.861871e-01 |   1.811 s | best 7.861871e-01 @54 *
epoch   55 | train 7.555568e-01 | val 7.842401e-01 |   1.812 s | best 7.842401e-01 @55 *
epoch   56 | train 7.527389e-01 | val 7.823728e-01 |   1.805 s | best 7.823728e-01 @56 *
epoch   57 | train 7.521947e-01 | val 7.805547e-01 |   1.810 s | best 7.805547e-01 @57 *
epoch   58 | train 7.514425e-01 | val 7.788362e-01 |   1.811 s | best 7.788362e-01 @58 *
epoch   59 | train 7.579160e-01 | val 7.771289e-01 |   1.842 s | best 7.771289e-01 @59 *
epoch   60 | train 7.538243e-01 | val 7.754685e-01 |   1.951 s | best 7.754685e-01 @60 *
epoch   61 | train 7.521412e-01 | val 7.738557e-01 |   1.950 s | best 7.738557e-01 @61 *
epoch   62 | train 7.545716e-01 | val 7.722829e-01 |   1.946 s | best 7.722829e-01 @62 *
epoch   63 | train 7.518929e-01 | val 7.707713e-01 |   1.940 s | best 7.707713e-01 @63 *
epoch   64 | train 7.510081e-01 | val 7.692414e-01 |   1.955 s | best 7.692414e-01 @64 *
epoch   65 | train 7.481636e-01 | val 7.677419e-01 |   1.764 s | best 7.677419e-01 @65 *
epoch   66 | train 7.519479e-01 | val 7.662911e-01 |   2.012 s | best 7.662911e-01 @66 *
epoch   67 | train 7.508521e-01 | val 7.648400e-01 |   1.964 s | best 7.648400e-01 @67 *
epoch   68 | train 7.497679e-01 | val 7.634242e-01 |   1.958 s | best 7.634242e-01 @68 *
epoch   69 | train 7.495802e-01 | val 7.620300e-01 |   1.941 s | best 7.620300e-01 @69 *
epoch   70 | train 7.510017e-01 | val 7.606506e-01 |   1.897 s | best 7.606506e-01 @70 *
epoch   71 | train 7.483630e-01 | val 7.593340e-01 |   1.876 s | best 7.593340e-01 @71 *
epoch   72 | train 7.512405e-01 | val 7.580043e-01 |   1.908 s | best 7.580043e-01 @72 *
epoch   73 | train 7.539434e-01 | val 7.567446e-01 |   1.955 s | best 7.567446e-01 @73 *
epoch   74 | train 7.521816e-01 | val 7.555096e-01 |   1.949 s | best 7.555096e-01 @74 *
epoch   75 | train 7.495748e-01 | val 7.543269e-01 |   1.964 s | best 7.543269e-01 @75 *
epoch   76 | train 7.468878e-01 | val 7.531920e-01 |   1.958 s | best 7.531920e-01 @76 *
epoch   77 | train 7.493967e-01 | val 7.521023e-01 |   1.962 s | best 7.521023e-01 @77 *
epoch   78 | train 7.497328e-01 | val 7.510462e-01 |   1.962 s | best 7.510462e-01 @78 *
epoch   79 | train 7.488347e-01 | val 7.500222e-01 |   1.903 s | best 7.500222e-01 @79 *
epoch   80 | train 7.545272e-01 | val 7.490475e-01 |   1.634 s | best 7.490475e-01 @80 *
epoch   81 | train 7.491719e-01 | val 7.480963e-01 |   1.866 s | best 7.480963e-01 @81 *
epoch   82 | train 7.514904e-01 | val 7.471957e-01 |   1.818 s | best 7.471957e-01 @82 *
epoch   83 | train 7.468587e-01 | val 7.463474e-01 |   1.805 s | best 7.463474e-01 @83 *
epoch   84 | train 7.508912e-01 | val 7.455252e-01 |   1.799 s | best 7.455252e-01 @84 *
epoch   85 | train 7.475380e-01 | val 7.447637e-01 |   1.794 s | best 7.447637e-01 @85 *
epoch   86 | train 7.491330e-01 | val 7.440198e-01 |   1.796 s | best 7.440198e-01 @86 *
epoch   87 | train 7.531564e-01 | val 7.433519e-01 |   1.801 s | best 7.433519e-01 @87 *
epoch   88 | train 7.480455e-01 | val 7.427076e-01 |   1.797 s | best 7.427076e-01 @88 *
epoch   89 | train 7.461455e-01 | val 7.421125e-01 |   1.815 s | best 7.421125e-01 @89 *
epoch   90 | train 7.436445e-01 | val 7.415596e-01 |   1.820 s | best 7.415596e-01 @90 *
epoch   91 | train 7.432346e-01 | val 7.410188e-01 |   1.820 s | best 7.410188e-01 @91 *
epoch   92 | train 7.488796e-01 | val 7.405023e-01 |   1.817 s | best 7.405023e-01 @92 *
epoch   93 | train 7.476466e-01 | val 7.400073e-01 |   1.820 s | best 7.400073e-01 @93 *
epoch   94 | train 7.473932e-01 | val 7.395654e-01 |   1.818 s | best 7.395654e-01 @94 *
epoch   95 | train 7.447272e-01 | val 7.391624e-01 |   1.820 s | best 7.391624e-01 @95 *
epoch   96 | train 7.455660e-01 | val 7.387691e-01 |   1.865 s | best 7.387691e-01 @96 *
epoch   97 | train 7.446963e-01 | val 7.383901e-01 |   1.911 s | best 7.383901e-01 @97 *
epoch   98 | train 7.494038e-01 | val 7.380126e-01 |   1.880 s | best 7.380126e-01 @98 *
epoch   99 | train 7.486138e-01 | val 7.376647e-01 |   1.870 s | best 7.376647e-01 @99 *
epoch  100 | train 7.436261e-01 | val 7.373339e-01 |   1.863 s | best 7.373339e-01 @100 *
epoch  101 | train 7.512384e-01 | val 7.370226e-01 |   1.872 s | best 7.370226e-01 @101 *
epoch  102 | train 7.453955e-01 | val 7.367121e-01 |   1.864 s | best 7.367121e-01 @102 *
epoch  103 | train 7.455258e-01 | val 7.364180e-01 |   1.138 s | best 7.364180e-01 @103 *
epoch  104 | train 7.491787e-01 | val 7.361329e-01 |   0.481 s | best 7.361329e-01 @104 *
epoch  105 | train 7.464923e-01 | val 7.358778e-01 |   0.559 s | best 7.358778e-01 @105 *
epoch  106 | train 7.474710e-01 | val 7.356458e-01 |   0.541 s | best 7.356458e-01 @106 *
epoch  107 | train 7.478650e-01 | val 7.354155e-01 |   0.524 s | best 7.354155e-01 @107 *
epoch  108 | train 7.475517e-01 | val 7.352076e-01 |   0.479 s | best 7.352076e-01 @108 *
epoch  109 | train 7.458800e-01 | val 7.350034e-01 |   0.506 s | best 7.350034e-01 @109 *
epoch  110 | train 7.412134e-01 | val 7.348086e-01 |   0.546 s | best 7.348086e-01 @110 *
epoch  111 | train 7.456671e-01 | val 7.346557e-01 |   0.532 s | best 7.346557e-01 @111 *
epoch  112 | train 7.461306e-01 | val 7.345000e-01 |   0.480 s | best 7.345000e-01 @112 *
epoch  113 | train 7.471188e-01 | val 7.343425e-01 |   0.482 s | best 7.343425e-01 @113 *
epoch  114 | train 7.492445e-01 | val 7.342004e-01 |   0.562 s | best 7.342004e-01 @114 *
epoch  115 | train 7.446652e-01 | val 7.340520e-01 |   0.539 s | best 7.340520e-01 @115 *
epoch  116 | train 7.466585e-01 | val 7.338909e-01 |   0.482 s | best 7.338909e-01 @116 *
epoch  117 | train 7.503712e-01 | val 7.337499e-01 |   0.483 s | best 7.337499e-01 @117 *
epoch  118 | train 7.440209e-01 | val 7.336109e-01 |   0.579 s | best 7.336109e-01 @118 *
epoch  119 | train 7.475909e-01 | val 7.334825e-01 |   0.537 s | best 7.334825e-01 @119 *
epoch  120 | train 7.478248e-01 | val 7.333596e-01 |   0.498 s | best 7.333596e-01 @120 *
epoch  121 | train 7.458748e-01 | val 7.332525e-01 |   0.479 s | best 7.332525e-01 @121 *
epoch  122 | train 7.405816e-01 | val 7.331522e-01 |   0.561 s | best 7.331522e-01 @122 *
epoch  123 | train 7.426385e-01 | val 7.330489e-01 |   0.539 s | best 7.330489e-01 @123 *
epoch  124 | train 7.482330e-01 | val 7.329487e-01 |   0.496 s | best 7.329487e-01 @124 *
epoch  125 | train 7.411217e-01 | val 7.328604e-01 |   0.482 s | best 7.328604e-01 @125 *
epoch  126 | train 7.453715e-01 | val 7.327963e-01 |   0.551 s | best 7.327963e-01 @126 *
epoch  127 | train 7.459476e-01 | val 7.327621e-01 |   0.539 s | best 7.327621e-01 @127 *
epoch  128 | train 7.493949e-01 | val 7.326963e-01 |   0.530 s | best 7.326963e-01 @128 *
epoch  129 | train 7.429861e-01 | val 7.326382e-01 |   0.481 s | best 7.326382e-01 @129 *
epoch  130 | train 7.437499e-01 | val 7.325941e-01 |   0.515 s | best 7.325941e-01 @130 *
epoch  131 | train 7.432790e-01 | val 7.325727e-01 |   0.550 s | best 7.325727e-01 @131 *
epoch  132 | train 7.429514e-01 | val 7.325274e-01 |   0.516 s | best 7.325274e-01 @132 *
epoch  133 | train 7.473797e-01 | val 7.324605e-01 |   0.480 s | best 7.324605e-01 @133 *
epoch  134 | train 7.443917e-01 | val 7.324264e-01 |   0.505 s | best 7.324264e-01 @134 *
epoch  135 | train 7.459144e-01 | val 7.323971e-01 |   0.555 s | best 7.323971e-01 @135 *
epoch  136 | train 7.445718e-01 | val 7.323958e-01 |   0.529 s | best 7.323958e-01 @136 *
epoch  137 | train 7.398750e-01 | val 7.323762e-01 |   0.481 s | best 7.323762e-01 @137 *
epoch  138 | train 7.418220e-01 | val 7.323370e-01 |   0.504 s | best 7.323370e-01 @138 *
epoch  139 | train 7.476866e-01 | val 7.322983e-01 |   0.548 s | best 7.322983e-01 @139 *
epoch  140 | train 7.455729e-01 | val 7.322736e-01 |   0.538 s | best 7.322736e-01 @140 *
epoch  141 | train 7.406245e-01 | val 7.322448e-01 |   0.480 s | best 7.322448e-01 @141 *
epoch  142 | train 7.455675e-01 | val 7.322164e-01 |   0.513 s | best 7.322164e-01 @142 *
epoch  143 | train 7.448931e-01 | val 7.321993e-01 |   0.544 s | best 7.321993e-01 @143 *
epoch  144 | train 7.448907e-01 | val 7.321532e-01 |   0.480 s | best 7.321532e-01 @144 *
epoch  145 | train 7.432108e-01 | val 7.321252e-01 |   0.479 s | best 7.321252e-01 @145 *
epoch  146 | train 7.477136e-01 | val 7.320900e-01 |   0.588 s | best 7.320900e-01 @146 *
epoch  147 | train 7.457887e-01 | val 7.320709e-01 |   0.496 s | best 7.320709e-01 @147 *
epoch  148 | train 7.437892e-01 | val 7.320340e-01 |   0.482 s | best 7.320340e-01 @148 *
epoch  149 | train 7.401650e-01 | val 7.319859e-01 |   0.503 s | best 7.319859e-01 @149 *
epoch  150 | train 7.389534e-01 | val 7.319600e-01 |   0.548 s | best 7.319600e-01 @150 *
epoch  151 | train 7.443825e-01 | val 7.319282e-01 |   0.479 s | best 7.319282e-01 @151 *
epoch  152 | train 7.437420e-01 | val 7.318876e-01 |   0.481 s | best 7.318876e-01 @152 *
epoch  153 | train 7.429672e-01 | val 7.318551e-01 |   0.559 s | best 7.318551e-01 @153 *
epoch  154 | train 7.432593e-01 | val 7.318047e-01 |   0.527 s | best 7.318047e-01 @154 *
epoch  155 | train 7.403614e-01 | val 7.317433e-01 |   0.480 s | best 7.317433e-01 @155 *
epoch  156 | train 7.463604e-01 | val 7.316859e-01 |   0.480 s | best 7.316859e-01 @156 *
epoch  157 | train 7.460187e-01 | val 7.316196e-01 |   0.581 s | best 7.316196e-01 @157 *
epoch  158 | train 7.397390e-01 | val 7.315744e-01 |   0.504 s | best 7.315744e-01 @158 *
epoch  159 | train 7.449586e-01 | val 7.314962e-01 |   0.480 s | best 7.314962e-01 @159 *
epoch  160 | train 7.452924e-01 | val 7.314423e-01 |   0.481 s | best 7.314423e-01 @160 *
epoch  161 | train 7.439932e-01 | val 7.313923e-01 |   0.567 s | best 7.313923e-01 @161 *
epoch  162 | train 7.437737e-01 | val 7.313367e-01 |   0.484 s | best 7.313367e-01 @162 *
epoch  163 | train 7.432100e-01 | val 7.312784e-01 |   0.480 s | best 7.312784e-01 @163 *
epoch  164 | train 7.461539e-01 | val 7.312475e-01 |   0.545 s | best 7.312475e-01 @164 *
epoch  165 | train 7.441071e-01 | val 7.311995e-01 |   0.541 s | best 7.311995e-01 @165 *
epoch  166 | train 7.444509e-01 | val 7.311575e-01 |   0.482 s | best 7.311575e-01 @166 *
epoch  167 | train 7.405300e-01 | val 7.311103e-01 |   0.482 s | best 7.311103e-01 @167 *
epoch  168 | train 7.369772e-01 | val 7.310653e-01 |   0.569 s | best 7.310653e-01 @168 *
epoch  169 | train 7.435583e-01 | val 7.310008e-01 |   0.518 s | best 7.310008e-01 @169 *
epoch  170 | train 7.383195e-01 | val 7.309468e-01 |   0.481 s | best 7.309468e-01 @170 *
epoch  171 | train 7.434720e-01 | val 7.308980e-01 |   0.481 s | best 7.308980e-01 @171 *
epoch  172 | train 7.380608e-01 | val 7.308590e-01 |   0.562 s | best 7.308590e-01 @172 *
epoch  173 | train 7.424909e-01 | val 7.308255e-01 |   0.501 s | best 7.308255e-01 @173 *
epoch  174 | train 7.404837e-01 | val 7.307650e-01 |   0.479 s | best 7.307650e-01 @174 *
epoch  175 | train 7.388510e-01 | val 7.307180e-01 |   0.480 s | best 7.307180e-01 @175 *
epoch  176 | train 7.435258e-01 | val 7.306783e-01 |   0.558 s | best 7.306783e-01 @176 *
epoch  177 | train 7.403730e-01 | val 7.306414e-01 |   0.486 s | best 7.306414e-01 @177 *
epoch  178 | train 7.372897e-01 | val 7.305923e-01 |   0.482 s | best 7.305923e-01 @178 *
epoch  179 | train 7.372980e-01 | val 7.305485e-01 |   0.521 s | best 7.305485e-01 @179 *
epoch  180 | train 7.436736e-01 | val 7.305087e-01 |   0.535 s | best 7.305087e-01 @180 *
epoch  181 | train 7.429919e-01 | val 7.304834e-01 |   0.548 s | best 7.304834e-01 @181 *
epoch  182 | train 7.459232e-01 | val 7.304500e-01 |   0.607 s | best 7.304500e-01 @182 *
epoch  183 | train 7.415594e-01 | val 7.304307e-01 |   0.548 s | best 7.304307e-01 @183 *
epoch  184 | train 7.446322e-01 | val 7.304198e-01 |   0.544 s | best 7.304198e-01 @184 *
epoch  185 | train 7.462659e-01 | val 7.304237e-01 |   0.549 s | best 7.304198e-01 @184
epoch  186 | train 7.446014e-01 | val 7.304252e-01 |   0.535 s | best 7.304198e-01 @184
epoch  187 | train 7.438309e-01 | val 7.304180e-01 |   0.549 s | best 7.304180e-01 @187 *
epoch  188 | train 7.385284e-01 | val 7.304097e-01 |   0.532 s | best 7.304097e-01 @188 *
epoch  189 | train 7.423079e-01 | val 7.303954e-01 |   0.557 s | best 7.303954e-01 @189 *
epoch  190 | train 7.376986e-01 | val 7.304035e-01 |   0.548 s | best 7.303954e-01 @189
epoch  191 | train 7.394439e-01 | val 7.303902e-01 |   0.574 s | best 7.303902e-01 @191 *
epoch  192 | train 7.342223e-01 | val 7.303855e-01 |   0.547 s | best 7.303855e-01 @192 *
epoch  193 | train 7.394018e-01 | val 7.303829e-01 |   0.593 s | best 7.303829e-01 @193 *
epoch  194 | train 7.441511e-01 | val 7.303874e-01 |   0.543 s | best 7.303829e-01 @193
epoch  195 | train 7.390066e-01 | val 7.303881e-01 |   0.592 s | best 7.303829e-01 @193
epoch  196 | train 7.436016e-01 | val 7.303895e-01 |   0.546 s | best 7.303829e-01 @193
epoch  197 | train 7.444849e-01 | val 7.303978e-01 |   0.573 s | best 7.303829e-01 @193
epoch  198 | train 7.407409e-01 | val 7.303944e-01 |   0.550 s | best 7.303829e-01 @193
epoch  199 | train 7.411637e-01 | val 7.303832e-01 |   0.595 s | best 7.303829e-01 @193
epoch  200 | train 7.398528e-01 | val 7.303646e-01 |   0.546 s | best 7.303646e-01 @200 *
epoch  201 | train 7.468966e-01 | val 7.303481e-01 |   0.885 s | best 7.303481e-01 @201 *
epoch  202 | train 7.431012e-01 | val 7.303562e-01 |   1.901 s | best 7.303481e-01 @201
epoch  203 | train 7.389958e-01 | val 7.303625e-01 |   1.888 s | best 7.303481e-01 @201
epoch  204 | train 7.401216e-01 | val 7.303758e-01 |   1.870 s | best 7.303481e-01 @201
epoch  205 | train 7.413891e-01 | val 7.303888e-01 |   1.867 s | best 7.303481e-01 @201
epoch  206 | train 7.395985e-01 | val 7.303975e-01 |   1.864 s | best 7.303481e-01 @201
epoch  207 | train 7.369108e-01 | val 7.304106e-01 |   1.842 s | best 7.303481e-01 @201
epoch  208 | train 7.400528e-01 | val 7.304107e-01 |   1.943 s | best 7.303481e-01 @201
epoch  209 | train 7.460317e-01 | val 7.304211e-01 |   1.867 s | best 7.303481e-01 @201
epoch  210 | train 7.404523e-01 | val 7.304491e-01 |   1.899 s | best 7.303481e-01 @201
epoch  211 | train 7.334102e-01 | val 7.304599e-01 |   1.831 s | best 7.303481e-01 @201
epoch  212 | train 7.437788e-01 | val 7.304679e-01 |   1.818 s | best 7.303481e-01 @201
epoch  213 | train 7.366327e-01 | val 7.304945e-01 |   1.845 s | best 7.303481e-01 @201
epoch  214 | train 7.406579e-01 | val 7.305166e-01 |   1.888 s | best 7.303481e-01 @201
epoch  215 | train 7.377421e-01 | val 7.305579e-01 |   1.859 s | best 7.303481e-01 @201
epoch  216 | train 7.355890e-01 | val 7.306064e-01 |   1.866 s | best 7.303481e-01 @201
# done        : 216 epochs, stopped_by=patience, aborted=False, best val 7.303481e-01 @ epoch 201, wall 324.8 s, 1.504 s/epoch
