
# ===== 2026-09-21 03:35:27 KST  HPO attempt 5  testbed D1 prior S  Nr=8 Nt=4
# DEVICE      : cuda | cuda_available=True | NVIDIA RTX PRO 6000 Blackwell Server Edition | torch 2.14.0+cu130 | train dtype float32 (01_RULES §9.5)
# data        : n_train=9000 n_val=1000 split_hash=98d6225d67f9c15a E||H||_F^2/(NrNt)=1.000268 (04_SPEC §2)
# sigma grid  : MEASURED, 20 points, log-uniform draw over [3.2936e-02, 7.9084e-01]
# hp          : {'arch': 'unet', 'param': 'vp', 'domain': 'angle', 'lr': 0.0006953280076112343, 'ema': 0.999, 'batch': 128, 'emb': 256, 'width': 64, 'depth': 4}  params=4225218
# stopping    : patience 15 on val loss, never before 0 epochs, max 600 (01_RULES §5)
epoch    1 | train 8.274200e-01 | val 9.759007e-01 |   1.052 s | best 9.759007e-01 @1 *
epoch    2 | train 7.627570e-01 | val 9.534065e-01 |   0.930 s | best 9.534065e-01 @2 *
epoch    3 | train 7.561598e-01 | val 9.295097e-01 |   1.026 s | best 9.295097e-01 @3 *
epoch    4 | train 7.537767e-01 | val 9.055430e-01 |   0.927 s | best 9.055430e-01 @4 *
epoch    5 | train 7.563855e-01 | val 8.827845e-01 |   1.025 s | best 8.827845e-01 @5 *
epoch    6 | train 7.535420e-01 | val 8.616738e-01 |   0.955 s | best 8.616738e-01 @6 *
epoch    7 | train 7.478242e-01 | val 8.428392e-01 |   1.025 s | best 8.428392e-01 @7 *
epoch    8 | train 7.485019e-01 | val 8.263497e-01 |   0.973 s | best 8.263497e-01 @8 *
epoch    9 | train 7.430170e-01 | val 8.121310e-01 |   0.953 s | best 8.121310e-01 @9 *
epoch   10 | train 7.505411e-01 | val 7.999744e-01 |   1.017 s | best 7.999744e-01 @10 *
epoch   11 | train 7.475013e-01 | val 7.896003e-01 |   0.950 s | best 7.896003e-01 @11 *
epoch   12 | train 7.470139e-01 | val 7.808908e-01 |   1.024 s | best 7.808908e-01 @12 *
epoch   13 | train 7.479928e-01 | val 7.735797e-01 |   0.934 s | best 7.735797e-01 @13 *
epoch   14 | train 7.455471e-01 | val 7.673307e-01 |   0.986 s | best 7.673307e-01 @14 *
epoch   15 | train 7.523819e-01 | val 7.620485e-01 |   0.895 s | best 7.620485e-01 @15 *
epoch   16 | train 7.465440e-01 | val 7.575374e-01 |   0.891 s | best 7.575374e-01 @16 *
epoch   17 | train 7.494076e-01 | val 7.537363e-01 |   0.909 s | best 7.537363e-01 @17 *
epoch   18 | train 7.471273e-01 | val 7.504234e-01 |   0.995 s | best 7.504234e-01 @18 *
epoch   19 | train 7.501147e-01 | val 7.476360e-01 |   0.989 s | best 7.476360e-01 @19 *
epoch   20 | train 7.449407e-01 | val 7.452329e-01 |   0.985 s | best 7.452329e-01 @20 *
epoch   21 | train 7.477938e-01 | val 7.431601e-01 |   1.002 s | best 7.431601e-01 @21 *
epoch   22 | train 7.473844e-01 | val 7.413588e-01 |   0.963 s | best 7.413588e-01 @22 *
epoch   23 | train 7.427175e-01 | val 7.398005e-01 |   1.020 s | best 7.398005e-01 @23 *
epoch   24 | train 7.449349e-01 | val 7.384670e-01 |   0.939 s | best 7.384670e-01 @24 *
epoch   25 | train 7.437468e-01 | val 7.372995e-01 |   1.023 s | best 7.372995e-01 @25 *
epoch   26 | train 7.438744e-01 | val 7.362857e-01 |   0.969 s | best 7.362857e-01 @26 *
epoch   27 | train 7.455373e-01 | val 7.354451e-01 |   1.020 s | best 7.354451e-01 @27 *
epoch   28 | train 7.476044e-01 | val 7.347106e-01 |   0.971 s | best 7.347106e-01 @28 *
epoch   29 | train 7.464381e-01 | val 7.341031e-01 |   1.017 s | best 7.341031e-01 @29 *
epoch   30 | train 7.428980e-01 | val 7.335547e-01 |   0.972 s | best 7.335547e-01 @30 *
epoch   31 | train 7.409842e-01 | val 7.330880e-01 |   1.024 s | best 7.330880e-01 @31 *
epoch   32 | train 7.459730e-01 | val 7.326245e-01 |   0.972 s | best 7.326245e-01 @32 *
epoch   33 | train 7.458912e-01 | val 7.322242e-01 |   1.021 s | best 7.322242e-01 @33 *
epoch   34 | train 7.406386e-01 | val 7.318684e-01 |   0.967 s | best 7.318684e-01 @34 *
epoch   35 | train 7.468216e-01 | val 7.315264e-01 |   1.023 s | best 7.315264e-01 @35 *
epoch   36 | train 7.419246e-01 | val 7.312614e-01 |   0.974 s | best 7.312614e-01 @36 *
epoch   37 | train 7.403537e-01 | val 7.309681e-01 |   1.016 s | best 7.309681e-01 @37 *
epoch   38 | train 7.415569e-01 | val 7.307090e-01 |   0.978 s | best 7.307090e-01 @38 *
epoch   39 | train 7.433058e-01 | val 7.305093e-01 |   1.029 s | best 7.305093e-01 @39 *
epoch   40 | train 7.412961e-01 | val 7.303014e-01 |   0.971 s | best 7.303014e-01 @40 *
epoch   41 | train 7.399828e-01 | val 7.301041e-01 |   1.024 s | best 7.301041e-01 @41 *
epoch   42 | train 7.435898e-01 | val 7.299638e-01 |   0.972 s | best 7.299638e-01 @42 *
epoch   43 | train 7.406986e-01 | val 7.298188e-01 |   0.954 s | best 7.298188e-01 @43 *
epoch   44 | train 7.409852e-01 | val 7.296995e-01 |   0.938 s | best 7.296995e-01 @44 *
epoch   45 | train 7.446276e-01 | val 7.295872e-01 |   0.893 s | best 7.295872e-01 @45 *
epoch   46 | train 7.411022e-01 | val 7.294776e-01 |   0.891 s | best 7.294776e-01 @46 *
epoch   47 | train 7.429062e-01 | val 7.293770e-01 |   0.894 s | best 7.293770e-01 @47 *
epoch   48 | train 7.378805e-01 | val 7.293169e-01 |   0.892 s | best 7.293169e-01 @48 *
epoch   49 | train 7.447744e-01 | val 7.292404e-01 |   0.894 s | best 7.292404e-01 @49 *
epoch   50 | train 7.376604e-01 | val 7.291662e-01 |   0.893 s | best 7.291662e-01 @50 *
epoch   51 | train 7.432230e-01 | val 7.290815e-01 |   0.891 s | best 7.290815e-01 @51 *
epoch   52 | train 7.429124e-01 | val 7.290068e-01 |   0.894 s | best 7.290068e-01 @52 *
epoch   53 | train 7.421710e-01 | val 7.289460e-01 |   0.894 s | best 7.289460e-01 @53 *
epoch   54 | train 7.401374e-01 | val 7.288840e-01 |   0.895 s | best 7.288840e-01 @54 *
epoch   55 | train 7.418989e-01 | val 7.288366e-01 |   0.892 s | best 7.288366e-01 @55 *
epoch   56 | train 7.442843e-01 | val 7.287836e-01 |   0.891 s | best 7.287836e-01 @56 *
epoch   57 | train 7.423186e-01 | val 7.287360e-01 |   0.894 s | best 7.287360e-01 @57 *
epoch   58 | train 7.432660e-01 | val 7.287263e-01 |   0.891 s | best 7.287263e-01 @58 *
epoch   59 | train 7.382015e-01 | val 7.287569e-01 |   0.893 s | best 7.287263e-01 @58
epoch   60 | train 7.407426e-01 | val 7.287538e-01 |   0.894 s | best 7.287263e-01 @58
epoch   61 | train 7.411965e-01 | val 7.287412e-01 |   0.893 s | best 7.287263e-01 @58
epoch   62 | train 7.416941e-01 | val 7.287126e-01 |   0.890 s | best 7.287126e-01 @62 *
epoch   63 | train 7.455896e-01 | val 7.286809e-01 |   0.891 s | best 7.286809e-01 @63 *
epoch   64 | train 7.423491e-01 | val 7.286654e-01 |   0.896 s | best 7.286654e-01 @64 *
epoch   65 | train 7.405266e-01 | val 7.286704e-01 |   0.890 s | best 7.286654e-01 @64
epoch   66 | train 7.383937e-01 | val 7.286702e-01 |   0.892 s | best 7.286654e-01 @64
epoch   67 | train 7.439779e-01 | val 7.286348e-01 |   0.894 s | best 7.286348e-01 @67 *
epoch   68 | train 7.426107e-01 | val 7.286302e-01 |   0.891 s | best 7.286302e-01 @68 *
epoch   69 | train 7.423016e-01 | val 7.286524e-01 |   0.892 s | best 7.286302e-01 @68
epoch   70 | train 7.432103e-01 | val 7.286559e-01 |   0.892 s | best 7.286302e-01 @68
epoch   71 | train 7.399084e-01 | val 7.286646e-01 |   0.892 s | best 7.286302e-01 @68
epoch   72 | train 7.363517e-01 | val 7.286674e-01 |   0.891 s | best 7.286302e-01 @68
epoch   73 | train 7.435438e-01 | val 7.286965e-01 |   0.893 s | best 7.286302e-01 @68
epoch   74 | train 7.370798e-01 | val 7.287136e-01 |   0.895 s | best 7.286302e-01 @68
epoch   75 | train 7.408999e-01 | val 7.287297e-01 |   0.892 s | best 7.286302e-01 @68
epoch   76 | train 7.372876e-01 | val 7.287254e-01 |   0.890 s | best 7.286302e-01 @68
epoch   77 | train 7.384351e-01 | val 7.286695e-01 |   0.895 s | best 7.286302e-01 @68
epoch   78 | train 7.396600e-01 | val 7.286605e-01 |   0.895 s | best 7.286302e-01 @68
epoch   79 | train 7.373904e-01 | val 7.286707e-01 |   0.893 s | best 7.286302e-01 @68
epoch   80 | train 7.437793e-01 | val 7.286869e-01 |   0.889 s | best 7.286302e-01 @68
epoch   81 | train 7.411574e-01 | val 7.287089e-01 |   0.893 s | best 7.286302e-01 @68
epoch   82 | train 7.383566e-01 | val 7.287061e-01 |   0.893 s | best 7.286302e-01 @68
epoch   83 | train 7.389654e-01 | val 7.287175e-01 |   0.892 s | best 7.286302e-01 @68
# done        : 83 epochs, stopped_by=patience, aborted=False, best val 7.286302e-01 @ epoch 68, wall 86.7 s, 1.044 s/epoch
