
# ===== 2026-09-21 05:25:19 KST  HPO attempt 24  testbed D1 prior S  Nr=8 Nt=4
# DEVICE      : cuda | cuda_available=True | NVIDIA RTX PRO 6000 Blackwell Server Edition | torch 2.14.0+cu130 | train dtype float32 (01_RULES §9.5)
# data        : n_train=9000 n_val=1000 split_hash=98d6225d67f9c15a E||H||_F^2/(NrNt)=1.000268 (04_SPEC §2)
# sigma grid  : MEASURED, 20 points, log-uniform draw over [3.2936e-02, 7.9084e-01]
# hp          : {'arch': 'unet', 'param': 've', 'domain': 'pixel', 'lr': 0.0013968157036887527, 'ema': 0.99, 'batch': 512, 'emb': 64, 'width': 128, 'depth': 4}  params=16650626
# stopping    : patience 15 on val loss, never before 0 epochs, max 600 (01_RULES §5)
epoch    1 | train 8.592469e-01 | val 9.534468e-01 |   0.437 s | best 9.534468e-01 @1 *
epoch    2 | train 7.883897e-01 | val 8.911696e-01 |   0.433 s | best 8.911696e-01 @2 *
epoch    3 | train 7.797751e-01 | val 8.488210e-01 |   0.529 s | best 8.488210e-01 @3 *
epoch    4 | train 7.774757e-01 | val 8.205331e-01 |   0.492 s | best 8.205331e-01 @4 *
epoch    5 | train 7.643087e-01 | val 7.989830e-01 |   0.525 s | best 7.989830e-01 @5 *
epoch    6 | train 7.611079e-01 | val 7.819624e-01 |   0.521 s | best 7.819624e-01 @6 *
epoch    7 | train 7.527731e-01 | val 7.691590e-01 |   0.467 s | best 7.691590e-01 @7 *
epoch    8 | train 7.537191e-01 | val 7.599289e-01 |   0.528 s | best 7.599289e-01 @8 *
epoch    9 | train 7.506009e-01 | val 7.529401e-01 |   0.530 s | best 7.529401e-01 @9 *
epoch   10 | train 7.489998e-01 | val 7.478065e-01 |   0.529 s | best 7.478065e-01 @10 *
epoch   11 | train 7.498965e-01 | val 7.439228e-01 |   0.530 s | best 7.439228e-01 @11 *
epoch   12 | train 7.493546e-01 | val 7.408822e-01 |   0.482 s | best 7.408822e-01 @12 *
epoch   13 | train 7.503498e-01 | val 7.387037e-01 |   0.475 s | best 7.387037e-01 @13 *
epoch   14 | train 7.457871e-01 | val 7.370778e-01 |   0.478 s | best 7.370778e-01 @14 *
epoch   15 | train 7.458642e-01 | val 7.357077e-01 |   0.528 s | best 7.357077e-01 @15 *
epoch   16 | train 7.470294e-01 | val 7.346244e-01 |   0.519 s | best 7.346244e-01 @16 *
epoch   17 | train 7.559852e-01 | val 7.338242e-01 |   0.530 s | best 7.338242e-01 @17 *
epoch   18 | train 7.457746e-01 | val 7.331846e-01 |   0.456 s | best 7.331846e-01 @18 *
epoch   19 | train 7.479147e-01 | val 7.326575e-01 |   0.524 s | best 7.326575e-01 @19 *
epoch   20 | train 7.507440e-01 | val 7.322359e-01 |   0.531 s | best 7.322359e-01 @20 *
epoch   21 | train 7.489100e-01 | val 7.319260e-01 |   0.529 s | best 7.319260e-01 @21 *
epoch   22 | train 7.472081e-01 | val 7.315313e-01 |   0.531 s | best 7.315313e-01 @22 *
epoch   23 | train 7.462950e-01 | val 7.312394e-01 |   0.495 s | best 7.312394e-01 @23 *
epoch   24 | train 7.479544e-01 | val 7.308893e-01 |   0.469 s | best 7.308893e-01 @24 *
epoch   25 | train 7.448610e-01 | val 7.306326e-01 |   0.547 s | best 7.306326e-01 @25 *
epoch   26 | train 7.454147e-01 | val 7.304520e-01 |   0.549 s | best 7.304520e-01 @26 *
epoch   27 | train 7.425117e-01 | val 7.302511e-01 |   0.572 s | best 7.302511e-01 @27 *
epoch   28 | train 7.511135e-01 | val 7.301599e-01 |   0.557 s | best 7.301599e-01 @28 *
epoch   29 | train 7.474516e-01 | val 7.300751e-01 |   0.568 s | best 7.300751e-01 @29 *
epoch   30 | train 7.447648e-01 | val 7.299849e-01 |   0.572 s | best 7.299849e-01 @30 *
epoch   31 | train 7.415043e-01 | val 7.299126e-01 |   0.531 s | best 7.299126e-01 @31 *
epoch   32 | train 7.464417e-01 | val 7.298660e-01 |   0.535 s | best 7.298660e-01 @32 *
epoch   33 | train 7.432485e-01 | val 7.298526e-01 |   0.567 s | best 7.298526e-01 @33 *
epoch   34 | train 7.445907e-01 | val 7.298200e-01 |   0.509 s | best 7.298200e-01 @34 *
epoch   35 | train 7.455994e-01 | val 7.297142e-01 |   0.486 s | best 7.297142e-01 @35 *
epoch   36 | train 7.437371e-01 | val 7.296621e-01 |   0.573 s | best 7.296621e-01 @36 *
epoch   37 | train 7.435644e-01 | val 7.295301e-01 |   0.532 s | best 7.295301e-01 @37 *
epoch   38 | train 7.524252e-01 | val 7.294811e-01 |   0.456 s | best 7.294811e-01 @38 *
epoch   39 | train 7.413131e-01 | val 7.294887e-01 |   0.535 s | best 7.294811e-01 @38
epoch   40 | train 7.473106e-01 | val 7.294453e-01 |   0.465 s | best 7.294453e-01 @40 *
epoch   41 | train 7.481438e-01 | val 7.294415e-01 |   0.469 s | best 7.294415e-01 @41 *
epoch   42 | train 7.421862e-01 | val 7.294161e-01 |   0.456 s | best 7.294161e-01 @42 *
epoch   43 | train 7.383050e-01 | val 7.294754e-01 |   0.459 s | best 7.294161e-01 @42
epoch   44 | train 7.446210e-01 | val 7.295066e-01 |   0.450 s | best 7.294161e-01 @42
epoch   45 | train 7.371241e-01 | val 7.294258e-01 |   0.497 s | best 7.294161e-01 @42
epoch   46 | train 7.475098e-01 | val 7.293639e-01 |   0.484 s | best 7.293639e-01 @46 *
epoch   47 | train 7.402925e-01 | val 7.292608e-01 |   0.531 s | best 7.292608e-01 @47 *
epoch   48 | train 7.403655e-01 | val 7.291368e-01 |   0.535 s | best 7.291368e-01 @48 *
epoch   49 | train 7.427799e-01 | val 7.291200e-01 |   0.545 s | best 7.291200e-01 @49 *
epoch   50 | train 7.374337e-01 | val 7.291399e-01 |   0.465 s | best 7.291200e-01 @49
epoch   51 | train 7.420941e-01 | val 7.291503e-01 |   0.473 s | best 7.291200e-01 @49
epoch   52 | train 7.381003e-01 | val 7.291335e-01 |   0.459 s | best 7.291200e-01 @49
epoch   53 | train 7.412348e-01 | val 7.291216e-01 |   0.453 s | best 7.291200e-01 @49
epoch   54 | train 7.351757e-01 | val 7.291405e-01 |   0.461 s | best 7.291200e-01 @49
epoch   55 | train 7.417003e-01 | val 7.290776e-01 |   0.457 s | best 7.290776e-01 @55 *
epoch   56 | train 7.421142e-01 | val 7.290149e-01 |   0.456 s | best 7.290149e-01 @56 *
epoch   57 | train 7.374674e-01 | val 7.289567e-01 |   0.453 s | best 7.289567e-01 @57 *
epoch   58 | train 7.473001e-01 | val 7.288898e-01 |   0.482 s | best 7.288898e-01 @58 *
epoch   59 | train 7.397703e-01 | val 7.288465e-01 |   0.539 s | best 7.288465e-01 @59 *
epoch   60 | train 7.421582e-01 | val 7.288252e-01 |   0.547 s | best 7.288252e-01 @60 *
epoch   61 | train 7.495795e-01 | val 7.288689e-01 |   0.454 s | best 7.288252e-01 @60
epoch   62 | train 7.461162e-01 | val 7.288646e-01 |   0.453 s | best 7.288252e-01 @60
epoch   63 | train 7.402061e-01 | val 7.288724e-01 |   0.470 s | best 7.288252e-01 @60
epoch   64 | train 7.447576e-01 | val 7.288383e-01 |   0.524 s | best 7.288252e-01 @60
epoch   65 | train 7.423240e-01 | val 7.288267e-01 |   0.510 s | best 7.288252e-01 @60
epoch   66 | train 7.383057e-01 | val 7.287770e-01 |   0.495 s | best 7.287770e-01 @66 *
epoch   67 | train 7.425271e-01 | val 7.287942e-01 |   0.462 s | best 7.287770e-01 @66
epoch   68 | train 7.421919e-01 | val 7.289057e-01 |   0.466 s | best 7.287770e-01 @66
epoch   69 | train 7.408527e-01 | val 7.289183e-01 |   0.462 s | best 7.287770e-01 @66
epoch   70 | train 7.416094e-01 | val 7.289815e-01 |   0.471 s | best 7.287770e-01 @66
epoch   71 | train 7.414475e-01 | val 7.289903e-01 |   0.464 s | best 7.287770e-01 @66
epoch   72 | train 7.371615e-01 | val 7.290033e-01 |   0.481 s | best 7.287770e-01 @66
epoch   73 | train 7.352086e-01 | val 7.290264e-01 |   0.461 s | best 7.287770e-01 @66
epoch   74 | train 7.433409e-01 | val 7.290407e-01 |   0.463 s | best 7.287770e-01 @66
epoch   75 | train 7.394992e-01 | val 7.291147e-01 |   0.467 s | best 7.287770e-01 @66
epoch   76 | train 7.366456e-01 | val 7.291359e-01 |   0.467 s | best 7.287770e-01 @66
epoch   77 | train 7.392380e-01 | val 7.292032e-01 |   0.466 s | best 7.287770e-01 @66
epoch   78 | train 7.380033e-01 | val 7.292408e-01 |   0.525 s | best 7.287770e-01 @66
epoch   79 | train 7.393644e-01 | val 7.292990e-01 |   0.475 s | best 7.287770e-01 @66
epoch   80 | train 7.363371e-01 | val 7.293362e-01 |   0.472 s | best 7.287770e-01 @66
epoch   81 | train 7.391513e-01 | val 7.293870e-01 |   0.530 s | best 7.287770e-01 @66
# done        : 81 epochs, stopped_by=patience, aborted=False, best val 7.287770e-01 @ epoch 66, wall 82.3 s, 1.015 s/epoch
