
# ===== 2026-09-21 05:27:41 KST  HPO attempt 25  testbed D1 prior S  Nr=8 Nt=4
# DEVICE      : cuda | cuda_available=True | NVIDIA RTX PRO 6000 Blackwell Server Edition | torch 2.14.0+cu130 | train dtype float32 (01_RULES §9.5)
# data        : n_train=9000 n_val=1000 split_hash=98d6225d67f9c15a E||H||_F^2/(NrNt)=1.000268 (04_SPEC §2)
# sigma grid  : MEASURED, 20 points, log-uniform draw over [3.2936e-02, 7.9084e-01]
# hp          : {'arch': 'unet', 'param': 'edm', 'domain': 'pixel', 'lr': 0.0035823232517595205, 'ema': 0.99, 'batch': 128, 'emb': 128, 'width': 64, 'depth': 3}  params=4192450
# stopping    : patience 15 on val loss, never before 0 epochs, max 600 (01_RULES §5)
epoch    1 | train 9.080917e-01 | val 9.095914e-01 |   1.905 s | best 9.095914e-01 @1 *
epoch    2 | train 8.805943e-01 | val 8.749325e-01 |   2.052 s | best 8.749325e-01 @2 *
epoch    3 | train 8.688745e-01 | val 8.574418e-01 |   2.049 s | best 8.574418e-01 @3 *
epoch    4 | train 8.565940e-01 | val 8.437863e-01 |   2.044 s | best 8.437863e-01 @4 *
epoch    5 | train 8.508082e-01 | val 8.358673e-01 |   2.012 s | best 8.358673e-01 @5 *
epoch    6 | train 8.439058e-01 | val 8.321086e-01 |   2.016 s | best 8.321086e-01 @6 *
epoch    7 | train 8.462036e-01 | val 8.298561e-01 |   2.009 s | best 8.298561e-01 @7 *
epoch    8 | train 8.469393e-01 | val 8.286381e-01 |   1.999 s | best 8.286381e-01 @8 *
epoch    9 | train 8.434519e-01 | val 8.274533e-01 |   2.005 s | best 8.274533e-01 @9 *
epoch   10 | train 8.434328e-01 | val 8.270263e-01 |   2.007 s | best 8.270263e-01 @10 *
epoch   11 | train 8.434482e-01 | val 8.266271e-01 |   2.025 s | best 8.266271e-01 @11 *
epoch   12 | train 8.407787e-01 | val 8.261250e-01 |   2.030 s | best 8.261250e-01 @12 *
epoch   13 | train 8.441118e-01 | val 8.256096e-01 |   2.104 s | best 8.256096e-01 @13 *
epoch   14 | train 8.414373e-01 | val 8.254107e-01 |   2.026 s | best 8.254107e-01 @14 *
epoch   15 | train 8.378130e-01 | val 8.248652e-01 |   2.028 s | best 8.248652e-01 @15 *
epoch   16 | train 8.385613e-01 | val 8.244162e-01 |   2.022 s | best 8.244162e-01 @16 *
epoch   17 | train 8.453791e-01 | val 8.242708e-01 |   2.011 s | best 8.242708e-01 @17 *
epoch   18 | train 8.375887e-01 | val 8.236962e-01 |   2.009 s | best 8.236962e-01 @18 *
epoch   19 | train 8.429097e-01 | val 8.236989e-01 |   2.033 s | best 8.236962e-01 @18
epoch   20 | train 8.389318e-01 | val 8.231488e-01 |   2.018 s | best 8.231488e-01 @20 *
epoch   21 | train 8.384437e-01 | val 8.231997e-01 |   2.011 s | best 8.231488e-01 @20
epoch   22 | train 8.442521e-01 | val 8.230556e-01 |   2.002 s | best 8.230556e-01 @22 *
epoch   23 | train 8.380285e-01 | val 8.228480e-01 |   2.001 s | best 8.228480e-01 @23 *
epoch   24 | train 8.393333e-01 | val 8.228572e-01 |   1.998 s | best 8.228480e-01 @23
epoch   25 | train 8.389668e-01 | val 8.225864e-01 |   1.987 s | best 8.225864e-01 @25 *
epoch   26 | train 8.376118e-01 | val 8.225467e-01 |   1.971 s | best 8.225467e-01 @26 *
epoch   27 | train 8.377147e-01 | val 8.222439e-01 |   2.050 s | best 8.222439e-01 @27 *
epoch   28 | train 8.397627e-01 | val 8.220985e-01 |   2.029 s | best 8.220985e-01 @28 *
epoch   29 | train 8.340058e-01 | val 8.220980e-01 |   2.035 s | best 8.220980e-01 @29 *
epoch   30 | train 8.354848e-01 | val 8.220258e-01 |   2.043 s | best 8.220258e-01 @30 *
epoch   31 | train 8.371384e-01 | val 8.219899e-01 |   2.128 s | best 8.219899e-01 @31 *
epoch   32 | train 8.341204e-01 | val 8.217006e-01 |   2.111 s | best 8.217006e-01 @32 *
epoch   33 | train 8.374453e-01 | val 8.216940e-01 |   2.030 s | best 8.216940e-01 @33 *
epoch   34 | train 8.339921e-01 | val 8.216506e-01 |   2.050 s | best 8.216506e-01 @34 *
epoch   35 | train 8.373140e-01 | val 8.215190e-01 |   2.058 s | best 8.215190e-01 @35 *
epoch   36 | train 8.378553e-01 | val 8.215033e-01 |   2.044 s | best 8.215033e-01 @36 *
epoch   37 | train 8.344809e-01 | val 8.215383e-01 |   2.051 s | best 8.215033e-01 @36
epoch   38 | train 8.358233e-01 | val 8.216060e-01 |   2.048 s | best 8.215033e-01 @36
epoch   39 | train 8.304294e-01 | val 8.212958e-01 |   2.057 s | best 8.212958e-01 @39 *
epoch   40 | train 8.346865e-01 | val 8.212883e-01 |   2.044 s | best 8.212883e-01 @40 *
epoch   41 | train 8.334889e-01 | val 8.212320e-01 |   2.049 s | best 8.212320e-01 @41 *
epoch   42 | train 8.335474e-01 | val 8.211331e-01 |   2.052 s | best 8.211331e-01 @42 *
epoch   43 | train 8.378423e-01 | val 8.211849e-01 |   2.056 s | best 8.211331e-01 @42
epoch   44 | train 8.330425e-01 | val 8.210152e-01 |   2.054 s | best 8.210152e-01 @44 *
epoch   45 | train 8.350117e-01 | val 8.210273e-01 |   2.119 s | best 8.210152e-01 @44
epoch   46 | train 8.348029e-01 | val 8.209285e-01 |   2.042 s | best 8.209285e-01 @46 *
epoch   47 | train 8.375731e-01 | val 8.208761e-01 |   2.048 s | best 8.208761e-01 @47 *
epoch   48 | train 8.328478e-01 | val 8.206882e-01 |   2.034 s | best 8.206882e-01 @48 *
epoch   49 | train 8.372551e-01 | val 8.203931e-01 |   2.070 s | best 8.203931e-01 @49 *
epoch   50 | train 8.359458e-01 | val 8.200724e-01 |   1.996 s | best 8.200724e-01 @50 *
epoch   51 | train 8.326898e-01 | val 8.201174e-01 |   2.000 s | best 8.200724e-01 @50
epoch   52 | train 8.348928e-01 | val 8.201352e-01 |   1.995 s | best 8.200724e-01 @50
epoch   53 | train 8.334831e-01 | val 8.199469e-01 |   2.002 s | best 8.199469e-01 @53 *
epoch   54 | train 8.316338e-01 | val 8.198443e-01 |   2.004 s | best 8.198443e-01 @54 *
epoch   55 | train 8.342209e-01 | val 8.197913e-01 |   2.010 s | best 8.197913e-01 @55 *
epoch   56 | train 8.312402e-01 | val 8.198225e-01 |   2.000 s | best 8.197913e-01 @55
epoch   57 | train 8.324561e-01 | val 8.200881e-01 |   2.002 s | best 8.197913e-01 @55
epoch   58 | train 8.332434e-01 | val 8.198953e-01 |   1.997 s | best 8.197913e-01 @55
epoch   59 | train 8.362533e-01 | val 8.198861e-01 |   1.999 s | best 8.197913e-01 @55
epoch   60 | train 8.362249e-01 | val 8.199120e-01 |   2.002 s | best 8.197913e-01 @55
epoch   61 | train 8.338644e-01 | val 8.200587e-01 |   2.004 s | best 8.197913e-01 @55
epoch   62 | train 8.360274e-01 | val 8.200675e-01 |   2.061 s | best 8.197913e-01 @55
epoch   63 | train 8.319367e-01 | val 8.199008e-01 |   2.074 s | best 8.197913e-01 @55
epoch   64 | train 8.323694e-01 | val 8.200696e-01 |   2.066 s | best 8.197913e-01 @55
epoch   65 | train 8.336416e-01 | val 8.201693e-01 |   2.031 s | best 8.197913e-01 @55
epoch   66 | train 8.357802e-01 | val 8.202557e-01 |   2.028 s | best 8.197913e-01 @55
epoch   67 | train 8.355397e-01 | val 8.200791e-01 |   2.033 s | best 8.197913e-01 @55
epoch   68 | train 8.283015e-01 | val 8.199289e-01 |   2.099 s | best 8.197913e-01 @55
epoch   69 | train 8.346199e-01 | val 8.200713e-01 |   2.025 s | best 8.197913e-01 @55
epoch   70 | train 8.364408e-01 | val 8.199930e-01 |   2.021 s | best 8.197913e-01 @55
# done        : 70 epochs, stopped_by=patience, aborted=False, best val 8.197913e-01 @ epoch 55, wall 153.4 s, 2.192 s/epoch
