
# ===== 2026-09-21 06:19:37 KST  HPO attempt 25  testbed D1 prior S  Nr=8 Nt=4
# DEVICE      : cuda | cuda_available=True | NVIDIA RTX PRO 6000 Blackwell Server Edition | torch 2.14.0+cu130 | train dtype float32 (01_RULES §9.5)
# data        : n_train=9000 n_val=1000 split_hash=98d6225d67f9c15a E||H||_F^2/(NrNt)=1.000268 (04_SPEC §2)
# sigma grid  : MEASURED, 20 points, log-uniform draw over [3.2936e-02, 7.9084e-01]
# hp          : {'arch': 'uvit', 'param': 've', 'domain': 'pixel', 'lr': 0.0024914201070930873, 'ema': 0.9999, 'batch': 256, 'emb': 64, 'width': 192, 'depth': 2, 'heads': 4, 'patch': 1}  params=1465768
# stopping    : patience 15 on val loss, never before 0 epochs, max 600 (01_RULES §5)
epoch    1 | train 9.545046e-01 | val 9.906754e-01 |   0.272 s | best 9.906754e-01 @1 *
epoch    2 | train 8.353255e-01 | val 9.906195e-01 |   0.216 s | best 9.906195e-01 @2 *
epoch    3 | train 8.040639e-01 | val 9.905145e-01 |   0.218 s | best 9.905145e-01 @3 *
epoch    4 | train 7.914882e-01 | val 9.903527e-01 |   0.380 s | best 9.903527e-01 @4 *
epoch    5 | train 7.932956e-01 | val 9.901335e-01 |   0.291 s | best 9.901335e-01 @5 *
epoch    6 | train 7.933440e-01 | val 9.898543e-01 |   0.287 s | best 9.898543e-01 @6 *
epoch    7 | train 7.901209e-01 | val 9.895169e-01 |   0.246 s | best 9.895169e-01 @7 *
epoch    8 | train 7.957395e-01 | val 9.891214e-01 |   0.269 s | best 9.891214e-01 @8 *
epoch    9 | train 7.926725e-01 | val 9.886655e-01 |   0.271 s | best 9.886655e-01 @9 *
epoch   10 | train 7.888372e-01 | val 9.881508e-01 |   0.290 s | best 9.881508e-01 @10 *
epoch   11 | train 7.928088e-01 | val 9.875764e-01 |   0.287 s | best 9.875764e-01 @11 *
epoch   12 | train 7.912693e-01 | val 9.869412e-01 |   0.246 s | best 9.869412e-01 @12 *
epoch   13 | train 7.933406e-01 | val 9.862434e-01 |   0.252 s | best 9.862434e-01 @13 *
epoch   14 | train 7.921421e-01 | val 9.854879e-01 |   0.286 s | best 9.854879e-01 @14 *
epoch   15 | train 7.907695e-01 | val 9.846715e-01 |   0.287 s | best 9.846715e-01 @15 *
epoch   16 | train 7.909587e-01 | val 9.837980e-01 |   0.331 s | best 9.837980e-01 @16 *
epoch   17 | train 7.947297e-01 | val 9.828590e-01 |   0.724 s | best 9.828590e-01 @17 *
epoch   18 | train 7.909862e-01 | val 9.818593e-01 |   0.773 s | best 9.818593e-01 @18 *
epoch   19 | train 7.931243e-01 | val 9.807948e-01 |   0.757 s | best 9.807948e-01 @19 *
epoch   20 | train 7.938395e-01 | val 9.796686e-01 |   0.765 s | best 9.796686e-01 @20 *
epoch   21 | train 7.935666e-01 | val 9.784787e-01 |   0.755 s | best 9.784787e-01 @21 *
epoch   22 | train 7.952396e-01 | val 9.772339e-01 |   0.768 s | best 9.772339e-01 @22 *
epoch   23 | train 7.924436e-01 | val 9.759278e-01 |   0.763 s | best 9.759278e-01 @23 *
epoch   24 | train 7.914832e-01 | val 9.745528e-01 |   0.760 s | best 9.745528e-01 @24 *
epoch   25 | train 7.903345e-01 | val 9.731192e-01 |   0.764 s | best 9.731192e-01 @25 *
epoch   26 | train 7.898667e-01 | val 9.716302e-01 |   0.760 s | best 9.716302e-01 @26 *
epoch   27 | train 7.921396e-01 | val 9.700899e-01 |   0.767 s | best 9.700899e-01 @27 *
epoch   28 | train 7.958567e-01 | val 9.685026e-01 |   0.755 s | best 9.685026e-01 @28 *
epoch   29 | train 7.893301e-01 | val 9.668687e-01 |   0.778 s | best 9.668687e-01 @29 *
epoch   30 | train 7.891217e-01 | val 9.652032e-01 |   0.751 s | best 9.652032e-01 @30 *
epoch   31 | train 7.895249e-01 | val 9.635077e-01 |   0.771 s | best 9.635077e-01 @31 *
epoch   32 | train 7.884161e-01 | val 9.617971e-01 |   0.756 s | best 9.617971e-01 @32 *
epoch   33 | train 7.900841e-01 | val 9.600815e-01 |   0.776 s | best 9.600815e-01 @33 *
epoch   34 | train 7.921493e-01 | val 9.583855e-01 |   0.754 s | best 9.583855e-01 @34 *
epoch   35 | train 7.927760e-01 | val 9.567146e-01 |   0.773 s | best 9.567146e-01 @35 *
epoch   36 | train 7.869706e-01 | val 9.550711e-01 |   0.757 s | best 9.550711e-01 @36 *
epoch   37 | train 7.897504e-01 | val 9.534763e-01 |   0.770 s | best 9.534763e-01 @37 *
epoch   38 | train 7.898472e-01 | val 9.519455e-01 |   0.759 s | best 9.519455e-01 @38 *
epoch   39 | train 7.900403e-01 | val 9.504910e-01 |   0.789 s | best 9.504910e-01 @39 *
epoch   40 | train 7.887925e-01 | val 9.491239e-01 |   0.327 s | best 9.491239e-01 @40 *
epoch   41 | train 7.916199e-01 | val 9.478310e-01 |   0.249 s | best 9.478310e-01 @41 *
epoch   42 | train 7.913302e-01 | val 9.466081e-01 |   0.252 s | best 9.466081e-01 @42 *
epoch   43 | train 7.947004e-01 | val 9.454433e-01 |   0.252 s | best 9.454433e-01 @43 *
epoch   44 | train 7.906593e-01 | val 9.443194e-01 |   0.246 s | best 9.443194e-01 @44 *
epoch   45 | train 7.935394e-01 | val 9.432465e-01 |   0.739 s | best 9.432465e-01 @45 *
epoch   46 | train 7.934074e-01 | val 9.422303e-01 |   0.774 s | best 9.422303e-01 @46 *
epoch   47 | train 7.949387e-01 | val 9.412746e-01 |   0.753 s | best 9.412746e-01 @47 *
epoch   48 | train 7.880093e-01 | val 9.403725e-01 |   0.783 s | best 9.403725e-01 @48 *
epoch   49 | train 7.932899e-01 | val 9.395078e-01 |   0.754 s | best 9.395078e-01 @49 *
epoch   50 | train 7.901473e-01 | val 9.386708e-01 |   0.775 s | best 9.386708e-01 @50 *
epoch   51 | train 7.869946e-01 | val 9.378837e-01 |   0.754 s | best 9.378837e-01 @51 *
epoch   52 | train 7.892070e-01 | val 9.371446e-01 |   0.776 s | best 9.371446e-01 @52 *
epoch   53 | train 7.894634e-01 | val 9.364403e-01 |   0.751 s | best 9.364403e-01 @53 *
epoch   54 | train 7.880888e-01 | val 9.357843e-01 |   0.778 s | best 9.357843e-01 @54 *
epoch   55 | train 7.925055e-01 | val 9.351811e-01 |   0.753 s | best 9.351811e-01 @55 *
epoch   56 | train 7.892724e-01 | val 9.346294e-01 |   0.778 s | best 9.346294e-01 @56 *
epoch   57 | train 7.911006e-01 | val 9.341189e-01 |   0.757 s | best 9.341189e-01 @57 *
epoch   58 | train 7.907545e-01 | val 9.336254e-01 |   0.773 s | best 9.336254e-01 @58 *
epoch   59 | train 7.908050e-01 | val 9.331388e-01 |   0.756 s | best 9.331388e-01 @59 *
epoch   60 | train 7.951672e-01 | val 9.326540e-01 |   0.777 s | best 9.326540e-01 @60 *
epoch   61 | train 7.930981e-01 | val 9.321560e-01 |   0.318 s | best 9.321560e-01 @61 *
epoch   62 | train 7.922940e-01 | val 9.316344e-01 |   0.247 s | best 9.316344e-01 @62 *
epoch   63 | train 7.874669e-01 | val 9.311163e-01 |   0.250 s | best 9.311163e-01 @63 *
epoch   64 | train 8.116193e-01 | val 9.305690e-01 |   0.251 s | best 9.305690e-01 @64 *
epoch   65 | train 8.896685e-01 | val 9.289882e-01 |   0.252 s | best 9.289882e-01 @65 *
epoch   66 | train 8.483063e-01 | val 9.269249e-01 |   0.220 s | best 9.269249e-01 @66 *
epoch   67 | train 8.365791e-01 | val 9.246984e-01 |   0.220 s | best 9.246984e-01 @67 *
epoch   68 | train 8.163304e-01 | val 9.224222e-01 |   0.240 s | best 9.224222e-01 @68 *
epoch   69 | train 8.181247e-01 | val 9.201429e-01 |   0.252 s | best 9.201429e-01 @69 *
epoch   70 | train 8.178419e-01 | val 9.181700e-01 |   0.240 s | best 9.181700e-01 @70 *
epoch   71 | train 8.058644e-01 | val 9.170682e-01 |   0.252 s | best 9.170682e-01 @71 *
epoch   72 | train 8.041470e-01 | val 9.162823e-01 |   0.232 s | best 9.162823e-01 @72 *
epoch   73 | train 8.059940e-01 | val 9.155568e-01 |   0.219 s | best 9.155568e-01 @73 *
epoch   74 | train 8.054881e-01 | val 9.150701e-01 |   0.235 s | best 9.150701e-01 @74 *
epoch   75 | train 8.067561e-01 | val 9.143326e-01 |   0.236 s | best 9.143326e-01 @75 *
epoch   76 | train 8.047768e-01 | val 9.132894e-01 |   0.251 s | best 9.132894e-01 @76 *
epoch   77 | train 8.066876e-01 | val 9.118984e-01 |   0.252 s | best 9.118984e-01 @77 *
epoch   78 | train 7.994095e-01 | val 9.116430e-01 |   0.240 s | best 9.116430e-01 @78 *
epoch   79 | train 8.012052e-01 | val 9.110444e-01 |   0.725 s | best 9.110444e-01 @79 *
epoch   80 | train 8.014041e-01 | val 9.096321e-01 |   0.776 s | best 9.096321e-01 @80 *
epoch   81 | train 7.982457e-01 | val 9.084768e-01 |   0.758 s | best 9.084768e-01 @81 *
epoch   82 | train 7.936746e-01 | val 9.076009e-01 |   0.775 s | best 9.076009e-01 @82 *
epoch   83 | train 7.954584e-01 | val 9.071024e-01 |   0.754 s | best 9.071024e-01 @83 *
epoch   84 | train 7.989511e-01 | val 9.069163e-01 |   0.778 s | best 9.069163e-01 @84 *
epoch   85 | train 7.982313e-01 | val 9.070910e-01 |   0.755 s | best 9.069163e-01 @84
epoch   86 | train 7.951764e-01 | val 9.071924e-01 |   0.775 s | best 9.069163e-01 @84
epoch   87 | train 7.903579e-01 | val 9.074609e-01 |   0.757 s | best 9.069163e-01 @84
epoch   88 | train 8.389897e-01 | val 9.077685e-01 |   0.774 s | best 9.069163e-01 @84
epoch   89 | train 8.490713e-01 | val 9.086206e-01 |   0.754 s | best 9.069163e-01 @84
epoch   90 | train 8.231251e-01 | val 9.089507e-01 |   0.777 s | best 9.069163e-01 @84
epoch   91 | train 8.089887e-01 | val 9.088853e-01 |   0.760 s | best 9.069163e-01 @84
epoch   92 | train 8.102494e-01 | val 9.086139e-01 |   0.777 s | best 9.069163e-01 @84
epoch   93 | train 8.088915e-01 | val 9.082012e-01 |   0.761 s | best 9.069163e-01 @84
epoch   94 | train 8.009062e-01 | val 9.077241e-01 |   0.770 s | best 9.069163e-01 @84
epoch   95 | train 7.979258e-01 | val 9.072524e-01 |   0.759 s | best 9.069163e-01 @84
epoch   96 | train 8.026376e-01 | val 9.067932e-01 |   0.775 s | best 9.067932e-01 @96 *
epoch   97 | train 8.035841e-01 | val 9.063549e-01 |   0.764 s | best 9.063549e-01 @97 *
epoch   98 | train 7.976243e-01 | val 9.059407e-01 |   0.771 s | best 9.059407e-01 @98 *
epoch   99 | train 7.948549e-01 | val 9.055052e-01 |   0.762 s | best 9.055052e-01 @99 *
epoch  100 | train 7.895457e-01 | val 9.050661e-01 |   0.768 s | best 9.050661e-01 @100 *
epoch  101 | train 7.985849e-01 | val 9.046412e-01 |   0.756 s | best 9.046412e-01 @101 *
epoch  102 | train 7.973047e-01 | val 9.042188e-01 |   0.773 s | best 9.042188e-01 @102 *
epoch  103 | train 7.972641e-01 | val 9.038033e-01 |   0.761 s | best 9.038033e-01 @103 *
epoch  104 | train 8.008335e-01 | val 9.033958e-01 |   0.769 s | best 9.033958e-01 @104 *
epoch  105 | train 7.904009e-01 | val 9.029898e-01 |   0.767 s | best 9.029898e-01 @105 *
epoch  106 | train 7.943325e-01 | val 9.026042e-01 |   0.773 s | best 9.026042e-01 @106 *
epoch  107 | train 7.913199e-01 | val 9.022257e-01 |   0.760 s | best 9.022257e-01 @107 *
epoch  108 | train 7.979654e-01 | val 9.018581e-01 |   0.777 s | best 9.018581e-01 @108 *
epoch  109 | train 7.933527e-01 | val 9.014925e-01 |   0.757 s | best 9.014925e-01 @109 *
epoch  110 | train 7.947459e-01 | val 9.011234e-01 |   0.776 s | best 9.011234e-01 @110 *
epoch  111 | train 7.952187e-01 | val 9.007271e-01 |   0.757 s | best 9.007271e-01 @111 *
epoch  112 | train 7.922257e-01 | val 9.003439e-01 |   0.780 s | best 9.003439e-01 @112 *
epoch  113 | train 7.948902e-01 | val 8.999755e-01 |   0.753 s | best 8.999755e-01 @113 *
epoch  114 | train 7.971640e-01 | val 8.995948e-01 |   0.779 s | best 8.995948e-01 @114 *
epoch  115 | train 7.910757e-01 | val 8.991970e-01 |   0.752 s | best 8.991970e-01 @115 *
epoch  116 | train 7.932451e-01 | val 8.987868e-01 |   0.777 s | best 8.987868e-01 @116 *
epoch  117 | train 7.880214e-01 | val 8.983791e-01 |   0.750 s | best 8.983791e-01 @117 *
epoch  118 | train 7.919290e-01 | val 8.979764e-01 |   0.780 s | best 8.979764e-01 @118 *
epoch  119 | train 7.921685e-01 | val 8.975683e-01 |   0.755 s | best 8.975683e-01 @119 *
epoch  120 | train 7.973941e-01 | val 8.971618e-01 |   0.779 s | best 8.971618e-01 @120 *
epoch  121 | train 7.960062e-01 | val 8.967571e-01 |   0.756 s | best 8.967571e-01 @121 *
epoch  122 | train 7.943118e-01 | val 8.963423e-01 |   0.787 s | best 8.963423e-01 @122 *
epoch  123 | train 7.931802e-01 | val 8.959118e-01 |   0.758 s | best 8.959118e-01 @123 *
epoch  124 | train 7.904361e-01 | val 8.954790e-01 |   0.787 s | best 8.954790e-01 @124 *
epoch  125 | train 7.940517e-01 | val 8.950487e-01 |   0.756 s | best 8.950487e-01 @125 *
epoch  126 | train 7.940664e-01 | val 8.946011e-01 |   0.784 s | best 8.946011e-01 @126 *
epoch  127 | train 7.900852e-01 | val 8.941476e-01 |   0.759 s | best 8.941476e-01 @127 *
epoch  128 | train 7.887210e-01 | val 8.936812e-01 |   0.780 s | best 8.936812e-01 @128 *
epoch  129 | train 7.900456e-01 | val 8.932101e-01 |   0.760 s | best 8.932101e-01 @129 *
epoch  130 | train 7.935748e-01 | val 8.927221e-01 |   0.790 s | best 8.927221e-01 @130 *
epoch  131 | train 7.911212e-01 | val 8.922265e-01 |   0.760 s | best 8.922265e-01 @131 *
epoch  132 | train 7.920489e-01 | val 8.917355e-01 |   0.772 s | best 8.917355e-01 @132 *
epoch  133 | train 7.941567e-01 | val 8.912295e-01 |   0.762 s | best 8.912295e-01 @133 *
epoch  134 | train 7.944793e-01 | val 8.907222e-01 |   0.772 s | best 8.907222e-01 @134 *
epoch  135 | train 7.945543e-01 | val 8.902175e-01 |   0.764 s | best 8.902175e-01 @135 *
epoch  136 | train 7.927491e-01 | val 8.896921e-01 |   0.771 s | best 8.896921e-01 @136 *
epoch  137 | train 7.934135e-01 | val 8.891543e-01 |   0.762 s | best 8.891543e-01 @137 *
epoch  138 | train 7.899223e-01 | val 8.886163e-01 |   0.767 s | best 8.886163e-01 @138 *
epoch  139 | train 7.931125e-01 | val 8.880851e-01 |   0.769 s | best 8.880851e-01 @139 *
epoch  140 | train 7.920875e-01 | val 8.875489e-01 |   0.767 s | best 8.875489e-01 @140 *
epoch  141 | train 7.949319e-01 | val 8.870168e-01 |   0.767 s | best 8.870168e-01 @141 *
epoch  142 | train 7.937957e-01 | val 8.864819e-01 |   0.770 s | best 8.864819e-01 @142 *
epoch  143 | train 7.908847e-01 | val 8.859379e-01 |   0.768 s | best 8.859379e-01 @143 *
epoch  144 | train 7.945687e-01 | val 8.854143e-01 |   0.761 s | best 8.854143e-01 @144 *
epoch  145 | train 7.882972e-01 | val 8.848559e-01 |   0.773 s | best 8.848559e-01 @145 *
epoch  146 | train 7.959765e-01 | val 8.842623e-01 |   0.759 s | best 8.842623e-01 @146 *
epoch  147 | train 7.919005e-01 | val 8.836404e-01 |   0.774 s | best 8.836404e-01 @147 *
epoch  148 | train 7.928643e-01 | val 8.830143e-01 |   0.762 s | best 8.830143e-01 @148 *
epoch  149 | train 7.911611e-01 | val 8.824109e-01 |   0.775 s | best 8.824109e-01 @149 *
epoch  150 | train 7.941810e-01 | val 8.818004e-01 |   0.758 s | best 8.818004e-01 @150 *
epoch  151 | train 7.900844e-01 | val 8.811657e-01 |   0.778 s | best 8.811657e-01 @151 *
epoch  152 | train 7.922182e-01 | val 8.805117e-01 |   0.756 s | best 8.805117e-01 @152 *
epoch  153 | train 7.916579e-01 | val 8.798708e-01 |   0.777 s | best 8.798708e-01 @153 *
epoch  154 | train 7.931774e-01 | val 8.792333e-01 |   0.756 s | best 8.792333e-01 @154 *
epoch  155 | train 7.894392e-01 | val 8.785854e-01 |   0.786 s | best 8.785854e-01 @155 *
epoch  156 | train 7.899218e-01 | val 8.779460e-01 |   0.755 s | best 8.779460e-01 @156 *
epoch  157 | train 7.938490e-01 | val 8.773144e-01 |   0.778 s | best 8.773144e-01 @157 *
epoch  158 | train 7.935004e-01 | val 8.767067e-01 |   0.755 s | best 8.767067e-01 @158 *
epoch  159 | train 7.906646e-01 | val 8.761269e-01 |   0.777 s | best 8.761269e-01 @159 *
epoch  160 | train 7.939317e-01 | val 8.755088e-01 |   0.751 s | best 8.755088e-01 @160 *
epoch  161 | train 7.918401e-01 | val 8.748899e-01 |   0.781 s | best 8.748899e-01 @161 *
epoch  162 | train 7.945859e-01 | val 8.742968e-01 |   0.756 s | best 8.742968e-01 @162 *
epoch  163 | train 7.943686e-01 | val 8.737096e-01 |   0.779 s | best 8.737096e-01 @163 *
epoch  164 | train 7.893521e-01 | val 8.731065e-01 |   0.758 s | best 8.731065e-01 @164 *
epoch  165 | train 7.931176e-01 | val 8.725282e-01 |   0.776 s | best 8.725282e-01 @165 *
epoch  166 | train 7.911188e-01 | val 8.719532e-01 |   0.755 s | best 8.719532e-01 @166 *
epoch  167 | train 7.920311e-01 | val 8.713754e-01 |   0.791 s | best 8.713754e-01 @167 *
epoch  168 | train 7.938712e-01 | val 8.707719e-01 |   0.757 s | best 8.707719e-01 @168 *
epoch  169 | train 7.912694e-01 | val 8.701280e-01 |   0.786 s | best 8.701280e-01 @169 *
epoch  170 | train 7.886316e-01 | val 8.694590e-01 |   0.758 s | best 8.694590e-01 @170 *
epoch  171 | train 7.912880e-01 | val 8.688116e-01 |   0.792 s | best 8.688116e-01 @171 *
epoch  172 | train 7.946394e-01 | val 8.681782e-01 |   0.761 s | best 8.681782e-01 @172 *
epoch  173 | train 7.920487e-01 | val 8.675721e-01 |   0.786 s | best 8.675721e-01 @173 *
epoch  174 | train 7.964750e-01 | val 8.669757e-01 |   0.755 s | best 8.669757e-01 @174 *
epoch  175 | train 7.895295e-01 | val 8.663782e-01 |   0.777 s | best 8.663782e-01 @175 *
epoch  176 | train 7.928345e-01 | val 8.657905e-01 |   0.763 s | best 8.657905e-01 @176 *
epoch  177 | train 7.897245e-01 | val 8.652079e-01 |   0.785 s | best 8.652079e-01 @177 *
epoch  178 | train 7.949374e-01 | val 8.646211e-01 |   0.764 s | best 8.646211e-01 @178 *
epoch  179 | train 7.925116e-01 | val 8.639915e-01 |   0.777 s | best 8.639915e-01 @179 *
epoch  180 | train 7.910053e-01 | val 8.633903e-01 |   0.763 s | best 8.633903e-01 @180 *
epoch  181 | train 7.942312e-01 | val 8.628102e-01 |   0.773 s | best 8.628102e-01 @181 *
epoch  182 | train 7.917772e-01 | val 8.622341e-01 |   0.764 s | best 8.622341e-01 @182 *
epoch  183 | train 7.924098e-01 | val 8.616654e-01 |   0.772 s | best 8.616654e-01 @183 *
epoch  184 | train 7.934669e-01 | val 8.611233e-01 |   0.765 s | best 8.611233e-01 @184 *
epoch  185 | train 7.923693e-01 | val 8.605805e-01 |   0.770 s | best 8.605805e-01 @185 *
epoch  186 | train 7.938495e-01 | val 8.600387e-01 |   0.770 s | best 8.600387e-01 @186 *
epoch  187 | train 7.900674e-01 | val 8.594904e-01 |   0.768 s | best 8.594904e-01 @187 *
epoch  188 | train 7.912639e-01 | val 8.589606e-01 |   0.771 s | best 8.589606e-01 @188 *
epoch  189 | train 7.920914e-01 | val 8.584154e-01 |   0.768 s | best 8.584154e-01 @189 *
epoch  190 | train 7.915339e-01 | val 8.578476e-01 |   0.771 s | best 8.578476e-01 @190 *
epoch  191 | train 7.878544e-01 | val 8.572875e-01 |   0.763 s | best 8.572875e-01 @191 *
epoch  192 | train 7.931743e-01 | val 8.567327e-01 |   0.777 s | best 8.567327e-01 @192 *
epoch  193 | train 7.907246e-01 | val 8.561974e-01 |   0.762 s | best 8.561974e-01 @193 *
epoch  194 | train 7.909654e-01 | val 8.556885e-01 |   0.776 s | best 8.556885e-01 @194 *
epoch  195 | train 7.890760e-01 | val 8.552000e-01 |   0.758 s | best 8.552000e-01 @195 *
epoch  196 | train 7.862039e-01 | val 8.547177e-01 |   0.777 s | best 8.547177e-01 @196 *
epoch  197 | train 7.930927e-01 | val 8.542448e-01 |   0.753 s | best 8.542448e-01 @197 *
epoch  198 | train 7.988620e-01 | val 8.538204e-01 |   0.782 s | best 8.538204e-01 @198 *
epoch  199 | train 7.897224e-01 | val 8.534139e-01 |   0.754 s | best 8.534139e-01 @199 *
epoch  200 | train 7.903480e-01 | val 8.530153e-01 |   0.778 s | best 8.530153e-01 @200 *
epoch  201 | train 7.915077e-01 | val 8.526216e-01 |   0.754 s | best 8.526216e-01 @201 *
epoch  202 | train 7.937525e-01 | val 8.522161e-01 |   0.775 s | best 8.522161e-01 @202 *
epoch  203 | train 7.927959e-01 | val 8.518052e-01 |   0.754 s | best 8.518052e-01 @203 *
epoch  204 | train 7.919319e-01 | val 8.514057e-01 |   0.782 s | best 8.514057e-01 @204 *
epoch  205 | train 7.953888e-01 | val 8.509856e-01 |   0.756 s | best 8.509856e-01 @205 *
epoch  206 | train 7.917257e-01 | val 8.505380e-01 |   0.780 s | best 8.505380e-01 @206 *
epoch  207 | train 7.907860e-01 | val 8.500962e-01 |   0.760 s | best 8.500962e-01 @207 *
epoch  208 | train 7.875836e-01 | val 8.496448e-01 |   0.777 s | best 8.496448e-01 @208 *
epoch  209 | train 7.871510e-01 | val 8.491983e-01 |   0.756 s | best 8.491983e-01 @209 *
epoch  210 | train 7.924274e-01 | val 8.487479e-01 |   0.787 s | best 8.487479e-01 @210 *
epoch  211 | train 7.936722e-01 | val 8.483065e-01 |   0.763 s | best 8.483065e-01 @211 *
epoch  212 | train 7.882623e-01 | val 8.478585e-01 |   0.774 s | best 8.478585e-01 @212 *
epoch  213 | train 7.932880e-01 | val 8.474236e-01 |   0.762 s | best 8.474236e-01 @213 *
epoch  214 | train 7.933920e-01 | val 8.469991e-01 |   0.777 s | best 8.469991e-01 @214 *
epoch  215 | train 7.932918e-01 | val 8.466115e-01 |   0.766 s | best 8.466115e-01 @215 *
epoch  216 | train 7.854352e-01 | val 8.462272e-01 |   0.770 s | best 8.462272e-01 @216 *
epoch  217 | train 7.902742e-01 | val 8.458432e-01 |   0.765 s | best 8.458432e-01 @217 *
epoch  218 | train 7.978908e-01 | val 8.453934e-01 |   0.766 s | best 8.453934e-01 @218 *
epoch  219 | train 7.955923e-01 | val 8.449206e-01 |   0.772 s | best 8.449206e-01 @219 *
epoch  220 | train 7.882359e-01 | val 8.445067e-01 |   0.766 s | best 8.445067e-01 @220 *
epoch  221 | train 7.908219e-01 | val 8.441354e-01 |   0.772 s | best 8.441354e-01 @221 *
epoch  222 | train 7.907440e-01 | val 8.437563e-01 |   0.763 s | best 8.437563e-01 @222 *
epoch  223 | train 7.934680e-01 | val 8.433775e-01 |   0.773 s | best 8.433775e-01 @223 *
epoch  224 | train 7.890564e-01 | val 8.429986e-01 |   0.758 s | best 8.429986e-01 @224 *
epoch  225 | train 7.897936e-01 | val 8.426235e-01 |   0.779 s | best 8.426235e-01 @225 *
epoch  226 | train 7.931980e-01 | val 8.422353e-01 |   0.759 s | best 8.422353e-01 @226 *
epoch  227 | train 7.915562e-01 | val 8.418530e-01 |   0.776 s | best 8.418530e-01 @227 *
epoch  228 | train 7.892765e-01 | val 8.414967e-01 |   0.758 s | best 8.414967e-01 @228 *
epoch  229 | train 7.982846e-01 | val 8.411431e-01 |   0.777 s | best 8.411431e-01 @229 *
epoch  230 | train 7.837996e-01 | val 8.408093e-01 |   0.754 s | best 8.408093e-01 @230 *
epoch  231 | train 7.883889e-01 | val 8.404574e-01 |   0.785 s | best 8.404574e-01 @231 *
epoch  232 | train 7.925451e-01 | val 8.400959e-01 |   0.753 s | best 8.400959e-01 @232 *
epoch  233 | train 7.952887e-01 | val 8.397284e-01 |   0.777 s | best 8.397284e-01 @233 *
epoch  234 | train 7.918144e-01 | val 8.393609e-01 |   0.755 s | best 8.393609e-01 @234 *
epoch  235 | train 7.908167e-01 | val 8.390163e-01 |   0.777 s | best 8.390163e-01 @235 *
epoch  236 | train 7.897926e-01 | val 8.386720e-01 |   0.754 s | best 8.386720e-01 @236 *
epoch  237 | train 7.906164e-01 | val 8.383362e-01 |   0.782 s | best 8.383362e-01 @237 *
epoch  238 | train 7.950942e-01 | val 8.380139e-01 |   0.751 s | best 8.380139e-01 @238 *
epoch  239 | train 7.903224e-01 | val 8.376895e-01 |   0.780 s | best 8.376895e-01 @239 *
epoch  240 | train 7.933899e-01 | val 8.373710e-01 |   0.758 s | best 8.373710e-01 @240 *
epoch  241 | train 7.912612e-01 | val 8.370713e-01 |   0.777 s | best 8.370713e-01 @241 *
epoch  242 | train 7.901421e-01 | val 8.367634e-01 |   0.756 s | best 8.367634e-01 @242 *
epoch  243 | train 7.947419e-01 | val 8.364236e-01 |   0.787 s | best 8.364236e-01 @243 *
epoch  244 | train 7.888683e-01 | val 8.360832e-01 |   0.756 s | best 8.360832e-01 @244 *
epoch  245 | train 7.912479e-01 | val 8.357513e-01 |   0.779 s | best 8.357513e-01 @245 *
epoch  246 | train 7.950693e-01 | val 8.354248e-01 |   0.761 s | best 8.354248e-01 @246 *
epoch  247 | train 7.913932e-01 | val 8.350873e-01 |   0.784 s | best 8.350873e-01 @247 *
epoch  248 | train 7.921806e-01 | val 8.347461e-01 |   0.758 s | best 8.347461e-01 @248 *
epoch  249 | train 7.887977e-01 | val 8.344440e-01 |   0.776 s | best 8.344440e-01 @249 *
epoch  250 | train 7.927732e-01 | val 8.341516e-01 |   0.766 s | best 8.341516e-01 @250 *
epoch  251 | train 7.919545e-01 | val 8.338151e-01 |   0.773 s | best 8.338151e-01 @251 *
epoch  252 | train 7.926145e-01 | val 8.334492e-01 |   0.764 s | best 8.334492e-01 @252 *
epoch  253 | train 7.899149e-01 | val 8.330850e-01 |   0.773 s | best 8.330850e-01 @253 *
epoch  254 | train 7.965381e-01 | val 8.327407e-01 |   0.764 s | best 8.327407e-01 @254 *
epoch  255 | train 7.909231e-01 | val 8.324012e-01 |   0.767 s | best 8.324012e-01 @255 *
epoch  256 | train 7.871284e-01 | val 8.320723e-01 |   0.769 s | best 8.320723e-01 @256 *
epoch  257 | train 7.888358e-01 | val 8.317353e-01 |   0.766 s | best 8.317353e-01 @257 *
epoch  258 | train 7.920720e-01 | val 8.313816e-01 |   0.771 s | best 8.313816e-01 @258 *
epoch  259 | train 7.904230e-01 | val 8.310316e-01 |   0.767 s | best 8.310316e-01 @259 *
epoch  260 | train 7.880392e-01 | val 8.306876e-01 |   0.770 s | best 8.306876e-01 @260 *
epoch  261 | train 7.968942e-01 | val 8.303454e-01 |   0.759 s | best 8.303454e-01 @261 *
epoch  262 | train 7.862535e-01 | val 8.300064e-01 |   0.777 s | best 8.300064e-01 @262 *
epoch  263 | train 7.939382e-01 | val 8.296651e-01 |   0.762 s | best 8.296651e-01 @263 *
epoch  264 | train 7.937312e-01 | val 8.293401e-01 |   0.774 s | best 8.293401e-01 @264 *
epoch  265 | train 7.905370e-01 | val 8.290514e-01 |   0.757 s | best 8.290514e-01 @265 *
epoch  266 | train 7.904275e-01 | val 8.287874e-01 |   0.777 s | best 8.287874e-01 @266 *
epoch  267 | train 7.951664e-01 | val 8.285049e-01 |   0.752 s | best 8.285049e-01 @267 *
epoch  268 | train 7.945046e-01 | val 8.282449e-01 |   0.781 s | best 8.282449e-01 @268 *
epoch  269 | train 7.926756e-01 | val 8.279940e-01 |   0.753 s | best 8.279940e-01 @269 *
epoch  270 | train 7.890545e-01 | val 8.277201e-01 |   0.777 s | best 8.277201e-01 @270 *
epoch  271 | train 7.932480e-01 | val 8.274404e-01 |   0.753 s | best 8.274404e-01 @271 *
epoch  272 | train 7.905525e-01 | val 8.271330e-01 |   0.777 s | best 8.271330e-01 @272 *
epoch  273 | train 7.924874e-01 | val 8.268409e-01 |   0.755 s | best 8.268409e-01 @273 *
epoch  274 | train 7.911378e-01 | val 8.265179e-01 |   0.782 s | best 8.265179e-01 @274 *
epoch  275 | train 7.900353e-01 | val 8.262405e-01 |   0.754 s | best 8.262405e-01 @275 *
epoch  276 | train 7.904162e-01 | val 8.259508e-01 |   0.786 s | best 8.259508e-01 @276 *
epoch  277 | train 7.928890e-01 | val 8.256356e-01 |   0.756 s | best 8.256356e-01 @277 *
epoch  278 | train 7.907510e-01 | val 8.253371e-01 |   0.774 s | best 8.253371e-01 @278 *
epoch  279 | train 7.889627e-01 | val 8.250557e-01 |   0.759 s | best 8.250557e-01 @279 *
epoch  280 | train 7.861410e-01 | val 8.247783e-01 |   0.789 s | best 8.247783e-01 @280 *
epoch  281 | train 7.989684e-01 | val 8.245195e-01 |   0.760 s | best 8.245195e-01 @281 *
epoch  282 | train 7.954153e-01 | val 8.243281e-01 |   0.775 s | best 8.243281e-01 @282 *
epoch  283 | train 7.938604e-01 | val 8.241066e-01 |   0.764 s | best 8.241066e-01 @283 *
epoch  284 | train 7.911061e-01 | val 8.238745e-01 |   0.779 s | best 8.238745e-01 @284 *
epoch  285 | train 7.929146e-01 | val 8.236644e-01 |   0.761 s | best 8.236644e-01 @285 *
epoch  286 | train 7.848973e-01 | val 8.234507e-01 |   0.770 s | best 8.234507e-01 @286 *
epoch  287 | train 7.911513e-01 | val 8.232295e-01 |   0.767 s | best 8.232295e-01 @287 *
epoch  288 | train 7.964859e-01 | val 8.230336e-01 |   0.767 s | best 8.230336e-01 @288 *
epoch  289 | train 7.893657e-01 | val 8.228444e-01 |   0.773 s | best 8.228444e-01 @289 *
epoch  290 | train 7.876750e-01 | val 8.226728e-01 |   0.772 s | best 8.226728e-01 @290 *
epoch  291 | train 7.867353e-01 | val 8.224788e-01 |   0.772 s | best 8.224788e-01 @291 *
epoch  292 | train 7.872285e-01 | val 8.222975e-01 |   0.760 s | best 8.222975e-01 @292 *
epoch  293 | train 7.864371e-01 | val 8.221169e-01 |   0.796 s | best 8.221169e-01 @293 *
epoch  294 | train 7.945409e-01 | val 8.219054e-01 |   0.778 s | best 8.219054e-01 @294 *
epoch  295 | train 7.955446e-01 | val 8.217087e-01 |   0.800 s | best 8.217087e-01 @295 *
epoch  296 | train 7.915010e-01 | val 8.214769e-01 |   0.761 s | best 8.214769e-01 @296 *
epoch  297 | train 7.915141e-01 | val 8.212703e-01 |   0.804 s | best 8.212703e-01 @297 *
epoch  298 | train 7.878928e-01 | val 8.210468e-01 |   0.778 s | best 8.210468e-01 @298 *
epoch  299 | train 7.932989e-01 | val 8.208412e-01 |   0.805 s | best 8.208412e-01 @299 *
epoch  300 | train 7.874136e-01 | val 8.206640e-01 |   0.782 s | best 8.206640e-01 @300 *
epoch  301 | train 7.922274e-01 | val 8.204913e-01 |   0.824 s | best 8.204913e-01 @301 *
epoch  302 | train 7.867642e-01 | val 8.203266e-01 |   0.807 s | best 8.203266e-01 @302 *
epoch  303 | train 7.883755e-01 | val 8.201545e-01 |   0.794 s | best 8.201545e-01 @303 *
epoch  304 | train 7.957042e-01 | val 8.199751e-01 |   0.779 s | best 8.199751e-01 @304 *
epoch  305 | train 7.991419e-01 | val 8.197943e-01 |   0.803 s | best 8.197943e-01 @305 *
epoch  306 | train 7.940984e-01 | val 8.196142e-01 |   0.799 s | best 8.196142e-01 @306 *
epoch  307 | train 7.951628e-01 | val 8.194256e-01 |   0.782 s | best 8.194256e-01 @307 *
epoch  308 | train 7.928902e-01 | val 8.192500e-01 |   0.809 s | best 8.192500e-01 @308 *
epoch  309 | train 7.916996e-01 | val 8.190830e-01 |   0.768 s | best 8.190830e-01 @309 *
epoch  310 | train 7.915477e-01 | val 8.189476e-01 |   0.798 s | best 8.189476e-01 @310 *
epoch  311 | train 7.943845e-01 | val 8.187866e-01 |   0.758 s | best 8.187866e-01 @311 *
epoch  312 | train 7.884710e-01 | val 8.186324e-01 |   0.794 s | best 8.186324e-01 @312 *
epoch  313 | train 7.883334e-01 | val 8.184966e-01 |   0.761 s | best 8.184966e-01 @313 *
epoch  314 | train 7.890981e-01 | val 8.183529e-01 |   0.809 s | best 8.183529e-01 @314 *
epoch  315 | train 7.934034e-01 | val 8.182130e-01 |   0.756 s | best 8.182130e-01 @315 *
epoch  316 | train 7.915991e-01 | val 8.180771e-01 |   0.778 s | best 8.180771e-01 @316 *
epoch  317 | train 7.865475e-01 | val 8.179068e-01 |   0.763 s | best 8.179068e-01 @317 *
epoch  318 | train 7.907285e-01 | val 8.177429e-01 |   0.777 s | best 8.177429e-01 @318 *
epoch  319 | train 7.892518e-01 | val 8.175898e-01 |   0.764 s | best 8.175898e-01 @319 *
epoch  320 | train 7.902694e-01 | val 8.174592e-01 |   0.775 s | best 8.174592e-01 @320 *
epoch  321 | train 7.922700e-01 | val 8.173534e-01 |   0.764 s | best 8.173534e-01 @321 *
epoch  322 | train 7.892555e-01 | val 8.172329e-01 |   0.769 s | best 8.172329e-01 @322 *
epoch  323 | train 7.875907e-01 | val 8.170857e-01 |   0.766 s | best 8.170857e-01 @323 *
epoch  324 | train 7.940230e-01 | val 8.169104e-01 |   0.773 s | best 8.169104e-01 @324 *
epoch  325 | train 7.898145e-01 | val 8.167748e-01 |   0.764 s | best 8.167748e-01 @325 *
epoch  326 | train 7.890627e-01 | val 8.166278e-01 |   0.770 s | best 8.166278e-01 @326 *
epoch  327 | train 7.898796e-01 | val 8.164387e-01 |   0.773 s | best 8.164387e-01 @327 *
epoch  328 | train 7.930607e-01 | val 8.162829e-01 |   0.768 s | best 8.162829e-01 @328 *
epoch  329 | train 7.898833e-01 | val 8.161424e-01 |   0.777 s | best 8.161424e-01 @329 *
epoch  330 | train 7.922490e-01 | val 8.159883e-01 |   0.774 s | best 8.159883e-01 @330 *
epoch  331 | train 7.832533e-01 | val 8.158020e-01 |   0.770 s | best 8.158020e-01 @331 *
epoch  332 | train 7.906897e-01 | val 8.156224e-01 |   0.763 s | best 8.156224e-01 @332 *
epoch  333 | train 7.908355e-01 | val 8.154441e-01 |   0.777 s | best 8.154441e-01 @333 *
epoch  334 | train 7.868232e-01 | val 8.152653e-01 |   0.764 s | best 8.152653e-01 @334 *
epoch  335 | train 7.931479e-01 | val 8.150966e-01 |   0.775 s | best 8.150966e-01 @335 *
epoch  336 | train 7.914685e-01 | val 8.149464e-01 |   0.760 s | best 8.149464e-01 @336 *
epoch  337 | train 7.894793e-01 | val 8.147896e-01 |   0.778 s | best 8.147896e-01 @337 *
epoch  338 | train 7.915219e-01 | val 8.146383e-01 |   0.754 s | best 8.146383e-01 @338 *
epoch  339 | train 7.908567e-01 | val 8.144926e-01 |   0.782 s | best 8.144926e-01 @339 *
epoch  340 | train 7.905858e-01 | val 8.143498e-01 |   0.755 s | best 8.143498e-01 @340 *
epoch  341 | train 7.873696e-01 | val 8.142156e-01 |   0.779 s | best 8.142156e-01 @341 *
epoch  342 | train 7.906861e-01 | val 8.140725e-01 |   0.756 s | best 8.140725e-01 @342 *
epoch  343 | train 7.885223e-01 | val 8.139314e-01 |   0.777 s | best 8.139314e-01 @343 *
epoch  344 | train 7.933778e-01 | val 8.137873e-01 |   0.753 s | best 8.137873e-01 @344 *
epoch  345 | train 7.917866e-01 | val 8.136709e-01 |   0.784 s | best 8.136709e-01 @345 *
epoch  346 | train 7.897260e-01 | val 8.135710e-01 |   0.761 s | best 8.135710e-01 @346 *
epoch  347 | train 7.908718e-01 | val 8.134656e-01 |   0.779 s | best 8.134656e-01 @347 *
epoch  348 | train 7.920177e-01 | val 8.133218e-01 |   0.758 s | best 8.133218e-01 @348 *
epoch  349 | train 7.868756e-01 | val 8.131786e-01 |   0.777 s | best 8.131786e-01 @349 *
epoch  350 | train 7.906758e-01 | val 8.130392e-01 |   0.758 s | best 8.130392e-01 @350 *
epoch  351 | train 7.858571e-01 | val 8.128896e-01 |   0.795 s | best 8.128896e-01 @351 *
epoch  352 | train 7.877778e-01 | val 8.127272e-01 |   0.757 s | best 8.127272e-01 @352 *
epoch  353 | train 7.893890e-01 | val 8.125921e-01 |   0.776 s | best 8.125921e-01 @353 *
epoch  354 | train 7.876307e-01 | val 8.124741e-01 |   0.763 s | best 8.124741e-01 @354 *
epoch  355 | train 7.971533e-01 | val 8.123690e-01 |   0.775 s | best 8.123690e-01 @355 *
epoch  356 | train 7.876441e-01 | val 8.122492e-01 |   0.764 s | best 8.122492e-01 @356 *
epoch  357 | train 7.847757e-01 | val 8.121427e-01 |   0.774 s | best 8.121427e-01 @357 *
epoch  358 | train 7.906636e-01 | val 8.120385e-01 |   0.769 s | best 8.120385e-01 @358 *
epoch  359 | train 7.965580e-01 | val 8.119493e-01 |   0.768 s | best 8.119493e-01 @359 *
epoch  360 | train 7.938670e-01 | val 8.118386e-01 |   0.772 s | best 8.118386e-01 @360 *
epoch  361 | train 7.858763e-01 | val 8.117254e-01 |   0.766 s | best 8.117254e-01 @361 *
epoch  362 | train 7.925421e-01 | val 8.116095e-01 |   0.771 s | best 8.116095e-01 @362 *
epoch  363 | train 7.871557e-01 | val 8.114768e-01 |   0.764 s | best 8.114768e-01 @363 *
epoch  364 | train 7.900062e-01 | val 8.113371e-01 |   0.779 s | best 8.113371e-01 @364 *
epoch  365 | train 7.941941e-01 | val 8.112203e-01 |   0.762 s | best 8.112203e-01 @365 *
epoch  366 | train 7.936364e-01 | val 8.111117e-01 |   0.781 s | best 8.111117e-01 @366 *
epoch  367 | train 7.852142e-01 | val 8.110029e-01 |   0.760 s | best 8.110029e-01 @367 *
epoch  368 | train 7.856726e-01 | val 8.108862e-01 |   0.778 s | best 8.108862e-01 @368 *
epoch  369 | train 7.871331e-01 | val 8.107678e-01 |   0.753 s | best 8.107678e-01 @369 *
epoch  370 | train 7.884713e-01 | val 8.106542e-01 |   0.782 s | best 8.106542e-01 @370 *
epoch  371 | train 7.910616e-01 | val 8.105335e-01 |   0.753 s | best 8.105335e-01 @371 *
epoch  372 | train 7.855576e-01 | val 8.104300e-01 |   0.780 s | best 8.104300e-01 @372 *
epoch  373 | train 7.852768e-01 | val 8.103348e-01 |   0.757 s | best 8.103348e-01 @373 *
epoch  374 | train 7.907741e-01 | val 8.102383e-01 |   0.778 s | best 8.102383e-01 @374 *
epoch  375 | train 7.904665e-01 | val 8.101448e-01 |   0.757 s | best 8.101448e-01 @375 *
epoch  376 | train 7.862607e-01 | val 8.100604e-01 |   0.785 s | best 8.100604e-01 @376 *
epoch  377 | train 7.855487e-01 | val 8.099765e-01 |   0.759 s | best 8.099765e-01 @377 *
epoch  378 | train 7.811434e-01 | val 8.098970e-01 |   0.788 s | best 8.098970e-01 @378 *
epoch  379 | train 7.833380e-01 | val 8.098254e-01 |   0.763 s | best 8.098254e-01 @379 *
epoch  380 | train 7.882846e-01 | val 8.097570e-01 |   0.780 s | best 8.097570e-01 @380 *
epoch  381 | train 7.799218e-01 | val 8.096914e-01 |   0.763 s | best 8.096914e-01 @381 *
epoch  382 | train 7.799547e-01 | val 8.096232e-01 |   0.775 s | best 8.096232e-01 @382 *
epoch  383 | train 7.829559e-01 | val 8.095480e-01 |   0.762 s | best 8.095480e-01 @383 *
epoch  384 | train 7.812061e-01 | val 8.094869e-01 |   0.768 s | best 8.094869e-01 @384 *
epoch  385 | train 7.798762e-01 | val 8.094159e-01 |   0.771 s | best 8.094159e-01 @385 *
epoch  386 | train 7.756661e-01 | val 8.093417e-01 |   0.796 s | best 8.093417e-01 @386 *
epoch  387 | train 7.755234e-01 | val 8.092739e-01 |   0.774 s | best 8.092739e-01 @387 *
epoch  388 | train 7.748575e-01 | val 8.092124e-01 |   0.765 s | best 8.092124e-01 @388 *
epoch  389 | train 7.782656e-01 | val 8.091404e-01 |   0.773 s | best 8.091404e-01 @389 *
epoch  390 | train 7.788272e-01 | val 8.090745e-01 |   0.764 s | best 8.090745e-01 @390 *
epoch  391 | train 7.746666e-01 | val 8.090139e-01 |   0.777 s | best 8.090139e-01 @391 *
epoch  392 | train 7.780315e-01 | val 8.089317e-01 |   0.761 s | best 8.089317e-01 @392 *
epoch  393 | train 7.789540e-01 | val 8.088315e-01 |   0.777 s | best 8.088315e-01 @393 *
epoch  394 | train 7.744863e-01 | val 8.087284e-01 |   0.757 s | best 8.087284e-01 @394 *
epoch  395 | train 7.741497e-01 | val 8.086355e-01 |   0.779 s | best 8.086355e-01 @395 *
epoch  396 | train 7.788036e-01 | val 8.085281e-01 |   0.755 s | best 8.085281e-01 @396 *
epoch  397 | train 7.755112e-01 | val 8.084258e-01 |   0.783 s | best 8.084258e-01 @397 *
epoch  398 | train 7.739028e-01 | val 8.083369e-01 |   0.756 s | best 8.083369e-01 @398 *
epoch  399 | train 7.720254e-01 | val 8.082438e-01 |   0.780 s | best 8.082438e-01 @399 *
epoch  400 | train 7.798733e-01 | val 8.081351e-01 |   0.756 s | best 8.081351e-01 @400 *
epoch  401 | train 7.799645e-01 | val 8.080286e-01 |   0.780 s | best 8.080286e-01 @401 *
epoch  402 | train 7.763386e-01 | val 8.079326e-01 |   0.756 s | best 8.079326e-01 @402 *
epoch  403 | train 7.734578e-01 | val 8.078573e-01 |   0.785 s | best 8.078573e-01 @403 *
epoch  404 | train 7.738382e-01 | val 8.077604e-01 |   0.757 s | best 8.077604e-01 @404 *
epoch  405 | train 7.721862e-01 | val 8.076675e-01 |   0.782 s | best 8.076675e-01 @405 *
epoch  406 | train 7.747127e-01 | val 8.075377e-01 |   0.759 s | best 8.075377e-01 @406 *
epoch  407 | train 7.735640e-01 | val 8.074099e-01 |   0.779 s | best 8.074099e-01 @407 *
epoch  408 | train 7.832032e-01 | val 8.072876e-01 |   0.761 s | best 8.072876e-01 @408 *
epoch  409 | train 7.832807e-01 | val 8.071843e-01 |   0.782 s | best 8.071843e-01 @409 *
epoch  410 | train 7.762730e-01 | val 8.070701e-01 |   0.759 s | best 8.070701e-01 @410 *
epoch  411 | train 7.753277e-01 | val 8.069417e-01 |   0.782 s | best 8.069417e-01 @411 *
epoch  412 | train 7.773045e-01 | val 8.068265e-01 |   0.774 s | best 8.068265e-01 @412 *
epoch  413 | train 7.713294e-01 | val 8.067113e-01 |   0.774 s | best 8.067113e-01 @413 *
epoch  414 | train 7.708996e-01 | val 8.065904e-01 |   0.769 s | best 8.065904e-01 @414 *
epoch  415 | train 7.815958e-01 | val 8.064618e-01 |   0.778 s | best 8.064618e-01 @415 *
epoch  416 | train 7.772028e-01 | val 8.063377e-01 |   0.769 s | best 8.063377e-01 @416 *
epoch  417 | train 7.695972e-01 | val 8.062097e-01 |   0.776 s | best 8.062097e-01 @417 *
epoch  418 | train 7.717870e-01 | val 8.060825e-01 |   0.791 s | best 8.060825e-01 @418 *
epoch  419 | train 7.750003e-01 | val 8.059652e-01 |   0.776 s | best 8.059652e-01 @419 *
epoch  420 | train 7.730219e-01 | val 8.058409e-01 |   0.785 s | best 8.058409e-01 @420 *
epoch  421 | train 7.760453e-01 | val 8.057261e-01 |   0.788 s | best 8.057261e-01 @421 *
epoch  422 | train 7.761256e-01 | val 8.055989e-01 |   0.807 s | best 8.055989e-01 @422 *
epoch  423 | train 7.738526e-01 | val 8.054769e-01 |   0.811 s | best 8.054769e-01 @423 *
epoch  424 | train 7.718375e-01 | val 8.053433e-01 |   0.783 s | best 8.053433e-01 @424 *
epoch  425 | train 7.724509e-01 | val 8.052064e-01 |   0.783 s | best 8.052064e-01 @425 *
epoch  426 | train 7.770621e-01 | val 8.050651e-01 |   0.815 s | best 8.050651e-01 @426 *
epoch  427 | train 7.708882e-01 | val 8.049233e-01 |   0.808 s | best 8.049233e-01 @427 *
epoch  428 | train 7.757577e-01 | val 8.047792e-01 |   0.787 s | best 8.047792e-01 @428 *
epoch  429 | train 7.765379e-01 | val 8.046474e-01 |   0.804 s | best 8.046474e-01 @429 *
epoch  430 | train 7.772291e-01 | val 8.045176e-01 |   0.815 s | best 8.045176e-01 @430 *
epoch  431 | train 7.740959e-01 | val 8.043856e-01 |   0.816 s | best 8.043856e-01 @431 *
epoch  432 | train 7.787022e-01 | val 8.042350e-01 |   0.788 s | best 8.042350e-01 @432 *
epoch  433 | train 7.768816e-01 | val 8.040926e-01 |   0.819 s | best 8.040926e-01 @433 *
epoch  434 | train 7.803313e-01 | val 8.039460e-01 |   0.814 s | best 8.039460e-01 @434 *
epoch  435 | train 7.755562e-01 | val 8.037935e-01 |   0.802 s | best 8.037935e-01 @435 *
epoch  436 | train 7.813587e-01 | val 8.036443e-01 |   0.815 s | best 8.036443e-01 @436 *
epoch  437 | train 7.790180e-01 | val 8.035084e-01 |   0.782 s | best 8.035084e-01 @437 *
epoch  438 | train 7.721835e-01 | val 8.033624e-01 |   0.808 s | best 8.033624e-01 @438 *
epoch  439 | train 7.768628e-01 | val 8.032152e-01 |   0.816 s | best 8.032152e-01 @439 *
epoch  440 | train 7.742397e-01 | val 8.030786e-01 |   0.795 s | best 8.030786e-01 @440 *
epoch  441 | train 7.761871e-01 | val 8.029555e-01 |   0.816 s | best 8.029555e-01 @441 *
epoch  442 | train 7.686869e-01 | val 8.028095e-01 |   0.821 s | best 8.028095e-01 @442 *
epoch  443 | train 7.762314e-01 | val 8.026717e-01 |   0.804 s | best 8.026717e-01 @443 *
epoch  444 | train 7.709631e-01 | val 8.025404e-01 |   0.803 s | best 8.025404e-01 @444 *
epoch  445 | train 7.754294e-01 | val 8.024036e-01 |   0.788 s | best 8.024036e-01 @445 *
epoch  446 | train 7.781810e-01 | val 8.022759e-01 |   0.777 s | best 8.022759e-01 @446 *
epoch  447 | train 7.718975e-01 | val 8.021381e-01 |   0.771 s | best 8.021381e-01 @447 *
epoch  448 | train 7.824792e-01 | val 8.019832e-01 |   0.781 s | best 8.019832e-01 @448 *
epoch  449 | train 7.699743e-01 | val 8.018235e-01 |   0.783 s | best 8.018235e-01 @449 *
epoch  450 | train 7.808484e-01 | val 8.016821e-01 |   0.778 s | best 8.016821e-01 @450 *
epoch  451 | train 7.752255e-01 | val 8.015400e-01 |   0.773 s | best 8.015400e-01 @451 *
epoch  452 | train 7.792172e-01 | val 8.014067e-01 |   0.781 s | best 8.014067e-01 @452 *
epoch  453 | train 7.725350e-01 | val 8.012747e-01 |   0.781 s | best 8.012747e-01 @453 *
epoch  454 | train 7.783598e-01 | val 8.011439e-01 |   0.779 s | best 8.011439e-01 @454 *
epoch  455 | train 7.761513e-01 | val 8.010015e-01 |   0.775 s | best 8.010015e-01 @455 *
epoch  456 | train 7.745077e-01 | val 8.008642e-01 |   0.779 s | best 8.008642e-01 @456 *
epoch  457 | train 7.780047e-01 | val 8.007146e-01 |   0.780 s | best 8.007146e-01 @457 *
epoch  458 | train 7.730887e-01 | val 8.005604e-01 |   0.779 s | best 8.005604e-01 @458 *
epoch  459 | train 7.776484e-01 | val 8.004106e-01 |   0.773 s | best 8.004106e-01 @459 *
epoch  460 | train 7.785116e-01 | val 8.002405e-01 |   0.780 s | best 8.002405e-01 @460 *
epoch  461 | train 7.732555e-01 | val 8.000758e-01 |   0.778 s | best 8.000758e-01 @461 *
epoch  462 | train 7.741413e-01 | val 7.999049e-01 |   0.781 s | best 7.999049e-01 @462 *
epoch  463 | train 7.713883e-01 | val 7.997320e-01 |   0.777 s | best 7.997320e-01 @463 *
epoch  464 | train 7.764166e-01 | val 7.995455e-01 |   0.778 s | best 7.995455e-01 @464 *
epoch  465 | train 7.741689e-01 | val 7.993768e-01 |   0.777 s | best 7.993768e-01 @465 *
epoch  466 | train 7.772359e-01 | val 7.992058e-01 |   0.779 s | best 7.992058e-01 @466 *
epoch  467 | train 7.729626e-01 | val 7.990368e-01 |   0.778 s | best 7.990368e-01 @467 *
epoch  468 | train 7.768251e-01 | val 7.988541e-01 |   0.775 s | best 7.988541e-01 @468 *
epoch  469 | train 7.772113e-01 | val 7.986780e-01 |   0.778 s | best 7.986780e-01 @469 *
epoch  470 | train 7.740024e-01 | val 7.985032e-01 |   0.778 s | best 7.985032e-01 @470 *
epoch  471 | train 7.707966e-01 | val 7.983239e-01 |   0.777 s | best 7.983239e-01 @471 *
epoch  472 | train 7.764709e-01 | val 7.981487e-01 |   0.776 s | best 7.981487e-01 @472 *
epoch  473 | train 7.750103e-01 | val 7.979600e-01 |   0.780 s | best 7.979600e-01 @473 *
epoch  474 | train 7.759748e-01 | val 7.977781e-01 |   0.779 s | best 7.977781e-01 @474 *
epoch  475 | train 7.756966e-01 | val 7.976090e-01 |   0.775 s | best 7.976090e-01 @475 *
epoch  476 | train 7.785899e-01 | val 7.974347e-01 |   0.777 s | best 7.974347e-01 @476 *
epoch  477 | train 7.746194e-01 | val 7.972535e-01 |   0.782 s | best 7.972535e-01 @477 *
epoch  478 | train 7.729885e-01 | val 7.970812e-01 |   0.779 s | best 7.970812e-01 @478 *
epoch  479 | train 7.738935e-01 | val 7.969174e-01 |   0.776 s | best 7.969174e-01 @479 *
epoch  480 | train 7.724047e-01 | val 7.967390e-01 |   0.778 s | best 7.967390e-01 @480 *
epoch  481 | train 7.755058e-01 | val 7.965519e-01 |   0.778 s | best 7.965519e-01 @481 *
epoch  482 | train 7.722179e-01 | val 7.963769e-01 |   0.777 s | best 7.963769e-01 @482 *
epoch  483 | train 7.706226e-01 | val 7.962133e-01 |   0.774 s | best 7.962133e-01 @483 *
epoch  484 | train 7.726470e-01 | val 7.960562e-01 |   0.779 s | best 7.960562e-01 @484 *
epoch  485 | train 7.720473e-01 | val 7.958881e-01 |   0.785 s | best 7.958881e-01 @485 *
epoch  486 | train 7.743140e-01 | val 7.957210e-01 |   0.780 s | best 7.957210e-01 @486 *
epoch  487 | train 7.740241e-01 | val 7.955581e-01 |   0.777 s | best 7.955581e-01 @487 *
epoch  488 | train 7.744235e-01 | val 7.953808e-01 |   0.775 s | best 7.953808e-01 @488 *
epoch  489 | train 7.748750e-01 | val 7.952077e-01 |   0.784 s | best 7.952077e-01 @489 *
epoch  490 | train 7.722370e-01 | val 7.950394e-01 |   0.781 s | best 7.950394e-01 @490 *
epoch  491 | train 7.709818e-01 | val 7.948599e-01 |   0.778 s | best 7.948599e-01 @491 *
epoch  492 | train 7.722261e-01 | val 7.946848e-01 |   0.771 s | best 7.946848e-01 @492 *
epoch  493 | train 7.773238e-01 | val 7.945051e-01 |   0.778 s | best 7.945051e-01 @493 *
epoch  494 | train 7.732877e-01 | val 7.943383e-01 |   0.782 s | best 7.943383e-01 @494 *
epoch  495 | train 7.721484e-01 | val 7.941744e-01 |   0.778 s | best 7.941744e-01 @495 *
epoch  496 | train 7.712743e-01 | val 7.940156e-01 |   0.772 s | best 7.940156e-01 @496 *
epoch  497 | train 7.764288e-01 | val 7.938327e-01 |   0.776 s | best 7.938327e-01 @497 *
epoch  498 | train 7.647941e-01 | val 7.936431e-01 |   0.781 s | best 7.936431e-01 @498 *
epoch  499 | train 7.689558e-01 | val 7.934776e-01 |   0.774 s | best 7.934776e-01 @499 *
epoch  500 | train 7.744956e-01 | val 7.933146e-01 |   0.782 s | best 7.933146e-01 @500 *
epoch  501 | train 7.745252e-01 | val 7.931486e-01 |   0.785 s | best 7.931486e-01 @501 *
epoch  502 | train 7.720595e-01 | val 7.929843e-01 |   0.773 s | best 7.929843e-01 @502 *
epoch  503 | train 7.726120e-01 | val 7.928256e-01 |   0.773 s | best 7.928256e-01 @503 *
epoch  504 | train 7.751651e-01 | val 7.926708e-01 |   0.770 s | best 7.926708e-01 @504 *
epoch  505 | train 7.743413e-01 | val 7.925226e-01 |   0.773 s | best 7.925226e-01 @505 *
epoch  506 | train 7.747447e-01 | val 7.923636e-01 |   0.774 s | best 7.923636e-01 @506 *
epoch  507 | train 7.725781e-01 | val 7.922062e-01 |   0.770 s | best 7.922062e-01 @507 *
epoch  508 | train 7.743782e-01 | val 7.920508e-01 |   0.772 s | best 7.920508e-01 @508 *
epoch  509 | train 7.727268e-01 | val 7.918853e-01 |   0.771 s | best 7.918853e-01 @509 *
epoch  510 | train 7.692046e-01 | val 7.917302e-01 |   0.775 s | best 7.917302e-01 @510 *
epoch  511 | train 7.776482e-01 | val 7.915969e-01 |   0.770 s | best 7.915969e-01 @511 *
epoch  512 | train 7.761637e-01 | val 7.914526e-01 |   0.768 s | best 7.914526e-01 @512 *
epoch  513 | train 7.767116e-01 | val 7.913018e-01 |   0.772 s | best 7.913018e-01 @513 *
epoch  514 | train 7.707031e-01 | val 7.911689e-01 |   0.780 s | best 7.911689e-01 @514 *
epoch  515 | train 7.714850e-01 | val 7.910452e-01 |   0.779 s | best 7.910452e-01 @515 *
epoch  516 | train 7.746240e-01 | val 7.909208e-01 |   0.771 s | best 7.909208e-01 @516 *
epoch  517 | train 7.713304e-01 | val 7.908001e-01 |   0.770 s | best 7.908001e-01 @517 *
epoch  518 | train 7.740111e-01 | val 7.907054e-01 |   0.774 s | best 7.907054e-01 @518 *
epoch  519 | train 7.735400e-01 | val 7.905842e-01 |   0.774 s | best 7.905842e-01 @519 *
epoch  520 | train 7.790442e-01 | val 7.904807e-01 |   0.775 s | best 7.904807e-01 @520 *
epoch  521 | train 7.709703e-01 | val 7.903777e-01 |   0.769 s | best 7.903777e-01 @521 *
epoch  522 | train 7.740915e-01 | val 7.902696e-01 |   0.773 s | best 7.902696e-01 @522 *
epoch  523 | train 7.731254e-01 | val 7.901455e-01 |   0.771 s | best 7.901455e-01 @523 *
epoch  524 | train 7.688967e-01 | val 7.900307e-01 |   0.771 s | best 7.900307e-01 @524 *
epoch  525 | train 7.765002e-01 | val 7.899374e-01 |   0.772 s | best 7.899374e-01 @525 *
epoch  526 | train 7.700240e-01 | val 7.898360e-01 |   0.779 s | best 7.898360e-01 @526 *
epoch  527 | train 7.760720e-01 | val 7.897317e-01 |   0.782 s | best 7.897317e-01 @527 *
epoch  528 | train 7.746169e-01 | val 7.896264e-01 |   0.772 s | best 7.896264e-01 @528 *
epoch  529 | train 7.753076e-01 | val 7.895385e-01 |   0.770 s | best 7.895385e-01 @529 *
epoch  530 | train 7.720501e-01 | val 7.894763e-01 |   0.776 s | best 7.894763e-01 @530 *
epoch  531 | train 7.744946e-01 | val 7.894050e-01 |   0.775 s | best 7.894050e-01 @531 *
epoch  532 | train 7.757324e-01 | val 7.893142e-01 |   0.773 s | best 7.893142e-01 @532 *
epoch  533 | train 7.722377e-01 | val 7.892282e-01 |   0.775 s | best 7.892282e-01 @533 *
epoch  534 | train 7.723865e-01 | val 7.891542e-01 |   0.772 s | best 7.891542e-01 @534 *
epoch  535 | train 7.731362e-01 | val 7.890909e-01 |   0.775 s | best 7.890909e-01 @535 *
epoch  536 | train 7.727499e-01 | val 7.890230e-01 |   0.772 s | best 7.890230e-01 @536 *
epoch  537 | train 7.725946e-01 | val 7.889584e-01 |   0.774 s | best 7.889584e-01 @537 *
epoch  538 | train 7.713766e-01 | val 7.888948e-01 |   0.774 s | best 7.888948e-01 @538 *
epoch  539 | train 7.677413e-01 | val 7.888381e-01 |   0.777 s | best 7.888381e-01 @539 *
epoch  540 | train 7.751077e-01 | val 7.887781e-01 |   0.773 s | best 7.887781e-01 @540 *
epoch  541 | train 7.743604e-01 | val 7.887235e-01 |   0.777 s | best 7.887235e-01 @541 *
epoch  542 | train 7.711998e-01 | val 7.886733e-01 |   0.770 s | best 7.886733e-01 @542 *
epoch  543 | train 7.776815e-01 | val 7.886071e-01 |   0.777 s | best 7.886071e-01 @543 *
epoch  544 | train 7.761164e-01 | val 7.885447e-01 |   0.773 s | best 7.885447e-01 @544 *
epoch  545 | train 7.727235e-01 | val 7.885121e-01 |   0.774 s | best 7.885121e-01 @545 *
epoch  546 | train 7.721252e-01 | val 7.884741e-01 |   0.770 s | best 7.884741e-01 @546 *
epoch  547 | train 7.750852e-01 | val 7.884505e-01 |   0.776 s | best 7.884505e-01 @547 *
epoch  548 | train 7.758051e-01 | val 7.884293e-01 |   0.776 s | best 7.884293e-01 @548 *
epoch  549 | train 7.728715e-01 | val 7.884009e-01 |   0.773 s | best 7.884009e-01 @549 *
epoch  550 | train 7.721094e-01 | val 7.883590e-01 |   0.774 s | best 7.883590e-01 @550 *
epoch  551 | train 7.783911e-01 | val 7.883269e-01 |   0.773 s | best 7.883269e-01 @551 *
epoch  552 | train 7.738191e-01 | val 7.882971e-01 |   0.777 s | best 7.882971e-01 @552 *
epoch  553 | train 7.723561e-01 | val 7.882725e-01 |   0.776 s | best 7.882725e-01 @553 *
epoch  554 | train 7.724129e-01 | val 7.882504e-01 |   0.775 s | best 7.882504e-01 @554 *
epoch  555 | train 7.731950e-01 | val 7.882277e-01 |   0.772 s | best 7.882277e-01 @555 *
epoch  556 | train 7.707920e-01 | val 7.881846e-01 |   0.774 s | best 7.881846e-01 @556 *
epoch  557 | train 7.695067e-01 | val 7.881603e-01 |   0.776 s | best 7.881603e-01 @557 *
epoch  558 | train 7.717849e-01 | val 7.881348e-01 |   0.773 s | best 7.881348e-01 @558 *
epoch  559 | train 7.709127e-01 | val 7.880972e-01 |   0.771 s | best 7.880972e-01 @559 *
epoch  560 | train 7.756718e-01 | val 7.880862e-01 |   0.776 s | best 7.880862e-01 @560 *
epoch  561 | train 7.735287e-01 | val 7.880694e-01 |   0.772 s | best 7.880694e-01 @561 *
epoch  562 | train 7.764740e-01 | val 7.880689e-01 |   0.769 s | best 7.880689e-01 @562 *
epoch  563 | train 7.731235e-01 | val 7.880598e-01 |   0.798 s | best 7.880598e-01 @563 *
epoch  564 | train 7.764474e-01 | val 7.880554e-01 |   0.780 s | best 7.880554e-01 @564 *
epoch  565 | train 7.738829e-01 | val 7.880474e-01 |   0.778 s | best 7.880474e-01 @565 *
epoch  566 | train 7.717352e-01 | val 7.880568e-01 |   0.774 s | best 7.880474e-01 @565
epoch  567 | train 7.737789e-01 | val 7.880507e-01 |   0.776 s | best 7.880474e-01 @565
epoch  568 | train 7.730276e-01 | val 7.880544e-01 |   0.779 s | best 7.880474e-01 @565
epoch  569 | train 7.738157e-01 | val 7.880621e-01 |   0.777 s | best 7.880474e-01 @565
epoch  570 | train 7.744018e-01 | val 7.880998e-01 |   0.781 s | best 7.880474e-01 @565
epoch  571 | train 7.696024e-01 | val 7.881323e-01 |   0.775 s | best 7.880474e-01 @565
epoch  572 | train 7.780202e-01 | val 7.881632e-01 |   0.773 s | best 7.880474e-01 @565
epoch  573 | train 7.710969e-01 | val 7.881774e-01 |   0.780 s | best 7.880474e-01 @565
epoch  574 | train 7.753965e-01 | val 7.882074e-01 |   0.773 s | best 7.880474e-01 @565
epoch  575 | train 7.726939e-01 | val 7.882395e-01 |   0.772 s | best 7.880474e-01 @565
epoch  576 | train 7.709353e-01 | val 7.882698e-01 |   0.780 s | best 7.880474e-01 @565
epoch  577 | train 7.711458e-01 | val 7.883018e-01 |   0.799 s | best 7.880474e-01 @565
epoch  578 | train 7.762289e-01 | val 7.883427e-01 |   0.814 s | best 7.880474e-01 @565
epoch  579 | train 7.716148e-01 | val 7.883717e-01 |   0.777 s | best 7.880474e-01 @565
epoch  580 | train 7.711550e-01 | val 7.883952e-01 |   0.807 s | best 7.880474e-01 @565
# done        : 580 epochs, stopped_by=patience, aborted=False, best val 7.880474e-01 @ epoch 565, wall 472.8 s, 0.815 s/epoch
