
# ===== 2026-09-21 05:43:51 KST  HPO attempt 10  testbed D1 prior S  Nr=8 Nt=4
# DEVICE      : cuda | cuda_available=True | NVIDIA RTX PRO 6000 Blackwell Server Edition | torch 2.14.0+cu130 | train dtype float32 (01_RULES §9.5)
# data        : n_train=9000 n_val=1000 split_hash=98d6225d67f9c15a E||H||_F^2/(NrNt)=1.000268 (04_SPEC §2)
# sigma grid  : MEASURED, 20 points, log-uniform draw over [3.2936e-02, 7.9084e-01]
# hp          : {'arch': 'uvit', 'param': 'vp', 'domain': 'angle', 'lr': 0.001173687056235568, 'ema': 0.9995, 'batch': 128, 'emb': 256, 'width': 192, 'depth': 5, 'heads': 4, 'patch': 1}  params=2466280
# stopping    : patience 15 on val loss, never before 0 epochs, max 600 (01_RULES §5)
epoch    1 | train 9.027409e-01 | val 9.898517e-01 |   2.247 s | best 9.898517e-01 @1 *
epoch    2 | train 8.228574e-01 | val 9.859834e-01 |   2.239 s | best 9.859834e-01 @2 *
epoch    3 | train 7.969617e-01 | val 9.796113e-01 |   2.226 s | best 9.796113e-01 @3 *
epoch    4 | train 7.972932e-01 | val 9.740628e-01 |   2.224 s | best 9.740628e-01 @4 *
epoch    5 | train 7.960728e-01 | val 9.697514e-01 |   2.237 s | best 9.697514e-01 @5 *
epoch    6 | train 7.913032e-01 | val 9.654419e-01 |   2.253 s | best 9.654419e-01 @6 *
epoch    7 | train 7.933469e-01 | val 9.606270e-01 |   2.237 s | best 9.606270e-01 @7 *
epoch    8 | train 7.888607e-01 | val 9.551691e-01 |   2.247 s | best 9.551691e-01 @8 *
epoch    9 | train 7.898309e-01 | val 9.490629e-01 |   2.239 s | best 9.490629e-01 @9 *
epoch   10 | train 7.861811e-01 | val 9.423153e-01 |   2.229 s | best 9.423153e-01 @10 *
epoch   11 | train 7.927907e-01 | val 9.351941e-01 |   2.244 s | best 9.351941e-01 @11 *
epoch   12 | train 7.885882e-01 | val 9.277478e-01 |   2.248 s | best 9.277478e-01 @12 *
epoch   13 | train 7.929278e-01 | val 9.201800e-01 |   2.241 s | best 9.201800e-01 @13 *
epoch   14 | train 7.901120e-01 | val 9.126654e-01 |   2.242 s | best 9.126654e-01 @14 *
epoch   15 | train 7.942784e-01 | val 9.052396e-01 |   2.231 s | best 9.052396e-01 @15 *
epoch   16 | train 7.885393e-01 | val 8.979619e-01 |   2.241 s | best 8.979619e-01 @16 *
epoch   17 | train 7.901226e-01 | val 8.909220e-01 |   2.245 s | best 8.909220e-01 @17 *
epoch   18 | train 7.942265e-01 | val 8.841235e-01 |   2.239 s | best 8.841235e-01 @18 *
epoch   19 | train 7.917888e-01 | val 8.776120e-01 |   2.236 s | best 8.776120e-01 @19 *
epoch   20 | train 7.858313e-01 | val 8.713729e-01 |   2.252 s | best 8.713729e-01 @20 *
epoch   21 | train 7.928914e-01 | val 8.654208e-01 |   2.238 s | best 8.654208e-01 @21 *
epoch   22 | train 7.896303e-01 | val 8.597801e-01 |   2.240 s | best 8.597801e-01 @22 *
epoch   23 | train 7.828479e-01 | val 8.543391e-01 |   2.239 s | best 8.543391e-01 @23 *
epoch   24 | train 7.816260e-01 | val 8.491235e-01 |   2.223 s | best 8.491235e-01 @24 *
epoch   25 | train 7.829293e-01 | val 8.441481e-01 |   2.241 s | best 8.441481e-01 @25 *
epoch   26 | train 7.849023e-01 | val 8.395053e-01 |   2.230 s | best 8.395053e-01 @26 *
epoch   27 | train 7.797842e-01 | val 8.350469e-01 |   2.259 s | best 8.350469e-01 @27 *
epoch   28 | train 7.810776e-01 | val 8.308245e-01 |   2.258 s | best 8.308245e-01 @28 *
epoch   29 | train 7.750683e-01 | val 8.268318e-01 |   2.260 s | best 8.268318e-01 @29 *
epoch   30 | train 7.825217e-01 | val 8.230841e-01 |   2.261 s | best 8.230841e-01 @30 *
epoch   31 | train 7.797125e-01 | val 8.195447e-01 |   2.262 s | best 8.195447e-01 @31 *
epoch   32 | train 7.756525e-01 | val 8.162183e-01 |   2.258 s | best 8.162183e-01 @32 *
epoch   33 | train 7.769384e-01 | val 8.130575e-01 |   2.256 s | best 8.130575e-01 @33 *
epoch   34 | train 7.725887e-01 | val 8.101426e-01 |   2.260 s | best 8.101426e-01 @34 *
epoch   35 | train 7.763921e-01 | val 8.073818e-01 |   2.261 s | best 8.073818e-01 @35 *
epoch   36 | train 7.699698e-01 | val 8.046585e-01 |   2.261 s | best 8.046585e-01 @36 *
epoch   37 | train 7.744444e-01 | val 8.020157e-01 |   2.257 s | best 8.020157e-01 @37 *
epoch   38 | train 7.715256e-01 | val 7.994849e-01 |   2.257 s | best 7.994849e-01 @38 *
epoch   39 | train 7.731757e-01 | val 7.971082e-01 |   2.257 s | best 7.971082e-01 @39 *
epoch   40 | train 7.707574e-01 | val 7.948979e-01 |   2.245 s | best 7.948979e-01 @40 *
epoch   41 | train 7.728593e-01 | val 7.929271e-01 |   2.244 s | best 7.929271e-01 @41 *
epoch   42 | train 7.669831e-01 | val 7.911017e-01 |   2.234 s | best 7.911017e-01 @42 *
epoch   43 | train 7.663147e-01 | val 7.893915e-01 |   2.252 s | best 7.893915e-01 @43 *
epoch   44 | train 7.666679e-01 | val 7.877902e-01 |   2.246 s | best 7.877902e-01 @44 *
epoch   45 | train 7.648900e-01 | val 7.863038e-01 |   2.243 s | best 7.863038e-01 @45 *
epoch   46 | train 7.672329e-01 | val 7.849173e-01 |   2.244 s | best 7.849173e-01 @46 *
epoch   47 | train 7.671512e-01 | val 7.835885e-01 |   2.241 s | best 7.835885e-01 @47 *
epoch   48 | train 7.728421e-01 | val 7.823810e-01 |   2.241 s | best 7.823810e-01 @48 *
epoch   49 | train 7.646600e-01 | val 7.812371e-01 |   2.237 s | best 7.812371e-01 @49 *
epoch   50 | train 7.646360e-01 | val 7.801813e-01 |   2.243 s | best 7.801813e-01 @50 *
epoch   51 | train 7.652289e-01 | val 7.791439e-01 |   2.239 s | best 7.791439e-01 @51 *
epoch   52 | train 7.711298e-01 | val 7.781290e-01 |   2.240 s | best 7.781290e-01 @52 *
epoch   53 | train 7.574840e-01 | val 7.771469e-01 |   2.249 s | best 7.771469e-01 @53 *
epoch   54 | train 7.644199e-01 | val 7.762008e-01 |   2.255 s | best 7.762008e-01 @54 *
epoch   55 | train 7.677389e-01 | val 7.752745e-01 |   2.260 s | best 7.752745e-01 @55 *
epoch   56 | train 7.682038e-01 | val 7.743904e-01 |   2.259 s | best 7.743904e-01 @56 *
epoch   57 | train 7.655302e-01 | val 7.735282e-01 |   2.136 s | best 7.735282e-01 @57 *
epoch   58 | train 7.672443e-01 | val 7.726932e-01 |   2.150 s | best 7.726932e-01 @58 *
epoch   59 | train 7.692359e-01 | val 7.718908e-01 |   2.140 s | best 7.718908e-01 @59 *
epoch   60 | train 7.605358e-01 | val 7.711170e-01 |   2.143 s | best 7.711170e-01 @60 *
epoch   61 | train 7.645645e-01 | val 7.703388e-01 |   2.151 s | best 7.703388e-01 @61 *
epoch   62 | train 7.620458e-01 | val 7.695867e-01 |   2.143 s | best 7.695867e-01 @62 *
epoch   63 | train 7.640442e-01 | val 7.688435e-01 |   2.140 s | best 7.688435e-01 @63 *
epoch   64 | train 7.636976e-01 | val 7.681437e-01 |   2.142 s | best 7.681437e-01 @64 *
epoch   65 | train 7.591225e-01 | val 7.674631e-01 |   2.139 s | best 7.674631e-01 @65 *
epoch   66 | train 7.606544e-01 | val 7.668002e-01 |   2.144 s | best 7.668002e-01 @66 *
epoch   67 | train 7.678496e-01 | val 7.661537e-01 |   2.138 s | best 7.661537e-01 @67 *
epoch   68 | train 7.637106e-01 | val 7.655287e-01 |   2.156 s | best 7.655287e-01 @68 *
epoch   69 | train 7.635635e-01 | val 7.649263e-01 |   2.131 s | best 7.649263e-01 @69 *
epoch   70 | train 7.651931e-01 | val 7.643415e-01 |   2.139 s | best 7.643415e-01 @70 *
epoch   71 | train 7.641649e-01 | val 7.637913e-01 |   2.138 s | best 7.637913e-01 @71 *
epoch   72 | train 7.646226e-01 | val 7.632592e-01 |   2.095 s | best 7.632592e-01 @72 *
epoch   73 | train 7.596354e-01 | val 7.627489e-01 |   2.104 s | best 7.627489e-01 @73 *
epoch   74 | train 7.611983e-01 | val 7.622708e-01 |   2.123 s | best 7.622708e-01 @74 *
epoch   75 | train 7.590895e-01 | val 7.618198e-01 |   2.115 s | best 7.618198e-01 @75 *
epoch   76 | train 7.647051e-01 | val 7.614046e-01 |   2.176 s | best 7.614046e-01 @76 *
epoch   77 | train 7.613678e-01 | val 7.610027e-01 |   2.139 s | best 7.610027e-01 @77 *
epoch   78 | train 7.634578e-01 | val 7.605982e-01 |   2.139 s | best 7.605982e-01 @78 *
epoch   79 | train 7.666600e-01 | val 7.602102e-01 |   2.132 s | best 7.602102e-01 @79 *
epoch   80 | train 7.631484e-01 | val 7.598731e-01 |   2.137 s | best 7.598731e-01 @80 *
epoch   81 | train 7.654520e-01 | val 7.595618e-01 |   2.155 s | best 7.595618e-01 @81 *
epoch   82 | train 7.615746e-01 | val 7.592747e-01 |   2.123 s | best 7.592747e-01 @82 *
epoch   83 | train 7.599812e-01 | val 7.590165e-01 |   2.123 s | best 7.590165e-01 @83 *
epoch   84 | train 7.615023e-01 | val 7.587956e-01 |   2.124 s | best 7.587956e-01 @84 *
epoch   85 | train 7.641611e-01 | val 7.585812e-01 |   2.122 s | best 7.585812e-01 @85 *
epoch   86 | train 7.605311e-01 | val 7.583830e-01 |   2.111 s | best 7.583830e-01 @86 *
epoch   87 | train 7.600972e-01 | val 7.582030e-01 |   2.127 s | best 7.582030e-01 @87 *
epoch   88 | train 7.653587e-01 | val 7.580137e-01 |   2.191 s | best 7.580137e-01 @88 *
epoch   89 | train 7.626950e-01 | val 7.578343e-01 |   2.238 s | best 7.578343e-01 @89 *
epoch   90 | train 7.620969e-01 | val 7.576480e-01 |   2.228 s | best 7.576480e-01 @90 *
epoch   91 | train 7.576052e-01 | val 7.574874e-01 |   2.226 s | best 7.574874e-01 @91 *
epoch   92 | train 7.577494e-01 | val 7.573135e-01 |   2.245 s | best 7.573135e-01 @92 *
epoch   93 | train 7.671279e-01 | val 7.571209e-01 |   2.236 s | best 7.571209e-01 @93 *
epoch   94 | train 7.615390e-01 | val 7.569497e-01 |   2.237 s | best 7.569497e-01 @94 *
epoch   95 | train 7.601575e-01 | val 7.567706e-01 |   2.249 s | best 7.567706e-01 @95 *
epoch   96 | train 7.685422e-01 | val 7.566358e-01 |   2.239 s | best 7.566358e-01 @96 *
epoch   97 | train 7.632861e-01 | val 7.564849e-01 |   2.244 s | best 7.564849e-01 @97 *
epoch   98 | train 7.611685e-01 | val 7.562995e-01 |   2.235 s | best 7.562995e-01 @98 *
epoch   99 | train 7.620871e-01 | val 7.561536e-01 |   2.231 s | best 7.561536e-01 @99 *
epoch  100 | train 7.624714e-01 | val 7.560158e-01 |   2.238 s | best 7.560158e-01 @100 *
epoch  101 | train 7.621231e-01 | val 7.558814e-01 |   2.230 s | best 7.558814e-01 @101 *
epoch  102 | train 7.677265e-01 | val 7.557634e-01 |   2.239 s | best 7.557634e-01 @102 *
epoch  103 | train 7.602073e-01 | val 7.556791e-01 |   2.255 s | best 7.556791e-01 @103 *
epoch  104 | train 7.575815e-01 | val 7.555649e-01 |   2.235 s | best 7.555649e-01 @104 *
epoch  105 | train 7.629071e-01 | val 7.554518e-01 |   2.246 s | best 7.554518e-01 @105 *
epoch  106 | train 7.621767e-01 | val 7.553096e-01 |   2.235 s | best 7.553096e-01 @106 *
epoch  107 | train 7.616217e-01 | val 7.552323e-01 |   2.228 s | best 7.552323e-01 @107 *
epoch  108 | train 7.581436e-01 | val 7.551647e-01 |   2.245 s | best 7.551647e-01 @108 *
epoch  109 | train 7.588339e-01 | val 7.550499e-01 |   2.238 s | best 7.550499e-01 @109 *
epoch  110 | train 7.632471e-01 | val 7.549388e-01 |   2.238 s | best 7.549388e-01 @110 *
epoch  111 | train 7.598202e-01 | val 7.547878e-01 |   2.249 s | best 7.547878e-01 @111 *
epoch  112 | train 7.627533e-01 | val 7.546882e-01 |   2.229 s | best 7.546882e-01 @112 *
epoch  113 | train 7.624509e-01 | val 7.546362e-01 |   2.244 s | best 7.546362e-01 @113 *
epoch  114 | train 7.659311e-01 | val 7.545431e-01 |   2.232 s | best 7.545431e-01 @114 *
epoch  115 | train 7.600323e-01 | val 7.544435e-01 |   2.237 s | best 7.544435e-01 @115 *
epoch  116 | train 7.622563e-01 | val 7.543169e-01 |   2.248 s | best 7.543169e-01 @116 *
epoch  117 | train 7.567248e-01 | val 7.542206e-01 |   2.237 s | best 7.542206e-01 @117 *
epoch  118 | train 7.617559e-01 | val 7.540572e-01 |   2.242 s | best 7.540572e-01 @118 *
epoch  119 | train 7.580717e-01 | val 7.538882e-01 |   2.219 s | best 7.538882e-01 @119 *
epoch  120 | train 7.598766e-01 | val 7.537149e-01 |   2.125 s | best 7.537149e-01 @120 *
epoch  121 | train 7.643601e-01 | val 7.535253e-01 |   2.122 s | best 7.535253e-01 @121 *
epoch  122 | train 7.559515e-01 | val 7.533686e-01 |   2.115 s | best 7.533686e-01 @122 *
epoch  123 | train 7.631726e-01 | val 7.531746e-01 |   2.118 s | best 7.531746e-01 @123 *
epoch  124 | train 7.643472e-01 | val 7.530152e-01 |   2.125 s | best 7.530152e-01 @124 *
epoch  125 | train 7.627853e-01 | val 7.528776e-01 |   2.121 s | best 7.528776e-01 @125 *
epoch  126 | train 7.578818e-01 | val 7.527431e-01 |   2.120 s | best 7.527431e-01 @126 *
epoch  127 | train 7.574903e-01 | val 7.525918e-01 |   2.126 s | best 7.525918e-01 @127 *
epoch  128 | train 7.662273e-01 | val 7.524486e-01 |   2.122 s | best 7.524486e-01 @128 *
epoch  129 | train 7.631398e-01 | val 7.523532e-01 |   2.124 s | best 7.523532e-01 @129 *
epoch  130 | train 7.612253e-01 | val 7.522678e-01 |   2.139 s | best 7.522678e-01 @130 *
epoch  131 | train 7.608586e-01 | val 7.521739e-01 |   2.129 s | best 7.521739e-01 @131 *
epoch  132 | train 7.595760e-01 | val 7.520505e-01 |   2.126 s | best 7.520505e-01 @132 *
epoch  133 | train 7.596205e-01 | val 7.518904e-01 |   2.126 s | best 7.518904e-01 @133 *
epoch  134 | train 7.611833e-01 | val 7.517564e-01 |   2.118 s | best 7.517564e-01 @134 *
epoch  135 | train 7.593080e-01 | val 7.515888e-01 |   2.123 s | best 7.515888e-01 @135 *
epoch  136 | train 7.573642e-01 | val 7.514728e-01 |   2.118 s | best 7.514728e-01 @136 *
epoch  137 | train 7.609671e-01 | val 7.513151e-01 |   2.142 s | best 7.513151e-01 @137 *
epoch  138 | train 7.605030e-01 | val 7.511545e-01 |   2.252 s | best 7.511545e-01 @138 *
epoch  139 | train 7.627610e-01 | val 7.510276e-01 |   2.238 s | best 7.510276e-01 @139 *
epoch  140 | train 7.554333e-01 | val 7.508649e-01 |   2.249 s | best 7.508649e-01 @140 *
epoch  141 | train 7.583207e-01 | val 7.507058e-01 |   2.233 s | best 7.507058e-01 @141 *
epoch  142 | train 7.579706e-01 | val 7.505293e-01 |   2.235 s | best 7.505293e-01 @142 *
epoch  143 | train 7.613714e-01 | val 7.504037e-01 |   2.248 s | best 7.504037e-01 @143 *
epoch  144 | train 7.617760e-01 | val 7.502674e-01 |   2.231 s | best 7.502674e-01 @144 *
epoch  145 | train 7.621405e-01 | val 7.501366e-01 |   2.224 s | best 7.501366e-01 @145 *
epoch  146 | train 7.571325e-01 | val 7.499796e-01 |   2.238 s | best 7.499796e-01 @146 *
epoch  147 | train 7.589401e-01 | val 7.497976e-01 |   2.219 s | best 7.497976e-01 @147 *
epoch  148 | train 7.618317e-01 | val 7.496324e-01 |   2.234 s | best 7.496324e-01 @148 *
epoch  149 | train 7.598241e-01 | val 7.494873e-01 |   2.218 s | best 7.494873e-01 @149 *
epoch  150 | train 7.593550e-01 | val 7.493258e-01 |   2.227 s | best 7.493258e-01 @150 *
epoch  151 | train 7.563849e-01 | val 7.491382e-01 |   2.242 s | best 7.491382e-01 @151 *
epoch  152 | train 7.609738e-01 | val 7.489731e-01 |   2.223 s | best 7.489731e-01 @152 *
epoch  153 | train 7.594767e-01 | val 7.488058e-01 |   2.223 s | best 7.488058e-01 @153 *
epoch  154 | train 7.567336e-01 | val 7.486340e-01 |   2.241 s | best 7.486340e-01 @154 *
epoch  155 | train 7.606655e-01 | val 7.485027e-01 |   2.219 s | best 7.485027e-01 @155 *
epoch  156 | train 7.601697e-01 | val 7.483642e-01 |   2.229 s | best 7.483642e-01 @156 *
epoch  157 | train 7.588262e-01 | val 7.482182e-01 |   2.247 s | best 7.482182e-01 @157 *
epoch  158 | train 7.610428e-01 | val 7.480728e-01 |   2.221 s | best 7.480728e-01 @158 *
epoch  159 | train 7.602744e-01 | val 7.479359e-01 |   2.235 s | best 7.479359e-01 @159 *
epoch  160 | train 7.565098e-01 | val 7.477993e-01 |   2.229 s | best 7.477993e-01 @160 *
epoch  161 | train 7.563695e-01 | val 7.476744e-01 |   2.221 s | best 7.476744e-01 @161 *
epoch  162 | train 7.587974e-01 | val 7.475529e-01 |   2.238 s | best 7.475529e-01 @162 *
epoch  163 | train 7.592430e-01 | val 7.474673e-01 |   2.225 s | best 7.474673e-01 @163 *
epoch  164 | train 7.592619e-01 | val 7.473339e-01 |   2.233 s | best 7.473339e-01 @164 *
epoch  165 | train 7.574042e-01 | val 7.471963e-01 |   2.248 s | best 7.471963e-01 @165 *
epoch  166 | train 7.616379e-01 | val 7.470699e-01 |   2.236 s | best 7.470699e-01 @166 *
epoch  167 | train 7.551185e-01 | val 7.469217e-01 |   2.250 s | best 7.469217e-01 @167 *
epoch  168 | train 7.586495e-01 | val 7.467697e-01 |   2.239 s | best 7.467697e-01 @168 *
epoch  169 | train 7.592838e-01 | val 7.466481e-01 |   2.232 s | best 7.466481e-01 @169 *
epoch  170 | train 7.594625e-01 | val 7.465612e-01 |   2.251 s | best 7.465612e-01 @170 *
epoch  171 | train 7.579192e-01 | val 7.464302e-01 |   2.239 s | best 7.464302e-01 @171 *
epoch  172 | train 7.628398e-01 | val 7.463359e-01 |   2.244 s | best 7.463359e-01 @172 *
epoch  173 | train 7.636839e-01 | val 7.462249e-01 |   2.233 s | best 7.462249e-01 @173 *
epoch  174 | train 7.585310e-01 | val 7.461331e-01 |   2.231 s | best 7.461331e-01 @174 *
epoch  175 | train 7.594481e-01 | val 7.460753e-01 |   2.253 s | best 7.460753e-01 @175 *
epoch  176 | train 7.594372e-01 | val 7.459931e-01 |   2.239 s | best 7.459931e-01 @176 *
epoch  177 | train 7.585418e-01 | val 7.459056e-01 |   2.243 s | best 7.459056e-01 @177 *
epoch  178 | train 7.654312e-01 | val 7.458161e-01 |   2.247 s | best 7.458161e-01 @178 *
epoch  179 | train 7.563012e-01 | val 7.457334e-01 |   2.225 s | best 7.457334e-01 @179 *
epoch  180 | train 7.584535e-01 | val 7.456445e-01 |   2.242 s | best 7.456445e-01 @180 *
epoch  181 | train 7.608377e-01 | val 7.455661e-01 |   2.219 s | best 7.455661e-01 @181 *
epoch  182 | train 7.598205e-01 | val 7.454895e-01 |   2.219 s | best 7.454895e-01 @182 *
epoch  183 | train 7.563554e-01 | val 7.453938e-01 |   2.232 s | best 7.453938e-01 @183 *
epoch  184 | train 7.592790e-01 | val 7.453132e-01 |   2.220 s | best 7.453132e-01 @184 *
epoch  185 | train 7.592054e-01 | val 7.452519e-01 |   2.235 s | best 7.452519e-01 @185 *
epoch  186 | train 7.578610e-01 | val 7.452011e-01 |   2.230 s | best 7.452011e-01 @186 *
epoch  187 | train 7.591323e-01 | val 7.451243e-01 |   2.231 s | best 7.451243e-01 @187 *
epoch  188 | train 7.584838e-01 | val 7.450595e-01 |   2.239 s | best 7.450595e-01 @188 *
epoch  189 | train 7.559692e-01 | val 7.449881e-01 |   2.227 s | best 7.449881e-01 @189 *
epoch  190 | train 7.583660e-01 | val 7.449194e-01 |   2.235 s | best 7.449194e-01 @190 *
epoch  191 | train 7.623195e-01 | val 7.448791e-01 |   2.238 s | best 7.448791e-01 @191 *
epoch  192 | train 7.616463e-01 | val 7.448441e-01 |   2.227 s | best 7.448441e-01 @192 *
epoch  193 | train 7.604962e-01 | val 7.447974e-01 |   2.238 s | best 7.447974e-01 @193 *
epoch  194 | train 7.623289e-01 | val 7.447472e-01 |   2.216 s | best 7.447472e-01 @194 *
epoch  195 | train 7.573890e-01 | val 7.447154e-01 |   2.222 s | best 7.447154e-01 @195 *
epoch  196 | train 7.628135e-01 | val 7.446792e-01 |   2.237 s | best 7.446792e-01 @196 *
epoch  197 | train 7.582503e-01 | val 7.446414e-01 |   2.219 s | best 7.446414e-01 @197 *
epoch  198 | train 7.626197e-01 | val 7.446032e-01 |   2.235 s | best 7.446032e-01 @198 *
epoch  199 | train 7.629038e-01 | val 7.445660e-01 |   2.226 s | best 7.445660e-01 @199 *
epoch  200 | train 7.586964e-01 | val 7.445120e-01 |   2.231 s | best 7.445120e-01 @200 *
epoch  201 | train 7.570312e-01 | val 7.444793e-01 |   2.159 s | best 7.444793e-01 @201 *
epoch  202 | train 7.612054e-01 | val 7.444348e-01 |   2.060 s | best 7.444348e-01 @202 *
epoch  203 | train 7.578807e-01 | val 7.444017e-01 |   2.224 s | best 7.444017e-01 @203 *
epoch  204 | train 7.590643e-01 | val 7.443573e-01 |   2.141 s | best 7.443573e-01 @204 *
epoch  205 | train 7.601760e-01 | val 7.443125e-01 |   2.199 s | best 7.443125e-01 @205 *
epoch  206 | train 7.565556e-01 | val 7.442821e-01 |   2.224 s | best 7.442821e-01 @206 *
epoch  207 | train 7.612725e-01 | val 7.442227e-01 |   2.156 s | best 7.442227e-01 @207 *
epoch  208 | train 7.606448e-01 | val 7.441826e-01 |   2.195 s | best 7.441826e-01 @208 *
epoch  209 | train 7.560079e-01 | val 7.441479e-01 |   2.190 s | best 7.441479e-01 @209 *
epoch  210 | train 7.570324e-01 | val 7.440997e-01 |   2.134 s | best 7.440997e-01 @210 *
epoch  211 | train 7.560531e-01 | val 7.440594e-01 |   2.204 s | best 7.440594e-01 @211 *
epoch  212 | train 7.595563e-01 | val 7.440358e-01 |   2.180 s | best 7.440358e-01 @212 *
epoch  213 | train 7.592932e-01 | val 7.439942e-01 |   2.139 s | best 7.439942e-01 @213 *
epoch  214 | train 7.588298e-01 | val 7.439567e-01 |   2.194 s | best 7.439567e-01 @214 *
epoch  215 | train 7.621729e-01 | val 7.439131e-01 |   2.164 s | best 7.439131e-01 @215 *
epoch  216 | train 7.528196e-01 | val 7.438750e-01 |   2.141 s | best 7.438750e-01 @216 *
epoch  217 | train 7.566962e-01 | val 7.438307e-01 |   2.194 s | best 7.438307e-01 @217 *
epoch  218 | train 7.660088e-01 | val 7.437923e-01 |   2.157 s | best 7.437923e-01 @218 *
epoch  219 | train 7.585204e-01 | val 7.437558e-01 |   2.117 s | best 7.437558e-01 @219 *
epoch  220 | train 7.591513e-01 | val 7.437136e-01 |   2.200 s | best 7.437136e-01 @220 *
epoch  221 | train 7.560383e-01 | val 7.436787e-01 |   2.157 s | best 7.436787e-01 @221 *
epoch  222 | train 7.568966e-01 | val 7.436347e-01 |   2.150 s | best 7.436347e-01 @222 *
epoch  223 | train 7.542397e-01 | val 7.436139e-01 |   2.197 s | best 7.436139e-01 @223 *
epoch  224 | train 7.568483e-01 | val 7.435843e-01 |   1.539 s | best 7.435843e-01 @224 *
epoch  225 | train 7.572432e-01 | val 7.435607e-01 |   2.129 s | best 7.435607e-01 @225 *
epoch  226 | train 7.560120e-01 | val 7.435348e-01 |   2.120 s | best 7.435348e-01 @226 *
epoch  227 | train 7.535186e-01 | val 7.434931e-01 |   2.102 s | best 7.434931e-01 @227 *
epoch  228 | train 7.560686e-01 | val 7.434588e-01 |   2.130 s | best 7.434588e-01 @228 *
epoch  229 | train 7.548064e-01 | val 7.434413e-01 |   2.119 s | best 7.434413e-01 @229 *
epoch  230 | train 7.587360e-01 | val 7.434185e-01 |   2.103 s | best 7.434185e-01 @230 *
epoch  231 | train 7.626968e-01 | val 7.433814e-01 |   2.133 s | best 7.433814e-01 @231 *
epoch  232 | train 7.571394e-01 | val 7.433553e-01 |   2.118 s | best 7.433553e-01 @232 *
epoch  233 | train 7.604255e-01 | val 7.433271e-01 |   2.115 s | best 7.433271e-01 @233 *
epoch  234 | train 7.614869e-01 | val 7.433113e-01 |   2.080 s | best 7.433113e-01 @234 *
epoch  235 | train 7.560157e-01 | val 7.433040e-01 |   2.137 s | best 7.433040e-01 @235 *
epoch  236 | train 7.544201e-01 | val 7.432840e-01 |   2.129 s | best 7.432840e-01 @236 *
epoch  237 | train 7.552776e-01 | val 7.432560e-01 |   2.134 s | best 7.432560e-01 @237 *
epoch  238 | train 7.533787e-01 | val 7.432365e-01 |   2.149 s | best 7.432365e-01 @238 *
epoch  239 | train 7.547765e-01 | val 7.432141e-01 |   2.153 s | best 7.432141e-01 @239 *
epoch  240 | train 7.588102e-01 | val 7.432123e-01 |   2.148 s | best 7.432123e-01 @240 *
epoch  241 | train 7.567919e-01 | val 7.431890e-01 |   2.168 s | best 7.431890e-01 @241 *
epoch  242 | train 7.614229e-01 | val 7.431855e-01 |   2.143 s | best 7.431855e-01 @242 *
epoch  243 | train 7.552160e-01 | val 7.431601e-01 |   2.111 s | best 7.431601e-01 @243 *
epoch  244 | train 7.574236e-01 | val 7.431391e-01 |   2.134 s | best 7.431391e-01 @244 *
epoch  245 | train 7.533007e-01 | val 7.431254e-01 |   2.235 s | best 7.431254e-01 @245 *
epoch  246 | train 7.555312e-01 | val 7.431000e-01 |   2.218 s | best 7.431000e-01 @246 *
epoch  247 | train 7.518870e-01 | val 7.430912e-01 |   2.230 s | best 7.430912e-01 @247 *
epoch  248 | train 7.585017e-01 | val 7.430857e-01 |   2.223 s | best 7.430857e-01 @248 *
epoch  249 | train 7.611083e-01 | val 7.430846e-01 |   2.228 s | best 7.430846e-01 @249 *
epoch  250 | train 7.631594e-01 | val 7.430968e-01 |   2.217 s | best 7.430846e-01 @249
epoch  251 | train 7.550142e-01 | val 7.430993e-01 |   2.232 s | best 7.430846e-01 @249
epoch  252 | train 7.590062e-01 | val 7.430936e-01 |   2.221 s | best 7.430846e-01 @249
epoch  253 | train 7.572455e-01 | val 7.430936e-01 |   2.229 s | best 7.430846e-01 @249
epoch  254 | train 7.606357e-01 | val 7.430839e-01 |   2.225 s | best 7.430839e-01 @254 *
epoch  255 | train 7.580133e-01 | val 7.430754e-01 |   2.226 s | best 7.430754e-01 @255 *
epoch  256 | train 7.522993e-01 | val 7.430539e-01 |   2.224 s | best 7.430539e-01 @256 *
epoch  257 | train 7.555664e-01 | val 7.430374e-01 |   2.231 s | best 7.430374e-01 @257 *
epoch  258 | train 7.595304e-01 | val 7.430016e-01 |   2.217 s | best 7.430016e-01 @258 *
epoch  259 | train 7.604270e-01 | val 7.429816e-01 |   2.234 s | best 7.429816e-01 @259 *
epoch  260 | train 7.552651e-01 | val 7.429744e-01 |   2.228 s | best 7.429744e-01 @260 *
epoch  261 | train 7.591650e-01 | val 7.429712e-01 |   2.243 s | best 7.429712e-01 @261 *
epoch  262 | train 7.539033e-01 | val 7.429727e-01 |   2.237 s | best 7.429712e-01 @261
epoch  263 | train 7.577632e-01 | val 7.429589e-01 |   2.227 s | best 7.429589e-01 @263 *
epoch  264 | train 7.555253e-01 | val 7.429341e-01 |   2.217 s | best 7.429341e-01 @264 *
epoch  265 | train 7.580344e-01 | val 7.428953e-01 |   2.233 s | best 7.428953e-01 @265 *
epoch  266 | train 7.559828e-01 | val 7.428709e-01 |   2.216 s | best 7.428709e-01 @266 *
epoch  267 | train 7.582536e-01 | val 7.428428e-01 |   2.235 s | best 7.428428e-01 @267 *
epoch  268 | train 7.569510e-01 | val 7.428133e-01 |   2.216 s | best 7.428133e-01 @268 *
epoch  269 | train 7.582914e-01 | val 7.427969e-01 |   2.232 s | best 7.427969e-01 @269 *
epoch  270 | train 7.541708e-01 | val 7.427931e-01 |   2.220 s | best 7.427931e-01 @270 *
epoch  271 | train 7.585422e-01 | val 7.427810e-01 |   2.234 s | best 7.427810e-01 @271 *
epoch  272 | train 7.586341e-01 | val 7.427690e-01 |   2.218 s | best 7.427690e-01 @272 *
epoch  273 | train 7.550894e-01 | val 7.427366e-01 |   2.241 s | best 7.427366e-01 @273 *
epoch  274 | train 7.582625e-01 | val 7.427101e-01 |   2.226 s | best 7.427101e-01 @274 *
epoch  275 | train 7.529068e-01 | val 7.426754e-01 |   2.235 s | best 7.426754e-01 @275 *
epoch  276 | train 7.555770e-01 | val 7.426550e-01 |   2.220 s | best 7.426550e-01 @276 *
epoch  277 | train 7.564394e-01 | val 7.426279e-01 |   2.230 s | best 7.426279e-01 @277 *
epoch  278 | train 7.573085e-01 | val 7.425973e-01 |   2.223 s | best 7.425973e-01 @278 *
epoch  279 | train 7.533257e-01 | val 7.425566e-01 |   2.231 s | best 7.425566e-01 @279 *
epoch  280 | train 7.570834e-01 | val 7.425261e-01 |   2.219 s | best 7.425261e-01 @280 *
epoch  281 | train 7.544816e-01 | val 7.424860e-01 |   2.234 s | best 7.424860e-01 @281 *
epoch  282 | train 7.545830e-01 | val 7.424479e-01 |   2.222 s | best 7.424479e-01 @282 *
epoch  283 | train 7.539749e-01 | val 7.424321e-01 |   2.234 s | best 7.424321e-01 @283 *
epoch  284 | train 7.555458e-01 | val 7.424070e-01 |   2.268 s | best 7.424070e-01 @284 *
epoch  285 | train 7.587690e-01 | val 7.423915e-01 |   2.232 s | best 7.423915e-01 @285 *
epoch  286 | train 7.586686e-01 | val 7.423574e-01 |   2.228 s | best 7.423574e-01 @286 *
epoch  287 | train 7.549770e-01 | val 7.423452e-01 |   2.228 s | best 7.423452e-01 @287 *
epoch  288 | train 7.538284e-01 | val 7.423201e-01 |   2.229 s | best 7.423201e-01 @288 *
epoch  289 | train 7.572137e-01 | val 7.422854e-01 |   2.235 s | best 7.422854e-01 @289 *
epoch  290 | train 7.563269e-01 | val 7.422574e-01 |   2.232 s | best 7.422574e-01 @290 *
epoch  291 | train 7.565059e-01 | val 7.422367e-01 |   2.241 s | best 7.422367e-01 @291 *
epoch  292 | train 7.552428e-01 | val 7.421994e-01 |   2.232 s | best 7.421994e-01 @292 *
epoch  293 | train 7.556222e-01 | val 7.421573e-01 |   2.242 s | best 7.421573e-01 @293 *
epoch  294 | train 7.595015e-01 | val 7.421336e-01 |   2.235 s | best 7.421336e-01 @294 *
epoch  295 | train 7.611145e-01 | val 7.421038e-01 |   2.233 s | best 7.421038e-01 @295 *
epoch  296 | train 7.572141e-01 | val 7.420964e-01 |   2.203 s | best 7.420964e-01 @296 *
epoch  297 | train 7.570260e-01 | val 7.420859e-01 |   2.128 s | best 7.420859e-01 @297 *
epoch  298 | train 7.539720e-01 | val 7.420794e-01 |   2.138 s | best 7.420794e-01 @298 *
epoch  299 | train 7.561337e-01 | val 7.420368e-01 |   2.100 s | best 7.420368e-01 @299 *
epoch  300 | train 7.571920e-01 | val 7.420138e-01 |   2.102 s | best 7.420138e-01 @300 *
epoch  301 | train 7.541141e-01 | val 7.419876e-01 |   2.127 s | best 7.419876e-01 @301 *
epoch  302 | train 7.596597e-01 | val 7.419661e-01 |   2.106 s | best 7.419661e-01 @302 *
epoch  303 | train 7.484803e-01 | val 7.419300e-01 |   2.122 s | best 7.419300e-01 @303 *
epoch  304 | train 7.501693e-01 | val 7.418869e-01 |   2.128 s | best 7.418869e-01 @304 *
epoch  305 | train 7.568916e-01 | val 7.418451e-01 |   2.094 s | best 7.418451e-01 @305 *
epoch  306 | train 7.552408e-01 | val 7.418174e-01 |   2.100 s | best 7.418174e-01 @306 *
epoch  307 | train 7.578613e-01 | val 7.417852e-01 |   2.090 s | best 7.417852e-01 @307 *
epoch  308 | train 7.515224e-01 | val 7.417520e-01 |   2.097 s | best 7.417520e-01 @308 *
epoch  309 | train 7.551917e-01 | val 7.417241e-01 |   2.116 s | best 7.417241e-01 @309 *
epoch  310 | train 7.601050e-01 | val 7.417066e-01 |   2.102 s | best 7.417066e-01 @310 *
epoch  311 | train 7.540353e-01 | val 7.416754e-01 |   2.096 s | best 7.416754e-01 @311 *
epoch  312 | train 7.552368e-01 | val 7.416493e-01 |   2.092 s | best 7.416493e-01 @312 *
epoch  313 | train 7.609220e-01 | val 7.416180e-01 |   2.088 s | best 7.416180e-01 @313 *
epoch  314 | train 7.554974e-01 | val 7.416022e-01 |   2.103 s | best 7.416022e-01 @314 *
epoch  315 | train 7.581345e-01 | val 7.415758e-01 |   2.114 s | best 7.415758e-01 @315 *
epoch  316 | train 7.546544e-01 | val 7.415300e-01 |   2.141 s | best 7.415300e-01 @316 *
epoch  317 | train 7.540325e-01 | val 7.414901e-01 |   2.221 s | best 7.414901e-01 @317 *
epoch  318 | train 7.538892e-01 | val 7.414772e-01 |   2.224 s | best 7.414772e-01 @318 *
epoch  319 | train 7.519650e-01 | val 7.414674e-01 |   2.222 s | best 7.414674e-01 @319 *
epoch  320 | train 7.560348e-01 | val 7.414290e-01 |   2.235 s | best 7.414290e-01 @320 *
epoch  321 | train 7.582013e-01 | val 7.414103e-01 |   2.219 s | best 7.414103e-01 @321 *
epoch  322 | train 7.551730e-01 | val 7.413758e-01 |   2.221 s | best 7.413758e-01 @322 *
epoch  323 | train 7.555065e-01 | val 7.413493e-01 |   2.211 s | best 7.413493e-01 @323 *
epoch  324 | train 7.584532e-01 | val 7.413297e-01 |   2.227 s | best 7.413297e-01 @324 *
epoch  325 | train 7.559860e-01 | val 7.412857e-01 |   2.209 s | best 7.412857e-01 @325 *
epoch  326 | train 7.511319e-01 | val 7.412496e-01 |   2.225 s | best 7.412496e-01 @326 *
epoch  327 | train 7.540694e-01 | val 7.412261e-01 |   2.214 s | best 7.412261e-01 @327 *
epoch  328 | train 7.565790e-01 | val 7.411940e-01 |   2.215 s | best 7.411940e-01 @328 *
epoch  329 | train 7.534459e-01 | val 7.411588e-01 |   2.210 s | best 7.411588e-01 @329 *
epoch  330 | train 7.568767e-01 | val 7.411184e-01 |   2.217 s | best 7.411184e-01 @330 *
epoch  331 | train 7.586129e-01 | val 7.410891e-01 |   2.214 s | best 7.410891e-01 @331 *
epoch  332 | train 7.528427e-01 | val 7.410508e-01 |   2.231 s | best 7.410508e-01 @332 *
epoch  333 | train 7.564515e-01 | val 7.410387e-01 |   2.216 s | best 7.410387e-01 @333 *
epoch  334 | train 7.565742e-01 | val 7.410159e-01 |   2.228 s | best 7.410159e-01 @334 *
epoch  335 | train 7.561548e-01 | val 7.409681e-01 |   2.215 s | best 7.409681e-01 @335 *
epoch  336 | train 7.606460e-01 | val 7.409472e-01 |   2.230 s | best 7.409472e-01 @336 *
epoch  337 | train 7.553044e-01 | val 7.409211e-01 |   2.226 s | best 7.409211e-01 @337 *
epoch  338 | train 7.512444e-01 | val 7.409001e-01 |   2.240 s | best 7.409001e-01 @338 *
epoch  339 | train 7.522922e-01 | val 7.408956e-01 |   2.219 s | best 7.408956e-01 @339 *
epoch  340 | train 7.512579e-01 | val 7.408831e-01 |   2.260 s | best 7.408831e-01 @340 *
epoch  341 | train 7.570539e-01 | val 7.408640e-01 |   2.247 s | best 7.408640e-01 @341 *
epoch  342 | train 7.517198e-01 | val 7.408535e-01 |   2.238 s | best 7.408535e-01 @342 *
epoch  343 | train 7.545378e-01 | val 7.408144e-01 |   2.273 s | best 7.408144e-01 @343 *
epoch  344 | train 7.536369e-01 | val 7.407772e-01 |   2.212 s | best 7.407772e-01 @344 *
epoch  345 | train 7.526053e-01 | val 7.407390e-01 |   2.227 s | best 7.407390e-01 @345 *
epoch  346 | train 7.564444e-01 | val 7.407107e-01 |   2.214 s | best 7.407107e-01 @346 *
epoch  347 | train 7.565153e-01 | val 7.406757e-01 |   2.226 s | best 7.406757e-01 @347 *
epoch  348 | train 7.580975e-01 | val 7.406447e-01 |   2.224 s | best 7.406447e-01 @348 *
epoch  349 | train 7.511778e-01 | val 7.406139e-01 |   2.232 s | best 7.406139e-01 @349 *
epoch  350 | train 7.567842e-01 | val 7.406052e-01 |   2.224 s | best 7.406052e-01 @350 *
epoch  351 | train 7.573101e-01 | val 7.405715e-01 |   2.243 s | best 7.405715e-01 @351 *
epoch  352 | train 7.517225e-01 | val 7.405556e-01 |   2.224 s | best 7.405556e-01 @352 *
epoch  353 | train 7.545525e-01 | val 7.405438e-01 |   2.213 s | best 7.405438e-01 @353 *
epoch  354 | train 7.499168e-01 | val 7.405233e-01 |   2.235 s | best 7.405233e-01 @354 *
epoch  355 | train 7.519330e-01 | val 7.404870e-01 |   2.223 s | best 7.404870e-01 @355 *
epoch  356 | train 7.540920e-01 | val 7.404692e-01 |   2.235 s | best 7.404692e-01 @356 *
epoch  357 | train 7.563696e-01 | val 7.404562e-01 |   2.217 s | best 7.404562e-01 @357 *
epoch  358 | train 7.528338e-01 | val 7.404327e-01 |   2.227 s | best 7.404327e-01 @358 *
epoch  359 | train 7.527146e-01 | val 7.404125e-01 |   2.215 s | best 7.404125e-01 @359 *
epoch  360 | train 7.592637e-01 | val 7.404000e-01 |   2.228 s | best 7.404000e-01 @360 *
epoch  361 | train 7.576578e-01 | val 7.403836e-01 |   2.213 s | best 7.403836e-01 @361 *
epoch  362 | train 7.540991e-01 | val 7.403668e-01 |   2.224 s | best 7.403668e-01 @362 *
epoch  363 | train 7.551111e-01 | val 7.403474e-01 |   2.162 s | best 7.403474e-01 @363 *
epoch  364 | train 7.547647e-01 | val 7.403311e-01 |   2.097 s | best 7.403311e-01 @364 *
epoch  365 | train 7.509179e-01 | val 7.403274e-01 |   2.100 s | best 7.403274e-01 @365 *
epoch  366 | train 7.600011e-01 | val 7.403062e-01 |   2.101 s | best 7.403062e-01 @366 *
epoch  367 | train 7.530901e-01 | val 7.402759e-01 |   2.104 s | best 7.402759e-01 @367 *
epoch  368 | train 7.537277e-01 | val 7.402610e-01 |   2.100 s | best 7.402610e-01 @368 *
epoch  369 | train 7.499321e-01 | val 7.402616e-01 |   2.098 s | best 7.402610e-01 @368
epoch  370 | train 7.511787e-01 | val 7.402607e-01 |   2.105 s | best 7.402607e-01 @370 *
epoch  371 | train 7.514429e-01 | val 7.402394e-01 |   1.899 s | best 7.402394e-01 @371 *
epoch  372 | train 7.566199e-01 | val 7.402121e-01 |   2.055 s | best 7.402121e-01 @372 *
epoch  373 | train 7.548871e-01 | val 7.401734e-01 |   1.596 s | best 7.401734e-01 @373 *
epoch  374 | train 7.581235e-01 | val 7.401412e-01 |   0.805 s | best 7.401412e-01 @374 *
epoch  375 | train 7.541499e-01 | val 7.401360e-01 |   1.374 s | best 7.401360e-01 @375 *
epoch  376 | train 7.514880e-01 | val 7.401176e-01 |   2.107 s | best 7.401176e-01 @376 *
epoch  377 | train 7.495029e-01 | val 7.401106e-01 |   2.090 s | best 7.401106e-01 @377 *
epoch  378 | train 7.558820e-01 | val 7.401007e-01 |   2.093 s | best 7.401007e-01 @378 *
epoch  379 | train 7.536897e-01 | val 7.400672e-01 |   2.100 s | best 7.400672e-01 @379 *
epoch  380 | train 7.511629e-01 | val 7.400459e-01 |   2.090 s | best 7.400459e-01 @380 *
epoch  381 | train 7.567353e-01 | val 7.400422e-01 |   2.079 s | best 7.400422e-01 @381 *
epoch  382 | train 7.529486e-01 | val 7.400317e-01 |   2.078 s | best 7.400317e-01 @382 *
epoch  383 | train 7.547831e-01 | val 7.400092e-01 |   1.226 s | best 7.400092e-01 @383 *
epoch  384 | train 7.556179e-01 | val 7.400140e-01 |   0.799 s | best 7.400092e-01 @383
epoch  385 | train 7.515502e-01 | val 7.399877e-01 |   0.845 s | best 7.399877e-01 @385 *
epoch  386 | train 7.546537e-01 | val 7.399571e-01 |   0.793 s | best 7.399571e-01 @386 *
epoch  387 | train 7.529266e-01 | val 7.399440e-01 |   1.357 s | best 7.399440e-01 @387 *
epoch  388 | train 7.591801e-01 | val 7.399276e-01 |   2.078 s | best 7.399276e-01 @388 *
epoch  389 | train 7.495390e-01 | val 7.399253e-01 |   2.100 s | best 7.399253e-01 @389 *
epoch  390 | train 7.572650e-01 | val 7.398863e-01 |   2.084 s | best 7.398863e-01 @390 *
epoch  391 | train 7.503134e-01 | val 7.398711e-01 |   2.080 s | best 7.398711e-01 @391 *
epoch  392 | train 7.543857e-01 | val 7.398516e-01 |   2.114 s | best 7.398516e-01 @392 *
epoch  393 | train 7.553115e-01 | val 7.398225e-01 |   2.109 s | best 7.398225e-01 @393 *
epoch  394 | train 7.517007e-01 | val 7.398018e-01 |   2.111 s | best 7.398018e-01 @394 *
epoch  395 | train 7.540823e-01 | val 7.398058e-01 |   2.108 s | best 7.398018e-01 @394
epoch  396 | train 7.577431e-01 | val 7.397597e-01 |   2.111 s | best 7.397597e-01 @396 *
epoch  397 | train 7.523824e-01 | val 7.397407e-01 |   2.105 s | best 7.397407e-01 @397 *
epoch  398 | train 7.523663e-01 | val 7.396936e-01 |   2.103 s | best 7.396936e-01 @398 *
epoch  399 | train 7.530003e-01 | val 7.396785e-01 |   2.100 s | best 7.396785e-01 @399 *
epoch  400 | train 7.508595e-01 | val 7.396591e-01 |   2.100 s | best 7.396591e-01 @400 *
epoch  401 | train 7.513382e-01 | val 7.396554e-01 |   2.104 s | best 7.396554e-01 @401 *
epoch  402 | train 7.585125e-01 | val 7.396392e-01 |   2.104 s | best 7.396392e-01 @402 *
epoch  403 | train 7.568110e-01 | val 7.396338e-01 |   2.093 s | best 7.396338e-01 @403 *
epoch  404 | train 7.577376e-01 | val 7.396194e-01 |   2.121 s | best 7.396194e-01 @404 *
epoch  405 | train 7.507696e-01 | val 7.396305e-01 |   2.114 s | best 7.396194e-01 @404
epoch  406 | train 7.515701e-01 | val 7.396224e-01 |   2.119 s | best 7.396194e-01 @404
epoch  407 | train 7.548985e-01 | val 7.396195e-01 |   2.121 s | best 7.396194e-01 @404
epoch  408 | train 7.494249e-01 | val 7.396185e-01 |   2.091 s | best 7.396185e-01 @408 *
epoch  409 | train 7.534053e-01 | val 7.396286e-01 |   2.093 s | best 7.396185e-01 @408
epoch  410 | train 7.518826e-01 | val 7.395961e-01 |   2.116 s | best 7.395961e-01 @410 *
epoch  411 | train 7.531943e-01 | val 7.395654e-01 |   2.119 s | best 7.395654e-01 @411 *
epoch  412 | train 7.518435e-01 | val 7.395498e-01 |   2.108 s | best 7.395498e-01 @412 *
epoch  413 | train 7.583545e-01 | val 7.395386e-01 |   2.115 s | best 7.395386e-01 @413 *
epoch  414 | train 7.550158e-01 | val 7.395158e-01 |   2.101 s | best 7.395158e-01 @414 *
epoch  415 | train 7.520962e-01 | val 7.395003e-01 |   2.093 s | best 7.395003e-01 @415 *
epoch  416 | train 7.555175e-01 | val 7.394712e-01 |   2.107 s | best 7.394712e-01 @416 *
epoch  417 | train 7.514095e-01 | val 7.394373e-01 |   2.114 s | best 7.394373e-01 @417 *
epoch  418 | train 7.518815e-01 | val 7.393793e-01 |   2.122 s | best 7.393793e-01 @418 *
epoch  419 | train 7.517747e-01 | val 7.393337e-01 |   2.124 s | best 7.393337e-01 @419 *
epoch  420 | train 7.493190e-01 | val 7.393378e-01 |   2.108 s | best 7.393337e-01 @419
epoch  421 | train 7.565493e-01 | val 7.393219e-01 |   2.094 s | best 7.393219e-01 @421 *
epoch  422 | train 7.552413e-01 | val 7.393094e-01 |   2.006 s | best 7.393094e-01 @422 *
epoch  423 | train 7.558294e-01 | val 7.392607e-01 |   2.148 s | best 7.392607e-01 @423 *
epoch  424 | train 7.504520e-01 | val 7.392199e-01 |   2.129 s | best 7.392199e-01 @424 *
epoch  425 | train 7.546918e-01 | val 7.392130e-01 |   2.136 s | best 7.392130e-01 @425 *
epoch  426 | train 7.474618e-01 | val 7.392025e-01 |   2.138 s | best 7.392025e-01 @426 *
epoch  427 | train 7.525846e-01 | val 7.391821e-01 |   2.143 s | best 7.391821e-01 @427 *
epoch  428 | train 7.508533e-01 | val 7.391558e-01 |   2.138 s | best 7.391558e-01 @428 *
epoch  429 | train 7.502175e-01 | val 7.391253e-01 |   2.130 s | best 7.391253e-01 @429 *
epoch  430 | train 7.569147e-01 | val 7.391044e-01 |   2.137 s | best 7.391044e-01 @430 *
epoch  431 | train 7.554307e-01 | val 7.390977e-01 |   2.130 s | best 7.390977e-01 @431 *
epoch  432 | train 7.497766e-01 | val 7.390893e-01 |   2.136 s | best 7.390893e-01 @432 *
epoch  433 | train 7.506443e-01 | val 7.390682e-01 |   2.132 s | best 7.390682e-01 @433 *
epoch  434 | train 7.536396e-01 | val 7.390494e-01 |   2.162 s | best 7.390494e-01 @434 *
epoch  435 | train 7.498806e-01 | val 7.390246e-01 |   2.164 s | best 7.390246e-01 @435 *
epoch  436 | train 7.477436e-01 | val 7.390239e-01 |   2.157 s | best 7.390239e-01 @436 *
epoch  437 | train 7.550264e-01 | val 7.390178e-01 |   2.163 s | best 7.390178e-01 @437 *
epoch  438 | train 7.521737e-01 | val 7.389921e-01 |   2.155 s | best 7.389921e-01 @438 *
epoch  439 | train 7.505614e-01 | val 7.389726e-01 |   2.148 s | best 7.389726e-01 @439 *
epoch  440 | train 7.520419e-01 | val 7.389570e-01 |   2.150 s | best 7.389570e-01 @440 *
epoch  441 | train 7.532937e-01 | val 7.389384e-01 |   2.166 s | best 7.389384e-01 @441 *
epoch  442 | train 7.524877e-01 | val 7.389068e-01 |   2.173 s | best 7.389068e-01 @442 *
epoch  443 | train 7.504359e-01 | val 7.388709e-01 |   2.154 s | best 7.388709e-01 @443 *
epoch  444 | train 7.501130e-01 | val 7.388408e-01 |   2.167 s | best 7.388408e-01 @444 *
epoch  445 | train 7.493085e-01 | val 7.388490e-01 |   2.168 s | best 7.388408e-01 @444
epoch  446 | train 7.492238e-01 | val 7.388224e-01 |   2.164 s | best 7.388224e-01 @446 *
epoch  447 | train 7.536905e-01 | val 7.388057e-01 |   2.166 s | best 7.388057e-01 @447 *
epoch  448 | train 7.484253e-01 | val 7.388132e-01 |   2.169 s | best 7.388057e-01 @447
epoch  449 | train 7.542369e-01 | val 7.388094e-01 |   2.195 s | best 7.388057e-01 @447
epoch  450 | train 7.535045e-01 | val 7.388015e-01 |   2.193 s | best 7.388015e-01 @450 *
epoch  451 | train 7.549600e-01 | val 7.387717e-01 |   2.197 s | best 7.387717e-01 @451 *
epoch  452 | train 7.528741e-01 | val 7.387658e-01 |   2.187 s | best 7.387658e-01 @452 *
epoch  453 | train 7.545980e-01 | val 7.387461e-01 |   2.199 s | best 7.387461e-01 @453 *
epoch  454 | train 7.486095e-01 | val 7.387440e-01 |   2.195 s | best 7.387440e-01 @454 *
epoch  455 | train 7.525273e-01 | val 7.387038e-01 |   2.203 s | best 7.387038e-01 @455 *
epoch  456 | train 7.565898e-01 | val 7.386909e-01 |   2.206 s | best 7.386909e-01 @456 *
epoch  457 | train 7.496051e-01 | val 7.386812e-01 |   2.187 s | best 7.386812e-01 @457 *
epoch  458 | train 7.488071e-01 | val 7.386640e-01 |   2.197 s | best 7.386640e-01 @458 *
epoch  459 | train 7.483410e-01 | val 7.386521e-01 |   2.186 s | best 7.386521e-01 @459 *
epoch  460 | train 7.531621e-01 | val 7.386494e-01 |   2.219 s | best 7.386494e-01 @460 *
epoch  461 | train 7.523118e-01 | val 7.386461e-01 |   2.191 s | best 7.386461e-01 @461 *
epoch  462 | train 7.525991e-01 | val 7.386535e-01 |   2.181 s | best 7.386461e-01 @461
epoch  463 | train 7.477406e-01 | val 7.386536e-01 |   2.207 s | best 7.386461e-01 @461
epoch  464 | train 7.499260e-01 | val 7.386684e-01 |   2.194 s | best 7.386461e-01 @461
epoch  465 | train 7.493314e-01 | val 7.386438e-01 |   2.210 s | best 7.386438e-01 @465 *
epoch  466 | train 7.504938e-01 | val 7.386335e-01 |   2.203 s | best 7.386335e-01 @466 *
epoch  467 | train 7.493712e-01 | val 7.386255e-01 |   2.195 s | best 7.386255e-01 @467 *
epoch  468 | train 7.456692e-01 | val 7.386211e-01 |   2.147 s | best 7.386211e-01 @468 *
epoch  469 | train 7.528665e-01 | val 7.386162e-01 |   2.131 s | best 7.386162e-01 @469 *
epoch  470 | train 7.553761e-01 | val 7.386178e-01 |   2.141 s | best 7.386162e-01 @469
epoch  471 | train 7.480390e-01 | val 7.386116e-01 |   2.135 s | best 7.386116e-01 @471 *
epoch  472 | train 7.546139e-01 | val 7.385955e-01 |   2.145 s | best 7.385955e-01 @472 *
epoch  473 | train 7.514141e-01 | val 7.385681e-01 |   2.139 s | best 7.385681e-01 @473 *
epoch  474 | train 7.494399e-01 | val 7.385547e-01 |   2.159 s | best 7.385547e-01 @474 *
epoch  475 | train 7.539582e-01 | val 7.385775e-01 |   2.145 s | best 7.385547e-01 @474
epoch  476 | train 7.532569e-01 | val 7.385971e-01 |   2.143 s | best 7.385547e-01 @474
epoch  477 | train 7.566671e-01 | val 7.386063e-01 |   2.134 s | best 7.385547e-01 @474
epoch  478 | train 7.533937e-01 | val 7.386332e-01 |   2.135 s | best 7.385547e-01 @474
epoch  479 | train 7.519213e-01 | val 7.386495e-01 |   2.152 s | best 7.385547e-01 @474
epoch  480 | train 7.522301e-01 | val 7.386586e-01 |   2.138 s | best 7.385547e-01 @474
epoch  481 | train 7.524944e-01 | val 7.386419e-01 |   2.170 s | best 7.385547e-01 @474
epoch  482 | train 7.521241e-01 | val 7.386437e-01 |   2.230 s | best 7.385547e-01 @474
epoch  483 | train 7.522930e-01 | val 7.386312e-01 |   2.233 s | best 7.385547e-01 @474
epoch  484 | train 7.545310e-01 | val 7.386110e-01 |   2.252 s | best 7.385547e-01 @474
epoch  485 | train 7.547103e-01 | val 7.386048e-01 |   2.252 s | best 7.385547e-01 @474
epoch  486 | train 7.513714e-01 | val 7.385972e-01 |   2.198 s | best 7.385547e-01 @474
epoch  487 | train 7.503450e-01 | val 7.385895e-01 |   2.239 s | best 7.385547e-01 @474
epoch  488 | train 7.554623e-01 | val 7.385595e-01 |   2.238 s | best 7.385547e-01 @474
epoch  489 | train 7.541153e-01 | val 7.385396e-01 |   2.200 s | best 7.385396e-01 @489 *
epoch  490 | train 7.502411e-01 | val 7.385279e-01 |   2.030 s | best 7.385279e-01 @490 *
epoch  491 | train 7.524597e-01 | val 7.385162e-01 |   2.148 s | best 7.385162e-01 @491 *
epoch  492 | train 7.525272e-01 | val 7.385038e-01 |   2.135 s | best 7.385038e-01 @492 *
epoch  493 | train 7.503503e-01 | val 7.385001e-01 |   2.131 s | best 7.385001e-01 @493 *
epoch  494 | train 7.551323e-01 | val 7.384669e-01 |   2.137 s | best 7.384669e-01 @494 *
epoch  495 | train 7.581799e-01 | val 7.384479e-01 |   2.130 s | best 7.384479e-01 @495 *
epoch  496 | train 7.437994e-01 | val 7.384123e-01 |   2.130 s | best 7.384123e-01 @496 *
epoch  497 | train 7.533860e-01 | val 7.384134e-01 |   2.136 s | best 7.384123e-01 @496
epoch  498 | train 7.479580e-01 | val 7.383991e-01 |   2.129 s | best 7.383991e-01 @498 *
epoch  499 | train 7.491913e-01 | val 7.383718e-01 |   2.138 s | best 7.383718e-01 @499 *
epoch  500 | train 7.530265e-01 | val 7.383440e-01 |   2.133 s | best 7.383440e-01 @500 *
epoch  501 | train 7.504522e-01 | val 7.383315e-01 |   2.135 s | best 7.383315e-01 @501 *
epoch  502 | train 7.541719e-01 | val 7.383172e-01 |   2.144 s | best 7.383172e-01 @502 *
epoch  503 | train 7.515230e-01 | val 7.383006e-01 |   2.143 s | best 7.383006e-01 @503 *
epoch  504 | train 7.486974e-01 | val 7.382944e-01 |   2.134 s | best 7.382944e-01 @504 *
epoch  505 | train 7.537700e-01 | val 7.382784e-01 |   2.130 s | best 7.382784e-01 @505 *
epoch  506 | train 7.464847e-01 | val 7.382572e-01 |   2.132 s | best 7.382572e-01 @506 *
epoch  507 | train 7.532820e-01 | val 7.382535e-01 |   2.132 s | best 7.382535e-01 @507 *
epoch  508 | train 7.470306e-01 | val 7.382466e-01 |   2.133 s | best 7.382466e-01 @508 *
epoch  509 | train 7.495418e-01 | val 7.382358e-01 |   2.136 s | best 7.382358e-01 @509 *
epoch  510 | train 7.572506e-01 | val 7.382387e-01 |   2.131 s | best 7.382358e-01 @509
epoch  511 | train 7.558070e-01 | val 7.382291e-01 |   2.135 s | best 7.382291e-01 @511 *
epoch  512 | train 7.568033e-01 | val 7.382122e-01 |   2.129 s | best 7.382122e-01 @512 *
epoch  513 | train 7.499539e-01 | val 7.381954e-01 |   2.153 s | best 7.381954e-01 @513 *
epoch  514 | train 7.595387e-01 | val 7.381592e-01 |   2.146 s | best 7.381592e-01 @514 *
epoch  515 | train 7.504822e-01 | val 7.381555e-01 |   2.146 s | best 7.381555e-01 @515 *
epoch  516 | train 7.523627e-01 | val 7.381481e-01 |   2.137 s | best 7.381481e-01 @516 *
epoch  517 | train 7.490806e-01 | val 7.381445e-01 |   2.130 s | best 7.381445e-01 @517 *
epoch  518 | train 7.449037e-01 | val 7.381314e-01 |   2.152 s | best 7.381314e-01 @518 *
epoch  519 | train 7.499227e-01 | val 7.381293e-01 |   2.127 s | best 7.381293e-01 @519 *
epoch  520 | train 7.484788e-01 | val 7.381358e-01 |   2.134 s | best 7.381293e-01 @519
epoch  521 | train 7.544271e-01 | val 7.381284e-01 |   2.131 s | best 7.381284e-01 @521 *
epoch  522 | train 7.541287e-01 | val 7.381184e-01 |   2.129 s | best 7.381184e-01 @522 *
epoch  523 | train 7.509300e-01 | val 7.381153e-01 |   2.142 s | best 7.381153e-01 @523 *
epoch  524 | train 7.526199e-01 | val 7.380887e-01 |   2.160 s | best 7.380887e-01 @524 *
epoch  525 | train 7.526336e-01 | val 7.380890e-01 |   2.190 s | best 7.380887e-01 @524
epoch  526 | train 7.514087e-01 | val 7.380642e-01 |   2.190 s | best 7.380642e-01 @526 *
epoch  527 | train 7.525123e-01 | val 7.380723e-01 |   2.201 s | best 7.380642e-01 @526
epoch  528 | train 7.497927e-01 | val 7.380768e-01 |   2.193 s | best 7.380642e-01 @526
epoch  529 | train 7.529523e-01 | val 7.380902e-01 |   2.180 s | best 7.380642e-01 @526
epoch  530 | train 7.519700e-01 | val 7.380729e-01 |   2.193 s | best 7.380642e-01 @526
epoch  531 | train 7.506345e-01 | val 7.380515e-01 |   2.175 s | best 7.380515e-01 @531 *
epoch  532 | train 7.506573e-01 | val 7.380500e-01 |   2.113 s | best 7.380500e-01 @532 *
epoch  533 | train 7.533623e-01 | val 7.380463e-01 |   2.092 s | best 7.380463e-01 @533 *
epoch  534 | train 7.570083e-01 | val 7.380419e-01 |   2.090 s | best 7.380419e-01 @534 *
epoch  535 | train 7.497575e-01 | val 7.380424e-01 |   2.093 s | best 7.380419e-01 @534
epoch  536 | train 7.492228e-01 | val 7.380388e-01 |   2.089 s | best 7.380388e-01 @536 *
epoch  537 | train 7.521629e-01 | val 7.380263e-01 |   2.095 s | best 7.380263e-01 @537 *
epoch  538 | train 7.535239e-01 | val 7.380059e-01 |   2.093 s | best 7.380059e-01 @538 *
epoch  539 | train 7.538518e-01 | val 7.380056e-01 |   2.093 s | best 7.380056e-01 @539 *
epoch  540 | train 7.496744e-01 | val 7.379992e-01 |   2.090 s | best 7.379992e-01 @540 *
epoch  541 | train 7.512988e-01 | val 7.379955e-01 |   2.091 s | best 7.379955e-01 @541 *
epoch  542 | train 7.488777e-01 | val 7.380089e-01 |   2.098 s | best 7.379955e-01 @541
epoch  543 | train 7.491958e-01 | val 7.380304e-01 |   2.093 s | best 7.379955e-01 @541
epoch  544 | train 7.490644e-01 | val 7.380021e-01 |   2.106 s | best 7.379955e-01 @541
epoch  545 | train 7.500470e-01 | val 7.379798e-01 |   2.091 s | best 7.379798e-01 @545 *
epoch  546 | train 7.530735e-01 | val 7.379982e-01 |   2.078 s | best 7.379798e-01 @545
epoch  547 | train 7.525698e-01 | val 7.379870e-01 |   2.093 s | best 7.379798e-01 @545
epoch  548 | train 7.447631e-01 | val 7.379873e-01 |   2.094 s | best 7.379798e-01 @545
epoch  549 | train 7.489548e-01 | val 7.379526e-01 |   2.151 s | best 7.379526e-01 @549 *
epoch  550 | train 7.513650e-01 | val 7.379462e-01 |   2.147 s | best 7.379462e-01 @550 *
epoch  551 | train 7.506690e-01 | val 7.379325e-01 |   2.141 s | best 7.379325e-01 @551 *
epoch  552 | train 7.491366e-01 | val 7.379260e-01 |   2.147 s | best 7.379260e-01 @552 *
epoch  553 | train 7.541896e-01 | val 7.379388e-01 |   2.139 s | best 7.379260e-01 @552
epoch  554 | train 7.501270e-01 | val 7.379373e-01 |   2.150 s | best 7.379260e-01 @552
epoch  555 | train 7.504191e-01 | val 7.379498e-01 |   2.141 s | best 7.379260e-01 @552
epoch  556 | train 7.473280e-01 | val 7.379602e-01 |   2.146 s | best 7.379260e-01 @552
epoch  557 | train 7.523116e-01 | val 7.379560e-01 |   2.145 s | best 7.379260e-01 @552
epoch  558 | train 7.549711e-01 | val 7.379771e-01 |   2.142 s | best 7.379260e-01 @552
epoch  559 | train 7.509399e-01 | val 7.379702e-01 |   2.148 s | best 7.379260e-01 @552
epoch  560 | train 7.546801e-01 | val 7.379723e-01 |   2.150 s | best 7.379260e-01 @552
epoch  561 | train 7.517725e-01 | val 7.379482e-01 |   2.151 s | best 7.379260e-01 @552
epoch  562 | train 7.462559e-01 | val 7.379388e-01 |   2.148 s | best 7.379260e-01 @552
epoch  563 | train 7.487766e-01 | val 7.379455e-01 |   2.150 s | best 7.379260e-01 @552
epoch  564 | train 7.538774e-01 | val 7.379474e-01 |   2.146 s | best 7.379260e-01 @552
epoch  565 | train 7.463072e-01 | val 7.379531e-01 |   2.150 s | best 7.379260e-01 @552
epoch  566 | train 7.543861e-01 | val 7.379671e-01 |   2.149 s | best 7.379260e-01 @552
epoch  567 | train 7.504601e-01 | val 7.379562e-01 |   2.146 s | best 7.379260e-01 @552
# done        : 567 epochs, stopped_by=patience, aborted=False, best val 7.379260e-01 @ epoch 552, wall 1294.9 s, 2.284 s/epoch
