
# ===== 2026-09-21 07:04:33 KST  HPO attempt 46  testbed D1 prior S  Nr=8 Nt=4
# DEVICE      : cuda | cuda_available=True | NVIDIA RTX PRO 6000 Blackwell Server Edition | torch 2.14.0+cu130 | train dtype float32 (01_RULES §9.5)
# data        : n_train=9000 n_val=1000 split_hash=98d6225d67f9c15a E||H||_F^2/(NrNt)=1.000268 (04_SPEC §2)
# sigma grid  : MEASURED, 20 points, log-uniform draw over [3.2936e-02, 7.9084e-01]
# hp          : {'arch': 'uvit', 'param': 've', 'domain': 'angle', 'lr': 0.000491970684749383, 'ema': 0.99, 'batch': 128, 'emb': 256, 'width': 256, 'depth': 8, 'heads': 4, 'patch': 2}  params=7771950
# stopping    : patience 15 on val loss, never before 0 epochs, max 600 (01_RULES §5)
epoch    1 | train 9.494038e-01 | val 9.541351e-01 |   3.203 s | best 9.541351e-01 @1 *
epoch    2 | train 8.889001e-01 | val 9.010605e-01 |   3.282 s | best 9.010605e-01 @2 *
epoch    3 | train 8.643008e-01 | val 8.647902e-01 |   3.335 s | best 8.647902e-01 @3 *
epoch    4 | train 8.538792e-01 | val 8.449623e-01 |   3.272 s | best 8.449623e-01 @4 *
epoch    5 | train 8.460037e-01 | val 8.340051e-01 |   3.279 s | best 8.340051e-01 @5 *
epoch    6 | train 8.328710e-01 | val 8.240992e-01 |   3.313 s | best 8.240992e-01 @6 *
epoch    7 | train 8.124467e-01 | val 8.118809e-01 |   3.258 s | best 8.118809e-01 @7 *
epoch    8 | train 7.926318e-01 | val 7.924063e-01 |   3.335 s | best 7.924063e-01 @8 *
epoch    9 | train 7.878473e-01 | val 7.750522e-01 |   3.276 s | best 7.750522e-01 @9 *
epoch   10 | train 7.811019e-01 | val 7.667147e-01 |   3.273 s | best 7.667147e-01 @10 *
epoch   11 | train 7.795269e-01 | val 7.627151e-01 |   3.329 s | best 7.627151e-01 @11 *
epoch   12 | train 7.787448e-01 | val 7.601210e-01 |   3.334 s | best 7.601210e-01 @12 *
epoch   13 | train 7.796328e-01 | val 7.580473e-01 |   3.295 s | best 7.580473e-01 @13 *
epoch   14 | train 7.763463e-01 | val 7.565777e-01 |   3.312 s | best 7.565777e-01 @14 *
epoch   15 | train 7.735441e-01 | val 7.551800e-01 |   3.310 s | best 7.551800e-01 @15 *
epoch   16 | train 7.663110e-01 | val 7.538400e-01 |   3.328 s | best 7.538400e-01 @16 *
epoch   17 | train 7.715413e-01 | val 7.525765e-01 |   3.345 s | best 7.525765e-01 @17 *
epoch   18 | train 7.719738e-01 | val 7.515705e-01 |   3.424 s | best 7.515705e-01 @18 *
epoch   19 | train 7.719068e-01 | val 7.508307e-01 |   3.313 s | best 7.508307e-01 @19 *
epoch   20 | train 7.693766e-01 | val 7.501560e-01 |   3.276 s | best 7.501560e-01 @20 *
epoch   21 | train 7.676125e-01 | val 7.493653e-01 |   3.275 s | best 7.493653e-01 @21 *
epoch   22 | train 7.681124e-01 | val 7.489734e-01 |   3.272 s | best 7.489734e-01 @22 *
epoch   23 | train 7.670600e-01 | val 7.481852e-01 |   3.278 s | best 7.481852e-01 @23 *
epoch   24 | train 7.723930e-01 | val 7.477567e-01 |   3.344 s | best 7.477567e-01 @24 *
epoch   25 | train 7.707964e-01 | val 7.474738e-01 |   3.285 s | best 7.474738e-01 @25 *
epoch   26 | train 7.576158e-01 | val 7.468410e-01 |   3.290 s | best 7.468410e-01 @26 *
epoch   27 | train 7.625237e-01 | val 7.465476e-01 |   3.288 s | best 7.465476e-01 @27 *
epoch   28 | train 7.636759e-01 | val 7.458829e-01 |   3.282 s | best 7.458829e-01 @28 *
epoch   29 | train 7.598944e-01 | val 7.453128e-01 |   3.270 s | best 7.453128e-01 @29 *
epoch   30 | train 7.607594e-01 | val 7.450075e-01 |   3.278 s | best 7.450075e-01 @30 *
epoch   31 | train 7.587035e-01 | val 7.445267e-01 |   3.270 s | best 7.445267e-01 @31 *
epoch   32 | train 7.622696e-01 | val 7.439671e-01 |   3.274 s | best 7.439671e-01 @32 *
epoch   33 | train 7.625111e-01 | val 7.437131e-01 |   3.287 s | best 7.437131e-01 @33 *
epoch   34 | train 7.656481e-01 | val 7.433853e-01 |   3.275 s | best 7.433853e-01 @34 *
epoch   35 | train 7.598263e-01 | val 7.428914e-01 |   3.273 s | best 7.428914e-01 @35 *
epoch   36 | train 7.624339e-01 | val 7.424354e-01 |   3.270 s | best 7.424354e-01 @36 *
epoch   37 | train 7.567092e-01 | val 7.424846e-01 |   3.271 s | best 7.424354e-01 @36
epoch   38 | train 7.643497e-01 | val 7.421939e-01 |   3.341 s | best 7.421939e-01 @38 *
epoch   39 | train 7.632859e-01 | val 7.418083e-01 |   3.284 s | best 7.418083e-01 @39 *
epoch   40 | train 7.612892e-01 | val 7.412370e-01 |   3.284 s | best 7.412370e-01 @40 *
epoch   41 | train 7.620449e-01 | val 7.411123e-01 |   3.283 s | best 7.411123e-01 @41 *
epoch   42 | train 7.552379e-01 | val 7.407061e-01 |   3.319 s | best 7.407061e-01 @42 *
epoch   43 | train 7.585265e-01 | val 7.403073e-01 |   3.260 s | best 7.403073e-01 @43 *
epoch   44 | train 7.562808e-01 | val 7.400844e-01 |   3.271 s | best 7.400844e-01 @44 *
epoch   45 | train 7.561462e-01 | val 7.397763e-01 |   3.263 s | best 7.397763e-01 @45 *
epoch   46 | train 7.571362e-01 | val 7.395987e-01 |   3.270 s | best 7.395987e-01 @46 *
epoch   47 | train 7.584776e-01 | val 7.391140e-01 |   3.339 s | best 7.391140e-01 @47 *
epoch   48 | train 7.561713e-01 | val 7.387300e-01 |   3.337 s | best 7.387300e-01 @48 *
epoch   49 | train 7.587307e-01 | val 7.382470e-01 |   3.277 s | best 7.382470e-01 @49 *
epoch   50 | train 7.470427e-01 | val 7.379837e-01 |   3.285 s | best 7.379837e-01 @50 *
epoch   51 | train 7.536597e-01 | val 7.380981e-01 |   3.285 s | best 7.379837e-01 @50
epoch   52 | train 7.568602e-01 | val 7.380654e-01 |   3.285 s | best 7.379837e-01 @50
epoch   53 | train 7.558396e-01 | val 7.378548e-01 |   3.284 s | best 7.378548e-01 @53 *
epoch   54 | train 7.588639e-01 | val 7.375566e-01 |   3.283 s | best 7.375566e-01 @54 *
epoch   55 | train 7.528091e-01 | val 7.371847e-01 |   3.284 s | best 7.371847e-01 @55 *
epoch   56 | train 7.503737e-01 | val 7.369865e-01 |   3.285 s | best 7.369865e-01 @56 *
epoch   57 | train 7.551211e-01 | val 7.370880e-01 |   3.280 s | best 7.369865e-01 @56
epoch   58 | train 7.567469e-01 | val 7.370110e-01 |   3.279 s | best 7.369865e-01 @56
epoch   59 | train 7.577106e-01 | val 7.367292e-01 |   3.281 s | best 7.367292e-01 @59 *
epoch   60 | train 7.555390e-01 | val 7.363971e-01 |   3.277 s | best 7.363971e-01 @60 *
epoch   61 | train 7.562489e-01 | val 7.365234e-01 |   3.277 s | best 7.363971e-01 @60
epoch   62 | train 7.525297e-01 | val 7.363653e-01 |   3.274 s | best 7.363653e-01 @62 *
epoch   63 | train 7.504776e-01 | val 7.362514e-01 |   3.285 s | best 7.362514e-01 @63 *
epoch   64 | train 7.525962e-01 | val 7.361968e-01 |   3.279 s | best 7.361968e-01 @64 *
epoch   65 | train 7.523834e-01 | val 7.359076e-01 |   3.277 s | best 7.359076e-01 @65 *
epoch   66 | train 7.546433e-01 | val 7.358345e-01 |   3.277 s | best 7.358345e-01 @66 *
epoch   67 | train 7.549003e-01 | val 7.356984e-01 |   3.282 s | best 7.356984e-01 @67 *
epoch   68 | train 7.526806e-01 | val 7.353489e-01 |   3.280 s | best 7.353489e-01 @68 *
epoch   69 | train 7.510214e-01 | val 7.354003e-01 |   3.282 s | best 7.353489e-01 @68
epoch   70 | train 7.484008e-01 | val 7.354288e-01 |   3.276 s | best 7.353489e-01 @68
epoch   71 | train 7.509928e-01 | val 7.352596e-01 |   3.345 s | best 7.352596e-01 @71 *
epoch   72 | train 7.508872e-01 | val 7.352127e-01 |   3.293 s | best 7.352127e-01 @72 *
epoch   73 | train 7.506350e-01 | val 7.350154e-01 |   3.304 s | best 7.350154e-01 @73 *
epoch   74 | train 7.521629e-01 | val 7.349822e-01 |   3.337 s | best 7.349822e-01 @74 *
epoch   75 | train 7.478140e-01 | val 7.349333e-01 |   3.297 s | best 7.349333e-01 @75 *
epoch   76 | train 7.507373e-01 | val 7.350551e-01 |   3.305 s | best 7.349333e-01 @75
epoch   77 | train 7.487780e-01 | val 7.351328e-01 |   3.278 s | best 7.349333e-01 @75
epoch   78 | train 7.547223e-01 | val 7.351480e-01 |   3.287 s | best 7.349333e-01 @75
epoch   79 | train 7.533581e-01 | val 7.350757e-01 |   3.271 s | best 7.349333e-01 @75
