[run] C3: M-ours-score / M-ours-dscore -> n/a (no score model for this array size)
[run] C4: M-ours-score / M-ours-dscore -> n/a (no score model for this array size)
[run] M-ours-dscore: ABSENT -- no GATE-PASSING checkpoint (04_SPEC §5 gates GA-GD): no gate-passing checkpoint for D1; recorded PASS rows: none (searched conf/results/gate_D1.txt and LADDER.md)
[run] M-ours-dscore is NOT in this run.  The reason is written to every raw file as 'meta|dscore_status', so analysis.py reports its slot as BLOCKED / FAILED-VERIFICATION instead of quietly printing a table without it (01_RULES §6).
[run] D1 6 points x n=640 -> 96 tasks on 96 workers (prior S, cells ['C3', 'C4'], chunk 40) -> /home/HTJ/t2/conf/raw
1/96 done    D1_C4_S_Nr4_T28_Tp4_eig_snr6_skip120_n40.npz  (36 s)  BLER16: R2-ours-G=0.00 R3-bigamp=0.20 R4-scvamp=0.15 M-ours-gmm32=0.00 M-ours-score=0.00 R5-genie=0.00
2/96 done    D1_C4_S_Nr4_T28_Tp4_eig_snr6_skip320_n40.npz  (36 s)  BLER16: R2-ours-G=0.03 R3-bigamp=0.07 R4-scvamp=0.30 M-ours-gmm32=0.03 M-ours-score=0.00 R5-genie=0.00
3/96 done    D1_C4_S_Nr4_T28_Tp4_eig_snr6_skip360_n40.npz  (36 s)  BLER16: R2-ours-G=0.05 R3-bigamp=0.23 R4-scvamp=0.25 M-ours-gmm32=0.05 M-ours-score=0.03 R5-genie=0.00
4/96 done    D1_C4_S_Nr4_T28_Tp4_eig_snr3_skip80_n40.npz  (36 s)  BLER16: R2-ours-G=0.28 R3-bigamp=0.40 R4-scvamp=0.55 M-ours-gmm32=0.25 M-ours-score=0.23 R5-genie=0.00
5/96 done    D1_C4_S_Nr4_T28_Tp4_eig_snr6_skip440_n40.npz  (36 s)  BLER16: R2-ours-G=0.03 R3-bigamp=0.05 R4-scvamp=0.17 M-ours-gmm32=0.03 M-ours-score=0.05 R5-genie=0.00
6/96 done    D1_C4_S_Nr4_T28_Tp4_eig_snr9_skip520_n40.npz  (36 s)  BLER16: R2-ours-G=0.03 R3-bigamp=0.10 R4-scvamp=0.15 M-ours-gmm32=0.03 M-ours-score=0.00 R5-genie=0.00
7/96 done    D1_C4_S_Nr4_T28_Tp4_eig_snr6_skip0_n40.npz  (37 s)  BLER16: R2-ours-G=0.03 R3-bigamp=0.15 R4-scvamp=0.07 M-ours-gmm32=0.03 M-ours-score=0.03 R5-genie=0.00
8/96 done    D1_C4_S_Nr4_T28_Tp4_eig_snr9_skip120_n40.npz  (37 s)  BLER16: R2-ours-G=0.00 R3-bigamp=0.10 R4-scvamp=0.03 M-ours-gmm32=0.00 M-ours-score=0.00 R5-genie=0.00
9/96 done    D1_C4_S_Nr4_T28_Tp4_eig_snr9_skip440_n40.npz  (37 s)  BLER16: R2-ours-G=0.00 R3-bigamp=0.10 R4-scvamp=0.05 M-ours-gmm32=0.00 M-ours-score=0.00 R5-genie=0.00
10/96 done    D1_C4_S_Nr4_T28_Tp4_eig_snr6_skip400_n40.npz  (37 s)  BLER16: R2-ours-G=0.03 R3-bigamp=0.10 R4-scvamp=0.15 M-ours-gmm32=0.05 M-ours-score=0.05 R5-genie=0.00
11/96 done    D1_C4_S_Nr4_T28_Tp4_eig_snr6_skip80_n40.npz  (37 s)  BLER16: R2-ours-G=0.03 R3-bigamp=0.10 R4-scvamp=0.17 M-ours-gmm32=0.00 M-ours-score=0.00 R5-genie=0.00
12/96 done    D1_C4_S_Nr4_T28_Tp4_eig_snr3_skip440_n40.npz  (37 s)  BLER16: R2-ours-G=0.20 R3-bigamp=0.45 R4-scvamp=0.40 M-ours-gmm32=0.20 M-ours-score=0.23 R5-genie=0.00
13/96 done    D1_C4_S_Nr4_T28_Tp4_eig_snr3_skip280_n40.npz  (37 s)  BLER16: R2-ours-G=0.17 R3-bigamp=0.45 R4-scvamp=0.53 M-ours-gmm32=0.23 M-ours-score=0.20 R5-genie=0.00
14/96 done    D1_C4_S_Nr4_T28_Tp4_eig_snr3_skip120_n40.npz  (37 s)  BLER16: R2-ours-G=0.17 R3-bigamp=0.28 R4-scvamp=0.45 M-ours-gmm32=0.20 M-ours-score=0.20 R5-genie=0.00
15/96 done    D1_C4_S_Nr4_T28_Tp4_eig_snr3_skip40_n40.npz  (37 s)  BLER16: R2-ours-G=0.17 R3-bigamp=0.38 R4-scvamp=0.47 M-ours-gmm32=0.17 M-ours-score=0.20 R5-genie=0.07
16/96 done    D1_C4_S_Nr4_T28_Tp4_eig_snr6_skip40_n40.npz  (38 s)  BLER16: R2-ours-G=0.03 R3-bigamp=0.15 R4-scvamp=0.05 M-ours-gmm32=0.03 M-ours-score=0.03 R5-genie=0.00
17/96 done    D1_C4_S_Nr4_T28_Tp4_eig_snr6_skip600_n40.npz  (38 s)  BLER16: R2-ours-G=0.00 R3-bigamp=0.05 R4-scvamp=0.12 M-ours-gmm32=0.00 M-ours-score=0.00 R5-genie=0.00
18/96 done    D1_C4_S_Nr4_T28_Tp4_eig_snr6_skip160_n40.npz  (38 s)  BLER16: R2-ours-G=0.03 R3-bigamp=0.20 R4-scvamp=0.12 M-ours-gmm32=0.03 M-ours-score=0.03 R5-genie=0.00
19/96 done    D1_C4_S_Nr4_T28_Tp4_eig_snr3_skip400_n40.npz  (38 s)  BLER16: R2-ours-G=0.17 R3-bigamp=0.45 R4-scvamp=0.40 M-ours-gmm32=0.15 M-ours-score=0.17 R5-genie=0.03
20/96 done    D1_C4_S_Nr4_T28_Tp4_eig_snr3_skip600_n40.npz  (38 s)  BLER16: R2-ours-G=0.25 R3-bigamp=0.47 R4-scvamp=0.57 M-ours-gmm32=0.25 M-ours-score=0.28 R5-genie=0.03
21/96 done    D1_C4_S_Nr4_T28_Tp4_eig_snr3_skip360_n40.npz  (38 s)  BLER16: R2-ours-G=0.25 R3-bigamp=0.42 R4-scvamp=0.50 M-ours-gmm32=0.20 M-ours-score=0.23 R5-genie=0.00
22/96 done    D1_C4_S_Nr4_T28_Tp4_eig_snr3_skip0_n40.npz  (38 s)  BLER16: R2-ours-G=0.33 R3-bigamp=0.45 R4-scvamp=0.50 M-ours-gmm32=0.30 M-ours-score=0.30 R5-genie=0.03
23/96 done    D1_C4_S_Nr4_T28_Tp4_eig_snr9_skip400_n40.npz  (38 s)  BLER16: R2-ours-G=0.00 R3-bigamp=0.17 R4-scvamp=0.17 M-ours-gmm32=0.00 M-ours-score=0.00 R5-genie=0.00
24/96 done    D1_C4_S_Nr4_T28_Tp4_eig_snr6_skip280_n40.npz  (38 s)  BLER16: R2-ours-G=0.05 R3-bigamp=0.12 R4-scvamp=0.25 M-ours-gmm32=0.05 M-ours-score=0.03 R5-genie=0.00
25/96 done    D1_C4_S_Nr4_T28_Tp4_eig_snr9_skip480_n40.npz  (38 s)  BLER16: R2-ours-G=0.00 R3-bigamp=0.05 R4-scvamp=0.07 M-ours-gmm32=0.00 M-ours-score=0.00 R5-genie=0.00
26/96 done    D1_C3_S_Nr4_T28_Tp2_eig_snr9_skip160_n40.npz  (38 s)  BLER16: R2-ours-G=0.25 R3-bigamp=0.68 R4-scvamp=0.72 M-ours-gmm32=0.17 M-ours-score=0.15 R5-genie=0.00
27/96 done    D1_C4_S_Nr4_T28_Tp4_eig_snr9_skip40_n40.npz  (38 s)  BLER16: R2-ours-G=0.00 R3-bigamp=0.15 R4-scvamp=0.03 M-ours-gmm32=0.00 M-ours-score=0.00 R5-genie=0.00
28/96 done    D1_C3_S_Nr4_T28_Tp2_eig_snr9_skip80_n40.npz  (38 s)  BLER16: R2-ours-G=0.10 R3-bigamp=0.68 R4-scvamp=0.50 M-ours-gmm32=0.15 M-ours-score=0.15 R5-genie=0.00
29/96 done    D1_C4_S_Nr4_T28_Tp4_eig_snr6_skip560_n40.npz  (38 s)  BLER16: R2-ours-G=0.00 R3-bigamp=0.17 R4-scvamp=0.10 M-ours-gmm32=0.00 M-ours-score=0.00 R5-genie=0.00
30/96 done    D1_C4_S_Nr4_T28_Tp4_eig_snr9_skip320_n40.npz  (38 s)  BLER16: R2-ours-G=0.00 R3-bigamp=0.07 R4-scvamp=0.05 M-ours-gmm32=0.00 M-ours-score=0.00 R5-genie=0.00
31/96 done    D1_C3_S_Nr4_T28_Tp2_eig_snr9_skip40_n40.npz  (38 s)  BLER16: R2-ours-G=0.12 R3-bigamp=0.57 R4-scvamp=0.55 M-ours-gmm32=0.17 M-ours-score=0.10 R5-genie=0.00
32/96 done    D1_C3_S_Nr4_T28_Tp2_eig_snr9_skip560_n40.npz  (38 s)  BLER16: R2-ours-G=0.20 R3-bigamp=0.68 R4-scvamp=0.55 M-ours-gmm32=0.15 M-ours-score=0.12 R5-genie=0.00
33/96 done    D1_C3_S_Nr4_T28_Tp2_eig_snr9_skip440_n40.npz  (38 s)  BLER16: R2-ours-G=0.20 R3-bigamp=0.78 R4-scvamp=0.60 M-ours-gmm32=0.05 M-ours-score=0.03 R5-genie=0.00
34/96 done    D1_C4_S_Nr4_T28_Tp4_eig_snr3_skip160_n40.npz  (38 s)  BLER16: R2-ours-G=0.20 R3-bigamp=0.38 R4-scvamp=0.40 M-ours-gmm32=0.25 M-ours-score=0.25 R5-genie=0.03
35/96 done    D1_C3_S_Nr4_T28_Tp2_eig_snr12_skip480_n40.npz  (39 s)  BLER16: R2-ours-G=0.20 R3-bigamp=0.70 R4-scvamp=0.62 M-ours-gmm32=0.15 M-ours-score=0.15 R5-genie=0.00
36/96 done    D1_C4_S_Nr4_T28_Tp4_eig_snr9_skip280_n40.npz  (39 s)  BLER16: R2-ours-G=0.00 R3-bigamp=0.05 R4-scvamp=0.07 M-ours-gmm32=0.00 M-ours-score=0.00 R5-genie=0.00
37/96 done    D1_C4_S_Nr4_T28_Tp4_eig_snr6_skip480_n40.npz  (39 s)  BLER16: R2-ours-G=0.00 R3-bigamp=0.17 R4-scvamp=0.12 M-ours-gmm32=0.00 M-ours-score=0.00 R5-genie=0.00
38/96 done    D1_C3_S_Nr4_T28_Tp2_eig_snr15_skip480_n40.npz  (39 s)  BLER16: R2-ours-G=0.07 R3-bigamp=0.80 R4-scvamp=0.65 M-ours-gmm32=0.12 M-ours-score=0.05 R5-genie=0.00
39/96 done    D1_C4_S_Nr4_T28_Tp4_eig_snr6_skip200_n40.npz  (39 s)  BLER16: R2-ours-G=0.03 R3-bigamp=0.30 R4-scvamp=0.28 M-ours-gmm32=0.03 M-ours-score=0.03 R5-genie=0.00
40/96 done    D1_C4_S_Nr4_T28_Tp4_eig_snr9_skip600_n40.npz  (39 s)  BLER16: R2-ours-G=0.03 R3-bigamp=0.07 R4-scvamp=0.07 M-ours-gmm32=0.00 M-ours-score=0.00 R5-genie=0.00
41/96 done    D1_C3_S_Nr4_T28_Tp2_eig_snr15_skip360_n40.npz  (39 s)  BLER16: R2-ours-G=0.10 R3-bigamp=0.68 R4-scvamp=0.60 M-ours-gmm32=0.07 M-ours-score=0.03 R5-genie=0.00
42/96 done    D1_C3_S_Nr4_T28_Tp2_eig_snr9_skip480_n40.npz  (39 s)  BLER16: R2-ours-G=0.15 R3-bigamp=0.57 R4-scvamp=0.60 M-ours-gmm32=0.15 M-ours-score=0.10 R5-genie=0.00
43/96 done    D1_C3_S_Nr4_T28_Tp2_eig_snr15_skip440_n40.npz  (39 s)  BLER16: R2-ours-G=0.07 R3-bigamp=0.75 R4-scvamp=0.60 M-ours-gmm32=0.05 M-ours-score=0.07 R5-genie=0.00
44/96 done    D1_C3_S_Nr4_T28_Tp2_eig_snr9_skip0_n40.npz  (39 s)  BLER16: R2-ours-G=0.07 R3-bigamp=0.57 R4-scvamp=0.53 M-ours-gmm32=0.23 M-ours-score=0.17 R5-genie=0.00
45/96 done    D1_C3_S_Nr4_T28_Tp2_eig_snr15_skip80_n40.npz  (39 s)  BLER16: R2-ours-G=0.05 R3-bigamp=0.65 R4-scvamp=0.70 M-ours-gmm32=0.00 M-ours-score=0.05 R5-genie=0.00
46/96 done    D1_C3_S_Nr4_T28_Tp2_eig_snr12_skip0_n40.npz  (39 s)  BLER16: R2-ours-G=0.17 R3-bigamp=0.68 R4-scvamp=0.72 M-ours-gmm32=0.10 M-ours-score=0.05 R5-genie=0.00
47/96 done    D1_C3_S_Nr4_T28_Tp2_eig_snr9_skip320_n40.npz  (39 s)  BLER16: R2-ours-G=0.07 R3-bigamp=0.70 R4-scvamp=0.62 M-ours-gmm32=0.23 M-ours-score=0.20 R5-genie=0.00
48/96 done    D1_C4_S_Nr4_T28_Tp4_eig_snr3_skip200_n40.npz  (39 s)  BLER16: R2-ours-G=0.30 R3-bigamp=0.42 R4-scvamp=0.55 M-ours-gmm32=0.17 M-ours-score=0.17 R5-genie=0.03
49/96 done    D1_C4_S_Nr4_T28_Tp4_eig_snr3_skip480_n40.npz  (39 s)  BLER16: R2-ours-G=0.12 R3-bigamp=0.42 R4-scvamp=0.45 M-ours-gmm32=0.10 M-ours-score=0.12 R5-genie=0.05
50/96 done    D1_C4_S_Nr4_T28_Tp4_eig_snr6_skip520_n40.npz  (39 s)  BLER16: R2-ours-G=0.00 R3-bigamp=0.15 R4-scvamp=0.17 M-ours-gmm32=0.00 M-ours-score=0.00 R5-genie=0.00
51/96 done    D1_C4_S_Nr4_T28_Tp4_eig_snr9_skip80_n40.npz  (39 s)  BLER16: R2-ours-G=0.00 R3-bigamp=0.00 R4-scvamp=0.07 M-ours-gmm32=0.00 M-ours-score=0.00 R5-genie=0.00
52/96 done    D1_C3_S_Nr4_T28_Tp2_eig_snr9_skip120_n40.npz  (39 s)  BLER16: R2-ours-G=0.17 R3-bigamp=0.68 R4-scvamp=0.55 M-ours-gmm32=0.07 M-ours-score=0.07 R5-genie=0.00
53/96 done    D1_C4_S_Nr4_T28_Tp4_eig_snr3_skip320_n40.npz  (39 s)  BLER16: R2-ours-G=0.17 R3-bigamp=0.45 R4-scvamp=0.55 M-ours-gmm32=0.15 M-ours-score=0.12 R5-genie=0.05
54/96 done    D1_C4_S_Nr4_T28_Tp4_eig_snr9_skip0_n40.npz  (39 s)  BLER16: R2-ours-G=0.00 R3-bigamp=0.10 R4-scvamp=0.05 M-ours-gmm32=0.00 M-ours-score=0.00 R5-genie=0.00
55/96 done    D1_C4_S_Nr4_T28_Tp4_eig_snr3_skip520_n40.npz  (39 s)  BLER16: R2-ours-G=0.17 R3-bigamp=0.33 R4-scvamp=0.47 M-ours-gmm32=0.20 M-ours-score=0.23 R5-genie=0.00
56/96 done    D1_C3_S_Nr4_T28_Tp2_eig_snr12_skip80_n40.npz  (40 s)  BLER16: R2-ours-G=0.15 R3-bigamp=0.68 R4-scvamp=0.53 M-ours-gmm32=0.12 M-ours-score=0.10 R5-genie=0.00
57/96 done    D1_C3_S_Nr4_T28_Tp2_eig_snr12_skip120_n40.npz  (40 s)  BLER16: R2-ours-G=0.15 R3-bigamp=0.65 R4-scvamp=0.55 M-ours-gmm32=0.05 M-ours-score=0.05 R5-genie=0.00
58/96 done    D1_C4_S_Nr4_T28_Tp4_eig_snr9_skip200_n40.npz  (40 s)  BLER16: R2-ours-G=0.00 R3-bigamp=0.05 R4-scvamp=0.05 M-ours-gmm32=0.00 M-ours-score=0.00 R5-genie=0.00
59/96 done    D1_C3_S_Nr4_T28_Tp2_eig_snr15_skip600_n40.npz  (40 s)  BLER16: R2-ours-G=0.00 R3-bigamp=0.70 R4-scvamp=0.57 M-ours-gmm32=0.05 M-ours-score=0.03 R5-genie=0.00
60/96 done    D1_C4_S_Nr4_T28_Tp4_eig_snr6_skip240_n40.npz  (40 s)  BLER16: R2-ours-G=0.03 R3-bigamp=0.12 R4-scvamp=0.17 M-ours-gmm32=0.03 M-ours-score=0.03 R5-genie=0.00
61/96 done    D1_C4_S_Nr4_T28_Tp4_eig_snr3_skip240_n40.npz  (40 s)  BLER16: R2-ours-G=0.28 R3-bigamp=0.47 R4-scvamp=0.55 M-ours-gmm32=0.17 M-ours-score=0.20 R5-genie=0.03
62/96 done    D1_C4_S_Nr4_T28_Tp4_eig_snr9_skip160_n40.npz  (40 s)  BLER16: R2-ours-G=0.00 R3-bigamp=0.00 R4-scvamp=0.05 M-ours-gmm32=0.00 M-ours-score=0.00 R5-genie=0.00
63/96 done    D1_C3_S_Nr4_T28_Tp2_eig_snr9_skip520_n40.npz  (40 s)  BLER16: R2-ours-G=0.20 R3-bigamp=0.72 R4-scvamp=0.62 M-ours-gmm32=0.10 M-ours-score=0.07 R5-genie=0.00
64/96 done    D1_C3_S_Nr4_T28_Tp2_eig_snr12_skip440_n40.npz  (40 s)  BLER16: R2-ours-G=0.12 R3-bigamp=0.65 R4-scvamp=0.50 M-ours-gmm32=0.10 M-ours-score=0.07 R5-genie=0.00
65/96 done    D1_C3_S_Nr4_T28_Tp2_eig_snr9_skip360_n40.npz  (40 s)  BLER16: R2-ours-G=0.23 R3-bigamp=0.70 R4-scvamp=0.70 M-ours-gmm32=0.25 M-ours-score=0.15 R5-genie=0.00
66/96 done    D1_C3_S_Nr4_T28_Tp2_eig_snr12_skip560_n40.npz  (40 s)  BLER16: R2-ours-G=0.15 R3-bigamp=0.75 R4-scvamp=0.53 M-ours-gmm32=0.15 M-ours-score=0.12 R5-genie=0.00
67/96 done    D1_C4_S_Nr4_T28_Tp4_eig_snr9_skip360_n40.npz  (40 s)  BLER16: R2-ours-G=0.00 R3-bigamp=0.07 R4-scvamp=0.12 M-ours-gmm32=0.00 M-ours-score=0.00 R5-genie=0.00
68/96 done    D1_C3_S_Nr4_T28_Tp2_eig_snr12_skip360_n40.npz  (40 s)  BLER16: R2-ours-G=0.07 R3-bigamp=0.68 R4-scvamp=0.53 M-ours-gmm32=0.07 M-ours-score=0.05 R5-genie=0.00
69/96 done    D1_C3_S_Nr4_T28_Tp2_eig_snr15_skip0_n40.npz  (40 s)  BLER16: R2-ours-G=0.03 R3-bigamp=0.65 R4-scvamp=0.62 M-ours-gmm32=0.03 M-ours-score=0.07 R5-genie=0.00
70/96 done    D1_C3_S_Nr4_T28_Tp2_eig_snr15_skip120_n40.npz  (40 s)  BLER16: R2-ours-G=0.05 R3-bigamp=0.72 R4-scvamp=0.68 M-ours-gmm32=0.07 M-ours-score=0.05 R5-genie=0.00
71/96 done    D1_C4_S_Nr4_T28_Tp4_eig_snr9_skip240_n40.npz  (41 s)  BLER16: R2-ours-G=0.00 R3-bigamp=0.07 R4-scvamp=0.10 M-ours-gmm32=0.03 M-ours-score=0.03 R5-genie=0.00
72/96 done    D1_C3_S_Nr4_T28_Tp2_eig_snr15_skip520_n40.npz  (41 s)  BLER16: R2-ours-G=0.10 R3-bigamp=0.72 R4-scvamp=0.72 M-ours-gmm32=0.03 M-ours-score=0.05 R5-genie=0.00
73/96 done    D1_C3_S_Nr4_T28_Tp2_eig_snr15_skip280_n40.npz  (41 s)  BLER16: R2-ours-G=0.12 R3-bigamp=0.75 R4-scvamp=0.57 M-ours-gmm32=0.17 M-ours-score=0.12 R5-genie=0.00
74/96 done    D1_C3_S_Nr4_T28_Tp2_eig_snr12_skip520_n40.npz  (41 s)  BLER16: R2-ours-G=0.28 R3-bigamp=0.72 R4-scvamp=0.55 M-ours-gmm32=0.07 M-ours-score=0.12 R5-genie=0.00
75/96 done    D1_C3_S_Nr4_T28_Tp2_eig_snr15_skip400_n40.npz  (41 s)  BLER16: R2-ours-G=0.17 R3-bigamp=0.60 R4-scvamp=0.47 M-ours-gmm32=0.12 M-ours-score=0.10 R5-genie=0.00
76/96 done    D1_C4_S_Nr4_T28_Tp4_eig_snr3_skip560_n40.npz  (41 s)  BLER16: R2-ours-G=0.25 R3-bigamp=0.42 R4-scvamp=0.50 M-ours-gmm32=0.23 M-ours-score=0.20 R5-genie=0.03
77/96 done    D1_C3_S_Nr4_T28_Tp2_eig_snr12_skip280_n40.npz  (41 s)  BLER16: R2-ours-G=0.12 R3-bigamp=0.70 R4-scvamp=0.75 M-ours-gmm32=0.12 M-ours-score=0.12 R5-genie=0.00
78/96 done    D1_C3_S_Nr4_T28_Tp2_eig_snr12_skip160_n40.npz  (41 s)  BLER16: R2-ours-G=0.03 R3-bigamp=0.68 R4-scvamp=0.47 M-ours-gmm32=0.17 M-ours-score=0.07 R5-genie=0.00
79/96 done    D1_C3_S_Nr4_T28_Tp2_eig_snr12_skip400_n40.npz  (41 s)  BLER16: R2-ours-G=0.15 R3-bigamp=0.65 R4-scvamp=0.70 M-ours-gmm32=0.20 M-ours-score=0.12 R5-genie=0.00
80/96 done    D1_C3_S_Nr4_T28_Tp2_eig_snr12_skip40_n40.npz  (41 s)  BLER16: R2-ours-G=0.05 R3-bigamp=0.68 R4-scvamp=0.68 M-ours-gmm32=0.12 M-ours-score=0.07 R5-genie=0.00
81/96 done    D1_C3_S_Nr4_T28_Tp2_eig_snr9_skip200_n40.npz  (42 s)  BLER16: R2-ours-G=0.07 R3-bigamp=0.68 R4-scvamp=0.60 M-ours-gmm32=0.20 M-ours-score=0.10 R5-genie=0.00
82/96 done    D1_C3_S_Nr4_T28_Tp2_eig_snr15_skip40_n40.npz  (42 s)  BLER16: R2-ours-G=0.10 R3-bigamp=0.75 R4-scvamp=0.55 M-ours-gmm32=0.10 M-ours-score=0.07 R5-genie=0.00
83/96 done    D1_C3_S_Nr4_T28_Tp2_eig_snr15_skip240_n40.npz  (42 s)  BLER16: R2-ours-G=0.10 R3-bigamp=0.62 R4-scvamp=0.53 M-ours-gmm32=0.10 M-ours-score=0.10 R5-genie=0.00
84/96 done    D1_C3_S_Nr4_T28_Tp2_eig_snr15_skip160_n40.npz  (42 s)  BLER16: R2-ours-G=0.15 R3-bigamp=0.65 R4-scvamp=0.62 M-ours-gmm32=0.12 M-ours-score=0.15 R5-genie=0.00
85/96 done    D1_C3_S_Nr4_T28_Tp2_eig_snr12_skip240_n40.npz  (42 s)  BLER16: R2-ours-G=0.17 R3-bigamp=0.57 R4-scvamp=0.57 M-ours-gmm32=0.10 M-ours-score=0.10 R5-genie=0.00
86/96 done    D1_C3_S_Nr4_T28_Tp2_eig_snr15_skip200_n40.npz  (42 s)  BLER16: R2-ours-G=0.05 R3-bigamp=0.65 R4-scvamp=0.50 M-ours-gmm32=0.05 M-ours-score=0.07 R5-genie=0.00
87/96 done    D1_C3_S_Nr4_T28_Tp2_eig_snr9_skip280_n40.npz  (42 s)  BLER16: R2-ours-G=0.12 R3-bigamp=0.82 R4-scvamp=0.50 M-ours-gmm32=0.23 M-ours-score=0.10 R5-genie=0.00
88/96 done    D1_C3_S_Nr4_T28_Tp2_eig_snr12_skip200_n40.npz  (42 s)  BLER16: R2-ours-G=0.05 R3-bigamp=0.60 R4-scvamp=0.57 M-ours-gmm32=0.10 M-ours-score=0.07 R5-genie=0.00
89/96 done    D1_C3_S_Nr4_T28_Tp2_eig_snr12_skip320_n40.npz  (42 s)  BLER16: R2-ours-G=0.12 R3-bigamp=0.53 R4-scvamp=0.72 M-ours-gmm32=0.07 M-ours-score=0.10 R5-genie=0.00
90/96 done    D1_C3_S_Nr4_T28_Tp2_eig_snr9_skip240_n40.npz  (43 s)  BLER16: R2-ours-G=0.12 R3-bigamp=0.75 R4-scvamp=0.60 M-ours-gmm32=0.15 M-ours-score=0.07 R5-genie=0.00
91/96 done    D1_C3_S_Nr4_T28_Tp2_eig_snr9_skip400_n40.npz  (43 s)  BLER16: R2-ours-G=0.35 R3-bigamp=0.68 R4-scvamp=0.57 M-ours-gmm32=0.35 M-ours-score=0.35 R5-genie=0.03
92/96 done    D1_C3_S_Nr4_T28_Tp2_eig_snr15_skip320_n40.npz  (43 s)  BLER16: R2-ours-G=0.17 R3-bigamp=0.68 R4-scvamp=0.68 M-ours-gmm32=0.07 M-ours-score=0.07 R5-genie=0.00
93/96 done    D1_C4_S_Nr4_T28_Tp4_eig_snr9_skip560_n40.npz  (43 s)  BLER16: R2-ours-G=0.00 R3-bigamp=0.07 R4-scvamp=0.07 M-ours-gmm32=0.00 M-ours-score=0.00 R5-genie=0.00
94/96 done    D1_C3_S_Nr4_T28_Tp2_eig_snr12_skip600_n40.npz  (44 s)  BLER16: R2-ours-G=0.17 R3-bigamp=0.65 R4-scvamp=0.57 M-ours-gmm32=0.20 M-ours-score=0.05 R5-genie=0.00
95/96 done    D1_C3_S_Nr4_T28_Tp2_eig_snr9_skip600_n40.npz  (50 s)  BLER16: R2-ours-G=0.12 R3-bigamp=0.62 R4-scvamp=0.38 M-ours-gmm32=0.10 M-ours-score=0.10 R5-genie=0.00
96/96 done    D1_C3_S_Nr4_T28_Tp2_eig_snr15_skip560_n40.npz  (51 s)  BLER16: R2-ours-G=0.12 R3-bigamp=0.57 R4-scvamp=0.65 M-ours-gmm32=0.17 M-ours-score=0.10 R5-genie=0.00
[run] finished in 0.9 min -> python runner.py analysis --testbed D1
EXIT=0
