[run] M-ours-dscore: ABSENT -- no GATE-PASSING checkpoint (04_SPEC §5 gates GA-GD): no gate-passing checkpoint for D2; recorded PASS rows: none (searched conf/results/gate_D2.txt and LADDER.md)
[run] M-ours-dscore is NOT in this run.  The reason is written to every raw file as 'meta|dscore_status', so analysis.py reports its slot as BLOCKED / FAILED-VERIFICATION instead of quietly printing a table without it (01_RULES §6).
[run] D2 7 points x n=640 -> 112 tasks on 112 workers (prior S2, cells ['C5'], chunk 40) -> /home/HTJ/t2/conf/raw
1/112 done    D2_C5_S2_Nr8_T16_Tp3_dft_snr3_skip320_n40.npz  (33 s)  BLER16: R2-ours-G=0.28 R3-bigamp=0.38 R4-scvamp=0.65 M-ours-gmm32=0.33 R5-genie=0.00
2/112 done    D2_C5_S2_Nr8_T16_Tp3_dft_snr0_skip600_n40.npz  (33 s)  BLER16: R2-ours-G=0.28 R3-bigamp=0.57 R4-scvamp=0.68 M-ours-gmm32=0.28 R5-genie=0.00
3/112 done    D2_C5_S2_Nr8_T16_Tp3_dft_snr3_skip280_n40.npz  (33 s)  BLER16: R2-ours-G=0.12 R3-bigamp=0.33 R4-scvamp=0.50 M-ours-gmm32=0.12 R5-genie=0.03
4/112 done    D2_C5_S2_Nr8_T16_Tp3_dft_snr6_skip320_n40.npz  (33 s)  BLER16: R2-ours-G=0.20 R3-bigamp=0.33 R4-scvamp=0.62 M-ours-gmm32=0.20 R5-genie=0.00
5/112 done    D2_C5_S2_Nr8_T16_Tp3_dft_snr0_skip120_n40.npz  (33 s)  BLER16: R2-ours-G=0.20 R3-bigamp=0.65 R4-scvamp=0.55 M-ours-gmm32=0.12 R5-genie=0.00
6/112 done    D2_C5_S2_Nr8_T16_Tp3_dft_snr3_skip480_n40.npz  (33 s)  BLER16: R2-ours-G=0.30 R3-bigamp=0.55 R4-scvamp=0.53 M-ours-gmm32=0.23 R5-genie=0.03
7/112 done    D2_C5_S2_Nr8_T16_Tp3_dft_snr3_skip0_n40.npz  (33 s)  BLER16: R2-ours-G=0.23 R3-bigamp=0.53 R4-scvamp=0.55 M-ours-gmm32=0.33 R5-genie=0.03
8/112 done    D2_C5_S2_Nr8_T16_Tp3_dft_snr12_skip320_n40.npz  (33 s)  BLER16: R2-ours-G=0.10 R3-bigamp=0.35 R4-scvamp=0.72 M-ours-gmm32=0.17 R5-genie=0.00
9/112 done    D2_C5_S2_Nr8_T16_Tp3_dft_snr0_skip400_n40.npz  (33 s)  BLER16: R2-ours-G=0.35 R3-bigamp=0.60 R4-scvamp=0.75 M-ours-gmm32=0.42 R5-genie=0.00
10/112 done    D2_C5_S2_Nr8_T16_Tp3_dft_snr3_skip360_n40.npz  (33 s)  BLER16: R2-ours-G=0.25 R3-bigamp=0.40 R4-scvamp=0.55 M-ours-gmm32=0.25 R5-genie=0.00
11/112 done    D2_C5_S2_Nr8_T16_Tp3_dft_snr9_skip320_n40.npz  (34 s)  BLER16: R2-ours-G=0.12 R3-bigamp=0.42 R4-scvamp=0.47 M-ours-gmm32=0.07 R5-genie=0.00
12/112 done    D2_C5_S2_Nr8_T16_Tp3_dft_snr0_skip360_n40.npz  (33 s)  BLER16: R2-ours-G=0.42 R3-bigamp=0.55 R4-scvamp=0.72 M-ours-gmm32=0.25 R5-genie=0.03
13/112 done    D2_C5_S2_Nr8_T16_Tp3_dft_snr15_skip320_n40.npz  (33 s)  BLER16: R2-ours-G=0.10 R3-bigamp=0.33 R4-scvamp=0.57 M-ours-gmm32=0.20 R5-genie=0.00
14/112 done    D2_C5_S2_Nr8_T16_Tp3_dft_snr-3_skip440_n40.npz  (33 s)  BLER16: R2-ours-G=0.57 R3-bigamp=0.82 R4-scvamp=0.88 M-ours-gmm32=0.60 R5-genie=0.05
15/112 done    D2_C5_S2_Nr8_T16_Tp3_dft_snr0_skip80_n40.npz  (33 s)  BLER16: R2-ours-G=0.35 R3-bigamp=0.55 R4-scvamp=0.60 M-ours-gmm32=0.30 R5-genie=0.00
16/112 done    D2_C5_S2_Nr8_T16_Tp3_dft_snr3_skip520_n40.npz  (33 s)  BLER16: R2-ours-G=0.10 R3-bigamp=0.38 R4-scvamp=0.53 M-ours-gmm32=0.10 R5-genie=0.00
17/112 done    D2_C5_S2_Nr8_T16_Tp3_dft_snr6_skip400_n40.npz  (34 s)  BLER16: R2-ours-G=0.25 R3-bigamp=0.42 R4-scvamp=0.65 M-ours-gmm32=0.25 R5-genie=0.00
18/112 done    D2_C5_S2_Nr8_T16_Tp3_dft_snr9_skip560_n40.npz  (34 s)  BLER16: R2-ours-G=0.15 R3-bigamp=0.33 R4-scvamp=0.47 M-ours-gmm32=0.15 R5-genie=0.00
19/112 done    D2_C5_S2_Nr8_T16_Tp3_dft_snr3_skip600_n40.npz  (34 s)  BLER16: R2-ours-G=0.23 R3-bigamp=0.30 R4-scvamp=0.65 M-ours-gmm32=0.12 R5-genie=0.00
20/112 done    D2_C5_S2_Nr8_T16_Tp3_dft_snr9_skip0_n40.npz  (34 s)  BLER16: R2-ours-G=0.10 R3-bigamp=0.30 R4-scvamp=0.47 M-ours-gmm32=0.10 R5-genie=0.00
21/112 done    D2_C5_S2_Nr8_T16_Tp3_dft_snr15_skip600_n40.npz  (34 s)  BLER16: R2-ours-G=0.12 R3-bigamp=0.40 R4-scvamp=0.60 M-ours-gmm32=0.05 R5-genie=0.00
22/112 done    D2_C5_S2_Nr8_T16_Tp3_dft_snr-3_skip240_n40.npz  (34 s)  BLER16: R2-ours-G=0.53 R3-bigamp=0.95 R4-scvamp=0.90 M-ours-gmm32=0.60 R5-genie=0.00
23/112 done    D2_C5_S2_Nr8_T16_Tp3_dft_snr15_skip80_n40.npz  (34 s)  BLER16: R2-ours-G=0.15 R3-bigamp=0.25 R4-scvamp=0.55 M-ours-gmm32=0.07 R5-genie=0.00
24/112 done    D2_C5_S2_Nr8_T16_Tp3_dft_snr-3_skip280_n40.npz  (34 s)  BLER16: R2-ours-G=0.57 R3-bigamp=0.80 R4-scvamp=0.90 M-ours-gmm32=0.55 R5-genie=0.00
25/112 done    D2_C5_S2_Nr8_T16_Tp3_dft_snr-3_skip40_n40.npz  (34 s)  BLER16: R2-ours-G=0.60 R3-bigamp=0.93 R4-scvamp=0.95 M-ours-gmm32=0.62 R5-genie=0.03
26/112 done    D2_C5_S2_Nr8_T16_Tp3_dft_snr12_skip440_n40.npz  (34 s)  BLER16: R2-ours-G=0.12 R3-bigamp=0.38 R4-scvamp=0.53 M-ours-gmm32=0.20 R5-genie=0.00
27/112 done    D2_C5_S2_Nr8_T16_Tp3_dft_snr9_skip120_n40.npz  (34 s)  BLER16: R2-ours-G=0.10 R3-bigamp=0.35 R4-scvamp=0.57 M-ours-gmm32=0.17 R5-genie=0.00
28/112 done    D2_C5_S2_Nr8_T16_Tp3_dft_snr3_skip240_n40.npz  (35 s)  BLER16: R2-ours-G=0.10 R3-bigamp=0.47 R4-scvamp=0.50 M-ours-gmm32=0.20 R5-genie=0.00
29/112 done    D2_C5_S2_Nr8_T16_Tp3_dft_snr12_skip400_n40.npz  (34 s)  BLER16: R2-ours-G=0.20 R3-bigamp=0.42 R4-scvamp=0.53 M-ours-gmm32=0.30 R5-genie=0.00
30/112 done    D2_C5_S2_Nr8_T16_Tp3_dft_snr15_skip240_n40.npz  (35 s)  BLER16: R2-ours-G=0.12 R3-bigamp=0.35 R4-scvamp=0.53 M-ours-gmm32=0.10 R5-genie=0.00
31/112 done    D2_C5_S2_Nr8_T16_Tp3_dft_snr15_skip360_n40.npz  (34 s)  BLER16: R2-ours-G=0.15 R3-bigamp=0.35 R4-scvamp=0.53 M-ours-gmm32=0.17 R5-genie=0.00
32/112 done    D2_C5_S2_Nr8_T16_Tp3_dft_snr-3_skip0_n40.npz  (34 s)  BLER16: R2-ours-G=0.57 R3-bigamp=0.80 R4-scvamp=0.88 M-ours-gmm32=0.42 R5-genie=0.00
33/112 done    D2_C5_S2_Nr8_T16_Tp3_dft_snr0_skip320_n40.npz  (34 s)  BLER16: R2-ours-G=0.35 R3-bigamp=0.60 R4-scvamp=0.60 M-ours-gmm32=0.28 R5-genie=0.03
34/112 done    D2_C5_S2_Nr8_T16_Tp3_dft_snr6_skip520_n40.npz  (34 s)  BLER16: R2-ours-G=0.10 R3-bigamp=0.35 R4-scvamp=0.45 M-ours-gmm32=0.07 R5-genie=0.03
35/112 done    D2_C5_S2_Nr8_T16_Tp3_dft_snr9_skip360_n40.npz  (34 s)  BLER16: R2-ours-G=0.10 R3-bigamp=0.28 R4-scvamp=0.47 M-ours-gmm32=0.23 R5-genie=0.00
36/112 done    D2_C5_S2_Nr8_T16_Tp3_dft_snr9_skip520_n40.npz  (35 s)  BLER16: R2-ours-G=0.15 R3-bigamp=0.25 R4-scvamp=0.57 M-ours-gmm32=0.12 R5-genie=0.00
37/112 done    D2_C5_S2_Nr8_T16_Tp3_dft_snr0_skip520_n40.npz  (34 s)  BLER16: R2-ours-G=0.30 R3-bigamp=0.53 R4-scvamp=0.70 M-ours-gmm32=0.35 R5-genie=0.03
38/112 done    D2_C5_S2_Nr8_T16_Tp3_dft_snr0_skip0_n40.npz  (34 s)  BLER16: R2-ours-G=0.50 R3-bigamp=0.70 R4-scvamp=0.80 M-ours-gmm32=0.30 R5-genie=0.00
39/112 done    D2_C5_S2_Nr8_T16_Tp3_dft_snr-3_skip560_n40.npz  (34 s)  BLER16: R2-ours-G=0.65 R3-bigamp=0.85 R4-scvamp=0.88 M-ours-gmm32=0.57 R5-genie=0.03
40/112 done    D2_C5_S2_Nr8_T16_Tp3_dft_snr9_skip480_n40.npz  (34 s)  BLER16: R2-ours-G=0.17 R3-bigamp=0.25 R4-scvamp=0.45 M-ours-gmm32=0.12 R5-genie=0.00
41/112 done    D2_C5_S2_Nr8_T16_Tp3_dft_snr-3_skip160_n40.npz  (34 s)  BLER16: R2-ours-G=0.68 R3-bigamp=0.82 R4-scvamp=0.80 M-ours-gmm32=0.65 R5-genie=0.05
42/112 done    D2_C5_S2_Nr8_T16_Tp3_dft_snr0_skip560_n40.npz  (34 s)  BLER16: R2-ours-G=0.33 R3-bigamp=0.68 R4-scvamp=0.65 M-ours-gmm32=0.35 R5-genie=0.00
43/112 done    D2_C5_S2_Nr8_T16_Tp3_dft_snr3_skip560_n40.npz  (34 s)  BLER16: R2-ours-G=0.28 R3-bigamp=0.50 R4-scvamp=0.57 M-ours-gmm32=0.33 R5-genie=0.00
44/112 done    D2_C5_S2_Nr8_T16_Tp3_dft_snr0_skip200_n40.npz  (35 s)  BLER16: R2-ours-G=0.25 R3-bigamp=0.55 R4-scvamp=0.65 M-ours-gmm32=0.33 R5-genie=0.00
45/112 done    D2_C5_S2_Nr8_T16_Tp3_dft_snr-3_skip400_n40.npz  (35 s)  BLER16: R2-ours-G=0.65 R3-bigamp=0.88 R4-scvamp=0.85 M-ours-gmm32=0.57 R5-genie=0.05
46/112 done    D2_C5_S2_Nr8_T16_Tp3_dft_snr6_skip480_n40.npz  (35 s)  BLER16: R2-ours-G=0.28 R3-bigamp=0.45 R4-scvamp=0.60 M-ours-gmm32=0.23 R5-genie=0.00
47/112 done    D2_C5_S2_Nr8_T16_Tp3_dft_snr12_skip0_n40.npz  (35 s)  BLER16: R2-ours-G=0.07 R3-bigamp=0.50 R4-scvamp=0.50 M-ours-gmm32=0.12 R5-genie=0.00
48/112 done    D2_C5_S2_Nr8_T16_Tp3_dft_snr-3_skip120_n40.npz  (35 s)  BLER16: R2-ours-G=0.57 R3-bigamp=0.85 R4-scvamp=0.85 M-ours-gmm32=0.55 R5-genie=0.03
49/112 done    D2_C5_S2_Nr8_T16_Tp3_dft_snr15_skip120_n40.npz  (35 s)  BLER16: R2-ours-G=0.07 R3-bigamp=0.33 R4-scvamp=0.57 M-ours-gmm32=0.10 R5-genie=0.00
50/112 done    D2_C5_S2_Nr8_T16_Tp3_dft_snr12_skip520_n40.npz  (35 s)  BLER16: R2-ours-G=0.12 R3-bigamp=0.40 R4-scvamp=0.72 M-ours-gmm32=0.17 R5-genie=0.00
51/112 done    D2_C5_S2_Nr8_T16_Tp3_dft_snr0_skip160_n40.npz  (35 s)  BLER16: R2-ours-G=0.30 R3-bigamp=0.53 R4-scvamp=0.65 M-ours-gmm32=0.25 R5-genie=0.03
52/112 done    D2_C5_S2_Nr8_T16_Tp3_dft_snr9_skip240_n40.npz  (35 s)  BLER16: R2-ours-G=0.12 R3-bigamp=0.35 R4-scvamp=0.53 M-ours-gmm32=0.20 R5-genie=0.00
53/112 done    D2_C5_S2_Nr8_T16_Tp3_dft_snr15_skip520_n40.npz  (35 s)  BLER16: R2-ours-G=0.10 R3-bigamp=0.47 R4-scvamp=0.70 M-ours-gmm32=0.25 R5-genie=0.00
54/112 done    D2_C5_S2_Nr8_T16_Tp3_dft_snr6_skip280_n40.npz  (35 s)  BLER16: R2-ours-G=0.15 R3-bigamp=0.33 R4-scvamp=0.42 M-ours-gmm32=0.20 R5-genie=0.00
55/112 done    D2_C5_S2_Nr8_T16_Tp3_dft_snr9_skip600_n40.npz  (35 s)  BLER16: R2-ours-G=0.17 R3-bigamp=0.42 R4-scvamp=0.50 M-ours-gmm32=0.20 R5-genie=0.00
56/112 done    D2_C5_S2_Nr8_T16_Tp3_dft_snr9_skip440_n40.npz  (35 s)  BLER16: R2-ours-G=0.15 R3-bigamp=0.30 R4-scvamp=0.60 M-ours-gmm32=0.20 R5-genie=0.00
57/112 done    D2_C5_S2_Nr8_T16_Tp3_dft_snr15_skip200_n40.npz  (35 s)  BLER16: R2-ours-G=0.05 R3-bigamp=0.33 R4-scvamp=0.57 M-ours-gmm32=0.25 R5-genie=0.00
58/112 done    D2_C5_S2_Nr8_T16_Tp3_dft_snr6_skip560_n40.npz  (35 s)  BLER16: R2-ours-G=0.17 R3-bigamp=0.25 R4-scvamp=0.45 M-ours-gmm32=0.23 R5-genie=0.00
59/112 done    D2_C5_S2_Nr8_T16_Tp3_dft_snr3_skip40_n40.npz  (35 s)  BLER16: R2-ours-G=0.15 R3-bigamp=0.47 R4-scvamp=0.57 M-ours-gmm32=0.25 R5-genie=0.00
60/112 done    D2_C5_S2_Nr8_T16_Tp3_dft_snr12_skip600_n40.npz  (35 s)  BLER16: R2-ours-G=0.28 R3-bigamp=0.45 R4-scvamp=0.68 M-ours-gmm32=0.30 R5-genie=0.00
61/112 done    D2_C5_S2_Nr8_T16_Tp3_dft_snr12_skip560_n40.npz  (36 s)  BLER16: R2-ours-G=0.15 R3-bigamp=0.45 R4-scvamp=0.53 M-ours-gmm32=0.15 R5-genie=0.00
62/112 done    D2_C5_S2_Nr8_T16_Tp3_dft_snr15_skip280_n40.npz  (36 s)  BLER16: R2-ours-G=0.10 R3-bigamp=0.35 R4-scvamp=0.50 M-ours-gmm32=0.12 R5-genie=0.00
63/112 done    D2_C5_S2_Nr8_T16_Tp3_dft_snr12_skip40_n40.npz  (36 s)  BLER16: R2-ours-G=0.20 R3-bigamp=0.53 R4-scvamp=0.70 M-ours-gmm32=0.35 R5-genie=0.00
64/112 done    D2_C5_S2_Nr8_T16_Tp3_dft_snr9_skip40_n40.npz  (36 s)  BLER16: R2-ours-G=0.15 R3-bigamp=0.38 R4-scvamp=0.55 M-ours-gmm32=0.12 R5-genie=0.00
65/112 done    D2_C5_S2_Nr8_T16_Tp3_dft_snr0_skip40_n40.npz  (36 s)  BLER16: R2-ours-G=0.38 R3-bigamp=0.62 R4-scvamp=0.68 M-ours-gmm32=0.35 R5-genie=0.05
66/112 done    D2_C5_S2_Nr8_T16_Tp3_dft_snr-3_skip360_n40.npz  (36 s)  BLER16: R2-ours-G=0.70 R3-bigamp=0.90 R4-scvamp=0.97 M-ours-gmm32=0.62 R5-genie=0.03
67/112 done    D2_C5_S2_Nr8_T16_Tp3_dft_snr6_skip40_n40.npz  (36 s)  BLER16: R2-ours-G=0.20 R3-bigamp=0.25 R4-scvamp=0.60 M-ours-gmm32=0.17 R5-genie=0.00
68/112 done    D2_C5_S2_Nr8_T16_Tp3_dft_snr-3_skip600_n40.npz  (36 s)  BLER16: R2-ours-G=0.72 R3-bigamp=0.82 R4-scvamp=0.93 M-ours-gmm32=0.68 R5-genie=0.05
69/112 done    D2_C5_S2_Nr8_T16_Tp3_dft_snr-3_skip80_n40.npz  (36 s)  BLER16: R2-ours-G=0.72 R3-bigamp=0.82 R4-scvamp=0.88 M-ours-gmm32=0.65 R5-genie=0.03
70/112 done    D2_C5_S2_Nr8_T16_Tp3_dft_snr12_skip120_n40.npz  (36 s)  BLER16: R2-ours-G=0.20 R3-bigamp=0.42 R4-scvamp=0.45 M-ours-gmm32=0.20 R5-genie=0.00
71/112 done    D2_C5_S2_Nr8_T16_Tp3_dft_snr15_skip560_n40.npz  (36 s)  BLER16: R2-ours-G=0.05 R3-bigamp=0.28 R4-scvamp=0.57 M-ours-gmm32=0.10 R5-genie=0.00
72/112 done    D2_C5_S2_Nr8_T16_Tp3_dft_snr12_skip80_n40.npz  (37 s)  BLER16: R2-ours-G=0.03 R3-bigamp=0.30 R4-scvamp=0.47 M-ours-gmm32=0.10 R5-genie=0.00
73/112 done    D2_C5_S2_Nr8_T16_Tp3_dft_snr15_skip40_n40.npz  (37 s)  BLER16: R2-ours-G=0.23 R3-bigamp=0.38 R4-scvamp=0.60 M-ours-gmm32=0.23 R5-genie=0.00
74/112 done    D2_C5_S2_Nr8_T16_Tp3_dft_snr3_skip200_n40.npz  (37 s)  BLER16: R2-ours-G=0.15 R3-bigamp=0.40 R4-scvamp=0.55 M-ours-gmm32=0.15 R5-genie=0.00
75/112 done    D2_C5_S2_Nr8_T16_Tp3_dft_snr0_skip480_n40.npz  (37 s)  BLER16: R2-ours-G=0.38 R3-bigamp=0.65 R4-scvamp=0.65 M-ours-gmm32=0.40 R5-genie=0.00
76/112 done    D2_C5_S2_Nr8_T16_Tp3_dft_snr15_skip400_n40.npz  (37 s)  BLER16: R2-ours-G=0.20 R3-bigamp=0.42 R4-scvamp=0.68 M-ours-gmm32=0.17 R5-genie=0.00
77/112 done    D2_C5_S2_Nr8_T16_Tp3_dft_snr-3_skip480_n40.npz  (37 s)  BLER16: R2-ours-G=0.65 R3-bigamp=0.80 R4-scvamp=0.85 M-ours-gmm32=0.53 R5-genie=0.03
78/112 done    D2_C5_S2_Nr8_T16_Tp3_dft_snr6_skip200_n40.npz  (37 s)  BLER16: R2-ours-G=0.23 R3-bigamp=0.35 R4-scvamp=0.47 M-ours-gmm32=0.15 R5-genie=0.00
79/112 done    D2_C5_S2_Nr8_T16_Tp3_dft_snr12_skip200_n40.npz  (38 s)  BLER16: R2-ours-G=0.15 R3-bigamp=0.42 R4-scvamp=0.47 M-ours-gmm32=0.17 R5-genie=0.00
80/112 done    D2_C5_S2_Nr8_T16_Tp3_dft_snr12_skip160_n40.npz  (38 s)  BLER16: R2-ours-G=0.12 R3-bigamp=0.25 R4-scvamp=0.47 M-ours-gmm32=0.17 R5-genie=0.00
81/112 done    D2_C5_S2_Nr8_T16_Tp3_dft_snr12_skip280_n40.npz  (38 s)  BLER16: R2-ours-G=0.17 R3-bigamp=0.42 R4-scvamp=0.68 M-ours-gmm32=0.15 R5-genie=0.00
82/112 done    D2_C5_S2_Nr8_T16_Tp3_dft_snr9_skip280_n40.npz  (38 s)  BLER16: R2-ours-G=0.12 R3-bigamp=0.30 R4-scvamp=0.47 M-ours-gmm32=0.23 R5-genie=0.00
83/112 done    D2_C5_S2_Nr8_T16_Tp3_dft_snr15_skip0_n40.npz  (39 s)  BLER16: R2-ours-G=0.05 R3-bigamp=0.23 R4-scvamp=0.55 M-ours-gmm32=0.07 R5-genie=0.00
84/112 done    D2_C5_S2_Nr8_T16_Tp3_dft_snr-3_skip200_n40.npz  (39 s)  BLER16: R2-ours-G=0.62 R3-bigamp=0.88 R4-scvamp=0.97 M-ours-gmm32=0.72 R5-genie=0.07
85/112 done    D2_C5_S2_Nr8_T16_Tp3_dft_snr3_skip440_n40.npz  (39 s)  BLER16: R2-ours-G=0.35 R3-bigamp=0.47 R4-scvamp=0.65 M-ours-gmm32=0.25 R5-genie=0.00
86/112 done    D2_C5_S2_Nr8_T16_Tp3_dft_snr6_skip120_n40.npz  (39 s)  BLER16: R2-ours-G=0.33 R3-bigamp=0.40 R4-scvamp=0.57 M-ours-gmm32=0.20 R5-genie=0.00
87/112 done    D2_C5_S2_Nr8_T16_Tp3_dft_snr6_skip160_n40.npz  (40 s)  BLER16: R2-ours-G=0.25 R3-bigamp=0.42 R4-scvamp=0.47 M-ours-gmm32=0.17 R5-genie=0.00
88/112 done    D2_C5_S2_Nr8_T16_Tp3_dft_snr3_skip160_n40.npz  (40 s)  BLER16: R2-ours-G=0.25 R3-bigamp=0.47 R4-scvamp=0.57 M-ours-gmm32=0.12 R5-genie=0.00
89/112 done    D2_C5_S2_Nr8_T16_Tp3_dft_snr3_skip120_n40.npz  (41 s)  BLER16: R2-ours-G=0.15 R3-bigamp=0.38 R4-scvamp=0.53 M-ours-gmm32=0.20 R5-genie=0.00
90/112 done    D2_C5_S2_Nr8_T16_Tp3_dft_snr12_skip360_n40.npz  (41 s)  BLER16: R2-ours-G=0.25 R3-bigamp=0.42 R4-scvamp=0.60 M-ours-gmm32=0.30 R5-genie=0.00
91/112 done    D2_C5_S2_Nr8_T16_Tp3_dft_snr0_skip280_n40.npz  (41 s)  BLER16: R2-ours-G=0.33 R3-bigamp=0.62 R4-scvamp=0.70 M-ours-gmm32=0.42 R5-genie=0.03
92/112 done    D2_C5_S2_Nr8_T16_Tp3_dft_snr0_skip440_n40.npz  (41 s)  BLER16: R2-ours-G=0.35 R3-bigamp=0.72 R4-scvamp=0.78 M-ours-gmm32=0.33 R5-genie=0.03
93/112 done    D2_C5_S2_Nr8_T16_Tp3_dft_snr0_skip240_n40.npz  (41 s)  BLER16: R2-ours-G=0.40 R3-bigamp=0.50 R4-scvamp=0.68 M-ours-gmm32=0.25 R5-genie=0.03
94/112 done    D2_C5_S2_Nr8_T16_Tp3_dft_snr3_skip400_n40.npz  (41 s)  BLER16: R2-ours-G=0.30 R3-bigamp=0.53 R4-scvamp=0.70 M-ours-gmm32=0.35 R5-genie=0.03
95/112 done    D2_C5_S2_Nr8_T16_Tp3_dft_snr6_skip360_n40.npz  (41 s)  BLER16: R2-ours-G=0.17 R3-bigamp=0.53 R4-scvamp=0.47 M-ours-gmm32=0.17 R5-genie=0.00
96/112 done    D2_C5_S2_Nr8_T16_Tp3_dft_snr-3_skip320_n40.npz  (42 s)  BLER16: R2-ours-G=0.53 R3-bigamp=0.75 R4-scvamp=0.85 M-ours-gmm32=0.55 R5-genie=0.05
97/112 done    D2_C5_S2_Nr8_T16_Tp3_dft_snr6_skip0_n40.npz  (42 s)  BLER16: R2-ours-G=0.17 R3-bigamp=0.40 R4-scvamp=0.62 M-ours-gmm32=0.20 R5-genie=0.05
98/112 done    D2_C5_S2_Nr8_T16_Tp3_dft_snr3_skip80_n40.npz  (42 s)  BLER16: R2-ours-G=0.20 R3-bigamp=0.33 R4-scvamp=0.40 M-ours-gmm32=0.15 R5-genie=0.00
99/112 done    D2_C5_S2_Nr8_T16_Tp3_dft_snr6_skip600_n40.npz  (42 s)  BLER16: R2-ours-G=0.10 R3-bigamp=0.17 R4-scvamp=0.53 M-ours-gmm32=0.12 R5-genie=0.00
100/112 done    D2_C5_S2_Nr8_T16_Tp3_dft_snr6_skip240_n40.npz  (42 s)  BLER16: R2-ours-G=0.23 R3-bigamp=0.45 R4-scvamp=0.62 M-ours-gmm32=0.28 R5-genie=0.00
101/112 done    D2_C5_S2_Nr8_T16_Tp3_dft_snr6_skip440_n40.npz  (42 s)  BLER16: R2-ours-G=0.20 R3-bigamp=0.42 R4-scvamp=0.62 M-ours-gmm32=0.28 R5-genie=0.00
102/112 done    D2_C5_S2_Nr8_T16_Tp3_dft_snr15_skip440_n40.npz  (42 s)  BLER16: R2-ours-G=0.12 R3-bigamp=0.38 R4-scvamp=0.70 M-ours-gmm32=0.20 R5-genie=0.00
103/112 done    D2_C5_S2_Nr8_T16_Tp3_dft_snr-3_skip520_n40.npz  (42 s)  BLER16: R2-ours-G=0.62 R3-bigamp=0.70 R4-scvamp=0.80 M-ours-gmm32=0.53 R5-genie=0.07
104/112 done    D2_C5_S2_Nr8_T16_Tp3_dft_snr9_skip400_n40.npz  (42 s)  BLER16: R2-ours-G=0.15 R3-bigamp=0.30 R4-scvamp=0.57 M-ours-gmm32=0.12 R5-genie=0.00
105/112 done    D2_C5_S2_Nr8_T16_Tp3_dft_snr9_skip80_n40.npz  (42 s)  BLER16: R2-ours-G=0.17 R3-bigamp=0.38 R4-scvamp=0.42 M-ours-gmm32=0.10 R5-genie=0.00
106/112 done    D2_C5_S2_Nr8_T16_Tp3_dft_snr9_skip200_n40.npz  (42 s)  BLER16: R2-ours-G=0.12 R3-bigamp=0.33 R4-scvamp=0.55 M-ours-gmm32=0.15 R5-genie=0.00
107/112 done    D2_C5_S2_Nr8_T16_Tp3_dft_snr6_skip80_n40.npz  (42 s)  BLER16: R2-ours-G=0.28 R3-bigamp=0.35 R4-scvamp=0.57 M-ours-gmm32=0.20 R5-genie=0.03
108/112 done    D2_C5_S2_Nr8_T16_Tp3_dft_snr15_skip480_n40.npz  (42 s)  BLER16: R2-ours-G=0.15 R3-bigamp=0.30 R4-scvamp=0.60 M-ours-gmm32=0.15 R5-genie=0.00
109/112 done    D2_C5_S2_Nr8_T16_Tp3_dft_snr9_skip160_n40.npz  (42 s)  BLER16: R2-ours-G=0.23 R3-bigamp=0.47 R4-scvamp=0.55 M-ours-gmm32=0.20 R5-genie=0.00
110/112 done    D2_C5_S2_Nr8_T16_Tp3_dft_snr12_skip480_n40.npz  (42 s)  BLER16: R2-ours-G=0.12 R3-bigamp=0.40 R4-scvamp=0.50 M-ours-gmm32=0.05 R5-genie=0.00
111/112 done    D2_C5_S2_Nr8_T16_Tp3_dft_snr15_skip160_n40.npz  (42 s)  BLER16: R2-ours-G=0.07 R3-bigamp=0.38 R4-scvamp=0.55 M-ours-gmm32=0.10 R5-genie=0.00
112/112 done    D2_C5_S2_Nr8_T16_Tp3_dft_snr12_skip240_n40.npz  (43 s)  BLER16: R2-ours-G=0.10 R3-bigamp=0.25 R4-scvamp=0.50 M-ours-gmm32=0.17 R5-genie=0.00
[run] finished in 0.7 min -> python runner.py analysis --testbed D2
EXIT=0
