# date        : 2026-09-21 16:47:24 KST
# git commit  : 9e0023c
# versions    : python 3.12.14  numpy 2.5.2  scipy 1.18.1  torch 2.14.0+cu130 (cuda_available=True)
# device      : CPU (192 cores) | dtype: complex128 / float64 | deterministic: yes (fixed seeds, no GPU in the receiver)
# testbed     : D2
# seed rule   : default_rng([20260926, TBID[testbed], PID[prior], Nr, T, Tp, int(snr)+100])  (trials of a point = ONE stream)
# code        : rate-1/2 conv (133,171)_8 nu=6 terminated, QPSK, outer iterations = 16 for EVERY arm
# Demo/ hashes: t2_route_a.py=95a5408901ec125c  t2_trellis.py=31cd0ee9c68e972b  t2_gmm.py=d064e58c7510c769
# content     : eigenvalue SPECTRUM of sym(Jr), not just its minimum.  ckpt = ckpt/d2sx_N10000_a1.pt
# n           : 48 held-out samples per grid point, 2N = 64 eigenvalues each
# hypothesis  : D2's support is a union of 3L-dim manifolds (L~U{3..8}) in R^64, so the TRUE J
#               has 40..55 eigenvalues AT the PSD boundary; estimation error flips ~half of them.
#               D1's grid-GMM prior has full support, so its true J has no near-zero eigenvalue.

=== diffusion ===
  k       sigma | n_neg mean n_neg med n_neg p90 |  n<0.01   n<0.1 |       lmin   l[0.25]     lmed     lmax
  0  3.3062e-02 |       8.02       7.0      14.0 |    9.35   18.40 | -2.026e-01 6.869e-02 4.373e-01 1.497e+00
  6  9.2011e-02 |      10.60      10.5      14.0 |   12.40   29.33 | -2.500e-01 2.786e-02 1.395e-01 2.382e+00
 12  2.5606e-01 |      11.17       9.5      19.3 |   13.65   36.79 | -2.651e-01 1.832e-02 7.198e-02 4.434e+00
 18  7.1261e-01 |       7.75       7.5      13.0 |   10.90   43.00 | -1.195e-01 2.244e-02 5.567e-02 2.468e+00

=== GMM-exact(b*=kron,K=512) ===
  k       sigma | n_neg mean n_neg med n_neg p90 |  n<0.01   n<0.1 |       lmin   l[0.25]     lmed     lmax
  0  3.3062e-02 |       0.00       0.0       0.0 |    0.08    3.44 |  4.276e-03 9.476e-01 9.938e-01 1.759e+00
  6  9.2011e-02 |       0.00       0.0       0.0 |    2.52    6.54 |  5.541e-04 6.654e-01 9.478e-01 5.900e+00
 12  2.5606e-01 |       0.00       0.0       0.0 |    4.50   11.19 |  7.645e-05 2.028e-01 6.762e-01 4.911e+00
 18  7.1261e-01 |       0.00       0.0       0.0 |    0.56   16.94 |  4.755e-03 9.164e-02 2.548e-01 2.407e+00

co-dimension of the D2 support: 2*Nr*Nt - 3L = 64 - {9..24} = {40..55}
