# date        : 2026-09-21 16:26:50 KST
# git commit  : b56be0a
# versions    : python 3.12.14  numpy 2.5.2  scipy 1.18.1  torch 2.14.0+cu130 (cuda_available=True)
# device      : CPU (192 cores) | dtype: complex128 / float64 | deterministic: yes (fixed seeds, no GPU in the receiver)
# testbed     : D2
# seed rule   : default_rng([20260926, TBID[testbed], PID[prior], Nr, T, Tp, int(snr)+100])  (trials of a point = ONE stream)
# code        : rate-1/2 conv (133,171)_8 nu=6 terminated, QPSK, outer iterations = 16 for EVERY arm
# Demo/ hashes: t2_route_a.py=95a5408901ec125c  t2_trellis.py=31cd0ee9c68e972b  t2_gmm.py=d064e58c7510c769
# DIAGNOSTIC jacpsd-counterfactual: do()-interventions on the D-14 Jacobian site. No retraining, no tuning of any pre-registered arm.
#   trial 16/256  168 s
#   trial 32/256  336 s
#   trial 48/256  499 s
#   trial 64/256  663 s
#   trial 80/256  823 s
#   trial 96/256  981 s
#   trial 112/256  1138 s
#   trial 128/256  1296 s
#   trial 144/256  1455 s
#   trial 160/256  1614 s
#   trial 176/256  1771 s
#   trial 192/256  1929 s
#   trial 208/256  2085 s
#   trial 224/256  2240 s
#   trial 240/256  2394 s
#   trial 256/256  2547 s
# saved /home/HTJ/t2/conf/results/diag/jacpsd-counterfactual_D2_C2_snr+9_n256.npz   (2547 s)
# b* = kron  pilots = dft  ckpt = ckpt/d2sx_N10000_a1.pt

--- D2 C2  SNR +9 dB,  n=256 paired trials,  16 iterations ---
arm               BLER@1  BLER@2  BLER@16   +-95%   BER@16  NMSEmed@16   NMSEmean   fr>1  clip%  clipshift  Jneg%
gmmB|epsite        0.066   0.016    0.000   0.000    0.000      0.0078  8.137e-03  0.000   46.7  4.089e-04    nan
dscore|eta         0.762   0.668    0.664   0.058    0.302      0.5491  4.511e+01  0.344  100.0  2.292e+03    nan
gmmB|eta           0.066   0.016    0.000   0.000    0.000      0.0078  8.131e-03  0.000   48.2  4.178e-04    nan
dscore|mean        0.035   0.004    0.004   0.008    0.002      0.0039  4.187e-03  0.000  100.0  7.374e+03    nan
dscore|psd1e-2     0.039   0.008    0.004   0.008    0.001      0.0039  4.600e-03  0.000   98.1  2.208e-17  100.0
dscore|abs1e-2     0.652   0.488    0.422   0.060    0.174      0.4333  6.729e-01  0.160  100.0  7.435e-01   98.1
gmmB|flip4         0.082   0.031    0.008   0.011    0.003      0.0114  1.790e-02  0.000  100.0  9.627e-03    0.0
gmmB|tiny4         0.066   0.016    0.000   0.000    0.000      0.0078  8.125e-03  0.000   48.2  4.179e-04    0.0
dscore|belsc       0.031   0.008    0.000   0.000    0.000      0.0038  4.167e-03  0.000    0.0  0.000e+00    nan
gauss|sitesc       0.070   0.020    0.008   0.011    0.004      0.0091  1.075e-02  0.000    nan        nan    nan
