# date        : 2026-09-21 16:26:50 KST
# git commit  : b56be0a
# versions    : python 3.12.14  numpy 2.5.2  scipy 1.18.1  torch 2.14.0+cu130 (cuda_available=True)
# device      : CPU (192 cores) | dtype: complex128 / float64 | deterministic: yes (fixed seeds, no GPU in the receiver)
# testbed     : D2
# seed rule   : default_rng([20260926, TBID[testbed], PID[prior], Nr, T, Tp, int(snr)+100])  (trials of a point = ONE stream)
# code        : rate-1/2 conv (133,171)_8 nu=6 terminated, QPSK, outer iterations = 16 for EVERY arm
# Demo/ hashes: t2_route_a.py=95a5408901ec125c  t2_trellis.py=31cd0ee9c68e972b  t2_gmm.py=d064e58c7510c769
# DIAGNOSTIC jacpsd-counterfactual: do()-interventions on the D-14 Jacobian site. No retraining, no tuning of any pre-registered arm.
#   trial 16/256  177 s
#   trial 32/256  355 s
#   trial 48/256  531 s
#   trial 64/256  703 s
#   trial 80/256  875 s
#   trial 96/256  1047 s
#   trial 112/256  1218 s
#   trial 128/256  1386 s
#   trial 144/256  1553 s
#   trial 160/256  1714 s
#   trial 176/256  1874 s
#   trial 192/256  2035 s
#   trial 208/256  2194 s
#   trial 224/256  2351 s
