
# ===== 2026-09-21 15:07:55 KST  D1V2160000 attempt 1  testbed D1 prior S  Nr=8 Nt=4
# DEVICE      : cuda | cuda_available=True | NVIDIA RTX PRO 6000 Blackwell Server Edition | torch 2.14.0+cu130 | train dtype float32 (01_RULES §9.5)
# data        : n_train=144000 n_val=16000 split_hash=c55ca8380705f89d E||H||_F^2/(NrNt)=0.999828 (04_SPEC §2)
# sigma grid  : MEASURED, 20 points, log-uniform draw over [3.2936e-02, 7.9084e-01]
# hp          : {'arch': 'dit', 'param': 'vp', 'domain': 'angle', 'lr': 0.002238046051591068, 'ema': 0.999, 'batch': 256, 'emb': 256, 'width': 64, 'depth': 6, 'heads': 8, 'patch': 1, 'head': 'energy'}  params=479361
# stopping    : patience 20 on val loss, never before 200 epochs, max 3000 (01_RULES §5)
epoch    1 | train 7.994080e-01 | val 8.966110e-01 |  35.195 s | best 8.966110e-01 @1 *
epoch    2 | train 7.825648e-01 | val 8.283761e-01 |  36.362 s | best 8.283761e-01 @2 *
epoch    3 | train 7.644090e-01 | val 7.965670e-01 |  34.895 s | best 7.965670e-01 @3 *
epoch    4 | train 7.543392e-01 | val 7.817526e-01 |  35.345 s | best 7.817526e-01 @4 *
epoch    5 | train 7.476175e-01 | val 7.691491e-01 |  34.837 s | best 7.691491e-01 @5 *
epoch    6 | train 7.457967e-01 | val 7.583086e-01 |  33.761 s | best 7.583086e-01 @6 *
epoch    7 | train 7.435420e-01 | val 7.502940e-01 |  35.679 s | best 7.502940e-01 @7 *
epoch    8 | train 7.425810e-01 | val 7.457547e-01 |  34.803 s | best 7.457547e-01 @8 *
epoch    9 | train 7.423989e-01 | val 7.434827e-01 |  35.795 s | best 7.434827e-01 @9 *
epoch   10 | train 7.418974e-01 | val 7.423354e-01 |  36.046 s | best 7.423354e-01 @10 *
epoch   11 | train 7.425359e-01 | val 7.417489e-01 |  35.889 s | best 7.417489e-01 @11 *
epoch   12 | train 7.418547e-01 | val 7.414074e-01 |  35.808 s | best 7.414074e-01 @12 *
epoch   13 | train 7.408742e-01 | val 7.411671e-01 |  35.267 s | best 7.411671e-01 @13 *
epoch   14 | train 7.412285e-01 | val 7.409896e-01 |  34.062 s | best 7.409896e-01 @14 *
epoch   15 | train 7.402858e-01 | val 7.408432e-01 |  34.215 s | best 7.408432e-01 @15 *
epoch   16 | train 7.404255e-01 | val 7.407532e-01 |  34.677 s | best 7.407532e-01 @16 *
epoch   17 | train 7.414433e-01 | val 7.406745e-01 |  34.731 s | best 7.406745e-01 @17 *
epoch   18 | train 7.413173e-01 | val 7.405905e-01 |  34.460 s | best 7.405905e-01 @18 *
epoch   19 | train 7.400937e-01 | val 7.405385e-01 |  34.315 s | best 7.405385e-01 @19 *
epoch   20 | train 7.405677e-01 | val 7.404746e-01 |  36.327 s | best 7.404746e-01 @20 *
epoch   21 | train 7.388484e-01 | val 7.404076e-01 |  36.529 s | best 7.404076e-01 @21 *
epoch   22 | train 7.395387e-01 | val 7.403515e-01 |  35.366 s | best 7.403515e-01 @22 *
epoch   23 | train 7.397777e-01 | val 7.403155e-01 |  35.284 s | best 7.403155e-01 @23 *
epoch   24 | train 7.410750e-01 | val 7.402790e-01 |  34.991 s | best 7.402790e-01 @24 *
epoch   25 | train 7.401400e-01 | val 7.402530e-01 |  35.355 s | best 7.402530e-01 @25 *
epoch   26 | train 7.397720e-01 | val 7.402263e-01 |  34.782 s | best 7.402263e-01 @26 *
epoch   27 | train 7.388158e-01 | val 7.402111e-01 |  36.109 s | best 7.402111e-01 @27 *
epoch   28 | train 7.393286e-01 | val 7.401928e-01 |  32.504 s | best 7.401928e-01 @28 *
epoch   29 | train 7.406727e-01 | val 7.401586e-01 |  33.416 s | best 7.401586e-01 @29 *
epoch   30 | train 7.390048e-01 | val 7.401271e-01 |  37.129 s | best 7.401271e-01 @30 *
epoch   31 | train 7.388018e-01 | val 7.401012e-01 |  34.843 s | best 7.401012e-01 @31 *
epoch   32 | train 7.388982e-01 | val 7.400792e-01 |  33.152 s | best 7.400792e-01 @32 *
epoch   33 | train 7.394558e-01 | val 7.400630e-01 |  36.082 s | best 7.400630e-01 @33 *
epoch   34 | train 7.385981e-01 | val 7.400430e-01 |  35.390 s | best 7.400430e-01 @34 *
epoch   35 | train 7.393838e-01 | val 7.400484e-01 |  36.114 s | best 7.400430e-01 @34
epoch   36 | train 7.394311e-01 | val 7.400376e-01 |  37.664 s | best 7.400376e-01 @36 *
epoch   37 | train 7.397904e-01 | val 7.400287e-01 |  36.876 s | best 7.400287e-01 @37 *
epoch   38 | train 7.384508e-01 | val 7.400228e-01 |  36.722 s | best 7.400228e-01 @38 *
epoch   39 | train 7.387858e-01 | val 7.400134e-01 |  34.856 s | best 7.400134e-01 @39 *
epoch   40 | train 7.391278e-01 | val 7.399959e-01 |  34.540 s | best 7.399959e-01 @40 *
epoch   41 | train 7.379280e-01 | val 7.399799e-01 |  34.955 s | best 7.399799e-01 @41 *
epoch   42 | train 7.391584e-01 | val 7.399803e-01 |  30.582 s | best 7.399799e-01 @41
epoch   43 | train 7.391499e-01 | val 7.399707e-01 |  35.421 s | best 7.399707e-01 @43 *
epoch   44 | train 7.391726e-01 | val 7.399589e-01 |  34.736 s | best 7.399589e-01 @44 *
epoch   45 | train 7.393033e-01 | val 7.399889e-01 |  35.242 s | best 7.399589e-01 @44
epoch   46 | train 7.398398e-01 | val 7.399957e-01 |  34.988 s | best 7.399589e-01 @44
epoch   47 | train 7.386960e-01 | val 7.399719e-01 |  34.524 s | best 7.399589e-01 @44
epoch   48 | train 7.385675e-01 | val 7.399451e-01 |  35.136 s | best 7.399451e-01 @48 *
epoch   49 | train 5.413036e+00 | val 7.658049e-01 |  34.767 s | best 7.399451e-01 @48
