
# ===== 2026-09-22 12:08:31 KST  D1V3160000 attempt 1  testbed D1 prior S  Nr=8 Nt=4
# DEVICE      : cuda | cuda_available=True | NVIDIA RTX PRO 6000 Blackwell Server Edition | torch 2.14.0+cu130 | train dtype float32 (01_RULES §9.5)
# data        : n_train=144000 n_val=16000 split_hash=c55ca8380705f89d E||H||_F^2/(NrNt)=0.999828 (04_SPEC §2)
# sigma grid  : MEASURED, 20 points, log-uniform draw over [3.2936e-02, 7.9084e-01]
# hp          : {'arch': 'dit', 'param': 'vp', 'domain': 'angle', 'lr': 0.002238046051591068, 'ema': 0.999, 'batch': 256, 'emb': 256, 'width': 64, 'depth': 6, 'heads': 8, 'patch': 1}  params=479426
# stopping    : patience 20 on val loss, never before 200 epochs, max 3000 (01_RULES §5)
# jac_reg     : V3, loss += 0.01 * E_v||(J-J^T)v||^2, J = d tweedie_real/dx, 1 Rademacher probe/sample, lambda FIXED (10_SPEC_stageC §3b, never tuned). val loss / early stopping unchanged (pure DSM).
epoch    1 | train 7.987712e-01 | val 9.332983e-01 |  59.617 s | best 9.332983e-01 @1 * | asym_reg 3.093735e-02
epoch    2 | train 7.652146e-01 | val 8.568496e-01 |  58.167 s | best 8.568496e-01 @2 * | asym_reg 1.201991e-01
epoch    3 | train 7.520820e-01 | val 7.945355e-01 |  58.489 s | best 7.945355e-01 @3 * | asym_reg 1.312839e-01
epoch    4 | train 7.465082e-01 | val 7.731916e-01 |  59.301 s | best 7.731916e-01 @4 * | asym_reg 1.255428e-01
epoch    5 | train 7.443638e-01 | val 7.578067e-01 |  59.753 s | best 7.578067e-01 @5 * | asym_reg 1.057599e-01
epoch    6 | train 7.448703e-01 | val 7.488097e-01 |  59.790 s | best 7.488097e-01 @6 * | asym_reg 9.443365e-02
epoch    7 | train 7.422615e-01 | val 7.444720e-01 |  58.718 s | best 7.444720e-01 @7 * | asym_reg 8.827116e-02
epoch    8 | train 7.428366e-01 | val 7.425957e-01 |  59.474 s | best 7.425957e-01 @8 * | asym_reg 8.199544e-02
epoch    9 | train 7.415447e-01 | val 7.417262e-01 |  59.886 s | best 7.417262e-01 @9 * | asym_reg 7.797247e-02
epoch   10 | train 7.416395e-01 | val 7.412822e-01 |  59.778 s | best 7.412822e-01 @10 * | asym_reg 7.313139e-02
epoch   11 | train 7.418865e-01 | val 7.410254e-01 |  59.230 s | best 7.410254e-01 @11 * | asym_reg 7.130010e-02
epoch   12 | train 7.427026e-01 | val 7.408398e-01 |  59.297 s | best 7.408398e-01 @12 * | asym_reg 6.817642e-02
epoch   13 | train 7.420421e-01 | val 7.407083e-01 |  59.140 s | best 7.407083e-01 @13 * | asym_reg 6.653241e-02
epoch   14 | train 7.410376e-01 | val 7.405900e-01 |  60.152 s | best 7.405900e-01 @14 * | asym_reg 6.483873e-02
epoch   15 | train 7.402400e-01 | val 7.405207e-01 |  59.734 s | best 7.405207e-01 @15 * | asym_reg 6.376986e-02
epoch   16 | train 7.412980e-01 | val 7.404658e-01 |  55.793 s | best 7.404658e-01 @16 * | asym_reg 6.093305e-02
epoch   17 | train 7.398128e-01 | val 7.404036e-01 |  66.973 s | best 7.404036e-01 @17 * | asym_reg 6.072261e-02
epoch   18 | train 7.409526e-01 | val 7.403463e-01 |  98.891 s | best 7.403463e-01 @18 * | asym_reg 5.941262e-02
epoch   19 | train 7.400344e-01 | val 7.403103e-01 | 101.573 s | best 7.403103e-01 @19 * | asym_reg 5.831644e-02
epoch   20 | train 7.411082e-01 | val 7.402668e-01 |  98.010 s | best 7.402668e-01 @20 * | asym_reg 5.748244e-02
epoch   21 | train 7.413518e-01 | val 7.402344e-01 | 112.417 s | best 7.402344e-01 @21 * | asym_reg 5.635311e-02
epoch   22 | train 7.406029e-01 | val 7.402178e-01 | 113.945 s | best 7.402178e-01 @22 * | asym_reg 5.608731e-02
epoch   23 | train 7.402197e-01 | val 7.402114e-01 |  96.958 s | best 7.402114e-01 @23 * | asym_reg 5.574190e-02
epoch   24 | train 7.424487e-01 | val 7.401993e-01 |  88.795 s | best 7.401993e-01 @24 * | asym_reg 5.439988e-02
epoch   25 | train 7.403369e-01 | val 7.401879e-01 | 100.984 s | best 7.401879e-01 @25 * | asym_reg 5.475252e-02
epoch   26 | train 7.393044e-01 | val 7.401891e-01 |  95.342 s | best 7.401879e-01 @25 | asym_reg 5.367583e-02
epoch   27 | train 7.391877e-01 | val 7.401835e-01 | 115.967 s | best 7.401835e-01 @27 * | asym_reg 5.206502e-02
epoch   28 | train 7.401308e-01 | val 7.401860e-01 | 106.929 s | best 7.401835e-01 @27 | asym_reg 5.095441e-02
epoch   29 | train 7.391876e-01 | val 7.401710e-01 | 117.225 s | best 7.401710e-01 @29 * | asym_reg 5.194055e-02
epoch   30 | train 7.405776e-01 | val 7.401479e-01 |  90.730 s | best 7.401479e-01 @30 * | asym_reg 5.079898e-02
epoch   31 | train 7.395928e-01 | val 7.401483e-01 | 106.132 s | best 7.401479e-01 @30 | asym_reg 5.048436e-02
epoch   32 | train 7.396983e-01 | val 7.401419e-01 | 111.666 s | best 7.401419e-01 @32 * | asym_reg 4.962486e-02
epoch   33 | train 7.404901e-01 | val 7.401479e-01 | 126.139 s | best 7.401419e-01 @32 | asym_reg 4.982739e-02
epoch   34 | train 7.393961e-01 | val 7.401317e-01 | 114.719 s | best 7.401317e-01 @34 * | asym_reg 4.937707e-02
epoch   35 | train 7.407805e-01 | val 7.401309e-01 | 111.429 s | best 7.401309e-01 @35 * | asym_reg 4.842573e-02
epoch   36 | train 7.399148e-01 | val 7.400993e-01 | 112.557 s | best 7.400993e-01 @36 * | asym_reg 4.798592e-02
epoch   37 | train 7.402358e-01 | val 7.400874e-01 | 102.733 s | best 7.400874e-01 @37 * | asym_reg 4.878165e-02
epoch   38 | train 7.389238e-01 | val 7.400737e-01 |  97.255 s | best 7.400737e-01 @38 * | asym_reg 4.746821e-02
epoch   39 | train 7.406944e-01 | val 7.400466e-01 |  97.288 s | best 7.400466e-01 @39 * | asym_reg 4.775322e-02
epoch   40 | train 7.403411e-01 | val 7.400337e-01 | 113.629 s | best 7.400337e-01 @40 * | asym_reg 4.709859e-02
epoch   41 | train 7.403817e-01 | val 7.400391e-01 |  74.935 s | best 7.400337e-01 @40 | asym_reg 4.697019e-02
epoch   42 | train 7.390542e-01 | val 7.400306e-01 |  73.767 s | best 7.400306e-01 @42 * | asym_reg 4.629299e-02
epoch   43 | train 7.391643e-01 | val 7.400219e-01 |  70.609 s | best 7.400219e-01 @43 * | asym_reg 4.557660e-02
epoch   44 | train 7.392639e-01 | val 7.400141e-01 |  71.964 s | best 7.400141e-01 @44 * | asym_reg 4.547577e-02
epoch   45 | train 7.399245e-01 | val 7.400038e-01 |  57.767 s | best 7.400038e-01 @45 * | asym_reg 4.506834e-02
epoch   46 | train 7.413863e-01 | val 7.399927e-01 |  58.803 s | best 7.399927e-01 @46 * | asym_reg 4.524104e-02
epoch   47 | train 7.414717e-01 | val 7.399799e-01 |  53.683 s | best 7.399799e-01 @47 * | asym_reg 4.547286e-02
epoch   48 | train 7.403181e-01 | val 7.399811e-01 |  82.241 s | best 7.399799e-01 @47 | asym_reg 4.450510e-02
epoch   49 | train 7.389211e-01 | val 7.399986e-01 |  81.435 s | best 7.399799e-01 @47 | asym_reg 4.493386e-02
epoch   50 | train 7.406895e-01 | val 7.400058e-01 |  84.642 s | best 7.399799e-01 @47 | asym_reg 4.457435e-02
epoch   51 | train 7.401156e-01 | val 7.399971e-01 |  79.659 s | best 7.399799e-01 @47 | asym_reg 4.442795e-02
epoch   52 | train 7.397326e-01 | val 7.399822e-01 |  83.378 s | best 7.399799e-01 @47 | asym_reg 4.374377e-02
epoch   53 | train 7.396467e-01 | val 7.399718e-01 |  86.845 s | best 7.399718e-01 @53 * | asym_reg 4.460765e-02
epoch   54 | train 7.402047e-01 | val 7.399667e-01 |  84.426 s | best 7.399667e-01 @54 * | asym_reg 4.342776e-02
epoch   55 | train 7.393072e-01 | val 7.399613e-01 |  80.914 s | best 7.399613e-01 @55 * | asym_reg 4.440244e-02
epoch   56 | train 7.400243e-01 | val 7.399673e-01 |  88.767 s | best 7.399613e-01 @55 | asym_reg 4.322886e-02
epoch   57 | train 7.393580e-01 | val 7.399648e-01 |  78.059 s | best 7.399613e-01 @55 | asym_reg 4.340414e-02
epoch   58 | train 7.404918e-01 | val 7.399575e-01 |  78.822 s | best 7.399575e-01 @58 * | asym_reg 4.240852e-02
epoch   59 | train 7.392760e-01 | val 7.399594e-01 |  77.718 s | best 7.399575e-01 @58 | asym_reg 4.271927e-02
epoch   60 | train 7.409351e-01 | val 7.399604e-01 |  79.112 s | best 7.399575e-01 @58 | asym_reg 4.209068e-02
epoch   61 | train 7.387868e-01 | val 7.399523e-01 |  79.217 s | best 7.399523e-01 @61 * | asym_reg 4.236147e-02
epoch   62 | train 7.384618e-01 | val 7.399387e-01 |  74.811 s | best 7.399387e-01 @62 * | asym_reg 4.249378e-02
epoch   63 | train 7.411293e-01 | val 7.399275e-01 |  70.488 s | best 7.399275e-01 @63 * | asym_reg 4.242897e-02
epoch   64 | train 7.399719e-01 | val 7.399173e-01 |  64.950 s | best 7.399173e-01 @64 * | asym_reg 4.222735e-02
epoch   65 | train 7.392246e-01 | val 7.399220e-01 |  69.106 s | best 7.399173e-01 @64 | asym_reg 4.228732e-02
epoch   66 | train 7.393725e-01 | val 7.399357e-01 |  69.657 s | best 7.399173e-01 @64 | asym_reg 4.163214e-02
epoch   67 | train 7.402417e-01 | val 7.399377e-01 |  68.829 s | best 7.399173e-01 @64 | asym_reg 4.190930e-02
epoch   68 | train 7.381904e-01 | val 7.399446e-01 |  70.749 s | best 7.399173e-01 @64 | asym_reg 4.163756e-02
epoch   69 | train 7.397614e-01 | val 7.399224e-01 |  63.078 s | best 7.399173e-01 @64 | asym_reg 4.152670e-02
epoch   70 | train 7.382826e-01 | val 7.399294e-01 |  63.564 s | best 7.399173e-01 @64 | asym_reg 4.083436e-02
epoch   71 | train 7.383865e-01 | val 7.399280e-01 |  62.741 s | best 7.399173e-01 @64 | asym_reg 4.180178e-02
epoch   72 | train 7.395129e-01 | val 7.399180e-01 |  62.511 s | best 7.399173e-01 @64 | asym_reg 4.108953e-02
epoch   73 | train 7.411098e-01 | val 7.399195e-01 |  62.687 s | best 7.399173e-01 @64 | asym_reg 4.054364e-02
epoch   74 | train 7.398180e-01 | val 7.399077e-01 |  61.243 s | best 7.399077e-01 @74 * | asym_reg 4.115609e-02
epoch   75 | train 7.388171e-01 | val 7.399116e-01 |  61.950 s | best 7.399077e-01 @74 | asym_reg 4.025868e-02
epoch   76 | train 7.387575e-01 | val 7.399110e-01 |  62.602 s | best 7.399077e-01 @74 | asym_reg 4.099205e-02
epoch   77 | train 7.411092e-01 | val 7.399307e-01 |  62.765 s | best 7.399077e-01 @74 | asym_reg 4.077403e-02
epoch   78 | train 7.382592e-01 | val 7.399267e-01 |  62.360 s | best 7.399077e-01 @74 | asym_reg 4.086022e-02
epoch   79 | train 7.400056e-01 | val 7.399259e-01 |  62.288 s | best 7.399077e-01 @74 | asym_reg 4.063267e-02
epoch   80 | train 7.392367e-01 | val 7.399168e-01 |  62.405 s | best 7.399077e-01 @74 | asym_reg 4.090983e-02
epoch   81 | train 7.400374e-01 | val 7.399183e-01 |  62.260 s | best 7.399077e-01 @74 | asym_reg 4.014235e-02
epoch   82 | train 7.400039e-01 | val 7.399216e-01 |  62.426 s | best 7.399077e-01 @74 | asym_reg 4.025924e-02
epoch   83 | train 7.384963e-01 | val 7.399258e-01 |  62.274 s | best 7.399077e-01 @74 | asym_reg 4.029730e-02
epoch   84 | train 7.392548e-01 | val 7.399197e-01 |  62.226 s | best 7.399077e-01 @74 | asym_reg 4.021189e-02
epoch   85 | train 7.386487e-01 | val 7.399003e-01 |  62.261 s | best 7.399003e-01 @85 * | asym_reg 4.038175e-02
epoch   86 | train 7.404662e-01 | val 7.399005e-01 |  62.393 s | best 7.399003e-01 @85 | asym_reg 4.068935e-02
epoch   87 | train 7.390488e-01 | val 7.399245e-01 |  62.097 s | best 7.399003e-01 @85 | asym_reg 4.047059e-02
epoch   88 | train 7.392207e-01 | val 7.399339e-01 |  62.156 s | best 7.399003e-01 @85 | asym_reg 3.956230e-02
epoch   89 | train 7.398097e-01 | val 7.399150e-01 |  62.142 s | best 7.399003e-01 @85 | asym_reg 3.959442e-02
epoch   90 | train 7.395820e-01 | val 7.399139e-01 |  63.013 s | best 7.399003e-01 @85 | asym_reg 3.991936e-02
epoch   91 | train 7.399134e-01 | val 7.398984e-01 |  63.408 s | best 7.398984e-01 @91 * | asym_reg 3.956682e-02
epoch   92 | train 7.400038e-01 | val 7.398970e-01 |  61.031 s | best 7.398970e-01 @92 * | asym_reg 4.032632e-02
epoch   93 | train 7.412136e-01 | val 7.399060e-01 |  52.750 s | best 7.398970e-01 @92 | asym_reg 3.992360e-02
epoch   94 | train 7.394906e-01 | val 7.398953e-01 |  83.493 s | best 7.398953e-01 @94 * | asym_reg 3.990396e-02
epoch   95 | train 7.387964e-01 | val 7.399074e-01 |  86.525 s | best 7.398953e-01 @94 | asym_reg 3.979179e-02
epoch   96 | train 7.388312e-01 | val 7.398866e-01 |  85.529 s | best 7.398866e-01 @96 * | asym_reg 3.909390e-02
epoch   97 | train 7.396898e-01 | val 7.398800e-01 |  84.887 s | best 7.398800e-01 @97 * | asym_reg 3.877805e-02
epoch   98 | train 7.386711e-01 | val 7.398595e-01 |  84.755 s | best 7.398595e-01 @98 * | asym_reg 3.973499e-02
epoch   99 | train 7.393042e-01 | val 7.398834e-01 |  85.605 s | best 7.398595e-01 @98 | asym_reg 3.955054e-02
epoch  100 | train 7.388722e-01 | val 7.398747e-01 |  85.214 s | best 7.398595e-01 @98 | asym_reg 3.948620e-02
epoch  101 | train 7.401191e-01 | val 7.398834e-01 |  85.124 s | best 7.398595e-01 @98 | asym_reg 3.963263e-02
epoch  102 | train 7.401860e-01 | val 7.398964e-01 |  83.004 s | best 7.398595e-01 @98 | asym_reg 3.918824e-02
epoch  103 | train 7.386562e-01 | val 7.398999e-01 |  86.050 s | best 7.398595e-01 @98 | asym_reg 3.944128e-02
epoch  104 | train 7.392791e-01 | val 7.399046e-01 |  84.024 s | best 7.398595e-01 @98 | asym_reg 3.922530e-02
epoch  105 | train 7.410170e-01 | val 7.399003e-01 |  82.988 s | best 7.398595e-01 @98 | asym_reg 3.953957e-02
epoch  106 | train 7.399025e-01 | val 7.398929e-01 |  82.135 s | best 7.398595e-01 @98 | asym_reg 3.972224e-02
epoch  107 | train 7.399926e-01 | val 7.398899e-01 |  83.753 s | best 7.398595e-01 @98 | asym_reg 3.876964e-02
epoch  108 | train 7.402490e-01 | val 7.398956e-01 |  79.884 s | best 7.398595e-01 @98 | asym_reg 3.824428e-02
epoch  109 | train 7.394060e-01 | val 7.398820e-01 |  59.613 s | best 7.398595e-01 @98 | asym_reg 3.849527e-02
epoch  110 | train 7.388064e-01 | val 7.398771e-01 |  67.362 s | best 7.398595e-01 @98 | asym_reg 3.906538e-02
epoch  111 | train 7.392556e-01 | val 7.399004e-01 |  63.982 s | best 7.398595e-01 @98 | asym_reg 3.904484e-02
epoch  112 | train 7.382812e-01 | val 7.399042e-01 |  55.202 s | best 7.398595e-01 @98 | asym_reg 3.976840e-02
epoch  113 | train 7.398141e-01 | val 7.398892e-01 |  55.753 s | best 7.398595e-01 @98 | asym_reg 3.856790e-02
epoch  114 | train 7.392581e-01 | val 7.398801e-01 |  81.549 s | best 7.398595e-01 @98 | asym_reg 3.885772e-02
epoch  115 | train 7.400900e-01 | val 7.399071e-01 |  86.644 s | best 7.398595e-01 @98 | asym_reg 3.945765e-02
epoch  116 | train 7.383164e-01 | val 7.399164e-01 |  85.372 s | best 7.398595e-01 @98 | asym_reg 3.872222e-02
epoch  117 | train 7.377143e-01 | val 7.399308e-01 |  82.760 s | best 7.398595e-01 @98 | asym_reg 3.964606e-02
epoch  118 | train 7.391749e-01 | val 7.399206e-01 |  88.135 s | best 7.398595e-01 @98 | asym_reg 3.925534e-02
epoch  119 | train 7.381953e-01 | val 7.399220e-01 |  90.261 s | best 7.398595e-01 @98 | asym_reg 3.917430e-02
epoch  120 | train 7.381894e-01 | val 7.398937e-01 |  81.185 s | best 7.398595e-01 @98 | asym_reg 3.904785e-02
epoch  121 | train 7.401389e-01 | val 7.398938e-01 |  84.047 s | best 7.398595e-01 @98 | asym_reg 3.991205e-02
epoch  122 | train 7.405590e-01 | val 7.398869e-01 |  84.395 s | best 7.398595e-01 @98 | asym_reg 3.893518e-02
epoch  123 | train 7.382052e-01 | val 7.398918e-01 |  80.482 s | best 7.398595e-01 @98 | asym_reg 3.970364e-02
epoch  124 | train 7.397515e-01 | val 7.399079e-01 |  77.975 s | best 7.398595e-01 @98 | asym_reg 3.993680e-02
epoch  125 | train 7.385318e-01 | val 7.398880e-01 |  76.542 s | best 7.398595e-01 @98 | asym_reg 3.949851e-02
epoch  126 | train 7.388388e-01 | val 7.398710e-01 |  78.224 s | best 7.398595e-01 @98 | asym_reg 3.816804e-02
epoch  127 | train 7.390541e-01 | val 7.398812e-01 |  77.525 s | best 7.398595e-01 @98 | asym_reg 3.963001e-02
epoch  128 | train 7.395698e-01 | val 7.399169e-01 |  75.304 s | best 7.398595e-01 @98 | asym_reg 4.035362e-02
epoch  129 | train 7.386888e-01 | val 7.399589e-01 |  69.462 s | best 7.398595e-01 @98 | asym_reg 4.130070e-02
epoch  130 | train 7.392008e-01 | val 7.399568e-01 |  66.626 s | best 7.398595e-01 @98 | asym_reg 4.013058e-02
epoch  131 | train 7.399464e-01 | val 7.399465e-01 |  61.820 s | best 7.398595e-01 @98 | asym_reg 3.872474e-02
epoch  132 | train 7.396058e-01 | val 7.399340e-01 |  51.505 s | best 7.398595e-01 @98 | asym_reg 3.948002e-02
epoch  133 | train 7.397186e-01 | val 7.399099e-01 | 273.861 s | best 7.398595e-01 @98 | asym_reg 3.986338e-02
epoch  134 | train 7.389833e-01 | val 7.399334e-01 | 427.930 s | best 7.398595e-01 @98 | asym_reg 3.986417e-02
epoch  135 | train 7.385780e-01 | val 7.399563e-01 | 369.395 s | best 7.398595e-01 @98 | asym_reg 4.117731e-02
epoch  136 | train 7.391803e-01 | val 7.399350e-01 | 339.117 s | best 7.398595e-01 @98 | asym_reg 3.974501e-02
epoch  137 | train 7.394660e-01 | val 7.399167e-01 | 300.737 s | best 7.398595e-01 @98 | asym_reg 3.940987e-02
epoch  138 | train 7.397726e-01 | val 7.399049e-01 | 324.694 s | best 7.398595e-01 @98 | asym_reg 3.961543e-02
epoch  139 | train 7.388122e-01 | val 7.399377e-01 | 306.720 s | best 7.398595e-01 @98 | asym_reg 4.123744e-02
epoch  140 | train 7.392610e-01 | val 7.399029e-01 | 304.415 s | best 7.398595e-01 @98 | asym_reg 3.960883e-02
epoch  141 | train 7.398927e-01 | val 7.398970e-01 | 250.097 s | best 7.398595e-01 @98 | asym_reg 4.005448e-02
epoch  142 | train 7.403031e-01 | val 7.398582e-01 | 132.859 s | best 7.398582e-01 @142 * | asym_reg 3.865024e-02
epoch  143 | train 7.395181e-01 | val 7.398831e-01 | 125.204 s | best 7.398582e-01 @142 | asym_reg 3.971784e-02
epoch  144 | train 7.402845e-01 | val 7.398958e-01 | 112.844 s | best 7.398582e-01 @142 | asym_reg 3.935842e-02
epoch  145 | train 7.386753e-01 | val 7.399217e-01 |  95.330 s | best 7.398582e-01 @142 | asym_reg 3.941265e-02
epoch  146 | train 7.394907e-01 | val 7.399726e-01 | 102.394 s | best 7.398582e-01 @142 | asym_reg 4.232567e-02
epoch  147 | train 7.393136e-01 | val 7.399634e-01 | 113.608 s | best 7.398582e-01 @142 | asym_reg 4.089526e-02
epoch  148 | train 7.391604e-01 | val 7.399337e-01 | 109.696 s | best 7.398582e-01 @142 | asym_reg 4.069486e-02
epoch  149 | train 7.393521e-01 | val 7.399157e-01 | 105.934 s | best 7.398582e-01 @142 | asym_reg 4.021700e-02
epoch  150 | train 7.379159e-01 | val 7.399327e-01 | 107.926 s | best 7.398582e-01 @142 | asym_reg 4.115362e-02
epoch  151 | train 7.383863e-01 | val 7.399249e-01 |  97.476 s | best 7.398582e-01 @142 | asym_reg 4.001022e-02
epoch  152 | train 7.386796e-01 | val 7.399342e-01 |  99.188 s | best 7.398582e-01 @142 | asym_reg 3.927875e-02
epoch  153 | train 7.387002e-01 | val 7.399482e-01 | 109.192 s | best 7.398582e-01 @142 | asym_reg 3.986311e-02
epoch  154 | train 7.399607e-01 | val 7.399268e-01 | 111.008 s | best 7.398582e-01 @142 | asym_reg 3.862461e-02
epoch  155 | train 7.397488e-01 | val 7.399329e-01 |  95.436 s | best 7.398582e-01 @142 | asym_reg 4.123443e-02
epoch  156 | train 7.386550e-01 | val 7.399317e-01 | 106.269 s | best 7.398582e-01 @142 | asym_reg 4.025885e-02
epoch  157 | train 7.390127e-01 | val 7.399374e-01 | 128.921 s | best 7.398582e-01 @142 | asym_reg 3.938409e-02
epoch  158 | train 7.404645e-01 | val 7.402553e-01 | 126.541 s | best 7.398582e-01 @142 | asym_reg 4.536155e-02
epoch  159 | train 7.397333e-01 | val 7.401536e-01 | 102.007 s | best 7.398582e-01 @142 | asym_reg 4.100147e-02
epoch  160 | train 7.391751e-01 | val 7.400579e-01 |  86.648 s | best 7.398582e-01 @142 | asym_reg 4.086905e-02
epoch  161 | train 7.393908e-01 | val 7.399721e-01 |  81.840 s | best 7.398582e-01 @142 | asym_reg 3.967449e-02
epoch  162 | train 7.385619e-01 | val 7.399244e-01 |  66.543 s | best 7.398582e-01 @142 | asym_reg 4.036979e-02
epoch  163 | train 7.402203e-01 | val 7.399512e-01 |  70.830 s | best 7.398582e-01 @142 | asym_reg 4.095575e-02
epoch  164 | train 7.381616e-01 | val 7.399357e-01 |  62.038 s | best 7.398582e-01 @142 | asym_reg 3.991998e-02
epoch  165 | train 7.390646e-01 | val 7.399267e-01 |  59.686 s | best 7.398582e-01 @142 | asym_reg 4.058645e-02
epoch  166 | train 7.382634e-01 | val 7.399266e-01 |  60.174 s | best 7.398582e-01 @142 | asym_reg 4.205329e-02
epoch  167 | train 7.389800e-01 | val 7.399182e-01 |  61.543 s | best 7.398582e-01 @142 | asym_reg 4.017769e-02
epoch  168 | train 7.391156e-01 | val 7.399106e-01 |  60.939 s | best 7.398582e-01 @142 | asym_reg 4.023601e-02
epoch  169 | train 7.385755e-01 | val 7.399102e-01 |  60.925 s | best 7.398582e-01 @142 | asym_reg 4.204803e-02
epoch  170 | train 7.391672e-01 | val 7.400733e-01 |  60.840 s | best 7.398582e-01 @142 | asym_reg 4.606609e-02
epoch  171 | train 7.387392e-01 | val 7.399737e-01 |  61.414 s | best 7.398582e-01 @142 | asym_reg 4.136998e-02
epoch  172 | train 7.387582e-01 | val 7.400169e-01 |  61.117 s | best 7.398582e-01 @142 | asym_reg 4.275748e-02
epoch  173 | train 7.380814e-01 | val 7.399869e-01 |  60.505 s | best 7.398582e-01 @142 | asym_reg 4.302129e-02
epoch  174 | train 7.400843e-01 | val 7.399735e-01 |  60.591 s | best 7.398582e-01 @142 | asym_reg 4.190256e-02
epoch  175 | train 7.398089e-01 | val 7.399330e-01 |  60.520 s | best 7.398582e-01 @142 | asym_reg 3.951988e-02
epoch  176 | train 7.385396e-01 | val 7.399281e-01 |  60.614 s | best 7.398582e-01 @142 | asym_reg 4.036001e-02
epoch  177 | train 7.387678e-01 | val 7.399054e-01 |  60.860 s | best 7.398582e-01 @142 | asym_reg 4.133485e-02
epoch  178 | train 7.387524e-01 | val 7.399147e-01 |  60.346 s | best 7.398582e-01 @142 | asym_reg 4.271928e-02
epoch  179 | train 7.383792e-01 | val 7.399075e-01 |  60.001 s | best 7.398582e-01 @142 | asym_reg 4.041014e-02
epoch  180 | train 7.392744e-01 | val 7.398767e-01 |  51.106 s | best 7.398582e-01 @142 | asym_reg 3.861234e-02
epoch  181 | train 7.390323e-01 | val 7.399076e-01 | 106.135 s | best 7.398582e-01 @142 | asym_reg 4.125590e-02
epoch  182 | train 7.382981e-01 | val 7.402251e-01 | 122.203 s | best 7.398582e-01 @142 | asym_reg 4.545306e-02
epoch  183 | train 7.382681e-01 | val 7.401276e-01 | 123.121 s | best 7.398582e-01 @142 | asym_reg 4.250054e-02
epoch  184 | train 7.397886e-01 | val 7.403566e-01 | 100.960 s | best 7.398582e-01 @142 | asym_reg 4.432126e-02
epoch  185 | train 7.382400e-01 | val 7.404234e-01 |  92.507 s | best 7.398582e-01 @142 | asym_reg 4.350140e-02
epoch  186 | train 7.377959e-01 | val 7.400474e-01 | 103.910 s | best 7.398582e-01 @142 | asym_reg 3.811434e-02
epoch  187 | train 7.392057e-01 | val 7.400995e-01 | 121.507 s | best 7.398582e-01 @142 | asym_reg 4.455072e-02
epoch  188 | train 7.399811e-01 | val 7.399942e-01 |  94.351 s | best 7.398582e-01 @142 | asym_reg 3.961276e-02
epoch  189 | train 7.394813e-01 | val 7.399675e-01 | 115.741 s | best 7.398582e-01 @142 | asym_reg 3.970204e-02
epoch  190 | train 7.384849e-01 | val 7.399435e-01 | 111.116 s | best 7.398582e-01 @142 | asym_reg 4.119450e-02
epoch  191 | train 7.389064e-01 | val 7.399243e-01 |  88.345 s | best 7.398582e-01 @142 | asym_reg 3.992706e-02
epoch  192 | train 7.387108e-01 | val 7.399141e-01 |  81.861 s | best 7.398582e-01 @142 | asym_reg 4.268577e-02
epoch  193 | train 7.372225e-01 | val 7.399518e-01 |  59.413 s | best 7.398582e-01 @142 | asym_reg 4.004266e-02
epoch  194 | train 7.386193e-01 | val 7.399027e-01 |  67.985 s | best 7.398582e-01 @142 | asym_reg 3.880735e-02
epoch  195 | train 7.397735e-01 | val 7.399151e-01 |  65.983 s | best 7.398582e-01 @142 | asym_reg 3.987250e-02
epoch  196 | train 7.402043e-01 | val 7.401116e-01 |  61.027 s | best 7.398582e-01 @142 | asym_reg 4.998322e-02
epoch  197 | train 7.392380e-01 | val 7.400353e-01 |  61.363 s | best 7.398582e-01 @142 | asym_reg 4.012680e-02
epoch  198 | train 7.393615e-01 | val 7.399789e-01 |  61.174 s | best 7.398582e-01 @142 | asym_reg 4.062159e-02
epoch  199 | train 7.380130e-01 | val 7.399533e-01 |  61.060 s | best 7.398582e-01 @142 | asym_reg 4.020027e-02
epoch  200 | train 7.388503e-01 | val 7.399352e-01 |  49.711 s | best 7.398582e-01 @142 | asym_reg 4.038774e-02
# done        : 200 epochs, stopped_by=patience, aborted=False, best val 7.398582e-01 @ epoch 142, wall 18112.0 s, 90.560 s/epoch
