
# ===== 2026-09-20 13:54:27 KST  L4u attempt 2  testbed D1 prior S  Nr=8 Nt=4
# DEVICE      : cuda | cuda_available=True | NVIDIA RTX PRO 6000 Blackwell Server Edition | torch 2.14.0+cu130 | train dtype float32 (01_RULES §9.5)
# data        : n_train=9000 n_val=1000 split_hash=98d6225d67f9c15a E||H||_F^2/(NrNt)=1.000268 (04_SPEC §2)
# sigma grid  : MEASURED, 20 points, log-uniform draw over [3.2936e-02, 7.9084e-01]
# hp          : {'arch': 'unet', 'param': 'vp', 'domain': 'pixel', 'width': 32, 'depth': 4, 'emb': 128, 'lr': 0.001, 'ema': 0.9995, 'batch': 256}  params=1058914
# stopping    : patience 20 on val loss, never before 200 epochs, max 3000 (01_RULES §5)
epoch    1 | train 8.662571e-01 | val 9.889683e-01 |   1.476 s | best 9.889683e-01 @1 *
epoch    2 | train 7.873085e-01 | val 9.855861e-01 |   0.896 s | best 9.855861e-01 @2 *
epoch    3 | train 7.839417e-01 | val 9.816505e-01 |   0.894 s | best 9.816505e-01 @3 *
epoch    4 | train 7.727879e-01 | val 9.773389e-01 |   0.894 s | best 9.773389e-01 @4 *
epoch    5 | train 7.721668e-01 | val 9.727178e-01 |   0.897 s | best 9.727178e-01 @5 *
epoch    6 | train 7.690869e-01 | val 9.678199e-01 |   0.894 s | best 9.678199e-01 @6 *
epoch    7 | train 7.636143e-01 | val 9.626567e-01 |   0.885 s | best 9.626567e-01 @7 *
epoch    8 | train 7.645239e-01 | val 9.572718e-01 |   0.889 s | best 9.572718e-01 @8 *
epoch    9 | train 7.585923e-01 | val 9.516987e-01 |   0.903 s | best 9.516987e-01 @9 *
epoch   10 | train 7.581340e-01 | val 9.459474e-01 |   0.893 s | best 9.459474e-01 @10 *
epoch   11 | train 7.575905e-01 | val 9.400880e-01 |   0.895 s | best 9.400880e-01 @11 *
epoch   12 | train 7.494840e-01 | val 9.341471e-01 |   0.894 s | best 9.341471e-01 @12 *
epoch   13 | train 7.590019e-01 | val 9.281485e-01 |   0.893 s | best 9.281485e-01 @13 *
epoch   14 | train 7.449358e-01 | val 9.221445e-01 |   0.893 s | best 9.221445e-01 @14 *
epoch   15 | train 7.504502e-01 | val 9.161608e-01 |   0.891 s | best 9.161608e-01 @15 *
epoch   16 | train 7.507116e-01 | val 9.102318e-01 |   0.892 s | best 9.102318e-01 @16 *
epoch   17 | train 7.494138e-01 | val 9.043760e-01 |   0.894 s | best 9.043760e-01 @17 *
epoch   18 | train 7.502266e-01 | val 8.986244e-01 |   0.892 s | best 8.986244e-01 @18 *
epoch   19 | train 7.521550e-01 | val 8.929776e-01 |   0.894 s | best 8.929776e-01 @19 *
epoch   20 | train 7.444443e-01 | val 8.874496e-01 |   0.895 s | best 8.874496e-01 @20 *
epoch   21 | train 7.437472e-01 | val 8.820425e-01 |   0.891 s | best 8.820425e-01 @21 *
epoch   22 | train 7.448455e-01 | val 8.767720e-01 |   0.892 s | best 8.767720e-01 @22 *
epoch   23 | train 7.514194e-01 | val 8.716856e-01 |   0.895 s | best 8.716856e-01 @23 *
epoch   24 | train 7.485333e-01 | val 8.667160e-01 |   0.894 s | best 8.667160e-01 @24 *
epoch   25 | train 7.456392e-01 | val 8.618802e-01 |   0.892 s | best 8.618802e-01 @25 *
epoch   26 | train 7.431876e-01 | val 8.571500e-01 |   0.895 s | best 8.571500e-01 @26 *
epoch   27 | train 7.441582e-01 | val 8.525813e-01 |   0.888 s | best 8.525813e-01 @27 *
epoch   28 | train 7.455800e-01 | val 8.481514e-01 |   0.890 s | best 8.481514e-01 @28 *
epoch   29 | train 7.445303e-01 | val 8.438829e-01 |   0.888 s | best 8.438829e-01 @29 *
epoch   30 | train 7.482116e-01 | val 8.397586e-01 |   0.890 s | best 8.397586e-01 @30 *
epoch   31 | train 7.487547e-01 | val 8.358081e-01 |   0.891 s | best 8.358081e-01 @31 *
epoch   32 | train 7.434506e-01 | val 8.320113e-01 |   0.892 s | best 8.320113e-01 @32 *
epoch   33 | train 7.464494e-01 | val 8.283898e-01 |   0.890 s | best 8.283898e-01 @33 *
epoch   34 | train 7.419689e-01 | val 8.248459e-01 |   0.892 s | best 8.248459e-01 @34 *
epoch   35 | train 7.431815e-01 | val 8.214355e-01 |   0.889 s | best 8.214355e-01 @35 *
epoch   36 | train 7.462950e-01 | val 8.181623e-01 |   0.890 s | best 8.181623e-01 @36 *
epoch   37 | train 7.437198e-01 | val 8.149872e-01 |   0.890 s | best 8.149872e-01 @37 *
epoch   38 | train 7.447375e-01 | val 8.119721e-01 |   0.893 s | best 8.119721e-01 @38 *
epoch   39 | train 7.411336e-01 | val 8.091183e-01 |   0.888 s | best 8.091183e-01 @39 *
epoch   40 | train 7.408167e-01 | val 8.063313e-01 |   0.892 s | best 8.063313e-01 @40 *
epoch   41 | train 7.477531e-01 | val 8.036165e-01 |   0.889 s | best 8.036165e-01 @41 *
epoch   42 | train 7.465796e-01 | val 8.010315e-01 |   0.893 s | best 8.010315e-01 @42 *
epoch   43 | train 7.386609e-01 | val 7.984862e-01 |   0.889 s | best 7.984862e-01 @43 *
epoch   44 | train 7.414241e-01 | val 7.960859e-01 |   0.889 s | best 7.960859e-01 @44 *
epoch   45 | train 7.447446e-01 | val 7.937440e-01 |   0.890 s | best 7.937440e-01 @45 *
epoch   46 | train 7.426233e-01 | val 7.915085e-01 |   0.890 s | best 7.915085e-01 @46 *
epoch   47 | train 7.422537e-01 | val 7.893306e-01 |   0.891 s | best 7.893306e-01 @47 *
epoch   48 | train 7.444803e-01 | val 7.872550e-01 |   0.891 s | best 7.872550e-01 @48 *
epoch   49 | train 7.396984e-01 | val 7.852754e-01 |   0.890 s | best 7.852754e-01 @49 *
epoch   50 | train 7.459971e-01 | val 7.833302e-01 |   0.893 s | best 7.833302e-01 @50 *
epoch   51 | train 7.437021e-01 | val 7.814721e-01 |   0.669 s | best 7.814721e-01 @51 *
epoch   52 | train 7.391229e-01 | val 7.797008e-01 |   0.678 s | best 7.797008e-01 @52 *
epoch   53 | train 7.422412e-01 | val 7.779651e-01 |   0.891 s | best 7.779651e-01 @53 *
epoch   54 | train 7.418390e-01 | val 7.762974e-01 |   0.889 s | best 7.762974e-01 @54 *
epoch   55 | train 7.451443e-01 | val 7.747079e-01 |   0.894 s | best 7.747079e-01 @55 *
epoch   56 | train 7.449262e-01 | val 7.731623e-01 |   0.889 s | best 7.731623e-01 @56 *
epoch   57 | train 7.385783e-01 | val 7.717031e-01 |   0.892 s | best 7.717031e-01 @57 *
epoch   58 | train 7.396230e-01 | val 7.702743e-01 |   0.889 s | best 7.702743e-01 @58 *
epoch   59 | train 7.380641e-01 | val 7.688518e-01 |   0.889 s | best 7.688518e-01 @59 *
epoch   60 | train 7.436587e-01 | val 7.674842e-01 |   0.888 s | best 7.674842e-01 @60 *
epoch   61 | train 7.429814e-01 | val 7.661865e-01 |   0.892 s | best 7.661865e-01 @61 *
epoch   62 | train 7.414210e-01 | val 7.649426e-01 |   0.889 s | best 7.649426e-01 @62 *
epoch   63 | train 7.384689e-01 | val 7.637119e-01 |   0.882 s | best 7.637119e-01 @63 *
epoch   64 | train 7.419700e-01 | val 7.625342e-01 |   0.891 s | best 7.625342e-01 @64 *
epoch   65 | train 7.374052e-01 | val 7.614003e-01 |   0.886 s | best 7.614003e-01 @65 *
epoch   66 | train 7.372617e-01 | val 7.603059e-01 |   0.891 s | best 7.603059e-01 @66 *
epoch   67 | train 7.421837e-01 | val 7.592602e-01 |   0.891 s | best 7.592602e-01 @67 *
epoch   68 | train 7.430260e-01 | val 7.582561e-01 |   0.889 s | best 7.582561e-01 @68 *
epoch   69 | train 7.393322e-01 | val 7.572832e-01 |   0.892 s | best 7.572832e-01 @69 *
epoch   70 | train 7.439990e-01 | val 7.563238e-01 |   0.893 s | best 7.563238e-01 @70 *
epoch   71 | train 7.404671e-01 | val 7.554072e-01 |   0.888 s | best 7.554072e-01 @71 *
epoch   72 | train 7.399259e-01 | val 7.545065e-01 |   0.891 s | best 7.545065e-01 @72 *
epoch   73 | train 7.447621e-01 | val 7.536615e-01 |   0.888 s | best 7.536615e-01 @73 *
epoch   74 | train 7.406756e-01 | val 7.528425e-01 |   0.887 s | best 7.528425e-01 @74 *
epoch   75 | train 7.418655e-01 | val 7.520353e-01 |   0.884 s | best 7.520353e-01 @75 *
epoch   76 | train 7.358307e-01 | val 7.512708e-01 |   0.888 s | best 7.512708e-01 @76 *
epoch   77 | train 7.421218e-01 | val 7.505380e-01 |   0.882 s | best 7.505380e-01 @77 *
epoch   78 | train 7.364801e-01 | val 7.498130e-01 |   0.887 s | best 7.498130e-01 @78 *
epoch   79 | train 7.382643e-01 | val 7.491321e-01 |   0.888 s | best 7.491321e-01 @79 *
epoch   80 | train 7.346503e-01 | val 7.484777e-01 |   0.891 s | best 7.484777e-01 @80 *
epoch   81 | train 7.353043e-01 | val 7.478291e-01 |   0.889 s | best 7.478291e-01 @81 *
epoch   82 | train 7.400998e-01 | val 7.472134e-01 |   0.889 s | best 7.472134e-01 @82 *
epoch   83 | train 7.361227e-01 | val 7.466280e-01 |   0.888 s | best 7.466280e-01 @83 *
epoch   84 | train 7.329469e-01 | val 7.460518e-01 |   0.892 s | best 7.460518e-01 @84 *
epoch   85 | train 7.397251e-01 | val 7.455016e-01 |   0.890 s | best 7.455016e-01 @85 *
epoch   86 | train 7.387172e-01 | val 7.449576e-01 |   0.888 s | best 7.449576e-01 @86 *
epoch   87 | train 7.378039e-01 | val 7.444320e-01 |   0.890 s | best 7.444320e-01 @87 *
epoch   88 | train 7.380286e-01 | val 7.439246e-01 |   0.889 s | best 7.439246e-01 @88 *
epoch   89 | train 7.389296e-01 | val 7.434278e-01 |   0.887 s | best 7.434278e-01 @89 *
epoch   90 | train 7.406656e-01 | val 7.429689e-01 |   0.890 s | best 7.429689e-01 @90 *
epoch   91 | train 7.338143e-01 | val 7.425148e-01 |   0.890 s | best 7.425148e-01 @91 *
epoch   92 | train 7.403005e-01 | val 7.420851e-01 |   0.887 s | best 7.420851e-01 @92 *
epoch   93 | train 7.350918e-01 | val 7.416728e-01 |   0.890 s | best 7.416728e-01 @93 *
epoch   94 | train 7.342376e-01 | val 7.412673e-01 |   0.890 s | best 7.412673e-01 @94 *
epoch   95 | train 7.340867e-01 | val 7.408781e-01 |   0.889 s | best 7.408781e-01 @95 *
epoch   96 | train 7.383649e-01 | val 7.405089e-01 |   0.890 s | best 7.405089e-01 @96 *
epoch   97 | train 7.343418e-01 | val 7.401448e-01 |   0.892 s | best 7.401448e-01 @97 *
epoch   98 | train 7.384755e-01 | val 7.398052e-01 |   0.898 s | best 7.398052e-01 @98 *
epoch   99 | train 7.350380e-01 | val 7.394738e-01 |   0.886 s | best 7.394738e-01 @99 *
epoch  100 | train 7.347915e-01 | val 7.391546e-01 |   0.887 s | best 7.391546e-01 @100 *
epoch  101 | train 7.324340e-01 | val 7.388538e-01 |   0.893 s | best 7.388538e-01 @101 *
epoch  102 | train 7.319003e-01 | val 7.385504e-01 |   0.889 s | best 7.385504e-01 @102 *
epoch  103 | train 7.351137e-01 | val 7.382710e-01 |   0.891 s | best 7.382710e-01 @103 *
epoch  104 | train 7.349620e-01 | val 7.380010e-01 |   0.891 s | best 7.380010e-01 @104 *
epoch  105 | train 7.312433e-01 | val 7.377342e-01 |   0.897 s | best 7.377342e-01 @105 *
epoch  106 | train 7.321795e-01 | val 7.374845e-01 |   0.893 s | best 7.374845e-01 @106 *
epoch  107 | train 7.304288e-01 | val 7.372591e-01 |   0.893 s | best 7.372591e-01 @107 *
epoch  108 | train 7.330775e-01 | val 7.370328e-01 |   0.888 s | best 7.370328e-01 @108 *
epoch  109 | train 7.418579e-01 | val 7.368199e-01 |   0.891 s | best 7.368199e-01 @109 *
epoch  110 | train 7.284983e-01 | val 7.366222e-01 |   0.889 s | best 7.366222e-01 @110 *
epoch  111 | train 7.326780e-01 | val 7.364261e-01 |   0.891 s | best 7.364261e-01 @111 *
epoch  112 | train 7.345901e-01 | val 7.362478e-01 |   0.891 s | best 7.362478e-01 @112 *
epoch  113 | train 7.339520e-01 | val 7.360702e-01 |   0.891 s | best 7.360702e-01 @113 *
epoch  114 | train 7.367442e-01 | val 7.359095e-01 |   0.893 s | best 7.359095e-01 @114 *
epoch  115 | train 7.347768e-01 | val 7.357525e-01 |   0.891 s | best 7.357525e-01 @115 *
epoch  116 | train 7.332341e-01 | val 7.356147e-01 |   0.887 s | best 7.356147e-01 @116 *
epoch  117 | train 7.286438e-01 | val 7.354755e-01 |   0.892 s | best 7.354755e-01 @117 *
epoch  118 | train 7.293112e-01 | val 7.353470e-01 |   0.892 s | best 7.353470e-01 @118 *
epoch  119 | train 7.301195e-01 | val 7.352365e-01 |   0.891 s | best 7.352365e-01 @119 *
epoch  120 | train 7.301800e-01 | val 7.351328e-01 |   0.889 s | best 7.351328e-01 @120 *
epoch  121 | train 7.320687e-01 | val 7.350382e-01 |   0.891 s | best 7.350382e-01 @121 *
epoch  122 | train 7.327518e-01 | val 7.349462e-01 |   0.892 s | best 7.349462e-01 @122 *
epoch  123 | train 7.311641e-01 | val 7.348557e-01 |   0.888 s | best 7.348557e-01 @123 *
epoch  124 | train 7.298123e-01 | val 7.347851e-01 |   0.890 s | best 7.347851e-01 @124 *
epoch  125 | train 7.301778e-01 | val 7.347137e-01 |   0.889 s | best 7.347137e-01 @125 *
epoch  126 | train 7.331635e-01 | val 7.346658e-01 |   0.890 s | best 7.346658e-01 @126 *
epoch  127 | train 7.291593e-01 | val 7.346128e-01 |   0.889 s | best 7.346128e-01 @127 *
epoch  128 | train 7.274096e-01 | val 7.345688e-01 |   0.892 s | best 7.345688e-01 @128 *
epoch  129 | train 7.309009e-01 | val 7.345326e-01 |   0.889 s | best 7.345326e-01 @129 *
epoch  130 | train 7.254599e-01 | val 7.345021e-01 |   0.887 s | best 7.345021e-01 @130 *
epoch  131 | train 7.306066e-01 | val 7.344811e-01 |   0.891 s | best 7.344811e-01 @131 *
epoch  132 | train 7.280889e-01 | val 7.344728e-01 |   0.890 s | best 7.344728e-01 @132 *
epoch  133 | train 7.241110e-01 | val 7.344680e-01 |   0.891 s | best 7.344680e-01 @133 *
epoch  134 | train 7.246403e-01 | val 7.344669e-01 |   0.368 s | best 7.344669e-01 @134 *
epoch  135 | train 7.323951e-01 | val 7.344690e-01 |   0.777 s | best 7.344669e-01 @134
epoch  136 | train 7.256153e-01 | val 7.344908e-01 |   0.894 s | best 7.344669e-01 @134
epoch  137 | train 7.228583e-01 | val 7.345212e-01 |   0.887 s | best 7.344669e-01 @134
epoch  138 | train 7.251955e-01 | val 7.345595e-01 |   0.891 s | best 7.344669e-01 @134
epoch  139 | train 7.255627e-01 | val 7.345955e-01 |   0.891 s | best 7.344669e-01 @134
epoch  140 | train 7.179670e-01 | val 7.346478e-01 |   0.891 s | best 7.344669e-01 @134
epoch  141 | train 7.232552e-01 | val 7.347035e-01 |   0.892 s | best 7.344669e-01 @134
epoch  142 | train 7.178734e-01 | val 7.347676e-01 |   0.891 s | best 7.344669e-01 @134
epoch  143 | train 7.272408e-01 | val 7.348362e-01 |   0.754 s | best 7.344669e-01 @134
epoch  144 | train 7.220578e-01 | val 7.349076e-01 |   0.390 s | best 7.344669e-01 @134
epoch  145 | train 7.215521e-01 | val 7.349958e-01 |   0.872 s | best 7.344669e-01 @134
epoch  146 | train 7.226615e-01 | val 7.350863e-01 |   0.889 s | best 7.344669e-01 @134
epoch  147 | train 7.238362e-01 | val 7.351792e-01 |   0.889 s | best 7.344669e-01 @134
epoch  148 | train 7.255448e-01 | val 7.352778e-01 |   0.893 s | best 7.344669e-01 @134
epoch  149 | train 7.184551e-01 | val 7.353781e-01 |   0.890 s | best 7.344669e-01 @134
epoch  150 | train 7.193962e-01 | val 7.355086e-01 |   0.890 s | best 7.344669e-01 @134
epoch  151 | train 7.225053e-01 | val 7.356385e-01 |   0.888 s | best 7.344669e-01 @134
epoch  152 | train 7.210379e-01 | val 7.357774e-01 |   0.890 s | best 7.344669e-01 @134
epoch  153 | train 7.183127e-01 | val 7.359263e-01 |   0.888 s | best 7.344669e-01 @134
epoch  154 | train 7.198653e-01 | val 7.360850e-01 |   0.892 s | best 7.344669e-01 @134
epoch  155 | train 7.199952e-01 | val 7.362353e-01 |   0.886 s | best 7.344669e-01 @134
epoch  156 | train 7.211055e-01 | val 7.364011e-01 |   0.889 s | best 7.344669e-01 @134
epoch  157 | train 7.208839e-01 | val 7.365558e-01 |   0.890 s | best 7.344669e-01 @134
epoch  158 | train 7.155373e-01 | val 7.367306e-01 |   0.890 s | best 7.344669e-01 @134
epoch  159 | train 7.174355e-01 | val 7.369214e-01 |   0.891 s | best 7.344669e-01 @134
epoch  160 | train 7.158604e-01 | val 7.371097e-01 |   0.891 s | best 7.344669e-01 @134
epoch  161 | train 7.194783e-01 | val 7.373058e-01 |   0.892 s | best 7.344669e-01 @134
epoch  162 | train 7.203227e-01 | val 7.375071e-01 |   0.891 s | best 7.344669e-01 @134
epoch  163 | train 7.143853e-01 | val 7.377244e-01 |   0.891 s | best 7.344669e-01 @134
epoch  164 | train 7.167777e-01 | val 7.379512e-01 |   0.887 s | best 7.344669e-01 @134
epoch  165 | train 7.168205e-01 | val 7.381736e-01 |   0.889 s | best 7.344669e-01 @134
epoch  166 | train 7.112696e-01 | val 7.384057e-01 |   0.889 s | best 7.344669e-01 @134
epoch  167 | train 7.123005e-01 | val 7.386426e-01 |   0.886 s | best 7.344669e-01 @134
epoch  168 | train 7.117070e-01 | val 7.388855e-01 |   0.885 s | best 7.344669e-01 @134
epoch  169 | train 7.111669e-01 | val 7.391353e-01 |   0.889 s | best 7.344669e-01 @134
epoch  170 | train 7.125421e-01 | val 7.393985e-01 |   0.891 s | best 7.344669e-01 @134
epoch  171 | train 7.118410e-01 | val 7.396665e-01 |   0.890 s | best 7.344669e-01 @134
epoch  172 | train 7.113696e-01 | val 7.399238e-01 |   0.891 s | best 7.344669e-01 @134
epoch  173 | train 7.117866e-01 | val 7.401943e-01 |   0.891 s | best 7.344669e-01 @134
epoch  174 | train 7.121201e-01 | val 7.404649e-01 |   0.887 s | best 7.344669e-01 @134
epoch  175 | train 7.098312e-01 | val 7.407489e-01 |   0.892 s | best 7.344669e-01 @134
epoch  176 | train 7.138536e-01 | val 7.410398e-01 |   0.887 s | best 7.344669e-01 @134
epoch  177 | train 7.130865e-01 | val 7.413389e-01 |   0.889 s | best 7.344669e-01 @134
epoch  178 | train 7.112916e-01 | val 7.416494e-01 |   0.890 s | best 7.344669e-01 @134
epoch  179 | train 7.114305e-01 | val 7.419734e-01 |   0.888 s | best 7.344669e-01 @134
epoch  180 | train 7.150575e-01 | val 7.423039e-01 |   0.893 s | best 7.344669e-01 @134
epoch  181 | train 7.120412e-01 | val 7.426330e-01 |   0.890 s | best 7.344669e-01 @134
epoch  182 | train 7.107717e-01 | val 7.429851e-01 |   0.891 s | best 7.344669e-01 @134
epoch  183 | train 7.059643e-01 | val 7.433432e-01 |   0.889 s | best 7.344669e-01 @134
epoch  184 | train 7.071695e-01 | val 7.437051e-01 |   0.889 s | best 7.344669e-01 @134
epoch  185 | train 7.123851e-01 | val 7.440838e-01 |   0.889 s | best 7.344669e-01 @134
epoch  186 | train 7.129908e-01 | val 7.444608e-01 |   0.884 s | best 7.344669e-01 @134
epoch  187 | train 7.071899e-01 | val 7.448425e-01 |   0.892 s | best 7.344669e-01 @134
epoch  188 | train 7.088409e-01 | val 7.452135e-01 |   0.889 s | best 7.344669e-01 @134
epoch  189 | train 7.073772e-01 | val 7.456068e-01 |   0.885 s | best 7.344669e-01 @134
epoch  190 | train 7.056088e-01 | val 7.460212e-01 |   0.888 s | best 7.344669e-01 @134
epoch  191 | train 7.085826e-01 | val 7.464456e-01 |   0.890 s | best 7.344669e-01 @134
epoch  192 | train 7.053834e-01 | val 7.468629e-01 |   0.893 s | best 7.344669e-01 @134
epoch  193 | train 7.002080e-01 | val 7.472677e-01 |   0.895 s | best 7.344669e-01 @134
epoch  194 | train 7.061108e-01 | val 7.476888e-01 |   0.895 s | best 7.344669e-01 @134
epoch  195 | train 7.039949e-01 | val 7.481088e-01 |   0.892 s | best 7.344669e-01 @134
epoch  196 | train 7.018626e-01 | val 7.485480e-01 |   0.889 s | best 7.344669e-01 @134
epoch  197 | train 7.060066e-01 | val 7.489856e-01 |   0.892 s | best 7.344669e-01 @134
epoch  198 | train 7.039308e-01 | val 7.494177e-01 |   0.890 s | best 7.344669e-01 @134
epoch  199 | train 7.024368e-01 | val 7.498493e-01 |   0.891 s | best 7.344669e-01 @134
epoch  200 | train 7.021905e-01 | val 7.502741e-01 |   0.895 s | best 7.344669e-01 @134
# done        : 200 epochs, stopped_by=patience, aborted=False, best val 7.344669e-01 @ epoch 134, wall 192.2 s, 0.961 s/epoch
