
# ===== 2026-09-20 14:54:11 KST  L8 attempt 2  testbed D1 prior S  Nr=8 Nt=4
# DEVICE      : cuda | cuda_available=True | NVIDIA RTX PRO 6000 Blackwell Server Edition | torch 2.14.0+cu130 | train dtype float32 (01_RULES §9.5)
# data        : n_train=9000 n_val=1000 split_hash=98d6225d67f9c15a E||H||_F^2/(NrNt)=1.000268 (04_SPEC §2)
# sigma grid  : MEASURED, 20 points, log-uniform draw over [3.2936e-02, 7.9084e-01]
# hp          : {'arch': 'dit', 'param': 'vp', 'domain': 'pixel', 'width': 128, 'depth': 4, 'emb': 128, 'lr': 0.001, 'ema': 0.9995, 'batch': 256, 'patch': 1, 'heads': 4}  params=1258114
# stopping    : patience 20 on val loss, never before 200 epochs, max 3000 (01_RULES §5)
epoch    1 | train 8.925069e-01 | val 9.873573e-01 |   1.367 s | best 9.873573e-01 @1 *
epoch    2 | train 8.635713e-01 | val 9.832214e-01 |   1.006 s | best 9.832214e-01 @2 *
epoch    3 | train 8.615264e-01 | val 9.790589e-01 |   0.988 s | best 9.790589e-01 @3 *
epoch    4 | train 8.649786e-01 | val 9.748266e-01 |   1.004 s | best 9.748266e-01 @4 *
epoch    5 | train 8.602808e-01 | val 9.706107e-01 |   0.993 s | best 9.706107e-01 @5 *
epoch    6 | train 8.590540e-01 | val 9.664856e-01 |   1.006 s | best 9.664856e-01 @6 *
epoch    7 | train 8.556899e-01 | val 9.624386e-01 |   0.980 s | best 9.624386e-01 @7 *
epoch    8 | train 8.640066e-01 | val 9.584914e-01 |   1.006 s | best 9.584914e-01 @8 *
epoch    9 | train 8.613104e-01 | val 9.546385e-01 |   0.978 s | best 9.546385e-01 @9 *
epoch   10 | train 8.589278e-01 | val 9.509289e-01 |   1.005 s | best 9.509289e-01 @10 *
epoch   11 | train 8.612900e-01 | val 9.472835e-01 |   0.984 s | best 9.472835e-01 @11 *
epoch   12 | train 8.595072e-01 | val 9.437149e-01 |   1.001 s | best 9.437149e-01 @12 *
epoch   13 | train 8.572470e-01 | val 9.402347e-01 |   0.982 s | best 9.402347e-01 @13 *
epoch   14 | train 8.565664e-01 | val 9.368082e-01 |   1.008 s | best 9.368082e-01 @14 *
epoch   15 | train 8.609474e-01 | val 9.334517e-01 |   0.980 s | best 9.334517e-01 @15 *
epoch   16 | train 8.599142e-01 | val 9.301718e-01 |   1.005 s | best 9.301718e-01 @16 *
epoch   17 | train 8.554451e-01 | val 9.269245e-01 |   0.989 s | best 9.269245e-01 @17 *
epoch   18 | train 8.506564e-01 | val 9.237042e-01 |   0.999 s | best 9.237042e-01 @18 *
epoch   19 | train 8.447051e-01 | val 9.206074e-01 |   0.985 s | best 9.206074e-01 @19 *
epoch   20 | train 8.491461e-01 | val 9.176015e-01 |   1.011 s | best 9.176015e-01 @20 *
epoch   21 | train 8.441337e-01 | val 9.146862e-01 |   0.984 s | best 9.146862e-01 @21 *
epoch   22 | train 8.384933e-01 | val 9.118287e-01 |   1.012 s | best 9.118287e-01 @22 *
epoch   23 | train 8.395689e-01 | val 9.090263e-01 |   0.982 s | best 9.090263e-01 @23 *
epoch   24 | train 8.321752e-01 | val 9.062740e-01 |   1.002 s | best 9.062740e-01 @24 *
epoch   25 | train 8.337850e-01 | val 9.036030e-01 |   0.988 s | best 9.036030e-01 @25 *
epoch   26 | train 8.267227e-01 | val 9.010137e-01 |   1.002 s | best 9.010137e-01 @26 *
epoch   27 | train 8.163727e-01 | val 8.985081e-01 |   0.990 s | best 8.985081e-01 @27 *
epoch   28 | train 8.138209e-01 | val 8.961446e-01 |   1.001 s | best 8.961446e-01 @28 *
epoch   29 | train 8.060319e-01 | val 8.939356e-01 |   0.987 s | best 8.939356e-01 @29 *
epoch   30 | train 8.055862e-01 | val 8.918922e-01 |   0.995 s | best 8.918922e-01 @30 *
epoch   31 | train 8.032591e-01 | val 8.900381e-01 |   0.992 s | best 8.900381e-01 @31 *
epoch   32 | train 8.011258e-01 | val 8.883780e-01 |   0.996 s | best 8.883780e-01 @32 *
epoch   33 | train 7.944148e-01 | val 8.869131e-01 |   1.000 s | best 8.869131e-01 @33 *
epoch   34 | train 7.949558e-01 | val 8.856238e-01 |   1.000 s | best 8.856238e-01 @34 *
epoch   35 | train 7.895327e-01 | val 8.845192e-01 |   0.990 s | best 8.845192e-01 @35 *
epoch   36 | train 7.857941e-01 | val 8.835883e-01 |   0.994 s | best 8.835883e-01 @36 *
epoch   37 | train 7.891402e-01 | val 8.828284e-01 |   0.995 s | best 8.828284e-01 @37 *
epoch   38 | train 7.840876e-01 | val 8.822426e-01 |   0.992 s | best 8.822426e-01 @38 *
epoch   39 | train 7.851294e-01 | val 8.818117e-01 |   0.995 s | best 8.818117e-01 @39 *
epoch   40 | train 7.773550e-01 | val 8.814983e-01 |   0.994 s | best 8.814983e-01 @40 *
epoch   41 | train 7.808174e-01 | val 8.813216e-01 |   0.936 s | best 8.813216e-01 @41 *
epoch   42 | train 7.778156e-01 | val 8.812481e-01 |   0.972 s | best 8.812481e-01 @42 *
epoch   43 | train 7.848470e-01 | val 8.812597e-01 |   0.967 s | best 8.812481e-01 @42
epoch   44 | train 7.799133e-01 | val 8.813766e-01 |   0.969 s | best 8.812481e-01 @42
epoch   45 | train 7.736734e-01 | val 8.815738e-01 |   0.978 s | best 8.812481e-01 @42
epoch   46 | train 7.770030e-01 | val 8.818735e-01 |   0.989 s | best 8.812481e-01 @42
epoch   47 | train 7.779639e-01 | val 8.822312e-01 |   0.999 s | best 8.812481e-01 @42
epoch   48 | train 7.750869e-01 | val 8.826337e-01 |   0.970 s | best 8.812481e-01 @42
epoch   49 | train 7.751058e-01 | val 8.830869e-01 |   0.977 s | best 8.812481e-01 @42
epoch   50 | train 7.778625e-01 | val 8.836017e-01 |   0.974 s | best 8.812481e-01 @42
epoch   51 | train 7.789286e-01 | val 8.841302e-01 |   0.992 s | best 8.812481e-01 @42
epoch   52 | train 7.757721e-01 | val 8.846874e-01 |   0.990 s | best 8.812481e-01 @42
epoch   53 | train 7.712925e-01 | val 8.852270e-01 |   0.974 s | best 8.812481e-01 @42
epoch   54 | train 7.762450e-01 | val 8.857602e-01 |   0.974 s | best 8.812481e-01 @42
epoch   55 | train 7.724103e-01 | val 8.862613e-01 |   0.972 s | best 8.812481e-01 @42
epoch   56 | train 7.718718e-01 | val 8.867669e-01 |   0.994 s | best 8.812481e-01 @42
epoch   57 | train 7.724745e-01 | val 8.872588e-01 |   0.992 s | best 8.812481e-01 @42
epoch   58 | train 7.719463e-01 | val 8.876423e-01 |   0.971 s | best 8.812481e-01 @42
epoch   59 | train 7.734932e-01 | val 8.879744e-01 |   0.972 s | best 8.812481e-01 @42
epoch   60 | train 7.679099e-01 | val 8.883505e-01 |   0.969 s | best 8.812481e-01 @42
epoch   61 | train 7.701158e-01 | val 8.886730e-01 |   1.002 s | best 8.812481e-01 @42
epoch   62 | train 7.725391e-01 | val 8.889253e-01 |   0.989 s | best 8.812481e-01 @42
epoch   63 | train 7.771485e-01 | val 8.891231e-01 |   0.970 s | best 8.812481e-01 @42
epoch   64 | train 7.674885e-01 | val 8.892689e-01 |   0.976 s | best 8.812481e-01 @42
epoch   65 | train 7.708926e-01 | val 8.893727e-01 |   0.970 s | best 8.812481e-01 @42
epoch   66 | train 7.733089e-01 | val 8.893516e-01 |   0.992 s | best 8.812481e-01 @42
epoch   67 | train 7.729207e-01 | val 8.892053e-01 |   0.976 s | best 8.812481e-01 @42
epoch   68 | train 7.698204e-01 | val 8.890604e-01 |   0.970 s | best 8.812481e-01 @42
epoch   69 | train 7.714311e-01 | val 8.887596e-01 |   0.975 s | best 8.812481e-01 @42
epoch   70 | train 7.697691e-01 | val 8.883837e-01 |   0.977 s | best 8.812481e-01 @42
epoch   71 | train 7.675592e-01 | val 8.878973e-01 |   1.008 s | best 8.812481e-01 @42
epoch   72 | train 7.653571e-01 | val 8.873588e-01 |   0.980 s | best 8.812481e-01 @42
epoch   73 | train 7.684614e-01 | val 8.866511e-01 |   0.975 s | best 8.812481e-01 @42
epoch   74 | train 7.682436e-01 | val 8.858013e-01 |   0.977 s | best 8.812481e-01 @42
epoch   75 | train 7.724929e-01 | val 8.849965e-01 |   0.979 s | best 8.812481e-01 @42
epoch   76 | train 7.695372e-01 | val 8.841622e-01 |   1.006 s | best 8.812481e-01 @42
epoch   77 | train 7.682999e-01 | val 8.831715e-01 |   0.968 s | best 8.812481e-01 @42
epoch   78 | train 7.700366e-01 | val 8.821114e-01 |   0.979 s | best 8.812481e-01 @42
epoch   79 | train 7.686777e-01 | val 8.809970e-01 |   0.973 s | best 8.809970e-01 @79 *
epoch   80 | train 7.699910e-01 | val 8.798377e-01 |   0.987 s | best 8.798377e-01 @80 *
epoch   81 | train 7.719603e-01 | val 8.786724e-01 |   1.001 s | best 8.786724e-01 @81 *
epoch   82 | train 7.657957e-01 | val 8.774809e-01 |   0.973 s | best 8.774809e-01 @82 *
epoch   83 | train 7.737842e-01 | val 8.761459e-01 |   0.974 s | best 8.761459e-01 @83 *
epoch   84 | train 7.684383e-01 | val 8.747525e-01 |   0.976 s | best 8.747525e-01 @84 *
epoch   85 | train 7.662743e-01 | val 8.733451e-01 |   0.999 s | best 8.733451e-01 @85 *
epoch   86 | train 7.655424e-01 | val 8.719013e-01 |   0.997 s | best 8.719013e-01 @86 *
epoch   87 | train 7.640455e-01 | val 8.703667e-01 |   0.975 s | best 8.703667e-01 @87 *
epoch   88 | train 7.688978e-01 | val 8.688591e-01 |   0.748 s | best 8.688591e-01 @88 *
epoch   89 | train 7.664418e-01 | val 8.672063e-01 |   1.009 s | best 8.672063e-01 @89 *
epoch   90 | train 7.692611e-01 | val 8.656328e-01 |   1.039 s | best 8.656328e-01 @90 *
epoch   91 | train 7.673717e-01 | val 8.640012e-01 |   1.027 s | best 8.640012e-01 @91 *
epoch   92 | train 7.633144e-01 | val 8.622980e-01 |   0.993 s | best 8.622980e-01 @92 *
epoch   93 | train 7.665006e-01 | val 8.604262e-01 |   0.992 s | best 8.604262e-01 @93 *
epoch   94 | train 7.650384e-01 | val 8.585183e-01 |   0.983 s | best 8.585183e-01 @94 *
epoch   95 | train 7.662143e-01 | val 8.565803e-01 |   0.527 s | best 8.565803e-01 @95 *
epoch   96 | train 7.632064e-01 | val 8.547128e-01 |   0.404 s | best 8.547128e-01 @96 *
epoch   97 | train 7.672242e-01 | val 8.527090e-01 |   0.369 s | best 8.527090e-01 @97 *
epoch   98 | train 7.674569e-01 | val 8.507469e-01 |   0.331 s | best 8.507469e-01 @98 *
epoch   99 | train 7.655909e-01 | val 8.487613e-01 |   0.488 s | best 8.487613e-01 @99 *
epoch  100 | train 7.682232e-01 | val 8.468001e-01 |   0.953 s | best 8.468001e-01 @100 *
epoch  101 | train 7.676522e-01 | val 8.447275e-01 |   0.980 s | best 8.447275e-01 @101 *
epoch  102 | train 7.645729e-01 | val 8.426535e-01 |   1.069 s | best 8.426535e-01 @102 *
epoch  103 | train 7.619393e-01 | val 8.405164e-01 |   1.049 s | best 8.405164e-01 @103 *
epoch  104 | train 7.614629e-01 | val 8.383888e-01 |   0.979 s | best 8.383888e-01 @104 *
epoch  105 | train 7.636406e-01 | val 8.362013e-01 |   0.984 s | best 8.362013e-01 @105 *
epoch  106 | train 7.663206e-01 | val 8.340374e-01 |   0.981 s | best 8.340374e-01 @106 *
epoch  107 | train 7.672736e-01 | val 8.318676e-01 |   1.025 s | best 8.318676e-01 @107 *
epoch  108 | train 7.668895e-01 | val 8.296815e-01 |   1.002 s | best 8.296815e-01 @108 *
epoch  109 | train 7.695797e-01 | val 8.274882e-01 |   0.977 s | best 8.274882e-01 @109 *
epoch  110 | train 7.655127e-01 | val 8.253254e-01 |   0.977 s | best 8.253254e-01 @110 *
epoch  111 | train 7.620607e-01 | val 8.231702e-01 |   0.979 s | best 8.231702e-01 @111 *
epoch  112 | train 7.657260e-01 | val 8.210608e-01 |   1.004 s | best 8.210608e-01 @112 *
epoch  113 | train 7.653122e-01 | val 8.189889e-01 |   0.995 s | best 8.189889e-01 @113 *
epoch  114 | train 7.614652e-01 | val 8.169396e-01 |   0.975 s | best 8.169396e-01 @114 *
epoch  115 | train 7.636484e-01 | val 8.149040e-01 |   0.976 s | best 8.149040e-01 @115 *
epoch  116 | train 7.640801e-01 | val 8.128119e-01 |   0.973 s | best 8.128119e-01 @116 *
epoch  117 | train 7.640750e-01 | val 8.108125e-01 |   1.005 s | best 8.108125e-01 @117 *
epoch  118 | train 7.619895e-01 | val 8.088161e-01 |   0.990 s | best 8.088161e-01 @118 *
epoch  119 | train 7.618705e-01 | val 8.068461e-01 |   0.978 s | best 8.068461e-01 @119 *
epoch  120 | train 7.608200e-01 | val 8.048716e-01 |   0.976 s | best 8.048716e-01 @120 *
epoch  121 | train 7.627596e-01 | val 8.029134e-01 |   0.982 s | best 8.029134e-01 @121 *
epoch  122 | train 7.657789e-01 | val 8.010411e-01 |   1.025 s | best 8.010411e-01 @122 *
epoch  123 | train 7.573827e-01 | val 7.991487e-01 |   0.974 s | best 7.991487e-01 @123 *
epoch  124 | train 7.618550e-01 | val 7.973560e-01 |   0.975 s | best 7.973560e-01 @124 *
epoch  125 | train 7.628007e-01 | val 7.956147e-01 |   0.978 s | best 7.956147e-01 @125 *
epoch  126 | train 7.620467e-01 | val 7.938954e-01 |   1.007 s | best 7.938954e-01 @126 *
epoch  127 | train 7.642778e-01 | val 7.922032e-01 |   1.025 s | best 7.922032e-01 @127 *
epoch  128 | train 7.688790e-01 | val 7.905610e-01 |   0.974 s | best 7.905610e-01 @128 *
epoch  129 | train 7.621195e-01 | val 7.889802e-01 |   0.975 s | best 7.889802e-01 @129 *
epoch  130 | train 7.619225e-01 | val 7.874474e-01 |   0.975 s | best 7.874474e-01 @130 *
epoch  131 | train 7.648919e-01 | val 7.859560e-01 |   1.021 s | best 7.859560e-01 @131 *
epoch  132 | train 7.650180e-01 | val 7.844586e-01 |   0.991 s | best 7.844586e-01 @132 *
epoch  133 | train 7.606743e-01 | val 7.830435e-01 |   0.976 s | best 7.830435e-01 @133 *
epoch  134 | train 7.655252e-01 | val 7.817419e-01 |   0.973 s | best 7.817419e-01 @134 *
epoch  135 | train 7.529411e-01 | val 7.804363e-01 |   0.975 s | best 7.804363e-01 @135 *
epoch  136 | train 7.629647e-01 | val 7.792075e-01 |   1.007 s | best 7.792075e-01 @136 *
epoch  137 | train 7.594407e-01 | val 7.779883e-01 |   0.982 s | best 7.779883e-01 @137 *
epoch  138 | train 7.587150e-01 | val 7.768416e-01 |   0.975 s | best 7.768416e-01 @138 *
epoch  139 | train 7.578554e-01 | val 7.757500e-01 |   0.967 s | best 7.757500e-01 @139 *
epoch  140 | train 7.624313e-01 | val 7.746939e-01 |   0.978 s | best 7.746939e-01 @140 *
epoch  141 | train 7.629208e-01 | val 7.736907e-01 |   1.014 s | best 7.736907e-01 @141 *
epoch  142 | train 7.635984e-01 | val 7.726990e-01 |   0.984 s | best 7.726990e-01 @142 *
epoch  143 | train 7.614209e-01 | val 7.717503e-01 |   1.018 s | best 7.717503e-01 @143 *
epoch  144 | train 7.638641e-01 | val 7.708238e-01 |   1.001 s | best 7.708238e-01 @144 *
epoch  145 | train 7.642154e-01 | val 7.699305e-01 |   1.008 s | best 7.699305e-01 @145 *
epoch  146 | train 7.600333e-01 | val 7.690585e-01 |   1.039 s | best 7.690585e-01 @146 *
epoch  147 | train 7.618577e-01 | val 7.682140e-01 |   1.025 s | best 7.682140e-01 @147 *
epoch  148 | train 7.576739e-01 | val 7.674344e-01 |   1.002 s | best 7.674344e-01 @148 *
epoch  149 | train 7.635077e-01 | val 7.666833e-01 |   1.016 s | best 7.666833e-01 @149 *
epoch  150 | train 7.662203e-01 | val 7.659712e-01 |   1.039 s | best 7.659712e-01 @150 *
epoch  151 | train 7.570059e-01 | val 7.652605e-01 |   1.005 s | best 7.652605e-01 @151 *
epoch  152 | train 7.601075e-01 | val 7.645707e-01 |   1.004 s | best 7.645707e-01 @152 *
epoch  153 | train 7.565537e-01 | val 7.639100e-01 |   1.001 s | best 7.639100e-01 @153 *
epoch  154 | train 7.639687e-01 | val 7.632930e-01 |   1.002 s | best 7.632930e-01 @154 *
epoch  155 | train 7.562974e-01 | val 7.626861e-01 |   1.002 s | best 7.626861e-01 @155 *
epoch  156 | train 7.600396e-01 | val 7.621186e-01 |   1.003 s | best 7.621186e-01 @156 *
epoch  157 | train 7.629046e-01 | val 7.615569e-01 |   1.003 s | best 7.615569e-01 @157 *
epoch  158 | train 7.542261e-01 | val 7.610101e-01 |   1.003 s | best 7.610101e-01 @158 *
epoch  159 | train 7.579075e-01 | val 7.605039e-01 |   1.007 s | best 7.605039e-01 @159 *
epoch  160 | train 7.595892e-01 | val 7.600232e-01 |   1.002 s | best 7.600232e-01 @160 *
epoch  161 | train 7.557207e-01 | val 7.595547e-01 |   1.004 s | best 7.595547e-01 @161 *
epoch  162 | train 7.643514e-01 | val 7.590973e-01 |   1.004 s | best 7.590973e-01 @162 *
epoch  163 | train 7.586374e-01 | val 7.586714e-01 |   1.002 s | best 7.586714e-01 @163 *
epoch  164 | train 7.571258e-01 | val 7.582665e-01 |   1.022 s | best 7.582665e-01 @164 *
epoch  165 | train 7.570188e-01 | val 7.578686e-01 |   0.985 s | best 7.578686e-01 @165 *
epoch  166 | train 7.618301e-01 | val 7.574768e-01 |   0.972 s | best 7.574768e-01 @166 *
epoch  167 | train 7.585671e-01 | val 7.570940e-01 |   0.973 s | best 7.570940e-01 @167 *
epoch  168 | train 7.586184e-01 | val 7.567292e-01 |   0.977 s | best 7.567292e-01 @168 *
epoch  169 | train 7.596739e-01 | val 7.563819e-01 |   1.001 s | best 7.563819e-01 @169 *
epoch  170 | train 7.615406e-01 | val 7.560304e-01 |   0.974 s | best 7.560304e-01 @170 *
epoch  171 | train 7.601478e-01 | val 7.556985e-01 |   0.974 s | best 7.556985e-01 @171 *
epoch  172 | train 7.627944e-01 | val 7.553852e-01 |   0.971 s | best 7.553852e-01 @172 *
epoch  173 | train 7.600231e-01 | val 7.550728e-01 |   0.982 s | best 7.550728e-01 @173 *
epoch  174 | train 7.618158e-01 | val 7.547867e-01 |   0.971 s | best 7.547867e-01 @174 *
epoch  175 | train 7.625497e-01 | val 7.545118e-01 |   0.977 s | best 7.545118e-01 @175 *
epoch  176 | train 7.624695e-01 | val 7.542360e-01 |   0.974 s | best 7.542360e-01 @176 *
epoch  177 | train 7.590963e-01 | val 7.539858e-01 |   0.984 s | best 7.539858e-01 @177 *
epoch  178 | train 7.545536e-01 | val 7.537332e-01 |   0.975 s | best 7.537332e-01 @178 *
epoch  179 | train 7.604021e-01 | val 7.534954e-01 |   0.972 s | best 7.534954e-01 @179 *
epoch  180 | train 7.578739e-01 | val 7.532589e-01 |   0.974 s | best 7.532589e-01 @180 *
epoch  181 | train 7.583567e-01 | val 7.530298e-01 |   0.983 s | best 7.530298e-01 @181 *
epoch  182 | train 7.573083e-01 | val 7.528175e-01 |   0.973 s | best 7.528175e-01 @182 *
epoch  183 | train 7.653595e-01 | val 7.525945e-01 |   0.970 s | best 7.525945e-01 @183 *
epoch  184 | train 7.584487e-01 | val 7.523955e-01 |   0.974 s | best 7.523955e-01 @184 *
epoch  185 | train 7.569049e-01 | val 7.521803e-01 |   0.973 s | best 7.521803e-01 @185 *
epoch  186 | train 7.589480e-01 | val 7.519844e-01 |   0.284 s | best 7.519844e-01 @186 *
epoch  187 | train 7.598307e-01 | val 7.517913e-01 |   0.264 s | best 7.517913e-01 @187 *
epoch  188 | train 7.521199e-01 | val 7.516193e-01 |   0.264 s | best 7.516193e-01 @188 *
epoch  189 | train 7.565669e-01 | val 7.514379e-01 |   0.263 s | best 7.514379e-01 @189 *
epoch  190 | train 7.545999e-01 | val 7.512661e-01 |   0.261 s | best 7.512661e-01 @190 *
epoch  191 | train 7.594269e-01 | val 7.511037e-01 |   0.258 s | best 7.511037e-01 @191 *
epoch  192 | train 7.592400e-01 | val 7.509339e-01 |   0.264 s | best 7.509339e-01 @192 *
epoch  193 | train 7.600755e-01 | val 7.507742e-01 |   0.263 s | best 7.507742e-01 @193 *
epoch  194 | train 7.547801e-01 | val 7.506189e-01 |   0.263 s | best 7.506189e-01 @194 *
epoch  195 | train 7.549115e-01 | val 7.504640e-01 |   0.262 s | best 7.504640e-01 @195 *
epoch  196 | train 7.561077e-01 | val 7.503023e-01 |   0.263 s | best 7.503023e-01 @196 *
epoch  197 | train 7.547752e-01 | val 7.501532e-01 |   0.294 s | best 7.501532e-01 @197 *
epoch  198 | train 7.580318e-01 | val 7.500154e-01 |   0.256 s | best 7.500154e-01 @198 *
epoch  199 | train 7.597390e-01 | val 7.498830e-01 |   0.266 s | best 7.498830e-01 @199 *
epoch  200 | train 7.542651e-01 | val 7.497517e-01 |   0.265 s | best 7.497517e-01 @200 *
epoch  201 | train 7.595673e-01 | val 7.496235e-01 |   0.263 s | best 7.496235e-01 @201 *
epoch  202 | train 7.525730e-01 | val 7.494918e-01 |   0.262 s | best 7.494918e-01 @202 *
epoch  203 | train 7.540789e-01 | val 7.493709e-01 |   0.262 s | best 7.493709e-01 @203 *
epoch  204 | train 7.557010e-01 | val 7.492488e-01 |   0.263 s | best 7.492488e-01 @204 *
epoch  205 | train 7.557337e-01 | val 7.491283e-01 |   0.256 s | best 7.491283e-01 @205 *
epoch  206 | train 7.551744e-01 | val 7.490041e-01 |   0.259 s | best 7.490041e-01 @206 *
epoch  207 | train 7.568004e-01 | val 7.488896e-01 |   0.262 s | best 7.488896e-01 @207 *
epoch  208 | train 7.588847e-01 | val 7.487753e-01 |   0.261 s | best 7.487753e-01 @208 *
epoch  209 | train 7.584499e-01 | val 7.486703e-01 |   0.262 s | best 7.486703e-01 @209 *
epoch  210 | train 7.574211e-01 | val 7.485635e-01 |   0.267 s | best 7.485635e-01 @210 *
epoch  211 | train 7.540684e-01 | val 7.484627e-01 |   0.294 s | best 7.484627e-01 @211 *
epoch  212 | train 7.515825e-01 | val 7.483542e-01 |   0.260 s | best 7.483542e-01 @212 *
epoch  213 | train 7.590358e-01 | val 7.482632e-01 |   0.257 s | best 7.482632e-01 @213 *
epoch  214 | train 7.518940e-01 | val 7.481760e-01 |   0.262 s | best 7.481760e-01 @214 *
epoch  215 | train 7.569017e-01 | val 7.480825e-01 |   0.263 s | best 7.480825e-01 @215 *
epoch  216 | train 7.553266e-01 | val 7.479980e-01 |   0.262 s | best 7.479980e-01 @216 *
epoch  217 | train 7.600744e-01 | val 7.479044e-01 |   0.261 s | best 7.479044e-01 @217 *
epoch  218 | train 7.590466e-01 | val 7.478137e-01 |   0.262 s | best 7.478137e-01 @218 *
epoch  219 | train 7.537102e-01 | val 7.477185e-01 |   0.263 s | best 7.477185e-01 @219 *
epoch  220 | train 7.534305e-01 | val 7.476231e-01 |   0.255 s | best 7.476231e-01 @220 *
epoch  221 | train 7.544532e-01 | val 7.475377e-01 |   0.263 s | best 7.475377e-01 @221 *
epoch  222 | train 7.551499e-01 | val 7.474530e-01 |   0.262 s | best 7.474530e-01 @222 *
epoch  223 | train 7.597625e-01 | val 7.473716e-01 |   0.264 s | best 7.473716e-01 @223 *
epoch  224 | train 7.545612e-01 | val 7.472913e-01 |   0.266 s | best 7.472913e-01 @224 *
epoch  225 | train 7.521210e-01 | val 7.472210e-01 |   0.293 s | best 7.472210e-01 @225 *
epoch  226 | train 7.482059e-01 | val 7.471466e-01 |   0.264 s | best 7.471466e-01 @226 *
epoch  227 | train 7.542510e-01 | val 7.470670e-01 |   0.258 s | best 7.470670e-01 @227 *
epoch  228 | train 7.574592e-01 | val 7.469985e-01 |   0.259 s | best 7.469985e-01 @228 *
epoch  229 | train 7.515516e-01 | val 7.469209e-01 |   0.263 s | best 7.469209e-01 @229 *
epoch  230 | train 7.537432e-01 | val 7.468470e-01 |   0.260 s | best 7.468470e-01 @230 *
epoch  231 | train 7.526258e-01 | val 7.467703e-01 |   0.260 s | best 7.467703e-01 @231 *
epoch  232 | train 7.504935e-01 | val 7.467055e-01 |   0.261 s | best 7.467055e-01 @232 *
epoch  233 | train 7.539913e-01 | val 7.466395e-01 |   0.260 s | best 7.466395e-01 @233 *
epoch  234 | train 7.559353e-01 | val 7.465687e-01 |   0.261 s | best 7.465687e-01 @234 *
epoch  235 | train 7.576218e-01 | val 7.465121e-01 |   0.262 s | best 7.465121e-01 @235 *
epoch  236 | train 7.550171e-01 | val 7.464533e-01 |   0.262 s | best 7.464533e-01 @236 *
epoch  237 | train 7.489256e-01 | val 7.464004e-01 |   0.260 s | best 7.464004e-01 @237 *
epoch  238 | train 7.594876e-01 | val 7.463496e-01 |   0.267 s | best 7.463496e-01 @238 *
epoch  239 | train 7.574921e-01 | val 7.463014e-01 |   0.292 s | best 7.463014e-01 @239 *
epoch  240 | train 7.522332e-01 | val 7.462492e-01 |   0.263 s | best 7.462492e-01 @240 *
epoch  241 | train 7.564702e-01 | val 7.461879e-01 |   0.262 s | best 7.461879e-01 @241 *
epoch  242 | train 7.584399e-01 | val 7.461345e-01 |   0.262 s | best 7.461345e-01 @242 *
epoch  243 | train 7.532529e-01 | val 7.460784e-01 |   0.264 s | best 7.460784e-01 @243 *
epoch  244 | train 7.516274e-01 | val 7.460312e-01 |   0.263 s | best 7.460312e-01 @244 *
epoch  245 | train 7.530536e-01 | val 7.459734e-01 |   0.262 s | best 7.459734e-01 @245 *
epoch  246 | train 7.566179e-01 | val 7.459169e-01 |   0.260 s | best 7.459169e-01 @246 *
epoch  247 | train 7.573183e-01 | val 7.458627e-01 |   0.263 s | best 7.458627e-01 @247 *
epoch  248 | train 7.577434e-01 | val 7.458063e-01 |   0.262 s | best 7.458063e-01 @248 *
epoch  249 | train 7.507850e-01 | val 7.457606e-01 |   0.262 s | best 7.457606e-01 @249 *
epoch  250 | train 7.485454e-01 | val 7.457139e-01 |   0.261 s | best 7.457139e-01 @250 *
epoch  251 | train 7.543299e-01 | val 7.456679e-01 |   0.264 s | best 7.456679e-01 @251 *
epoch  252 | train 7.575706e-01 | val 7.456228e-01 |   0.266 s | best 7.456228e-01 @252 *
epoch  253 | train 7.551899e-01 | val 7.455740e-01 |   0.293 s | best 7.455740e-01 @253 *
epoch  254 | train 7.541064e-01 | val 7.455229e-01 |   0.263 s | best 7.455229e-01 @254 *
epoch  255 | train 7.558101e-01 | val 7.454718e-01 |   0.331 s | best 7.454718e-01 @255 *
epoch  256 | train 7.510097e-01 | val 7.454259e-01 |   0.968 s | best 7.454259e-01 @256 *
epoch  257 | train 7.545843e-01 | val 7.453873e-01 |   0.972 s | best 7.453873e-01 @257 *
epoch  258 | train 7.508249e-01 | val 7.453498e-01 |   0.972 s | best 7.453498e-01 @258 *
epoch  259 | train 7.493710e-01 | val 7.452984e-01 |   0.981 s | best 7.452984e-01 @259 *
epoch  260 | train 7.526297e-01 | val 7.452497e-01 |   0.974 s | best 7.452497e-01 @260 *
epoch  261 | train 7.555693e-01 | val 7.452017e-01 |   0.972 s | best 7.452017e-01 @261 *
epoch  262 | train 7.521676e-01 | val 7.451563e-01 |   0.975 s | best 7.451563e-01 @262 *
epoch  263 | train 7.513983e-01 | val 7.451038e-01 |   0.980 s | best 7.451038e-01 @263 *
epoch  264 | train 7.569963e-01 | val 7.450665e-01 |   0.971 s | best 7.450665e-01 @264 *
epoch  265 | train 7.525749e-01 | val 7.450327e-01 |   0.971 s | best 7.450327e-01 @265 *
epoch  266 | train 7.561568e-01 | val 7.449915e-01 |   0.978 s | best 7.449915e-01 @266 *
epoch  267 | train 7.507603e-01 | val 7.449548e-01 |   0.977 s | best 7.449548e-01 @267 *
epoch  268 | train 7.492934e-01 | val 7.449196e-01 |   0.972 s | best 7.449196e-01 @268 *
epoch  269 | train 7.555117e-01 | val 7.448896e-01 |   0.972 s | best 7.448896e-01 @269 *
epoch  270 | train 7.545674e-01 | val 7.448531e-01 |   0.980 s | best 7.448531e-01 @270 *
epoch  271 | train 7.528410e-01 | val 7.448227e-01 |   0.353 s | best 7.448227e-01 @271 *
epoch  272 | train 7.503132e-01 | val 7.447973e-01 |   0.263 s | best 7.447973e-01 @272 *
epoch  273 | train 7.539272e-01 | val 7.447695e-01 |   0.263 s | best 7.447695e-01 @273 *
epoch  274 | train 7.531825e-01 | val 7.447432e-01 |   0.262 s | best 7.447432e-01 @274 *
epoch  275 | train 7.473488e-01 | val 7.447063e-01 |   0.262 s | best 7.447063e-01 @275 *
epoch  276 | train 7.490527e-01 | val 7.446778e-01 |   0.263 s | best 7.446778e-01 @276 *
epoch  277 | train 7.438680e-01 | val 7.446369e-01 |   0.261 s | best 7.446369e-01 @277 *
epoch  278 | train 7.518453e-01 | val 7.446028e-01 |   0.261 s | best 7.446028e-01 @278 *
epoch  279 | train 7.450960e-01 | val 7.445778e-01 |   0.263 s | best 7.445778e-01 @279 *
epoch  280 | train 7.553090e-01 | val 7.445495e-01 |   0.263 s | best 7.445495e-01 @280 *
epoch  281 | train 7.467677e-01 | val 7.445273e-01 |   0.262 s | best 7.445273e-01 @281 *
epoch  282 | train 7.475399e-01 | val 7.445008e-01 |   0.263 s | best 7.445008e-01 @282 *
epoch  283 | train 7.549447e-01 | val 7.444768e-01 |   0.279 s | best 7.444768e-01 @283 *
epoch  284 | train 7.468467e-01 | val 7.444539e-01 |   0.321 s | best 7.444539e-01 @284 *
epoch  285 | train 7.486782e-01 | val 7.444335e-01 |   0.263 s | best 7.444335e-01 @285 *
epoch  286 | train 7.489298e-01 | val 7.444209e-01 |   0.263 s | best 7.444209e-01 @286 *
epoch  287 | train 7.432049e-01 | val 7.444036e-01 |   0.263 s | best 7.444036e-01 @287 *
epoch  288 | train 7.466563e-01 | val 7.443851e-01 |   0.263 s | best 7.443851e-01 @288 *
epoch  289 | train 7.555783e-01 | val 7.443587e-01 |   0.261 s | best 7.443587e-01 @289 *
epoch  290 | train 7.564460e-01 | val 7.443265e-01 |   0.261 s | best 7.443265e-01 @290 *
epoch  291 | train 7.515545e-01 | val 7.443044e-01 |   0.260 s | best 7.443044e-01 @291 *
epoch  292 | train 7.543951e-01 | val 7.442858e-01 |   0.260 s | best 7.442858e-01 @292 *
epoch  293 | train 7.465552e-01 | val 7.442579e-01 |   0.260 s | best 7.442579e-01 @293 *
epoch  294 | train 7.534790e-01 | val 7.442384e-01 |   0.260 s | best 7.442384e-01 @294 *
epoch  295 | train 7.510096e-01 | val 7.442131e-01 |   0.260 s | best 7.442131e-01 @295 *
epoch  296 | train 7.458698e-01 | val 7.441891e-01 |   0.262 s | best 7.441891e-01 @296 *
epoch  297 | train 7.475159e-01 | val 7.441701e-01 |   0.278 s | best 7.441701e-01 @297 *
epoch  298 | train 7.482679e-01 | val 7.441519e-01 |   0.286 s | best 7.441519e-01 @298 *
epoch  299 | train 7.477978e-01 | val 7.441301e-01 |   0.262 s | best 7.441301e-01 @299 *
epoch  300 | train 7.517253e-01 | val 7.441102e-01 |   0.262 s | best 7.441102e-01 @300 *
epoch  301 | train 7.492762e-01 | val 7.440919e-01 |   0.262 s | best 7.440919e-01 @301 *
epoch  302 | train 7.505854e-01 | val 7.440689e-01 |   0.263 s | best 7.440689e-01 @302 *
epoch  303 | train 7.505030e-01 | val 7.440475e-01 |   0.260 s | best 7.440475e-01 @303 *
epoch  304 | train 7.509886e-01 | val 7.440231e-01 |   0.264 s | best 7.440231e-01 @304 *
epoch  305 | train 7.545733e-01 | val 7.440038e-01 |   0.263 s | best 7.440038e-01 @305 *
epoch  306 | train 7.456349e-01 | val 7.439862e-01 |   0.264 s | best 7.439862e-01 @306 *
epoch  307 | train 7.450255e-01 | val 7.439687e-01 |   0.262 s | best 7.439687e-01 @307 *
epoch  308 | train 7.443655e-01 | val 7.439529e-01 |   0.261 s | best 7.439529e-01 @308 *
epoch  309 | train 7.539279e-01 | val 7.439344e-01 |   0.262 s | best 7.439344e-01 @309 *
epoch  310 | train 7.435491e-01 | val 7.439253e-01 |   0.262 s | best 7.439253e-01 @310 *
epoch  311 | train 7.438912e-01 | val 7.439174e-01 |   0.294 s | best 7.439174e-01 @311 *
epoch  312 | train 7.498317e-01 | val 7.439004e-01 |   0.311 s | best 7.439004e-01 @312 *
epoch  313 | train 7.521376e-01 | val 7.438851e-01 |   0.264 s | best 7.438851e-01 @313 *
epoch  314 | train 7.470678e-01 | val 7.438736e-01 |   0.264 s | best 7.438736e-01 @314 *
epoch  315 | train 7.505966e-01 | val 7.438580e-01 |   0.263 s | best 7.438580e-01 @315 *
epoch  316 | train 7.508720e-01 | val 7.438421e-01 |   0.262 s | best 7.438421e-01 @316 *
epoch  317 | train 7.494507e-01 | val 7.438170e-01 |   0.260 s | best 7.438170e-01 @317 *
epoch  318 | train 7.501816e-01 | val 7.437981e-01 |   0.260 s | best 7.437981e-01 @318 *
epoch  319 | train 7.459201e-01 | val 7.437900e-01 |   0.260 s | best 7.437900e-01 @319 *
epoch  320 | train 7.501874e-01 | val 7.437790e-01 |   0.261 s | best 7.437790e-01 @320 *
epoch  321 | train 7.457746e-01 | val 7.437669e-01 |   0.262 s | best 7.437669e-01 @321 *
epoch  322 | train 7.464140e-01 | val 7.437460e-01 |   0.261 s | best 7.437460e-01 @322 *
epoch  323 | train 7.491598e-01 | val 7.437438e-01 |   0.263 s | best 7.437438e-01 @323 *
epoch  324 | train 7.463343e-01 | val 7.437385e-01 |   0.260 s | best 7.437385e-01 @324 *
epoch  325 | train 7.542662e-01 | val 7.437348e-01 |   0.316 s | best 7.437348e-01 @325 *
epoch  326 | train 7.485794e-01 | val 7.437229e-01 |   0.286 s | best 7.437229e-01 @326 *
epoch  327 | train 7.505528e-01 | val 7.437140e-01 |   0.263 s | best 7.437140e-01 @327 *
epoch  328 | train 7.495952e-01 | val 7.437057e-01 |   0.261 s | best 7.437057e-01 @328 *
epoch  329 | train 7.451054e-01 | val 7.436998e-01 |   0.263 s | best 7.436998e-01 @329 *
epoch  330 | train 7.448234e-01 | val 7.436932e-01 |   0.262 s | best 7.436932e-01 @330 *
epoch  331 | train 7.502025e-01 | val 7.436860e-01 |   0.263 s | best 7.436860e-01 @331 *
epoch  332 | train 7.502667e-01 | val 7.436808e-01 |   0.261 s | best 7.436808e-01 @332 *
epoch  333 | train 7.471456e-01 | val 7.436740e-01 |   0.261 s | best 7.436740e-01 @333 *
epoch  334 | train 7.481110e-01 | val 7.436625e-01 |   0.261 s | best 7.436625e-01 @334 *
epoch  335 | train 7.477969e-01 | val 7.436616e-01 |   0.261 s | best 7.436616e-01 @335 *
epoch  336 | train 7.488278e-01 | val 7.436556e-01 |   0.263 s | best 7.436556e-01 @336 *
epoch  337 | train 7.514669e-01 | val 7.436503e-01 |   0.260 s | best 7.436503e-01 @337 *
epoch  338 | train 7.451888e-01 | val 7.436491e-01 |   0.263 s | best 7.436491e-01 @338 *
epoch  339 | train 7.422685e-01 | val 7.436443e-01 |   0.287 s | best 7.436443e-01 @339 *
epoch  340 | train 7.506188e-01 | val 7.436408e-01 |   0.278 s | best 7.436408e-01 @340 *
epoch  341 | train 7.473950e-01 | val 7.436316e-01 |   0.262 s | best 7.436316e-01 @341 *
epoch  342 | train 7.506074e-01 | val 7.436315e-01 |   0.263 s | best 7.436315e-01 @342 *
epoch  343 | train 7.491195e-01 | val 7.436388e-01 |   0.263 s | best 7.436315e-01 @342
epoch  344 | train 7.481706e-01 | val 7.436409e-01 |   0.261 s | best 7.436315e-01 @342
epoch  345 | train 7.458419e-01 | val 7.436426e-01 |   0.260 s | best 7.436315e-01 @342
epoch  346 | train 7.449345e-01 | val 7.436552e-01 |   0.262 s | best 7.436315e-01 @342
epoch  347 | train 7.515350e-01 | val 7.436616e-01 |   0.261 s | best 7.436315e-01 @342
epoch  348 | train 7.494524e-01 | val 7.436680e-01 |   0.261 s | best 7.436315e-01 @342
epoch  349 | train 7.475697e-01 | val 7.436734e-01 |   0.260 s | best 7.436315e-01 @342
epoch  350 | train 7.542912e-01 | val 7.436831e-01 |   0.261 s | best 7.436315e-01 @342
epoch  351 | train 7.452200e-01 | val 7.436875e-01 |   0.260 s | best 7.436315e-01 @342
epoch  352 | train 7.520869e-01 | val 7.437015e-01 |   0.260 s | best 7.436315e-01 @342
epoch  353 | train 7.492006e-01 | val 7.437079e-01 |   0.290 s | best 7.436315e-01 @342
epoch  354 | train 7.400935e-01 | val 7.437207e-01 |   0.271 s | best 7.436315e-01 @342
epoch  355 | train 7.453204e-01 | val 7.437190e-01 |   0.264 s | best 7.436315e-01 @342
epoch  356 | train 7.440288e-01 | val 7.437212e-01 |   0.263 s | best 7.436315e-01 @342
epoch  357 | train 7.475605e-01 | val 7.437291e-01 |   0.262 s | best 7.436315e-01 @342
epoch  358 | train 7.492042e-01 | val 7.437337e-01 |   0.293 s | best 7.436315e-01 @342
epoch  359 | train 7.474943e-01 | val 7.437361e-01 |   0.294 s | best 7.436315e-01 @342
epoch  360 | train 7.490132e-01 | val 7.437437e-01 |   0.329 s | best 7.436315e-01 @342
epoch  361 | train 7.468106e-01 | val 7.437464e-01 |   0.316 s | best 7.436315e-01 @342
epoch  362 | train 7.445598e-01 | val 7.437503e-01 |   0.291 s | best 7.436315e-01 @342
# done        : 362 epochs, stopped_by=patience, aborted=False, best val 7.436315e-01 @ epoch 342, wall 259.2 s, 0.716 s/epoch
