
# ===== 2026-09-20 14:42:18 KST  L9 attempt 1  testbed D1 prior S  Nr=8 Nt=4
# DEVICE      : cuda | cuda_available=True | NVIDIA RTX PRO 6000 Blackwell Server Edition | torch 2.14.0+cu130 | train dtype float32 (01_RULES §9.5)
# data        : n_train=9000 n_val=1000 split_hash=98d6225d67f9c15a E||H||_F^2/(NrNt)=1.000268 (04_SPEC §2)
# sigma grid  : MEASURED, 20 points, log-uniform draw over [3.2936e-02, 7.9084e-01]
# hp          : {'arch': 'uvit', 'param': 'vp', 'domain': 'pixel', 'width': 128, 'depth': 5, 'emb': 128, 'lr': 0.0002, 'ema': 0.999, 'batch': 256, 'patch': 1, 'heads': 4}  params=1095336
# stopping    : patience 20 on val loss, never before 200 epochs, max 3000 (01_RULES §5)
epoch    1 | train 9.876917e-01 | val 9.906610e-01 |   1.757 s | best 9.906610e-01 @1 *
epoch    2 | train 9.570907e-01 | val 9.904737e-01 |   1.041 s | best 9.904737e-01 @2 *
epoch    3 | train 9.277706e-01 | val 9.899771e-01 |   1.029 s | best 9.899771e-01 @3 *
epoch    4 | train 8.906364e-01 | val 9.889752e-01 |   1.035 s | best 9.889752e-01 @4 *
epoch    5 | train 8.690943e-01 | val 9.872567e-01 |   1.030 s | best 9.872567e-01 @5 *
epoch    6 | train 8.460199e-01 | val 9.846193e-01 |   1.029 s | best 9.846193e-01 @6 *
epoch    7 | train 8.276070e-01 | val 9.809650e-01 |   0.960 s | best 9.809650e-01 @7 *
epoch    8 | train 8.168922e-01 | val 9.763349e-01 |   0.295 s | best 9.763349e-01 @8 *
epoch    9 | train 8.145313e-01 | val 9.708413e-01 |   0.311 s | best 9.708413e-01 @9 *
epoch   10 | train 8.086054e-01 | val 9.647025e-01 |   0.648 s | best 9.647025e-01 @10 *
epoch   11 | train 7.993552e-01 | val 9.580907e-01 |   1.028 s | best 9.580907e-01 @11 *
epoch   12 | train 7.954144e-01 | val 9.512141e-01 |   1.022 s | best 9.512141e-01 @12 *
epoch   13 | train 7.949325e-01 | val 9.441704e-01 |   1.026 s | best 9.441704e-01 @13 *
epoch   14 | train 7.959365e-01 | val 9.369777e-01 |   1.026 s | best 9.369777e-01 @14 *
epoch   15 | train 7.972822e-01 | val 9.297920e-01 |   1.019 s | best 9.297920e-01 @15 *
epoch   16 | train 7.908558e-01 | val 9.226068e-01 |   1.027 s | best 9.226068e-01 @16 *
epoch   17 | train 7.935787e-01 | val 9.155472e-01 |   1.027 s | best 9.155472e-01 @17 *
epoch   18 | train 7.944061e-01 | val 9.085842e-01 |   1.025 s | best 9.085842e-01 @18 *
epoch   19 | train 7.959264e-01 | val 9.017203e-01 |   1.031 s | best 9.017203e-01 @19 *
epoch   20 | train 7.925947e-01 | val 8.950211e-01 |   1.023 s | best 8.950211e-01 @20 *
epoch   21 | train 7.879438e-01 | val 8.884987e-01 |   1.020 s | best 8.884987e-01 @21 *
epoch   22 | train 7.884359e-01 | val 8.821620e-01 |   1.029 s | best 8.821620e-01 @22 *
epoch   23 | train 7.889245e-01 | val 8.760153e-01 |   1.031 s | best 8.760153e-01 @23 *
epoch   24 | train 7.927686e-01 | val 8.701166e-01 |   1.022 s | best 8.701166e-01 @24 *
epoch   25 | train 7.968533e-01 | val 8.644766e-01 |   1.026 s | best 8.644766e-01 @25 *
epoch   26 | train 7.912238e-01 | val 8.590088e-01 |   1.028 s | best 8.590088e-01 @26 *
epoch   27 | train 7.881123e-01 | val 8.537866e-01 |   1.028 s | best 8.537866e-01 @27 *
epoch   28 | train 7.872475e-01 | val 8.487886e-01 |   1.029 s | best 8.487886e-01 @28 *
epoch   29 | train 7.894859e-01 | val 8.440454e-01 |   1.026 s | best 8.440454e-01 @29 *
epoch   30 | train 7.861424e-01 | val 8.395799e-01 |   1.023 s | best 8.395799e-01 @30 *
epoch   31 | train 7.922956e-01 | val 8.353754e-01 |   1.025 s | best 8.353754e-01 @31 *
epoch   32 | train 7.886551e-01 | val 8.313659e-01 |   1.030 s | best 8.313659e-01 @32 *
epoch   33 | train 7.887516e-01 | val 8.275914e-01 |   1.021 s | best 8.275914e-01 @33 *
epoch   34 | train 7.872203e-01 | val 8.240854e-01 |   1.038 s | best 8.240854e-01 @34 *
epoch   35 | train 7.939633e-01 | val 8.207918e-01 |   1.044 s | best 8.207918e-01 @35 *
epoch   36 | train 7.893308e-01 | val 8.177343e-01 |   1.024 s | best 8.177343e-01 @36 *
epoch   37 | train 7.894138e-01 | val 8.148353e-01 |   1.023 s | best 8.148353e-01 @37 *
epoch   38 | train 7.849544e-01 | val 8.121459e-01 |   1.032 s | best 8.121459e-01 @38 *
epoch   39 | train 7.872656e-01 | val 8.096405e-01 |   1.023 s | best 8.096405e-01 @39 *
epoch   40 | train 7.926913e-01 | val 8.073539e-01 |   1.023 s | best 8.073539e-01 @40 *
epoch   41 | train 7.908465e-01 | val 8.052191e-01 |   1.024 s | best 8.052191e-01 @41 *
epoch   42 | train 7.921717e-01 | val 8.031917e-01 |   1.021 s | best 8.031917e-01 @42 *
epoch   43 | train 7.956679e-01 | val 8.013219e-01 |   1.023 s | best 8.013219e-01 @43 *
epoch   44 | train 7.923292e-01 | val 7.996053e-01 |   1.028 s | best 7.996053e-01 @44 *
epoch   45 | train 7.861597e-01 | val 7.979915e-01 |   0.943 s | best 7.979915e-01 @45 *
epoch   46 | train 7.911027e-01 | val 7.964895e-01 |   0.567 s | best 7.964895e-01 @46 *
epoch   47 | train 7.904013e-01 | val 7.950736e-01 |   1.029 s | best 7.950736e-01 @47 *
epoch   48 | train 7.932866e-01 | val 7.937907e-01 |   1.023 s | best 7.937907e-01 @48 *
epoch   49 | train 7.865533e-01 | val 7.925922e-01 |   1.021 s | best 7.925922e-01 @49 *
epoch   50 | train 7.902655e-01 | val 7.914706e-01 |   1.028 s | best 7.914706e-01 @50 *
epoch   51 | train 7.900767e-01 | val 7.904243e-01 |   1.023 s | best 7.904243e-01 @51 *
epoch   52 | train 7.898804e-01 | val 7.894565e-01 |   1.022 s | best 7.894565e-01 @52 *
epoch   53 | train 7.896382e-01 | val 7.885452e-01 |   1.021 s | best 7.885452e-01 @53 *
epoch   54 | train 7.893584e-01 | val 7.877272e-01 |   1.023 s | best 7.877272e-01 @54 *
epoch   55 | train 7.898851e-01 | val 7.869592e-01 |   1.021 s | best 7.869592e-01 @55 *
epoch   56 | train 7.928911e-01 | val 7.862365e-01 |   1.063 s | best 7.862365e-01 @56 *
epoch   57 | train 7.930208e-01 | val 7.855659e-01 |   1.025 s | best 7.855659e-01 @57 *
epoch   58 | train 7.906592e-01 | val 7.849606e-01 |   1.019 s | best 7.849606e-01 @58 *
epoch   59 | train 7.874801e-01 | val 7.843708e-01 |   1.026 s | best 7.843708e-01 @59 *
epoch   60 | train 7.913250e-01 | val 7.838579e-01 |   1.026 s | best 7.838579e-01 @60 *
epoch   61 | train 7.902160e-01 | val 7.833813e-01 |   1.024 s | best 7.833813e-01 @61 *
epoch   62 | train 7.949776e-01 | val 7.829177e-01 |   1.037 s | best 7.829177e-01 @62 *
epoch   63 | train 7.854658e-01 | val 7.824798e-01 |   1.024 s | best 7.824798e-01 @63 *
epoch   64 | train 7.936785e-01 | val 7.820875e-01 |   1.025 s | best 7.820875e-01 @64 *
epoch   65 | train 7.923090e-01 | val 7.817079e-01 |   1.029 s | best 7.817079e-01 @65 *
epoch   66 | train 7.914290e-01 | val 7.813670e-01 |   1.035 s | best 7.813670e-01 @66 *
epoch   67 | train 7.880471e-01 | val 7.810611e-01 |   1.020 s | best 7.810611e-01 @67 *
epoch   68 | train 7.876991e-01 | val 7.807561e-01 |   1.024 s | best 7.807561e-01 @68 *
epoch   69 | train 7.930566e-01 | val 7.804691e-01 |   1.032 s | best 7.804691e-01 @69 *
epoch   70 | train 7.874345e-01 | val 7.802199e-01 |   1.024 s | best 7.802199e-01 @70 *
epoch   71 | train 7.907846e-01 | val 7.799712e-01 |   1.022 s | best 7.799712e-01 @71 *
epoch   72 | train 7.896830e-01 | val 7.797516e-01 |   1.030 s | best 7.797516e-01 @72 *
epoch   73 | train 7.907754e-01 | val 7.795376e-01 |   1.027 s | best 7.795376e-01 @73 *
epoch   74 | train 7.903036e-01 | val 7.793250e-01 |   1.021 s | best 7.793250e-01 @74 *
epoch   75 | train 7.883683e-01 | val 7.791180e-01 |   1.028 s | best 7.791180e-01 @75 *
epoch   76 | train 7.887409e-01 | val 7.789433e-01 |   1.023 s | best 7.789433e-01 @76 *
epoch   77 | train 7.914739e-01 | val 7.787746e-01 |   1.027 s | best 7.787746e-01 @77 *
epoch   78 | train 7.875350e-01 | val 7.786127e-01 |   1.032 s | best 7.786127e-01 @78 *
epoch   79 | train 7.903360e-01 | val 7.784641e-01 |   1.024 s | best 7.784641e-01 @79 *
epoch   80 | train 7.969436e-01 | val 7.783305e-01 |   1.008 s | best 7.783305e-01 @80 *
epoch   81 | train 7.908592e-01 | val 7.781928e-01 |   1.028 s | best 7.781928e-01 @81 *
epoch   82 | train 7.859410e-01 | val 7.780682e-01 |   1.019 s | best 7.780682e-01 @82 *
epoch   83 | train 7.886459e-01 | val 7.779496e-01 |   1.019 s | best 7.779496e-01 @83 *
epoch   84 | train 7.874355e-01 | val 7.778361e-01 |   1.028 s | best 7.778361e-01 @84 *
epoch   85 | train 7.891581e-01 | val 7.777383e-01 |   1.025 s | best 7.777383e-01 @85 *
epoch   86 | train 7.868766e-01 | val 7.776340e-01 |   1.022 s | best 7.776340e-01 @86 *
epoch   87 | train 7.932320e-01 | val 7.775459e-01 |   1.020 s | best 7.775459e-01 @87 *
epoch   88 | train 7.869490e-01 | val 7.774552e-01 |   1.031 s | best 7.774552e-01 @88 *
epoch   89 | train 7.904543e-01 | val 7.773767e-01 |   1.021 s | best 7.773767e-01 @89 *
epoch   90 | train 7.876848e-01 | val 7.772946e-01 |   1.022 s | best 7.772946e-01 @90 *
epoch   91 | train 7.930525e-01 | val 7.772165e-01 |   0.994 s | best 7.772165e-01 @91 *
epoch   92 | train 7.868347e-01 | val 7.771515e-01 |   0.992 s | best 7.771515e-01 @92 *
epoch   93 | train 7.887223e-01 | val 7.770868e-01 |   0.991 s | best 7.770868e-01 @93 *
epoch   94 | train 7.916837e-01 | val 7.770183e-01 |   1.030 s | best 7.770183e-01 @94 *
epoch   95 | train 7.861267e-01 | val 7.769562e-01 |   0.996 s | best 7.769562e-01 @95 *
epoch   96 | train 7.873752e-01 | val 7.768978e-01 |   0.991 s | best 7.768978e-01 @96 *
epoch   97 | train 7.868739e-01 | val 7.768331e-01 |   0.992 s | best 7.768331e-01 @97 *
epoch   98 | train 7.888542e-01 | val 7.767707e-01 |   1.006 s | best 7.767707e-01 @98 *
epoch   99 | train 7.867523e-01 | val 7.767110e-01 |   0.995 s | best 7.767110e-01 @99 *
epoch  100 | train 7.834384e-01 | val 7.766554e-01 |   0.992 s | best 7.766554e-01 @100 *
epoch  101 | train 7.865354e-01 | val 7.766027e-01 |   0.990 s | best 7.766027e-01 @101 *
epoch  102 | train 7.849473e-01 | val 7.765467e-01 |   0.999 s | best 7.765467e-01 @102 *
epoch  103 | train 7.857524e-01 | val 7.765021e-01 |   0.994 s | best 7.765021e-01 @103 *
epoch  104 | train 7.900949e-01 | val 7.764544e-01 |   0.993 s | best 7.764544e-01 @104 *
epoch  105 | train 7.921703e-01 | val 7.764139e-01 |   0.999 s | best 7.764139e-01 @105 *
epoch  106 | train 7.884106e-01 | val 7.763819e-01 |   0.992 s | best 7.763819e-01 @106 *
epoch  107 | train 7.929068e-01 | val 7.763426e-01 |   0.991 s | best 7.763426e-01 @107 *
epoch  108 | train 7.858562e-01 | val 7.763015e-01 |   0.993 s | best 7.763015e-01 @108 *
epoch  109 | train 7.889399e-01 | val 7.762637e-01 |   1.000 s | best 7.762637e-01 @109 *
epoch  110 | train 7.864324e-01 | val 7.762246e-01 |   0.992 s | best 7.762246e-01 @110 *
epoch  111 | train 7.895579e-01 | val 7.761900e-01 |   0.993 s | best 7.761900e-01 @111 *
epoch  112 | train 7.846174e-01 | val 7.761604e-01 |   0.992 s | best 7.761604e-01 @112 *
epoch  113 | train 7.920783e-01 | val 7.761348e-01 |   1.001 s | best 7.761348e-01 @113 *
epoch  114 | train 7.865807e-01 | val 7.761059e-01 |   0.991 s | best 7.761059e-01 @114 *
epoch  115 | train 7.897497e-01 | val 7.760737e-01 |   0.989 s | best 7.760737e-01 @115 *
epoch  116 | train 7.886627e-01 | val 7.760475e-01 |   0.998 s | best 7.760475e-01 @116 *
epoch  117 | train 7.908310e-01 | val 7.760252e-01 |   0.989 s | best 7.760252e-01 @117 *
epoch  118 | train 7.889256e-01 | val 7.759845e-01 |   0.989 s | best 7.759845e-01 @118 *
epoch  119 | train 7.896206e-01 | val 7.759565e-01 |   0.993 s | best 7.759565e-01 @119 *
epoch  120 | train 7.877626e-01 | val 7.759256e-01 |   1.008 s | best 7.759256e-01 @120 *
epoch  121 | train 7.884930e-01 | val 7.758956e-01 |   0.993 s | best 7.758956e-01 @121 *
epoch  122 | train 7.904145e-01 | val 7.758682e-01 |   0.992 s | best 7.758682e-01 @122 *
epoch  123 | train 7.894395e-01 | val 7.758398e-01 |   1.021 s | best 7.758398e-01 @123 *
epoch  124 | train 7.896753e-01 | val 7.758118e-01 |   0.989 s | best 7.758118e-01 @124 *
epoch  125 | train 7.867663e-01 | val 7.757890e-01 |   0.981 s | best 7.757890e-01 @125 *
epoch  126 | train 7.896415e-01 | val 7.757676e-01 |   0.995 s | best 7.757676e-01 @126 *
epoch  127 | train 7.863325e-01 | val 7.757407e-01 |   0.980 s | best 7.757407e-01 @127 *
epoch  128 | train 7.871147e-01 | val 7.757166e-01 |   1.021 s | best 7.757166e-01 @128 *
epoch  129 | train 7.882379e-01 | val 7.756848e-01 |   1.006 s | best 7.756848e-01 @129 *
epoch  130 | train 7.893795e-01 | val 7.756577e-01 |   1.018 s | best 7.756577e-01 @130 *
epoch  131 | train 7.852659e-01 | val 7.756341e-01 |   0.991 s | best 7.756341e-01 @131 *
epoch  132 | train 7.926250e-01 | val 7.756180e-01 |   1.001 s | best 7.756180e-01 @132 *
epoch  133 | train 7.910853e-01 | val 7.756027e-01 |   1.022 s | best 7.756027e-01 @133 *
epoch  134 | train 7.853119e-01 | val 7.755843e-01 |   1.043 s | best 7.755843e-01 @134 *
epoch  135 | train 7.858592e-01 | val 7.755628e-01 |   0.993 s | best 7.755628e-01 @135 *
epoch  136 | train 7.898213e-01 | val 7.755448e-01 |   0.996 s | best 7.755448e-01 @136 *
epoch  137 | train 7.879828e-01 | val 7.755242e-01 |   0.979 s | best 7.755242e-01 @137 *
epoch  138 | train 7.870957e-01 | val 7.755003e-01 |   0.991 s | best 7.755003e-01 @138 *
epoch  139 | train 7.867100e-01 | val 7.754770e-01 |   0.973 s | best 7.754770e-01 @139 *
epoch  140 | train 7.816386e-01 | val 7.754485e-01 |   1.013 s | best 7.754485e-01 @140 *
epoch  141 | train 7.833561e-01 | val 7.754261e-01 |   1.056 s | best 7.754261e-01 @141 *
epoch  142 | train 7.882695e-01 | val 7.754017e-01 |   1.013 s | best 7.754017e-01 @142 *
epoch  143 | train 7.859171e-01 | val 7.753790e-01 |   0.991 s | best 7.753790e-01 @143 *
epoch  144 | train 7.888911e-01 | val 7.753616e-01 |   1.036 s | best 7.753616e-01 @144 *
epoch  145 | train 7.913172e-01 | val 7.753457e-01 |   0.988 s | best 7.753457e-01 @145 *
epoch  146 | train 7.840108e-01 | val 7.753266e-01 |   0.641 s | best 7.753266e-01 @146 *
epoch  147 | train 7.850941e-01 | val 7.753106e-01 |   0.929 s | best 7.753106e-01 @147 *
epoch  148 | train 7.878121e-01 | val 7.752925e-01 |   0.863 s | best 7.752925e-01 @148 *
epoch  149 | train 7.903614e-01 | val 7.752747e-01 |   0.993 s | best 7.752747e-01 @149 *
epoch  150 | train 7.893049e-01 | val 7.752597e-01 |   0.992 s | best 7.752597e-01 @150 *
epoch  151 | train 7.863708e-01 | val 7.752442e-01 |   0.997 s | best 7.752442e-01 @151 *
epoch  152 | train 7.916444e-01 | val 7.752286e-01 |   1.004 s | best 7.752286e-01 @152 *
epoch  153 | train 7.873023e-01 | val 7.752161e-01 |   0.992 s | best 7.752161e-01 @153 *
epoch  154 | train 7.873907e-01 | val 7.752034e-01 |   0.991 s | best 7.752034e-01 @154 *
epoch  155 | train 7.919443e-01 | val 7.751886e-01 |   0.992 s | best 7.751886e-01 @155 *
epoch  156 | train 7.876742e-01 | val 7.751773e-01 |   0.994 s | best 7.751773e-01 @156 *
epoch  157 | train 7.877533e-01 | val 7.751677e-01 |   0.990 s | best 7.751677e-01 @157 *
epoch  158 | train 7.845757e-01 | val 7.751562e-01 |   0.991 s | best 7.751562e-01 @158 *
epoch  159 | train 7.843902e-01 | val 7.751451e-01 |   1.002 s | best 7.751451e-01 @159 *
epoch  160 | train 7.820530e-01 | val 7.751277e-01 |   0.992 s | best 7.751277e-01 @160 *
epoch  161 | train 7.892005e-01 | val 7.751149e-01 |   0.993 s | best 7.751149e-01 @161 *
epoch  162 | train 7.840899e-01 | val 7.751012e-01 |   0.992 s | best 7.751012e-01 @162 *
epoch  163 | train 7.906163e-01 | val 7.750906e-01 |   1.000 s | best 7.750906e-01 @163 *
epoch  164 | train 7.902644e-01 | val 7.750863e-01 |   1.037 s | best 7.750863e-01 @164 *
epoch  165 | train 7.846968e-01 | val 7.750725e-01 |   1.044 s | best 7.750725e-01 @165 *
epoch  166 | train 7.858138e-01 | val 7.750549e-01 |   0.663 s | best 7.750549e-01 @166 *
epoch  167 | train 7.911949e-01 | val 7.750375e-01 |   1.014 s | best 7.750375e-01 @167 *
epoch  168 | train 7.887200e-01 | val 7.750225e-01 |   1.056 s | best 7.750225e-01 @168 *
epoch  169 | train 7.856590e-01 | val 7.750112e-01 |   1.031 s | best 7.750112e-01 @169 *
epoch  170 | train 7.884067e-01 | val 7.750010e-01 |   1.025 s | best 7.750010e-01 @170 *
epoch  171 | train 7.888389e-01 | val 7.749910e-01 |   1.029 s | best 7.749910e-01 @171 *
epoch  172 | train 7.889905e-01 | val 7.749777e-01 |   1.031 s | best 7.749777e-01 @172 *
epoch  173 | train 7.884526e-01 | val 7.749709e-01 |   1.024 s | best 7.749709e-01 @173 *
epoch  174 | train 7.876700e-01 | val 7.749595e-01 |   1.023 s | best 7.749595e-01 @174 *
epoch  175 | train 7.885788e-01 | val 7.749466e-01 |   1.036 s | best 7.749466e-01 @175 *
epoch  176 | train 7.905719e-01 | val 7.749356e-01 |   0.651 s | best 7.749356e-01 @176 *
epoch  177 | train 7.907861e-01 | val 7.749254e-01 |   0.956 s | best 7.749254e-01 @177 *
epoch  178 | train 7.888332e-01 | val 7.749183e-01 |   1.034 s | best 7.749183e-01 @178 *
epoch  179 | train 7.865356e-01 | val 7.749091e-01 |   1.036 s | best 7.749091e-01 @179 *
epoch  180 | train 7.880252e-01 | val 7.748998e-01 |   1.066 s | best 7.748998e-01 @180 *
epoch  181 | train 7.877648e-01 | val 7.748923e-01 |   1.047 s | best 7.748923e-01 @181 *
epoch  182 | train 7.860583e-01 | val 7.748802e-01 |   0.998 s | best 7.748802e-01 @182 *
epoch  183 | train 7.906278e-01 | val 7.748683e-01 |   1.062 s | best 7.748683e-01 @183 *
epoch  184 | train 7.905362e-01 | val 7.748590e-01 |   1.065 s | best 7.748590e-01 @184 *
epoch  185 | train 7.855609e-01 | val 7.748566e-01 |   1.080 s | best 7.748566e-01 @185 *
epoch  186 | train 7.879737e-01 | val 7.748511e-01 |   1.050 s | best 7.748511e-01 @186 *
epoch  187 | train 7.853475e-01 | val 7.748390e-01 |   0.666 s | best 7.748390e-01 @187 *
epoch  188 | train 7.875927e-01 | val 7.748242e-01 |   0.927 s | best 7.748242e-01 @188 *
epoch  189 | train 7.869663e-01 | val 7.748215e-01 |   1.074 s | best 7.748215e-01 @189 *
epoch  190 | train 7.883731e-01 | val 7.748219e-01 |   1.060 s | best 7.748215e-01 @189
epoch  191 | train 7.881131e-01 | val 7.748118e-01 |   1.076 s | best 7.748118e-01 @191 *
epoch  192 | train 7.865338e-01 | val 7.748065e-01 |   1.064 s | best 7.748065e-01 @192 *
epoch  193 | train 7.907391e-01 | val 7.748014e-01 |   1.069 s | best 7.748014e-01 @193 *
epoch  194 | train 7.839104e-01 | val 7.747896e-01 |   1.065 s | best 7.747896e-01 @194 *
epoch  195 | train 7.899721e-01 | val 7.747798e-01 |   1.054 s | best 7.747798e-01 @195 *
epoch  196 | train 7.886180e-01 | val 7.747689e-01 |   1.020 s | best 7.747689e-01 @196 *
epoch  197 | train 7.850720e-01 | val 7.747593e-01 |   1.030 s | best 7.747593e-01 @197 *
epoch  198 | train 7.871990e-01 | val 7.747405e-01 |   1.020 s | best 7.747405e-01 @198 *
epoch  199 | train 7.858571e-01 | val 7.747287e-01 |   1.022 s | best 7.747287e-01 @199 *
epoch  200 | train 7.894141e-01 | val 7.747226e-01 |   1.023 s | best 7.747226e-01 @200 *
epoch  201 | train 7.905012e-01 | val 7.747064e-01 |   1.016 s | best 7.747064e-01 @201 *
epoch  202 | train 7.858621e-01 | val 7.746950e-01 |   1.018 s | best 7.746950e-01 @202 *
epoch  203 | train 7.811930e-01 | val 7.746869e-01 |   1.025 s | best 7.746869e-01 @203 *
epoch  204 | train 7.881153e-01 | val 7.746760e-01 |   1.018 s | best 7.746760e-01 @204 *
epoch  205 | train 7.873034e-01 | val 7.746728e-01 |   1.017 s | best 7.746728e-01 @205 *
epoch  206 | train 7.894920e-01 | val 7.746622e-01 |   1.024 s | best 7.746622e-01 @206 *
epoch  207 | train 7.820902e-01 | val 7.746574e-01 |   1.018 s | best 7.746574e-01 @207 *
epoch  208 | train 7.855635e-01 | val 7.746474e-01 |   1.018 s | best 7.746474e-01 @208 *
epoch  209 | train 7.874919e-01 | val 7.746303e-01 |   1.026 s | best 7.746303e-01 @209 *
epoch  210 | train 7.895798e-01 | val 7.746219e-01 |   1.016 s | best 7.746219e-01 @210 *
epoch  211 | train 7.867938e-01 | val 7.746097e-01 |   1.018 s | best 7.746097e-01 @211 *
epoch  212 | train 7.864560e-01 | val 7.745934e-01 |   1.022 s | best 7.745934e-01 @212 *
epoch  213 | train 7.881762e-01 | val 7.745844e-01 |   1.016 s | best 7.745844e-01 @213 *
epoch  214 | train 7.868432e-01 | val 7.745672e-01 |   1.017 s | best 7.745672e-01 @214 *
epoch  215 | train 7.868499e-01 | val 7.745538e-01 |   1.025 s | best 7.745538e-01 @215 *
epoch  216 | train 7.865765e-01 | val 7.745380e-01 |   1.018 s | best 7.745380e-01 @216 *
epoch  217 | train 7.852548e-01 | val 7.745137e-01 |   1.018 s | best 7.745137e-01 @217 *
epoch  218 | train 7.900177e-01 | val 7.744975e-01 |   1.021 s | best 7.744975e-01 @218 *
epoch  219 | train 7.863067e-01 | val 7.744776e-01 |   1.022 s | best 7.744776e-01 @219 *
epoch  220 | train 7.841252e-01 | val 7.744585e-01 |   1.019 s | best 7.744585e-01 @220 *
epoch  221 | train 7.903610e-01 | val 7.744451e-01 |   1.021 s | best 7.744451e-01 @221 *
epoch  222 | train 7.878308e-01 | val 7.744299e-01 |   1.024 s | best 7.744299e-01 @222 *
epoch  223 | train 7.884471e-01 | val 7.744139e-01 |   1.018 s | best 7.744139e-01 @223 *
epoch  224 | train 7.897729e-01 | val 7.743991e-01 |   1.016 s | best 7.743991e-01 @224 *
epoch  225 | train 7.867068e-01 | val 7.743824e-01 |   1.022 s | best 7.743824e-01 @225 *
epoch  226 | train 7.847010e-01 | val 7.743667e-01 |   1.017 s | best 7.743667e-01 @226 *
epoch  227 | train 7.822506e-01 | val 7.743513e-01 |   1.023 s | best 7.743513e-01 @227 *
epoch  228 | train 7.868531e-01 | val 7.743425e-01 |   1.026 s | best 7.743425e-01 @228 *
epoch  229 | train 7.896933e-01 | val 7.743266e-01 |   1.020 s | best 7.743266e-01 @229 *
epoch  230 | train 7.859728e-01 | val 7.743102e-01 |   1.020 s | best 7.743102e-01 @230 *
epoch  231 | train 7.864314e-01 | val 7.742907e-01 |   1.023 s | best 7.742907e-01 @231 *
epoch  232 | train 7.896617e-01 | val 7.742692e-01 |   1.019 s | best 7.742692e-01 @232 *
epoch  233 | train 7.909397e-01 | val 7.742514e-01 |   1.018 s | best 7.742514e-01 @233 *
epoch  234 | train 7.869540e-01 | val 7.742370e-01 |   1.007 s | best 7.742370e-01 @234 *
epoch  235 | train 7.852212e-01 | val 7.742157e-01 |   0.988 s | best 7.742157e-01 @235 *
epoch  236 | train 7.850493e-01 | val 7.741979e-01 |   0.989 s | best 7.741979e-01 @236 *
epoch  237 | train 7.878481e-01 | val 7.741873e-01 |   1.022 s | best 7.741873e-01 @237 *
epoch  238 | train 7.853126e-01 | val 7.741713e-01 |   0.999 s | best 7.741713e-01 @238 *
epoch  239 | train 7.874265e-01 | val 7.741538e-01 |   0.991 s | best 7.741538e-01 @239 *
epoch  240 | train 7.848855e-01 | val 7.741350e-01 |   0.993 s | best 7.741350e-01 @240 *
epoch  241 | train 7.876127e-01 | val 7.741117e-01 |   0.995 s | best 7.741117e-01 @241 *
epoch  242 | train 7.853617e-01 | val 7.740907e-01 |   0.992 s | best 7.740907e-01 @242 *
epoch  243 | train 7.863812e-01 | val 7.740649e-01 |   0.992 s | best 7.740649e-01 @243 *
epoch  244 | train 7.848244e-01 | val 7.740452e-01 |   0.992 s | best 7.740452e-01 @244 *
epoch  245 | train 7.865090e-01 | val 7.740314e-01 |   0.997 s | best 7.740314e-01 @245 *
epoch  246 | train 7.867945e-01 | val 7.740150e-01 |   0.989 s | best 7.740150e-01 @246 *
epoch  247 | train 7.855172e-01 | val 7.739968e-01 |   0.988 s | best 7.739968e-01 @247 *
epoch  248 | train 7.874759e-01 | val 7.739736e-01 |   0.986 s | best 7.739736e-01 @248 *
epoch  249 | train 7.904606e-01 | val 7.739587e-01 |   0.995 s | best 7.739587e-01 @249 *
epoch  250 | train 7.842463e-01 | val 7.739416e-01 |   0.991 s | best 7.739416e-01 @250 *
epoch  251 | train 7.888828e-01 | val 7.739286e-01 |   0.987 s | best 7.739286e-01 @251 *
epoch  252 | train 7.866524e-01 | val 7.739147e-01 |   0.991 s | best 7.739147e-01 @252 *
epoch  253 | train 7.844785e-01 | val 7.738999e-01 |   0.993 s | best 7.738999e-01 @253 *
epoch  254 | train 7.851704e-01 | val 7.738803e-01 |   0.989 s | best 7.738803e-01 @254 *
epoch  255 | train 7.823720e-01 | val 7.738574e-01 |   0.989 s | best 7.738574e-01 @255 *
epoch  256 | train 7.785219e-01 | val 7.738423e-01 |   0.995 s | best 7.738423e-01 @256 *
epoch  257 | train 7.843524e-01 | val 7.738183e-01 |   0.989 s | best 7.738183e-01 @257 *
epoch  258 | train 7.830969e-01 | val 7.737964e-01 |   0.987 s | best 7.737964e-01 @258 *
epoch  259 | train 7.863146e-01 | val 7.737676e-01 |   0.990 s | best 7.737676e-01 @259 *
epoch  260 | train 7.869141e-01 | val 7.737410e-01 |   0.996 s | best 7.737410e-01 @260 *
epoch  261 | train 7.812565e-01 | val 7.737164e-01 |   0.987 s | best 7.737164e-01 @261 *
epoch  262 | train 7.853819e-01 | val 7.736931e-01 |   0.988 s | best 7.736931e-01 @262 *
epoch  263 | train 7.871988e-01 | val 7.736755e-01 |   0.996 s | best 7.736755e-01 @263 *
epoch  264 | train 7.888591e-01 | val 7.736526e-01 |   0.990 s | best 7.736526e-01 @264 *
epoch  265 | train 7.863973e-01 | val 7.736276e-01 |   0.990 s | best 7.736276e-01 @265 *
epoch  266 | train 7.858922e-01 | val 7.736081e-01 |   0.990 s | best 7.736081e-01 @266 *
epoch  267 | train 7.893009e-01 | val 7.735856e-01 |   0.993 s | best 7.735856e-01 @267 *
epoch  268 | train 7.895027e-01 | val 7.735580e-01 |   0.987 s | best 7.735580e-01 @268 *
epoch  269 | train 7.844876e-01 | val 7.735368e-01 |   0.989 s | best 7.735368e-01 @269 *
epoch  270 | train 7.837313e-01 | val 7.735196e-01 |   0.992 s | best 7.735196e-01 @270 *
epoch  271 | train 7.870326e-01 | val 7.735091e-01 |   0.988 s | best 7.735091e-01 @271 *
epoch  272 | train 7.808767e-01 | val 7.734891e-01 |   0.989 s | best 7.734891e-01 @272 *
epoch  273 | train 7.838415e-01 | val 7.734722e-01 |   0.986 s | best 7.734722e-01 @273 *
epoch  274 | train 7.882816e-01 | val 7.734579e-01 |   0.991 s | best 7.734579e-01 @274 *
epoch  275 | train 7.880944e-01 | val 7.734506e-01 |   0.988 s | best 7.734506e-01 @275 *
epoch  276 | train 7.908108e-01 | val 7.734350e-01 |   0.990 s | best 7.734350e-01 @276 *
epoch  277 | train 7.815764e-01 | val 7.734124e-01 |   0.995 s | best 7.734124e-01 @277 *
epoch  278 | train 7.877692e-01 | val 7.733983e-01 |   0.997 s | best 7.733983e-01 @278 *
epoch  279 | train 7.846794e-01 | val 7.733928e-01 |   0.993 s | best 7.733928e-01 @279 *
epoch  280 | train 7.836812e-01 | val 7.733816e-01 |   0.990 s | best 7.733816e-01 @280 *
epoch  281 | train 7.840722e-01 | val 7.733715e-01 |   0.997 s | best 7.733715e-01 @281 *
epoch  282 | train 7.824047e-01 | val 7.733591e-01 |   0.990 s | best 7.733591e-01 @282 *
epoch  283 | train 7.925219e-01 | val 7.733449e-01 |   0.991 s | best 7.733449e-01 @283 *
epoch  284 | train 7.885064e-01 | val 7.733306e-01 |   0.989 s | best 7.733306e-01 @284 *
epoch  285 | train 7.820079e-01 | val 7.733216e-01 |   0.996 s | best 7.733216e-01 @285 *
epoch  286 | train 7.883511e-01 | val 7.733153e-01 |   0.989 s | best 7.733153e-01 @286 *
epoch  287 | train 7.821995e-01 | val 7.733043e-01 |   0.987 s | best 7.733043e-01 @287 *
epoch  288 | train 7.856815e-01 | val 7.732928e-01 |   0.993 s | best 7.732928e-01 @288 *
epoch  289 | train 7.869898e-01 | val 7.732812e-01 |   0.991 s | best 7.732812e-01 @289 *
epoch  290 | train 7.835280e-01 | val 7.732714e-01 |   0.988 s | best 7.732714e-01 @290 *
epoch  291 | train 7.887280e-01 | val 7.732614e-01 |   0.989 s | best 7.732614e-01 @291 *
epoch  292 | train 7.874886e-01 | val 7.732526e-01 |   0.995 s | best 7.732526e-01 @292 *
epoch  293 | train 7.856507e-01 | val 7.732378e-01 |   0.989 s | best 7.732378e-01 @293 *
epoch  294 | train 7.867929e-01 | val 7.732254e-01 |   0.994 s | best 7.732254e-01 @294 *
epoch  295 | train 7.843129e-01 | val 7.732193e-01 |   0.996 s | best 7.732193e-01 @295 *
epoch  296 | train 7.880030e-01 | val 7.732072e-01 |   0.990 s | best 7.732072e-01 @296 *
epoch  297 | train 7.861136e-01 | val 7.731996e-01 |   0.990 s | best 7.731996e-01 @297 *
epoch  298 | train 7.842259e-01 | val 7.731852e-01 |   0.991 s | best 7.731852e-01 @298 *
epoch  299 | train 7.802648e-01 | val 7.731721e-01 |   0.997 s | best 7.731721e-01 @299 *
epoch  300 | train 7.825963e-01 | val 7.731528e-01 |   0.996 s | best 7.731528e-01 @300 *
epoch  301 | train 7.867869e-01 | val 7.731441e-01 |   0.988 s | best 7.731441e-01 @301 *
epoch  302 | train 7.855423e-01 | val 7.731342e-01 |   0.990 s | best 7.731342e-01 @302 *
epoch  303 | train 7.859428e-01 | val 7.731218e-01 |   0.991 s | best 7.731218e-01 @303 *
epoch  304 | train 7.837682e-01 | val 7.731136e-01 |   0.992 s | best 7.731136e-01 @304 *
epoch  305 | train 7.863520e-01 | val 7.731033e-01 |   1.014 s | best 7.731033e-01 @305 *
epoch  306 | train 7.835567e-01 | val 7.730853e-01 |   0.988 s | best 7.730853e-01 @306 *
epoch  307 | train 7.860256e-01 | val 7.730671e-01 |   0.996 s | best 7.730671e-01 @307 *
epoch  308 | train 7.832447e-01 | val 7.730538e-01 |   0.998 s | best 7.730538e-01 @308 *
epoch  309 | train 7.838054e-01 | val 7.730383e-01 |   1.019 s | best 7.730383e-01 @309 *
epoch  310 | train 7.844114e-01 | val 7.730262e-01 |   1.006 s | best 7.730262e-01 @310 *
epoch  311 | train 7.813203e-01 | val 7.730181e-01 |   1.001 s | best 7.730181e-01 @311 *
epoch  312 | train 7.860750e-01 | val 7.730066e-01 |   1.004 s | best 7.730066e-01 @312 *
epoch  313 | train 7.875410e-01 | val 7.729947e-01 |   1.005 s | best 7.729947e-01 @313 *
epoch  314 | train 7.796382e-01 | val 7.729723e-01 |   1.017 s | best 7.729723e-01 @314 *
epoch  315 | train 7.863436e-01 | val 7.729542e-01 |   1.007 s | best 7.729542e-01 @315 *
epoch  316 | train 7.823140e-01 | val 7.729440e-01 |   1.001 s | best 7.729440e-01 @316 *
epoch  317 | train 7.846433e-01 | val 7.729279e-01 |   0.553 s | best 7.729279e-01 @317 *
epoch  318 | train 7.822384e-01 | val 7.729155e-01 |   0.968 s | best 7.729155e-01 @318 *
epoch  319 | train 7.844181e-01 | val 7.729023e-01 |   1.013 s | best 7.729023e-01 @319 *
epoch  320 | train 7.872512e-01 | val 7.728912e-01 |   1.039 s | best 7.728912e-01 @320 *
epoch  321 | train 7.836719e-01 | val 7.728752e-01 |   0.999 s | best 7.728752e-01 @321 *
epoch  322 | train 7.888793e-01 | val 7.728614e-01 |   1.009 s | best 7.728614e-01 @322 *
epoch  323 | train 7.838867e-01 | val 7.728521e-01 |   1.005 s | best 7.728521e-01 @323 *
epoch  324 | train 7.847835e-01 | val 7.728433e-01 |   1.008 s | best 7.728433e-01 @324 *
epoch  325 | train 7.845823e-01 | val 7.728303e-01 |   1.025 s | best 7.728303e-01 @325 *
epoch  326 | train 7.827918e-01 | val 7.728156e-01 |   1.001 s | best 7.728156e-01 @326 *
epoch  327 | train 7.842473e-01 | val 7.727947e-01 |   1.006 s | best 7.727947e-01 @327 *
epoch  328 | train 7.886736e-01 | val 7.727817e-01 |   1.001 s | best 7.727817e-01 @328 *
epoch  329 | train 7.850095e-01 | val 7.727663e-01 |   1.007 s | best 7.727663e-01 @329 *
epoch  330 | train 7.888501e-01 | val 7.727426e-01 |   1.026 s | best 7.727426e-01 @330 *
epoch  331 | train 7.845989e-01 | val 7.727211e-01 |   1.002 s | best 7.727211e-01 @331 *
epoch  332 | train 7.841352e-01 | val 7.726976e-01 |   1.007 s | best 7.726976e-01 @332 *
epoch  333 | train 7.855713e-01 | val 7.726763e-01 |   1.008 s | best 7.726763e-01 @333 *
epoch  334 | train 7.798573e-01 | val 7.726499e-01 |   1.008 s | best 7.726499e-01 @334 *
epoch  335 | train 7.845528e-01 | val 7.726304e-01 |   1.023 s | best 7.726304e-01 @335 *
epoch  336 | train 7.809169e-01 | val 7.726117e-01 |   1.005 s | best 7.726117e-01 @336 *
epoch  337 | train 7.872242e-01 | val 7.725881e-01 |   1.013 s | best 7.725881e-01 @337 *
epoch  338 | train 7.851474e-01 | val 7.725616e-01 |   1.012 s | best 7.725616e-01 @338 *
epoch  339 | train 7.877121e-01 | val 7.725391e-01 |   1.011 s | best 7.725391e-01 @339 *
epoch  340 | train 7.888441e-01 | val 7.725124e-01 |   1.049 s | best 7.725124e-01 @340 *
epoch  341 | train 7.838751e-01 | val 7.724911e-01 |   1.011 s | best 7.724911e-01 @341 *
epoch  342 | train 7.860006e-01 | val 7.724631e-01 |   1.001 s | best 7.724631e-01 @342 *
epoch  343 | train 7.837767e-01 | val 7.724465e-01 |   1.007 s | best 7.724465e-01 @343 *
epoch  344 | train 7.817788e-01 | val 7.724251e-01 |   1.006 s | best 7.724251e-01 @344 *
epoch  345 | train 7.826413e-01 | val 7.724016e-01 |   1.020 s | best 7.724016e-01 @345 *
epoch  346 | train 7.829968e-01 | val 7.723798e-01 |   1.009 s | best 7.723798e-01 @346 *
epoch  347 | train 7.832940e-01 | val 7.723510e-01 |   1.004 s | best 7.723510e-01 @347 *
epoch  348 | train 7.863839e-01 | val 7.723277e-01 |   1.006 s | best 7.723277e-01 @348 *
epoch  349 | train 7.815259e-01 | val 7.723040e-01 |   1.007 s | best 7.723040e-01 @349 *
epoch  350 | train 7.837090e-01 | val 7.722849e-01 |   1.045 s | best 7.722849e-01 @350 *
epoch  351 | train 7.850248e-01 | val 7.722631e-01 |   1.012 s | best 7.722631e-01 @351 *
epoch  352 | train 7.828797e-01 | val 7.722414e-01 |   1.003 s | best 7.722414e-01 @352 *
epoch  353 | train 7.853240e-01 | val 7.722201e-01 |   1.007 s | best 7.722201e-01 @353 *
epoch  354 | train 7.854751e-01 | val 7.721905e-01 |   1.009 s | best 7.721905e-01 @354 *
epoch  355 | train 7.846271e-01 | val 7.721676e-01 |   1.021 s | best 7.721676e-01 @355 *
epoch  356 | train 7.842074e-01 | val 7.721467e-01 |   1.011 s | best 7.721467e-01 @356 *
epoch  357 | train 7.868410e-01 | val 7.721173e-01 |   1.003 s | best 7.721173e-01 @357 *
epoch  358 | train 7.822721e-01 | val 7.720932e-01 |   1.005 s | best 7.720932e-01 @358 *
epoch  359 | train 7.828485e-01 | val 7.720703e-01 |   1.007 s | best 7.720703e-01 @359 *
epoch  360 | train 7.859218e-01 | val 7.720412e-01 |   1.022 s | best 7.720412e-01 @360 *
epoch  361 | train 7.847074e-01 | val 7.720160e-01 |   1.012 s | best 7.720160e-01 @361 *
epoch  362 | train 7.859219e-01 | val 7.719881e-01 |   1.002 s | best 7.719881e-01 @362 *
epoch  363 | train 7.837438e-01 | val 7.719617e-01 |   1.005 s | best 7.719617e-01 @363 *
epoch  364 | train 7.835095e-01 | val 7.719451e-01 |   1.006 s | best 7.719451e-01 @364 *
epoch  365 | train 7.860100e-01 | val 7.719293e-01 |   1.023 s | best 7.719293e-01 @365 *
epoch  366 | train 7.845790e-01 | val 7.719099e-01 |   1.012 s | best 7.719099e-01 @366 *
epoch  367 | train 7.877761e-01 | val 7.718946e-01 |   1.002 s | best 7.718946e-01 @367 *
epoch  368 | train 7.803868e-01 | val 7.718629e-01 |   0.674 s | best 7.718629e-01 @368 *
epoch  369 | train 7.789156e-01 | val 7.718349e-01 |   0.864 s | best 7.718349e-01 @369 *
epoch  370 | train 7.855838e-01 | val 7.718022e-01 |   1.012 s | best 7.718022e-01 @370 *
epoch  371 | train 7.845412e-01 | val 7.717775e-01 |   1.025 s | best 7.717775e-01 @371 *
epoch  372 | train 7.815527e-01 | val 7.717458e-01 |   1.000 s | best 7.717458e-01 @372 *
epoch  373 | train 7.816428e-01 | val 7.717142e-01 |   1.008 s | best 7.717142e-01 @373 *
epoch  374 | train 7.834443e-01 | val 7.716886e-01 |   1.006 s | best 7.716886e-01 @374 *
epoch  375 | train 7.854563e-01 | val 7.716550e-01 |   1.010 s | best 7.716550e-01 @375 *
epoch  376 | train 7.798066e-01 | val 7.716267e-01 |   1.025 s | best 7.716267e-01 @376 *
epoch  377 | train 7.824998e-01 | val 7.716053e-01 |   1.006 s | best 7.716053e-01 @377 *
epoch  378 | train 7.815791e-01 | val 7.715775e-01 |   1.008 s | best 7.715775e-01 @378 *
epoch  379 | train 7.829889e-01 | val 7.715534e-01 |   1.011 s | best 7.715534e-01 @379 *
epoch  380 | train 7.785825e-01 | val 7.715272e-01 |   1.009 s | best 7.715272e-01 @380 *
epoch  381 | train 7.824813e-01 | val 7.715030e-01 |   1.025 s | best 7.715030e-01 @381 *
epoch  382 | train 7.792891e-01 | val 7.714753e-01 |   1.005 s | best 7.714753e-01 @382 *
epoch  383 | train 7.861530e-01 | val 7.714399e-01 |   1.004 s | best 7.714399e-01 @383 *
epoch  384 | train 7.823470e-01 | val 7.714067e-01 |   0.995 s | best 7.714067e-01 @384 *
epoch  385 | train 7.812894e-01 | val 7.713793e-01 |   0.992 s | best 7.713793e-01 @385 *
epoch  386 | train 7.832478e-01 | val 7.713576e-01 |   1.017 s | best 7.713576e-01 @386 *
epoch  387 | train 7.862156e-01 | val 7.713338e-01 |   0.992 s | best 7.713338e-01 @387 *
epoch  388 | train 7.895598e-01 | val 7.713012e-01 |   0.992 s | best 7.713012e-01 @388 *
epoch  389 | train 7.808718e-01 | val 7.712674e-01 |   0.990 s | best 7.712674e-01 @389 *
epoch  390 | train 7.805900e-01 | val 7.712370e-01 |   0.991 s | best 7.712370e-01 @390 *
epoch  391 | train 7.777900e-01 | val 7.712050e-01 |   1.001 s | best 7.712050e-01 @391 *
epoch  392 | train 7.793356e-01 | val 7.711704e-01 |   0.994 s | best 7.711704e-01 @392 *
epoch  393 | train 7.812882e-01 | val 7.711447e-01 |   0.990 s | best 7.711447e-01 @393 *
epoch  394 | train 7.836653e-01 | val 7.711201e-01 |   0.991 s | best 7.711201e-01 @394 *
epoch  395 | train 7.866459e-01 | val 7.710907e-01 |   1.001 s | best 7.710907e-01 @395 *
epoch  396 | train 7.810714e-01 | val 7.710772e-01 |   1.015 s | best 7.710772e-01 @396 *
epoch  397 | train 7.881794e-01 | val 7.710458e-01 |   0.991 s | best 7.710458e-01 @397 *
epoch  398 | train 7.820287e-01 | val 7.710151e-01 |   1.011 s | best 7.710151e-01 @398 *
epoch  399 | train 7.813778e-01 | val 7.709786e-01 |   0.995 s | best 7.709786e-01 @399 *
epoch  400 | train 7.833807e-01 | val 7.709458e-01 |   0.990 s | best 7.709458e-01 @400 *
epoch  401 | train 7.816240e-01 | val 7.709203e-01 |   1.016 s | best 7.709203e-01 @401 *
epoch  402 | train 7.810098e-01 | val 7.708965e-01 |   1.003 s | best 7.708965e-01 @402 *
epoch  403 | train 7.784055e-01 | val 7.708743e-01 |   0.995 s | best 7.708743e-01 @403 *
epoch  404 | train 7.820051e-01 | val 7.708462e-01 |   0.992 s | best 7.708462e-01 @404 *
epoch  405 | train 7.836987e-01 | val 7.708241e-01 |   0.996 s | best 7.708241e-01 @405 *
epoch  406 | train 7.810358e-01 | val 7.707987e-01 |   0.993 s | best 7.707987e-01 @406 *
epoch  407 | train 7.876861e-01 | val 7.707680e-01 |   0.989 s | best 7.707680e-01 @407 *
epoch  408 | train 7.791038e-01 | val 7.707338e-01 |   0.996 s | best 7.707338e-01 @408 *
epoch  409 | train 7.841246e-01 | val 7.707106e-01 |   0.995 s | best 7.707106e-01 @409 *
epoch  410 | train 7.799530e-01 | val 7.706845e-01 |   0.992 s | best 7.706845e-01 @410 *
epoch  411 | train 7.851693e-01 | val 7.706591e-01 |   0.989 s | best 7.706591e-01 @411 *
epoch  412 | train 7.799924e-01 | val 7.706318e-01 |   0.988 s | best 7.706318e-01 @412 *
epoch  413 | train 7.837770e-01 | val 7.706005e-01 |   0.997 s | best 7.706005e-01 @413 *
epoch  414 | train 7.796393e-01 | val 7.705757e-01 |   0.994 s | best 7.705757e-01 @414 *
epoch  415 | train 7.799863e-01 | val 7.705488e-01 |   0.988 s | best 7.705488e-01 @415 *
epoch  416 | train 7.805843e-01 | val 7.705256e-01 |   0.989 s | best 7.705256e-01 @416 *
epoch  417 | train 7.838209e-01 | val 7.705035e-01 |   0.989 s | best 7.705035e-01 @417 *
epoch  418 | train 7.880095e-01 | val 7.704713e-01 |   0.990 s | best 7.704713e-01 @418 *
epoch  419 | train 7.835301e-01 | val 7.704463e-01 |   0.993 s | best 7.704463e-01 @419 *
epoch  420 | train 7.844440e-01 | val 7.704162e-01 |   0.989 s | best 7.704162e-01 @420 *
epoch  421 | train 7.781955e-01 | val 7.703905e-01 |   0.989 s | best 7.703905e-01 @421 *
epoch  422 | train 7.856762e-01 | val 7.703647e-01 |   0.990 s | best 7.703647e-01 @422 *
epoch  423 | train 7.788483e-01 | val 7.703425e-01 |   1.011 s | best 7.703425e-01 @423 *
epoch  424 | train 7.801443e-01 | val 7.703155e-01 |   1.009 s | best 7.703155e-01 @424 *
epoch  425 | train 7.792511e-01 | val 7.702857e-01 |   0.991 s | best 7.702857e-01 @425 *
epoch  426 | train 7.814591e-01 | val 7.702585e-01 |   0.987 s | best 7.702585e-01 @426 *
epoch  427 | train 7.809451e-01 | val 7.702265e-01 |   1.005 s | best 7.702265e-01 @427 *
epoch  428 | train 7.773162e-01 | val 7.702000e-01 |   1.003 s | best 7.702000e-01 @428 *
epoch  429 | train 7.840767e-01 | val 7.701828e-01 |   0.995 s | best 7.701828e-01 @429 *
epoch  430 | train 7.774262e-01 | val 7.701634e-01 |   0.985 s | best 7.701634e-01 @430 *
epoch  431 | train 7.842542e-01 | val 7.701327e-01 |   0.992 s | best 7.701327e-01 @431 *
epoch  432 | train 7.813360e-01 | val 7.701046e-01 |   0.993 s | best 7.701046e-01 @432 *
epoch  433 | train 7.868525e-01 | val 7.700725e-01 |   1.020 s | best 7.700725e-01 @433 *
epoch  434 | train 7.800633e-01 | val 7.700471e-01 |   0.990 s | best 7.700471e-01 @434 *
epoch  435 | train 7.831785e-01 | val 7.700229e-01 |   0.990 s | best 7.700229e-01 @435 *
epoch  436 | train 7.801867e-01 | val 7.699941e-01 |   0.986 s | best 7.699941e-01 @436 *
epoch  437 | train 7.772366e-01 | val 7.699615e-01 |   1.002 s | best 7.699615e-01 @437 *
epoch  438 | train 7.771086e-01 | val 7.699241e-01 |   1.001 s | best 7.699241e-01 @438 *
epoch  439 | train 7.795788e-01 | val 7.698811e-01 |   0.991 s | best 7.698811e-01 @439 *
epoch  440 | train 7.796028e-01 | val 7.698429e-01 |   0.988 s | best 7.698429e-01 @440 *
epoch  441 | train 7.773382e-01 | val 7.698127e-01 |   0.985 s | best 7.698127e-01 @441 *
epoch  442 | train 7.800415e-01 | val 7.697824e-01 |   1.011 s | best 7.697824e-01 @442 *
epoch  443 | train 7.836626e-01 | val 7.697464e-01 |   1.006 s | best 7.697464e-01 @443 *
epoch  444 | train 7.794985e-01 | val 7.697099e-01 |   1.001 s | best 7.697099e-01 @444 *
epoch  445 | train 7.840198e-01 | val 7.696840e-01 |   0.990 s | best 7.696840e-01 @445 *
epoch  446 | train 7.780262e-01 | val 7.696583e-01 |   0.989 s | best 7.696583e-01 @446 *
epoch  447 | train 7.794324e-01 | val 7.696321e-01 |   1.004 s | best 7.696321e-01 @447 *
epoch  448 | train 7.732217e-01 | val 7.696040e-01 |   1.004 s | best 7.696040e-01 @448 *
epoch  449 | train 7.761997e-01 | val 7.695748e-01 |   0.986 s | best 7.695748e-01 @449 *
epoch  450 | train 7.773887e-01 | val 7.695457e-01 |   0.989 s | best 7.695457e-01 @450 *
epoch  451 | train 7.775611e-01 | val 7.695098e-01 |   0.991 s | best 7.695098e-01 @451 *
epoch  452 | train 7.778559e-01 | val 7.694746e-01 |   1.017 s | best 7.694746e-01 @452 *
epoch  453 | train 7.790618e-01 | val 7.694397e-01 |   0.985 s | best 7.694397e-01 @453 *
epoch  454 | train 7.787988e-01 | val 7.694061e-01 |   0.991 s | best 7.694061e-01 @454 *
epoch  455 | train 7.799647e-01 | val 7.693763e-01 |   0.986 s | best 7.693763e-01 @455 *
epoch  456 | train 7.775114e-01 | val 7.693484e-01 |   0.992 s | best 7.693484e-01 @456 *
epoch  457 | train 7.854458e-01 | val 7.693126e-01 |   1.009 s | best 7.693126e-01 @457 *
epoch  458 | train 7.766689e-01 | val 7.692708e-01 |   0.989 s | best 7.692708e-01 @458 *
epoch  459 | train 7.783109e-01 | val 7.692306e-01 |   0.986 s | best 7.692306e-01 @459 *
epoch  460 | train 7.827249e-01 | val 7.691815e-01 |   0.986 s | best 7.691815e-01 @460 *
epoch  461 | train 7.786849e-01 | val 7.691373e-01 |   1.008 s | best 7.691373e-01 @461 *
epoch  462 | train 7.809040e-01 | val 7.690929e-01 |   1.008 s | best 7.690929e-01 @462 *
epoch  463 | train 7.740220e-01 | val 7.690408e-01 |   0.991 s | best 7.690408e-01 @463 *
epoch  464 | train 7.796308e-01 | val 7.689978e-01 |   0.985 s | best 7.689978e-01 @464 *
epoch  465 | train 7.787378e-01 | val 7.689551e-01 |   1.015 s | best 7.689551e-01 @465 *
epoch  466 | train 7.814986e-01 | val 7.689019e-01 |   1.024 s | best 7.689019e-01 @466 *
epoch  467 | train 7.823807e-01 | val 7.688554e-01 |   1.012 s | best 7.688554e-01 @467 *
epoch  468 | train 7.806504e-01 | val 7.687979e-01 |   0.994 s | best 7.687979e-01 @468 *
epoch  469 | train 7.782441e-01 | val 7.687332e-01 |   1.004 s | best 7.687332e-01 @469 *
epoch  470 | train 7.784578e-01 | val 7.686767e-01 |   1.013 s | best 7.686767e-01 @470 *
epoch  471 | train 7.776617e-01 | val 7.686175e-01 |   1.077 s | best 7.686175e-01 @471 *
epoch  472 | train 7.778678e-01 | val 7.685497e-01 |   1.002 s | best 7.685497e-01 @472 *
epoch  473 | train 7.804196e-01 | val 7.684665e-01 |   0.996 s | best 7.684665e-01 @473 *
epoch  474 | train 7.776433e-01 | val 7.683823e-01 |   0.994 s | best 7.683823e-01 @474 *
epoch  475 | train 7.759064e-01 | val 7.683060e-01 |   1.030 s | best 7.683060e-01 @475 *
epoch  476 | train 7.766236e-01 | val 7.682384e-01 |   1.017 s | best 7.682384e-01 @476 *
epoch  477 | train 7.736102e-01 | val 7.681547e-01 |   0.981 s | best 7.681547e-01 @477 *
epoch  478 | train 7.794187e-01 | val 7.680750e-01 |   1.024 s | best 7.680750e-01 @478 *
epoch  479 | train 7.748480e-01 | val 7.679898e-01 |   0.999 s | best 7.679898e-01 @479 *
epoch  480 | train 7.750809e-01 | val 7.679085e-01 |   1.043 s | best 7.679085e-01 @480 *
epoch  481 | train 7.774221e-01 | val 7.678102e-01 |   1.063 s | best 7.678102e-01 @481 *
epoch  482 | train 7.791070e-01 | val 7.677165e-01 |   1.007 s | best 7.677165e-01 @482 *
epoch  483 | train 7.742322e-01 | val 7.676185e-01 |   0.986 s | best 7.676185e-01 @483 *
epoch  484 | train 7.760605e-01 | val 7.675069e-01 |   0.993 s | best 7.675069e-01 @484 *
epoch  485 | train 7.779526e-01 | val 7.673987e-01 |   1.002 s | best 7.673987e-01 @485 *
epoch  486 | train 7.744520e-01 | val 7.672881e-01 |   1.002 s | best 7.672881e-01 @486 *
epoch  487 | train 7.730151e-01 | val 7.671677e-01 |   0.987 s | best 7.671677e-01 @487 *
epoch  488 | train 7.763507e-01 | val 7.670434e-01 |   0.989 s | best 7.670434e-01 @488 *
epoch  489 | train 7.763583e-01 | val 7.669257e-01 |   0.993 s | best 7.669257e-01 @489 *
epoch  490 | train 7.738276e-01 | val 7.667976e-01 |   1.014 s | best 7.667976e-01 @490 *
epoch  491 | train 7.682206e-01 | val 7.666689e-01 |   0.987 s | best 7.666689e-01 @491 *
epoch  492 | train 7.711559e-01 | val 7.665237e-01 |   0.996 s | best 7.665237e-01 @492 *
epoch  493 | train 7.703316e-01 | val 7.663825e-01 |   0.993 s | best 7.663825e-01 @493 *
epoch  494 | train 7.708007e-01 | val 7.662483e-01 |   0.997 s | best 7.662483e-01 @494 *
epoch  495 | train 7.761704e-01 | val 7.660971e-01 |   1.032 s | best 7.660971e-01 @495 *
epoch  496 | train 7.745395e-01 | val 7.659381e-01 |   0.987 s | best 7.659381e-01 @496 *
epoch  497 | train 7.734146e-01 | val 7.657812e-01 |   0.990 s | best 7.657812e-01 @497 *
epoch  498 | train 7.734792e-01 | val 7.656187e-01 |   0.988 s | best 7.656187e-01 @498 *
epoch  499 | train 7.674207e-01 | val 7.654558e-01 |   1.011 s | best 7.654558e-01 @499 *
epoch  500 | train 7.709956e-01 | val 7.652871e-01 |   0.995 s | best 7.652871e-01 @500 *
epoch  501 | train 7.701679e-01 | val 7.651143e-01 |   0.992 s | best 7.651143e-01 @501 *
epoch  502 | train 7.720950e-01 | val 7.649546e-01 |   0.986 s | best 7.649546e-01 @502 *
epoch  503 | train 7.701998e-01 | val 7.647870e-01 |   0.990 s | best 7.647870e-01 @503 *
epoch  504 | train 7.711992e-01 | val 7.646122e-01 |   1.006 s | best 7.646122e-01 @504 *
epoch  505 | train 7.691043e-01 | val 7.644376e-01 |   1.001 s | best 7.644376e-01 @505 *
epoch  506 | train 7.697949e-01 | val 7.642636e-01 |   1.008 s | best 7.642636e-01 @506 *
epoch  507 | train 7.710359e-01 | val 7.640864e-01 |   1.009 s | best 7.640864e-01 @507 *
epoch  508 | train 7.693047e-01 | val 7.639058e-01 |   1.010 s | best 7.639058e-01 @508 *
epoch  509 | train 7.685386e-01 | val 7.637253e-01 |   1.012 s | best 7.637253e-01 @509 *
epoch  510 | train 7.687662e-01 | val 7.635368e-01 |   1.017 s | best 7.635368e-01 @510 *
epoch  511 | train 7.643957e-01 | val 7.633484e-01 |   1.005 s | best 7.633484e-01 @511 *
epoch  512 | train 7.732769e-01 | val 7.631558e-01 |   1.024 s | best 7.631558e-01 @512 *
epoch  513 | train 7.687297e-01 | val 7.629595e-01 |   0.994 s | best 7.629595e-01 @513 *
epoch  514 | train 7.633409e-01 | val 7.627499e-01 |   1.017 s | best 7.627499e-01 @514 *
epoch  515 | train 7.663988e-01 | val 7.625457e-01 |   1.000 s | best 7.625457e-01 @515 *
epoch  516 | train 7.699128e-01 | val 7.623428e-01 |   1.020 s | best 7.623428e-01 @516 *
epoch  517 | train 7.676390e-01 | val 7.621391e-01 |   1.000 s | best 7.621391e-01 @517 *
epoch  518 | train 7.683389e-01 | val 7.619224e-01 |   1.025 s | best 7.619224e-01 @518 *
epoch  519 | train 7.666605e-01 | val 7.617152e-01 |   1.004 s | best 7.617152e-01 @519 *
epoch  520 | train 7.688917e-01 | val 7.615092e-01 |   1.014 s | best 7.615092e-01 @520 *
epoch  521 | train 7.642799e-01 | val 7.612971e-01 |   1.007 s | best 7.612971e-01 @521 *
epoch  522 | train 7.712456e-01 | val 7.610826e-01 |   1.007 s | best 7.610826e-01 @522 *
epoch  523 | train 7.661404e-01 | val 7.608594e-01 |   1.004 s | best 7.608594e-01 @523 *
epoch  524 | train 7.664239e-01 | val 7.606369e-01 |   1.015 s | best 7.606369e-01 @524 *
epoch  525 | train 7.628629e-01 | val 7.604203e-01 |   1.012 s | best 7.604203e-01 @525 *
epoch  526 | train 7.702473e-01 | val 7.602021e-01 |   1.008 s | best 7.602021e-01 @526 *
epoch  527 | train 7.650040e-01 | val 7.599877e-01 |   1.011 s | best 7.599877e-01 @527 *
epoch  528 | train 7.660450e-01 | val 7.597752e-01 |   1.020 s | best 7.597752e-01 @528 *
epoch  529 | train 7.721747e-01 | val 7.595502e-01 |   1.004 s | best 7.595502e-01 @529 *
epoch  530 | train 7.677830e-01 | val 7.593313e-01 |   1.008 s | best 7.593313e-01 @530 *
epoch  531 | train 7.631008e-01 | val 7.591184e-01 |   1.020 s | best 7.591184e-01 @531 *
epoch  532 | train 7.621226e-01 | val 7.588995e-01 |   0.997 s | best 7.588995e-01 @532 *
epoch  533 | train 7.653823e-01 | val 7.586897e-01 |   1.024 s | best 7.586897e-01 @533 *
epoch  534 | train 7.675652e-01 | val 7.584811e-01 |   1.003 s | best 7.584811e-01 @534 *
epoch  535 | train 7.638675e-01 | val 7.582715e-01 |   1.022 s | best 7.582715e-01 @535 *
epoch  536 | train 7.639705e-01 | val 7.580574e-01 |   1.009 s | best 7.580574e-01 @536 *
epoch  537 | train 7.632964e-01 | val 7.578544e-01 |   1.012 s | best 7.578544e-01 @537 *
epoch  538 | train 7.650407e-01 | val 7.576603e-01 |   1.012 s | best 7.576603e-01 @538 *
epoch  539 | train 7.651566e-01 | val 7.574629e-01 |   1.010 s | best 7.574629e-01 @539 *
epoch  540 | train 7.635622e-01 | val 7.572767e-01 |   1.020 s | best 7.572767e-01 @540 *
epoch  541 | train 7.625985e-01 | val 7.570987e-01 |   1.008 s | best 7.570987e-01 @541 *
epoch  542 | train 7.653139e-01 | val 7.569219e-01 |   1.023 s | best 7.569219e-01 @542 *
epoch  543 | train 7.623117e-01 | val 7.567477e-01 |   1.004 s | best 7.567477e-01 @543 *
epoch  544 | train 7.637321e-01 | val 7.565665e-01 |   1.025 s | best 7.565665e-01 @544 *
epoch  545 | train 7.605354e-01 | val 7.564012e-01 |   1.002 s | best 7.564012e-01 @545 *
epoch  546 | train 7.607628e-01 | val 7.562324e-01 |   1.018 s | best 7.562324e-01 @546 *
epoch  547 | train 7.627739e-01 | val 7.560742e-01 |   1.002 s | best 7.560742e-01 @547 *
epoch  548 | train 7.612543e-01 | val 7.559106e-01 |   1.021 s | best 7.559106e-01 @548 *
epoch  549 | train 7.629646e-01 | val 7.557535e-01 |   1.002 s | best 7.557535e-01 @549 *
epoch  550 | train 7.646240e-01 | val 7.556005e-01 |   1.024 s | best 7.556005e-01 @550 *
epoch  551 | train 7.664380e-01 | val 7.554406e-01 |   1.004 s | best 7.554406e-01 @551 *
epoch  552 | train 7.672682e-01 | val 7.552865e-01 |   1.019 s | best 7.552865e-01 @552 *
epoch  553 | train 7.623082e-01 | val 7.551341e-01 |   1.002 s | best 7.551341e-01 @553 *
epoch  554 | train 7.660017e-01 | val 7.549926e-01 |   1.020 s | best 7.549926e-01 @554 *
epoch  555 | train 7.604455e-01 | val 7.548501e-01 |   0.998 s | best 7.548501e-01 @555 *
epoch  556 | train 7.636753e-01 | val 7.547137e-01 |   1.022 s | best 7.547137e-01 @556 *
epoch  557 | train 7.607702e-01 | val 7.545708e-01 |   1.006 s | best 7.545708e-01 @557 *
epoch  558 | train 7.607274e-01 | val 7.544402e-01 |   1.017 s | best 7.544402e-01 @558 *
epoch  559 | train 7.598781e-01 | val 7.543151e-01 |   1.008 s | best 7.543151e-01 @559 *
epoch  560 | train 7.607172e-01 | val 7.541811e-01 |   1.016 s | best 7.541811e-01 @560 *
epoch  561 | train 7.604282e-01 | val 7.540507e-01 |   1.003 s | best 7.540507e-01 @561 *
epoch  562 | train 7.612416e-01 | val 7.539246e-01 |   1.020 s | best 7.539246e-01 @562 *
epoch  563 | train 7.658376e-01 | val 7.537926e-01 |   1.014 s | best 7.537926e-01 @563 *
epoch  564 | train 7.615713e-01 | val 7.536629e-01 |   1.018 s | best 7.536629e-01 @564 *
epoch  565 | train 7.632049e-01 | val 7.535295e-01 |   1.015 s | best 7.535295e-01 @565 *
epoch  566 | train 7.597085e-01 | val 7.534096e-01 |   1.008 s | best 7.534096e-01 @566 *
epoch  567 | train 7.600895e-01 | val 7.532886e-01 |   1.009 s | best 7.532886e-01 @567 *
epoch  568 | train 7.572726e-01 | val 7.531669e-01 |   1.013 s | best 7.531669e-01 @568 *
epoch  569 | train 7.609412e-01 | val 7.530648e-01 |   1.012 s | best 7.530648e-01 @569 *
epoch  570 | train 7.629257e-01 | val 7.529590e-01 |   1.010 s | best 7.529590e-01 @570 *
epoch  571 | train 7.587407e-01 | val 7.528381e-01 |   1.025 s | best 7.528381e-01 @571 *
epoch  572 | train 7.658299e-01 | val 7.527215e-01 |   1.003 s | best 7.527215e-01 @572 *
epoch  573 | train 7.588902e-01 | val 7.526059e-01 |   1.018 s | best 7.526059e-01 @573 *
epoch  574 | train 7.573850e-01 | val 7.524859e-01 |   1.006 s | best 7.524859e-01 @574 *
epoch  575 | train 7.587502e-01 | val 7.523676e-01 |   1.019 s | best 7.523676e-01 @575 *
epoch  576 | train 7.601351e-01 | val 7.522544e-01 |   1.005 s | best 7.522544e-01 @576 *
epoch  577 | train 7.597117e-01 | val 7.521569e-01 |   1.026 s | best 7.521569e-01 @577 *
epoch  578 | train 7.527054e-01 | val 7.520481e-01 |   1.001 s | best 7.520481e-01 @578 *
epoch  579 | train 7.601090e-01 | val 7.519369e-01 |   1.023 s | best 7.519369e-01 @579 *
epoch  580 | train 7.625912e-01 | val 7.518360e-01 |   1.001 s | best 7.518360e-01 @580 *
epoch  581 | train 7.533934e-01 | val 7.517272e-01 |   1.018 s | best 7.517272e-01 @581 *
epoch  582 | train 7.530532e-01 | val 7.516260e-01 |   1.003 s | best 7.516260e-01 @582 *
epoch  583 | train 7.626823e-01 | val 7.515168e-01 |   1.021 s | best 7.515168e-01 @583 *
epoch  584 | train 7.610550e-01 | val 7.514168e-01 |   1.001 s | best 7.514168e-01 @584 *
epoch  585 | train 7.594453e-01 | val 7.513242e-01 |   1.021 s | best 7.513242e-01 @585 *
epoch  586 | train 7.572071e-01 | val 7.512227e-01 |   0.985 s | best 7.512227e-01 @586 *
epoch  587 | train 7.606308e-01 | val 7.511153e-01 |   0.997 s | best 7.511153e-01 @587 *
epoch  588 | train 7.569542e-01 | val 7.510106e-01 |   0.997 s | best 7.510106e-01 @588 *
epoch  589 | train 7.585894e-01 | val 7.508962e-01 |   1.018 s | best 7.508962e-01 @589 *
epoch  590 | train 7.612248e-01 | val 7.507925e-01 |   0.992 s | best 7.507925e-01 @590 *
epoch  591 | train 7.533020e-01 | val 7.506944e-01 |   0.993 s | best 7.506944e-01 @591 *
epoch  592 | train 7.556818e-01 | val 7.505984e-01 |   0.988 s | best 7.505984e-01 @592 *
epoch  593 | train 7.569777e-01 | val 7.505064e-01 |   1.003 s | best 7.505064e-01 @593 *
epoch  594 | train 7.596418e-01 | val 7.504067e-01 |   0.987 s | best 7.504067e-01 @594 *
epoch  595 | train 7.569239e-01 | val 7.503219e-01 |   0.990 s | best 7.503219e-01 @595 *
epoch  596 | train 7.583833e-01 | val 7.502194e-01 |   0.991 s | best 7.502194e-01 @596 *
epoch  597 | train 7.609776e-01 | val 7.501282e-01 |   0.994 s | best 7.501282e-01 @597 *
epoch  598 | train 7.573582e-01 | val 7.500367e-01 |   0.988 s | best 7.500367e-01 @598 *
epoch  599 | train 7.573121e-01 | val 7.499495e-01 |   0.991 s | best 7.499495e-01 @599 *
epoch  600 | train 7.620637e-01 | val 7.498579e-01 |   0.999 s | best 7.498579e-01 @600 *
epoch  601 | train 7.515591e-01 | val 7.497567e-01 |   0.934 s | best 7.497567e-01 @601 *
epoch  602 | train 7.604805e-01 | val 7.496814e-01 |   0.991 s | best 7.496814e-01 @602 *
epoch  603 | train 7.549388e-01 | val 7.495847e-01 |   0.986 s | best 7.495847e-01 @603 *
epoch  604 | train 7.566239e-01 | val 7.494903e-01 |   0.999 s | best 7.494903e-01 @604 *
epoch  605 | train 7.578720e-01 | val 7.494010e-01 |   0.985 s | best 7.494010e-01 @605 *
epoch  606 | train 7.550707e-01 | val 7.493121e-01 |   0.990 s | best 7.493121e-01 @606 *
epoch  607 | train 7.564609e-01 | val 7.492198e-01 |   0.994 s | best 7.492198e-01 @607 *
epoch  608 | train 7.645541e-01 | val 7.491186e-01 |   0.992 s | best 7.491186e-01 @608 *
epoch  609 | train 7.586988e-01 | val 7.490186e-01 |   0.985 s | best 7.490186e-01 @609 *
epoch  610 | train 7.589829e-01 | val 7.489254e-01 |   0.988 s | best 7.489254e-01 @610 *
epoch  611 | train 7.536674e-01 | val 7.488258e-01 |   0.996 s | best 7.488258e-01 @611 *
epoch  612 | train 7.524456e-01 | val 7.487273e-01 |   0.989 s | best 7.487273e-01 @612 *
epoch  613 | train 7.557376e-01 | val 7.486340e-01 |   0.985 s | best 7.486340e-01 @613 *
epoch  614 | train 7.587785e-01 | val 7.485452e-01 |   0.987 s | best 7.485452e-01 @614 *
epoch  615 | train 7.544403e-01 | val 7.484475e-01 |   0.992 s | best 7.484475e-01 @615 *
epoch  616 | train 7.556874e-01 | val 7.483621e-01 |   0.987 s | best 7.483621e-01 @616 *
epoch  617 | train 7.553947e-01 | val 7.482716e-01 |   1.009 s | best 7.482716e-01 @617 *
epoch  618 | train 7.543009e-01 | val 7.481757e-01 |   0.999 s | best 7.481757e-01 @618 *
epoch  619 | train 7.586748e-01 | val 7.480786e-01 |   0.990 s | best 7.480786e-01 @619 *
epoch  620 | train 7.589296e-01 | val 7.479905e-01 |   0.987 s | best 7.479905e-01 @620 *
epoch  621 | train 7.560352e-01 | val 7.478877e-01 |   0.989 s | best 7.478877e-01 @621 *
epoch  622 | train 7.538358e-01 | val 7.477913e-01 |   0.993 s | best 7.477913e-01 @622 *
epoch  623 | train 7.544210e-01 | val 7.477154e-01 |   0.992 s | best 7.477154e-01 @623 *
epoch  624 | train 7.564839e-01 | val 7.476396e-01 |   0.988 s | best 7.476396e-01 @624 *
epoch  625 | train 7.503264e-01 | val 7.475666e-01 |   0.989 s | best 7.475666e-01 @625 *
epoch  626 | train 7.525018e-01 | val 7.474731e-01 |   0.990 s | best 7.474731e-01 @626 *
epoch  627 | train 7.557643e-01 | val 7.473673e-01 |   0.988 s | best 7.473673e-01 @627 *
epoch  628 | train 7.556523e-01 | val 7.472792e-01 |   0.987 s | best 7.472792e-01 @628 *
epoch  629 | train 7.560374e-01 | val 7.471832e-01 |   0.987 s | best 7.471832e-01 @629 *
epoch  630 | train 7.548720e-01 | val 7.470890e-01 |   0.985 s | best 7.470890e-01 @630 *
epoch  631 | train 7.553620e-01 | val 7.469893e-01 |   0.988 s | best 7.469893e-01 @631 *
epoch  632 | train 7.570859e-01 | val 7.469082e-01 |   1.006 s | best 7.469082e-01 @632 *
epoch  633 | train 7.521724e-01 | val 7.468081e-01 |   0.986 s | best 7.468081e-01 @633 *
epoch  634 | train 7.562648e-01 | val 7.467095e-01 |   0.992 s | best 7.467095e-01 @634 *
epoch  635 | train 7.568735e-01 | val 7.466117e-01 |   0.984 s | best 7.466117e-01 @635 *
epoch  636 | train 7.522792e-01 | val 7.465060e-01 |   0.989 s | best 7.465060e-01 @636 *
epoch  637 | train 7.557200e-01 | val 7.464104e-01 |   0.997 s | best 7.464104e-01 @637 *
epoch  638 | train 7.545986e-01 | val 7.463298e-01 |   0.989 s | best 7.463298e-01 @638 *
epoch  639 | train 7.591863e-01 | val 7.462526e-01 |   0.985 s | best 7.462526e-01 @639 *
epoch  640 | train 7.537973e-01 | val 7.461690e-01 |   0.992 s | best 7.461690e-01 @640 *
epoch  641 | train 7.582822e-01 | val 7.460902e-01 |   0.987 s | best 7.460902e-01 @641 *
epoch  642 | train 7.508589e-01 | val 7.460157e-01 |   0.990 s | best 7.460157e-01 @642 *
epoch  643 | train 7.530340e-01 | val 7.459373e-01 |   0.985 s | best 7.459373e-01 @643 *
epoch  644 | train 7.499616e-01 | val 7.458704e-01 |   1.008 s | best 7.458704e-01 @644 *
epoch  645 | train 7.526608e-01 | val 7.457869e-01 |   0.987 s | best 7.457869e-01 @645 *
epoch  646 | train 7.500235e-01 | val 7.457097e-01 |   0.988 s | best 7.457097e-01 @646 *
epoch  647 | train 7.548398e-01 | val 7.456111e-01 |   0.987 s | best 7.456111e-01 @647 *
epoch  648 | train 7.496418e-01 | val 7.455204e-01 |   1.002 s | best 7.455204e-01 @648 *
epoch  649 | train 7.482307e-01 | val 7.454337e-01 |   0.990 s | best 7.454337e-01 @649 *
epoch  650 | train 7.455157e-01 | val 7.453451e-01 |   0.987 s | best 7.453451e-01 @650 *
epoch  651 | train 7.520408e-01 | val 7.452599e-01 |   0.992 s | best 7.452599e-01 @651 *
epoch  652 | train 7.514493e-01 | val 7.451795e-01 |   0.984 s | best 7.451795e-01 @652 *
epoch  653 | train 7.500249e-01 | val 7.450933e-01 |   0.989 s | best 7.450933e-01 @653 *
epoch  654 | train 7.516074e-01 | val 7.450131e-01 |   0.985 s | best 7.450131e-01 @654 *
epoch  655 | train 7.491568e-01 | val 7.449216e-01 |   1.003 s | best 7.449216e-01 @655 *
epoch  656 | train 7.516490e-01 | val 7.448294e-01 |   0.986 s | best 7.448294e-01 @656 *
epoch  657 | train 7.519619e-01 | val 7.447327e-01 |   0.990 s | best 7.447327e-01 @657 *
epoch  658 | train 7.559760e-01 | val 7.446380e-01 |   0.985 s | best 7.446380e-01 @658 *
epoch  659 | train 7.503947e-01 | val 7.445483e-01 |   1.007 s | best 7.445483e-01 @659 *
epoch  660 | train 7.524685e-01 | val 7.444733e-01 |   1.004 s | best 7.444733e-01 @660 *
epoch  661 | train 7.527677e-01 | val 7.444042e-01 |   1.021 s | best 7.444042e-01 @661 *
epoch  662 | train 7.498488e-01 | val 7.443196e-01 |   0.996 s | best 7.443196e-01 @662 *
epoch  663 | train 7.516946e-01 | val 7.442367e-01 |   1.027 s | best 7.442367e-01 @663 *
epoch  664 | train 7.539024e-01 | val 7.441498e-01 |   1.000 s | best 7.441498e-01 @664 *
epoch  665 | train 7.516557e-01 | val 7.440701e-01 |   1.015 s | best 7.440701e-01 @665 *
epoch  666 | train 7.537215e-01 | val 7.439959e-01 |   1.007 s | best 7.439959e-01 @666 *
epoch  667 | train 7.556612e-01 | val 7.439170e-01 |   1.012 s | best 7.439170e-01 @667 *
epoch  668 | train 7.517333e-01 | val 7.438519e-01 |   1.007 s | best 7.438519e-01 @668 *
epoch  669 | train 7.482877e-01 | val 7.437863e-01 |   1.019 s | best 7.437863e-01 @669 *
epoch  670 | train 7.484803e-01 | val 7.437233e-01 |   1.010 s | best 7.437233e-01 @670 *
epoch  671 | train 7.465276e-01 | val 7.436443e-01 |   1.014 s | best 7.436443e-01 @671 *
epoch  672 | train 7.505449e-01 | val 7.435799e-01 |   1.011 s | best 7.435799e-01 @672 *
epoch  673 | train 7.462344e-01 | val 7.435143e-01 |   1.013 s | best 7.435143e-01 @673 *
epoch  674 | train 7.537572e-01 | val 7.434463e-01 |   1.008 s | best 7.434463e-01 @674 *
epoch  675 | train 7.482828e-01 | val 7.433767e-01 |   1.019 s | best 7.433767e-01 @675 *
epoch  676 | train 7.517147e-01 | val 7.433112e-01 |   1.012 s | best 7.433112e-01 @676 *
epoch  677 | train 7.515996e-01 | val 7.432376e-01 |   1.013 s | best 7.432376e-01 @677 *
epoch  678 | train 7.539541e-01 | val 7.431595e-01 |   1.012 s | best 7.431595e-01 @678 *
epoch  679 | train 7.495169e-01 | val 7.430857e-01 |   1.011 s | best 7.430857e-01 @679 *
epoch  680 | train 7.538148e-01 | val 7.430220e-01 |   1.006 s | best 7.430220e-01 @680 *
epoch  681 | train 7.492069e-01 | val 7.429537e-01 |   1.018 s | best 7.429537e-01 @681 *
epoch  682 | train 7.468605e-01 | val 7.428881e-01 |   1.018 s | best 7.428881e-01 @682 *
epoch  683 | train 7.539764e-01 | val 7.428207e-01 |   1.019 s | best 7.428207e-01 @683 *
epoch  684 | train 7.460480e-01 | val 7.427348e-01 |   1.017 s | best 7.427348e-01 @684 *
epoch  685 | train 7.489048e-01 | val 7.426556e-01 |   1.010 s | best 7.426556e-01 @685 *
epoch  686 | train 7.506249e-01 | val 7.425725e-01 |   1.009 s | best 7.425725e-01 @686 *
epoch  687 | train 7.544742e-01 | val 7.424894e-01 |   1.018 s | best 7.424894e-01 @687 *
epoch  688 | train 7.530926e-01 | val 7.424048e-01 |   1.011 s | best 7.424048e-01 @688 *
epoch  689 | train 7.494763e-01 | val 7.423463e-01 |   1.015 s | best 7.423463e-01 @689 *
epoch  690 | train 7.510070e-01 | val 7.422870e-01 |   1.016 s | best 7.422870e-01 @690 *
epoch  691 | train 7.487336e-01 | val 7.422265e-01 |   1.006 s | best 7.422265e-01 @691 *
epoch  692 | train 7.457985e-01 | val 7.421725e-01 |   1.012 s | best 7.421725e-01 @692 *
epoch  693 | train 7.477210e-01 | val 7.421293e-01 |   1.013 s | best 7.421293e-01 @693 *
epoch  694 | train 7.546016e-01 | val 7.420765e-01 |   1.011 s | best 7.420765e-01 @694 *
epoch  695 | train 7.537010e-01 | val 7.420397e-01 |   1.012 s | best 7.420397e-01 @695 *
epoch  696 | train 7.529089e-01 | val 7.419870e-01 |   1.018 s | best 7.419870e-01 @696 *
epoch  697 | train 7.448408e-01 | val 7.419297e-01 |   1.006 s | best 7.419297e-01 @697 *
epoch  698 | train 7.517432e-01 | val 7.418813e-01 |   1.014 s | best 7.418813e-01 @698 *
epoch  699 | train 7.425461e-01 | val 7.418377e-01 |   1.015 s | best 7.418377e-01 @699 *
epoch  700 | train 7.431708e-01 | val 7.417740e-01 |   1.013 s | best 7.417740e-01 @700 *
epoch  701 | train 7.463207e-01 | val 7.417277e-01 |   1.012 s | best 7.417277e-01 @701 *
epoch  702 | train 7.450838e-01 | val 7.416872e-01 |   1.024 s | best 7.416872e-01 @702 *
epoch  703 | train 7.484621e-01 | val 7.416298e-01 |   1.009 s | best 7.416298e-01 @703 *
epoch  704 | train 7.442546e-01 | val 7.415699e-01 |   1.020 s | best 7.415699e-01 @704 *
epoch  705 | train 7.429416e-01 | val 7.415164e-01 |   0.990 s | best 7.415164e-01 @705 *
epoch  706 | train 7.486297e-01 | val 7.414606e-01 |   0.992 s | best 7.414606e-01 @706 *
epoch  707 | train 7.463461e-01 | val 7.414135e-01 |   0.995 s | best 7.414135e-01 @707 *
epoch  708 | train 7.516492e-01 | val 7.413621e-01 |   1.028 s | best 7.413621e-01 @708 *
epoch  709 | train 7.408238e-01 | val 7.413329e-01 |   1.007 s | best 7.413329e-01 @709 *
epoch  710 | train 7.486607e-01 | val 7.412943e-01 |   1.004 s | best 7.412943e-01 @710 *
epoch  711 | train 7.505261e-01 | val 7.412577e-01 |   0.993 s | best 7.412577e-01 @711 *
epoch  712 | train 7.482940e-01 | val 7.412278e-01 |   0.991 s | best 7.412278e-01 @712 *
epoch  713 | train 7.463130e-01 | val 7.411976e-01 |   1.028 s | best 7.411976e-01 @713 *
epoch  714 | train 7.479703e-01 | val 7.411595e-01 |   0.991 s | best 7.411595e-01 @714 *
epoch  715 | train 7.449164e-01 | val 7.411134e-01 |   0.992 s | best 7.411134e-01 @715 *
epoch  716 | train 7.462285e-01 | val 7.410788e-01 |   1.003 s | best 7.410788e-01 @716 *
epoch  717 | train 7.476718e-01 | val 7.410616e-01 |   0.996 s | best 7.410616e-01 @717 *
epoch  718 | train 7.451859e-01 | val 7.410478e-01 |   1.026 s | best 7.410478e-01 @718 *
epoch  719 | train 7.489922e-01 | val 7.410242e-01 |   0.989 s | best 7.410242e-01 @719 *
epoch  720 | train 7.434456e-01 | val 7.410066e-01 |   0.992 s | best 7.410066e-01 @720 *
epoch  721 | train 7.499844e-01 | val 7.410021e-01 |   0.997 s | best 7.410021e-01 @721 *
epoch  722 | train 7.476358e-01 | val 7.409778e-01 |   1.010 s | best 7.409778e-01 @722 *
epoch  723 | train 7.496104e-01 | val 7.409537e-01 |   1.022 s | best 7.409537e-01 @723 *
epoch  724 | train 7.492542e-01 | val 7.409263e-01 |   0.989 s | best 7.409263e-01 @724 *
epoch  725 | train 7.479260e-01 | val 7.408984e-01 |   0.996 s | best 7.408984e-01 @725 *
epoch  726 | train 7.512252e-01 | val 7.408643e-01 |   0.989 s | best 7.408643e-01 @726 *
epoch  727 | train 7.517575e-01 | val 7.408319e-01 |   1.011 s | best 7.408319e-01 @727 *
epoch  728 | train 7.476800e-01 | val 7.407984e-01 |   0.997 s | best 7.407984e-01 @728 *
epoch  729 | train 7.478322e-01 | val 7.407674e-01 |   0.990 s | best 7.407674e-01 @729 *
epoch  730 | train 7.504114e-01 | val 7.407361e-01 |   0.995 s | best 7.407361e-01 @730 *
epoch  731 | train 7.485736e-01 | val 7.407030e-01 |   0.989 s | best 7.407030e-01 @731 *
epoch  732 | train 7.428565e-01 | val 7.406780e-01 |   1.032 s | best 7.406780e-01 @732 *
epoch  733 | train 7.494129e-01 | val 7.406349e-01 |   1.001 s | best 7.406349e-01 @733 *
epoch  734 | train 7.484623e-01 | val 7.406034e-01 |   0.993 s | best 7.406034e-01 @734 *
epoch  735 | train 7.444294e-01 | val 7.405674e-01 |   0.993 s | best 7.405674e-01 @735 *
epoch  736 | train 7.466683e-01 | val 7.405523e-01 |   0.999 s | best 7.405523e-01 @736 *
epoch  737 | train 7.410173e-01 | val 7.405321e-01 |   1.030 s | best 7.405321e-01 @737 *
epoch  738 | train 7.457888e-01 | val 7.405169e-01 |   0.988 s | best 7.405169e-01 @738 *
epoch  739 | train 7.456991e-01 | val 7.405007e-01 |   0.997 s | best 7.405007e-01 @739 *
epoch  740 | train 7.476963e-01 | val 7.405020e-01 |   0.991 s | best 7.405007e-01 @739
epoch  741 | train 7.519784e-01 | val 7.404872e-01 |   1.012 s | best 7.404872e-01 @741 *
epoch  742 | train 7.445898e-01 | val 7.404677e-01 |   1.016 s | best 7.404677e-01 @742 *
epoch  743 | train 7.478968e-01 | val 7.404603e-01 |   0.990 s | best 7.404603e-01 @743 *
epoch  744 | train 7.491047e-01 | val 7.404416e-01 |   0.996 s | best 7.404416e-01 @744 *
epoch  745 | train 7.495693e-01 | val 7.404405e-01 |   0.995 s | best 7.404405e-01 @745 *
epoch  746 | train 7.460978e-01 | val 7.404235e-01 |   1.032 s | best 7.404235e-01 @746 *
epoch  747 | train 7.487953e-01 | val 7.403986e-01 |   1.006 s | best 7.403986e-01 @747 *
epoch  748 | train 7.484913e-01 | val 7.403741e-01 |   1.014 s | best 7.403741e-01 @748 *
epoch  749 | train 7.398255e-01 | val 7.403412e-01 |   1.008 s | best 7.403412e-01 @749 *
epoch  750 | train 7.456584e-01 | val 7.403073e-01 |   1.010 s | best 7.403073e-01 @750 *
epoch  751 | train 7.482836e-01 | val 7.402856e-01 |   1.071 s | best 7.402856e-01 @751 *
epoch  752 | train 7.401510e-01 | val 7.402737e-01 |   0.996 s | best 7.402737e-01 @752 *
epoch  753 | train 7.421107e-01 | val 7.402658e-01 |   0.996 s | best 7.402658e-01 @753 *
epoch  754 | train 7.480872e-01 | val 7.402554e-01 |   0.997 s | best 7.402554e-01 @754 *
epoch  755 | train 7.452578e-01 | val 7.402661e-01 |   1.057 s | best 7.402554e-01 @754
epoch  756 | train 7.409560e-01 | val 7.402487e-01 |   1.052 s | best 7.402487e-01 @756 *
epoch  757 | train 7.493820e-01 | val 7.402377e-01 |   0.982 s | best 7.402377e-01 @757 *
epoch  758 | train 7.435518e-01 | val 7.402136e-01 |   0.995 s | best 7.402136e-01 @758 *
epoch  759 | train 7.461086e-01 | val 7.401994e-01 |   1.051 s | best 7.401994e-01 @759 *
epoch  760 | train 7.464041e-01 | val 7.401847e-01 |   1.093 s | best 7.401847e-01 @760 *
epoch  761 | train 7.465809e-01 | val 7.401837e-01 |   1.018 s | best 7.401837e-01 @761 *
epoch  762 | train 7.417311e-01 | val 7.401775e-01 |   0.994 s | best 7.401775e-01 @762 *
epoch  763 | train 7.456279e-01 | val 7.401760e-01 |   1.000 s | best 7.401760e-01 @763 *
epoch  764 | train 7.453407e-01 | val 7.401667e-01 |   1.022 s | best 7.401667e-01 @764 *
epoch  765 | train 7.460671e-01 | val 7.401581e-01 |   1.053 s | best 7.401581e-01 @765 *
epoch  766 | train 7.457288e-01 | val 7.401454e-01 |   0.992 s | best 7.401454e-01 @766 *
epoch  767 | train 7.530787e-01 | val 7.401395e-01 |   0.993 s | best 7.401395e-01 @767 *
epoch  768 | train 7.426092e-01 | val 7.401285e-01 |   0.995 s | best 7.401285e-01 @768 *
epoch  769 | train 7.462528e-01 | val 7.401153e-01 |   1.012 s | best 7.401153e-01 @769 *
epoch  770 | train 7.422574e-01 | val 7.401071e-01 |   1.018 s | best 7.401071e-01 @770 *
epoch  771 | train 7.454909e-01 | val 7.400885e-01 |   0.994 s | best 7.400885e-01 @771 *
epoch  772 | train 7.455226e-01 | val 7.400683e-01 |   0.993 s | best 7.400683e-01 @772 *
epoch  773 | train 7.469297e-01 | val 7.400475e-01 |   0.994 s | best 7.400475e-01 @773 *
epoch  774 | train 7.446397e-01 | val 7.400240e-01 |   1.021 s | best 7.400240e-01 @774 *
epoch  775 | train 7.438218e-01 | val 7.400137e-01 |   1.011 s | best 7.400137e-01 @775 *
epoch  776 | train 7.490206e-01 | val 7.399902e-01 |   0.991 s | best 7.399902e-01 @776 *
epoch  777 | train 7.468851e-01 | val 7.399857e-01 |   0.992 s | best 7.399857e-01 @777 *
epoch  778 | train 7.436742e-01 | val 7.399735e-01 |   0.994 s | best 7.399735e-01 @778 *
epoch  779 | train 7.405806e-01 | val 7.399681e-01 |   1.043 s | best 7.399681e-01 @779 *
epoch  780 | train 7.418557e-01 | val 7.399649e-01 |   0.989 s | best 7.399649e-01 @780 *
epoch  781 | train 7.452521e-01 | val 7.399569e-01 |   0.991 s | best 7.399569e-01 @781 *
epoch  782 | train 7.474191e-01 | val 7.399666e-01 |   0.991 s | best 7.399569e-01 @781
epoch  783 | train 7.450992e-01 | val 7.399757e-01 |   1.028 s | best 7.399569e-01 @781
epoch  784 | train 7.472574e-01 | val 7.399839e-01 |   1.057 s | best 7.399569e-01 @781
epoch  785 | train 7.414716e-01 | val 7.399769e-01 |   0.996 s | best 7.399569e-01 @781
epoch  786 | train 7.448608e-01 | val 7.399850e-01 |   0.997 s | best 7.399569e-01 @781
epoch  787 | train 7.421003e-01 | val 7.399833e-01 |   0.995 s | best 7.399569e-01 @781
epoch  788 | train 7.427734e-01 | val 7.399832e-01 |   1.043 s | best 7.399569e-01 @781
epoch  789 | train 7.418898e-01 | val 7.399729e-01 |   1.008 s | best 7.399569e-01 @781
epoch  790 | train 7.429886e-01 | val 7.399732e-01 |   0.994 s | best 7.399569e-01 @781
epoch  791 | train 7.442732e-01 | val 7.399592e-01 |   0.995 s | best 7.399569e-01 @781
epoch  792 | train 7.453801e-01 | val 7.399482e-01 |   1.001 s | best 7.399482e-01 @792 *
epoch  793 | train 7.425153e-01 | val 7.399350e-01 |   1.028 s | best 7.399350e-01 @793 *
epoch  794 | train 7.451362e-01 | val 7.399163e-01 |   0.994 s | best 7.399163e-01 @794 *
epoch  795 | train 7.407027e-01 | val 7.399118e-01 |   0.995 s | best 7.399118e-01 @795 *
epoch  796 | train 7.440432e-01 | val 7.399118e-01 |   0.998 s | best 7.399118e-01 @795
epoch  797 | train 7.462344e-01 | val 7.398999e-01 |   1.008 s | best 7.398999e-01 @797 *
epoch  798 | train 7.400439e-01 | val 7.398893e-01 |   1.046 s | best 7.398893e-01 @798 *
epoch  799 | train 7.452837e-01 | val 7.398967e-01 |   1.001 s | best 7.398893e-01 @798
epoch  800 | train 7.477484e-01 | val 7.399108e-01 |   1.042 s | best 7.398893e-01 @798
epoch  801 | train 7.412829e-01 | val 7.399086e-01 |   1.027 s | best 7.398893e-01 @798
epoch  802 | train 7.481031e-01 | val 7.399170e-01 |   1.050 s | best 7.398893e-01 @798
epoch  803 | train 7.412654e-01 | val 7.399129e-01 |   1.064 s | best 7.398893e-01 @798
epoch  804 | train 7.429306e-01 | val 7.399096e-01 |   1.030 s | best 7.398893e-01 @798
epoch  805 | train 7.428090e-01 | val 7.399129e-01 |   1.026 s | best 7.398893e-01 @798
epoch  806 | train 7.437518e-01 | val 7.399216e-01 |   1.071 s | best 7.398893e-01 @798
epoch  807 | train 7.455412e-01 | val 7.399278e-01 |   1.051 s | best 7.398893e-01 @798
epoch  808 | train 7.412193e-01 | val 7.399374e-01 |   1.027 s | best 7.398893e-01 @798
epoch  809 | train 7.445915e-01 | val 7.399463e-01 |   1.026 s | best 7.398893e-01 @798
epoch  810 | train 7.476230e-01 | val 7.399430e-01 |   1.025 s | best 7.398893e-01 @798
epoch  811 | train 7.414293e-01 | val 7.399377e-01 |   1.027 s | best 7.398893e-01 @798
epoch  812 | train 7.389594e-01 | val 7.399334e-01 |   1.024 s | best 7.398893e-01 @798
epoch  813 | train 7.433786e-01 | val 7.399400e-01 |   1.027 s | best 7.398893e-01 @798
epoch  814 | train 7.426296e-01 | val 7.399468e-01 |   1.027 s | best 7.398893e-01 @798
epoch  815 | train 7.428313e-01 | val 7.399685e-01 |   1.027 s | best 7.398893e-01 @798
epoch  816 | train 7.445111e-01 | val 7.399786e-01 |   1.026 s | best 7.398893e-01 @798
epoch  817 | train 7.391295e-01 | val 7.400017e-01 |   1.027 s | best 7.398893e-01 @798
epoch  818 | train 7.458869e-01 | val 7.400250e-01 |   1.026 s | best 7.398893e-01 @798
# done        : 818 epochs, stopped_by=patience, aborted=False, best val 7.398893e-01 @ epoch 798, wall 885.0 s, 1.082 s/epoch
