
# ===== 2026-09-21 08:03:16 KST  SX40000 attempt 1  testbed D1 prior S  Nr=8 Nt=4
# DEVICE      : cuda | cuda_available=True | NVIDIA RTX PRO 6000 Blackwell Server Edition | torch 2.14.0+cu130 | train dtype float32 (01_RULES §9.5)
# data        : n_train=36000 n_val=4000 split_hash=fe51c215b202ebe5 E||H||_F^2/(NrNt)=0.997546 (04_SPEC §2)
# sigma grid  : MEASURED, 20 points, log-uniform draw over [3.2936e-02, 7.9084e-01]
# hp          : {'arch': 'dit', 'param': 'vp', 'domain': 'angle', 'lr': 0.002238046051591068, 'ema': 0.999, 'batch': 256, 'emb': 256, 'width': 64, 'depth': 6, 'heads': 8, 'patch': 1}  params=479426
# stopping    : patience 20 on val loss, never before 200 epochs, max 3000 (01_RULES §5)
epoch    1 | train 8.172267e-01 | val 9.759662e-01 |   3.358 s | best 9.759662e-01 @1 *
epoch    2 | train 7.934469e-01 | val 9.619161e-01 |   2.607 s | best 9.619161e-01 @2 *
epoch    3 | train 7.922220e-01 | val 9.465824e-01 |   2.623 s | best 9.465824e-01 @3 *
epoch    4 | train 7.913540e-01 | val 9.285275e-01 |   2.492 s | best 9.285275e-01 @4 *
epoch    5 | train 7.857347e-01 | val 9.074832e-01 |   2.546 s | best 9.074832e-01 @5 *
epoch    6 | train 7.743966e-01 | val 8.852313e-01 |   2.512 s | best 8.852313e-01 @6 *
epoch    7 | train 7.640701e-01 | val 8.623151e-01 |   2.535 s | best 8.623151e-01 @7 *
epoch    8 | train 7.632168e-01 | val 8.394068e-01 |   2.520 s | best 8.394068e-01 @8 *
epoch    9 | train 7.570304e-01 | val 8.187840e-01 |   2.539 s | best 8.187840e-01 @9 *
epoch   10 | train 7.572406e-01 | val 8.031864e-01 |   2.532 s | best 8.031864e-01 @10 *
epoch   11 | train 7.523044e-01 | val 7.925686e-01 |   2.514 s | best 7.925686e-01 @11 *
epoch   12 | train 7.516370e-01 | val 7.857273e-01 |   2.712 s | best 7.857273e-01 @12 *
epoch   13 | train 7.489164e-01 | val 7.808419e-01 |   5.224 s | best 7.808419e-01 @13 *
epoch   14 | train 7.519297e-01 | val 7.765325e-01 |   5.171 s | best 7.765325e-01 @14 *
epoch   15 | train 7.458961e-01 | val 7.723901e-01 |   5.250 s | best 7.723901e-01 @15 *
epoch   16 | train 7.460450e-01 | val 7.682827e-01 |   5.237 s | best 7.682827e-01 @16 *
epoch   17 | train 7.455966e-01 | val 7.642584e-01 |   5.236 s | best 7.642584e-01 @17 *
epoch   18 | train 7.440649e-01 | val 7.604641e-01 |   5.291 s | best 7.604641e-01 @18 *
epoch   19 | train 7.463731e-01 | val 7.570553e-01 |   5.238 s | best 7.570553e-01 @19 *
epoch   20 | train 7.440749e-01 | val 7.539743e-01 |   5.233 s | best 7.539743e-01 @20 *
epoch   21 | train 7.436147e-01 | val 7.513540e-01 |   5.259 s | best 7.513540e-01 @21 *
epoch   22 | train 7.426168e-01 | val 7.490109e-01 |   5.251 s | best 7.490109e-01 @22 *
epoch   23 | train 7.416753e-01 | val 7.470112e-01 |   5.257 s | best 7.470112e-01 @23 *
epoch   24 | train 7.421111e-01 | val 7.452785e-01 |   5.269 s | best 7.452785e-01 @24 *
epoch   25 | train 7.431324e-01 | val 7.438549e-01 |   5.242 s | best 7.438549e-01 @25 *
epoch   26 | train 7.436408e-01 | val 7.426900e-01 |   5.245 s | best 7.426900e-01 @26 *
epoch   27 | train 7.447633e-01 | val 7.417308e-01 |   5.241 s | best 7.417308e-01 @27 *
epoch   28 | train 7.410137e-01 | val 7.409513e-01 |   3.109 s | best 7.409513e-01 @28 *
epoch   29 | train 7.440958e-01 | val 7.403014e-01 |   5.231 s | best 7.403014e-01 @29 *
epoch   30 | train 7.431888e-01 | val 7.397496e-01 |   5.241 s | best 7.397496e-01 @30 *
epoch   31 | train 7.420214e-01 | val 7.393301e-01 |   5.239 s | best 7.393301e-01 @31 *
epoch   32 | train 7.409408e-01 | val 7.389639e-01 |   4.660 s | best 7.389639e-01 @32 *
epoch   33 | train 7.409901e-01 | val 7.386425e-01 |   5.241 s | best 7.386425e-01 @33 *
epoch   34 | train 7.437305e-01 | val 7.383893e-01 |   5.237 s | best 7.383893e-01 @34 *
epoch   35 | train 7.437532e-01 | val 7.381973e-01 |   5.243 s | best 7.381973e-01 @35 *
epoch   36 | train 7.424656e-01 | val 7.380265e-01 |   5.240 s | best 7.380265e-01 @36 *
epoch   37 | train 7.409864e-01 | val 7.378786e-01 |   5.231 s | best 7.378786e-01 @37 *
epoch   38 | train 7.442137e-01 | val 7.377461e-01 |   5.232 s | best 7.377461e-01 @38 *
epoch   39 | train 7.416531e-01 | val 7.376431e-01 |   5.240 s | best 7.376431e-01 @39 *
epoch   40 | train 7.439264e-01 | val 7.375462e-01 |   5.226 s | best 7.375462e-01 @40 *
epoch   41 | train 7.427641e-01 | val 7.374524e-01 |   5.219 s | best 7.374524e-01 @41 *
epoch   42 | train 7.401266e-01 | val 7.373773e-01 |   5.225 s | best 7.373773e-01 @42 *
epoch   43 | train 7.421885e-01 | val 7.373200e-01 |   5.221 s | best 7.373200e-01 @43 *
epoch   44 | train 7.410837e-01 | val 7.372576e-01 |   5.221 s | best 7.372576e-01 @44 *
epoch   45 | train 7.416670e-01 | val 7.372009e-01 |   5.220 s | best 7.372009e-01 @45 *
epoch   46 | train 7.435850e-01 | val 7.371627e-01 |   5.221 s | best 7.371627e-01 @46 *
epoch   47 | train 7.422552e-01 | val 7.371323e-01 |   5.230 s | best 7.371323e-01 @47 *
epoch   48 | train 7.441690e-01 | val 7.371037e-01 |   5.225 s | best 7.371037e-01 @48 *
epoch   49 | train 7.430783e-01 | val 7.370505e-01 |   5.228 s | best 7.370505e-01 @49 *
epoch   50 | train 7.410806e-01 | val 7.370014e-01 |   5.231 s | best 7.370014e-01 @50 *
epoch   51 | train 7.389609e-01 | val 7.369704e-01 |   5.225 s | best 7.369704e-01 @51 *
epoch   52 | train 7.412929e-01 | val 7.369419e-01 |   5.231 s | best 7.369419e-01 @52 *
epoch   53 | train 7.384391e-01 | val 7.369211e-01 |   5.231 s | best 7.369211e-01 @53 *
epoch   54 | train 7.403297e-01 | val 7.368996e-01 |   5.108 s | best 7.368996e-01 @54 *
epoch   55 | train 7.403180e-01 | val 7.368783e-01 |   5.093 s | best 7.368783e-01 @55 *
epoch   56 | train 7.418919e-01 | val 7.368670e-01 |   5.131 s | best 7.368670e-01 @56 *
epoch   57 | train 7.423898e-01 | val 7.368516e-01 |   5.214 s | best 7.368516e-01 @57 *
epoch   58 | train 7.393220e-01 | val 7.368348e-01 |   4.937 s | best 7.368348e-01 @58 *
epoch   59 | train 7.444705e-01 | val 7.368178e-01 |   5.286 s | best 7.368178e-01 @59 *
epoch   60 | train 7.395002e-01 | val 7.368042e-01 |   5.168 s | best 7.368042e-01 @60 *
epoch   61 | train 7.405178e-01 | val 7.367970e-01 |   5.167 s | best 7.367970e-01 @61 *
epoch   62 | train 7.407055e-01 | val 7.367772e-01 |   5.152 s | best 7.367772e-01 @62 *
epoch   63 | train 7.388164e-01 | val 7.367473e-01 |   5.198 s | best 7.367473e-01 @63 *
epoch   64 | train 7.422940e-01 | val 7.367179e-01 |   5.240 s | best 7.367179e-01 @64 *
epoch   65 | train 7.396547e-01 | val 7.366971e-01 |   5.247 s | best 7.366971e-01 @65 *
epoch   66 | train 7.407737e-01 | val 7.366787e-01 |   5.170 s | best 7.366787e-01 @66 *
epoch   67 | train 7.405703e-01 | val 7.366803e-01 |   5.240 s | best 7.366787e-01 @66
epoch   68 | train 7.396095e-01 | val 7.366597e-01 |   5.253 s | best 7.366597e-01 @68 *
epoch   69 | train 7.394057e-01 | val 7.366353e-01 |   5.262 s | best 7.366353e-01 @69 *
epoch   70 | train 7.388763e-01 | val 7.366017e-01 |   5.207 s | best 7.366017e-01 @70 *
epoch   71 | train 7.411749e-01 | val 7.365777e-01 |   5.183 s | best 7.365777e-01 @71 *
epoch   72 | train 7.399140e-01 | val 7.365754e-01 |   5.224 s | best 7.365754e-01 @72 *
epoch   73 | train 7.428150e-01 | val 7.365690e-01 |   5.230 s | best 7.365690e-01 @73 *
epoch   74 | train 7.378202e-01 | val 7.365335e-01 |   5.225 s | best 7.365335e-01 @74 *
epoch   75 | train 7.393550e-01 | val 7.365068e-01 |   5.227 s | best 7.365068e-01 @75 *
epoch   76 | train 7.422468e-01 | val 7.364842e-01 |   5.226 s | best 7.364842e-01 @76 *
epoch   77 | train 7.396468e-01 | val 7.364494e-01 |   5.230 s | best 7.364494e-01 @77 *
epoch   78 | train 7.394684e-01 | val 7.364265e-01 |   5.232 s | best 7.364265e-01 @78 *
epoch   79 | train 7.397791e-01 | val 7.364007e-01 |   5.231 s | best 7.364007e-01 @79 *
epoch   80 | train 7.392632e-01 | val 7.364067e-01 |   5.237 s | best 7.364007e-01 @79
epoch   81 | train 7.386004e-01 | val 7.363883e-01 |   5.234 s | best 7.363883e-01 @81 *
epoch   82 | train 7.416910e-01 | val 7.363774e-01 |   5.241 s | best 7.363774e-01 @82 *
epoch   83 | train 7.401293e-01 | val 7.363688e-01 |   5.239 s | best 7.363688e-01 @83 *
epoch   84 | train 7.403809e-01 | val 7.363517e-01 |   5.235 s | best 7.363517e-01 @84 *
epoch   85 | train 7.403590e-01 | val 7.363684e-01 |   5.236 s | best 7.363517e-01 @84
epoch   86 | train 7.420023e-01 | val 7.363604e-01 |   5.232 s | best 7.363517e-01 @84
epoch   87 | train 7.401122e-01 | val 7.363514e-01 |   5.231 s | best 7.363514e-01 @87 *
epoch   88 | train 7.394623e-01 | val 7.363302e-01 |   5.237 s | best 7.363302e-01 @88 *
epoch   89 | train 7.389814e-01 | val 7.363212e-01 |   5.242 s | best 7.363212e-01 @89 *
epoch   90 | train 7.383539e-01 | val 7.362970e-01 |   5.236 s | best 7.362970e-01 @90 *
epoch   91 | train 7.407996e-01 | val 7.362716e-01 |   5.238 s | best 7.362716e-01 @91 *
epoch   92 | train 7.403271e-01 | val 7.362664e-01 |   5.236 s | best 7.362664e-01 @92 *
epoch   93 | train 7.420069e-01 | val 7.362456e-01 |   5.244 s | best 7.362456e-01 @93 *
epoch   94 | train 7.408135e-01 | val 7.362342e-01 |   5.250 s | best 7.362342e-01 @94 *
epoch   95 | train 7.381449e-01 | val 7.362294e-01 |   5.247 s | best 7.362294e-01 @95 *
epoch   96 | train 7.396569e-01 | val 7.362072e-01 |   5.241 s | best 7.362072e-01 @96 *
epoch   97 | train 7.368744e-01 | val 7.361975e-01 |   5.242 s | best 7.361975e-01 @97 *
epoch   98 | train 7.389423e-01 | val 7.361985e-01 |   5.249 s | best 7.361975e-01 @97
epoch   99 | train 7.385557e-01 | val 7.361994e-01 |   5.250 s | best 7.361975e-01 @97
epoch  100 | train 7.376324e-01 | val 7.361771e-01 |   5.247 s | best 7.361771e-01 @100 *
epoch  101 | train 7.412969e-01 | val 7.361640e-01 |   5.259 s | best 7.361640e-01 @101 *
epoch  102 | train 7.408885e-01 | val 7.361597e-01 |   5.253 s | best 7.361597e-01 @102 *
epoch  103 | train 7.397449e-01 | val 7.361650e-01 |   5.247 s | best 7.361597e-01 @102
epoch  104 | train 7.397938e-01 | val 7.361630e-01 |   5.250 s | best 7.361597e-01 @102
epoch  105 | train 7.385145e-01 | val 7.361524e-01 |   5.248 s | best 7.361524e-01 @105 *
epoch  106 | train 7.398220e-01 | val 7.361529e-01 |   5.253 s | best 7.361524e-01 @105
epoch  107 | train 7.399409e-01 | val 7.361635e-01 |   5.246 s | best 7.361524e-01 @105
epoch  108 | train 7.398285e-01 | val 7.361844e-01 |   5.252 s | best 7.361524e-01 @105
epoch  109 | train 7.392163e-01 | val 7.361939e-01 |   5.247 s | best 7.361524e-01 @105
epoch  110 | train 7.401955e-01 | val 7.361900e-01 |   5.242 s | best 7.361524e-01 @105
epoch  111 | train 7.382522e-01 | val 7.361898e-01 |   5.231 s | best 7.361524e-01 @105
epoch  112 | train 7.367288e-01 | val 7.362119e-01 |   5.235 s | best 7.361524e-01 @105
epoch  113 | train 7.373433e-01 | val 7.362055e-01 |   5.295 s | best 7.361524e-01 @105
epoch  114 | train 7.376662e-01 | val 7.361848e-01 |   5.381 s | best 7.361524e-01 @105
epoch  115 | train 7.378028e-01 | val 7.361727e-01 |   5.285 s | best 7.361524e-01 @105
epoch  116 | train 7.421515e-01 | val 7.361615e-01 |   5.319 s | best 7.361524e-01 @105
epoch  117 | train 7.412143e-01 | val 7.361622e-01 |   5.269 s | best 7.361524e-01 @105
epoch  118 | train 7.366783e-01 | val 7.361622e-01 |   5.249 s | best 7.361524e-01 @105
epoch  119 | train 7.384621e-01 | val 7.361673e-01 |   5.245 s | best 7.361524e-01 @105
epoch  120 | train 7.410979e-01 | val 7.361718e-01 |   5.250 s | best 7.361524e-01 @105
epoch  121 | train 7.387078e-01 | val 7.361788e-01 |   5.249 s | best 7.361524e-01 @105
epoch  122 | train 7.400274e-01 | val 7.361895e-01 |   5.250 s | best 7.361524e-01 @105
epoch  123 | train 7.389300e-01 | val 7.361904e-01 |   5.244 s | best 7.361524e-01 @105
epoch  124 | train 7.387507e-01 | val 7.361858e-01 |   5.244 s | best 7.361524e-01 @105
epoch  125 | train 7.392517e-01 | val 7.361793e-01 |   5.243 s | best 7.361524e-01 @105
epoch  126 | train 7.377856e-01 | val 7.361891e-01 |   5.244 s | best 7.361524e-01 @105
epoch  127 | train 7.382765e-01 | val 7.362019e-01 |   5.247 s | best 7.361524e-01 @105
epoch  128 | train 7.379910e-01 | val 7.362066e-01 |   5.246 s | best 7.361524e-01 @105
epoch  129 | train 7.372141e-01 | val 7.361994e-01 |   5.265 s | best 7.361524e-01 @105
epoch  130 | train 7.387556e-01 | val 7.361939e-01 |   5.251 s | best 7.361524e-01 @105
epoch  131 | train 7.394791e-01 | val 7.361959e-01 |   5.245 s | best 7.361524e-01 @105
epoch  132 | train 7.380525e-01 | val 7.362127e-01 |   5.247 s | best 7.361524e-01 @105
epoch  133 | train 7.368023e-01 | val 7.362413e-01 |   5.247 s | best 7.361524e-01 @105
epoch  134 | train 7.396927e-01 | val 7.362455e-01 |   5.248 s | best 7.361524e-01 @105
epoch  135 | train 7.384980e-01 | val 7.362579e-01 |   5.255 s | best 7.361524e-01 @105
epoch  136 | train 7.370352e-01 | val 7.362396e-01 |   5.260 s | best 7.361524e-01 @105
epoch  137 | train 7.377106e-01 | val 7.362427e-01 |   5.262 s | best 7.361524e-01 @105
epoch  138 | train 7.378769e-01 | val 7.362619e-01 |   5.261 s | best 7.361524e-01 @105
epoch  139 | train 7.388807e-01 | val 7.362650e-01 |   5.257 s | best 7.361524e-01 @105
epoch  140 | train 7.404894e-01 | val 7.362583e-01 |   5.237 s | best 7.361524e-01 @105
epoch  141 | train 7.394237e-01 | val 7.362689e-01 |   5.230 s | best 7.361524e-01 @105
epoch  142 | train 7.379850e-01 | val 7.362761e-01 |   5.232 s | best 7.361524e-01 @105
epoch  143 | train 7.373547e-01 | val 7.362807e-01 |   5.229 s | best 7.361524e-01 @105
epoch  144 | train 7.394665e-01 | val 7.362871e-01 |   5.234 s | best 7.361524e-01 @105
epoch  145 | train 7.381095e-01 | val 7.363065e-01 |   5.240 s | best 7.361524e-01 @105
epoch  146 | train 7.381335e-01 | val 7.363045e-01 |   5.231 s | best 7.361524e-01 @105
epoch  147 | train 7.387566e-01 | val 7.363123e-01 |   5.235 s | best 7.361524e-01 @105
epoch  148 | train 7.403454e-01 | val 7.363135e-01 |   5.231 s | best 7.361524e-01 @105
epoch  149 | train 7.404490e-01 | val 7.363046e-01 |   5.230 s | best 7.361524e-01 @105
epoch  150 | train 7.383830e-01 | val 7.362958e-01 |   5.232 s | best 7.361524e-01 @105
epoch  151 | train 7.371701e-01 | val 7.363026e-01 |   5.231 s | best 7.361524e-01 @105
epoch  152 | train 7.386639e-01 | val 7.363082e-01 |   5.230 s | best 7.361524e-01 @105
epoch  153 | train 7.403451e-01 | val 7.363084e-01 |   5.232 s | best 7.361524e-01 @105
epoch  154 | train 7.404738e-01 | val 7.363235e-01 |   5.229 s | best 7.361524e-01 @105
epoch  155 | train 7.393726e-01 | val 7.363192e-01 |   5.237 s | best 7.361524e-01 @105
epoch  156 | train 7.381661e-01 | val 7.363246e-01 |   5.228 s | best 7.361524e-01 @105
epoch  157 | train 7.359831e-01 | val 7.363312e-01 |   5.231 s | best 7.361524e-01 @105
epoch  158 | train 7.339191e-01 | val 7.363310e-01 |   5.229 s | best 7.361524e-01 @105
epoch  159 | train 7.381017e-01 | val 7.363206e-01 |   5.231 s | best 7.361524e-01 @105
epoch  160 | train 7.371129e-01 | val 7.362944e-01 |   5.241 s | best 7.361524e-01 @105
epoch  161 | train 7.394668e-01 | val 7.362964e-01 |   5.244 s | best 7.361524e-01 @105
epoch  162 | train 7.364296e-01 | val 7.363051e-01 |   5.256 s | best 7.361524e-01 @105
epoch  163 | train 7.376012e-01 | val 7.363346e-01 |   5.232 s | best 7.361524e-01 @105
epoch  164 | train 7.371139e-01 | val 7.363474e-01 |   5.238 s | best 7.361524e-01 @105
epoch  165 | train 7.373073e-01 | val 7.363374e-01 |   5.244 s | best 7.361524e-01 @105
epoch  166 | train 7.386394e-01 | val 7.363507e-01 |   5.245 s | best 7.361524e-01 @105
epoch  167 | train 7.393169e-01 | val 7.363790e-01 |   5.226 s | best 7.361524e-01 @105
epoch  168 | train 7.355478e-01 | val 7.363888e-01 |   5.235 s | best 7.361524e-01 @105
epoch  169 | train 7.398048e-01 | val 7.364022e-01 |   5.245 s | best 7.361524e-01 @105
epoch  170 | train 7.390027e-01 | val 7.364302e-01 |   5.246 s | best 7.361524e-01 @105
epoch  171 | train 7.390451e-01 | val 7.364406e-01 |   5.247 s | best 7.361524e-01 @105
epoch  172 | train 7.397278e-01 | val 7.364630e-01 |   5.245 s | best 7.361524e-01 @105
epoch  173 | train 7.367947e-01 | val 7.364688e-01 |   5.246 s | best 7.361524e-01 @105
epoch  174 | train 7.367987e-01 | val 7.364849e-01 |   5.248 s | best 7.361524e-01 @105
epoch  175 | train 7.376011e-01 | val 7.364929e-01 |   5.231 s | best 7.361524e-01 @105
epoch  176 | train 7.368614e-01 | val 7.364953e-01 |   5.228 s | best 7.361524e-01 @105
epoch  177 | train 7.389968e-01 | val 7.364936e-01 |   5.228 s | best 7.361524e-01 @105
epoch  178 | train 7.391749e-01 | val 7.364976e-01 |   5.280 s | best 7.361524e-01 @105
epoch  179 | train 7.369378e-01 | val 7.365064e-01 |   5.313 s | best 7.361524e-01 @105
epoch  180 | train 7.375443e-01 | val 7.365148e-01 |   5.343 s | best 7.361524e-01 @105
epoch  181 | train 7.387939e-01 | val 7.364986e-01 |   5.445 s | best 7.361524e-01 @105
epoch  182 | train 7.368828e-01 | val 7.364861e-01 |   5.251 s | best 7.361524e-01 @105
epoch  183 | train 7.371865e-01 | val 7.364788e-01 |   5.248 s | best 7.361524e-01 @105
epoch  184 | train 7.384509e-01 | val 7.365100e-01 |   5.248 s | best 7.361524e-01 @105
epoch  185 | train 7.370774e-01 | val 7.365153e-01 |   5.247 s | best 7.361524e-01 @105
epoch  186 | train 7.400940e-01 | val 7.365147e-01 |   5.246 s | best 7.361524e-01 @105
epoch  187 | train 7.364882e-01 | val 7.365286e-01 |   5.243 s | best 7.361524e-01 @105
epoch  188 | train 7.365028e-01 | val 7.365274e-01 |   5.245 s | best 7.361524e-01 @105
epoch  189 | train 7.353956e-01 | val 7.365347e-01 |   5.244 s | best 7.361524e-01 @105
epoch  190 | train 7.381714e-01 | val 7.365518e-01 |   5.244 s | best 7.361524e-01 @105
epoch  191 | train 7.332234e-01 | val 7.365600e-01 |   5.248 s | best 7.361524e-01 @105
epoch  192 | train 7.392438e-01 | val 7.365817e-01 |   5.246 s | best 7.361524e-01 @105
epoch  193 | train 7.381568e-01 | val 7.365943e-01 |   5.256 s | best 7.361524e-01 @105
epoch  194 | train 7.342670e-01 | val 7.366094e-01 |   5.256 s | best 7.361524e-01 @105
epoch  195 | train 7.408172e-01 | val 7.366233e-01 |   5.252 s | best 7.361524e-01 @105
epoch  196 | train 7.387024e-01 | val 7.366337e-01 |   5.252 s | best 7.361524e-01 @105
epoch  197 | train 7.386461e-01 | val 7.366517e-01 |   5.253 s | best 7.361524e-01 @105
epoch  198 | train 7.390144e-01 | val 7.366689e-01 |   5.249 s | best 7.361524e-01 @105
epoch  199 | train 7.377239e-01 | val 7.367053e-01 |   5.250 s | best 7.361524e-01 @105
epoch  200 | train 7.391619e-01 | val 7.367308e-01 |   5.247 s | best 7.361524e-01 @105
# done        : 200 epochs, stopped_by=patience, aborted=False, best val 7.361524e-01 @ epoch 105, wall 1027.7 s, 5.138 s/epoch
