[chain 09-28 00:54 CDT] waiting for ROT_EVAL_DONE after the resume re-run
[chain 09-28 02:08 CDT] ROT done: 12/12 pair files with integrity OK
[chain 09-28 02:08 CDT] main commit dac312b0
[chain 09-28 02:08 CDT] moved untracked main copy -> backup: conf/results/review_next/NEXT_EXPERIMENTS_ROTMIX16e4.md
[chain 09-28 02:08 CDT] moved untracked main copy -> backup: conf/results/review_next/NEXT_EXPERIMENTS_S2V16e4.md
[chain 09-28 02:08 CDT] moved untracked main copy -> backup: conf/results/review_next/prereg_reviews_2026-09-27/review_ROTMIX16e4.md
[chain 09-28 02:08 CDT] moved untracked main copy -> backup: conf/results/review_next/prereg_reviews_2026-09-27/review_S2V16e4.md
[chain 09-28 02:08 CDT] moved untracked main copy -> backup: conf/results/sigma_grid_D2_S2d.npz
[chain 09-28 02:08 CDT] moved untracked main copy -> backup: conf/results/sigma_grid_D2_S2d.txt
Auto-merging conf/DECISIONS.md
CONFLICT (content): Merge conflict in conf/DECISIONS.md
Automatic merge failed; fix conflicts and then commit the result.
[chain 09-28 02:08 CDT] DECISIONS.md conflict resolved by union (both sides' lines kept)
[chain 09-28 02:08 CDT] merge commit 22370276; diff 389e23f4..HEAD -- conf/code Demo:  7 files changed, 592 insertions(+), 9 deletions(-)
 conf/code/ald.py              |  39 +++++++--
 conf/code/pair_baselines.py   | 181 ++++++++++++++++++++++++++++++++++++++++++
 conf/code/pair_rotmix.py      | 160 +++++++++++++++++++++++++++++++++++++
 conf/code/run_rotmix16e4.sh   |  83 +++++++++++++++++++
 conf/code/run_s2v16e4_eval.sh |  76 ++++++++++++++++++
 conf/code/runner.py           |  11 ++-
 conf/code/testbed_s2v.py      |  51 ++++++++++++
 7 files changed, 592 insertions(+), 9 deletions(-)
[chain 09-28 02:08 CDT] B' start: code/run_rotmix16e4.sh
[chain 09-28 04:34 CDT] B' exit 0 ([rotmix 09-28 04:34 CDT] ROTMIX_EVAL_DONE ok=3 fail=0)
[chain 09-28 04:34 CDT] C start: code/run_s2v16e4_eval.sh
[chain 09-28 13:48 CDT] C exit 0 ([s2veval 09-28 13:48 CDT] S2V_EVAL_DONE ok=1 fail=0)
[chain 09-28 13:48 CDT] CHAIN_DONE
